   1              		.file	"uart_mapping.c"
   2              		.option nopic
   3              		.attribute arch, "rv64i2p0_m2p0_a2p0_c2p0"
   4              		.attribute unaligned_access, 0
   5              		.attribute stack_align, 16
   6              		.text
   7              	.Ltext0:
   8              		.cfi_sections	.debug_frame
   9              		.globl	p_uartmap_e51
  10              		.section	.sdata.p_uartmap_e51,"aw"
  11              		.align	3
  14              	p_uartmap_e51:
  15 0000 00000000 		.dword	g_mss_uart0_lo
  15      00000000 
  16              		.globl	p_uartmap_u54_1
  17              		.section	.sdata.p_uartmap_u54_1,"aw"
  18              		.align	3
  21              	p_uartmap_u54_1:
  22 0000 00000000 		.dword	g_mss_uart1_lo
  22      00000000 
  23              		.globl	p_uartmap_u54_2
  24              		.section	.sdata.p_uartmap_u54_2,"aw"
  25              		.align	3
  28              	p_uartmap_u54_2:
  29 0000 00000000 		.dword	g_mss_uart2_lo
  29      00000000 
  30              		.globl	p_uartmap_u54_3
  31              		.section	.sdata.p_uartmap_u54_3,"aw"
  32              		.align	3
  35              	p_uartmap_u54_3:
  36 0000 00000000 		.dword	g_mss_uart3_lo
  36      00000000 
  37              		.globl	p_uartmap_u54_4
  38              		.section	.sdata.p_uartmap_u54_4,"aw"
  39              		.align	3
  42              	p_uartmap_u54_4:
  43 0000 00000000 		.dword	g_mss_uart4_lo
  43      00000000 
  44              		.text
  45              	.Letext0:
  46              		.file 1 "c:\\microchip\\softconsole-v2022.2-risc-v-747\\riscv-unknown-elf-gcc\\riscv64-unknown-elf
  47              		.file 2 "c:\\microchip\\softconsole-v2022.2-risc-v-747\\riscv-unknown-elf-gcc\\riscv64-unknown-elf
  48              		.file 3 "C:\\Users\\zero6575\\Libero\\fpga_labor\\fpga_labor\\software\\mpfs-mac-mcc-stack\\src\\p
  49              		.file 4 "../src/application/inc/uart_mapping.c"
DEFINED SYMBOLS
                            *ABS*:0000000000000000 uart_mapping.c
C:\Users\zero6575\AppData\Local\Temp\ccJUekdu.s:14     .sdata.p_uartmap_e51:0000000000000000 p_uartmap_e51
C:\Users\zero6575\AppData\Local\Temp\ccJUekdu.s:21     .sdata.p_uartmap_u54_1:0000000000000000 p_uartmap_u54_1
C:\Users\zero6575\AppData\Local\Temp\ccJUekdu.s:28     .sdata.p_uartmap_u54_2:0000000000000000 p_uartmap_u54_2
C:\Users\zero6575\AppData\Local\Temp\ccJUekdu.s:35     .sdata.p_uartmap_u54_3:0000000000000000 p_uartmap_u54_3
C:\Users\zero6575\AppData\Local\Temp\ccJUekdu.s:42     .sdata.p_uartmap_u54_4:0000000000000000 p_uartmap_u54_4
C:\Users\zero6575\AppData\Local\Temp\ccJUekdu.s:732    .debug_abbrev:0000000000000000 .Ldebug_abbrev0
C:\Users\zero6575\AppData\Local\Temp\ccJUekdu.s:4296   .debug_str:0000000000003ba0 .LASF693
C:\Users\zero6575\AppData\Local\Temp\ccJUekdu.s:3516   .debug_str:000000000000159f .LASF694
C:\Users\zero6575\AppData\Local\Temp\ccJUekdu.s:3244   .debug_str:0000000000000852 .LASF695
C:\Users\zero6575\AppData\Local\Temp\ccJUekdu.s:3080   .debug_line:0000000000000000 .Ldebug_line0
C:\Users\zero6575\AppData\Local\Temp\ccJUekdu.s:1036   .debug_macro:0000000000000000 .Ldebug_macro0
C:\Users\zero6575\AppData\Local\Temp\ccJUekdu.s:4036   .debug_str:0000000000002f77 .LASF626
C:\Users\zero6575\AppData\Local\Temp\ccJUekdu.s:4182   .debug_str:000000000000363c .LASF627
C:\Users\zero6575\AppData\Local\Temp\ccJUekdu.s:3752   .debug_str:0000000000002158 .LASF628
C:\Users\zero6575\AppData\Local\Temp\ccJUekdu.s:3940   .debug_str:0000000000002aeb .LASF629
C:\Users\zero6575\AppData\Local\Temp\ccJUekdu.s:4356   .debug_str:0000000000003f68 .LASF630
C:\Users\zero6575\AppData\Local\Temp\ccJUekdu.s:4124   .debug_str:0000000000003385 .LASF634
C:\Users\zero6575\AppData\Local\Temp\ccJUekdu.s:4244   .debug_str:0000000000003985 .LASF631
C:\Users\zero6575\AppData\Local\Temp\ccJUekdu.s:3256   .debug_str:0000000000000916 .LASF632
C:\Users\zero6575\AppData\Local\Temp\ccJUekdu.s:4366   .debug_str:0000000000003fce .LASF633
C:\Users\zero6575\AppData\Local\Temp\ccJUekdu.s:4250   .debug_str:00000000000039c1 .LASF635
C:\Users\zero6575\AppData\Local\Temp\ccJUekdu.s:3192   .debug_str:00000000000005cb .LASF636
C:\Users\zero6575\AppData\Local\Temp\ccJUekdu.s:3558   .debug_str:00000000000017b4 .LASF637
C:\Users\zero6575\AppData\Local\Temp\ccJUekdu.s:3360   .debug_str:0000000000000e53 .LASF638
C:\Users\zero6575\AppData\Local\Temp\ccJUekdu.s:3172   .debug_str:00000000000004e7 .LASF639
C:\Users\zero6575\AppData\Local\Temp\ccJUekdu.s:3962   .debug_str:0000000000002be7 .LASF696
C:\Users\zero6575\AppData\Local\Temp\ccJUekdu.s:4050   .debug_str:000000000000302d .LASF640
C:\Users\zero6575\AppData\Local\Temp\ccJUekdu.s:3166   .debug_str:00000000000004b0 .LASF641
C:\Users\zero6575\AppData\Local\Temp\ccJUekdu.s:3668   .debug_str:0000000000001d7f .LASF642
C:\Users\zero6575\AppData\Local\Temp\ccJUekdu.s:3696   .debug_str:0000000000001f0a .LASF643
C:\Users\zero6575\AppData\Local\Temp\ccJUekdu.s:3432   .debug_str:00000000000011ba .LASF644
C:\Users\zero6575\AppData\Local\Temp\ccJUekdu.s:4230   .debug_str:00000000000038d3 .LASF645
C:\Users\zero6575\AppData\Local\Temp\ccJUekdu.s:3184   .debug_str:000000000000057b .LASF646
C:\Users\zero6575\AppData\Local\Temp\ccJUekdu.s:3456   .debug_str:00000000000012a7 .LASF647
C:\Users\zero6575\AppData\Local\Temp\ccJUekdu.s:4222   .debug_str:000000000000384a .LASF648
C:\Users\zero6575\AppData\Local\Temp\ccJUekdu.s:3584   .debug_str:00000000000018d9 .LASF649
C:\Users\zero6575\AppData\Local\Temp\ccJUekdu.s:3824   .debug_str:000000000000256d .LASF650
C:\Users\zero6575\AppData\Local\Temp\ccJUekdu.s:3830   .debug_str:00000000000025a2 .LASF651
C:\Users\zero6575\AppData\Local\Temp\ccJUekdu.s:3446   .debug_str:000000000000123b .LASF652
C:\Users\zero6575\AppData\Local\Temp\ccJUekdu.s:3908   .debug_str:0000000000002902 .LASF653
C:\Users\zero6575\AppData\Local\Temp\ccJUekdu.s:3274   .debug_str:0000000000000a07 .LASF654
C:\Users\zero6575\AppData\Local\Temp\ccJUekdu.s:3358   .debug_str:0000000000000e46 .LASF655
C:\Users\zero6575\AppData\Local\Temp\ccJUekdu.s:3578   .debug_str:000000000000189d .LASF656
C:\Users\zero6575\AppData\Local\Temp\ccJUekdu.s:3738   .debug_str:00000000000020e8 .LASF657
C:\Users\zero6575\AppData\Local\Temp\ccJUekdu.s:3804   .debug_str:000000000000246c .LASF658
C:\Users\zero6575\AppData\Local\Temp\ccJUekdu.s:4006   .debug_str:0000000000002e45 .LASF659
C:\Users\zero6575\AppData\Local\Temp\ccJUekdu.s:4008   .debug_str:0000000000002e4f .LASF660
C:\Users\zero6575\AppData\Local\Temp\ccJUekdu.s:4406   .debug_str:00000000000041ca .LASF661
C:\Users\zero6575\AppData\Local\Temp\ccJUekdu.s:4410   .debug_str:00000000000041e9 .LASF662
C:\Users\zero6575\AppData\Local\Temp\ccJUekdu.s:4014   .debug_str:0000000000002ea8 .LASF663
C:\Users\zero6575\AppData\Local\Temp\ccJUekdu.s:4016   .debug_str:0000000000002eb2 .LASF664
C:\Users\zero6575\AppData\Local\Temp\ccJUekdu.s:4018   .debug_str:0000000000002ebc .LASF665
C:\Users\zero6575\AppData\Local\Temp\ccJUekdu.s:4020   .debug_str:0000000000002ec6 .LASF666
C:\Users\zero6575\AppData\Local\Temp\ccJUekdu.s:4022   .debug_str:0000000000002ed0 .LASF667
C:\Users\zero6575\AppData\Local\Temp\ccJUekdu.s:4024   .debug_str:0000000000002eda .LASF668
C:\Users\zero6575\AppData\Local\Temp\ccJUekdu.s:4280   .debug_str:0000000000003b48 .LASF669
C:\Users\zero6575\AppData\Local\Temp\ccJUekdu.s:4282   .debug_str:0000000000003b53 .LASF670
C:\Users\zero6575\AppData\Local\Temp\ccJUekdu.s:4284   .debug_str:0000000000003b5e .LASF671
C:\Users\zero6575\AppData\Local\Temp\ccJUekdu.s:4286   .debug_str:0000000000003b69 .LASF672
C:\Users\zero6575\AppData\Local\Temp\ccJUekdu.s:4288   .debug_str:0000000000003b74 .LASF673
C:\Users\zero6575\AppData\Local\Temp\ccJUekdu.s:4290   .debug_str:0000000000003b7f .LASF674
C:\Users\zero6575\AppData\Local\Temp\ccJUekdu.s:4292   .debug_str:0000000000003b8a .LASF675
C:\Users\zero6575\AppData\Local\Temp\ccJUekdu.s:4294   .debug_str:0000000000003b95 .LASF676
C:\Users\zero6575\AppData\Local\Temp\ccJUekdu.s:3990   .debug_str:0000000000002d78 .LASF677
C:\Users\zero6575\AppData\Local\Temp\ccJUekdu.s:3568   .debug_str:0000000000001807 .LASF678
C:\Users\zero6575\AppData\Local\Temp\ccJUekdu.s:3858   .debug_str:00000000000026b3 .LASF679
C:\Users\zero6575\AppData\Local\Temp\ccJUekdu.s:3368   .debug_str:0000000000000e8d .LASF680
C:\Users\zero6575\AppData\Local\Temp\ccJUekdu.s:4168   .debug_str:00000000000035bb .LASF681
C:\Users\zero6575\AppData\Local\Temp\ccJUekdu.s:3560   .debug_str:00000000000017bc .LASF682
C:\Users\zero6575\AppData\Local\Temp\ccJUekdu.s:4170   .debug_str:00000000000035ca .LASF683
C:\Users\zero6575\AppData\Local\Temp\ccJUekdu.s:3562   .debug_str:00000000000017cb .LASF684
C:\Users\zero6575\AppData\Local\Temp\ccJUekdu.s:3482   .debug_str:0000000000001408 .LASF685
C:\Users\zero6575\AppData\Local\Temp\ccJUekdu.s:3780   .debug_str:00000000000022f0 .LASF686
C:\Users\zero6575\AppData\Local\Temp\ccJUekdu.s:3204   .debug_str:0000000000000688 .LASF687
C:\Users\zero6575\AppData\Local\Temp\ccJUekdu.s:3746   .debug_str:0000000000002125 .LASF688
C:\Users\zero6575\AppData\Local\Temp\ccJUekdu.s:3644   .debug_str:0000000000001c48 .LASF689
C:\Users\zero6575\AppData\Local\Temp\ccJUekdu.s:3646   .debug_str:0000000000001c58 .LASF690
C:\Users\zero6575\AppData\Local\Temp\ccJUekdu.s:3648   .debug_str:0000000000001c68 .LASF691
C:\Users\zero6575\AppData\Local\Temp\ccJUekdu.s:3650   .debug_str:0000000000001c78 .LASF692
C:\Users\zero6575\AppData\Local\Temp\ccJUekdu.s:51     .debug_info:0000000000000000 .Ldebug_info0
C:\Users\zero6575\AppData\Local\Temp\ccJUekdu.s:1138   .debug_macro:0000000000000000 .Ldebug_macro2
C:\Users\zero6575\AppData\Local\Temp\ccJUekdu.s:4060   .debug_str:0000000000003090 .LASF342
C:\Users\zero6575\AppData\Local\Temp\ccJUekdu.s:3324   .debug_str:0000000000000c7f .LASF343
C:\Users\zero6575\AppData\Local\Temp\ccJUekdu.s:2169   .debug_macro:0000000000000000 .Ldebug_macro3
C:\Users\zero6575\AppData\Local\Temp\ccJUekdu.s:4080   .debug_str:0000000000003163 .LASF397
C:\Users\zero6575\AppData\Local\Temp\ccJUekdu.s:3462   .debug_str:00000000000012e9 .LASF398
C:\Users\zero6575\AppData\Local\Temp\ccJUekdu.s:3868   .debug_str:0000000000002717 .LASF399
C:\Users\zero6575\AppData\Local\Temp\ccJUekdu.s:2333   .debug_macro:0000000000000000 .Ldebug_macro4
C:\Users\zero6575\AppData\Local\Temp\ccJUekdu.s:2353   .debug_macro:0000000000000000 .Ldebug_macro5
C:\Users\zero6575\AppData\Local\Temp\ccJUekdu.s:2418   .debug_macro:0000000000000000 .Ldebug_macro6
C:\Users\zero6575\AppData\Local\Temp\ccJUekdu.s:2459   .debug_macro:0000000000000000 .Ldebug_macro7
C:\Users\zero6575\AppData\Local\Temp\ccJUekdu.s:2581   .debug_macro:0000000000000000 .Ldebug_macro8
C:\Users\zero6575\AppData\Local\Temp\ccJUekdu.s:2637   .debug_macro:0000000000000000 .Ldebug_macro9
C:\Users\zero6575\AppData\Local\Temp\ccJUekdu.s:3506   .debug_str:000000000000152b .LASF553
C:\Users\zero6575\AppData\Local\Temp\ccJUekdu.s:2849   .debug_macro:0000000000000000 .Ldebug_macro10
C:\Users\zero6575\AppData\Local\Temp\ccJUekdu.s:3016   .debug_macro:0000000000000000 .Ldebug_macro11
C:\Users\zero6575\AppData\Local\Temp\ccJUekdu.s:3045   .debug_macro:0000000000000000 .Ldebug_macro12
C:\Users\zero6575\AppData\Local\Temp\ccJUekdu.s:3828   .debug_str:0000000000002597 .LASF0
C:\Users\zero6575\AppData\Local\Temp\ccJUekdu.s:3698   .debug_str:0000000000001f11 .LASF1
C:\Users\zero6575\AppData\Local\Temp\ccJUekdu.s:3886   .debug_str:0000000000002809 .LASF2
C:\Users\zero6575\AppData\Local\Temp\ccJUekdu.s:3292   .debug_str:0000000000000aee .LASF3
C:\Users\zero6575\AppData\Local\Temp\ccJUekdu.s:4208   .debug_str:00000000000037a5 .LASF4
C:\Users\zero6575\AppData\Local\Temp\ccJUekdu.s:3212   .debug_str:00000000000006e2 .LASF5
C:\Users\zero6575\AppData\Local\Temp\ccJUekdu.s:3180   .debug_str:0000000000000551 .LASF6
C:\Users\zero6575\AppData\Local\Temp\ccJUekdu.s:3864   .debug_str:00000000000026f2 .LASF7
C:\Users\zero6575\AppData\Local\Temp\ccJUekdu.s:4118   .debug_str:0000000000003343 .LASF8
C:\Users\zero6575\AppData\Local\Temp\ccJUekdu.s:3312   .debug_str:0000000000000bf0 .LASF9
C:\Users\zero6575\AppData\Local\Temp\ccJUekdu.s:3250   .debug_str:00000000000008dc .LASF10
C:\Users\zero6575\AppData\Local\Temp\ccJUekdu.s:3932   .debug_str:0000000000002a83 .LASF11
C:\Users\zero6575\AppData\Local\Temp\ccJUekdu.s:3230   .debug_str:00000000000007b6 .LASF12
C:\Users\zero6575\AppData\Local\Temp\ccJUekdu.s:4240   .debug_str:0000000000003958 .LASF13
C:\Users\zero6575\AppData\Local\Temp\ccJUekdu.s:3840   .debug_str:00000000000025f6 .LASF14
C:\Users\zero6575\AppData\Local\Temp\ccJUekdu.s:3768   .debug_str:0000000000002242 .LASF15
C:\Users\zero6575\AppData\Local\Temp\ccJUekdu.s:3744   .debug_str:000000000000211d .LASF16
C:\Users\zero6575\AppData\Local\Temp\ccJUekdu.s:3730   .debug_str:000000000000208e .LASF17
C:\Users\zero6575\AppData\Local\Temp\ccJUekdu.s:4010   .debug_str:0000000000002e59 .LASF18
C:\Users\zero6575\AppData\Local\Temp\ccJUekdu.s:3838   .debug_str:00000000000025e4 .LASF19
C:\Users\zero6575\AppData\Local\Temp\ccJUekdu.s:4112   .debug_str:00000000000032fd .LASF20
C:\Users\zero6575\AppData\Local\Temp\ccJUekdu.s:3200   .debug_str:0000000000000652 .LASF21
C:\Users\zero6575\AppData\Local\Temp\ccJUekdu.s:4370   .debug_str:0000000000003ffe .LASF22
C:\Users\zero6575\AppData\Local\Temp\ccJUekdu.s:3862   .debug_str:00000000000026de .LASF23
C:\Users\zero6575\AppData\Local\Temp\ccJUekdu.s:3450   .debug_str:000000000000126b .LASF24
C:\Users\zero6575\AppData\Local\Temp\ccJUekdu.s:3206   .debug_str:0000000000000697 .LASF25
C:\Users\zero6575\AppData\Local\Temp\ccJUekdu.s:4200   .debug_str:0000000000003732 .LASF26
C:\Users\zero6575\AppData\Local\Temp\ccJUekdu.s:4372   .debug_str:0000000000004011 .LASF27
C:\Users\zero6575\AppData\Local\Temp\ccJUekdu.s:3500   .debug_str:00000000000014ea .LASF28
C:\Users\zero6575\AppData\Local\Temp\ccJUekdu.s:3210   .debug_str:00000000000006c8 .LASF29
C:\Users\zero6575\AppData\Local\Temp\ccJUekdu.s:3986   .debug_str:0000000000002d35 .LASF30
C:\Users\zero6575\AppData\Local\Temp\ccJUekdu.s:4160   .debug_str:0000000000003548 .LASF31
C:\Users\zero6575\AppData\Local\Temp\ccJUekdu.s:3912   .debug_str:0000000000002930 .LASF32
C:\Users\zero6575\AppData\Local\Temp\ccJUekdu.s:4142   .debug_str:000000000000345e .LASF33
C:\Users\zero6575\AppData\Local\Temp\ccJUekdu.s:3622   .debug_str:0000000000001b0c .LASF34
C:\Users\zero6575\AppData\Local\Temp\ccJUekdu.s:4340   .debug_str:0000000000003e69 .LASF35
C:\Users\zero6575\AppData\Local\Temp\ccJUekdu.s:4186   .debug_str:000000000000366c .LASF36
C:\Users\zero6575\AppData\Local\Temp\ccJUekdu.s:3850   .debug_str:0000000000002659 .LASF37
C:\Users\zero6575\AppData\Local\Temp\ccJUekdu.s:3470   .debug_str:0000000000001356 .LASF38
C:\Users\zero6575\AppData\Local\Temp\ccJUekdu.s:3950   .debug_str:0000000000002b59 .LASF39
C:\Users\zero6575\AppData\Local\Temp\ccJUekdu.s:3202   .debug_str:0000000000000665 .LASF40
C:\Users\zero6575\AppData\Local\Temp\ccJUekdu.s:4044   .debug_str:0000000000002fdc .LASF41
C:\Users\zero6575\AppData\Local\Temp\ccJUekdu.s:4450   .debug_str:000000000000444e .LASF42
C:\Users\zero6575\AppData\Local\Temp\ccJUekdu.s:4072   .debug_str:0000000000003102 .LASF43
C:\Users\zero6575\AppData\Local\Temp\ccJUekdu.s:3234   .debug_str:00000000000007dc .LASF44
C:\Users\zero6575\AppData\Local\Temp\ccJUekdu.s:3518   .debug_str:00000000000015c5 .LASF45
C:\Users\zero6575\AppData\Local\Temp\ccJUekdu.s:3216   .debug_str:0000000000000708 .LASF46
C:\Users\zero6575\AppData\Local\Temp\ccJUekdu.s:4114   .debug_str:0000000000003314 .LASF47
C:\Users\zero6575\AppData\Local\Temp\ccJUekdu.s:3574   .debug_str:0000000000001840 .LASF48
C:\Users\zero6575\AppData\Local\Temp\ccJUekdu.s:4092   .debug_str:00000000000031d9 .LASF49
C:\Users\zero6575\AppData\Local\Temp\ccJUekdu.s:3260   .debug_str:0000000000000936 .LASF50
C:\Users\zero6575\AppData\Local\Temp\ccJUekdu.s:3262   .debug_str:0000000000000958 .LASF51
C:\Users\zero6575\AppData\Local\Temp\ccJUekdu.s:3708   .debug_str:0000000000001f8e .LASF52
C:\Users\zero6575\AppData\Local\Temp\ccJUekdu.s:3350   .debug_str:0000000000000dee .LASF53
C:\Users\zero6575\AppData\Local\Temp\ccJUekdu.s:3284   .debug_str:0000000000000a91 .LASF54
C:\Users\zero6575\AppData\Local\Temp\ccJUekdu.s:3328   .debug_str:0000000000000c9e .LASF55
C:\Users\zero6575\AppData\Local\Temp\ccJUekdu.s:3590   .debug_str:0000000000001920 .LASF56
C:\Users\zero6575\AppData\Local\Temp\ccJUekdu.s:3266   .debug_str:00000000000009a0 .LASF57
C:\Users\zero6575\AppData\Local\Temp\ccJUekdu.s:3296   .debug_str:0000000000000b1b .LASF58
C:\Users\zero6575\AppData\Local\Temp\ccJUekdu.s:3460   .debug_str:00000000000012d2 .LASF59
C:\Users\zero6575\AppData\Local\Temp\ccJUekdu.s:3566   .debug_str:00000000000017ef .LASF60
C:\Users\zero6575\AppData\Local\Temp\ccJUekdu.s:4334   .debug_str:0000000000003e21 .LASF61
C:\Users\zero6575\AppData\Local\Temp\ccJUekdu.s:3692   .debug_str:0000000000001ed2 .LASF62
C:\Users\zero6575\AppData\Local\Temp\ccJUekdu.s:3658   .debug_str:0000000000001cdb .LASF63
C:\Users\zero6575\AppData\Local\Temp\ccJUekdu.s:3626   .debug_str:0000000000001b4c .LASF64
C:\Users\zero6575\AppData\Local\Temp\ccJUekdu.s:4276   .debug_str:0000000000003b1c .LASF65
C:\Users\zero6575\AppData\Local\Temp\ccJUekdu.s:4428   .debug_str:00000000000042e2 .LASF66
C:\Users\zero6575\AppData\Local\Temp\ccJUekdu.s:3478   .debug_str:00000000000013c9 .LASF67
C:\Users\zero6575\AppData\Local\Temp\ccJUekdu.s:3798   .debug_str:000000000000241e .LASF68
C:\Users\zero6575\AppData\Local\Temp\ccJUekdu.s:4220   .debug_str:0000000000003822 .LASF69
C:\Users\zero6575\AppData\Local\Temp\ccJUekdu.s:3156   .debug_str:00000000000003f3 .LASF70
C:\Users\zero6575\AppData\Local\Temp\ccJUekdu.s:3636   .debug_str:0000000000001bf0 .LASF71
C:\Users\zero6575\AppData\Local\Temp\ccJUekdu.s:3300   .debug_str:0000000000000b5f .LASF72
C:\Users\zero6575\AppData\Local\Temp\ccJUekdu.s:3980   .debug_str:0000000000002cd5 .LASF73
C:\Users\zero6575\AppData\Local\Temp\ccJUekdu.s:3228   .debug_str:000000000000079f .LASF74
C:\Users\zero6575\AppData\Local\Temp\ccJUekdu.s:4026   .debug_str:0000000000002ee4 .LASF75
C:\Users\zero6575\AppData\Local\Temp\ccJUekdu.s:3588   .debug_str:00000000000018f9 .LASF76
C:\Users\zero6575\AppData\Local\Temp\ccJUekdu.s:4150   .debug_str:00000000000034b3 .LASF77
C:\Users\zero6575\AppData\Local\Temp\ccJUekdu.s:3286   .debug_str:0000000000000aaf .LASF78
C:\Users\zero6575\AppData\Local\Temp\ccJUekdu.s:4074   .debug_str:000000000000311c .LASF79
C:\Users\zero6575\AppData\Local\Temp\ccJUekdu.s:3872   .debug_str:000000000000274e .LASF80
C:\Users\zero6575\AppData\Local\Temp\ccJUekdu.s:3706   .debug_str:0000000000001f6a .LASF81
C:\Users\zero6575\AppData\Local\Temp\ccJUekdu.s:4304   .debug_str:0000000000003cc2 .LASF82
C:\Users\zero6575\AppData\Local\Temp\ccJUekdu.s:3856   .debug_str:00000000000026a1 .LASF83
C:\Users\zero6575\AppData\Local\Temp\ccJUekdu.s:4116   .debug_str:0000000000003331 .LASF84
C:\Users\zero6575\AppData\Local\Temp\ccJUekdu.s:4162   .debug_str:000000000000356f .LASF85
C:\Users\zero6575\AppData\Local\Temp\ccJUekdu.s:4228   .debug_str:00000000000038c1 .LASF86
C:\Users\zero6575\AppData\Local\Temp\ccJUekdu.s:3198   .debug_str:000000000000063b .LASF87
C:\Users\zero6575\AppData\Local\Temp\ccJUekdu.s:3580   .debug_str:00000000000018af .LASF88
C:\Users\zero6575\AppData\Local\Temp\ccJUekdu.s:3998   .debug_str:0000000000002dcc .LASF89
C:\Users\zero6575\AppData\Local\Temp\ccJUekdu.s:4424   .debug_str:00000000000042ae .LASF90
C:\Users\zero6575\AppData\Local\Temp\ccJUekdu.s:4212   .debug_str:00000000000037cc .LASF91
C:\Users\zero6575\AppData\Local\Temp\ccJUekdu.s:3610   .debug_str:0000000000001a57 .LASF92
C:\Users\zero6575\AppData\Local\Temp\ccJUekdu.s:3656   .debug_str:0000000000001cc6 .LASF93
C:\Users\zero6575\AppData\Local\Temp\ccJUekdu.s:4274   .debug_str:0000000000003af7 .LASF94
C:\Users\zero6575\AppData\Local\Temp\ccJUekdu.s:4040   .debug_str:0000000000002f9f .LASF95
C:\Users\zero6575\AppData\Local\Temp\ccJUekdu.s:3700   .debug_str:0000000000001f2a .LASF96
C:\Users\zero6575\AppData\Local\Temp\ccJUekdu.s:3086   .debug_str:0000000000000023 .LASF97
C:\Users\zero6575\AppData\Local\Temp\ccJUekdu.s:3922   .debug_str:00000000000029f0 .LASF98
C:\Users\zero6575\AppData\Local\Temp\ccJUekdu.s:3970   .debug_str:0000000000002c50 .LASF99
C:\Users\zero6575\AppData\Local\Temp\ccJUekdu.s:3434   .debug_str:00000000000011c4 .LASF100
C:\Users\zero6575\AppData\Local\Temp\ccJUekdu.s:3852   .debug_str:0000000000002674 .LASF101
C:\Users\zero6575\AppData\Local\Temp\ccJUekdu.s:3926   .debug_str:0000000000002a46 .LASF102
C:\Users\zero6575\AppData\Local\Temp\ccJUekdu.s:4236   .debug_str:0000000000003922 .LASF103
C:\Users\zero6575\AppData\Local\Temp\ccJUekdu.s:3682   .debug_str:0000000000001e39 .LASF104
C:\Users\zero6575\AppData\Local\Temp\ccJUekdu.s:3684   .debug_str:0000000000001e4c .LASF105
C:\Users\zero6575\AppData\Local\Temp\ccJUekdu.s:3764   .debug_str:000000000000221f .LASF106
C:\Users\zero6575\AppData\Local\Temp\ccJUekdu.s:3190   .debug_str:00000000000005a7 .LASF107
C:\Users\zero6575\AppData\Local\Temp\ccJUekdu.s:3724   .debug_str:000000000000205b .LASF108
C:\Users\zero6575\AppData\Local\Temp\ccJUekdu.s:4138   .debug_str:0000000000003440 .LASF109
C:\Users\zero6575\AppData\Local\Temp\ccJUekdu.s:3678   .debug_str:0000000000001dfc .LASF110
C:\Users\zero6575\AppData\Local\Temp\ccJUekdu.s:3294   .debug_str:0000000000000b00 .LASF111
C:\Users\zero6575\AppData\Local\Temp\ccJUekdu.s:3802   .debug_str:000000000000245d .LASF112
C:\Users\zero6575\AppData\Local\Temp\ccJUekdu.s:3352   .debug_str:0000000000000e07 .LASF113
C:\Users\zero6575\AppData\Local\Temp\ccJUekdu.s:4426   .debug_str:00000000000042c3 .LASF114
C:\Users\zero6575\AppData\Local\Temp\ccJUekdu.s:4066   .debug_str:00000000000030d3 .LASF115
C:\Users\zero6575\AppData\Local\Temp\ccJUekdu.s:4270   .debug_str:0000000000003ab6 .LASF116
C:\Users\zero6575\AppData\Local\Temp\ccJUekdu.s:3676   .debug_str:0000000000001dd4 .LASF117
C:\Users\zero6575\AppData\Local\Temp\ccJUekdu.s:4330   .debug_str:0000000000003df1 .LASF118
C:\Users\zero6575\AppData\Local\Temp\ccJUekdu.s:3496   .debug_str:00000000000014b8 .LASF119
C:\Users\zero6575\AppData\Local\Temp\ccJUekdu.s:3426   .debug_str:000000000000116d .LASF120
C:\Users\zero6575\AppData\Local\Temp\ccJUekdu.s:3866   .debug_str:0000000000002708 .LASF121
C:\Users\zero6575\AppData\Local\Temp\ccJUekdu.s:3418   .debug_str:0000000000001100 .LASF122
C:\Users\zero6575\AppData\Local\Temp\ccJUekdu.s:3934   .debug_str:0000000000002a96 .LASF123
C:\Users\zero6575\AppData\Local\Temp\ccJUekdu.s:4400   .debug_str:0000000000004179 .LASF124
C:\Users\zero6575\AppData\Local\Temp\ccJUekdu.s:3318   .debug_str:0000000000000c38 .LASF125
C:\Users\zero6575\AppData\Local\Temp\ccJUekdu.s:3786   .debug_str:0000000000002320 .LASF126
C:\Users\zero6575\AppData\Local\Temp\ccJUekdu.s:3220   .debug_str:0000000000000729 .LASF127
C:\Users\zero6575\AppData\Local\Temp\ccJUekdu.s:3208   .debug_str:00000000000006ab .LASF128
C:\Users\zero6575\AppData\Local\Temp\ccJUekdu.s:4382   .debug_str:00000000000040aa .LASF129
C:\Users\zero6575\AppData\Local\Temp\ccJUekdu.s:3394   .debug_str:0000000000000fae .LASF130
C:\Users\zero6575\AppData\Local\Temp\ccJUekdu.s:3110   .debug_str:000000000000017c .LASF131
C:\Users\zero6575\AppData\Local\Temp\ccJUekdu.s:3812   .debug_str:00000000000024e9 .LASF132
C:\Users\zero6575\AppData\Local\Temp\ccJUekdu.s:3846   .debug_str:0000000000002629 .LASF133
C:\Users\zero6575\AppData\Local\Temp\ccJUekdu.s:3152   .debug_str:00000000000003aa .LASF134
C:\Users\zero6575\AppData\Local\Temp\ccJUekdu.s:4472   .debug_str:0000000000004598 .LASF135
C:\Users\zero6575\AppData\Local\Temp\ccJUekdu.s:3542   .debug_str:00000000000016ec .LASF136
C:\Users\zero6575\AppData\Local\Temp\ccJUekdu.s:3624   .debug_str:0000000000001b2c .LASF137
C:\Users\zero6575\AppData\Local\Temp\ccJUekdu.s:4098   .debug_str:0000000000003233 .LASF138
C:\Users\zero6575\AppData\Local\Temp\ccJUekdu.s:3420   .debug_str:000000000000111c .LASF139
C:\Users\zero6575\AppData\Local\Temp\ccJUekdu.s:3122   .debug_str:0000000000000277 .LASF140
C:\Users\zero6575\AppData\Local\Temp\ccJUekdu.s:4058   .debug_str:000000000000307c .LASF141
C:\Users\zero6575\AppData\Local\Temp\ccJUekdu.s:3168   .debug_str:00000000000004b9 .LASF142
C:\Users\zero6575\AppData\Local\Temp\ccJUekdu.s:3704   .debug_str:0000000000001f5a .LASF143
C:\Users\zero6575\AppData\Local\Temp\ccJUekdu.s:3898   .debug_str:000000000000287a .LASF144
C:\Users\zero6575\AppData\Local\Temp\ccJUekdu.s:4248   .debug_str:00000000000039ab .LASF145
C:\Users\zero6575\AppData\Local\Temp\ccJUekdu.s:4326   .debug_str:0000000000003db9 .LASF146
C:\Users\zero6575\AppData\Local\Temp\ccJUekdu.s:4262   .debug_str:0000000000003a47 .LASF147
C:\Users\zero6575\AppData\Local\Temp\ccJUekdu.s:3444   .debug_str:000000000000122b .LASF148
C:\Users\zero6575\AppData\Local\Temp\ccJUekdu.s:4154   .debug_str:00000000000034e1 .LASF149
C:\Users\zero6575\AppData\Local\Temp\ccJUekdu.s:3392   .debug_str:0000000000000fa0 .LASF150
C:\Users\zero6575\AppData\Local\Temp\ccJUekdu.s:4388   .debug_str:00000000000040f4 .LASF151
C:\Users\zero6575\AppData\Local\Temp\ccJUekdu.s:3100   .debug_str:00000000000000da .LASF152
C:\Users\zero6575\AppData\Local\Temp\ccJUekdu.s:4238   .debug_str:0000000000003944 .LASF153
C:\Users\zero6575\AppData\Local\Temp\ccJUekdu.s:3592   .debug_str:0000000000001949 .LASF154
C:\Users\zero6575\AppData\Local\Temp\ccJUekdu.s:3992   .debug_str:0000000000002d89 .LASF155
C:\Users\zero6575\AppData\Local\Temp\ccJUekdu.s:3628   .debug_str:0000000000001b6e .LASF156
C:\Users\zero6575\AppData\Local\Temp\ccJUekdu.s:4252   .debug_str:00000000000039cc .LASF157
C:\Users\zero6575\AppData\Local\Temp\ccJUekdu.s:3968   .debug_str:0000000000002c16 .LASF158
C:\Users\zero6575\AppData\Local\Temp\ccJUekdu.s:4158   .debug_str:000000000000350a .LASF159
C:\Users\zero6575\AppData\Local\Temp\ccJUekdu.s:4470   .debug_str:0000000000004583 .LASF160
C:\Users\zero6575\AppData\Local\Temp\ccJUekdu.s:3816   .debug_str:0000000000002522 .LASF161
C:\Users\zero6575\AppData\Local\Temp\ccJUekdu.s:4338   .debug_str:0000000000003e51 .LASF162
C:\Users\zero6575\AppData\Local\Temp\ccJUekdu.s:3224   .debug_str:0000000000000750 .LASF163
C:\Users\zero6575\AppData\Local\Temp\ccJUekdu.s:3720   .debug_str:0000000000002031 .LASF164
C:\Users\zero6575\AppData\Local\Temp\ccJUekdu.s:3150   .debug_str:0000000000000392 .LASF165
C:\Users\zero6575\AppData\Local\Temp\ccJUekdu.s:3630   .debug_str:0000000000001ba5 .LASF166
C:\Users\zero6575\AppData\Local\Temp\ccJUekdu.s:3836   .debug_str:00000000000025cf .LASF167
C:\Users\zero6575\AppData\Local\Temp\ccJUekdu.s:4362   .debug_str:0000000000003fab .LASF168
C:\Users\zero6575\AppData\Local\Temp\ccJUekdu.s:4474   .debug_str:00000000000045b0 .LASF169
C:\Users\zero6575\AppData\Local\Temp\ccJUekdu.s:3614   .debug_str:0000000000001a91 .LASF170
C:\Users\zero6575\AppData\Local\Temp\ccJUekdu.s:3756   .debug_str:0000000000002181 .LASF171
C:\Users\zero6575\AppData\Local\Temp\ccJUekdu.s:4444   .debug_str:00000000000043df .LASF172
C:\Users\zero6575\AppData\Local\Temp\ccJUekdu.s:3120   .debug_str:000000000000022e .LASF173
C:\Users\zero6575\AppData\Local\Temp\ccJUekdu.s:4408   .debug_str:00000000000041d4 .LASF174
C:\Users\zero6575\AppData\Local\Temp\ccJUekdu.s:4328   .debug_str:0000000000003dda .LASF175
C:\Users\zero6575\AppData\Local\Temp\ccJUekdu.s:3452   .debug_str:0000000000001285 .LASF176
C:\Users\zero6575\AppData\Local\Temp\ccJUekdu.s:3136   .debug_str:0000000000000306 .LASF177
C:\Users\zero6575\AppData\Local\Temp\ccJUekdu.s:3424   .debug_str:000000000000115d .LASF178
C:\Users\zero6575\AppData\Local\Temp\ccJUekdu.s:3996   .debug_str:0000000000002db2 .LASF179
C:\Users\zero6575\AppData\Local\Temp\ccJUekdu.s:3860   .debug_str:00000000000026c2 .LASF180
C:\Users\zero6575\AppData\Local\Temp\ccJUekdu.s:3468   .debug_str:000000000000133f .LASF181
C:\Users\zero6575\AppData\Local\Temp\ccJUekdu.s:4438   .debug_str:0000000000004374 .LASF182
C:\Users\zero6575\AppData\Local\Temp\ccJUekdu.s:3362   .debug_str:0000000000000e5c .LASF183
C:\Users\zero6575\AppData\Local\Temp\ccJUekdu.s:4266   .debug_str:0000000000003a78 .LASF184
C:\Users\zero6575\AppData\Local\Temp\ccJUekdu.s:3576   .debug_str:0000000000001863 .LASF185
C:\Users\zero6575\AppData\Local\Temp\ccJUekdu.s:3276   .debug_str:0000000000000a15 .LASF186
C:\Users\zero6575\AppData\Local\Temp\ccJUekdu.s:3594   .debug_str:000000000000195f .LASF187
C:\Users\zero6575\AppData\Local\Temp\ccJUekdu.s:3302   .debug_str:0000000000000b72 .LASF188
C:\Users\zero6575\AppData\Local\Temp\ccJUekdu.s:4462   .debug_str:0000000000004535 .LASF189
C:\Users\zero6575\AppData\Local\Temp\ccJUekdu.s:3896   .debug_str:0000000000002862 .LASF190
C:\Users\zero6575\AppData\Local\Temp\ccJUekdu.s:4070   .debug_str:00000000000030e9 .LASF191
C:\Users\zero6575\AppData\Local\Temp\ccJUekdu.s:3126   .debug_str:00000000000002b2 .LASF192
C:\Users\zero6575\AppData\Local\Temp\ccJUekdu.s:3640   .debug_str:0000000000001c21 .LASF193
C:\Users\zero6575\AppData\Local\Temp\ccJUekdu.s:3632   .debug_str:0000000000001bbf .LASF194
C:\Users\zero6575\AppData\Local\Temp\ccJUekdu.s:3278   .debug_str:0000000000000a4f .LASF195
C:\Users\zero6575\AppData\Local\Temp\ccJUekdu.s:3710   .debug_str:0000000000001fad .LASF196
C:\Users\zero6575\AppData\Local\Temp\ccJUekdu.s:4420   .debug_str:0000000000004288 .LASF197
C:\Users\zero6575\AppData\Local\Temp\ccJUekdu.s:3570   .debug_str:0000000000001816 .LASF198
C:\Users\zero6575\AppData\Local\Temp\ccJUekdu.s:3226   .debug_str:0000000000000764 .LASF199
C:\Users\zero6575\AppData\Local\Temp\ccJUekdu.s:4442   .debug_str:00000000000043a4 .LASF200
C:\Users\zero6575\AppData\Local\Temp\ccJUekdu.s:4012   .debug_str:0000000000002e6a .LASF201
C:\Users\zero6575\AppData\Local\Temp\ccJUekdu.s:3918   .debug_str:0000000000002995 .LASF202
C:\Users\zero6575\AppData\Local\Temp\ccJUekdu.s:3378   .debug_str:0000000000000f02 .LASF203
C:\Users\zero6575\AppData\Local\Temp\ccJUekdu.s:3092   .debug_str:000000000000008c .LASF204
C:\Users\zero6575\AppData\Local\Temp\ccJUekdu.s:3414   .debug_str:00000000000010d0 .LASF205
C:\Users\zero6575\AppData\Local\Temp\ccJUekdu.s:4466   .debug_str:0000000000004557 .LASF206
C:\Users\zero6575\AppData\Local\Temp\ccJUekdu.s:3308   .debug_str:0000000000000bd5 .LASF207
C:\Users\zero6575\AppData\Local\Temp\ccJUekdu.s:4322   .debug_str:0000000000003d8b .LASF208
C:\Users\zero6575\AppData\Local\Temp\ccJUekdu.s:3554   .debug_str:0000000000001778 .LASF209
C:\Users\zero6575\AppData\Local\Temp\ccJUekdu.s:3098   .debug_str:00000000000000c3 .LASF210
C:\Users\zero6575\AppData\Local\Temp\ccJUekdu.s:3498   .debug_str:00000000000014d1 .LASF211
C:\Users\zero6575\AppData\Local\Temp\ccJUekdu.s:3616   .debug_str:0000000000001ad3 .LASF212
C:\Users\zero6575\AppData\Local\Temp\ccJUekdu.s:3776   .debug_str:0000000000002299 .LASF213
C:\Users\zero6575\AppData\Local\Temp\ccJUekdu.s:3196   .debug_str:00000000000005ff .LASF214
C:\Users\zero6575\AppData\Local\Temp\ccJUekdu.s:3404   .debug_str:0000000000001037 .LASF215
C:\Users\zero6575\AppData\Local\Temp\ccJUekdu.s:4414   .debug_str:0000000000004205 .LASF216
C:\Users\zero6575\AppData\Local\Temp\ccJUekdu.s:3642   .debug_str:0000000000001c31 .LASF217
C:\Users\zero6575\AppData\Local\Temp\ccJUekdu.s:3464   .debug_str:0000000000001304 .LASF218
C:\Users\zero6575\AppData\Local\Temp\ccJUekdu.s:3088   .debug_str:0000000000000041 .LASF219
C:\Users\zero6575\AppData\Local\Temp\ccJUekdu.s:3132   .debug_str:00000000000002d9 .LASF220
C:\Users\zero6575\AppData\Local\Temp\ccJUekdu.s:3572   .debug_str:000000000000182e .LASF221
C:\Users\zero6575\AppData\Local\Temp\ccJUekdu.s:3410   .debug_str:00000000000010a4 .LASF222
C:\Users\zero6575\AppData\Local\Temp\ccJUekdu.s:3910   .debug_str:0000000000002912 .LASF223
C:\Users\zero6575\AppData\Local\Temp\ccJUekdu.s:3442   .debug_str:0000000000001212 .LASF224
C:\Users\zero6575\AppData\Local\Temp\ccJUekdu.s:3550   .debug_str:000000000000173e .LASF225
C:\Users\zero6575\AppData\Local\Temp\ccJUekdu.s:4164   .debug_str:0000000000003580 .LASF226
C:\Users\zero6575\AppData\Local\Temp\ccJUekdu.s:3344   .debug_str:0000000000000d75 .LASF227
C:\Users\zero6575\AppData\Local\Temp\ccJUekdu.s:3664   .debug_str:0000000000001d2f .LASF228
C:\Users\zero6575\AppData\Local\Temp\ccJUekdu.s:4106   .debug_str:0000000000003286 .LASF229
C:\Users\zero6575\AppData\Local\Temp\ccJUekdu.s:4376   .debug_str:0000000000004033 .LASF230
C:\Users\zero6575\AppData\Local\Temp\ccJUekdu.s:4458   .debug_str:0000000000004501 .LASF231
C:\Users\zero6575\AppData\Local\Temp\ccJUekdu.s:3638   .debug_str:0000000000001c07 .LASF232
C:\Users\zero6575\AppData\Local\Temp\ccJUekdu.s:3340   .debug_str:0000000000000d42 .LASF233
C:\Users\zero6575\AppData\Local\Temp\ccJUekdu.s:3740   .debug_str:00000000000020f2 .LASF234
C:\Users\zero6575\AppData\Local\Temp\ccJUekdu.s:3736   .debug_str:00000000000020d6 .LASF235
C:\Users\zero6575\AppData\Local\Temp\ccJUekdu.s:4054   .debug_str:000000000000304d .LASF236
C:\Users\zero6575\AppData\Local\Temp\ccJUekdu.s:4032   .debug_str:0000000000002f40 .LASF237
C:\Users\zero6575\AppData\Local\Temp\ccJUekdu.s:3108   .debug_str:0000000000000164 .LASF238
C:\Users\zero6575\AppData\Local\Temp\ccJUekdu.s:4404   .debug_str:00000000000041b0 .LASF239
C:\Users\zero6575\AppData\Local\Temp\ccJUekdu.s:3148   .debug_str:0000000000000378 .LASF240
C:\Users\zero6575\AppData\Local\Temp\ccJUekdu.s:3158   .debug_str:0000000000000425 .LASF241
C:\Users\zero6575\AppData\Local\Temp\ccJUekdu.s:3796   .debug_str:00000000000023e0 .LASF242
C:\Users\zero6575\AppData\Local\Temp\ccJUekdu.s:3598   .debug_str:00000000000019c4 .LASF243
C:\Users\zero6575\AppData\Local\Temp\ccJUekdu.s:4226   .debug_str:000000000000387c .LASF244
C:\Users\zero6575\AppData\Local\Temp\ccJUekdu.s:3652   .debug_str:0000000000001c88 .LASF245
C:\Users\zero6575\AppData\Local\Temp\ccJUekdu.s:3322   .debug_str:0000000000000c65 .LASF246
C:\Users\zero6575\AppData\Local\Temp\ccJUekdu.s:4360   .debug_str:0000000000003f90 .LASF247
C:\Users\zero6575\AppData\Local\Temp\ccJUekdu.s:3848   .debug_str:0000000000002641 .LASF248
C:\Users\zero6575\AppData\Local\Temp\ccJUekdu.s:3522   .debug_str:00000000000015f7 .LASF249
C:\Users\zero6575\AppData\Local\Temp\ccJUekdu.s:3386   .debug_str:0000000000000f5a .LASF250
C:\Users\zero6575\AppData\Local\Temp\ccJUekdu.s:3538   .debug_str:00000000000016c3 .LASF251
C:\Users\zero6575\AppData\Local\Temp\ccJUekdu.s:3248   .debug_str:00000000000008c3 .LASF252
C:\Users\zero6575\AppData\Local\Temp\ccJUekdu.s:3754   .debug_str:0000000000002166 .LASF253
C:\Users\zero6575\AppData\Local\Temp\ccJUekdu.s:3938   .debug_str:0000000000002ad1 .LASF254
C:\Users\zero6575\AppData\Local\Temp\ccJUekdu.s:3794   .debug_str:00000000000023a1 .LASF255
C:\Users\zero6575\AppData\Local\Temp\ccJUekdu.s:4002   .debug_str:0000000000002df4 .LASF256
C:\Users\zero6575\AppData\Local\Temp\ccJUekdu.s:3116   .debug_str:00000000000001d3 .LASF257
C:\Users\zero6575\AppData\Local\Temp\ccJUekdu.s:3102   .debug_str:00000000000000f3 .LASF258
C:\Users\zero6575\AppData\Local\Temp\ccJUekdu.s:3124   .debug_str:000000000000029a .LASF259
C:\Users\zero6575\AppData\Local\Temp\ccJUekdu.s:4048   .debug_str:0000000000003013 .LASF260
C:\Users\zero6575\AppData\Local\Temp\ccJUekdu.s:3814   .debug_str:0000000000002507 .LASF261
C:\Users\zero6575\AppData\Local\Temp\ccJUekdu.s:3914   .debug_str:000000000000295d .LASF262
C:\Users\zero6575\AppData\Local\Temp\ccJUekdu.s:4246   .debug_str:0000000000003993 .LASF263
C:\Users\zero6575\AppData\Local\Temp\ccJUekdu.s:3524   .debug_str:0000000000001609 .LASF264
C:\Users\zero6575\AppData\Local\Temp\ccJUekdu.s:4096   .debug_str:000000000000321d .LASF265
C:\Users\zero6575\AppData\Local\Temp\ccJUekdu.s:3702   .debug_str:0000000000001f3e .LASF266
C:\Users\zero6575\AppData\Local\Temp\ccJUekdu.s:3808   .debug_str:00000000000024a9 .LASF267
C:\Users\zero6575\AppData\Local\Temp\ccJUekdu.s:3810   .debug_str:00000000000024c2 .LASF268
C:\Users\zero6575\AppData\Local\Temp\ccJUekdu.s:4468   .debug_str:000000000000456d .LASF269
C:\Users\zero6575\AppData\Local\Temp\ccJUekdu.s:3920   .debug_str:00000000000029d7 .LASF270
C:\Users\zero6575\AppData\Local\Temp\ccJUekdu.s:4028   .debug_str:0000000000002f05 .LASF271
C:\Users\zero6575\AppData\Local\Temp\ccJUekdu.s:4440   .debug_str:000000000000438d .LASF272
C:\Users\zero6575\AppData\Local\Temp\ccJUekdu.s:3480   .debug_str:00000000000013e2 .LASF273
C:\Users\zero6575\AppData\Local\Temp\ccJUekdu.s:3118   .debug_str:0000000000000214 .LASF274
C:\Users\zero6575\AppData\Local\Temp\ccJUekdu.s:3090   .debug_str:000000000000005b .LASF275
C:\Users\zero6575\AppData\Local\Temp\ccJUekdu.s:3510   .debug_str:0000000000001554 .LASF276
C:\Users\zero6575\AppData\Local\Temp\ccJUekdu.s:3430   .debug_str:000000000000119f .LASF277
C:\Users\zero6575\AppData\Local\Temp\ccJUekdu.s:3882   .debug_str:00000000000027de .LASF278
C:\Users\zero6575\AppData\Local\Temp\ccJUekdu.s:4052   .debug_str:0000000000003034 .LASF279
C:\Users\zero6575\AppData\Local\Temp\ccJUekdu.s:4394   .debug_str:0000000000004122 .LASF280
C:\Users\zero6575\AppData\Local\Temp\ccJUekdu.s:3436   .debug_str:00000000000011d6 .LASF281
C:\Users\zero6575\AppData\Local\Temp\ccJUekdu.s:4346   .debug_str:0000000000003eaa .LASF282
C:\Users\zero6575\AppData\Local\Temp\ccJUekdu.s:3618   .debug_str:0000000000001aec .LASF283
C:\Users\zero6575\AppData\Local\Temp\ccJUekdu.s:4180   .debug_str:0000000000003625 .LASF284
C:\Users\zero6575\AppData\Local\Temp\ccJUekdu.s:3582   .debug_str:00000000000018c2 .LASF285
C:\Users\zero6575\AppData\Local\Temp\ccJUekdu.s:3606   .debug_str:0000000000001a36 .LASF286
C:\Users\zero6575\AppData\Local\Temp\ccJUekdu.s:4030   .debug_str:0000000000002f1b .LASF287
C:\Users\zero6575\AppData\Local\Temp\ccJUekdu.s:3336   .debug_str:0000000000000d00 .LASF288
C:\Users\zero6575\AppData\Local\Temp\ccJUekdu.s:3762   .debug_str:0000000000002201 .LASF289
C:\Users\zero6575\AppData\Local\Temp\ccJUekdu.s:3712   .debug_str:0000000000001fc3 .LASF290
C:\Users\zero6575\AppData\Local\Temp\ccJUekdu.s:3154   .debug_str:00000000000003d1 .LASF291
C:\Users\zero6575\AppData\Local\Temp\ccJUekdu.s:4188   .debug_str:000000000000367f .LASF292
C:\Users\zero6575\AppData\Local\Temp\ccJUekdu.s:3982   .debug_str:0000000000002ce9 .LASF293
C:\Users\zero6575\AppData\Local\Temp\ccJUekdu.s:4310   .debug_str:0000000000003cf6 .LASF294
C:\Users\zero6575\AppData\Local\Temp\ccJUekdu.s:3484   .debug_str:0000000000001417 .LASF295
C:\Users\zero6575\AppData\Local\Temp\ccJUekdu.s:3734   .debug_str:00000000000020b8 .LASF296
C:\Users\zero6575\AppData\Local\Temp\ccJUekdu.s:3268   .debug_str:00000000000009c3 .LASF297
C:\Users\zero6575\AppData\Local\Temp\ccJUekdu.s:3112   .debug_str:0000000000000194 .LASF298
C:\Users\zero6575\AppData\Local\Temp\ccJUekdu.s:4166   .debug_str:000000000000359a .LASF299
C:\Users\zero6575\AppData\Local\Temp\ccJUekdu.s:4332   .debug_str:0000000000003e05 .LASF300
C:\Users\zero6575\AppData\Local\Temp\ccJUekdu.s:4448   .debug_str:0000000000004432 .LASF301
C:\Users\zero6575\AppData\Local\Temp\ccJUekdu.s:3330   .debug_str:0000000000000cc1 .LASF302
C:\Users\zero6575\AppData\Local\Temp\ccJUekdu.s:3904   .debug_str:00000000000028c9 .LASF303
C:\Users\zero6575\AppData\Local\Temp\ccJUekdu.s:3162   .debug_str:000000000000047d .LASF304
C:\Users\zero6575\AppData\Local\Temp\ccJUekdu.s:3504   .debug_str:0000000000001514 .LASF305
C:\Users\zero6575\AppData\Local\Temp\ccJUekdu.s:4344   .debug_str:0000000000003ea0 .LASF306
C:\Users\zero6575\AppData\Local\Temp\ccJUekdu.s:3138   .debug_str:000000000000031c .LASF307
C:\Users\zero6575\AppData\Local\Temp\ccJUekdu.s:3672   .debug_str:0000000000001d96 .LASF308
C:\Users\zero6575\AppData\Local\Temp\ccJUekdu.s:3280   .debug_str:0000000000000a6a .LASF309
C:\Users\zero6575\AppData\Local\Temp\ccJUekdu.s:4064   .debug_str:00000000000030c5 .LASF310
C:\Users\zero6575\AppData\Local\Temp\ccJUekdu.s:3304   .debug_str:0000000000000bb3 .LASF311
C:\Users\zero6575\AppData\Local\Temp\ccJUekdu.s:3892   .debug_str:0000000000002841 .LASF312
C:\Users\zero6575\AppData\Local\Temp\ccJUekdu.s:4176   .debug_str:0000000000003602 .LASF313
C:\Users\zero6575\AppData\Local\Temp\ccJUekdu.s:3146   .debug_str:0000000000000360 .LASF314
C:\Users\zero6575\AppData\Local\Temp\ccJUekdu.s:4396   .debug_str:000000000000415c .LASF315
C:\Users\zero6575\AppData\Local\Temp\ccJUekdu.s:3726   .debug_str:0000000000002073 .LASF316
C:\Users\zero6575\AppData\Local\Temp\ccJUekdu.s:4174   .debug_str:00000000000035ed .LASF317
C:\Users\zero6575\AppData\Local\Temp\ccJUekdu.s:3718   .debug_str:000000000000201b .LASF318
C:\Users\zero6575\AppData\Local\Temp\ccJUekdu.s:4300   .debug_str:0000000000003c8e .LASF319
C:\Users\zero6575\AppData\Local\Temp\ccJUekdu.s:3388   .debug_str:0000000000000f76 .LASF320
C:\Users\zero6575\AppData\Local\Temp\ccJUekdu.s:3466   .debug_str:000000000000131d .LASF321
C:\Users\zero6575\AppData\Local\Temp\ccJUekdu.s:3494   .debug_str:00000000000014ae .LASF322
C:\Users\zero6575\AppData\Local\Temp\ccJUekdu.s:3878   .debug_str:00000000000027a5 .LASF323
C:\Users\zero6575\AppData\Local\Temp\ccJUekdu.s:3134   .debug_str:00000000000002f1 .LASF324
C:\Users\zero6575\AppData\Local\Temp\ccJUekdu.s:3688   .debug_str:0000000000001e8d .LASF325
C:\Users\zero6575\AppData\Local\Temp\ccJUekdu.s:3384   .debug_str:0000000000000f35 .LASF326
C:\Users\zero6575\AppData\Local\Temp\ccJUekdu.s:4214   .debug_str:00000000000037de .LASF327
C:\Users\zero6575\AppData\Local\Temp\ccJUekdu.s:3942   .debug_str:0000000000002af7 .LASF328
C:\Users\zero6575\AppData\Local\Temp\ccJUekdu.s:4000   .debug_str:0000000000002dde .LASF329
C:\Users\zero6575\AppData\Local\Temp\ccJUekdu.s:4324   .debug_str:0000000000003da5 .LASF330
C:\Users\zero6575\AppData\Local\Temp\ccJUekdu.s:3390   .debug_str:0000000000000f8f .LASF331
C:\Users\zero6575\AppData\Local\Temp\ccJUekdu.s:3770   .debug_str:0000000000002259 .LASF332
C:\Users\zero6575\AppData\Local\Temp\ccJUekdu.s:3082   .debug_str:0000000000000000 .LASF333
C:\Users\zero6575\AppData\Local\Temp\ccJUekdu.s:3782   .debug_str:00000000000022ff .LASF334
C:\Users\zero6575\AppData\Local\Temp\ccJUekdu.s:4140   .debug_str:000000000000344e .LASF335
C:\Users\zero6575\AppData\Local\Temp\ccJUekdu.s:4046   .debug_str:0000000000002ff9 .LASF336
C:\Users\zero6575\AppData\Local\Temp\ccJUekdu.s:4264   .debug_str:0000000000003a5d .LASF337
C:\Users\zero6575\AppData\Local\Temp\ccJUekdu.s:4194   .debug_str:00000000000036e9 .LASF338
C:\Users\zero6575\AppData\Local\Temp\ccJUekdu.s:3084   .debug_str:000000000000000d .LASF339
C:\Users\zero6575\AppData\Local\Temp\ccJUekdu.s:3254   .debug_str:0000000000000907 .LASF340
C:\Users\zero6575\AppData\Local\Temp\ccJUekdu.s:4104   .debug_str:000000000000326f .LASF341
C:\Users\zero6575\AppData\Local\Temp\ccJUekdu.s:3140   .debug_str:0000000000000331 .LASF344
C:\Users\zero6575\AppData\Local\Temp\ccJUekdu.s:4306   .debug_str:0000000000003ce4 .LASF345
C:\Users\zero6575\AppData\Local\Temp\ccJUekdu.s:4434   .debug_str:000000000000434a .LASF346
C:\Users\zero6575\AppData\Local\Temp\ccJUekdu.s:3844   .debug_str:000000000000261d .LASF347
C:\Users\zero6575\AppData\Local\Temp\ccJUekdu.s:3954   .debug_str:0000000000002b9f .LASF348
C:\Users\zero6575\AppData\Local\Temp\ccJUekdu.s:4364   .debug_str:0000000000003fc2 .LASF349
C:\Users\zero6575\AppData\Local\Temp\ccJUekdu.s:3514   .debug_str:0000000000001592 .LASF350
C:\Users\zero6575\AppData\Local\Temp\ccJUekdu.s:4390   .debug_str:000000000000410b .LASF351
C:\Users\zero6575\AppData\Local\Temp\ccJUekdu.s:3894   .debug_str:0000000000002851 .LASF352
C:\Users\zero6575\AppData\Local\Temp\ccJUekdu.s:4128   .debug_str:00000000000033a7 .LASF353
C:\Users\zero6575\AppData\Local\Temp\ccJUekdu.s:4084   .debug_str:0000000000003188 .LASF354
C:\Users\zero6575\AppData\Local\Temp\ccJUekdu.s:3246   .debug_str:00000000000008ae .LASF355
C:\Users\zero6575\AppData\Local\Temp\ccJUekdu.s:3222   .debug_str:000000000000073f .LASF356
C:\Users\zero6575\AppData\Local\Temp\ccJUekdu.s:4464   .debug_str:000000000000454b .LASF357
C:\Users\zero6575\AppData\Local\Temp\ccJUekdu.s:3670   .debug_str:0000000000001d8a .LASF358
C:\Users\zero6575\AppData\Local\Temp\ccJUekdu.s:3170   .debug_str:00000000000004de .LASF359
C:\Users\zero6575\AppData\Local\Temp\ccJUekdu.s:4378   .debug_str:0000000000004079 .LASF360
C:\Users\zero6575\AppData\Local\Temp\ccJUekdu.s:3818   .debug_str:0000000000002539 .LASF361
C:\Users\zero6575\AppData\Local\Temp\ccJUekdu.s:4120   .debug_str:0000000000003357 .LASF362
C:\Users\zero6575\AppData\Local\Temp\ccJUekdu.s:3454   .debug_str:000000000000129d .LASF363
C:\Users\zero6575\AppData\Local\Temp\ccJUekdu.s:4278   .debug_str:0000000000003b3e .LASF364
C:\Users\zero6575\AppData\Local\Temp\ccJUekdu.s:4086   .debug_str:0000000000003198 .LASF365
C:\Users\zero6575\AppData\Local\Temp\ccJUekdu.s:4004   .debug_str:0000000000002e33 .LASF366
C:\Users\zero6575\AppData\Local\Temp\ccJUekdu.s:3608   .debug_str:0000000000001a46 .LASF367
C:\Users\zero6575\AppData\Local\Temp\ccJUekdu.s:3416   .debug_str:00000000000010ea .LASF368
C:\Users\zero6575\AppData\Local\Temp\ccJUekdu.s:3242   .debug_str:0000000000000840 .LASF369
C:\Users\zero6575\AppData\Local\Temp\ccJUekdu.s:4204   .debug_str:000000000000376e .LASF370
C:\Users\zero6575\AppData\Local\Temp\ccJUekdu.s:3188   .debug_str:000000000000059a .LASF371
C:\Users\zero6575\AppData\Local\Temp\ccJUekdu.s:4374   .debug_str:000000000000402a .LASF372
C:\Users\zero6575\AppData\Local\Temp\ccJUekdu.s:4392   .debug_str:0000000000004118 .LASF373
C:\Users\zero6575\AppData\Local\Temp\ccJUekdu.s:3956   .debug_str:0000000000002bac .LASF374
C:\Users\zero6575\AppData\Local\Temp\ccJUekdu.s:3534   .debug_str:0000000000001690 .LASF375
C:\Users\zero6575\AppData\Local\Temp\ccJUekdu.s:3502   .debug_str:0000000000001507 .LASF376
C:\Users\zero6575\AppData\Local\Temp\ccJUekdu.s:4256   .debug_str:0000000000003a14 .LASF377
C:\Users\zero6575\AppData\Local\Temp\ccJUekdu.s:3966   .debug_str:0000000000002c0b .LASF378
C:\Users\zero6575\AppData\Local\Temp\ccJUekdu.s:4216   .debug_str:00000000000037f4 .LASF379
C:\Users\zero6575\AppData\Local\Temp\ccJUekdu.s:3750   .debug_str:000000000000214d .LASF380
C:\Users\zero6575\AppData\Local\Temp\ccJUekdu.s:3620   .debug_str:0000000000001b01 .LASF381
C:\Users\zero6575\AppData\Local\Temp\ccJUekdu.s:3370   .debug_str:0000000000000e9c .LASF382
C:\Users\zero6575\AppData\Local\Temp\ccJUekdu.s:3104   .debug_str:0000000000000139 .LASF383
C:\Users\zero6575\AppData\Local\Temp\ccJUekdu.s:3784   .debug_str:000000000000230e .LASF384
C:\Users\zero6575\AppData\Local\Temp\ccJUekdu.s:3130   .debug_str:00000000000002cd .LASF385
C:\Users\zero6575\AppData\Local\Temp\ccJUekdu.s:3964   .debug_str:0000000000002bf9 .LASF386
C:\Users\zero6575\AppData\Local\Temp\ccJUekdu.s:3096   .debug_str:00000000000000b2 .LASF387
C:\Users\zero6575\AppData\Local\Temp\ccJUekdu.s:3930   .debug_str:0000000000002a75 .LASF388
C:\Users\zero6575\AppData\Local\Temp\ccJUekdu.s:3376   .debug_str:0000000000000eef .LASF389
C:\Users\zero6575\AppData\Local\Temp\ccJUekdu.s:3178   .debug_str:0000000000000543 .LASF390
C:\Users\zero6575\AppData\Local\Temp\ccJUekdu.s:3714   .debug_str:0000000000001fe1 .LASF391
C:\Users\zero6575\AppData\Local\Temp\ccJUekdu.s:3548   .debug_str:0000000000001739 .LASF392
C:\Users\zero6575\AppData\Local\Temp\ccJUekdu.s:3600   .debug_str:0000000000001a05 .LASF393
C:\Users\zero6575\AppData\Local\Temp\ccJUekdu.s:3888   .debug_str:000000000000281b .LASF394
C:\Users\zero6575\AppData\Local\Temp\ccJUekdu.s:4350   .debug_str:0000000000003f0d .LASF395
C:\Users\zero6575\AppData\Local\Temp\ccJUekdu.s:4412   .debug_str:00000000000041f3 .LASF396
C:\Users\zero6575\AppData\Local\Temp\ccJUekdu.s:3258   .debug_str:0000000000000920 .LASF400
C:\Users\zero6575\AppData\Local\Temp\ccJUekdu.s:3186   .debug_str:0000000000000582 .LASF401
C:\Users\zero6575\AppData\Local\Temp\ccJUekdu.s:3272   .debug_str:00000000000009fa .LASF402
C:\Users\zero6575\AppData\Local\Temp\ccJUekdu.s:3232   .debug_str:00000000000007c9 .LASF403
C:\Users\zero6575\AppData\Local\Temp\ccJUekdu.s:3634   .debug_str:0000000000001bd8 .LASF404
C:\Users\zero6575\AppData\Local\Temp\ccJUekdu.s:4454   .debug_str:0000000000004485 .LASF405
C:\Users\zero6575\AppData\Local\Temp\ccJUekdu.s:3976   .debug_str:0000000000002c9f .LASF406
C:\Users\zero6575\AppData\Local\Temp\ccJUekdu.s:4148   .debug_str:00000000000034a3 .LASF407
C:\Users\zero6575\AppData\Local\Temp\ccJUekdu.s:4136   .debug_str:000000000000342e .LASF408
C:\Users\zero6575\AppData\Local\Temp\ccJUekdu.s:4422   .debug_str:00000000000042a0 .LASF409
C:\Users\zero6575\AppData\Local\Temp\ccJUekdu.s:4312   .debug_str:0000000000003d15 .LASF410
C:\Users\zero6575\AppData\Local\Temp\ccJUekdu.s:4108   .debug_str:00000000000032c7 .LASF411
C:\Users\zero6575\AppData\Local\Temp\ccJUekdu.s:3854   .debug_str:0000000000002689 .LASF412
C:\Users\zero6575\AppData\Local\Temp\ccJUekdu.s:3326   .debug_str:0000000000000c8f .LASF413
C:\Users\zero6575\AppData\Local\Temp\ccJUekdu.s:3348   .debug_str:0000000000000ddd .LASF414
C:\Users\zero6575\AppData\Local\Temp\ccJUekdu.s:3440   .debug_str:00000000000011ff .LASF415
C:\Users\zero6575\AppData\Local\Temp\ccJUekdu.s:3544   .debug_str:000000000000170b .LASF416
C:\Users\zero6575\AppData\Local\Temp\ccJUekdu.s:4102   .debug_str:000000000000325f .LASF417
C:\Users\zero6575\AppData\Local\Temp\ccJUekdu.s:4156   .debug_str:00000000000034f5 .LASF418
C:\Users\zero6575\AppData\Local\Temp\ccJUekdu.s:4076   .debug_str:0000000000003135 .LASF419
C:\Users\zero6575\AppData\Local\Temp\ccJUekdu.s:4254   .debug_str:0000000000003a03 .LASF420
C:\Users\zero6575\AppData\Local\Temp\ccJUekdu.s:4144   .debug_str:0000000000003473 .LASF421
C:\Users\zero6575\AppData\Local\Temp\ccJUekdu.s:3666   .debug_str:0000000000001d6e .LASF422
C:\Users\zero6575\AppData\Local\Temp\ccJUekdu.s:3412   .debug_str:00000000000010c0 .LASF423
C:\Users\zero6575\AppData\Local\Temp\ccJUekdu.s:3972   .debug_str:0000000000002c68 .LASF424
C:\Users\zero6575\AppData\Local\Temp\ccJUekdu.s:3586   .debug_str:00000000000018e4 .LASF425
C:\Users\zero6575\AppData\Local\Temp\ccJUekdu.s:4172   .debug_str:00000000000035d9 .LASF426
C:\Users\zero6575\AppData\Local\Temp\ccJUekdu.s:3528   .debug_str:0000000000001641 .LASF427
C:\Users\zero6575\AppData\Local\Temp\ccJUekdu.s:4056   .debug_str:0000000000003068 .LASF428
C:\Users\zero6575\AppData\Local\Temp\ccJUekdu.s:3728   .debug_str:0000000000002079 .LASF429
C:\Users\zero6575\AppData\Local\Temp\ccJUekdu.s:3564   .debug_str:00000000000017da .LASF430
C:\Users\zero6575\AppData\Local\Temp\ccJUekdu.s:3508   .debug_str:000000000000153f .LASF431
C:\Users\zero6575\AppData\Local\Temp\ccJUekdu.s:4314   .debug_str:0000000000003d25 .LASF432
C:\Users\zero6575\AppData\Local\Temp\ccJUekdu.s:3694   .debug_str:0000000000001eef .LASF433
C:\Users\zero6575\AppData\Local\Temp\ccJUekdu.s:3722   .debug_str:0000000000002040 .LASF434
C:\Users\zero6575\AppData\Local\Temp\ccJUekdu.s:4088   .debug_str:00000000000031a6 .LASF435
C:\Users\zero6575\AppData\Local\Temp\ccJUekdu.s:4308   .debug_str:0000000000003cf0 .LASF436
C:\Users\zero6575\AppData\Local\Temp\ccJUekdu.s:3662   .debug_str:0000000000001d1f .LASF437
C:\Users\zero6575\AppData\Local\Temp\ccJUekdu.s:3800   .debug_str:0000000000002441 .LASF438
C:\Users\zero6575\AppData\Local\Temp\ccJUekdu.s:4068   .debug_str:00000000000030e2 .LASF439
C:\Users\zero6575\AppData\Local\Temp\ccJUekdu.s:3356   .debug_str:0000000000000e3d .LASF440
C:\Users\zero6575\AppData\Local\Temp\ccJUekdu.s:3128   .debug_str:00000000000002c8 .LASF441
C:\Users\zero6575\AppData\Local\Temp\ccJUekdu.s:3604   .debug_str:0000000000001a30 .LASF442
C:\Users\zero6575\AppData\Local\Temp\ccJUekdu.s:3832   .debug_str:00000000000025ae .LASF443
C:\Users\zero6575\AppData\Local\Temp\ccJUekdu.s:3142   .debug_str:000000000000033c .LASF444
C:\Users\zero6575\AppData\Local\Temp\ccJUekdu.s:3396   .debug_str:0000000000000fcc .LASF445
C:\Users\zero6575\AppData\Local\Temp\ccJUekdu.s:3406   .debug_str:0000000000001076 .LASF446
C:\Users\zero6575\AppData\Local\Temp\ccJUekdu.s:4318   .debug_str:0000000000003d63 .LASF447
C:\Users\zero6575\AppData\Local\Temp\ccJUekdu.s:3288   .debug_str:0000000000000ad2 .LASF448
C:\Users\zero6575\AppData\Local\Temp\ccJUekdu.s:3218   .debug_str:0000000000000720 .LASF449
C:\Users\zero6575\AppData\Local\Temp\ccJUekdu.s:3540   .debug_str:00000000000016e1 .LASF450
C:\Users\zero6575\AppData\Local\Temp\ccJUekdu.s:3316   .debug_str:0000000000000c2b .LASF451
C:\Users\zero6575\AppData\Local\Temp\ccJUekdu.s:3366   .debug_str:0000000000000e86 .LASF452
C:\Users\zero6575\AppData\Local\Temp\ccJUekdu.s:3766   .debug_str:000000000000223a .LASF453
C:\Users\zero6575\AppData\Local\Temp\ccJUekdu.s:3306   .debug_str:0000000000000bc4 .LASF454
C:\Users\zero6575\AppData\Local\Temp\ccJUekdu.s:4258   .debug_str:0000000000003a1e .LASF455
C:\Users\zero6575\AppData\Local\Temp\ccJUekdu.s:4100   .debug_str:0000000000003253 .LASF456
C:\Users\zero6575\AppData\Local\Temp\ccJUekdu.s:4354   .debug_str:0000000000003f5f .LASF457
C:\Users\zero6575\AppData\Local\Temp\ccJUekdu.s:3382   .debug_str:0000000000000f29 .LASF458
C:\Users\zero6575\AppData\Local\Temp\ccJUekdu.s:3978   .debug_str:0000000000002ccc .LASF459
C:\Users\zero6575\AppData\Local\Temp\ccJUekdu.s:4178   .debug_str:000000000000361b .LASF460
C:\Users\zero6575\AppData\Local\Temp\ccJUekdu.s:3310   .debug_str:0000000000000be6 .LASF461
C:\Users\zero6575\AppData\Local\Temp\ccJUekdu.s:3094   .debug_str:00000000000000a5 .LASF462
C:\Users\zero6575\AppData\Local\Temp\ccJUekdu.s:3240   .debug_str:0000000000000832 .LASF463
C:\Users\zero6575\AppData\Local\Temp\ccJUekdu.s:3438   .debug_str:00000000000011f1 .LASF464
C:\Users\zero6575\AppData\Local\Temp\ccJUekdu.s:3820   .debug_str:0000000000002543 .LASF465
C:\Users\zero6575\AppData\Local\Temp\ccJUekdu.s:4446   .debug_str:0000000000004424 .LASF466
C:\Users\zero6575\AppData\Local\Temp\ccJUekdu.s:3380   .debug_str:0000000000000f19 .LASF467
C:\Users\zero6575\AppData\Local\Temp\ccJUekdu.s:3238   .debug_str:0000000000000820 .LASF468
C:\Users\zero6575\AppData\Local\Temp\ccJUekdu.s:3334   .debug_str:0000000000000ced .LASF469
C:\Users\zero6575\AppData\Local\Temp\ccJUekdu.s:3994   .debug_str:0000000000002d9f .LASF470
C:\Users\zero6575\AppData\Local\Temp\ccJUekdu.s:3884   .debug_str:00000000000027f6 .LASF471
C:\Users\zero6575\AppData\Local\Temp\ccJUekdu.s:3290   .debug_str:0000000000000ada .LASF472
C:\Users\zero6575\AppData\Local\Temp\ccJUekdu.s:4384   .debug_str:00000000000040c1 .LASF473
C:\Users\zero6575\AppData\Local\Temp\ccJUekdu.s:3902   .debug_str:00000000000028b6 .LASF474
C:\Users\zero6575\AppData\Local\Temp\ccJUekdu.s:3774   .debug_str:0000000000002285 .LASF475
C:\Users\zero6575\AppData\Local\Temp\ccJUekdu.s:3842   .debug_str:0000000000002609 .LASF476
C:\Users\zero6575\AppData\Local\Temp\ccJUekdu.s:4398   .debug_str:0000000000004166 .LASF477
C:\Users\zero6575\AppData\Local\Temp\ccJUekdu.s:3486   .debug_str:0000000000001434 .LASF478
C:\Users\zero6575\AppData\Local\Temp\ccJUekdu.s:3960   .debug_str:0000000000002bd3 .LASF479
C:\Users\zero6575\AppData\Local\Temp\ccJUekdu.s:3772   .debug_str:0000000000002271 .LASF480
C:\Users\zero6575\AppData\Local\Temp\ccJUekdu.s:4152   .debug_str:00000000000034cc .LASF481
C:\Users\zero6575\AppData\Local\Temp\ccJUekdu.s:3742   .debug_str:0000000000002109 .LASF482
C:\Users\zero6575\AppData\Local\Temp\ccJUekdu.s:4210   .debug_str:00000000000037b7 .LASF483
C:\Users\zero6575\AppData\Local\Temp\ccJUekdu.s:4232   .debug_str:00000000000038e0 .LASF484
C:\Users\zero6575\AppData\Local\Temp\ccJUekdu.s:4082   .debug_str:000000000000316e .LASF485
C:\Users\zero6575\AppData\Local\Temp\ccJUekdu.s:3530   .debug_str:0000000000001651 .LASF486
C:\Users\zero6575\AppData\Local\Temp\ccJUekdu.s:3760   .debug_str:00000000000021e7 .LASF487
C:\Users\zero6575\AppData\Local\Temp\ccJUekdu.s:4090   .debug_str:00000000000031c1 .LASF488
C:\Users\zero6575\AppData\Local\Temp\ccJUekdu.s:3946   .debug_str:0000000000002b29 .LASF489
C:\Users\zero6575\AppData\Local\Temp\ccJUekdu.s:3826   .debug_str:000000000000257e .LASF490
C:\Users\zero6575\AppData\Local\Temp\ccJUekdu.s:3282   .debug_str:0000000000000a78 .LASF491
C:\Users\zero6575\AppData\Local\Temp\ccJUekdu.s:3974   .debug_str:0000000000002c7e .LASF492
C:\Users\zero6575\AppData\Local\Temp\ccJUekdu.s:3298   .debug_str:0000000000000b43 .LASF493
C:\Users\zero6575\AppData\Local\Temp\ccJUekdu.s:3876   .debug_str:0000000000002787 .LASF494
C:\Users\zero6575\AppData\Local\Temp\ccJUekdu.s:4368   .debug_str:0000000000003fe1 .LASF495
C:\Users\zero6575\AppData\Local\Temp\ccJUekdu.s:4336   .debug_str:0000000000003e39 .LASF496
C:\Users\zero6575\AppData\Local\Temp\ccJUekdu.s:4416   .debug_str:0000000000004248 .LASF497
C:\Users\zero6575\AppData\Local\Temp\ccJUekdu.s:3596   .debug_str:000000000000199b .LASF498
C:\Users\zero6575\AppData\Local\Temp\ccJUekdu.s:3758   .debug_str:00000000000021c3 .LASF499
C:\Users\zero6575\AppData\Local\Temp\ccJUekdu.s:4298   .debug_str:0000000000003c68 .LASF500
C:\Users\zero6575\AppData\Local\Temp\ccJUekdu.s:3488   .debug_str:0000000000001448 .LASF501
C:\Users\zero6575\AppData\Local\Temp\ccJUekdu.s:3160   .debug_str:0000000000000463 .LASF502
C:\Users\zero6575\AppData\Local\Temp\ccJUekdu.s:3492   .debug_str:0000000000001492 .LASF503
C:\Users\zero6575\AppData\Local\Temp\ccJUekdu.s:3984   .debug_str:0000000000002d0a .LASF504
C:\Users\zero6575\AppData\Local\Temp\ccJUekdu.s:4206   .debug_str:000000000000377f .LASF505
C:\Users\zero6575\AppData\Local\Temp\ccJUekdu.s:4272   .debug_str:0000000000003acf .LASF506
C:\Users\zero6575\AppData\Local\Temp\ccJUekdu.s:3822   .debug_str:000000000000254e .LASF507
C:\Users\zero6575\AppData\Local\Temp\ccJUekdu.s:4436   .debug_str:000000000000435a .LASF508
C:\Users\zero6575\AppData\Local\Temp\ccJUekdu.s:4320   .debug_str:0000000000003d6f .LASF509
C:\Users\zero6575\AppData\Local\Temp\ccJUekdu.s:3686   .debug_str:0000000000001e62 .LASF510
C:\Users\zero6575\AppData\Local\Temp\ccJUekdu.s:3536   .debug_str:000000000000169d .LASF511
C:\Users\zero6575\AppData\Local\Temp\ccJUekdu.s:4456   .debug_str:00000000000044d9 .LASF512
C:\Users\zero6575\AppData\Local\Temp\ccJUekdu.s:3552   .debug_str:0000000000001759 .LASF513
C:\Users\zero6575\AppData\Local\Temp\ccJUekdu.s:3602   .debug_str:0000000000001a16 .LASF514
C:\Users\zero6575\AppData\Local\Temp\ccJUekdu.s:4460   .debug_str:0000000000004519 .LASF515
C:\Users\zero6575\AppData\Local\Temp\ccJUekdu.s:3936   .debug_str:0000000000002aa6 .LASF516
C:\Users\zero6575\AppData\Local\Temp\ccJUekdu.s:3680   .debug_str:0000000000001e13 .LASF517
C:\Users\zero6575\AppData\Local\Temp\ccJUekdu.s:3314   .debug_str:0000000000000c03 .LASF518
C:\Users\zero6575\AppData\Local\Temp\ccJUekdu.s:4094   .debug_str:00000000000031f6 .LASF519
C:\Users\zero6575\AppData\Local\Temp\ccJUekdu.s:4380   .debug_str:0000000000004088 .LASF520
C:\Users\zero6575\AppData\Local\Temp\ccJUekdu.s:4218   .debug_str:00000000000037fe .LASF521
C:\Users\zero6575\AppData\Local\Temp\ccJUekdu.s:3346   .debug_str:0000000000000db4 .LASF522
C:\Users\zero6575\AppData\Local\Temp\ccJUekdu.s:3790   .debug_str:0000000000002362 .LASF523
C:\Users\zero6575\AppData\Local\Temp\ccJUekdu.s:4042   .debug_str:0000000000002fb6 .LASF524
C:\Users\zero6575\AppData\Local\Temp\ccJUekdu.s:3398   .debug_str:0000000000000fd1 .LASF525
C:\Users\zero6575\AppData\Local\Temp\ccJUekdu.s:4316   .debug_str:0000000000003d3f .LASF526
C:\Users\zero6575\AppData\Local\Temp\ccJUekdu.s:4190   .debug_str:00000000000036a1 .LASF527
C:\Users\zero6575\AppData\Local\Temp\ccJUekdu.s:3176   .debug_str:000000000000051a .LASF528
C:\Users\zero6575\AppData\Local\Temp\ccJUekdu.s:4062   .debug_str:00000000000030a1 .LASF529
C:\Users\zero6575\AppData\Local\Temp\ccJUekdu.s:4268   .debug_str:0000000000003a90 .LASF530
C:\Users\zero6575\AppData\Local\Temp\ccJUekdu.s:4358   .debug_str:0000000000003f74 .LASF531
C:\Users\zero6575\AppData\Local\Temp\ccJUekdu.s:4342   .debug_str:0000000000003e83 .LASF532
C:\Users\zero6575\AppData\Local\Temp\ccJUekdu.s:3474   .debug_str:0000000000001398 .LASF533
C:\Users\zero6575\AppData\Local\Temp\ccJUekdu.s:4126   .debug_str:000000000000338f .LASF534
C:\Users\zero6575\AppData\Local\Temp\ccJUekdu.s:4134   .debug_str:0000000000003402 .LASF535
C:\Users\zero6575\AppData\Local\Temp\ccJUekdu.s:3194   .debug_str:00000000000005d8 .LASF536
C:\Users\zero6575\AppData\Local\Temp\ccJUekdu.s:4184   .debug_str:000000000000364e .LASF537
C:\Users\zero6575\AppData\Local\Temp\ccJUekdu.s:4386   .debug_str:00000000000040d5 .LASF538
C:\Users\zero6575\AppData\Local\Temp\ccJUekdu.s:4034   .debug_str:0000000000002f5d .LASF539
C:\Users\zero6575\AppData\Local\Temp\ccJUekdu.s:4242   .debug_str:000000000000396b .LASF540
C:\Users\zero6575\AppData\Local\Temp\ccJUekdu.s:3106   .debug_str:000000000000014c .LASF541
C:\Users\zero6575\AppData\Local\Temp\ccJUekdu.s:4078   .debug_str:000000000000314b .LASF542
C:\Users\zero6575\AppData\Local\Temp\ccJUekdu.s:4432   .debug_str:0000000000004334 .LASF543
C:\Users\zero6575\AppData\Local\Temp\ccJUekdu.s:3788   .debug_str:000000000000234a .LASF544
C:\Users\zero6575\AppData\Local\Temp\ccJUekdu.s:3690   .debug_str:0000000000001eba .LASF545
C:\Users\zero6575\AppData\Local\Temp\ccJUekdu.s:3748   .debug_str:0000000000002133 .LASF546
C:\Users\zero6575\AppData\Local\Temp\ccJUekdu.s:3270   .debug_str:00000000000009e2 .LASF547
C:\Users\zero6575\AppData\Local\Temp\ccJUekdu.s:3890   .debug_str:0000000000002827 .LASF548
C:\Users\zero6575\AppData\Local\Temp\ccJUekdu.s:3252   .debug_str:00000000000008ef .LASF549
C:\Users\zero6575\AppData\Local\Temp\ccJUekdu.s:3144   .debug_str:0000000000000346 .LASF550
C:\Users\zero6575\AppData\Local\Temp\ccJUekdu.s:4352   .debug_str:0000000000003f45 .LASF551
C:\Users\zero6575\AppData\Local\Temp\ccJUekdu.s:4130   .debug_str:00000000000033bb .LASF552
C:\Users\zero6575\AppData\Local\Temp\ccJUekdu.s:4198   .debug_str:000000000000371b .LASF554
C:\Users\zero6575\AppData\Local\Temp\ccJUekdu.s:3332   .debug_str:0000000000000cd6 .LASF555
C:\Users\zero6575\AppData\Local\Temp\ccJUekdu.s:3612   .debug_str:0000000000001a7a .LASF556
C:\Users\zero6575\AppData\Local\Temp\ccJUekdu.s:3428   .debug_str:0000000000001186 .LASF557
C:\Users\zero6575\AppData\Local\Temp\ccJUekdu.s:3958   .debug_str:0000000000002bba .LASF558
C:\Users\zero6575\AppData\Local\Temp\ccJUekdu.s:3182   .debug_str:0000000000000562 .LASF559
C:\Users\zero6575\AppData\Local\Temp\ccJUekdu.s:4146   .debug_str:000000000000348a .LASF560
C:\Users\zero6575\AppData\Local\Temp\ccJUekdu.s:3214   .debug_str:00000000000006ed .LASF561
C:\Users\zero6575\AppData\Local\Temp\ccJUekdu.s:3114   .debug_str:00000000000001b8 .LASF562
C:\Users\zero6575\AppData\Local\Temp\ccJUekdu.s:3778   .debug_str:00000000000022d5 .LASF563
C:\Users\zero6575\AppData\Local\Temp\ccJUekdu.s:3338   .debug_str:0000000000000d25 .LASF564
C:\Users\zero6575\AppData\Local\Temp\ccJUekdu.s:3944   .debug_str:0000000000002b0c .LASF565
C:\Users\zero6575\AppData\Local\Temp\ccJUekdu.s:3354   .debug_str:0000000000000e20 .LASF566
C:\Users\zero6575\AppData\Local\Temp\ccJUekdu.s:4260   .debug_str:0000000000003a2a .LASF567
C:\Users\zero6575\AppData\Local\Temp\ccJUekdu.s:3880   .debug_str:00000000000027b8 .LASF568
C:\Users\zero6575\AppData\Local\Temp\ccJUekdu.s:3806   .debug_str:0000000000002483 .LASF569
C:\Users\zero6575\AppData\Local\Temp\ccJUekdu.s:3870   .debug_str:0000000000002728 .LASF570
C:\Users\zero6575\AppData\Local\Temp\ccJUekdu.s:3654   .debug_str:0000000000001ca0 .LASF571
C:\Users\zero6575\AppData\Local\Temp\ccJUekdu.s:3906   .debug_str:00000000000028de .LASF572
C:\Users\zero6575\AppData\Local\Temp\ccJUekdu.s:3532   .debug_str:000000000000166b .LASF573
C:\Users\zero6575\AppData\Local\Temp\ccJUekdu.s:3400   .debug_str:0000000000000ffa .LASF574
C:\Users\zero6575\AppData\Local\Temp\ccJUekdu.s:3874   .debug_str:000000000000275e .LASF575
C:\Users\zero6575\AppData\Local\Temp\ccJUekdu.s:3988   .debug_str:0000000000002d4f .LASF576
C:\Users\zero6575\AppData\Local\Temp\ccJUekdu.s:3372   .debug_str:0000000000000eab .LASF577
C:\Users\zero6575\AppData\Local\Temp\ccJUekdu.s:3490   .debug_str:0000000000001467 .LASF578
C:\Users\zero6575\AppData\Local\Temp\ccJUekdu.s:3264   .debug_str:0000000000000978 .LASF579
C:\Users\zero6575\AppData\Local\Temp\ccJUekdu.s:3512   .debug_str:000000000000156b .LASF580
C:\Users\zero6575\AppData\Local\Temp\ccJUekdu.s:3952   .debug_str:0000000000002b7c .LASF581
C:\Users\zero6575\AppData\Local\Temp\ccJUekdu.s:4110   .debug_str:00000000000032d7 .LASF582
C:\Users\zero6575\AppData\Local\Temp\ccJUekdu.s:4418   .debug_str:0000000000004262 .LASF583
C:\Users\zero6575\AppData\Local\Temp\ccJUekdu.s:4224   .debug_str:0000000000003855 .LASF584
C:\Users\zero6575\AppData\Local\Temp\ccJUekdu.s:4122   .debug_str:0000000000003360 .LASF585
C:\Users\zero6575\AppData\Local\Temp\ccJUekdu.s:3408   .debug_str:0000000000001080 .LASF586
C:\Users\zero6575\AppData\Local\Temp\ccJUekdu.s:4192   .debug_str:00000000000036c7 .LASF587
C:\Users\zero6575\AppData\Local\Temp\ccJUekdu.s:3174   .debug_str:00000000000004fb .LASF588
C:\Users\zero6575\AppData\Local\Temp\ccJUekdu.s:3732   .debug_str:0000000000002099 .LASF589
C:\Users\zero6575\AppData\Local\Temp\ccJUekdu.s:3164   .debug_str:0000000000000491 .LASF590
C:\Users\zero6575\AppData\Local\Temp\ccJUekdu.s:4452   .debug_str:0000000000004466 .LASF591
C:\Users\zero6575\AppData\Local\Temp\ccJUekdu.s:4038   .debug_str:0000000000002f80 .LASF592
C:\Users\zero6575\AppData\Local\Temp\ccJUekdu.s:3520   .debug_str:00000000000015d8 .LASF593
C:\Users\zero6575\AppData\Local\Temp\ccJUekdu.s:4348   .debug_str:0000000000003eef .LASF594
C:\Users\zero6575\AppData\Local\Temp\ccJUekdu.s:3546   .debug_str:000000000000171b .LASF595
C:\Users\zero6575\AppData\Local\Temp\ccJUekdu.s:3374   .debug_str:0000000000000ed2 .LASF596
C:\Users\zero6575\AppData\Local\Temp\ccJUekdu.s:4302   .debug_str:0000000000003ca4 .LASF597
C:\Users\zero6575\AppData\Local\Temp\ccJUekdu.s:3402   .debug_str:0000000000001020 .LASF598
C:\Users\zero6575\AppData\Local\Temp\ccJUekdu.s:4196   .debug_str:0000000000003704 .LASF599
C:\Users\zero6575\AppData\Local\Temp\ccJUekdu.s:3928   .debug_str:0000000000002a5f .LASF600
C:\Users\zero6575\AppData\Local\Temp\ccJUekdu.s:4402   .debug_str:000000000000419a .LASF601
C:\Users\zero6575\AppData\Local\Temp\ccJUekdu.s:3948   .debug_str:0000000000002b42 .LASF602
C:\Users\zero6575\AppData\Local\Temp\ccJUekdu.s:3320   .debug_str:0000000000000c4d .LASF603
C:\Users\zero6575\AppData\Local\Temp\ccJUekdu.s:3834   .debug_str:00000000000025b6 .LASF604
C:\Users\zero6575\AppData\Local\Temp\ccJUekdu.s:3422   .debug_str:0000000000001145 .LASF605
C:\Users\zero6575\AppData\Local\Temp\ccJUekdu.s:3342   .debug_str:0000000000000d5d .LASF606
C:\Users\zero6575\AppData\Local\Temp\ccJUekdu.s:3556   .debug_str:0000000000001794 .LASF607
C:\Users\zero6575\AppData\Local\Temp\ccJUekdu.s:3476   .debug_str:00000000000013b6 .LASF608
C:\Users\zero6575\AppData\Local\Temp\ccJUekdu.s:3924   .debug_str:0000000000002a1d .LASF609
C:\Users\zero6575\AppData\Local\Temp\ccJUekdu.s:4234   .debug_str:00000000000038f9 .LASF610
C:\Users\zero6575\AppData\Local\Temp\ccJUekdu.s:3674   .debug_str:0000000000001da7 .LASF611
C:\Users\zero6575\AppData\Local\Temp\ccJUekdu.s:4202   .debug_str:0000000000003741 .LASF612
C:\Users\zero6575\AppData\Local\Temp\ccJUekdu.s:3364   .debug_str:0000000000000e6f .LASF613
C:\Users\zero6575\AppData\Local\Temp\ccJUekdu.s:3458   .debug_str:00000000000012b7 .LASF614
C:\Users\zero6575\AppData\Local\Temp\ccJUekdu.s:3792   .debug_str:0000000000002386 .LASF615
C:\Users\zero6575\AppData\Local\Temp\ccJUekdu.s:3472   .debug_str:000000000000136f .LASF616
C:\Users\zero6575\AppData\Local\Temp\ccJUekdu.s:4132   .debug_str:00000000000033d7 .LASF617
C:\Users\zero6575\AppData\Local\Temp\ccJUekdu.s:3236   .debug_str:00000000000007f5 .LASF618
C:\Users\zero6575\AppData\Local\Temp\ccJUekdu.s:3716   .debug_str:0000000000001ff0 .LASF619
C:\Users\zero6575\AppData\Local\Temp\ccJUekdu.s:4430   .debug_str:0000000000004309 .LASF620
C:\Users\zero6575\AppData\Local\Temp\ccJUekdu.s:3900   .debug_str:0000000000002892 .LASF621
C:\Users\zero6575\AppData\Local\Temp\ccJUekdu.s:3526   .debug_str:000000000000161e .LASF622
C:\Users\zero6575\AppData\Local\Temp\ccJUekdu.s:3448   .debug_str:0000000000001248 .LASF623
C:\Users\zero6575\AppData\Local\Temp\ccJUekdu.s:3660   .debug_str:0000000000001cfc .LASF624
C:\Users\zero6575\AppData\Local\Temp\ccJUekdu.s:3916   .debug_str:0000000000002972 .LASF625
                           .group:0000000000000000 wm4.0.29db371e8b94e604acd9f4c2cef2c360
                           .group:0000000000000000 wm4.stddef.h.39.a38874c8f8a57e66301090908ec2a69f
                           .group:0000000000000000 wm4._newlib_version.h.4.9ba035841e762c3308916a0ce96032e7
                           .group:0000000000000000 wm4.features.h.33.318b64d71e0957639cfb30f1db1f7ec8
                           .group:0000000000000000 wm4._default_types.h.15.61e9869194cab90bdfa4c7fc42203a0e
                           .group:0000000000000000 wm4._intsup.h.10.b28b45fc63caeb010c3f7ee592257700
                           .group:0000000000000000 wm4._stdint.h.10.c24fa3af3bc1706662bb5593a907e841
                           .group:0000000000000000 wm4.stdint.h.23.d53047a68f4a85177f80b422d52785ed
                           .group:0000000000000000 wm4.mss_uart.h.349.4489a38f3707af0b8be76db963910455
                           .group:0000000000000000 wm4.mss_peripherals.h.19.56b8bde575e72db195ac5e479d6ef900
                           .group:0000000000000000 wm4.uart_mapping.h.55.da57b64babafa523227e847cc06676bf

UNDEFINED SYMBOLS
g_mss_uart0_lo
g_mss_uart1_lo
g_mss_uart2_lo
g_mss_uart3_lo
g_mss_uart4_lo
