================================================================
== Design Size Report
================================================================

* Total Instructions per Compilation Phase
+---------------+----------------------------+--------------+----------------------------------------------------------------------------------------+
| Phase         | Step                       | Instructions | Description                                                                            |
+---------------+----------------------------+--------------+----------------------------------------------------------------------------------------+
| Compile/Link  |                            | 2,077        | After all functions are compiled and linked into a single design                       |
|               |                            |              |                                                                                        |
| Unroll/Inline |                            |              | After user unroll and inline pragmas are applied                                       |
|               | (1) unroll                 |   309        | user unroll pragmas are applied                                                        |
|               | (2) simplification         |   180        | simplification of applied user unroll pragmas                                          |
|               | (3) inline                 |   181        | user inline pragmas are applied                                                        |
|               | (4) simplification         |   146        | simplification of applied user inline pragmas                                          |
|               |                            |              |                                                                                        |
| Array/Struct  |                            |              | After user array partition and struct aggregate/disaggregate pragmas are applied       |
|               | (1) array partition        |   147        | user array partition pragmas are applied                                               |
|               | (2) simplification         |   147        | simplification of applied user array partition & struct aggregate/disaggregate pragmas |
|               | (3) aggregate/disaggregate |   147        | user struct aggregate/disaggregate pragmas are applied                                 |
|               | (4) array reshape          |   147        | apply array reshape pragmas                                                            |
|               | (5) access patterns        |   237        | array access pattern optmizations                                                      |
|               |                            |              |                                                                                        |
| Performance   |                            |              | After transformations are applied to meet performance pragma targets                   |
|               | (1) loop simplification    |   237        | loop and instruction simplification                                                    |
|               | (2) parallelization        |   200        | loops are unrolled or pipelined to meet performance targets                            |
|               | (3) array partition        |   165        | arrays are partitioned to meet performance targets                                     |
|               | (4) simplification         |   165        | simplification of design after performance transformations                             |
|               |                            |              |                                                                                        |
| HW Transforms |                            |              | After hardware transfomations                                                          |
|               | (1) lowering               |   155        | initial conversion to HW specific instructions                                         |
|               | (2) optimizations          |   131        | high level synthesis optimizations                                                     |
+---------------+----------------------------+--------------+----------------------------------------------------------------------------------------+

* Instructions per Function for each Compilation Phase
+----------+--------------+--------------+---------------+--------------+-------------+---------------+
| Function | Location     | Compile/Link | Unroll/Inline | Array/Struct | Performance | HW Transforms |
+----------+--------------+--------------+---------------+--------------+-------------+---------------+
|   fir_hw | fir_hw.cpp:3 | 2,077        | 146           | 237          | 165         | 131           |
+----------+--------------+--------------+---------------+--------------+-------------+---------------+

* Design Size Message Settings
+---------------------------------------------+--------+------------------------------------------------------------------+
| Message Setting                             | Value  | Description                                                      |
+---------------------------------------------+--------+------------------------------------------------------------------+
| config_compile -design_size_maximum_warning | 100000 | Show a warning when total design instructions exceeds this value |
+---------------------------------------------+--------+------------------------------------------------------------------+


