

================================================================
== Vitis HLS Report for 'fir_hw_Pipeline_VITIS_LOOP_32_1'
================================================================
* Date:           Tue Apr 21 10:24:27 2026

* Version:        2025.2 (Build 6295257 on Nov 14 2025)
* Project:        fir_hls
* Solution:       hls (Vivado IP Flow Target)
* Product family: zynquplus
* Target device:  xck26-sfvc784-2LV-c


================================================================
== Performance Estimates
================================================================
+ Timing: 
    * Summary: 
    +--------+----------+----------+------------+
    |  Clock |  Target  | Estimated| Uncertainty|
    +--------+----------+----------+------------+
    |ap_clk  |  10.00 ns|  6.764 ns|     2.70 ns|
    +--------+----------+----------+------------+

+ Latency: 
    * Summary: 
    +---------+---------+----------+-----------+-----+-----+-------------------+
    |  Latency (cycles) |  Latency (absolute)  |  Interval |      Pipeline     |
    |   min   |   max   |    min   |    max    | min | max |        Type       |
    +---------+---------+----------+-----------+-----+-----+-------------------+
    |      258|     1026|  2.580 us|  10.260 us|    0|    0|  loop pipeline stp|
    +---------+---------+----------+-----------+-----+-----+-------------------+

    + Detail: 
        * Instance: 
        N/A

        * Loop: 
        +-------------------+---------+---------+----------+-----------+-----------+-----------+----------+
        |                   |  Latency (cycles) | Iteration|  Initiation Interval  |    Trip   |          |
        |     Loop Name     |   min   |   max   |  Latency |  achieved |   target  |   Count   | Pipelined|
        +-------------------+---------+---------+----------+-----------+-----------+-----------+----------+
        |- VITIS_LOOP_32_1  |      256|     1024|         3|          2|          2|  128 ~ 512|       yes|
        +-------------------+---------+---------+----------+-----------+-----------+-----------+----------+



================================================================
== Utilization Estimates
================================================================
* Summary: 
+-----------------+---------+------+--------+--------+-----+
|       Name      | BRAM_18K|  DSP |   FF   |   LUT  | URAM|
+-----------------+---------+------+--------+--------+-----+
|DSP              |        -|     -|       -|       -|    -|
|Expression       |        -|     -|       0|     224|    -|
|FIFO             |        -|     -|       -|       -|    -|
|Instance         |        -|     6|       0|      18|    -|
|Memory           |        -|     -|       -|       -|    -|
|Multiplexer      |        -|     -|       0|     132|    -|
|Register         |        -|     -|     279|       -|    -|
+-----------------+---------+------+--------+--------+-----+
|Total            |        0|     6|     279|     374|    0|
+-----------------+---------+------+--------+--------+-----+
|Available        |      288|  1248|  234240|  117120|   64|
+-----------------+---------+------+--------+--------+-----+
|Utilization (%)  |        0|    ~0|      ~0|      ~0|    0|
+-----------------+---------+------+--------+--------+-----+

+ Detail: 
    * Instance: 
    +-----------------------+--------------------+---------+----+---+----+-----+
    |        Instance       |       Module       | BRAM_18K| DSP| FF| LUT| URAM|
    +-----------------------+--------------------+---------+----+---+----+-----+
    |mul_47s_32s_79_1_1_U1  |mul_47s_32s_79_1_1  |        0|   6|  0|  18|    0|
    +-----------------------+--------------------+---------+----+---+----+-----+
    |Total                  |                    |        0|   6|  0|  18|    0|
    +-----------------------+--------------------+---------+----+---+----+-----+

    * DSP: 
    N/A

    * Memory: 
    N/A

    * FIFO: 
    N/A

    * Expression: 
    +---------------------+----------+----+---+----+------------+------------+
    |    Variable Name    | Operation| DSP| FF| LUT| Bitwidth P0| Bitwidth P1|
    +---------------------+----------+----+---+----+------------+------------+
    |add_ln38_fu_270_p2   |         +|   0|  0|  86|          79|          79|
    |add_ln39_fu_329_p2   |         +|   0|  0|  86|          79|          79|
    |i_2_fu_209_p2        |         +|   0|  0|  17|          10|           1|
    |read_idx_fu_224_p2   |         -|   0|  0|  16|           9|           9|
    |icmp_ln32_fu_203_p2  |      icmp|   0|  0|  17|          10|          10|
    |ap_enable_pp0        |       xor|   0|  0|   2|           1|           2|
    +---------------------+----------+----+---+----+------------+------------+
    |Total                |          |   0|  0| 224|         188|         180|
    +---------------------+----------+----+---+----+------------+------------+

    * Multiplexer: 
    +-----------------------------+----+-----------+-----+-----------+
    |             Name            | LUT| Input Size| Bits| Total Bits|
    +-----------------------------+----+-----------+-----+-----------+
    |acc_l_fu_94                  |   9|          2|   48|         96|
    |acc_r_fu_98                  |   9|          2|   48|         96|
    |ap_NS_fsm                    |  14|          3|    1|          3|
    |ap_done_int                  |   9|          2|    1|          2|
    |ap_enable_reg_pp0_iter0      |   9|          2|    1|          2|
    |ap_enable_reg_pp0_iter0_reg  |   9|          2|    1|          2|
    |ap_enable_reg_pp0_iter1      |   9|          2|    1|          2|
    |ap_sig_allocacmp_i_1         |   9|          2|   10|         20|
    |grp_fu_171_p0                |  14|          3|   47|        141|
    |grp_fu_171_p1                |  14|          3|   32|         96|
    |i_fu_102                     |   9|          2|   10|         20|
    |out_data_data_1_fu_86        |   9|          2|   32|         64|
    |out_data_data_fu_90          |   9|          2|   32|         64|
    +-----------------------------+----+-----------+-----+-----------+
    |Total                        | 132|         29|  264|        608|
    +-----------------------------+----+-----------+-----+-----------+

    * Register: 
    +-----------------------------+----+----+-----+-----------+
    |             Name            | FF | LUT| Bits| Const Bits|
    +-----------------------------+----+----+-----+-----------+
    |acc_l_fu_94                  |  48|   0|   48|          0|
    |acc_r_fu_98                  |  48|   0|   48|          0|
    |ap_CS_fsm                    |   2|   0|    2|          0|
    |ap_done_reg                  |   1|   0|    1|          0|
    |ap_enable_reg_pp0_iter0_reg  |   1|   0|    1|          0|
    |ap_enable_reg_pp0_iter1      |   1|   0|    1|          0|
    |i_fu_102                     |  10|   0|   10|          0|
    |icmp_ln32_reg_408            |   1|   0|    1|          0|
    |out_data_data_1_fu_86        |  32|   0|   32|          0|
    |out_data_data_fu_90          |  32|   0|   32|          0|
    |sample_r_reg_427             |  24|   0|   24|          0|
    |sext_ln38_1_reg_432          |  79|   0|   79|          0|
    +-----------------------------+----+----+-----+-----------+
    |Total                        | 279|   0|  279|          0|
    +-----------------------------+----+----+-----+-----------+



================================================================
== Interface
================================================================
* Summary: 
+----------------------------+-----+-----+------------+---------------------------------+--------------+
|          RTL Ports         | Dir | Bits|  Protocol  |          Source Object          |    C Type    |
+----------------------------+-----+-----+------------+---------------------------------+--------------+
|ap_clk                      |   in|    1|  ap_ctrl_hs|  fir_hw_Pipeline_VITIS_LOOP_32_1|  return value|
|ap_rst                      |   in|    1|  ap_ctrl_hs|  fir_hw_Pipeline_VITIS_LOOP_32_1|  return value|
|ap_start                    |   in|    1|  ap_ctrl_hs|  fir_hw_Pipeline_VITIS_LOOP_32_1|  return value|
|ap_done                     |  out|    1|  ap_ctrl_hs|  fir_hw_Pipeline_VITIS_LOOP_32_1|  return value|
|ap_idle                     |  out|    1|  ap_ctrl_hs|  fir_hw_Pipeline_VITIS_LOOP_32_1|  return value|
|ap_ready                    |  out|    1|  ap_ctrl_hs|  fir_hw_Pipeline_VITIS_LOOP_32_1|  return value|
|add_ln32                    |   in|   10|     ap_none|                         add_ln32|        scalar|
|write_idx_load              |   in|    9|     ap_none|                   write_idx_load|        scalar|
|coeff_hw_address0           |  out|    9|   ap_memory|                         coeff_hw|         array|
|coeff_hw_ce0                |  out|    1|   ap_memory|                         coeff_hw|         array|
|coeff_hw_q0                 |   in|   32|   ap_memory|                         coeff_hw|         array|
|out_data_data_out           |  out|   32|      ap_vld|                out_data_data_out|       pointer|
|out_data_data_out_ap_vld    |  out|    1|      ap_vld|                out_data_data_out|       pointer|
|out_data_data_1_out         |  out|   32|      ap_vld|              out_data_data_1_out|       pointer|
|out_data_data_1_out_ap_vld  |  out|    1|      ap_vld|              out_data_data_1_out|       pointer|
|buffer_left_address0        |  out|    9|   ap_memory|                      buffer_left|         array|
|buffer_left_ce0             |  out|    1|   ap_memory|                      buffer_left|         array|
|buffer_left_q0              |   in|   24|   ap_memory|                      buffer_left|         array|
|buffer_right_address0       |  out|    9|   ap_memory|                     buffer_right|         array|
|buffer_right_ce0            |  out|    1|   ap_memory|                     buffer_right|         array|
|buffer_right_q0             |   in|   24|   ap_memory|                     buffer_right|         array|
+----------------------------+-----+-----+------------+---------------------------------+--------------+

