

================================================================
== Vitis HLS Report for 'fir_hw'
================================================================
* Date:           Tue Apr 21 10:24:27 2026

* Version:        2025.2 (Build 6295257 on Nov 14 2025)
* Project:        fir_hls
* Solution:       hls (Vivado IP Flow Target)
* Product family: zynquplus
* Target device:  xck26-sfvc784-2LV-c


================================================================
== Performance Estimates
================================================================
+ Timing: 
    * Summary: 
    +--------+----------+----------+------------+
    |  Clock |  Target  | Estimated| Uncertainty|
    +--------+----------+----------+------------+
    |ap_clk  |  10.00 ns|  6.764 ns|     2.70 ns|
    +--------+----------+----------+------------+

+ Latency: 
    * Summary: 
    +---------+---------+-----------+-----------+-----+------+---------+
    |  Latency (cycles) |   Latency (absolute)  |  Interval  | Pipeline|
    |   min   |   max   |    min    |    max    | min |  max |   Type  |
    +---------+---------+-----------+-----------+-----+------+---------+
    |        1|     1031|  10.000 ns|  10.310 us|    2|  1032|       no|
    +---------+---------+-----------+-----------+-----+------+---------+

    + Detail: 
        * Instance: 
        +--------------------------------------------+---------------------------------+---------+---------+----------+-----------+-----+-----+-------------------+
        |                                            |                                 |  Latency (cycles) |  Latency (absolute)  |  Interval |      Pipeline     |
        |                  Instance                  |              Module             |   min   |   max   |    min   |    max    | min | max |        Type       |
        +--------------------------------------------+---------------------------------+---------+---------+----------+-----------+-----+-----+-------------------+
        |grp_fir_hw_Pipeline_VITIS_LOOP_32_1_fu_210  |fir_hw_Pipeline_VITIS_LOOP_32_1  |      258|     1026|  2.580 us|  10.260 us|    0|    0|  loop pipeline stp|
        +--------------------------------------------+---------------------------------+---------+---------+----------+-----------+-----+-----+-------------------+

        * Loop: 
        N/A



================================================================
== Utilization Estimates
================================================================
* Summary: 
+-----------------+---------+------+--------+--------+-----+
|       Name      | BRAM_18K|  DSP |   FF   |   LUT  | URAM|
+-----------------+---------+------+--------+--------+-----+
|DSP              |        -|     -|       -|       -|    -|
|Expression       |        -|     -|       0|     181|    -|
|FIFO             |        -|     -|       -|       -|    -|
|Instance         |        2|     6|     435|     540|    0|
|Memory           |        2|     -|       0|       0|    0|
|Multiplexer      |        -|     -|       0|     146|    -|
|Register         |        -|     -|      60|       -|    -|
+-----------------+---------+------+--------+--------+-----+
|Total            |        4|     6|     495|     867|    0|
+-----------------+---------+------+--------+--------+-----+
|Available        |      288|  1248|  234240|  117120|   64|
+-----------------+---------+------+--------+--------+-----+
|Utilization (%)  |        1|    ~0|      ~0|      ~0|    0|
+-----------------+---------+------+--------+--------+-----+

+ Detail: 
    * Instance: 
    +--------------------------------------------+---------------------------------+---------+----+-----+-----+-----+
    |                  Instance                  |              Module             | BRAM_18K| DSP|  FF | LUT | URAM|
    +--------------------------------------------+---------------------------------+---------+----+-----+-----+-----+
    |control_s_axi_U                             |control_s_axi                    |        2|   0|  156|  166|    0|
    |grp_fir_hw_Pipeline_VITIS_LOOP_32_1_fu_210  |fir_hw_Pipeline_VITIS_LOOP_32_1  |        0|   6|  279|  374|    0|
    +--------------------------------------------+---------------------------------+---------+----+-----+-----+-----+
    |Total                                       |                                 |        2|   6|  435|  540|    0|
    +--------------------------------------------+---------------------------------+---------+----+-----+-----+-----+

    * DSP: 
    N/A

    * Memory: 
    +----------------+---------------------------+---------+---+----+-----+------+-----+------+-------------+
    |     Memory     |           Module          | BRAM_18K| FF| LUT| URAM| Words| Bits| Banks| W*Bits*Banks|
    +----------------+---------------------------+---------+---+----+-----+------+-----+------+-------------+
    |buffer_left_U   |buffer_left_RAM_AUTO_1R1W  |        1|  0|   0|    0|   512|   24|     1|        12288|
    |buffer_right_U  |buffer_left_RAM_AUTO_1R1W  |        1|  0|   0|    0|   512|   24|     1|        12288|
    +----------------+---------------------------+---------+---+----+-----+------+-----+------+-------------+
    |Total           |                           |        2|  0|   0|    0|  1024|   48|     2|        24576|
    +----------------+---------------------------+---------+---+----+-----+------+-----+------+-------------+

    * FIFO: 
    N/A

    * Expression: 
    +---------------------------+----------+----+---+----+------------+------------+
    |       Variable Name       | Operation| DSP| FF| LUT| Bitwidth P0| Bitwidth P1|
    +---------------------------+----------+----+---+----+------------+------------+
    |add_ln25_fu_238_p2         |         +|   0|  0|  10|           3|           1|
    |add_ln32_fu_303_p2         |         +|   0|  0|  17|          10|           1|
    |add_ln43_fu_254_p2         |         +|   0|  0|  23|          16|           1|
    |add_ln54_fu_266_p2         |         +|   0|  0|  23|          16|           2|
    |add_ln65_fu_318_p2         |         +|   0|  0|  16|           9|           1|
    |icmp_ln26_fu_244_p2        |      icmp|   0|  0|  10|           3|           3|
    |out_data_last_1_fu_280_p2  |      icmp|   0|  0|  23|          16|          16|
    |out_data_last_fu_260_p2    |      icmp|   0|  0|  23|          16|          16|
    |ap_block_state1            |        or|   0|  0|   2|           1|           1|
    |ap_block_state6            |        or|   0|  0|   2|           1|           1|
    |select_ln54_fu_272_p3      |    select|   0|  0|  16|           1|           1|
    |select_ln60_fu_286_p3      |    select|   0|  0|  16|           1|           1|
    +---------------------------+----------+----+---+----+------------+------------+
    |Total                      |          |   0|  0| 181|          93|          45|
    +---------------------------+----------+----+---+----+------------+------------+

    * Multiplexer: 
    +----------------------------------------+----+-----------+-----+-----------+
    |                  Name                  | LUT| Input Size| Bits| Total Bits|
    +----------------------------------------+----+-----------+-----+-----------+
    |ap_NS_fsm                               |  37|          7|    1|          7|
    |ap_phi_mux_dec_cnt_new_0_phi_fu_203_p4  |   9|          2|    3|          6|
    |buffer_left_address0                    |   9|          2|    9|         18|
    |buffer_left_ce0                         |   9|          2|    1|          2|
    |buffer_right_address0                   |   9|          2|    9|         18|
    |buffer_right_ce0                        |   9|          2|    1|          2|
    |dec_cnt_new_0_reg_200                   |   9|          2|    3|          6|
    |input_l_blk_n                           |   9|          2|    1|          2|
    |input_r_blk_n                           |   9|          2|    1|          2|
    |res_TDATA_blk_n                         |   9|          2|    1|          2|
    |res_TDATA_int_regslice                  |  14|          3|   32|         96|
    |res_TLAST_int_regslice                  |  14|          3|    1|          3|
    +----------------------------------------+----+-----------+-----+-----------+
    |Total                                   | 146|         31|   63|        164|
    +----------------------------------------+----+-----------+-----+-----------+

    * Register: 
    +---------------------------------------------------------+----+----+-----+-----------+
    |                           Name                          | FF | LUT| Bits| Const Bits|
    +---------------------------------------------------------+----+----+-----+-----------+
    |add_ln32_reg_374                                         |  10|   0|   10|          0|
    |ap_CS_fsm                                                |   6|   0|    6|          0|
    |cnt                                                      |  16|   0|   16|          0|
    |dec_cnt                                                  |   3|   0|    3|          0|
    |dec_cnt_new_0_reg_200                                    |   3|   0|    3|          0|
    |grp_fir_hw_Pipeline_VITIS_LOOP_32_1_fu_210_ap_start_reg  |   1|   0|    1|          0|
    |icmp_ln26_reg_360                                        |   1|   0|    1|          0|
    |out_data_last_1_reg_369                                  |   1|   0|    1|          0|
    |out_data_last_reg_364                                    |   1|   0|    1|          0|
    |tap_num_m1_read_reg_335                                  |   9|   0|    9|          0|
    |write_idx                                                |   9|   0|    9|          0|
    +---------------------------------------------------------+----+----+-----+-----------+
    |Total                                                    |  60|   0|   60|          0|
    +---------------------------------------------------------+----+----+-----+-----------+



================================================================
== Interface
================================================================
* Summary: 
+-----------------------+-----+-----+--------------+--------------+--------------+
|       RTL Ports       | Dir | Bits|   Protocol   | Source Object|    C Type    |
+-----------------------+-----+-----+--------------+--------------+--------------+
|s_axi_control_AWVALID  |   in|    1|         s_axi|       control|         array|
|s_axi_control_AWREADY  |  out|    1|         s_axi|       control|         array|
|s_axi_control_AWADDR   |   in|   12|         s_axi|       control|         array|
|s_axi_control_WVALID   |   in|    1|         s_axi|       control|         array|
|s_axi_control_WREADY   |  out|    1|         s_axi|       control|         array|
|s_axi_control_WDATA    |   in|   32|         s_axi|       control|         array|
|s_axi_control_WSTRB    |   in|    4|         s_axi|       control|         array|
|s_axi_control_ARVALID  |   in|    1|         s_axi|       control|         array|
|s_axi_control_ARREADY  |  out|    1|         s_axi|       control|         array|
|s_axi_control_ARADDR   |   in|   12|         s_axi|       control|         array|
|s_axi_control_RVALID   |  out|    1|         s_axi|       control|         array|
|s_axi_control_RREADY   |   in|    1|         s_axi|       control|         array|
|s_axi_control_RDATA    |  out|   32|         s_axi|       control|         array|
|s_axi_control_RRESP    |  out|    2|         s_axi|       control|         array|
|s_axi_control_BVALID   |  out|    1|         s_axi|       control|         array|
|s_axi_control_BREADY   |   in|    1|         s_axi|       control|         array|
|s_axi_control_BRESP    |  out|    2|         s_axi|       control|         array|
|ap_clk                 |   in|    1|  ap_ctrl_none|        fir_hw|  return value|
|ap_rst_n               |   in|    1|  ap_ctrl_none|        fir_hw|  return value|
|input_l                |   in|   24|         ap_hs|       input_l|       pointer|
|input_l_ap_vld         |   in|    1|         ap_hs|       input_l|       pointer|
|input_l_ap_ack         |  out|    1|         ap_hs|       input_l|       pointer|
|input_r                |   in|   24|         ap_hs|       input_r|       pointer|
|input_r_ap_vld         |   in|    1|         ap_hs|       input_r|       pointer|
|input_r_ap_ack         |  out|    1|         ap_hs|       input_r|       pointer|
|res_TDATA              |  out|   32|          axis|  res_V_data_V|       pointer|
|res_TVALID             |  out|    1|          axis|  res_V_last_V|       pointer|
|res_TREADY             |   in|    1|          axis|  res_V_last_V|       pointer|
|res_TLAST              |  out|    1|          axis|  res_V_last_V|       pointer|
|res_TKEEP              |  out|    4|          axis|  res_V_keep_V|       pointer|
|res_TSTRB              |  out|    4|          axis|  res_V_strb_V|       pointer|
+-----------------------+-----+-----+--------------+--------------+--------------+

