   1              		.file	"lfsr.c"
   2              		.option nopic
   3              		.attribute arch, "rv64i2p0_m2p0_a2p0_c2p0"
   4              		.attribute unaligned_access, 0
   5              		.attribute stack_align, 16
   6              		.text
   7              	.Ltext0:
   8              		.cfi_sections	.debug_frame
   9              		.section	.sbss.sequenceIndex,"aw",@nobits
  12              	sequenceIndex:
  13 0000 00       		.zero	1
  14              		.globl	xorSequences
  15              		.section	.rodata.xorSequences,"a"
  16              		.align	3
  19              	xorSequences:
  20 0000 41       		.byte	65
  21 0001 44       		.byte	68
  22 0002 47       		.byte	71
  23 0003 48       		.byte	72
  24 0004 4E       		.byte	78
  25 0005 53       		.byte	83
  26 0006 55       		.byte	85
  27 0007 5C       		.byte	92
  28 0008 5F       		.byte	95
  29 0009 60       		.byte	96
  30 000a 65       		.byte	101
  31 000b 69       		.byte	105
  32 000c 6A       		.byte	106
  33 000d 72       		.byte	114
  34 000e 77       		.byte	119
  35 000f 78       		.byte	120
  36 0010 7B       		.byte	123
  37 0011 7E       		.byte	126
  38              		.globl	xor_mask
  39              		.section	.sdata.xor_mask,"aw"
  42              	xor_mask:
  43 0000 41       		.byte	65
  44              		.globl	lfsr_value
  45              		.section	.sdata.lfsr_value,"aw"
  48              	lfsr_value:
  49 0000 40       		.byte	64
  50              		.section	.text.lfsr_getSequence,"ax",@progbits
  51              		.align	1
  52              		.globl	lfsr_getSequence
  54              	lfsr_getSequence:
  55              	.LFB0:
  56              		.file 1 "../src/middleware/mcc_tcpip_lite/lfsr.c"
   1:../src/middleware/mcc_tcpip_lite/lfsr.c **** /**
   2:../src/middleware/mcc_tcpip_lite/lfsr.c ****  lfsr implementation
   3:../src/middleware/mcc_tcpip_lite/lfsr.c **** 
   4:../src/middleware/mcc_tcpip_lite/lfsr.c ****   Company:
   5:../src/middleware/mcc_tcpip_lite/lfsr.c ****     Microchip Technology Inc.
   6:../src/middleware/mcc_tcpip_lite/lfsr.c **** 
   7:../src/middleware/mcc_tcpip_lite/lfsr.c ****   File Name:
   8:../src/middleware/mcc_tcpip_lite/lfsr.c ****     lfsr.c
   9:../src/middleware/mcc_tcpip_lite/lfsr.c **** 
  10:../src/middleware/mcc_tcpip_lite/lfsr.c ****   Summary:
  11:../src/middleware/mcc_tcpip_lite/lfsr.c ****     lfsr implementation.
  12:../src/middleware/mcc_tcpip_lite/lfsr.c **** 
  13:../src/middleware/mcc_tcpip_lite/lfsr.c ****   Description:
  14:../src/middleware/mcc_tcpip_lite/lfsr.c ****     This file provides the lfsr implementation.
  15:../src/middleware/mcc_tcpip_lite/lfsr.c **** 
  16:../src/middleware/mcc_tcpip_lite/lfsr.c ****  */
  17:../src/middleware/mcc_tcpip_lite/lfsr.c **** 
  18:../src/middleware/mcc_tcpip_lite/lfsr.c **** /*
  19:../src/middleware/mcc_tcpip_lite/lfsr.c **** 
  20:../src/middleware/mcc_tcpip_lite/lfsr.c **** ©  [2015] Microchip Technology Inc. and its subsidiaries.  You may use this software
  21:../src/middleware/mcc_tcpip_lite/lfsr.c **** and any derivatives exclusively with Microchip products.
  22:../src/middleware/mcc_tcpip_lite/lfsr.c **** 
  23:../src/middleware/mcc_tcpip_lite/lfsr.c **** THIS SOFTWARE IS SUPPLIED BY MICROCHIP "AS IS".  NO WARRANTIES, WHETHER EXPRESS,
  24:../src/middleware/mcc_tcpip_lite/lfsr.c **** IMPLIED OR STATUTORY, APPLY TO THIS SOFTWARE, INCLUDING ANY IMPLIED WARRANTIES OF
  25:../src/middleware/mcc_tcpip_lite/lfsr.c **** NON-INFRINGEMENT, MERCHANTABILITY, AND FITNESS FOR A PARTICULAR PURPOSE, OR ITS
  26:../src/middleware/mcc_tcpip_lite/lfsr.c **** INTERACTION WITH MICROCHIP PRODUCTS, COMBINATION WITH ANY OTHER PRODUCTS, OR USE
  27:../src/middleware/mcc_tcpip_lite/lfsr.c **** IN ANY APPLICATION.
  28:../src/middleware/mcc_tcpip_lite/lfsr.c **** 
  29:../src/middleware/mcc_tcpip_lite/lfsr.c **** IN NO EVENT WILL MICROCHIP BE LIABLE FOR ANY INDIRECT, SPECIAL, PUNITIVE, INCIDENTAL
  30:../src/middleware/mcc_tcpip_lite/lfsr.c **** OR CONSEQUENTIAL LOSS, DAMAGE, COST OR EXPENSE OF ANY KIND WHATSOEVER RELATED
  31:../src/middleware/mcc_tcpip_lite/lfsr.c **** TO THE SOFTWARE, HOWEVER CAUSED, EVEN IF MICROCHIP HAS BEEN ADVISED OF THE POSSIBILITY
  32:../src/middleware/mcc_tcpip_lite/lfsr.c **** OR THE DAMAGES ARE FORESEEABLE.  TO THE FULLEST EXTENT ALLOWED BY LAW, MICROCHIP'S
  33:../src/middleware/mcc_tcpip_lite/lfsr.c **** TOTAL LIABILITY ON ALL CLAIMS IN ANY WAY RELATED TO THIS SOFTWARE WILL NOT EXCEED
  34:../src/middleware/mcc_tcpip_lite/lfsr.c **** THE AMOUNT OF FEES, IF ANY, THAT YOU HAVE PAID DIRECTLY TO MICROCHIP FOR THIS SOFTWARE.
  35:../src/middleware/mcc_tcpip_lite/lfsr.c **** 
  36:../src/middleware/mcc_tcpip_lite/lfsr.c **** MICROCHIP PROVIDES THIS SOFTWARE CONDITIONALLY UPON YOUR ACCEPTANCE OF THESE TERMS.
  37:../src/middleware/mcc_tcpip_lite/lfsr.c **** 
  38:../src/middleware/mcc_tcpip_lite/lfsr.c **** */
  39:../src/middleware/mcc_tcpip_lite/lfsr.c **** 
  40:../src/middleware/mcc_tcpip_lite/lfsr.c **** #include "lfsr.h"
  41:../src/middleware/mcc_tcpip_lite/lfsr.c **** 
  42:../src/middleware/mcc_tcpip_lite/lfsr.c **** #define lfsr_seed  0x40
  43:../src/middleware/mcc_tcpip_lite/lfsr.c **** #define lfsrOutputMask  0x7fu          //jira: CAE_MCU8-5647
  44:../src/middleware/mcc_tcpip_lite/lfsr.c **** 
  45:../src/middleware/mcc_tcpip_lite/lfsr.c **** static uint8_t sequenceIndex = 0;      //jira: CAE_MCU8-5647
  46:../src/middleware/mcc_tcpip_lite/lfsr.c **** const lfsr_t xorSequences[] = {0x41,0x44,0x47,0x48,0x4E,0x53,0x55,0x5C,0x5F,0x60,0x65,0x69,0x6A,0x7
  47:../src/middleware/mcc_tcpip_lite/lfsr.c **** lfsr_t xor_mask = 0x41;  // note this comes from the first entry in the sequence list
  48:../src/middleware/mcc_tcpip_lite/lfsr.c **** lfsr_t lfsr_value = lfsr_seed;
  49:../src/middleware/mcc_tcpip_lite/lfsr.c **** 
  50:../src/middleware/mcc_tcpip_lite/lfsr.c **** lfsr_t lfsr_getSequence(void)
  51:../src/middleware/mcc_tcpip_lite/lfsr.c **** {
  57              		.loc 1 51 1
  58              		.cfi_startproc
  59 0000 4111     		addi	sp,sp,-16
  60              		.cfi_def_cfa_offset 16
  61 0002 22E4     		sd	s0,8(sp)
  62              		.cfi_offset 8, -8
  63 0004 0008     		addi	s0,sp,16
  64              		.cfi_def_cfa 8, 0
  52:../src/middleware/mcc_tcpip_lite/lfsr.c **** 	return xorSequences[sequenceIndex];
  65              		.loc 1 52 21
  66 0006 97070000 		lla	a5,sequenceIndex
  66      93870700 
  67 000e 83C70700 		lbu	a5,0(a5)
  68 0012 8127     		sext.w	a5,a5
  69 0014 17070000 		lla	a4,xorSequences
  69      13070700 
  70 001c BA97     		add	a5,a4,a5
  71 001e 83C70700 		lbu	a5,0(a5)
  53:../src/middleware/mcc_tcpip_lite/lfsr.c **** }
  72              		.loc 1 53 1
  73 0022 3E85     		mv	a0,a5
  74 0024 2264     		ld	s0,8(sp)
  75              		.cfi_restore 8
  76              		.cfi_def_cfa 2, 16
  77 0026 4101     		addi	sp,sp,16
  78              		.cfi_def_cfa_offset 0
  79 0028 8280     		jr	ra
  80              		.cfi_endproc
  81              	.LFE0:
  83              		.section	.text.lfsr_getSequenceCount,"ax",@progbits
  84              		.align	1
  85              		.globl	lfsr_getSequenceCount
  87              	lfsr_getSequenceCount:
  88              	.LFB1:
  54:../src/middleware/mcc_tcpip_lite/lfsr.c **** 
  55:../src/middleware/mcc_tcpip_lite/lfsr.c **** int lfsr_getSequenceCount(void)
  56:../src/middleware/mcc_tcpip_lite/lfsr.c **** {
  89              		.loc 1 56 1
  90              		.cfi_startproc
  91 0000 4111     		addi	sp,sp,-16
  92              		.cfi_def_cfa_offset 16
  93 0002 22E4     		sd	s0,8(sp)
  94              		.cfi_offset 8, -8
  95 0004 0008     		addi	s0,sp,16
  96              		.cfi_def_cfa 8, 0
  57:../src/middleware/mcc_tcpip_lite/lfsr.c **** 	return sizeof(xorSequences)/sizeof(*xorSequences);
  97              		.loc 1 57 9
  98 0006 C947     		li	a5,18
  58:../src/middleware/mcc_tcpip_lite/lfsr.c **** }
  99              		.loc 1 58 1
 100 0008 3E85     		mv	a0,a5
 101 000a 2264     		ld	s0,8(sp)
 102              		.cfi_restore 8
 103              		.cfi_def_cfa 2, 16
 104 000c 4101     		addi	sp,sp,16
 105              		.cfi_def_cfa_offset 0
 106 000e 8280     		jr	ra
 107              		.cfi_endproc
 108              	.LFE1:
 110              		.section	.text.lfsr_reset,"ax",@progbits
 111              		.align	1
 112              		.globl	lfsr_reset
 114              	lfsr_reset:
 115              	.LFB2:
  59:../src/middleware/mcc_tcpip_lite/lfsr.c **** 
  60:../src/middleware/mcc_tcpip_lite/lfsr.c **** void lfsr_reset(void)
  61:../src/middleware/mcc_tcpip_lite/lfsr.c **** {
 116              		.loc 1 61 1
 117              		.cfi_startproc
 118 0000 4111     		addi	sp,sp,-16
 119              		.cfi_def_cfa_offset 16
 120 0002 22E4     		sd	s0,8(sp)
 121              		.cfi_offset 8, -8
 122 0004 0008     		addi	s0,sp,16
 123              		.cfi_def_cfa 8, 0
  62:../src/middleware/mcc_tcpip_lite/lfsr.c **** 	lfsr_value = lfsr_seed;
 124              		.loc 1 62 13
 125 0006 97070000 		lla	a5,lfsr_value
 125      93870700 
 126 000e 13070004 		li	a4,64
 127 0012 2380E700 		sb	a4,0(a5)
  63:../src/middleware/mcc_tcpip_lite/lfsr.c **** }
 128              		.loc 1 63 1
 129 0016 0100     		nop
 130 0018 2264     		ld	s0,8(sp)
 131              		.cfi_restore 8
 132              		.cfi_def_cfa 2, 16
 133 001a 4101     		addi	sp,sp,16
 134              		.cfi_def_cfa_offset 0
 135 001c 8280     		jr	ra
 136              		.cfi_endproc
 137              	.LFE2:
 139              		.section	.text.lfsr_setSequence,"ax",@progbits
 140              		.align	1
 141              		.globl	lfsr_setSequence
 143              	lfsr_setSequence:
 144              	.LFB3:
  64:../src/middleware/mcc_tcpip_lite/lfsr.c **** 
  65:../src/middleware/mcc_tcpip_lite/lfsr.c **** void lfsr_setSequence(uint16_t s)           //jira: CAE_MCU8-5647
  66:../src/middleware/mcc_tcpip_lite/lfsr.c **** {
 145              		.loc 1 66 1
 146              		.cfi_startproc
 147 0000 0111     		addi	sp,sp,-32
 148              		.cfi_def_cfa_offset 32
 149 0002 22EC     		sd	s0,24(sp)
 150              		.cfi_offset 8, -8
 151 0004 0010     		addi	s0,sp,32
 152              		.cfi_def_cfa 8, 0
 153 0006 AA87     		mv	a5,a0
 154 0008 2317F4FE 		sh	a5,-18(s0)
  67:../src/middleware/mcc_tcpip_lite/lfsr.c **** 	s %= sizeof(xorSequences)/sizeof(*xorSequences);
 155              		.loc 1 67 4
 156 000c 0357E4FE 		lhu	a4,-18(s0)
 157 0010 C947     		li	a5,18
 158 0012 BB77F702 		remuw	a5,a4,a5
 159 0016 2317F4FE 		sh	a5,-18(s0)
  68:../src/middleware/mcc_tcpip_lite/lfsr.c **** 	xor_mask = xorSequences[s];
 160              		.loc 1 68 25
 161 001a 8357E4FE 		lhu	a5,-18(s0)
 162 001e 8127     		sext.w	a5,a5
 163 0020 17070000 		lla	a4,xorSequences
 163      13070700 
 164 0028 BA97     		add	a5,a4,a5
 165 002a 03C70700 		lbu	a4,0(a5)
 166              		.loc 1 68 11
 167 002e 97070000 		lla	a5,xor_mask
 167      93870700 
 168 0036 2380E700 		sb	a4,0(a5)
  69:../src/middleware/mcc_tcpip_lite/lfsr.c **** }
 169              		.loc 1 69 1
 170 003a 0100     		nop
 171 003c 6264     		ld	s0,24(sp)
 172              		.cfi_restore 8
 173              		.cfi_def_cfa 2, 32
 174 003e 0561     		addi	sp,sp,32
 175              		.cfi_def_cfa_offset 0
 176 0040 8280     		jr	ra
 177              		.cfi_endproc
 178              	.LFE3:
 180              		.section	.text.lfsr,"ax",@progbits
 181              		.align	1
 182              		.globl	lfsr
 184              	lfsr:
 185              	.LFB4:
  70:../src/middleware/mcc_tcpip_lite/lfsr.c **** 
  71:../src/middleware/mcc_tcpip_lite/lfsr.c **** lfsr_t lfsr(void)
  72:../src/middleware/mcc_tcpip_lite/lfsr.c **** {
 186              		.loc 1 72 1
 187              		.cfi_startproc
 188 0000 0111     		addi	sp,sp,-32
 189              		.cfi_def_cfa_offset 32
 190 0002 22EC     		sd	s0,24(sp)
 191              		.cfi_offset 8, -8
 192 0004 0010     		addi	s0,sp,32
 193              		.cfi_def_cfa 8, 0
  73:../src/middleware/mcc_tcpip_lite/lfsr.c **** 	unsigned char lsb = lfsr_value & 1u;     //jira: CAE_MCU8-5647
 194              		.loc 1 73 33
 195 0006 97070000 		lla	a5,lfsr_value
 195      93870700 
 196 000e 83C70700 		lbu	a5,0(a5)
 197              		.loc 1 73 16
 198 0012 858B     		andi	a5,a5,1
 199 0014 A307F4FE 		sb	a5,-17(s0)
  74:../src/middleware/mcc_tcpip_lite/lfsr.c **** 	lfsr_value >>= 1u;                       //jira: CAE_MCU8-5647
 200              		.loc 1 74 13
 201 0018 97070000 		lla	a5,lfsr_value
 201      93870700 
 202 0020 83C70700 		lbu	a5,0(a5)
 203 0024 9BD71700 		srliw	a5,a5,1
 204 0028 13F7F70F 		andi	a4,a5,0xff
 205 002c 97070000 		lla	a5,lfsr_value
 205      93870700 
 206 0034 2380E700 		sb	a4,0(a5)
  75:../src/middleware/mcc_tcpip_lite/lfsr.c **** 	if (lsb)
 207              		.loc 1 75 5
 208 0038 8347F4FE 		lbu	a5,-17(s0)
 209 003c 93F7F70F 		andi	a5,a5,0xff
 210 0040 95C7     		beq	a5,zero,.L8
  76:../src/middleware/mcc_tcpip_lite/lfsr.c **** 		lfsr_value ^= xor_mask;
 211              		.loc 1 76 14
 212 0042 97070000 		lla	a5,lfsr_value
 212      93870700 
 213 004a 03C70700 		lbu	a4,0(a5)
 214 004e 97070000 		lla	a5,xor_mask
 214      93870700 
 215 0056 83C70700 		lbu	a5,0(a5)
 216 005a B98F     		xor	a5,a4,a5
 217 005c 13F7F70F 		andi	a4,a5,0xff
 218 0060 97070000 		lla	a5,lfsr_value
 218      93870700 
 219 0068 2380E700 		sb	a4,0(a5)
 220              	.L8:
  77:../src/middleware/mcc_tcpip_lite/lfsr.c **** 	return lfsr_value & lfsrOutputMask;
 221              		.loc 1 77 20
 222 006c 97070000 		lla	a5,lfsr_value
 222      93870700 
 223 0074 83C70700 		lbu	a5,0(a5)
 224 0078 93F7F707 		andi	a5,a5,127
 225 007c 93F7F70F 		andi	a5,a5,0xff
  78:../src/middleware/mcc_tcpip_lite/lfsr.c **** }
 226              		.loc 1 78 1
 227 0080 3E85     		mv	a0,a5
 228 0082 6264     		ld	s0,24(sp)
 229              		.cfi_restore 8
 230              		.cfi_def_cfa 2, 32
 231 0084 0561     		addi	sp,sp,32
 232              		.cfi_def_cfa_offset 0
 233 0086 8280     		jr	ra
 234              		.cfi_endproc
 235              	.LFE4:
 237              		.section	.text.lfsrWithSeed,"ax",@progbits
 238              		.align	1
 239              		.globl	lfsrWithSeed
 241              	lfsrWithSeed:
 242              	.LFB5:
  79:../src/middleware/mcc_tcpip_lite/lfsr.c **** 
  80:../src/middleware/mcc_tcpip_lite/lfsr.c **** lfsr_t lfsrWithSeed(uint8_t lfsrSeed)
  81:../src/middleware/mcc_tcpip_lite/lfsr.c **** {
 243              		.loc 1 81 1
 244              		.cfi_startproc
 245 0000 7971     		addi	sp,sp,-48
 246              		.cfi_def_cfa_offset 48
 247 0002 22F4     		sd	s0,40(sp)
 248              		.cfi_offset 8, -8
 249 0004 0018     		addi	s0,sp,48
 250              		.cfi_def_cfa 8, 0
 251 0006 AA87     		mv	a5,a0
 252 0008 A30FF4FC 		sb	a5,-33(s0)
  82:../src/middleware/mcc_tcpip_lite/lfsr.c ****     lfsr_value = lfsrSeed;  
 253              		.loc 1 82 16
 254 000c 97070000 		lla	a5,lfsr_value
 254      93870700 
 255 0014 0347F4FD 		lbu	a4,-33(s0)
 256 0018 2380E700 		sb	a4,0(a5)
  83:../src/middleware/mcc_tcpip_lite/lfsr.c **** 	unsigned char lsb = lfsr_value & 1u;     //jira: CAE_MCU8-5647
 257              		.loc 1 83 33
 258 001c 97070000 		lla	a5,lfsr_value
 258      93870700 
 259 0024 83C70700 		lbu	a5,0(a5)
 260              		.loc 1 83 16
 261 0028 858B     		andi	a5,a5,1
 262 002a A307F4FE 		sb	a5,-17(s0)
  84:../src/middleware/mcc_tcpip_lite/lfsr.c **** 	lfsr_value >>= 1;
 263              		.loc 1 84 13
 264 002e 97070000 		lla	a5,lfsr_value
 264      93870700 
 265 0036 83C70700 		lbu	a5,0(a5)
 266 003a 9BD71700 		srliw	a5,a5,1
 267 003e 13F7F70F 		andi	a4,a5,0xff
 268 0042 97070000 		lla	a5,lfsr_value
 268      93870700 
 269 004a 2380E700 		sb	a4,0(a5)
  85:../src/middleware/mcc_tcpip_lite/lfsr.c **** 	if (lsb)
 270              		.loc 1 85 5
 271 004e 8347F4FE 		lbu	a5,-17(s0)
 272 0052 93F7F70F 		andi	a5,a5,0xff
 273 0056 95C7     		beq	a5,zero,.L11
  86:../src/middleware/mcc_tcpip_lite/lfsr.c **** 		lfsr_value ^= xor_mask;
 274              		.loc 1 86 14
 275 0058 97070000 		lla	a5,lfsr_value
 275      93870700 
 276 0060 03C70700 		lbu	a4,0(a5)
 277 0064 97070000 		lla	a5,xor_mask
 277      93870700 
 278 006c 83C70700 		lbu	a5,0(a5)
 279 0070 B98F     		xor	a5,a4,a5
 280 0072 13F7F70F 		andi	a4,a5,0xff
 281 0076 97070000 		lla	a5,lfsr_value
 281      93870700 
 282 007e 2380E700 		sb	a4,0(a5)
 283              	.L11:
  87:../src/middleware/mcc_tcpip_lite/lfsr.c **** 	return lfsr_value & lfsrOutputMask;
 284              		.loc 1 87 20
 285 0082 97070000 		lla	a5,lfsr_value
 285      93870700 
 286 008a 83C70700 		lbu	a5,0(a5)
 287 008e 93F7F707 		andi	a5,a5,127
 288 0092 93F7F70F 		andi	a5,a5,0xff
  88:../src/middleware/mcc_tcpip_lite/lfsr.c **** }
 289              		.loc 1 88 1
 290 0096 3E85     		mv	a0,a5
 291 0098 2274     		ld	s0,40(sp)
 292              		.cfi_restore 8
 293              		.cfi_def_cfa 2, 48
 294 009a 4561     		addi	sp,sp,48
 295              		.cfi_def_cfa_offset 0
 296 009c 8280     		jr	ra
 297              		.cfi_endproc
 298              	.LFE5:
 300              		.text
 301              	.Letext0:
 302              		.file 2 "c:\\microchip\\softconsole-v2022.2-risc-v-747\\riscv-unknown-elf-gcc\\riscv64-unknown-elf
 303              		.file 3 "c:\\microchip\\softconsole-v2022.2-risc-v-747\\riscv-unknown-elf-gcc\\riscv64-unknown-elf
 304              		.file 4 "../src/middleware/mcc_tcpip_lite/lfsr.h"
DEFINED SYMBOLS
                            *ABS*:0000000000000000 lfsr.c
C:\Users\zero6575\AppData\Local\Temp\ccis6HS6.s:12     .sbss.sequenceIndex:0000000000000000 sequenceIndex
C:\Users\zero6575\AppData\Local\Temp\ccis6HS6.s:19     .rodata.xorSequences:0000000000000000 xorSequences
C:\Users\zero6575\AppData\Local\Temp\ccis6HS6.s:42     .sdata.xor_mask:0000000000000000 xor_mask
C:\Users\zero6575\AppData\Local\Temp\ccis6HS6.s:48     .sdata.lfsr_value:0000000000000000 lfsr_value
C:\Users\zero6575\AppData\Local\Temp\ccis6HS6.s:54     .text.lfsr_getSequence:0000000000000000 lfsr_getSequence
C:\Users\zero6575\AppData\Local\Temp\ccis6HS6.s:58     .text.lfsr_getSequence:0000000000000000 .L0 
C:\Users\zero6575\AppData\Local\Temp\ccis6HS6.s:59     .text.lfsr_getSequence:0000000000000000 .L0 
C:\Users\zero6575\AppData\Local\Temp\ccis6HS6.s:60     .text.lfsr_getSequence:0000000000000002 .L0 
C:\Users\zero6575\AppData\Local\Temp\ccis6HS6.s:62     .text.lfsr_getSequence:0000000000000004 .L0 
C:\Users\zero6575\AppData\Local\Temp\ccis6HS6.s:64     .text.lfsr_getSequence:0000000000000006 .L0 
C:\Users\zero6575\AppData\Local\Temp\ccis6HS6.s:66     .text.lfsr_getSequence:0000000000000006 .L0 
C:\Users\zero6575\AppData\Local\Temp\ccis6HS6.s:73     .text.lfsr_getSequence:0000000000000022 .L0 
C:\Users\zero6575\AppData\Local\Temp\ccis6HS6.s:75     .text.lfsr_getSequence:0000000000000026 .L0 
C:\Users\zero6575\AppData\Local\Temp\ccis6HS6.s:76     .text.lfsr_getSequence:0000000000000026 .L0 
C:\Users\zero6575\AppData\Local\Temp\ccis6HS6.s:78     .text.lfsr_getSequence:0000000000000028 .L0 
C:\Users\zero6575\AppData\Local\Temp\ccis6HS6.s:80     .text.lfsr_getSequence:000000000000002a .L0 
C:\Users\zero6575\AppData\Local\Temp\ccis6HS6.s:87     .text.lfsr_getSequenceCount:0000000000000000 lfsr_getSequenceCount
C:\Users\zero6575\AppData\Local\Temp\ccis6HS6.s:90     .text.lfsr_getSequenceCount:0000000000000000 .L0 
C:\Users\zero6575\AppData\Local\Temp\ccis6HS6.s:91     .text.lfsr_getSequenceCount:0000000000000000 .L0 
C:\Users\zero6575\AppData\Local\Temp\ccis6HS6.s:92     .text.lfsr_getSequenceCount:0000000000000002 .L0 
C:\Users\zero6575\AppData\Local\Temp\ccis6HS6.s:94     .text.lfsr_getSequenceCount:0000000000000004 .L0 
C:\Users\zero6575\AppData\Local\Temp\ccis6HS6.s:96     .text.lfsr_getSequenceCount:0000000000000006 .L0 
C:\Users\zero6575\AppData\Local\Temp\ccis6HS6.s:98     .text.lfsr_getSequenceCount:0000000000000006 .L0 
C:\Users\zero6575\AppData\Local\Temp\ccis6HS6.s:100    .text.lfsr_getSequenceCount:0000000000000008 .L0 
C:\Users\zero6575\AppData\Local\Temp\ccis6HS6.s:102    .text.lfsr_getSequenceCount:000000000000000c .L0 
C:\Users\zero6575\AppData\Local\Temp\ccis6HS6.s:103    .text.lfsr_getSequenceCount:000000000000000c .L0 
C:\Users\zero6575\AppData\Local\Temp\ccis6HS6.s:105    .text.lfsr_getSequenceCount:000000000000000e .L0 
C:\Users\zero6575\AppData\Local\Temp\ccis6HS6.s:107    .text.lfsr_getSequenceCount:0000000000000010 .L0 
C:\Users\zero6575\AppData\Local\Temp\ccis6HS6.s:114    .text.lfsr_reset:0000000000000000 lfsr_reset
C:\Users\zero6575\AppData\Local\Temp\ccis6HS6.s:117    .text.lfsr_reset:0000000000000000 .L0 
C:\Users\zero6575\AppData\Local\Temp\ccis6HS6.s:118    .text.lfsr_reset:0000000000000000 .L0 
C:\Users\zero6575\AppData\Local\Temp\ccis6HS6.s:119    .text.lfsr_reset:0000000000000002 .L0 
C:\Users\zero6575\AppData\Local\Temp\ccis6HS6.s:121    .text.lfsr_reset:0000000000000004 .L0 
C:\Users\zero6575\AppData\Local\Temp\ccis6HS6.s:123    .text.lfsr_reset:0000000000000006 .L0 
C:\Users\zero6575\AppData\Local\Temp\ccis6HS6.s:125    .text.lfsr_reset:0000000000000006 .L0 
C:\Users\zero6575\AppData\Local\Temp\ccis6HS6.s:129    .text.lfsr_reset:0000000000000016 .L0 
C:\Users\zero6575\AppData\Local\Temp\ccis6HS6.s:131    .text.lfsr_reset:000000000000001a .L0 
C:\Users\zero6575\AppData\Local\Temp\ccis6HS6.s:132    .text.lfsr_reset:000000000000001a .L0 
C:\Users\zero6575\AppData\Local\Temp\ccis6HS6.s:134    .text.lfsr_reset:000000000000001c .L0 
C:\Users\zero6575\AppData\Local\Temp\ccis6HS6.s:136    .text.lfsr_reset:000000000000001e .L0 
C:\Users\zero6575\AppData\Local\Temp\ccis6HS6.s:143    .text.lfsr_setSequence:0000000000000000 lfsr_setSequence
C:\Users\zero6575\AppData\Local\Temp\ccis6HS6.s:146    .text.lfsr_setSequence:0000000000000000 .L0 
C:\Users\zero6575\AppData\Local\Temp\ccis6HS6.s:147    .text.lfsr_setSequence:0000000000000000 .L0 
C:\Users\zero6575\AppData\Local\Temp\ccis6HS6.s:148    .text.lfsr_setSequence:0000000000000002 .L0 
C:\Users\zero6575\AppData\Local\Temp\ccis6HS6.s:150    .text.lfsr_setSequence:0000000000000004 .L0 
C:\Users\zero6575\AppData\Local\Temp\ccis6HS6.s:152    .text.lfsr_setSequence:0000000000000006 .L0 
C:\Users\zero6575\AppData\Local\Temp\ccis6HS6.s:156    .text.lfsr_setSequence:000000000000000c .L0 
C:\Users\zero6575\AppData\Local\Temp\ccis6HS6.s:161    .text.lfsr_setSequence:000000000000001a .L0 
C:\Users\zero6575\AppData\Local\Temp\ccis6HS6.s:167    .text.lfsr_setSequence:000000000000002e .L0 
C:\Users\zero6575\AppData\Local\Temp\ccis6HS6.s:170    .text.lfsr_setSequence:000000000000003a .L0 
C:\Users\zero6575\AppData\Local\Temp\ccis6HS6.s:172    .text.lfsr_setSequence:000000000000003e .L0 
C:\Users\zero6575\AppData\Local\Temp\ccis6HS6.s:173    .text.lfsr_setSequence:000000000000003e .L0 
C:\Users\zero6575\AppData\Local\Temp\ccis6HS6.s:175    .text.lfsr_setSequence:0000000000000040 .L0 
C:\Users\zero6575\AppData\Local\Temp\ccis6HS6.s:177    .text.lfsr_setSequence:0000000000000042 .L0 
C:\Users\zero6575\AppData\Local\Temp\ccis6HS6.s:184    .text.lfsr:0000000000000000 lfsr
C:\Users\zero6575\AppData\Local\Temp\ccis6HS6.s:187    .text.lfsr:0000000000000000 .L0 
C:\Users\zero6575\AppData\Local\Temp\ccis6HS6.s:188    .text.lfsr:0000000000000000 .L0 
C:\Users\zero6575\AppData\Local\Temp\ccis6HS6.s:189    .text.lfsr:0000000000000002 .L0 
C:\Users\zero6575\AppData\Local\Temp\ccis6HS6.s:191    .text.lfsr:0000000000000004 .L0 
C:\Users\zero6575\AppData\Local\Temp\ccis6HS6.s:193    .text.lfsr:0000000000000006 .L0 
C:\Users\zero6575\AppData\Local\Temp\ccis6HS6.s:195    .text.lfsr:0000000000000006 .L0 
C:\Users\zero6575\AppData\Local\Temp\ccis6HS6.s:198    .text.lfsr:0000000000000012 .L0 
C:\Users\zero6575\AppData\Local\Temp\ccis6HS6.s:201    .text.lfsr:0000000000000018 .L0 
C:\Users\zero6575\AppData\Local\Temp\ccis6HS6.s:208    .text.lfsr:0000000000000038 .L0 
C:\Users\zero6575\AppData\Local\Temp\ccis6HS6.s:212    .text.lfsr:0000000000000042 .L0 
C:\Users\zero6575\AppData\Local\Temp\ccis6HS6.s:222    .text.lfsr:000000000000006c .L0 
C:\Users\zero6575\AppData\Local\Temp\ccis6HS6.s:227    .text.lfsr:0000000000000080 .L0 
C:\Users\zero6575\AppData\Local\Temp\ccis6HS6.s:229    .text.lfsr:0000000000000084 .L0 
C:\Users\zero6575\AppData\Local\Temp\ccis6HS6.s:230    .text.lfsr:0000000000000084 .L0 
C:\Users\zero6575\AppData\Local\Temp\ccis6HS6.s:232    .text.lfsr:0000000000000086 .L0 
C:\Users\zero6575\AppData\Local\Temp\ccis6HS6.s:234    .text.lfsr:0000000000000088 .L0 
C:\Users\zero6575\AppData\Local\Temp\ccis6HS6.s:241    .text.lfsrWithSeed:0000000000000000 lfsrWithSeed
C:\Users\zero6575\AppData\Local\Temp\ccis6HS6.s:244    .text.lfsrWithSeed:0000000000000000 .L0 
C:\Users\zero6575\AppData\Local\Temp\ccis6HS6.s:245    .text.lfsrWithSeed:0000000000000000 .L0 
C:\Users\zero6575\AppData\Local\Temp\ccis6HS6.s:246    .text.lfsrWithSeed:0000000000000002 .L0 
C:\Users\zero6575\AppData\Local\Temp\ccis6HS6.s:248    .text.lfsrWithSeed:0000000000000004 .L0 
C:\Users\zero6575\AppData\Local\Temp\ccis6HS6.s:250    .text.lfsrWithSeed:0000000000000006 .L0 
C:\Users\zero6575\AppData\Local\Temp\ccis6HS6.s:254    .text.lfsrWithSeed:000000000000000c .L0 
C:\Users\zero6575\AppData\Local\Temp\ccis6HS6.s:258    .text.lfsrWithSeed:000000000000001c .L0 
C:\Users\zero6575\AppData\Local\Temp\ccis6HS6.s:261    .text.lfsrWithSeed:0000000000000028 .L0 
C:\Users\zero6575\AppData\Local\Temp\ccis6HS6.s:264    .text.lfsrWithSeed:000000000000002e .L0 
C:\Users\zero6575\AppData\Local\Temp\ccis6HS6.s:271    .text.lfsrWithSeed:000000000000004e .L0 
C:\Users\zero6575\AppData\Local\Temp\ccis6HS6.s:275    .text.lfsrWithSeed:0000000000000058 .L0 
C:\Users\zero6575\AppData\Local\Temp\ccis6HS6.s:285    .text.lfsrWithSeed:0000000000000082 .L0 
C:\Users\zero6575\AppData\Local\Temp\ccis6HS6.s:290    .text.lfsrWithSeed:0000000000000096 .L0 
C:\Users\zero6575\AppData\Local\Temp\ccis6HS6.s:292    .text.lfsrWithSeed:000000000000009a .L0 
C:\Users\zero6575\AppData\Local\Temp\ccis6HS6.s:293    .text.lfsrWithSeed:000000000000009a .L0 
C:\Users\zero6575\AppData\Local\Temp\ccis6HS6.s:295    .text.lfsrWithSeed:000000000000009c .L0 
C:\Users\zero6575\AppData\Local\Temp\ccis6HS6.s:297    .text.lfsrWithSeed:000000000000009e .L0 
C:\Users\zero6575\AppData\Local\Temp\ccis6HS6.s:83     .text.lfsr_getSequence:000000000000002a .L0 
C:\Users\zero6575\AppData\Local\Temp\ccis6HS6.s:110    .text.lfsr_getSequenceCount:0000000000000010 .L0 
C:\Users\zero6575\AppData\Local\Temp\ccis6HS6.s:139    .text.lfsr_reset:000000000000001e .L0 
C:\Users\zero6575\AppData\Local\Temp\ccis6HS6.s:180    .text.lfsr_setSequence:0000000000000042 .L0 
C:\Users\zero6575\AppData\Local\Temp\ccis6HS6.s:237    .text.lfsr:0000000000000088 .L0 
C:\Users\zero6575\AppData\Local\Temp\ccis6HS6.s:300    .text.lfsrWithSeed:000000000000009e .L0 
                     .debug_frame:0000000000000000 .L0 
C:\Users\zero6575\AppData\Local\Temp\ccis6HS6.s:66     .text.lfsr_getSequence:0000000000000006 .L0 
C:\Users\zero6575\AppData\Local\Temp\ccis6HS6.s:69     .text.lfsr_getSequence:0000000000000014 .L0 
C:\Users\zero6575\AppData\Local\Temp\ccis6HS6.s:125    .text.lfsr_reset:0000000000000006 .L0 
C:\Users\zero6575\AppData\Local\Temp\ccis6HS6.s:163    .text.lfsr_setSequence:0000000000000020 .L0 
C:\Users\zero6575\AppData\Local\Temp\ccis6HS6.s:167    .text.lfsr_setSequence:000000000000002e .L0 
C:\Users\zero6575\AppData\Local\Temp\ccis6HS6.s:195    .text.lfsr:0000000000000006 .L0 
C:\Users\zero6575\AppData\Local\Temp\ccis6HS6.s:201    .text.lfsr:0000000000000018 .L0 
C:\Users\zero6575\AppData\Local\Temp\ccis6HS6.s:205    .text.lfsr:000000000000002c .L0 
C:\Users\zero6575\AppData\Local\Temp\ccis6HS6.s:212    .text.lfsr:0000000000000042 .L0 
C:\Users\zero6575\AppData\Local\Temp\ccis6HS6.s:214    .text.lfsr:000000000000004e .L0 
C:\Users\zero6575\AppData\Local\Temp\ccis6HS6.s:218    .text.lfsr:0000000000000060 .L0 
C:\Users\zero6575\AppData\Local\Temp\ccis6HS6.s:222    .text.lfsr:000000000000006c .L0 
C:\Users\zero6575\AppData\Local\Temp\ccis6HS6.s:220    .text.lfsr:000000000000006c .L8
C:\Users\zero6575\AppData\Local\Temp\ccis6HS6.s:254    .text.lfsrWithSeed:000000000000000c .L0 
C:\Users\zero6575\AppData\Local\Temp\ccis6HS6.s:258    .text.lfsrWithSeed:000000000000001c .L0 
C:\Users\zero6575\AppData\Local\Temp\ccis6HS6.s:264    .text.lfsrWithSeed:000000000000002e .L0 
C:\Users\zero6575\AppData\Local\Temp\ccis6HS6.s:268    .text.lfsrWithSeed:0000000000000042 .L0 
C:\Users\zero6575\AppData\Local\Temp\ccis6HS6.s:275    .text.lfsrWithSeed:0000000000000058 .L0 
C:\Users\zero6575\AppData\Local\Temp\ccis6HS6.s:277    .text.lfsrWithSeed:0000000000000064 .L0 
C:\Users\zero6575\AppData\Local\Temp\ccis6HS6.s:281    .text.lfsrWithSeed:0000000000000076 .L0 
C:\Users\zero6575\AppData\Local\Temp\ccis6HS6.s:285    .text.lfsrWithSeed:0000000000000082 .L0 
C:\Users\zero6575\AppData\Local\Temp\ccis6HS6.s:283    .text.lfsrWithSeed:0000000000000082 .L11
C:\Users\zero6575\AppData\Local\Temp\ccis6HS6.s:531    .debug_abbrev:0000000000000000 .Ldebug_abbrev0
C:\Users\zero6575\AppData\Local\Temp\ccis6HS6.s:3387   .debug_str:0000000000002e7f .LASF523
C:\Users\zero6575\AppData\Local\Temp\ccis6HS6.s:3479   .debug_str:0000000000003418 .LASF524
C:\Users\zero6575\AppData\Local\Temp\ccis6HS6.s:3057   .debug_str:0000000000001e81 .LASF525
C:\Users\zero6575\AppData\Local\Temp\ccis6HS6.s:834    .debug_ranges:0000000000000000 .Ldebug_ranges0
C:\Users\zero6575\AppData\Local\Temp\ccis6HS6.s:2479   .debug_line:0000000000000000 .Ldebug_line0
C:\Users\zero6575\AppData\Local\Temp\ccis6HS6.s:850    .debug_macro:0000000000000000 .Ldebug_macro0
C:\Users\zero6575\AppData\Local\Temp\ccis6HS6.s:3445   .debug_str:000000000000322f .LASF502
C:\Users\zero6575\AppData\Local\Temp\ccis6HS6.s:3271   .debug_str:00000000000028c7 .LASF505
C:\Users\zero6575\AppData\Local\Temp\ccis6HS6.s:3357   .debug_str:0000000000002cd7 .LASF503
C:\Users\zero6575\AppData\Local\Temp\ccis6HS6.s:3195   .debug_str:000000000000254c .LASF504
C:\Users\zero6575\AppData\Local\Temp\ccis6HS6.s:2769   .debug_str:0000000000000f07 .LASF506
C:\Users\zero6575\AppData\Local\Temp\ccis6HS6.s:3453   .debug_str:0000000000003289 .LASF507
C:\Users\zero6575\AppData\Local\Temp\ccis6HS6.s:2563   .debug_str:0000000000000522 .LASF508
C:\Users\zero6575\AppData\Local\Temp\ccis6HS6.s:3205   .debug_str:00000000000025cc .LASF509
C:\Users\zero6575\AppData\Local\Temp\ccis6HS6.s:3313   .debug_str:0000000000002ac1 .LASF510
C:\Users\zero6575\AppData\Local\Temp\ccis6HS6.s:2921   .debug_str:00000000000017c0 .LASF511
C:\Users\zero6575\AppData\Local\Temp\ccis6HS6.s:3151   .debug_str:0000000000002302 .LASF512
C:\Users\zero6575\AppData\Local\Temp\ccis6HS6.s:2727   .debug_str:0000000000000cf7 .LASF513
C:\Users\zero6575\AppData\Local\Temp\ccis6HS6.s:2995   .debug_str:0000000000001b2b .LASF517
C:\Users\zero6575\AppData\Local\Temp\ccis6HS6.s:3209   .debug_str:00000000000025ec .LASF514
C:\Users\zero6575\AppData\Local\Temp\ccis6HS6.s:3417   .debug_str:00000000000030ce .LASF515
C:\Users\zero6575\AppData\Local\Temp\ccis6HS6.s:3109   .debug_str:00000000000020da .LASF516
C:\Users\zero6575\AppData\Local\Temp\ccis6HS6.s:2701   .debug_str:0000000000000be8 .LASF518
C:\Users\zero6575\AppData\Local\Temp\ccis6HS6.s:242    .text.lfsrWithSeed:0000000000000000 .LFB5
C:\Users\zero6575\AppData\Local\Temp\ccis6HS6.s:298    .text.lfsrWithSeed:000000000000009e .LFE5
C:\Users\zero6575\AppData\Local\Temp\ccis6HS6.s:2577   .debug_str:0000000000000618 .LASF520
C:\Users\zero6575\AppData\Local\Temp\ccis6HS6.s:3525   .debug_str:00000000000036f4 .LASF519
C:\Users\zero6575\AppData\Local\Temp\ccis6HS6.s:185    .text.lfsr:0000000000000000 .LFB4
C:\Users\zero6575\AppData\Local\Temp\ccis6HS6.s:235    .text.lfsr:0000000000000088 .LFE4
C:\Users\zero6575\AppData\Local\Temp\ccis6HS6.s:3041   .debug_str:0000000000001db5 .LASF526
C:\Users\zero6575\AppData\Local\Temp\ccis6HS6.s:144    .text.lfsr_setSequence:0000000000000000 .LFB3
C:\Users\zero6575\AppData\Local\Temp\ccis6HS6.s:178    .text.lfsr_setSequence:0000000000000042 .LFE3
C:\Users\zero6575\AppData\Local\Temp\ccis6HS6.s:3321   .debug_str:0000000000002b39 .LASF527
C:\Users\zero6575\AppData\Local\Temp\ccis6HS6.s:115    .text.lfsr_reset:0000000000000000 .LFB2
C:\Users\zero6575\AppData\Local\Temp\ccis6HS6.s:137    .text.lfsr_reset:000000000000001e .LFE2
C:\Users\zero6575\AppData\Local\Temp\ccis6HS6.s:3329   .debug_str:0000000000002b8d .LASF521
C:\Users\zero6575\AppData\Local\Temp\ccis6HS6.s:88     .text.lfsr_getSequenceCount:0000000000000000 .LFB1
C:\Users\zero6575\AppData\Local\Temp\ccis6HS6.s:108    .text.lfsr_getSequenceCount:0000000000000010 .LFE1
C:\Users\zero6575\AppData\Local\Temp\ccis6HS6.s:2853   .debug_str:000000000000138a .LASF522
C:\Users\zero6575\AppData\Local\Temp\ccis6HS6.s:55     .text.lfsr_getSequence:0000000000000000 .LFB0
C:\Users\zero6575\AppData\Local\Temp\ccis6HS6.s:81     .text.lfsr_getSequence:000000000000002a .LFE0
C:\Users\zero6575\AppData\Local\Temp\ccis6HS6.s:306    .debug_info:0000000000000000 .Ldebug_info0
C:\Users\zero6575\AppData\Local\Temp\ccis6HS6.s:932    .debug_macro:0000000000000000 .Ldebug_macro2
C:\Users\zero6575\AppData\Local\Temp\ccis6HS6.s:2927   .debug_str:00000000000017f6 .LASF342
C:\Users\zero6575\AppData\Local\Temp\ccis6HS6.s:2819   .debug_str:00000000000011a2 .LASF343
C:\Users\zero6575\AppData\Local\Temp\ccis6HS6.s:2993   .debug_str:0000000000001b10 .LASF344
C:\Users\zero6575\AppData\Local\Temp\ccis6HS6.s:2745   .debug_str:0000000000000dd4 .LASF345
C:\Users\zero6575\AppData\Local\Temp\ccis6HS6.s:1963   .debug_macro:0000000000000000 .Ldebug_macro3
C:\Users\zero6575\AppData\Local\Temp\ccis6HS6.s:1983   .debug_macro:0000000000000000 .Ldebug_macro4
C:\Users\zero6575\AppData\Local\Temp\ccis6HS6.s:2048   .debug_macro:0000000000000000 .Ldebug_macro5
C:\Users\zero6575\AppData\Local\Temp\ccis6HS6.s:2089   .debug_macro:0000000000000000 .Ldebug_macro6
C:\Users\zero6575\AppData\Local\Temp\ccis6HS6.s:2211   .debug_macro:0000000000000000 .Ldebug_macro7
C:\Users\zero6575\AppData\Local\Temp\ccis6HS6.s:2267   .debug_macro:0000000000000000 .Ldebug_macro8
C:\Users\zero6575\AppData\Local\Temp\ccis6HS6.s:2811   .debug_str:000000000000114a .LASF499
C:\Users\zero6575\AppData\Local\Temp\ccis6HS6.s:2693   .debug_str:0000000000000ba8 .LASF500
C:\Users\zero6575\AppData\Local\Temp\ccis6HS6.s:3411   .debug_str:0000000000003065 .LASF501
C:\Users\zero6575\AppData\Local\Temp\ccis6HS6.s:3061   .debug_str:0000000000001ef6 .LASF0
C:\Users\zero6575\AppData\Local\Temp\ccis6HS6.s:2959   .debug_str:0000000000001993 .LASF1
C:\Users\zero6575\AppData\Local\Temp\ccis6HS6.s:3107   .debug_str:00000000000020c8 .LASF2
C:\Users\zero6575\AppData\Local\Temp\ccis6HS6.s:2645   .debug_str:0000000000000947 .LASF3
C:\Users\zero6575\AppData\Local\Temp\ccis6HS6.s:3331   .debug_str:0000000000002ba3 .LASF4
C:\Users\zero6575\AppData\Local\Temp\ccis6HS6.s:2585   .debug_str:000000000000066c .LASF5
C:\Users\zero6575\AppData\Local\Temp\ccis6HS6.s:2557   .debug_str:00000000000004d5 .LASF6
C:\Users\zero6575\AppData\Local\Temp\ccis6HS6.s:3093   .debug_str:0000000000002043 .LASF7
C:\Users\zero6575\AppData\Local\Temp\ccis6HS6.s:3269   .debug_str:00000000000028b3 .LASF8
C:\Users\zero6575\AppData\Local\Temp\ccis6HS6.s:2663   .debug_str:0000000000000a21 .LASF9
C:\Users\zero6575\AppData\Local\Temp\ccis6HS6.s:2611   .debug_str:0000000000000784 .LASF10
C:\Users\zero6575\AppData\Local\Temp\ccis6HS6.s:3139   .debug_str:0000000000002278 .LASF11
C:\Users\zero6575\AppData\Local\Temp\ccis6HS6.s:2599   .debug_str:000000000000070b .LASF12
C:\Users\zero6575\AppData\Local\Temp\ccis6HS6.s:3351   .debug_str:0000000000002c9c .LASF13
C:\Users\zero6575\AppData\Local\Temp\ccis6HS6.s:3069   .debug_str:0000000000001f33 .LASF14
C:\Users\zero6575\AppData\Local\Temp\ccis6HS6.s:3015   .debug_str:0000000000001c2b .LASF15
C:\Users\zero6575\AppData\Local\Temp\ccis6HS6.s:2997   .debug_str:0000000000001b39 .LASF16
C:\Users\zero6575\AppData\Local\Temp\ccis6HS6.s:2987   .debug_str:0000000000001ad5 .LASF17
C:\Users\zero6575\AppData\Local\Temp\ccis6HS6.s:2713   .debug_str:0000000000000c76 .LASF18
C:\Users\zero6575\AppData\Local\Temp\ccis6HS6.s:3067   .debug_str:0000000000001f21 .LASF19
C:\Users\zero6575\AppData\Local\Temp\ccis6HS6.s:3263   .debug_str:000000000000286d .LASF20
C:\Users\zero6575\AppData\Local\Temp\ccis6HS6.s:2613   .debug_str:0000000000000797 .LASF21
C:\Users\zero6575\AppData\Local\Temp\ccis6HS6.s:3457   .debug_str:00000000000032b9 .LASF22
C:\Users\zero6575\AppData\Local\Temp\ccis6HS6.s:3091   .debug_str:000000000000202f .LASF23
C:\Users\zero6575\AppData\Local\Temp\ccis6HS6.s:2765   .debug_str:0000000000000ed5 .LASF24
C:\Users\zero6575\AppData\Local\Temp\ccis6HS6.s:2579   .debug_str:0000000000000621 .LASF25
C:\Users\zero6575\AppData\Local\Temp\ccis6HS6.s:3001   .debug_str:0000000000001b5b .LASF26
C:\Users\zero6575\AppData\Local\Temp\ccis6HS6.s:3459   .debug_str:00000000000032cc .LASF27
C:\Users\zero6575\AppData\Local\Temp\ccis6HS6.s:2805   .debug_str:00000000000010fe .LASF28
C:\Users\zero6575\AppData\Local\Temp\ccis6HS6.s:2583   .debug_str:0000000000000652 .LASF29
C:\Users\zero6575\AppData\Local\Temp\ccis6HS6.s:3175   .debug_str:0000000000002424 .LASF30
C:\Users\zero6575\AppData\Local\Temp\ccis6HS6.s:2629   .debug_str:0000000000000860 .LASF31
C:\Users\zero6575\AppData\Local\Temp\ccis6HS6.s:3127   .debug_str:00000000000021a0 .LASF32
C:\Users\zero6575\AppData\Local\Temp\ccis6HS6.s:3281   .debug_str:0000000000002941 .LASF33
C:\Users\zero6575\AppData\Local\Temp\ccis6HS6.s:2899   .debug_str:000000000000168a .LASF34
C:\Users\zero6575\AppData\Local\Temp\ccis6HS6.s:3431   .debug_str:0000000000003167 .LASF35
C:\Users\zero6575\AppData\Local\Temp\ccis6HS6.s:2751   .debug_str:0000000000000e19 .LASF36
C:\Users\zero6575\AppData\Local\Temp\ccis6HS6.s:3079   .debug_str:0000000000001fa4 .LASF37
C:\Users\zero6575\AppData\Local\Temp\ccis6HS6.s:2781   .debug_str:0000000000000fa1 .LASF38
C:\Users\zero6575\AppData\Local\Temp\ccis6HS6.s:3153   .debug_str:000000000000230b .LASF39
C:\Users\zero6575\AppData\Local\Temp\ccis6HS6.s:2575   .debug_str:00000000000005f5 .LASF40
C:\Users\zero6575\AppData\Local\Temp\ccis6HS6.s:3211   .debug_str:00000000000025f9 .LASF41
C:\Users\zero6575\AppData\Local\Temp\ccis6HS6.s:3515   .debug_str:000000000000366a .LASF42
C:\Users\zero6575\AppData\Local\Temp\ccis6HS6.s:3233   .debug_str:00000000000026de .LASF43
C:\Users\zero6575\AppData\Local\Temp\ccis6HS6.s:2601   .debug_str:000000000000071e .LASF44
C:\Users\zero6575\AppData\Local\Temp\ccis6HS6.s:2821   .debug_str:00000000000011ad .LASF45
C:\Users\zero6575\AppData\Local\Temp\ccis6HS6.s:3363   .debug_str:0000000000002d13 .LASF46
C:\Users\zero6575\AppData\Local\Temp\ccis6HS6.s:3265   .debug_str:0000000000002884 .LASF47
C:\Users\zero6575\AppData\Local\Temp\ccis6HS6.s:2861   .debug_str:00000000000013dd .LASF48
C:\Users\zero6575\AppData\Local\Temp\ccis6HS6.s:3247   .debug_str:0000000000002796 .LASF49
C:\Users\zero6575\AppData\Local\Temp\ccis6HS6.s:2617   .debug_str:00000000000007c0 .LASF50
C:\Users\zero6575\AppData\Local\Temp\ccis6HS6.s:2619   .debug_str:00000000000007e2 .LASF51
C:\Users\zero6575\AppData\Local\Temp\ccis6HS6.s:2969   .debug_str:0000000000001a10 .LASF52
C:\Users\zero6575\AppData\Local\Temp\ccis6HS6.s:2689   .debug_str:0000000000000b76 .LASF53
C:\Users\zero6575\AppData\Local\Temp\ccis6HS6.s:2637   .debug_str:00000000000008ea .LASF54
C:\Users\zero6575\AppData\Local\Temp\ccis6HS6.s:2677   .debug_str:0000000000000ac0 .LASF55
C:\Users\zero6575\AppData\Local\Temp\ccis6HS6.s:2873   .debug_str:00000000000014b6 .LASF56
C:\Users\zero6575\AppData\Local\Temp\ccis6HS6.s:2623   .debug_str:0000000000000818 .LASF57
C:\Users\zero6575\AppData\Local\Temp\ccis6HS6.s:3385   .debug_str:0000000000002e57 .LASF58
C:\Users\zero6575\AppData\Local\Temp\ccis6HS6.s:2771   .debug_str:0000000000000f12 .LASF59
C:\Users\zero6575\AppData\Local\Temp\ccis6HS6.s:2855   .debug_str:000000000000139b .LASF60
C:\Users\zero6575\AppData\Local\Temp\ccis6HS6.s:3427   .debug_str:0000000000003137 .LASF61
C:\Users\zero6575\AppData\Local\Temp\ccis6HS6.s:2955   .debug_str:000000000000195b .LASF62
C:\Users\zero6575\AppData\Local\Temp\ccis6HS6.s:2931   .debug_str:0000000000001815 .LASF63
C:\Users\zero6575\AppData\Local\Temp\ccis6HS6.s:3197   .debug_str:0000000000002556 .LASF64
C:\Users\zero6575\AppData\Local\Temp\ccis6HS6.s:3383   .debug_str:0000000000002e35 .LASF65
C:\Users\zero6575\AppData\Local\Temp\ccis6HS6.s:3497   .debug_str:0000000000003539 .LASF66
C:\Users\zero6575\AppData\Local\Temp\ccis6HS6.s:2785   .debug_str:0000000000000fd8 .LASF67
C:\Users\zero6575\AppData\Local\Temp\ccis6HS6.s:3035   .debug_str:0000000000001d67 .LASF68
C:\Users\zero6575\AppData\Local\Temp\ccis6HS6.s:3341   .debug_str:0000000000002c16 .LASF69
C:\Users\zero6575\AppData\Local\Temp\ccis6HS6.s:2541   .debug_str:0000000000000387 .LASF70
C:\Users\zero6575\AppData\Local\Temp\ccis6HS6.s:2913   .debug_str:0000000000001766 .LASF71
C:\Users\zero6575\AppData\Local\Temp\ccis6HS6.s:2651   .debug_str:0000000000000990 .LASF72
C:\Users\zero6575\AppData\Local\Temp\ccis6HS6.s:3171   .debug_str:00000000000023ef .LASF73
C:\Users\zero6575\AppData\Local\Temp\ccis6HS6.s:2597   .debug_str:00000000000006f4 .LASF74
C:\Users\zero6575\AppData\Local\Temp\ccis6HS6.s:3199   .debug_str:0000000000002578 .LASF75
C:\Users\zero6575\AppData\Local\Temp\ccis6HS6.s:2871   .debug_str:000000000000148f .LASF76
C:\Users\zero6575\AppData\Local\Temp\ccis6HS6.s:3289   .debug_str:00000000000029bc .LASF77
C:\Users\zero6575\AppData\Local\Temp\ccis6HS6.s:2639   .debug_str:0000000000000908 .LASF78
C:\Users\zero6575\AppData\Local\Temp\ccis6HS6.s:3235   .debug_str:00000000000026f8 .LASF79
C:\Users\zero6575\AppData\Local\Temp\ccis6HS6.s:3097   .debug_str:0000000000002068 .LASF80
C:\Users\zero6575\AppData\Local\Temp\ccis6HS6.s:2967   .debug_str:00000000000019ec .LASF81
C:\Users\zero6575\AppData\Local\Temp\ccis6HS6.s:3393   .debug_str:0000000000002f83 .LASF82
C:\Users\zero6575\AppData\Local\Temp\ccis6HS6.s:3085   .debug_str:0000000000001fec .LASF83
C:\Users\zero6575\AppData\Local\Temp\ccis6HS6.s:3267   .debug_str:00000000000028a1 .LASF84
C:\Users\zero6575\AppData\Local\Temp\ccis6HS6.s:3297   .debug_str:0000000000002a13 .LASF85
C:\Users\zero6575\AppData\Local\Temp\ccis6HS6.s:3343   .debug_str:0000000000002c3e .LASF86
C:\Users\zero6575\AppData\Local\Temp\ccis6HS6.s:2569   .debug_str:0000000000000592 .LASF87
C:\Users\zero6575\AppData\Local\Temp\ccis6HS6.s:2865   .debug_str:000000000000143a .LASF88
C:\Users\zero6575\AppData\Local\Temp\ccis6HS6.s:3181   .debug_str:000000000000246e .LASF89
C:\Users\zero6575\AppData\Local\Temp\ccis6HS6.s:3493   .debug_str:0000000000003505 .LASF90
C:\Users\zero6575\AppData\Local\Temp\ccis6HS6.s:3335   .debug_str:0000000000002bca .LASF91
C:\Users\zero6575\AppData\Local\Temp\ccis6HS6.s:2891   .debug_str:0000000000001602 .LASF92
C:\Users\zero6575\AppData\Local\Temp\ccis6HS6.s:2929   .debug_str:0000000000001800 .LASF93
C:\Users\zero6575\AppData\Local\Temp\ccis6HS6.s:3381   .debug_str:0000000000002e10 .LASF94
C:\Users\zero6575\AppData\Local\Temp\ccis6HS6.s:3207   .debug_str:00000000000025d5 .LASF95
C:\Users\zero6575\AppData\Local\Temp\ccis6HS6.s:2961   .debug_str:00000000000019ac .LASF96
C:\Users\zero6575\AppData\Local\Temp\ccis6HS6.s:2481   .debug_str:0000000000000000 .LASF97
C:\Users\zero6575\AppData\Local\Temp\ccis6HS6.s:3133   .debug_str:0000000000002224 .LASF98
C:\Users\zero6575\AppData\Local\Temp\ccis6HS6.s:3163   .debug_str:0000000000002380 .LASF99
C:\Users\zero6575\AppData\Local\Temp\ccis6HS6.s:2753   .debug_str:0000000000000e2c .LASF100
C:\Users\zero6575\AppData\Local\Temp\ccis6HS6.s:3081   .debug_str:0000000000001fbf .LASF101
C:\Users\zero6575\AppData\Local\Temp\ccis6HS6.s:3135   .debug_str:0000000000002251 .LASF102
C:\Users\zero6575\AppData\Local\Temp\ccis6HS6.s:3143   .debug_str:000000000000229b .LASF103
C:\Users\zero6575\AppData\Local\Temp\ccis6HS6.s:2947   .debug_str:00000000000018da .LASF104
C:\Users\zero6575\AppData\Local\Temp\ccis6HS6.s:2949   .debug_str:00000000000018ed .LASF105
C:\Users\zero6575\AppData\Local\Temp\ccis6HS6.s:3011   .debug_str:0000000000001c08 .LASF106
C:\Users\zero6575\AppData\Local\Temp\ccis6HS6.s:2561   .debug_str:00000000000004fe .LASF107
C:\Users\zero6575\AppData\Local\Temp\ccis6HS6.s:2981   .debug_str:0000000000001aa2 .LASF108
C:\Users\zero6575\AppData\Local\Temp\ccis6HS6.s:2977   .debug_str:0000000000001a79 .LASF109
C:\Users\zero6575\AppData\Local\Temp\ccis6HS6.s:2945   .debug_str:00000000000018c3 .LASF110
C:\Users\zero6575\AppData\Local\Temp\ccis6HS6.s:2647   .debug_str:0000000000000959 .LASF111
C:\Users\zero6575\AppData\Local\Temp\ccis6HS6.s:3037   .debug_str:0000000000001d8a .LASF112
C:\Users\zero6575\AppData\Local\Temp\ccis6HS6.s:2691   .debug_str:0000000000000b8f .LASF113
C:\Users\zero6575\AppData\Local\Temp\ccis6HS6.s:3495   .debug_str:000000000000351a .LASF114
C:\Users\zero6575\AppData\Local\Temp\ccis6HS6.s:3227   .debug_str:00000000000026af .LASF115
C:\Users\zero6575\AppData\Local\Temp\ccis6HS6.s:3377   .debug_str:0000000000002dcf .LASF116
C:\Users\zero6575\AppData\Local\Temp\ccis6HS6.s:2943   .debug_str:000000000000189b .LASF117
C:\Users\zero6575\AppData\Local\Temp\ccis6HS6.s:3425   .debug_str:0000000000003123 .LASF118
C:\Users\zero6575\AppData\Local\Temp\ccis6HS6.s:2799   .debug_str:000000000000108d .LASF119
C:\Users\zero6575\AppData\Local\Temp\ccis6HS6.s:2747   .debug_str:0000000000000de5 .LASF120
C:\Users\zero6575\AppData\Local\Temp\ccis6HS6.s:3095   .debug_str:0000000000002059 .LASF121
C:\Users\zero6575\AppData\Local\Temp\ccis6HS6.s:2741   .debug_str:0000000000000d8f .LASF122
C:\Users\zero6575\AppData\Local\Temp\ccis6HS6.s:3141   .debug_str:000000000000228b .LASF123
C:\Users\zero6575\AppData\Local\Temp\ccis6HS6.s:3481   .debug_str:0000000000003440 .LASF124
C:\Users\zero6575\AppData\Local\Temp\ccis6HS6.s:3087   .debug_str:0000000000001ffe .LASF125
C:\Users\zero6575\AppData\Local\Temp\ccis6HS6.s:3025   .debug_str:0000000000001cb9 .LASF126
C:\Users\zero6575\AppData\Local\Temp\ccis6HS6.s:2591   .debug_str:000000000000068f .LASF127
C:\Users\zero6575\AppData\Local\Temp\ccis6HS6.s:2581   .debug_str:0000000000000635 .LASF128
C:\Users\zero6575\AppData\Local\Temp\ccis6HS6.s:3467   .debug_str:0000000000003366 .LASF129
C:\Users\zero6575\AppData\Local\Temp\ccis6HS6.s:2721   .debug_str:0000000000000cbf .LASF130
C:\Users\zero6575\AppData\Local\Temp\ccis6HS6.s:2499   .debug_str:000000000000011d .LASF131
C:\Users\zero6575\AppData\Local\Temp\ccis6HS6.s:3045   .debug_str:0000000000001ded .LASF132
C:\Users\zero6575\AppData\Local\Temp\ccis6HS6.s:3075   .debug_str:0000000000001f74 .LASF133
C:\Users\zero6575\AppData\Local\Temp\ccis6HS6.s:2537   .debug_str:000000000000033e .LASF134
C:\Users\zero6575\AppData\Local\Temp\ccis6HS6.s:3533   .debug_str:0000000000003733 .LASF135
C:\Users\zero6575\AppData\Local\Temp\ccis6HS6.s:2839   .debug_str:0000000000001298 .LASF136
C:\Users\zero6575\AppData\Local\Temp\ccis6HS6.s:2901   .debug_str:00000000000016aa .LASF137
C:\Users\zero6575\AppData\Local\Temp\ccis6HS6.s:3251   .debug_str:00000000000027c9 .LASF138
C:\Users\zero6575\AppData\Local\Temp\ccis6HS6.s:2743   .debug_str:0000000000000dab .LASF139
C:\Users\zero6575\AppData\Local\Temp\ccis6HS6.s:2511   .debug_str:0000000000000203 .LASF140
C:\Users\zero6575\AppData\Local\Temp\ccis6HS6.s:3223   .debug_str:000000000000268d .LASF141
C:\Users\zero6575\AppData\Local\Temp\ccis6HS6.s:2729   .debug_str:0000000000000cfe .LASF142
C:\Users\zero6575\AppData\Local\Temp\ccis6HS6.s:2965   .debug_str:00000000000019dc .LASF143
C:\Users\zero6575\AppData\Local\Temp\ccis6HS6.s:3117   .debug_str:0000000000002127 .LASF144
C:\Users\zero6575\AppData\Local\Temp\ccis6HS6.s:2923   .debug_str:00000000000017c8 .LASF145
C:\Users\zero6575\AppData\Local\Temp\ccis6HS6.s:3421   .debug_str:00000000000030eb .LASF146
C:\Users\zero6575\AppData\Local\Temp\ccis6HS6.s:3369   .debug_str:0000000000002d73 .LASF147
C:\Users\zero6575\AppData\Local\Temp\ccis6HS6.s:2761   .debug_str:0000000000000e80 .LASF148
C:\Users\zero6575\AppData\Local\Temp\ccis6HS6.s:3293   .debug_str:00000000000029ea .LASF149
C:\Users\zero6575\AppData\Local\Temp\ccis6HS6.s:2719   .debug_str:0000000000000cb1 .LASF150
C:\Users\zero6575\AppData\Local\Temp\ccis6HS6.s:3471   .debug_str:000000000000339c .LASF151
C:\Users\zero6575\AppData\Local\Temp\ccis6HS6.s:2493   .debug_str:00000000000000a6 .LASF152
C:\Users\zero6575\AppData\Local\Temp\ccis6HS6.s:3349   .debug_str:0000000000002c88 .LASF153
C:\Users\zero6575\AppData\Local\Temp\ccis6HS6.s:2875   .debug_str:00000000000014df .LASF154
C:\Users\zero6575\AppData\Local\Temp\ccis6HS6.s:3177   .debug_str:000000000000243e .LASF155
C:\Users\zero6575\AppData\Local\Temp\ccis6HS6.s:2905   .debug_str:00000000000016e4 .LASF156
C:\Users\zero6575\AppData\Local\Temp\ccis6HS6.s:3365   .debug_str:0000000000002d2b .LASF157
C:\Users\zero6575\AppData\Local\Temp\ccis6HS6.s:3413   .debug_str:000000000000307a .LASF158
C:\Users\zero6575\AppData\Local\Temp\ccis6HS6.s:2573   .debug_str:00000000000005b7 .LASF159
C:\Users\zero6575\AppData\Local\Temp\ccis6HS6.s:3531   .debug_str:000000000000371e .LASF160
C:\Users\zero6575\AppData\Local\Temp\ccis6HS6.s:3049   .debug_str:0000000000001e26 .LASF161
C:\Users\zero6575\AppData\Local\Temp\ccis6HS6.s:3429   .debug_str:000000000000314f .LASF162
C:\Users\zero6575\AppData\Local\Temp\ccis6HS6.s:2593   .debug_str:00000000000006a5 .LASF163
C:\Users\zero6575\AppData\Local\Temp\ccis6HS6.s:3527   .debug_str:00000000000036f9 .LASF164
C:\Users\zero6575\AppData\Local\Temp\ccis6HS6.s:2535   .debug_str:0000000000000326 .LASF165
C:\Users\zero6575\AppData\Local\Temp\ccis6HS6.s:2907   .debug_str:000000000000171b .LASF166
C:\Users\zero6575\AppData\Local\Temp\ccis6HS6.s:3065   .debug_str:0000000000001f0c .LASF167
C:\Users\zero6575\AppData\Local\Temp\ccis6HS6.s:3451   .debug_str:0000000000003272 .LASF168
C:\Users\zero6575\AppData\Local\Temp\ccis6HS6.s:3535   .debug_str:000000000000374b .LASF169
C:\Users\zero6575\AppData\Local\Temp\ccis6HS6.s:2849   .debug_str:0000000000001336 .LASF170
C:\Users\zero6575\AppData\Local\Temp\ccis6HS6.s:3003   .debug_str:0000000000001b6a .LASF171
C:\Users\zero6575\AppData\Local\Temp\ccis6HS6.s:3509   .debug_str:00000000000035fb .LASF172
C:\Users\zero6575\AppData\Local\Temp\ccis6HS6.s:2507   .debug_str:00000000000001b4 .LASF173
C:\Users\zero6575\AppData\Local\Temp\ccis6HS6.s:3485   .debug_str:000000000000347b .LASF174
C:\Users\zero6575\AppData\Local\Temp\ccis6HS6.s:3423   .debug_str:000000000000310c .LASF175
C:\Users\zero6575\AppData\Local\Temp\ccis6HS6.s:2767   .debug_str:0000000000000eef .LASF176
C:\Users\zero6575\AppData\Local\Temp\ccis6HS6.s:2523   .debug_str:00000000000002a6 .LASF177
C:\Users\zero6575\AppData\Local\Temp\ccis6HS6.s:3353   .debug_str:0000000000002caf .LASF178
C:\Users\zero6575\AppData\Local\Temp\ccis6HS6.s:3179   .debug_str:0000000000002454 .LASF179
C:\Users\zero6575\AppData\Local\Temp\ccis6HS6.s:2915   .debug_str:000000000000177d .LASF180
C:\Users\zero6575\AppData\Local\Temp\ccis6HS6.s:2779   .debug_str:0000000000000f8a .LASF181
C:\Users\zero6575\AppData\Local\Temp\ccis6HS6.s:3503   .debug_str:0000000000003590 .LASF182
C:\Users\zero6575\AppData\Local\Temp\ccis6HS6.s:3303   .debug_str:0000000000002a5f .LASF183
C:\Users\zero6575\AppData\Local\Temp\ccis6HS6.s:3373   .debug_str:0000000000002d91 .LASF184
C:\Users\zero6575\AppData\Local\Temp\ccis6HS6.s:2863   .debug_str:0000000000001400 .LASF185
C:\Users\zero6575\AppData\Local\Temp\ccis6HS6.s:2631   .debug_str:0000000000000887 .LASF186
C:\Users\zero6575\AppData\Local\Temp\ccis6HS6.s:2877   .debug_str:00000000000014f5 .LASF187
C:\Users\zero6575\AppData\Local\Temp\ccis6HS6.s:2653   .debug_str:00000000000009a3 .LASF188
C:\Users\zero6575\AppData\Local\Temp\ccis6HS6.s:3523   .debug_str:00000000000036de .LASF189
C:\Users\zero6575\AppData\Local\Temp\ccis6HS6.s:3115   .debug_str:000000000000210f .LASF190
C:\Users\zero6575\AppData\Local\Temp\ccis6HS6.s:3231   .debug_str:00000000000026c5 .LASF191
C:\Users\zero6575\AppData\Local\Temp\ccis6HS6.s:2513   .debug_str:0000000000000226 .LASF192
C:\Users\zero6575\AppData\Local\Temp\ccis6HS6.s:2917   .debug_str:0000000000001799 .LASF193
C:\Users\zero6575\AppData\Local\Temp\ccis6HS6.s:2909   .debug_str:0000000000001735 .LASF194
C:\Users\zero6575\AppData\Local\Temp\ccis6HS6.s:2633   .debug_str:00000000000008c1 .LASF195
C:\Users\zero6575\AppData\Local\Temp\ccis6HS6.s:2971   .debug_str:0000000000001a2f .LASF196
C:\Users\zero6575\AppData\Local\Temp\ccis6HS6.s:3491   .debug_str:00000000000034ed .LASF197
C:\Users\zero6575\AppData\Local\Temp\ccis6HS6.s:2857   .debug_str:00000000000013b3 .LASF198
C:\Users\zero6575\AppData\Local\Temp\ccis6HS6.s:2595   .debug_str:00000000000006b9 .LASF199
C:\Users\zero6575\AppData\Local\Temp\ccis6HS6.s:3507   .debug_str:00000000000035c0 .LASF200
C:\Users\zero6575\AppData\Local\Temp\ccis6HS6.s:3191   .debug_str:0000000000002502 .LASF201
C:\Users\zero6575\AppData\Local\Temp\ccis6HS6.s:3131   .debug_str:00000000000021e2 .LASF202
C:\Users\zero6575\AppData\Local\Temp\ccis6HS6.s:2705   .debug_str:0000000000000c0e .LASF203
C:\Users\zero6575\AppData\Local\Temp\ccis6HS6.s:2487   .debug_str:0000000000000069 .LASF204
C:\Users\zero6575\AppData\Local\Temp\ccis6HS6.s:2737   .debug_str:0000000000000d59 .LASF205
C:\Users\zero6575\AppData\Local\Temp\ccis6HS6.s:2621   .debug_str:0000000000000802 .LASF206
C:\Users\zero6575\AppData\Local\Temp\ccis6HS6.s:2659   .debug_str:0000000000000a06 .LASF207
C:\Users\zero6575\AppData\Local\Temp\ccis6HS6.s:3415   .debug_str:00000000000030b4 .LASF208
C:\Users\zero6575\AppData\Local\Temp\ccis6HS6.s:2829   .debug_str:00000000000011ff .LASF209
C:\Users\zero6575\AppData\Local\Temp\ccis6HS6.s:2491   .debug_str:000000000000008f .LASF210
C:\Users\zero6575\AppData\Local\Temp\ccis6HS6.s:2803   .debug_str:00000000000010e5 .LASF211
C:\Users\zero6575\AppData\Local\Temp\ccis6HS6.s:2893   .debug_str:0000000000001625 .LASF212
C:\Users\zero6575\AppData\Local\Temp\ccis6HS6.s:3021   .debug_str:0000000000001c6e .LASF213
C:\Users\zero6575\AppData\Local\Temp\ccis6HS6.s:2567   .debug_str:0000000000000556 .LASF214
C:\Users\zero6575\AppData\Local\Temp\ccis6HS6.s:3283   .debug_str:0000000000002956 .LASF215
C:\Users\zero6575\AppData\Local\Temp\ccis6HS6.s:3487   .debug_str:0000000000003490 .LASF216
C:\Users\zero6575\AppData\Local\Temp\ccis6HS6.s:2919   .debug_str:00000000000017a9 .LASF217
C:\Users\zero6575\AppData\Local\Temp\ccis6HS6.s:2775   .debug_str:0000000000000f4f .LASF218
C:\Users\zero6575\AppData\Local\Temp\ccis6HS6.s:2483   .debug_str:000000000000001e .LASF219
C:\Users\zero6575\AppData\Local\Temp\ccis6HS6.s:3355   .debug_str:0000000000002cbf .LASF220
C:\Users\zero6575\AppData\Local\Temp\ccis6HS6.s:2859   .debug_str:00000000000013cb .LASF221
C:\Users\zero6575\AppData\Local\Temp\ccis6HS6.s:2733   .debug_str:0000000000000d2d .LASF222
C:\Users\zero6575\AppData\Local\Temp\ccis6HS6.s:3125   .debug_str:0000000000002182 .LASF223
C:\Users\zero6575\AppData\Local\Temp\ccis6HS6.s:2759   .debug_str:0000000000000e67 .LASF224
C:\Users\zero6575\AppData\Local\Temp\ccis6HS6.s:2843   .debug_str:00000000000012c7 .LASF225
C:\Users\zero6575\AppData\Local\Temp\ccis6HS6.s:3299   .debug_str:0000000000002a24 .LASF226
C:\Users\zero6575\AppData\Local\Temp\ccis6HS6.s:2685   .debug_str:0000000000000b26 .LASF227
C:\Users\zero6575\AppData\Local\Temp\ccis6HS6.s:2845   .debug_str:00000000000012e2 .LASF228
C:\Users\zero6575\AppData\Local\Temp\ccis6HS6.s:3259   .debug_str:000000000000281c .LASF229
C:\Users\zero6575\AppData\Local\Temp\ccis6HS6.s:3463   .debug_str:00000000000032fe .LASF230
C:\Users\zero6575\AppData\Local\Temp\ccis6HS6.s:3519   .debug_str:00000000000036aa .LASF231
C:\Users\zero6575\AppData\Local\Temp\ccis6HS6.s:2673   .debug_str:0000000000000a97 .LASF232
C:\Users\zero6575\AppData\Local\Temp\ccis6HS6.s:2683   .debug_str:0000000000000b0b .LASF233
C:\Users\zero6575\AppData\Local\Temp\ccis6HS6.s:2885   .debug_str:00000000000015b5 .LASF234
C:\Users\zero6575\AppData\Local\Temp\ccis6HS6.s:2991   .debug_str:0000000000001afe .LASF235
C:\Users\zero6575\AppData\Local\Temp\ccis6HS6.s:3219   .debug_str:000000000000265e .LASF236
C:\Users\zero6575\AppData\Local\Temp\ccis6HS6.s:3203   .debug_str:00000000000025af .LASF237
C:\Users\zero6575\AppData\Local\Temp\ccis6HS6.s:2497   .debug_str:0000000000000105 .LASF238
C:\Users\zero6575\AppData\Local\Temp\ccis6HS6.s:3483   .debug_str:0000000000003461 .LASF239
C:\Users\zero6575\AppData\Local\Temp\ccis6HS6.s:2533   .debug_str:000000000000030c .LASF240
C:\Users\zero6575\AppData\Local\Temp\ccis6HS6.s:2543   .debug_str:00000000000003b9 .LASF241
C:\Users\zero6575\AppData\Local\Temp\ccis6HS6.s:3033   .debug_str:0000000000001d29 .LASF242
C:\Users\zero6575\AppData\Local\Temp\ccis6HS6.s:2881   .debug_str:000000000000155a .LASF243
C:\Users\zero6575\AppData\Local\Temp\ccis6HS6.s:2763   .debug_str:0000000000000e90 .LASF244
C:\Users\zero6575\AppData\Local\Temp\ccis6HS6.s:2925   .debug_str:00000000000017de .LASF245
C:\Users\zero6575\AppData\Local\Temp\ccis6HS6.s:2671   .debug_str:0000000000000a7d .LASF246
C:\Users\zero6575\AppData\Local\Temp\ccis6HS6.s:3449   .debug_str:0000000000003257 .LASF247
C:\Users\zero6575\AppData\Local\Temp\ccis6HS6.s:3077   .debug_str:0000000000001f8c .LASF248
C:\Users\zero6575\AppData\Local\Temp\ccis6HS6.s:2823   .debug_str:00000000000011c0 .LASF249
C:\Users\zero6575\AppData\Local\Temp\ccis6HS6.s:2711   .debug_str:0000000000000c5a .LASF250
C:\Users\zero6575\AppData\Local\Temp\ccis6HS6.s:2837   .debug_str:000000000000127a .LASF251
C:\Users\zero6575\AppData\Local\Temp\ccis6HS6.s:2609   .debug_str:000000000000076b .LASF252
C:\Users\zero6575\AppData\Local\Temp\ccis6HS6.s:3119   .debug_str:000000000000213f .LASF253
C:\Users\zero6575\AppData\Local\Temp\ccis6HS6.s:3145   .debug_str:00000000000022bd .LASF254
C:\Users\zero6575\AppData\Local\Temp\ccis6HS6.s:2801   .debug_str:00000000000010a6 .LASF255
C:\Users\zero6575\AppData\Local\Temp\ccis6HS6.s:3183   .debug_str:0000000000002480 .LASF256
C:\Users\zero6575\AppData\Local\Temp\ccis6HS6.s:2503   .debug_str:0000000000000159 .LASF257
C:\Users\zero6575\AppData\Local\Temp\ccis6HS6.s:2495   .debug_str:00000000000000bf .LASF258
C:\Users\zero6575\AppData\Local\Temp\ccis6HS6.s:2825   .debug_str:00000000000011d2 .LASF259
C:\Users\zero6575\AppData\Local\Temp\ccis6HS6.s:3215   .debug_str:000000000000262b .LASF260
C:\Users\zero6575\AppData\Local\Temp\ccis6HS6.s:3047   .debug_str:0000000000001e0b .LASF261
C:\Users\zero6575\AppData\Local\Temp\ccis6HS6.s:3129   .debug_str:00000000000021cd .LASF262
C:\Users\zero6575\AppData\Local\Temp\ccis6HS6.s:3359   .debug_str:0000000000002ce5 .LASF263
C:\Users\zero6575\AppData\Local\Temp\ccis6HS6.s:2827   .debug_str:00000000000011ea .LASF264
C:\Users\zero6575\AppData\Local\Temp\ccis6HS6.s:3249   .debug_str:00000000000027b3 .LASF265
C:\Users\zero6575\AppData\Local\Temp\ccis6HS6.s:2963   .debug_str:00000000000019c0 .LASF266
C:\Users\zero6575\AppData\Local\Temp\ccis6HS6.s:2605   .debug_str:0000000000000749 .LASF267
C:\Users\zero6575\AppData\Local\Temp\ccis6HS6.s:3043   .debug_str:0000000000001dc6 .LASF268
C:\Users\zero6575\AppData\Local\Temp\ccis6HS6.s:3529   .debug_str:0000000000003708 .LASF269
C:\Users\zero6575\AppData\Local\Temp\ccis6HS6.s:2935   .debug_str:0000000000001846 .LASF270
C:\Users\zero6575\AppData\Local\Temp\ccis6HS6.s:3201   .debug_str:0000000000002599 .LASF271
C:\Users\zero6575\AppData\Local\Temp\ccis6HS6.s:3505   .debug_str:00000000000035a9 .LASF272
C:\Users\zero6575\AppData\Local\Temp\ccis6HS6.s:2787   .debug_str:0000000000000ff1 .LASF273
C:\Users\zero6575\AppData\Local\Temp\ccis6HS6.s:2505   .debug_str:000000000000019a .LASF274
C:\Users\zero6575\AppData\Local\Temp\ccis6HS6.s:2485   .debug_str:0000000000000038 .LASF275
C:\Users\zero6575\AppData\Local\Temp\ccis6HS6.s:2815   .debug_str:0000000000001173 .LASF276
C:\Users\zero6575\AppData\Local\Temp\ccis6HS6.s:2749   .debug_str:0000000000000dfe .LASF277
C:\Users\zero6575\AppData\Local\Temp\ccis6HS6.s:3159   .debug_str:0000000000002355 .LASF278
C:\Users\zero6575\AppData\Local\Temp\ccis6HS6.s:3217   .debug_str:0000000000002645 .LASF279
C:\Users\zero6575\AppData\Local\Temp\ccis6HS6.s:3473   .debug_str:00000000000033b3 .LASF280
C:\Users\zero6575\AppData\Local\Temp\ccis6HS6.s:2755   .debug_str:0000000000000e3e .LASF281
C:\Users\zero6575\AppData\Local\Temp\ccis6HS6.s:3437   .debug_str:00000000000031a8 .LASF282
C:\Users\zero6575\AppData\Local\Temp\ccis6HS6.s:3189   .debug_str:00000000000024ed .LASF283
C:\Users\zero6575\AppData\Local\Temp\ccis6HS6.s:3311   .debug_str:0000000000002aaa .LASF284
C:\Users\zero6575\AppData\Local\Temp\ccis6HS6.s:2867   .debug_str:000000000000144d .LASF285
C:\Users\zero6575\AppData\Local\Temp\ccis6HS6.s:2887   .debug_str:00000000000015cc .LASF286
C:\Users\zero6575\AppData\Local\Temp\ccis6HS6.s:2895   .debug_str:000000000000163e .LASF287
C:\Users\zero6575\AppData\Local\Temp\ccis6HS6.s:2519   .debug_str:000000000000026c .LASF288
C:\Users\zero6575\AppData\Local\Temp\ccis6HS6.s:3009   .debug_str:0000000000001bea .LASF289
C:\Users\zero6575\AppData\Local\Temp\ccis6HS6.s:2973   .debug_str:0000000000001a45 .LASF290
C:\Users\zero6575\AppData\Local\Temp\ccis6HS6.s:2539   .debug_str:0000000000000365 .LASF291
C:\Users\zero6575\AppData\Local\Temp\ccis6HS6.s:3317   .debug_str:0000000000002af1 .LASF292
C:\Users\zero6575\AppData\Local\Temp\ccis6HS6.s:3173   .debug_str:0000000000002403 .LASF293
C:\Users\zero6575\AppData\Local\Temp\ccis6HS6.s:3401   .debug_str:0000000000002fec .LASF294
C:\Users\zero6575\AppData\Local\Temp\ccis6HS6.s:2789   .debug_str:0000000000001017 .LASF295
C:\Users\zero6575\AppData\Local\Temp\ccis6HS6.s:2989   .debug_str:0000000000001ae0 .LASF296
C:\Users\zero6575\AppData\Local\Temp\ccis6HS6.s:3347   .debug_str:0000000000002c69 .LASF297
C:\Users\zero6575\AppData\Local\Temp\ccis6HS6.s:2501   .debug_str:0000000000000135 .LASF298
C:\Users\zero6575\AppData\Local\Temp\ccis6HS6.s:3301   .debug_str:0000000000002a3e .LASF299
C:\Users\zero6575\AppData\Local\Temp\ccis6HS6.s:3039   .debug_str:0000000000001d99 .LASF300
C:\Users\zero6575\AppData\Local\Temp\ccis6HS6.s:3513   .debug_str:000000000000364e .LASF301
C:\Users\zero6575\AppData\Local\Temp\ccis6HS6.s:2679   .debug_str:0000000000000ae3 .LASF302
C:\Users\zero6575\AppData\Local\Temp\ccis6HS6.s:3123   .debug_str:000000000000216d .LASF303
C:\Users\zero6575\AppData\Local\Temp\ccis6HS6.s:2547   .debug_str:0000000000000411 .LASF304
C:\Users\zero6575\AppData\Local\Temp\ccis6HS6.s:2809   .debug_str:0000000000001133 .LASF305
C:\Users\zero6575\AppData\Local\Temp\ccis6HS6.s:3435   .debug_str:000000000000319e .LASF306
C:\Users\zero6575\AppData\Local\Temp\ccis6HS6.s:2847   .debug_str:0000000000001321 .LASF307
C:\Users\zero6575\AppData\Local\Temp\ccis6HS6.s:2941   .debug_str:000000000000188a .LASF308
C:\Users\zero6575\AppData\Local\Temp\ccis6HS6.s:2635   .debug_str:00000000000008dc .LASF309
C:\Users\zero6575\AppData\Local\Temp\ccis6HS6.s:3225   .debug_str:00000000000026a1 .LASF310
C:\Users\zero6575\AppData\Local\Temp\ccis6HS6.s:2655   .debug_str:00000000000009e4 .LASF311
C:\Users\zero6575\AppData\Local\Temp\ccis6HS6.s:3113   .debug_str:00000000000020ff .LASF312
C:\Users\zero6575\AppData\Local\Temp\ccis6HS6.s:3307   .debug_str:0000000000002a87 .LASF313
C:\Users\zero6575\AppData\Local\Temp\ccis6HS6.s:2529   .debug_str:00000000000002e0 .LASF314
C:\Users\zero6575\AppData\Local\Temp\ccis6HS6.s:3031   .debug_str:0000000000001d1f .LASF315
C:\Users\zero6575\AppData\Local\Temp\ccis6HS6.s:2983   .debug_str:0000000000001aba .LASF316
C:\Users\zero6575\AppData\Local\Temp\ccis6HS6.s:3305   .debug_str:0000000000002a72 .LASF317
C:\Users\zero6575\AppData\Local\Temp\ccis6HS6.s:2975   .debug_str:0000000000001a63 .LASF318
C:\Users\zero6575\AppData\Local\Temp\ccis6HS6.s:3391   .debug_str:0000000000002f6d .LASF319
C:\Users\zero6575\AppData\Local\Temp\ccis6HS6.s:2715   .debug_str:0000000000000c87 .LASF320
C:\Users\zero6575\AppData\Local\Temp\ccis6HS6.s:2777   .debug_str:0000000000000f68 .LASF321
C:\Users\zero6575\AppData\Local\Temp\ccis6HS6.s:2797   .debug_str:0000000000001083 .LASF322
C:\Users\zero6575\AppData\Local\Temp\ccis6HS6.s:3101   .debug_str:0000000000002096 .LASF323
C:\Users\zero6575\AppData\Local\Temp\ccis6HS6.s:2521   .debug_str:0000000000000291 .LASF324
C:\Users\zero6575\AppData\Local\Temp\ccis6HS6.s:2953   .debug_str:000000000000192e .LASF325
C:\Users\zero6575\AppData\Local\Temp\ccis6HS6.s:2709   .debug_str:0000000000000c35 .LASF326
C:\Users\zero6575\AppData\Local\Temp\ccis6HS6.s:3337   .debug_str:0000000000002bdc .LASF327
C:\Users\zero6575\AppData\Local\Temp\ccis6HS6.s:3147   .debug_str:00000000000022d7 .LASF328
C:\Users\zero6575\AppData\Local\Temp\ccis6HS6.s:2697   .debug_str:0000000000000bcb .LASF329
C:\Users\zero6575\AppData\Local\Temp\ccis6HS6.s:3419   .debug_str:00000000000030d7 .LASF330
C:\Users\zero6575\AppData\Local\Temp\ccis6HS6.s:2717   .debug_str:0000000000000ca0 .LASF331
C:\Users\zero6575\AppData\Local\Temp\ccis6HS6.s:3017   .debug_str:0000000000001c42 .LASF332
C:\Users\zero6575\AppData\Local\Temp\ccis6HS6.s:2551   .debug_str:0000000000000479 .LASF333
C:\Users\zero6575\AppData\Local\Temp\ccis6HS6.s:3023   .debug_str:0000000000001caa .LASF334
C:\Users\zero6575\AppData\Local\Temp\ccis6HS6.s:3279   .debug_str:0000000000002931 .LASF335
C:\Users\zero6575\AppData\Local\Temp\ccis6HS6.s:2903   .debug_str:00000000000016ca .LASF336
C:\Users\zero6575\AppData\Local\Temp\ccis6HS6.s:3185   .debug_str:00000000000024bf .LASF337
C:\Users\zero6575\AppData\Local\Temp\ccis6HS6.s:3323   .debug_str:0000000000002b44 .LASF338
C:\Users\zero6575\AppData\Local\Temp\ccis6HS6.s:3149   .debug_str:00000000000022ec .LASF339
C:\Users\zero6575\AppData\Local\Temp\ccis6HS6.s:2587   .debug_str:0000000000000677 .LASF340
C:\Users\zero6575\AppData\Local\Temp\ccis6HS6.s:3257   .debug_str:0000000000002805 .LASF341
C:\Users\zero6575\AppData\Local\Temp\ccis6HS6.s:2615   .debug_str:00000000000007aa .LASF346
C:\Users\zero6575\AppData\Local\Temp\ccis6HS6.s:2559   .debug_str:00000000000004e6 .LASF347
C:\Users\zero6575\AppData\Local\Temp\ccis6HS6.s:2627   .debug_str:0000000000000853 .LASF348
C:\Users\zero6575\AppData\Local\Temp\ccis6HS6.s:3161   .debug_str:000000000000236d .LASF349
C:\Users\zero6575\AppData\Local\Temp\ccis6HS6.s:2911   .debug_str:000000000000174e .LASF350
C:\Users\zero6575\AppData\Local\Temp\ccis6HS6.s:2549   .debug_str:0000000000000425 .LASF351
C:\Users\zero6575\AppData\Local\Temp\ccis6HS6.s:3167   .debug_str:00000000000023b9 .LASF352
C:\Users\zero6575\AppData\Local\Temp\ccis6HS6.s:3287   .debug_str:00000000000029ac .LASF353
C:\Users\zero6575\AppData\Local\Temp\ccis6HS6.s:2851   .debug_str:0000000000001378 .LASF354
C:\Users\zero6575\AppData\Local\Temp\ccis6HS6.s:2571   .debug_str:00000000000005a9 .LASF355
C:\Users\zero6575\AppData\Local\Temp\ccis6HS6.s:3403   .debug_str:000000000000300b .LASF356
C:\Users\zero6575\AppData\Local\Temp\ccis6HS6.s:3261   .debug_str:000000000000285d .LASF357
C:\Users\zero6575\AppData\Local\Temp\ccis6HS6.s:3083   .debug_str:0000000000001fd4 .LASF358
C:\Users\zero6575\AppData\Local\Temp\ccis6HS6.s:2675   .debug_str:0000000000000ab1 .LASF359
C:\Users\zero6575\AppData\Local\Temp\ccis6HS6.s:2687   .debug_str:0000000000000b65 .LASF360
C:\Users\zero6575\AppData\Local\Temp\ccis6HS6.s:3187   .debug_str:00000000000024da .LASF361
C:\Users\zero6575\AppData\Local\Temp\ccis6HS6.s:2841   .debug_str:00000000000012b7 .LASF362
C:\Users\zero6575\AppData\Local\Temp\ccis6HS6.s:3255   .debug_str:00000000000027f5 .LASF363
C:\Users\zero6575\AppData\Local\Temp\ccis6HS6.s:3295   .debug_str:00000000000029fe .LASF364
C:\Users\zero6575\AppData\Local\Temp\ccis6HS6.s:3239   .debug_str:0000000000002729 .LASF365
C:\Users\zero6575\AppData\Local\Temp\ccis6HS6.s:3367   .debug_str:0000000000002d62 .LASF366
C:\Users\zero6575\AppData\Local\Temp\ccis6HS6.s:3285   .debug_str:0000000000002995 .LASF367
C:\Users\zero6575\AppData\Local\Temp\ccis6HS6.s:2937   .debug_str:000000000000185f .LASF368
C:\Users\zero6575\AppData\Local\Temp\ccis6HS6.s:2735   .debug_str:0000000000000d49 .LASF369
C:\Users\zero6575\AppData\Local\Temp\ccis6HS6.s:3361   .debug_str:0000000000002cfd .LASF370
C:\Users\zero6575\AppData\Local\Temp\ccis6HS6.s:3213   .debug_str:0000000000002616 .LASF371
C:\Users\zero6575\AppData\Local\Temp\ccis6HS6.s:2695   .debug_str:0000000000000bb7 .LASF372
C:\Users\zero6575\AppData\Local\Temp\ccis6HS6.s:2833   .debug_str:0000000000001244 .LASF373
C:\Users\zero6575\AppData\Local\Temp\ccis6HS6.s:3221   .debug_str:0000000000002679 .LASF374
C:\Users\zero6575\AppData\Local\Temp\ccis6HS6.s:2985   .debug_str:0000000000001ac0 .LASF375
C:\Users\zero6575\AppData\Local\Temp\ccis6HS6.s:2725   .debug_str:0000000000000ce2 .LASF376
C:\Users\zero6575\AppData\Local\Temp\ccis6HS6.s:2813   .debug_str:000000000000115e .LASF377
C:\Users\zero6575\AppData\Local\Temp\ccis6HS6.s:3405   .debug_str:000000000000301b .LASF378
C:\Users\zero6575\AppData\Local\Temp\ccis6HS6.s:2957   .debug_str:0000000000001978 .LASF379
C:\Users\zero6575\AppData\Local\Temp\ccis6HS6.s:2979   .debug_str:0000000000001a87 .LASF380
C:\Users\zero6575\AppData\Local\Temp\ccis6HS6.s:3243   .debug_str:0000000000002763 .LASF381
C:\Users\zero6575\AppData\Local\Temp\ccis6HS6.s:3397   .debug_str:0000000000002fce .LASF382
C:\Users\zero6575\AppData\Local\Temp\ccis6HS6.s:2933   .debug_str:0000000000001836 .LASF383
C:\Users\zero6575\AppData\Local\Temp\ccis6HS6.s:3089   .debug_str:0000000000002013 .LASF384
C:\Users\zero6575\AppData\Local\Temp\ccis6HS6.s:3229   .debug_str:00000000000026be .LASF385
C:\Users\zero6575\AppData\Local\Temp\ccis6HS6.s:2607   .debug_str:0000000000000762 .LASF386
C:\Users\zero6575\AppData\Local\Temp\ccis6HS6.s:2515   .debug_str:000000000000023c .LASF387
C:\Users\zero6575\AppData\Local\Temp\ccis6HS6.s:2509   .debug_str:00000000000001fd .LASF388
C:\Users\zero6575\AppData\Local\Temp\ccis6HS6.s:3371   .debug_str:0000000000002d89 .LASF389
C:\Users\zero6575\AppData\Local\Temp\ccis6HS6.s:2525   .debug_str:00000000000002bc .LASF390
C:\Users\zero6575\AppData\Local\Temp\ccis6HS6.s:2723   .debug_str:0000000000000cdd .LASF391
C:\Users\zero6575\AppData\Local\Temp\ccis6HS6.s:2731   .debug_str:0000000000000d23 .LASF392
C:\Users\zero6575\AppData\Local\Temp\ccis6HS6.s:3409   .debug_str:0000000000003059 .LASF393
C:\Users\zero6575\AppData\Local\Temp\ccis6HS6.s:2641   .debug_str:000000000000092b .LASF394
C:\Users\zero6575\AppData\Local\Temp\ccis6HS6.s:2589   .debug_str:0000000000000686 .LASF395
C:\Users\zero6575\AppData\Local\Temp\ccis6HS6.s:3063   .debug_str:0000000000001f01 .LASF396
C:\Users\zero6575\AppData\Local\Temp\ccis6HS6.s:2667   .debug_str:0000000000000a5c .LASF397
C:\Users\zero6575\AppData\Local\Temp\ccis6HS6.s:2699   .debug_str:0000000000000be1 .LASF398
C:\Users\zero6575\AppData\Local\Temp\ccis6HS6.s:3013   .debug_str:0000000000001c23 .LASF399
C:\Users\zero6575\AppData\Local\Temp\ccis6HS6.s:2657   .debug_str:00000000000009f5 .LASF400
C:\Users\zero6575\AppData\Local\Temp\ccis6HS6.s:3103   .debug_str:00000000000020a9 .LASF401
C:\Users\zero6575\AppData\Local\Temp\ccis6HS6.s:3253   .debug_str:00000000000027e9 .LASF402
C:\Users\zero6575\AppData\Local\Temp\ccis6HS6.s:3443   .debug_str:0000000000003226 .LASF403
C:\Users\zero6575\AppData\Local\Temp\ccis6HS6.s:3193   .debug_str:0000000000002540 .LASF404
C:\Users\zero6575\AppData\Local\Temp\ccis6HS6.s:3169   .debug_str:00000000000023e6 .LASF405
C:\Users\zero6575\AppData\Local\Temp\ccis6HS6.s:3309   .debug_str:0000000000002aa0 .LASF406
C:\Users\zero6575\AppData\Local\Temp\ccis6HS6.s:2661   .debug_str:0000000000000a17 .LASF407
C:\Users\zero6575\AppData\Local\Temp\ccis6HS6.s:2489   .debug_str:0000000000000082 .LASF408
C:\Users\zero6575\AppData\Local\Temp\ccis6HS6.s:3137   .debug_str:000000000000226a .LASF409
C:\Users\zero6575\AppData\Local\Temp\ccis6HS6.s:2757   .debug_str:0000000000000e59 .LASF410
C:\Users\zero6575\AppData\Local\Temp\ccis6HS6.s:3053   .debug_str:0000000000001e57 .LASF411
C:\Users\zero6575\AppData\Local\Temp\ccis6HS6.s:3511   .debug_str:0000000000003640 .LASF412
C:\Users\zero6575\AppData\Local\Temp\ccis6HS6.s:2707   .debug_str:0000000000000c25 .LASF413
C:\Users\zero6575\AppData\Local\Temp\ccis6HS6.s:2603   .debug_str:0000000000000737 .LASF414
C:\Users\zero6575\AppData\Local\Temp\ccis6HS6.s:2681   .debug_str:0000000000000af8 .LASF415
C:\Users\zero6575\AppData\Local\Temp\ccis6HS6.s:3155   .debug_str:000000000000232e .LASF416
C:\Users\zero6575\AppData\Local\Temp\ccis6HS6.s:3105   .debug_str:00000000000020b5 .LASF417
C:\Users\zero6575\AppData\Local\Temp\ccis6HS6.s:2643   .debug_str:0000000000000933 .LASF418
C:\Users\zero6575\AppData\Local\Temp\ccis6HS6.s:3327   .debug_str:0000000000002b79 .LASF419
C:\Users\zero6575\AppData\Local\Temp\ccis6HS6.s:3121   .debug_str:000000000000215a .LASF420
C:\Users\zero6575\AppData\Local\Temp\ccis6HS6.s:2669   .debug_str:0000000000000a69 .LASF421
C:\Users\zero6575\AppData\Local\Temp\ccis6HS6.s:3071   .debug_str:0000000000001f46 .LASF422
C:\Users\zero6575\AppData\Local\Temp\ccis6HS6.s:3477   .debug_str:0000000000003405 .LASF423
C:\Users\zero6575\AppData\Local\Temp\ccis6HS6.s:2791   .debug_str:0000000000001034 .LASF424
C:\Users\zero6575\AppData\Local\Temp\ccis6HS6.s:3157   .debug_str:0000000000002341 .LASF425
C:\Users\zero6575\AppData\Local\Temp\ccis6HS6.s:3019   .debug_str:0000000000001c5a .LASF426
C:\Users\zero6575\AppData\Local\Temp\ccis6HS6.s:3291   .debug_str:00000000000029d5 .LASF427
C:\Users\zero6575\AppData\Local\Temp\ccis6HS6.s:2531   .debug_str:00000000000002f8 .LASF428
C:\Users\zero6575\AppData\Local\Temp\ccis6HS6.s:3333   .debug_str:0000000000002bb5 .LASF429
C:\Users\zero6575\AppData\Local\Temp\ccis6HS6.s:3345   .debug_str:0000000000002c50 .LASF430
C:\Users\zero6575\AppData\Local\Temp\ccis6HS6.s:3051   .debug_str:0000000000001e3d .LASF431
C:\Users\zero6575\AppData\Local\Temp\ccis6HS6.s:3073   .debug_str:0000000000001f5a .LASF432
C:\Users\zero6575\AppData\Local\Temp\ccis6HS6.s:3007   .debug_str:0000000000001bd0 .LASF433
C:\Users\zero6575\AppData\Local\Temp\ccis6HS6.s:3245   .debug_str:000000000000277e .LASF434
C:\Users\zero6575\AppData\Local\Temp\ccis6HS6.s:2703   .debug_str:0000000000000bf5 .LASF435
C:\Users\zero6575\AppData\Local\Temp\ccis6HS6.s:3059   .debug_str:0000000000001edd .LASF436
C:\Users\zero6575\AppData\Local\Temp\ccis6HS6.s:3461   .debug_str:00000000000032e5 .LASF437
C:\Users\zero6575\AppData\Local\Temp\ccis6HS6.s:3165   .debug_str:0000000000002398 .LASF438
C:\Users\zero6575\AppData\Local\Temp\ccis6HS6.s:2649   .debug_str:0000000000000974 .LASF439
C:\Users\zero6575\AppData\Local\Temp\ccis6HS6.s:3099   .debug_str:0000000000002078 .LASF440
C:\Users\zero6575\AppData\Local\Temp\ccis6HS6.s:3455   .debug_str:000000000000329c .LASF441
C:\Users\zero6575\AppData\Local\Temp\ccis6HS6.s:2807   .debug_str:000000000000111b .LASF442
C:\Users\zero6575\AppData\Local\Temp\ccis6HS6.s:3489   .debug_str:00000000000034d3 .LASF443
C:\Users\zero6575\AppData\Local\Temp\ccis6HS6.s:2879   .debug_str:0000000000001531 .LASF444
C:\Users\zero6575\AppData\Local\Temp\ccis6HS6.s:3005   .debug_str:0000000000001bac .LASF445
C:\Users\zero6575\AppData\Local\Temp\ccis6HS6.s:3389   .debug_str:0000000000002f47 .LASF446
C:\Users\zero6575\AppData\Local\Temp\ccis6HS6.s:2793   .debug_str:0000000000001048 .LASF447
C:\Users\zero6575\AppData\Local\Temp\ccis6HS6.s:2545   .debug_str:00000000000003f7 .LASF448
C:\Users\zero6575\AppData\Local\Temp\ccis6HS6.s:2795   .debug_str:0000000000001067 .LASF449
C:\Users\zero6575\AppData\Local\Temp\ccis6HS6.s:2869   .debug_str:0000000000001464 .LASF450
C:\Users\zero6575\AppData\Local\Temp\ccis6HS6.s:2773   .debug_str:0000000000000f29 .LASF451
C:\Users\zero6575\AppData\Local\Temp\ccis6HS6.s:3379   .debug_str:0000000000002de8 .LASF452
C:\Users\zero6575\AppData\Local\Temp\ccis6HS6.s:3055   .debug_str:0000000000001e62 .LASF453
C:\Users\zero6575\AppData\Local\Temp\ccis6HS6.s:3501   .debug_str:0000000000003576 .LASF454
C:\Users\zero6575\AppData\Local\Temp\ccis6HS6.s:2739   .debug_str:0000000000000d73 .LASF455
C:\Users\zero6575\AppData\Local\Temp\ccis6HS6.s:2951   .debug_str:0000000000001903 .LASF456
C:\Users\zero6575\AppData\Local\Temp\ccis6HS6.s:2835   .debug_str:0000000000001254 .LASF457
C:\Users\zero6575\AppData\Local\Temp\ccis6HS6.s:3517   .debug_str:0000000000003682 .LASF458
C:\Users\zero6575\AppData\Local\Temp\ccis6HS6.s:3439   .debug_str:00000000000031ed .LASF459
C:\Users\zero6575\AppData\Local\Temp\ccis6HS6.s:2883   .debug_str:000000000000159b .LASF460
C:\Users\zero6575\AppData\Local\Temp\ccis6HS6.s:3521   .debug_str:00000000000036c2 .LASF461
C:\Users\zero6575\AppData\Local\Temp\ccis6HS6.s:2517   .debug_str:0000000000000241 .LASF462
C:\Users\zero6575\AppData\Local\Temp\ccis6HS6.s:2889   .debug_str:00000000000015dc .LASF463
C:\Users\zero6575\AppData\Local\Temp\ccis6HS6.s:2665   .debug_str:0000000000000a34 .LASF464
C:\Users\zero6575\AppData\Local\Temp\ccis6HS6.s:2897   .debug_str:0000000000001663 .LASF465
C:\Users\zero6575\AppData\Local\Temp\ccis6HS6.s:3465   .debug_str:0000000000003344 .LASF466
C:\Users\zero6575\AppData\Local\Temp\ccis6HS6.s:3339   .debug_str:0000000000002bf2 .LASF467
C:\Users\zero6575\AppData\Local\Temp\ccis6HS6.s:3395   .debug_str:0000000000002fa5 .LASF468
C:\Users\zero6575\AppData\Local\Temp\ccis6HS6.s:3029   .debug_str:0000000000001cfb .LASF469
C:\Users\zero6575\AppData\Local\Temp\ccis6HS6.s:2555   .debug_str:00000000000004af .LASF470
C:\Users\zero6575\AppData\Local\Temp\ccis6HS6.s:2831   .debug_str:000000000000121b .LASF471
C:\Users\zero6575\AppData\Local\Temp\ccis6HS6.s:3407   .debug_str:0000000000003035 .LASF472
C:\Users\zero6575\AppData\Local\Temp\ccis6HS6.s:3319   .debug_str:0000000000002b13 .LASF473
C:\Users\zero6575\AppData\Local\Temp\ccis6HS6.s:2553   .debug_str:0000000000000486 .LASF474
C:\Users\zero6575\AppData\Local\Temp\ccis6HS6.s:3241   .debug_str:000000000000273f .LASF475
C:\Users\zero6575\AppData\Local\Temp\ccis6HS6.s:3375   .debug_str:0000000000002da9 .LASF476
C:\Users\zero6575\AppData\Local\Temp\ccis6HS6.s:3447   .debug_str:000000000000323b .LASF477
C:\Users\zero6575\AppData\Local\Temp\ccis6HS6.s:3433   .debug_str:0000000000003181 .LASF478
C:\Users\zero6575\AppData\Local\Temp\ccis6HS6.s:2783   .debug_str:0000000000000fba .LASF479
C:\Users\zero6575\AppData\Local\Temp\ccis6HS6.s:3273   .debug_str:00000000000028d1 .LASF480
C:\Users\zero6575\AppData\Local\Temp\ccis6HS6.s:3277   .debug_str:0000000000002905 .LASF481
C:\Users\zero6575\AppData\Local\Temp\ccis6HS6.s:2565   .debug_str:000000000000052f .LASF482
C:\Users\zero6575\AppData\Local\Temp\ccis6HS6.s:3315   .debug_str:0000000000002ad3 .LASF483
C:\Users\zero6575\AppData\Local\Temp\ccis6HS6.s:3469   .debug_str:000000000000337d .LASF484
C:\Users\zero6575\AppData\Local\Temp\ccis6HS6.s:3325   .debug_str:0000000000002b5f .LASF485
C:\Users\zero6575\AppData\Local\Temp\ccis6HS6.s:2939   .debug_str:0000000000001870 .LASF486
C:\Users\zero6575\AppData\Local\Temp\ccis6HS6.s:3475   .debug_str:00000000000033ed .LASF487
C:\Users\zero6575\AppData\Local\Temp\ccis6HS6.s:3237   .debug_str:0000000000002711 .LASF488
C:\Users\zero6575\AppData\Local\Temp\ccis6HS6.s:3499   .debug_str:0000000000003560 .LASF489
C:\Users\zero6575\AppData\Local\Temp\ccis6HS6.s:3027   .debug_str:0000000000001ce3 .LASF490
C:\Users\zero6575\AppData\Local\Temp\ccis6HS6.s:2817   .debug_str:000000000000118a .LASF491
C:\Users\zero6575\AppData\Local\Temp\ccis6HS6.s:2999   .debug_str:0000000000001b41 .LASF492
C:\Users\zero6575\AppData\Local\Temp\ccis6HS6.s:2625   .debug_str:000000000000083b .LASF493
C:\Users\zero6575\AppData\Local\Temp\ccis6HS6.s:3111   .debug_str:00000000000020e5 .LASF494
C:\Users\zero6575\AppData\Local\Temp\ccis6HS6.s:3399   .debug_str:0000000000002fd4 .LASF495
C:\Users\zero6575\AppData\Local\Temp\ccis6HS6.s:2527   .debug_str:00000000000002c6 .LASF496
C:\Users\zero6575\AppData\Local\Temp\ccis6HS6.s:3441   .debug_str:000000000000320c .LASF497
C:\Users\zero6575\AppData\Local\Temp\ccis6HS6.s:3275   .debug_str:00000000000028e9 .LASF498
                           .group:0000000000000000 wm4.0.29db371e8b94e604acd9f4c2cef2c360
                           .group:0000000000000000 wm4._newlib_version.h.4.9ba035841e762c3308916a0ce96032e7
                           .group:0000000000000000 wm4.features.h.33.318b64d71e0957639cfb30f1db1f7ec8
                           .group:0000000000000000 wm4._default_types.h.15.61e9869194cab90bdfa4c7fc42203a0e
                           .group:0000000000000000 wm4._intsup.h.10.b28b45fc63caeb010c3f7ee592257700
                           .group:0000000000000000 wm4._stdint.h.10.c24fa3af3bc1706662bb5593a907e841
                           .group:0000000000000000 wm4.stdint.h.23.d53047a68f4a85177f80b422d52785ed

NO UNDEFINED SYMBOLS
