Archive member included to satisfy reference by file (symbol)

c:/microchip/softconsole-v2022.2-risc-v-747/riscv-unknown-elf-gcc/bin/../lib/gcc/riscv64-unknown-elf/8.3.0/../../../../riscv64-unknown-elf/lib\libg_nano.a(lib_a-errno.o)
                              ./src/platform/mpfs_hal/startup_gcc/newlib_stubs.o (__errno)
c:/microchip/softconsole-v2022.2-risc-v-747/riscv-unknown-elf-gcc/bin/../lib/gcc/riscv64-unknown-elf/8.3.0/../../../../riscv64-unknown-elf/lib\libg_nano.a(lib_a-impure.o)
                              c:/microchip/softconsole-v2022.2-risc-v-747/riscv-unknown-elf-gcc/bin/../lib/gcc/riscv64-unknown-elf/8.3.0/../../../../riscv64-unknown-elf/lib\libg_nano.a(lib_a-errno.o) (_impure_ptr)
c:/microchip/softconsole-v2022.2-risc-v-747/riscv-unknown-elf-gcc/bin/../lib/gcc/riscv64-unknown-elf/8.3.0/../../../../riscv64-unknown-elf/lib\libg_nano.a(lib_a-memcmp.o)
                              ./src/platform/mpfs_hal/common/nwc/mss_ddr_debug.o (memcmp)
c:/microchip/softconsole-v2022.2-risc-v-747/riscv-unknown-elf-gcc/bin/../lib/gcc/riscv64-unknown-elf/8.3.0/../../../../riscv64-unknown-elf/lib\libg_nano.a(lib_a-rand.o)
                              ./src/platform/mpfs_hal/common/nwc/mss_ddr_debug.o (rand)
c:/microchip/softconsole-v2022.2-risc-v-747/riscv-unknown-elf-gcc/bin/../lib/gcc/riscv64-unknown-elf/8.3.0/../../../../riscv64-unknown-elf/lib\libg_nano.a(lib_a-malloc.o)
                              c:/microchip/softconsole-v2022.2-risc-v-747/riscv-unknown-elf-gcc/bin/../lib/gcc/riscv64-unknown-elf/8.3.0/../../../../riscv64-unknown-elf/lib\libg_nano.a(lib_a-rand.o) (malloc)
c:/microchip/softconsole-v2022.2-risc-v-747/riscv-unknown-elf-gcc/bin/../lib/gcc/riscv64-unknown-elf/8.3.0/../../../../riscv64-unknown-elf/lib\libg_nano.a(lib_a-nano-freer.o)
                              c:/microchip/softconsole-v2022.2-risc-v-747/riscv-unknown-elf-gcc/bin/../lib/gcc/riscv64-unknown-elf/8.3.0/../../../../riscv64-unknown-elf/lib\libg_nano.a(lib_a-malloc.o) (_free_r)
c:/microchip/softconsole-v2022.2-risc-v-747/riscv-unknown-elf-gcc/bin/../lib/gcc/riscv64-unknown-elf/8.3.0/../../../../riscv64-unknown-elf/lib\libg_nano.a(lib_a-nano-mallocr.o)
                              c:/microchip/softconsole-v2022.2-risc-v-747/riscv-unknown-elf-gcc/bin/../lib/gcc/riscv64-unknown-elf/8.3.0/../../../../riscv64-unknown-elf/lib\libg_nano.a(lib_a-malloc.o) (_malloc_r)
c:/microchip/softconsole-v2022.2-risc-v-747/riscv-unknown-elf-gcc/bin/../lib/gcc/riscv64-unknown-elf/8.3.0/../../../../riscv64-unknown-elf/lib\libg_nano.a(lib_a-sbrkr.o)
                              c:/microchip/softconsole-v2022.2-risc-v-747/riscv-unknown-elf-gcc/bin/../lib/gcc/riscv64-unknown-elf/8.3.0/../../../../riscv64-unknown-elf/lib\libg_nano.a(lib_a-nano-mallocr.o) (_sbrk_r)
c:/microchip/softconsole-v2022.2-risc-v-747/riscv-unknown-elf-gcc/bin/../lib/gcc/riscv64-unknown-elf/8.3.0/../../../../riscv64-unknown-elf/lib\libg_nano.a(lib_a-mlock.o)
                              c:/microchip/softconsole-v2022.2-risc-v-747/riscv-unknown-elf-gcc/bin/../lib/gcc/riscv64-unknown-elf/8.3.0/../../../../riscv64-unknown-elf/lib\libg_nano.a(lib_a-nano-freer.o) (__malloc_lock)
c:/microchip/softconsole-v2022.2-risc-v-747/riscv-unknown-elf-gcc/bin/../lib/gcc/riscv64-unknown-elf/8.3.0/../../../../riscv64-unknown-elf/lib\libg_nano.a(lib_a-reent.o)
                              c:/microchip/softconsole-v2022.2-risc-v-747/riscv-unknown-elf-gcc/bin/../lib/gcc/riscv64-unknown-elf/8.3.0/../../../../riscv64-unknown-elf/lib\libg_nano.a(lib_a-sbrkr.o) (errno)

Allocating common symbols
Common symbol       size              file

g_mss_uart4_hi      0x78              ./src/platform/drivers/mss/mss_mmuart/mss_uart.o
g_mss_uart2_lo      0x78              ./src/platform/drivers/mss/mss_mmuart/mss_uart.o
errno               0x4               c:/microchip/softconsole-v2022.2-risc-v-747/riscv-unknown-elf-gcc/bin/../lib/gcc/riscv64-unknown-elf/8.3.0/../../../../riscv64-unknown-elf/lib\libg_nano.a(lib_a-reent.o)
ddr_diag            0x10              ./src/platform/mpfs_hal/common/nwc/mss_ddr.o
g_mss_uart1_hi      0x78              ./src/platform/drivers/mss/mss_mmuart/mss_uart.o
g_mss_uart2_hi      0x78              ./src/platform/drivers/mss/mss_mmuart/mss_uart.o
calib_data          0x80              ./src/platform/mpfs_hal/common/nwc/mss_ddr.o
g_mss_uart0_lo      0x78              ./src/platform/drivers/mss/mss_mmuart/mss_uart.o
g_mss_uart4_lo      0x78              ./src/platform/drivers/mss/mss_mmuart/mss_uart.o
g_mss_uart3_lo      0x78              ./src/platform/drivers/mss/mss_mmuart/mss_uart.o
ddr_test            0x8               ./src/platform/mpfs_hal/common/nwc/mss_ddr_debug.o
g_mss_uart0_hi      0x78              ./src/platform/drivers/mss/mss_mmuart/mss_uart.o
g_mss_uart1_lo      0x78              ./src/platform/drivers/mss/mss_mmuart/mss_uart.o
g_mss_uart3_hi      0x78              ./src/platform/drivers/mss/mss_mmuart/mss_uart.o

Discarded input sections

[...]
Memory Configuration

Name             Origin             Length             Attributes
envm             0x0000000020220100 0x000000000001ff00 xr
dtim             0x0000000001000000 0x0000000000001c00 xrw
switch_code_dtim 0x0000000001001c00 0x0000000000000400 xr
e51_itim         0x0000000001800000 0x0000000000007000 xrw
u54_1_itim       0x0000000001808000 0x0000000000007000 xrw
u54_2_itim       0x0000000001810000 0x0000000000007000 xrw
u54_3_itim       0x0000000001818000 0x0000000000007000 xrw
u54_4_itim       0x0000000001820000 0x0000000000007000 xrw
l2lim            0x0000000008000000 0x0000000000080000 xrw
scratchpad       0x000000000a000000 0x0000000000080000 xrw
ddr_cached_32bit 0x0000000080000000 0x0000000008000000 xrw
ddr_non_cached_32bit 0x00000000c0000000 0x0000000008000000 xrw
ddr_wcb_32bit    0x00000000d0000000 0x0000000010000000 xrw
ddr_cached_38bit 0x0000001000000000 0x0000000038000000 xrw
ddr_non_cached_38bit 0x0000001400000000 0x0000000038000000 xrw
ddr_wcb_38bit    0x0000001800000000 0x0000000000000000 xrw
*default*        0x0000000000000000 0xffffffffffffffff

Linker script and memory map

LOAD ./src/platform/mpfs_hal/startup_gcc/mss_entry.o
LOAD ./src/platform/mpfs_hal/startup_gcc/mss_utils.o
LOAD ./src/platform/mpfs_hal/startup_gcc/newlib_stubs.o
LOAD ./src/platform/mpfs_hal/startup_gcc/system_startup.o
LOAD ./src/platform/mpfs_hal/common/nwc/mss_cfm.o
LOAD ./src/platform/mpfs_hal/common/nwc/mss_ddr.o
LOAD ./src/platform/mpfs_hal/common/nwc/mss_ddr_debug.o
LOAD ./src/platform/mpfs_hal/common/nwc/mss_ddr_test_pattern.o
LOAD ./src/platform/mpfs_hal/common/nwc/mss_io.o
LOAD ./src/platform/mpfs_hal/common/nwc/mss_nwc_init.o
LOAD ./src/platform/mpfs_hal/common/nwc/mss_pll.o
LOAD ./src/platform/mpfs_hal/common/nwc/mss_sgmii.o
LOAD ./src/platform/mpfs_hal/common/mss_axiswitch.o
LOAD ./src/platform/mpfs_hal/common/mss_beu.o
LOAD ./src/platform/mpfs_hal/common/mss_clint.o
LOAD ./src/platform/mpfs_hal/common/mss_h2f.o
LOAD ./src/platform/mpfs_hal/common/mss_irq_handler_stubs.o
LOAD ./src/platform/mpfs_hal/common/mss_l2_cache.o
LOAD ./src/platform/mpfs_hal/common/mss_mpu.o
LOAD ./src/platform/mpfs_hal/common/mss_mtrap.o
LOAD ./src/platform/mpfs_hal/common/mss_peripherals.o
LOAD ./src/platform/mpfs_hal/common/mss_plic.o
LOAD ./src/platform/mpfs_hal/common/mss_pmp.o
LOAD ./src/platform/mpfs_hal/common/mss_util.o
LOAD ./src/platform/hal/hal_irq.o
LOAD ./src/platform/hal/hw_reg_access.o
LOAD ./src/platform/drivers/mss/mss_mmuart/mss_uart.o
LOAD ./src/application/inc/uart_mapping.o
LOAD ./src/application/hart4/u54_4.o
LOAD ./src/application/hart3/u54_3.o
LOAD ./src/application/hart2/u54_2.o
LOAD ./src/application/hart1/u54_1.o
LOAD ./src/application/hart0/e51.o
LOAD ./src/application/app_main.o
LOAD c:/microchip/softconsole-v2022.2-risc-v-747/riscv-unknown-elf-gcc/bin/../lib/gcc/riscv64-unknown-elf/8.3.0\libgcc.a
LOAD c:/microchip/softconsole-v2022.2-risc-v-747/riscv-unknown-elf-gcc/bin/../lib/gcc/riscv64-unknown-elf/8.3.0/../../../../riscv64-unknown-elf/lib\libg_nano.a
LOAD c:/microchip/softconsole-v2022.2-risc-v-747/riscv-unknown-elf-gcc/bin/../lib/gcc/riscv64-unknown-elf/8.3.0/../../../../riscv64-unknown-elf/lib\libc_nano.a
LOAD c:/microchip/softconsole-v2022.2-risc-v-747/riscv-unknown-elf-gcc/bin/../lib/gcc/riscv64-unknown-elf/8.3.0\libgcc.a
START GROUP
LOAD c:/microchip/softconsole-v2022.2-risc-v-747/riscv-unknown-elf-gcc/bin/../lib/gcc/riscv64-unknown-elf/8.3.0\libgcc.a
LOAD c:/microchip/softconsole-v2022.2-risc-v-747/riscv-unknown-elf-gcc/bin/../lib/gcc/riscv64-unknown-elf/8.3.0/../../../../riscv64-unknown-elf/lib\libc_nano.a
LOAD c:/microchip/softconsole-v2022.2-risc-v-747/riscv-unknown-elf-gcc/bin/../lib/gcc/riscv64-unknown-elf/8.3.0/../../../../riscv64-unknown-elf/lib\libnosys.a
END GROUP
START GROUP
LOAD c:/microchip/softconsole-v2022.2-risc-v-747/riscv-unknown-elf-gcc/bin/../lib/gcc/riscv64-unknown-elf/8.3.0\libgcc.a
LOAD c:/microchip/softconsole-v2022.2-risc-v-747/riscv-unknown-elf-gcc/bin/../lib/gcc/riscv64-unknown-elf/8.3.0/../../../../riscv64-unknown-elf/lib\libc_nano.a
LOAD c:/microchip/softconsole-v2022.2-risc-v-747/riscv-unknown-elf-gcc/bin/../lib/gcc/riscv64-unknown-elf/8.3.0/../../../../riscv64-unknown-elf/lib\libnosys.a
END GROUP
                0x0000000000002000                HEAP_SIZE = 0x2000
                0x0000000000001000                SIZE_OF_COMMON_HART_MEM = 0x1000
                0x0000000000002000                STACK_SIZE_E51_APPLICATION = 0x2000
                0x0000000000002000                STACK_SIZE_U54_1_APPLICATION = 0x2000
                0x0000000000002000                STACK_SIZE_U54_2_APPLICATION = 0x2000
                0x0000000000002000                STACK_SIZE_U54_3_APPLICATION = 0x2000
                0x0000000000002000                STACK_SIZE_U54_4_APPLICATION = 0x2000
                [!provide]                        PROVIDE (__envm_start = ORIGIN (envm))
                [!provide]                        PROVIDE (__envm_end = (ORIGIN (envm) + LENGTH (envm)))
                0x0000000008000000                PROVIDE (__l2lim_start = ORIGIN (l2lim))
                0x0000000008080000                PROVIDE (__l2lim_end = (ORIGIN (l2lim) + LENGTH (l2lim)))
                [!provide]                        PROVIDE (__ddr_cached_32bit_start = ORIGIN (ddr_cached_32bit))
                [!provide]                        PROVIDE (__ddr_cached_32bit_end = (ORIGIN (ddr_cached_32bit) + LENGTH (ddr_cached_32bit)))
                [!provide]                        PROVIDE (__ddr_non_cached_32bit_start = ORIGIN (ddr_non_cached_32bit))
                [!provide]                        PROVIDE (__ddr_non_cached_32bit_end = (ORIGIN (ddr_non_cached_32bit) + LENGTH (ddr_non_cached_32bit)))
                [!provide]                        PROVIDE (__ddr_wcb_32bit_start = ORIGIN (ddr_wcb_32bit))
                [!provide]                        PROVIDE (__ddr_wcb_32bit_end = (ORIGIN (ddr_wcb_32bit) + LENGTH (ddr_wcb_32bit)))
                [!provide]                        PROVIDE (__ddr_cached_38bit_start = ORIGIN (ddr_cached_38bit))
                [!provide]                        PROVIDE (__ddr_cached_38bit_end = (ORIGIN (ddr_cached_38bit) + LENGTH (ddr_cached_38bit)))
                [!provide]                        PROVIDE (__ddr_non_cached_38bit_start = ORIGIN (ddr_non_cached_38bit))
                [!provide]                        PROVIDE (__ddr_non_cached_38bit_end = (ORIGIN (ddr_non_cached_38bit) + LENGTH (ddr_non_cached_38bit)))
                [!provide]                        PROVIDE (__ddr_wcb_38bit_start = ORIGIN (ddr_wcb_38bit))
                [!provide]                        PROVIDE (__ddr_wcb_38bit_end = (ORIGIN (ddr_wcb_38bit) + LENGTH (ddr_wcb_38bit)))
                [!provide]                        PROVIDE (__dtim_start = ORIGIN (dtim))
                [!provide]                        PROVIDE (__dtim_end = (ORIGIN (dtim) + LENGTH (dtim)))
                [!provide]                        PROVIDE (__e51itim_start = ORIGIN (e51_itim))
                [!provide]                        PROVIDE (__e51itim_end = (ORIGIN (e51_itim) + LENGTH (e51_itim)))
                [!provide]                        PROVIDE (__u54_1_itim_start = ORIGIN (u54_1_itim))
                [!provide]                        PROVIDE (__u54_1_itim_end = (ORIGIN (u54_1_itim) + LENGTH (u54_1_itim)))
                [!provide]                        PROVIDE (__u54_2_itim_start = ORIGIN (u54_2_itim))
                [!provide]                        PROVIDE (__u54_2_itim_end = (ORIGIN (u54_2_itim) + LENGTH (u54_2_itim)))
                [!provide]                        PROVIDE (__u54_3_itim_start = ORIGIN (u54_3_itim))
                [!provide]                        PROVIDE (__u54_3_itim_end = (ORIGIN (u54_3_itim) + LENGTH (u54_3_itim)))
                [!provide]                        PROVIDE (__u54_4_itim_start = ORIGIN (u54_4_itim))
                [!provide]                        PROVIDE (__u54_4_itim_end = (ORIGIN (u54_4_itim) + LENGTH (u54_4_itim)))
                0x0000000008000000                . = __l2lim_start

.text_init      0x0000000008000000     0x16c0
 *(.text.init)
 .text.init     0x0000000008000000      0x550 ./src/platform/mpfs_hal/startup_gcc/mss_entry.o
                0x0000000008000000                reset_vector
                0x0000000008000000                _start
                0x00000000080003d0                zero_section
                0x00000000080003e4                count_section
                0x00000000080003fc                copy_section
                0x000000000800041c                copy_switch_code
 .text.init     0x0000000008000550      0x112 ./src/platform/mpfs_hal/startup_gcc/mss_utils.o
                0x0000000008000550                pdma_transfer
                0x000000000800058a                pdma_transfer_complete
                0x000000000800059e                memfill
                0x00000000080005b0                config_copy
                0x00000000080005c6                config_16_copy
                0x00000000080005dc                config_32_copy
                0x00000000080005f2                config_64_copy
                0x0000000008000608                fill_cache_new_seg_address
                0x0000000008000630                turn_on_fpu
                0x0000000008000654                turn_off_fpu
 *system_startup.o(.text .text* .rodata .rodata* .srodata*)
 .text.raise_soft_interrupt
                0x0000000008000662       0x26 ./src/platform/mpfs_hal/startup_gcc/system_startup.o
 .text.PLIC_ClaimIRQ
                0x0000000008000688       0x40 ./src/platform/mpfs_hal/startup_gcc/system_startup.o
 .text.PLIC_CompleteIRQ
                0x00000000080006c8       0x5a ./src/platform/mpfs_hal/startup_gcc/system_startup.o
 .text.PLIC_ClearPendingIRQ
                0x0000000008000722       0x5e ./src/platform/mpfs_hal/startup_gcc/system_startup.o
 .text.PLIC_init_on_reset
                0x0000000008000780      0x16e ./src/platform/mpfs_hal/startup_gcc/system_startup.o
 .text.main_first_hart
                0x00000000080008ee      0x26c ./src/platform/mpfs_hal/startup_gcc/system_startup.o
                0x00000000080008ee                main_first_hart
 .text.main_other_hart
                0x0000000008000b5a      0x120 ./src/platform/mpfs_hal/startup_gcc/system_startup.o
                0x0000000008000b5a                main_other_hart
 *fill*         0x0000000008000c7a        0x2 
 .rodata.main_other_hart
                0x0000000008000c7c       0x14 ./src/platform/mpfs_hal/startup_gcc/system_startup.o
 *fill*         0x0000000008000c90        0x0 
 .rodata.rom    0x0000000008000c90       0x20 ./src/platform/mpfs_hal/startup_gcc/system_startup.o
                0x0000000008000c90                rom
 .text.load_virtual_rom
                0x0000000008000cb0       0x30 ./src/platform/mpfs_hal/startup_gcc/system_startup.o
                0x0000000008000cb0                load_virtual_rom
 .text.init_global_constructors
                0x0000000008000ce0       0x42 ./src/platform/mpfs_hal/startup_gcc/system_startup.o
 .text.init_memory
                0x0000000008000d22       0x8e ./src/platform/mpfs_hal/startup_gcc/system_startup.o
                0x0000000008000d22                init_memory
 .text.init_mem_protection_unit
                0x0000000008000db0       0x18 ./src/platform/mpfs_hal/startup_gcc/system_startup.o
                0x0000000008000db0                init_mem_protection_unit
 .text.init_pmp
                0x0000000008000dc8       0x24 ./src/platform/mpfs_hal/startup_gcc/system_startup.o
                0x0000000008000dc8                init_pmp
 *mtrap.o(.text .text* .rodata .rodata* .srodata*)
 .text.PLIC_DisableIRQ
                0x0000000008000dec      0x28e ./src/platform/mpfs_hal/common/mss_mtrap.o
 *fill*         0x000000000800107a        0x2 
 .rodata.PLIC_DisableIRQ
                0x000000000800107c       0x14 ./src/platform/mpfs_hal/common/mss_mtrap.o
 .text.PLIC_ClaimIRQ
                0x0000000008001090       0x40 ./src/platform/mpfs_hal/common/mss_mtrap.o
 .text.PLIC_CompleteIRQ
                0x00000000080010d0       0x5a ./src/platform/mpfs_hal/common/mss_mtrap.o
 .text.handle_m_ext_interrupt
                0x000000000800112a       0x72 ./src/platform/mpfs_hal/common/mss_mtrap.o
                0x000000000800112a                handle_m_ext_interrupt
 .text.handle_local_interrupt
                0x000000000800119c       0x58 ./src/platform/mpfs_hal/common/mss_mtrap.o
                0x000000000800119c                handle_local_interrupt
 .text.trap_from_machine_mode
                0x00000000080011f4      0x132 ./src/platform/mpfs_hal/common/mss_mtrap.o
                0x00000000080011f4                trap_from_machine_mode
 *mss_h2f.o(.text .text* .rodata .rodata* .srodata*)
 *mss_l2_cache.o(.text .text* .rodata .rodata* .srodata*)
 .text.end_l2_scratchpad_address
                0x0000000008001326       0x12 ./src/platform/mpfs_hal/common/mss_l2_cache.o
                0x0000000008001326                end_l2_scratchpad_address
 .text.config_l2_cache
                0x0000000008001338      0x2de ./src/platform/mpfs_hal/common/mss_l2_cache.o
                0x0000000008001338                config_l2_cache
 .text.check_config_l2_scratchpad
                0x0000000008001616       0x98 ./src/platform/mpfs_hal/common/mss_l2_cache.o
 *fill*         0x00000000080016ae        0x2 
 .rodata        0x00000000080016b0        0x8 ./src/platform/mpfs_hal/common/mss_l2_cache.o
                0x00000000080016c0                . = ALIGN (0x10)
 *fill*         0x00000000080016b8        0x8 

.text           0x00000000080016c0     0xd120
                0x00000000080016c0                __text_load = LOADADDR (.text)
                0x00000000080016c0                __text_start = .
 *(.text.init)
                0x00000000080016c0                . = ALIGN (0x10)
 *(.text .text.* .gnu.linkonce.t.*)
 .text._sbrk    0x00000000080016c0       0x8c ./src/platform/mpfs_hal/startup_gcc/newlib_stubs.o
                0x00000000080016c0                _sbrk
 .text.delay    0x000000000800174c       0x40 ./src/platform/mpfs_hal/common/nwc/mss_ddr.o
 .text.ddr_state_machine
                0x000000000800178c       0x80 ./src/platform/mpfs_hal/common/nwc/mss_ddr.o
                0x000000000800178c                ddr_state_machine
 .text.ddr_setup
                0x000000000800180c     0x25c0 ./src/platform/mpfs_hal/common/nwc/mss_ddr.o
 .text.get_num_lanes
                0x0000000008003dcc       0x18 ./src/platform/mpfs_hal/common/nwc/mss_ddr.o
 .text.set_ddr_mode_reg_and_vs_bits
                0x0000000008003de4       0x4a ./src/platform/mpfs_hal/common/nwc/mss_ddr.o
 .text.set_ddr_rpc_regs
                0x0000000008003e2e      0x1e8 ./src/platform/mpfs_hal/common/nwc/mss_ddr.o
 .text.ddr_off_mode
                0x0000000008004016       0xb0 ./src/platform/mpfs_hal/common/nwc/mss_ddr.o
 .text.load_dq  0x00000000080040c6      0x176 ./src/platform/mpfs_hal/common/nwc/mss_ddr.o
 .text.set_write_calib
                0x000000000800423c       0xca ./src/platform/mpfs_hal/common/nwc/mss_ddr.o
 .text.write_calibration_using_mtc
                0x0000000008004306      0x33e ./src/platform/mpfs_hal/common/nwc/mss_ddr.o
 .text.MTC_test
                0x0000000008004644      0x742 ./src/platform/mpfs_hal/common/nwc/mss_ddr.o
 .text.init_ddrc
                0x0000000008004d86     0x1be4 ./src/platform/mpfs_hal/common/nwc/mss_ddr.o
 .text.setup_ddr_segments
                0x000000000800696a       0xe2 ./src/platform/mpfs_hal/common/nwc/mss_ddr.o
                0x000000000800696a                setup_ddr_segments
 .text.clear_bootup_cache_ways
                0x0000000008006a4c       0x7e ./src/platform/mpfs_hal/common/nwc/mss_ddr.o
                0x0000000008006a4c                clear_bootup_cache_ways
 .text.use_software_bclk_sclk_training
                0x0000000008006aca       0x78 ./src/platform/mpfs_hal/common/nwc/mss_ddr.o
 .text.bclk_sclk_offset
                0x0000000008006b42       0x7e ./src/platform/mpfs_hal/common/nwc/mss_ddr.o
 .text.config_ddr_io_pull_up_downs_rpc_bits
                0x0000000008006bc0      0x1a6 ./src/platform/mpfs_hal/common/nwc/mss_ddr.o
 .text.ddr_manual_addcmd_refclk_offset
                0x0000000008006d66       0xc6 ./src/platform/mpfs_hal/common/nwc/mss_ddr.o
 .text.mode_register_masked_write
                0x0000000008006e2c       0xb4 ./src/platform/mpfs_hal/common/nwc/mss_ddr.o
 .text.mode_register_masked_write_multiple
                0x0000000008006ee0       0x58 ./src/platform/mpfs_hal/common/nwc/mss_ddr.o
 .text.lpddr4_manual_training
                0x0000000008006f38     0x13f8 ./src/platform/mpfs_hal/common/nwc/mss_ddr.o
 .text.address_cmd_training_with_ck_push
                0x0000000008008330      0x8d6 ./src/platform/mpfs_hal/common/nwc/mss_ddr.o
 .text.delay    0x0000000008008c06       0x40 ./src/platform/mpfs_hal/common/nwc/mss_ddr_debug.o
 .text.ddr_write
                0x0000000008008c46      0x274 ./src/platform/mpfs_hal/common/nwc/mss_ddr_debug.o
 .text.ddr_read
                0x0000000008008eba      0x372 ./src/platform/mpfs_hal/common/nwc/mss_ddr_debug.o
 .text.ddr_read_write_fn
                0x000000000800922c      0x11e ./src/platform/mpfs_hal/common/nwc/mss_ddr_debug.o
                0x000000000800922c                ddr_read_write_fn
 .text.load_ddr_pattern
                0x000000000800934a      0x192 ./src/platform/mpfs_hal/common/nwc/mss_ddr_debug.o
                0x000000000800934a                load_ddr_pattern
 .text.load_test_buffers
                0x00000000080094dc       0x66 ./src/platform/mpfs_hal/common/nwc/mss_ddr_debug.o
 .text.test_ddr
                0x0000000008009542      0x1c2 ./src/platform/mpfs_hal/common/nwc/mss_ddr_debug.o
                0x0000000008009542                test_ddr
 .text.mssio_setup
                0x0000000008009704       0x2a ./src/platform/mpfs_hal/common/nwc/mss_io.o
                0x0000000008009704                mssio_setup
 .text.io_mux_and_bank_config
                0x000000000800972e       0x5e ./src/platform/mpfs_hal/common/nwc/mss_io.o
 .text.set_bank2_and_bank4_volts
                0x000000000800978c       0x52 ./src/platform/mpfs_hal/common/nwc/mss_io.o
                0x000000000800978c                set_bank2_and_bank4_volts
 .text.mss_set_gpio_interrupt_fab_cr
                0x00000000080097de       0x1e ./src/platform/mpfs_hal/common/nwc/mss_io.o
                0x00000000080097de                mss_set_gpio_interrupt_fab_cr
 .text.delay    0x00000000080097fc       0x40 ./src/platform/mpfs_hal/common/nwc/mss_nwc_init.o
 .text.mss_nwc_init
                0x000000000800983c       0xbe ./src/platform/mpfs_hal/common/nwc/mss_nwc_init.o
                0x000000000800983c                mss_nwc_init
 .text.mss_nwc_init_ddr
                0x00000000080098fa       0x7c ./src/platform/mpfs_hal/common/nwc/mss_nwc_init.o
                0x00000000080098fa                mss_nwc_init_ddr
 .text.report_status_functions
                0x0000000008009976       0x5e ./src/platform/mpfs_hal/common/nwc/mss_nwc_init.o
 .text.ddr_report_progress
                0x00000000080099d4        0xe ./src/platform/mpfs_hal/common/nwc/mss_nwc_init.o
                0x00000000080099d4                ddr_report_progress
 .text.set_RTC_divisor
                0x00000000080099e2       0x4a ./src/platform/mpfs_hal/common/nwc/mss_pll.o
                0x00000000080099e2                set_RTC_divisor
 .text.mss_mux_pre_mss_pll_config
                0x0000000008009a2c       0x6a ./src/platform/mpfs_hal/common/nwc/mss_pll.o
 .text.sgmii_mux_config
                0x0000000008009a96       0x4a ./src/platform/mpfs_hal/common/nwc/mss_pll.o
                0x0000000008009a96                sgmii_mux_config
 .text.mss_pll_config
                0x0000000008009ae0       0xf6 ./src/platform/mpfs_hal/common/nwc/mss_pll.o
                0x0000000008009ae0                mss_pll_config
 .text.flag_mss_pll_lock_error
                0x0000000008009bd6       0x10 ./src/platform/mpfs_hal/common/nwc/mss_pll.o
                0x0000000008009bd6                flag_mss_pll_lock_error
 .text.ddr_pll_config
                0x0000000008009be6      0x144 ./src/platform/mpfs_hal/common/nwc/mss_pll.o
                0x0000000008009be6                ddr_pll_config
 .text.ddr_pll_lock_scb
                0x0000000008009d2a       0x38 ./src/platform/mpfs_hal/common/nwc/mss_pll.o
                0x0000000008009d2a                ddr_pll_lock_scb
 .text.ddr_pll_config_scb_turn_off
                0x0000000008009d62       0x22 ./src/platform/mpfs_hal/common/nwc/mss_pll.o
                0x0000000008009d62                ddr_pll_config_scb_turn_off
 .text.sgmii_pll_config_scb
                0x0000000008009d84       0xb8 ./src/platform/mpfs_hal/common/nwc/mss_pll.o
                0x0000000008009d84                sgmii_pll_config_scb
 .text.sgmii_setup
                0x0000000008009e3c       0x20 ./src/platform/mpfs_hal/common/nwc/mss_sgmii.o
                0x0000000008009e3c                sgmii_setup
 .text.sgmii_channel_setup
                0x0000000008009e5c      0x51c ./src/platform/mpfs_hal/common/nwc/mss_sgmii.o
 .text.setup_sgmii_rpc_per_config
                0x000000000800a378       0xbc ./src/platform/mpfs_hal/common/nwc/mss_sgmii.o
 .text.ddr_pvt_calibration
                0x000000000800a434      0x170 ./src/platform/mpfs_hal/common/nwc/mss_sgmii.o
                0x000000000800a434                ddr_pvt_calibration
 .text.set_early_late_thresholds
                0x000000000800a5a4       0xbc ./src/platform/mpfs_hal/common/nwc/mss_sgmii.o
 .text.init_bus_error_unit
                0x000000000800a660       0xd6 ./src/platform/mpfs_hal/common/mss_beu.o
                0x000000000800a660                init_bus_error_unit
 .text.handle_local_beu_interrupt
                0x000000000800a736        0xe ./src/platform/mpfs_hal/common/mss_beu.o
                0x000000000800a736                handle_local_beu_interrupt
 .text.clear_soft_interrupt
                0x000000000800a744       0x46 ./src/platform/mpfs_hal/common/mss_clint.o
 .text.handle_m_timer_interrupt
                0x000000000800a78a       0xd6 ./src/platform/mpfs_hal/common/mss_clint.o
                0x000000000800a78a                handle_m_timer_interrupt
 .text.handle_m_soft_interrupt
                0x000000000800a860       0x84 ./src/platform/mpfs_hal/common/mss_clint.o
                0x000000000800a860                handle_m_soft_interrupt
 .text.E51_sysTick_IRQHandler
                0x000000000800a8e4        0xe ./src/platform/mpfs_hal/common/mss_irq_handler_stubs.o
                0x000000000800a8e4                E51_sysTick_IRQHandler
 .text.U54_1_sysTick_IRQHandler
                0x000000000800a8f2        0xe ./src/platform/mpfs_hal/common/mss_irq_handler_stubs.o
                0x000000000800a8f2                U54_1_sysTick_IRQHandler
 .text.U54_2_sysTick_IRQHandler
                0x000000000800a900        0xe ./src/platform/mpfs_hal/common/mss_irq_handler_stubs.o
                0x000000000800a900                U54_2_sysTick_IRQHandler
 .text.U54_3_sysTick_IRQHandler
                0x000000000800a90e        0xe ./src/platform/mpfs_hal/common/mss_irq_handler_stubs.o
                0x000000000800a90e                U54_3_sysTick_IRQHandler
 .text.U54_4_sysTick_IRQHandler
                0x000000000800a91c        0xe ./src/platform/mpfs_hal/common/mss_irq_handler_stubs.o
                0x000000000800a91c                U54_4_sysTick_IRQHandler
 .text.PLIC_Invalid_IRQHandler
                0x000000000800a92a       0x10 ./src/platform/mpfs_hal/common/mss_irq_handler_stubs.o
                0x000000000800a92a                PLIC_Invalid_IRQHandler
 .text.PLIC_dma_ch0_DONE_IRQHandler
                0x000000000800a93a       0x10 ./src/platform/mpfs_hal/common/mss_irq_handler_stubs.o
                0x000000000800a93a                PLIC_dma_ch0_DONE_IRQHandler
 .text.PLIC_dma_ch0_ERR_IRQHandler
                0x000000000800a94a       0x10 ./src/platform/mpfs_hal/common/mss_irq_handler_stubs.o
                0x000000000800a94a                PLIC_dma_ch0_ERR_IRQHandler
 .text.PLIC_dma_ch1_DONE_IRQHandler
                0x000000000800a95a       0x10 ./src/platform/mpfs_hal/common/mss_irq_handler_stubs.o
                0x000000000800a95a                PLIC_dma_ch1_DONE_IRQHandler
 .text.PLIC_dma_ch1_ERR_IRQHandler
                0x000000000800a96a       0x10 ./src/platform/mpfs_hal/common/mss_irq_handler_stubs.o
                0x000000000800a96a                PLIC_dma_ch1_ERR_IRQHandler
 .text.PLIC_dma_ch2_DONE_IRQHandler
                0x000000000800a97a       0x10 ./src/platform/mpfs_hal/common/mss_irq_handler_stubs.o
                0x000000000800a97a                PLIC_dma_ch2_DONE_IRQHandler
 .text.PLIC_dma_ch2_ERR_IRQHandler
                0x000000000800a98a       0x10 ./src/platform/mpfs_hal/common/mss_irq_handler_stubs.o
                0x000000000800a98a                PLIC_dma_ch2_ERR_IRQHandler
 .text.PLIC_dma_ch3_DONE_IRQHandler
                0x000000000800a99a       0x10 ./src/platform/mpfs_hal/common/mss_irq_handler_stubs.o
                0x000000000800a99a                PLIC_dma_ch3_DONE_IRQHandler
 .text.PLIC_dma_ch3_ERR_IRQHandler
                0x000000000800a9aa       0x10 ./src/platform/mpfs_hal/common/mss_irq_handler_stubs.o
                0x000000000800a9aa                PLIC_dma_ch3_ERR_IRQHandler
 .text.PLIC_l2_metadata_corr_IRQHandler
                0x000000000800a9ba       0x10 ./src/platform/mpfs_hal/common/mss_irq_handler_stubs.o
                0x000000000800a9ba                PLIC_l2_metadata_corr_IRQHandler
 .text.PLIC_l2_metadata_uncorr_IRQHandler
                0x000000000800a9ca       0x10 ./src/platform/mpfs_hal/common/mss_irq_handler_stubs.o
                0x000000000800a9ca                PLIC_l2_metadata_uncorr_IRQHandler
 .text.PLIC_l2_data_corr_IRQHandler
                0x000000000800a9da       0x10 ./src/platform/mpfs_hal/common/mss_irq_handler_stubs.o
                0x000000000800a9da                PLIC_l2_data_corr_IRQHandler
 .text.PLIC_l2_data_uncorr_IRQHandler
                0x000000000800a9ea       0x10 ./src/platform/mpfs_hal/common/mss_irq_handler_stubs.o
                0x000000000800a9ea                PLIC_l2_data_uncorr_IRQHandler
 .text.PLIC_gpio0_bit0_or_gpio2_bit13_IRQHandler
                0x000000000800a9fa       0x10 ./src/platform/mpfs_hal/common/mss_irq_handler_stubs.o
                0x000000000800a9fa                PLIC_gpio0_bit0_or_gpio2_bit13_IRQHandler
 .text.PLIC_gpio0_bit1_or_gpio2_bit13_IRQHandler
                0x000000000800aa0a       0x10 ./src/platform/mpfs_hal/common/mss_irq_handler_stubs.o
                0x000000000800aa0a                PLIC_gpio0_bit1_or_gpio2_bit13_IRQHandler
 .text.PLIC_gpio0_bit2_or_gpio2_bit13_IRQHandler
                0x000000000800aa1a       0x10 ./src/platform/mpfs_hal/common/mss_irq_handler_stubs.o
                0x000000000800aa1a                PLIC_gpio0_bit2_or_gpio2_bit13_IRQHandler
 .text.PLIC_gpio0_bit3_or_gpio2_bit13_IRQHandler
                0x000000000800aa2a       0x10 ./src/platform/mpfs_hal/common/mss_irq_handler_stubs.o
                0x000000000800aa2a                PLIC_gpio0_bit3_or_gpio2_bit13_IRQHandler
 .text.PLIC_gpio0_bit4_or_gpio2_bit13_IRQHandler
                0x000000000800aa3a       0x10 ./src/platform/mpfs_hal/common/mss_irq_handler_stubs.o
                0x000000000800aa3a                PLIC_gpio0_bit4_or_gpio2_bit13_IRQHandler
 .text.PLIC_gpio0_bit5_or_gpio2_bit13_IRQHandler
                0x000000000800aa4a       0x10 ./src/platform/mpfs_hal/common/mss_irq_handler_stubs.o
                0x000000000800aa4a                PLIC_gpio0_bit5_or_gpio2_bit13_IRQHandler
 .text.PLIC_gpio0_bit6_or_gpio2_bit13_IRQHandler
                0x000000000800aa5a       0x10 ./src/platform/mpfs_hal/common/mss_irq_handler_stubs.o
                0x000000000800aa5a                PLIC_gpio0_bit6_or_gpio2_bit13_IRQHandler
 .text.PLIC_gpio0_bit7_or_gpio2_bit13_IRQHandler
                0x000000000800aa6a       0x10 ./src/platform/mpfs_hal/common/mss_irq_handler_stubs.o
                0x000000000800aa6a                PLIC_gpio0_bit7_or_gpio2_bit13_IRQHandler
 .text.PLIC_gpio0_bit8_or_gpio2_bit13_IRQHandler
                0x000000000800aa7a       0x10 ./src/platform/mpfs_hal/common/mss_irq_handler_stubs.o
                0x000000000800aa7a                PLIC_gpio0_bit8_or_gpio2_bit13_IRQHandler
 .text.PLIC_gpio0_bit9_or_gpio2_bit13_IRQHandler
                0x000000000800aa8a       0x10 ./src/platform/mpfs_hal/common/mss_irq_handler_stubs.o
                0x000000000800aa8a                PLIC_gpio0_bit9_or_gpio2_bit13_IRQHandler
 .text.PLIC_gpio0_bit10_or_gpio2_bit13_IRQHandler
                0x000000000800aa9a       0x10 ./src/platform/mpfs_hal/common/mss_irq_handler_stubs.o
                0x000000000800aa9a                PLIC_gpio0_bit10_or_gpio2_bit13_IRQHandler
 .text.PLIC_gpio0_bit11_or_gpio2_bit13_IRQHandler
                0x000000000800aaaa       0x10 ./src/platform/mpfs_hal/common/mss_irq_handler_stubs.o
                0x000000000800aaaa                PLIC_gpio0_bit11_or_gpio2_bit13_IRQHandler
 .text.PLIC_gpio0_bit12_or_gpio2_bit13_IRQHandler
                0x000000000800aaba       0x10 ./src/platform/mpfs_hal/common/mss_irq_handler_stubs.o
                0x000000000800aaba                PLIC_gpio0_bit12_or_gpio2_bit13_IRQHandler
 .text.PLIC_gpio0_bit13_or_gpio2_bit13_IRQHandler
                0x000000000800aaca       0x10 ./src/platform/mpfs_hal/common/mss_irq_handler_stubs.o
                0x000000000800aaca                PLIC_gpio0_bit13_or_gpio2_bit13_IRQHandler
 .text.PLIC_gpio1_bit0_or_gpio2_bit14_IRQHandler
                0x000000000800aada       0x10 ./src/platform/mpfs_hal/common/mss_irq_handler_stubs.o
                0x000000000800aada                PLIC_gpio1_bit0_or_gpio2_bit14_IRQHandler
 .text.PLIC_gpio1_bit1_or_gpio2_bit15_IRQHandler
                0x000000000800aaea       0x10 ./src/platform/mpfs_hal/common/mss_irq_handler_stubs.o
                0x000000000800aaea                PLIC_gpio1_bit1_or_gpio2_bit15_IRQHandler
 .text.PLIC_gpio1_bit2_or_gpio2_bit16_IRQHandler
                0x000000000800aafa       0x10 ./src/platform/mpfs_hal/common/mss_irq_handler_stubs.o
                0x000000000800aafa                PLIC_gpio1_bit2_or_gpio2_bit16_IRQHandler
 .text.PLIC_gpio1_bit3_or_gpio2_bit17_IRQHandler
                0x000000000800ab0a       0x10 ./src/platform/mpfs_hal/common/mss_irq_handler_stubs.o
                0x000000000800ab0a                PLIC_gpio1_bit3_or_gpio2_bit17_IRQHandler
 .text.PLIC_gpio1_bit4_or_gpio2_bit18_IRQHandler
                0x000000000800ab1a       0x10 ./src/platform/mpfs_hal/common/mss_irq_handler_stubs.o
                0x000000000800ab1a                PLIC_gpio1_bit4_or_gpio2_bit18_IRQHandler
 .text.PLIC_gpio1_bit5_or_gpio2_bit19_IRQHandler
                0x000000000800ab2a       0x10 ./src/platform/mpfs_hal/common/mss_irq_handler_stubs.o
                0x000000000800ab2a                PLIC_gpio1_bit5_or_gpio2_bit19_IRQHandler
 .text.PLIC_gpio1_bit6_or_gpio2_bit20_IRQHandler
                0x000000000800ab3a       0x10 ./src/platform/mpfs_hal/common/mss_irq_handler_stubs.o
                0x000000000800ab3a                PLIC_gpio1_bit6_or_gpio2_bit20_IRQHandler
 .text.PLIC_gpio1_bit7_or_gpio2_bit21_IRQHandler
                0x000000000800ab4a       0x10 ./src/platform/mpfs_hal/common/mss_irq_handler_stubs.o
                0x000000000800ab4a                PLIC_gpio1_bit7_or_gpio2_bit21_IRQHandler
 .text.PLIC_gpio1_bit8_or_gpio2_bit22_IRQHandler
                0x000000000800ab5a       0x10 ./src/platform/mpfs_hal/common/mss_irq_handler_stubs.o
                0x000000000800ab5a                PLIC_gpio1_bit8_or_gpio2_bit22_IRQHandler
 .text.PLIC_gpio1_bit9_or_gpio2_bit23_IRQHandler
                0x000000000800ab6a       0x10 ./src/platform/mpfs_hal/common/mss_irq_handler_stubs.o
                0x000000000800ab6a                PLIC_gpio1_bit9_or_gpio2_bit23_IRQHandler
 .text.PLIC_gpio1_bit10_or_gpio2_bit24_IRQHandler
                0x000000000800ab7a       0x10 ./src/platform/mpfs_hal/common/mss_irq_handler_stubs.o
                0x000000000800ab7a                PLIC_gpio1_bit10_or_gpio2_bit24_IRQHandler
 .text.PLIC_gpio1_bit11_or_gpio2_bit25_IRQHandler
                0x000000000800ab8a       0x10 ./src/platform/mpfs_hal/common/mss_irq_handler_stubs.o
                0x000000000800ab8a                PLIC_gpio1_bit11_or_gpio2_bit25_IRQHandler
 .text.PLIC_gpio1_bit12_or_gpio2_bit26_IRQHandler
                0x000000000800ab9a       0x10 ./src/platform/mpfs_hal/common/mss_irq_handler_stubs.o
                0x000000000800ab9a                PLIC_gpio1_bit12_or_gpio2_bit26_IRQHandler
 .text.PLIC_gpio1_bit13_or_gpio2_bit27_IRQHandler
                0x000000000800abaa       0x10 ./src/platform/mpfs_hal/common/mss_irq_handler_stubs.o
                0x000000000800abaa                PLIC_gpio1_bit13_or_gpio2_bit27_IRQHandler
 .text.PLIC_gpio1_bit14_or_gpio2_bit28_IRQHandler
                0x000000000800abba       0x10 ./src/platform/mpfs_hal/common/mss_irq_handler_stubs.o
                0x000000000800abba                PLIC_gpio1_bit14_or_gpio2_bit28_IRQHandler
 .text.PLIC_gpio1_bit15_or_gpio2_bit29_IRQHandler
                0x000000000800abca       0x10 ./src/platform/mpfs_hal/common/mss_irq_handler_stubs.o
                0x000000000800abca                PLIC_gpio1_bit15_or_gpio2_bit29_IRQHandler
 .text.PLIC_gpio1_bit16_or_gpio2_bit30_IRQHandler
                0x000000000800abda       0x10 ./src/platform/mpfs_hal/common/mss_irq_handler_stubs.o
                0x000000000800abda                PLIC_gpio1_bit16_or_gpio2_bit30_IRQHandler
 .text.PLIC_gpio1_bit17_or_gpio2_bit31_IRQHandler
                0x000000000800abea       0x10 ./src/platform/mpfs_hal/common/mss_irq_handler_stubs.o
                0x000000000800abea                PLIC_gpio1_bit17_or_gpio2_bit31_IRQHandler
 .text.PLIC_gpio1_bit18_IRQHandler
                0x000000000800abfa       0x10 ./src/platform/mpfs_hal/common/mss_irq_handler_stubs.o
                0x000000000800abfa                PLIC_gpio1_bit18_IRQHandler
 .text.PLIC_gpio1_bit19_IRQHandler
                0x000000000800ac0a       0x10 ./src/platform/mpfs_hal/common/mss_irq_handler_stubs.o
                0x000000000800ac0a                PLIC_gpio1_bit19_IRQHandler
 .text.PLIC_gpio1_bit20_IRQHandler
                0x000000000800ac1a       0x10 ./src/platform/mpfs_hal/common/mss_irq_handler_stubs.o
                0x000000000800ac1a                PLIC_gpio1_bit20_IRQHandler
 .text.PLIC_gpio1_bit21_IRQHandler
                0x000000000800ac2a       0x10 ./src/platform/mpfs_hal/common/mss_irq_handler_stubs.o
                0x000000000800ac2a                PLIC_gpio1_bit21_IRQHandler
 .text.PLIC_gpio1_bit22_IRQHandler
                0x000000000800ac3a       0x10 ./src/platform/mpfs_hal/common/mss_irq_handler_stubs.o
                0x000000000800ac3a                PLIC_gpio1_bit22_IRQHandler
 .text.PLIC_gpio1_bit23_IRQHandler
                0x000000000800ac4a       0x10 ./src/platform/mpfs_hal/common/mss_irq_handler_stubs.o
                0x000000000800ac4a                PLIC_gpio1_bit23_IRQHandler
 .text.PLIC_gpio0_non_direct_IRQHandler
                0x000000000800ac5a       0x10 ./src/platform/mpfs_hal/common/mss_irq_handler_stubs.o
                0x000000000800ac5a                PLIC_gpio0_non_direct_IRQHandler
 .text.PLIC_gpio1_non_direct_IRQHandler
                0x000000000800ac6a       0x10 ./src/platform/mpfs_hal/common/mss_irq_handler_stubs.o
                0x000000000800ac6a                PLIC_gpio1_non_direct_IRQHandler
 .text.PLIC_gpio2_non_direct_IRQHandler
                0x000000000800ac7a       0x10 ./src/platform/mpfs_hal/common/mss_irq_handler_stubs.o
                0x000000000800ac7a                PLIC_gpio2_non_direct_IRQHandler
 .text.PLIC_spi0_IRQHandler
                0x000000000800ac8a       0x10 ./src/platform/mpfs_hal/common/mss_irq_handler_stubs.o
                0x000000000800ac8a                PLIC_spi0_IRQHandler
 .text.PLIC_spi1_IRQHandler
                0x000000000800ac9a       0x10 ./src/platform/mpfs_hal/common/mss_irq_handler_stubs.o
                0x000000000800ac9a                PLIC_spi1_IRQHandler
 .text.PLIC_external_can0_IRQHandler
                0x000000000800acaa       0x10 ./src/platform/mpfs_hal/common/mss_irq_handler_stubs.o
                0x000000000800acaa                PLIC_external_can0_IRQHandler
 .text.PLIC_can1_IRQHandler
                0x000000000800acba       0x10 ./src/platform/mpfs_hal/common/mss_irq_handler_stubs.o
                0x000000000800acba                PLIC_can1_IRQHandler
 .text.PLIC_External_i2c0_main_IRQHandler
                0x000000000800acca       0x10 ./src/platform/mpfs_hal/common/mss_irq_handler_stubs.o
                0x000000000800acca                PLIC_External_i2c0_main_IRQHandler
 .text.PLIC_External_i2c0_alert_IRQHandler
                0x000000000800acda       0x10 ./src/platform/mpfs_hal/common/mss_irq_handler_stubs.o
                0x000000000800acda                PLIC_External_i2c0_alert_IRQHandler
 .text.PLIC_i2c0_sus_IRQHandler
                0x000000000800acea       0x10 ./src/platform/mpfs_hal/common/mss_irq_handler_stubs.o
                0x000000000800acea                PLIC_i2c0_sus_IRQHandler
 .text.PLIC_i2c1_main_IRQHandler
                0x000000000800acfa       0x10 ./src/platform/mpfs_hal/common/mss_irq_handler_stubs.o
                0x000000000800acfa                PLIC_i2c1_main_IRQHandler
 .text.PLIC_i2c1_alert_IRQHandler
                0x000000000800ad0a       0x10 ./src/platform/mpfs_hal/common/mss_irq_handler_stubs.o
                0x000000000800ad0a                PLIC_i2c1_alert_IRQHandler
 .text.PLIC_i2c1_sus_IRQHandler
                0x000000000800ad1a       0x10 ./src/platform/mpfs_hal/common/mss_irq_handler_stubs.o
                0x000000000800ad1a                PLIC_i2c1_sus_IRQHandler
 .text.PLIC_mac0_int_IRQHandler
                0x000000000800ad2a       0x10 ./src/platform/mpfs_hal/common/mss_irq_handler_stubs.o
                0x000000000800ad2a                PLIC_mac0_int_IRQHandler
 .text.PLIC_mac0_queue1_IRQHandler
                0x000000000800ad3a       0x10 ./src/platform/mpfs_hal/common/mss_irq_handler_stubs.o
                0x000000000800ad3a                PLIC_mac0_queue1_IRQHandler
 .text.PLIC_mac0_queue2_IRQHandler
                0x000000000800ad4a       0x10 ./src/platform/mpfs_hal/common/mss_irq_handler_stubs.o
                0x000000000800ad4a                PLIC_mac0_queue2_IRQHandler
 .text.PLIC_mac0_queue3_IRQHandler
                0x000000000800ad5a       0x10 ./src/platform/mpfs_hal/common/mss_irq_handler_stubs.o
                0x000000000800ad5a                PLIC_mac0_queue3_IRQHandler
 .text.PLIC_mac0_emac_IRQHandler
                0x000000000800ad6a       0x10 ./src/platform/mpfs_hal/common/mss_irq_handler_stubs.o
                0x000000000800ad6a                PLIC_mac0_emac_IRQHandler
 .text.PLIC_mac0_mmsl_IRQHandler
                0x000000000800ad7a       0x10 ./src/platform/mpfs_hal/common/mss_irq_handler_stubs.o
                0x000000000800ad7a                PLIC_mac0_mmsl_IRQHandler
 .text.PLIC_mac1_int_IRQHandler
                0x000000000800ad8a       0x10 ./src/platform/mpfs_hal/common/mss_irq_handler_stubs.o
                0x000000000800ad8a                PLIC_mac1_int_IRQHandler
 .text.PLIC_mac1_queue1_IRQHandler
                0x000000000800ad9a       0x10 ./src/platform/mpfs_hal/common/mss_irq_handler_stubs.o
                0x000000000800ad9a                PLIC_mac1_queue1_IRQHandler
 .text.PLIC_mac1_queue2_IRQHandler
                0x000000000800adaa       0x10 ./src/platform/mpfs_hal/common/mss_irq_handler_stubs.o
                0x000000000800adaa                PLIC_mac1_queue2_IRQHandler
 .text.PLIC_mac1_queue3_IRQHandler
                0x000000000800adba       0x10 ./src/platform/mpfs_hal/common/mss_irq_handler_stubs.o
                0x000000000800adba                PLIC_mac1_queue3_IRQHandler
 .text.PLIC_mac1_emac_IRQHandler
                0x000000000800adca       0x10 ./src/platform/mpfs_hal/common/mss_irq_handler_stubs.o
                0x000000000800adca                PLIC_mac1_emac_IRQHandler
 .text.PLIC_mac1_mmsl_IRQHandler
                0x000000000800adda       0x10 ./src/platform/mpfs_hal/common/mss_irq_handler_stubs.o
                0x000000000800adda                PLIC_mac1_mmsl_IRQHandler
 .text.PLIC_ddrc_train_IRQHandler
                0x000000000800adea       0x10 ./src/platform/mpfs_hal/common/mss_irq_handler_stubs.o
                0x000000000800adea                PLIC_ddrc_train_IRQHandler
 .text.PLIC_scb_interrupt_IRQHandler
                0x000000000800adfa       0x10 ./src/platform/mpfs_hal/common/mss_irq_handler_stubs.o
                0x000000000800adfa                PLIC_scb_interrupt_IRQHandler
 .text.PLIC_ecc_error_IRQHandler
                0x000000000800ae0a       0x10 ./src/platform/mpfs_hal/common/mss_irq_handler_stubs.o
                0x000000000800ae0a                PLIC_ecc_error_IRQHandler
 .text.PLIC_ecc_correct_IRQHandler
                0x000000000800ae1a       0x10 ./src/platform/mpfs_hal/common/mss_irq_handler_stubs.o
                0x000000000800ae1a                PLIC_ecc_correct_IRQHandler
 .text.PLIC_rtc_wakeup_IRQHandler
                0x000000000800ae2a       0x10 ./src/platform/mpfs_hal/common/mss_irq_handler_stubs.o
                0x000000000800ae2a                PLIC_rtc_wakeup_IRQHandler
 .text.PLIC_rtc_match_IRQHandler
                0x000000000800ae3a       0x10 ./src/platform/mpfs_hal/common/mss_irq_handler_stubs.o
                0x000000000800ae3a                PLIC_rtc_match_IRQHandler
 .text.PLIC_timer1_IRQHandler
                0x000000000800ae4a       0x10 ./src/platform/mpfs_hal/common/mss_irq_handler_stubs.o
                0x000000000800ae4a                PLIC_timer1_IRQHandler
 .text.PLIC_timer2_IRQHandler
                0x000000000800ae5a       0x10 ./src/platform/mpfs_hal/common/mss_irq_handler_stubs.o
                0x000000000800ae5a                PLIC_timer2_IRQHandler
 .text.PLIC_envm_IRQHandler
                0x000000000800ae6a       0x10 ./src/platform/mpfs_hal/common/mss_irq_handler_stubs.o
                0x000000000800ae6a                PLIC_envm_IRQHandler
 .text.PLIC_qspi_IRQHandler
                0x000000000800ae7a       0x10 ./src/platform/mpfs_hal/common/mss_irq_handler_stubs.o
                0x000000000800ae7a                PLIC_qspi_IRQHandler
 .text.PLIC_usb_dma_IRQHandler
                0x000000000800ae8a       0x10 ./src/platform/mpfs_hal/common/mss_irq_handler_stubs.o
                0x000000000800ae8a                PLIC_usb_dma_IRQHandler
 .text.PLIC_usb_mc_IRQHandler
                0x000000000800ae9a       0x10 ./src/platform/mpfs_hal/common/mss_irq_handler_stubs.o
                0x000000000800ae9a                PLIC_usb_mc_IRQHandler
 .text.PLIC_mmc_main_IRQHandler
                0x000000000800aeaa       0x10 ./src/platform/mpfs_hal/common/mss_irq_handler_stubs.o
                0x000000000800aeaa                PLIC_mmc_main_IRQHandler
 .text.PLIC_mmc_wakeup_IRQHandler
                0x000000000800aeba       0x10 ./src/platform/mpfs_hal/common/mss_irq_handler_stubs.o
                0x000000000800aeba                PLIC_mmc_wakeup_IRQHandler
 .text.PLIC_devrst_IRQHandler
                0x000000000800aeca       0x10 ./src/platform/mpfs_hal/common/mss_irq_handler_stubs.o
                0x000000000800aeca                PLIC_devrst_IRQHandler
 .text.PLIC_g5c_message_IRQHandler
                0x000000000800aeda       0x10 ./src/platform/mpfs_hal/common/mss_irq_handler_stubs.o
                0x000000000800aeda                PLIC_g5c_message_IRQHandler
 .text.PLIC_usoc_vc_interrupt_IRQHandler
                0x000000000800aeea       0x10 ./src/platform/mpfs_hal/common/mss_irq_handler_stubs.o
                0x000000000800aeea                PLIC_usoc_vc_interrupt_IRQHandler
 .text.PLIC_usoc_smb_interrupt_IRQHandler
                0x000000000800aefa       0x10 ./src/platform/mpfs_hal/common/mss_irq_handler_stubs.o
                0x000000000800aefa                PLIC_usoc_smb_interrupt_IRQHandler
 .text.PLIC_E51_Maintence_IRQHandler
                0x000000000800af0a       0x10 ./src/platform/mpfs_hal/common/mss_irq_handler_stubs.o
                0x000000000800af0a                PLIC_E51_Maintence_IRQHandler
 .text.PLIC_wdog0_mvrp_IRQHandler
                0x000000000800af1a       0x10 ./src/platform/mpfs_hal/common/mss_irq_handler_stubs.o
                0x000000000800af1a                PLIC_wdog0_mvrp_IRQHandler
 .text.PLIC_wdog1_mvrp_IRQHandler
                0x000000000800af2a       0x10 ./src/platform/mpfs_hal/common/mss_irq_handler_stubs.o
                0x000000000800af2a                PLIC_wdog1_mvrp_IRQHandler
 .text.PLIC_wdog2_mvrp_IRQHandler
                0x000000000800af3a       0x10 ./src/platform/mpfs_hal/common/mss_irq_handler_stubs.o
                0x000000000800af3a                PLIC_wdog2_mvrp_IRQHandler
 .text.PLIC_wdog3_mvrp_IRQHandler
                0x000000000800af4a       0x10 ./src/platform/mpfs_hal/common/mss_irq_handler_stubs.o
                0x000000000800af4a                PLIC_wdog3_mvrp_IRQHandler
 .text.PLIC_wdog4_mvrp_IRQHandler
                0x000000000800af5a       0x10 ./src/platform/mpfs_hal/common/mss_irq_handler_stubs.o
                0x000000000800af5a                PLIC_wdog4_mvrp_IRQHandler
 .text.PLIC_wdog0_tout_IRQHandler
                0x000000000800af6a       0x10 ./src/platform/mpfs_hal/common/mss_irq_handler_stubs.o
                0x000000000800af6a                PLIC_wdog0_tout_IRQHandler
 .text.PLIC_wdog1_tout_IRQHandler
                0x000000000800af7a       0x10 ./src/platform/mpfs_hal/common/mss_irq_handler_stubs.o
                0x000000000800af7a                PLIC_wdog1_tout_IRQHandler
 .text.PLIC_wdog2_tout_IRQHandler
                0x000000000800af8a       0x10 ./src/platform/mpfs_hal/common/mss_irq_handler_stubs.o
                0x000000000800af8a                PLIC_wdog2_tout_IRQHandler
 .text.PLIC_wdog3_tout_IRQHandler
                0x000000000800af9a       0x10 ./src/platform/mpfs_hal/common/mss_irq_handler_stubs.o
                0x000000000800af9a                PLIC_wdog3_tout_IRQHandler
 .text.PLIC_wdog4_tout_IRQHandler
                0x000000000800afaa       0x10 ./src/platform/mpfs_hal/common/mss_irq_handler_stubs.o
                0x000000000800afaa                PLIC_wdog4_tout_IRQHandler
 .text.PLIC_g5c_mss_spi_IRQHandler
                0x000000000800afba       0x10 ./src/platform/mpfs_hal/common/mss_irq_handler_stubs.o
                0x000000000800afba                PLIC_g5c_mss_spi_IRQHandler
 .text.PLIC_volt_temp_alarm_IRQHandler
                0x000000000800afca       0x10 ./src/platform/mpfs_hal/common/mss_irq_handler_stubs.o
                0x000000000800afca                PLIC_volt_temp_alarm_IRQHandler
 .text.PLIC_athena_complete_IRQHandler
                0x000000000800afda       0x10 ./src/platform/mpfs_hal/common/mss_irq_handler_stubs.o
                0x000000000800afda                PLIC_athena_complete_IRQHandler
 .text.PLIC_athena_alarm_IRQHandler
                0x000000000800afea       0x10 ./src/platform/mpfs_hal/common/mss_irq_handler_stubs.o
                0x000000000800afea                PLIC_athena_alarm_IRQHandler
 .text.PLIC_athena_bus_error_IRQHandler
                0x000000000800affa       0x10 ./src/platform/mpfs_hal/common/mss_irq_handler_stubs.o
                0x000000000800affa                PLIC_athena_bus_error_IRQHandler
 .text.PLIC_usoc_axic_us_IRQHandler
                0x000000000800b00a       0x10 ./src/platform/mpfs_hal/common/mss_irq_handler_stubs.o
                0x000000000800b00a                PLIC_usoc_axic_us_IRQHandler
 .text.PLIC_usoc_axic_ds_IRQHandler
                0x000000000800b01a       0x10 ./src/platform/mpfs_hal/common/mss_irq_handler_stubs.o
                0x000000000800b01a                PLIC_usoc_axic_ds_IRQHandler
 .text.PLIC_reserved_104_IRQHandler
                0x000000000800b02a       0x10 ./src/platform/mpfs_hal/common/mss_irq_handler_stubs.o
                0x000000000800b02a                PLIC_reserved_104_IRQHandler
 .text.PLIC_f2m_0_IRQHandler
                0x000000000800b03a       0x10 ./src/platform/mpfs_hal/common/mss_irq_handler_stubs.o
                0x000000000800b03a                PLIC_f2m_0_IRQHandler
 .text.PLIC_f2m_1_IRQHandler
                0x000000000800b04a       0x10 ./src/platform/mpfs_hal/common/mss_irq_handler_stubs.o
                0x000000000800b04a                PLIC_f2m_1_IRQHandler
 .text.PLIC_f2m_2_IRQHandler
                0x000000000800b05a       0x10 ./src/platform/mpfs_hal/common/mss_irq_handler_stubs.o
                0x000000000800b05a                PLIC_f2m_2_IRQHandler
 .text.PLIC_f2m_3_IRQHandler
                0x000000000800b06a       0x10 ./src/platform/mpfs_hal/common/mss_irq_handler_stubs.o
                0x000000000800b06a                PLIC_f2m_3_IRQHandler
 .text.PLIC_f2m_4_IRQHandler
                0x000000000800b07a       0x10 ./src/platform/mpfs_hal/common/mss_irq_handler_stubs.o
                0x000000000800b07a                PLIC_f2m_4_IRQHandler
 .text.PLIC_f2m_5_IRQHandler
                0x000000000800b08a       0x10 ./src/platform/mpfs_hal/common/mss_irq_handler_stubs.o
                0x000000000800b08a                PLIC_f2m_5_IRQHandler
 .text.PLIC_f2m_6_IRQHandler
                0x000000000800b09a       0x10 ./src/platform/mpfs_hal/common/mss_irq_handler_stubs.o
                0x000000000800b09a                PLIC_f2m_6_IRQHandler
 .text.PLIC_f2m_7_IRQHandler
                0x000000000800b0aa       0x10 ./src/platform/mpfs_hal/common/mss_irq_handler_stubs.o
                0x000000000800b0aa                PLIC_f2m_7_IRQHandler
 .text.PLIC_f2m_8_IRQHandler
                0x000000000800b0ba       0x10 ./src/platform/mpfs_hal/common/mss_irq_handler_stubs.o
                0x000000000800b0ba                PLIC_f2m_8_IRQHandler
 .text.PLIC_f2m_9_IRQHandler
                0x000000000800b0ca       0x10 ./src/platform/mpfs_hal/common/mss_irq_handler_stubs.o
                0x000000000800b0ca                PLIC_f2m_9_IRQHandler
 .text.PLIC_f2m_10_IRQHandler
                0x000000000800b0da       0x10 ./src/platform/mpfs_hal/common/mss_irq_handler_stubs.o
                0x000000000800b0da                PLIC_f2m_10_IRQHandler
 .text.PLIC_f2m_11_IRQHandler
                0x000000000800b0ea       0x10 ./src/platform/mpfs_hal/common/mss_irq_handler_stubs.o
                0x000000000800b0ea                PLIC_f2m_11_IRQHandler
 .text.PLIC_f2m_12_IRQHandler
                0x000000000800b0fa       0x10 ./src/platform/mpfs_hal/common/mss_irq_handler_stubs.o
                0x000000000800b0fa                PLIC_f2m_12_IRQHandler
 .text.PLIC_f2m_13_IRQHandler
                0x000000000800b10a       0x10 ./src/platform/mpfs_hal/common/mss_irq_handler_stubs.o
                0x000000000800b10a                PLIC_f2m_13_IRQHandler
 .text.PLIC_f2m_14_IRQHandler
                0x000000000800b11a       0x10 ./src/platform/mpfs_hal/common/mss_irq_handler_stubs.o
                0x000000000800b11a                PLIC_f2m_14_IRQHandler
 .text.PLIC_f2m_15_IRQHandler
                0x000000000800b12a       0x10 ./src/platform/mpfs_hal/common/mss_irq_handler_stubs.o
                0x000000000800b12a                PLIC_f2m_15_IRQHandler
 .text.PLIC_f2m_16_IRQHandler
                0x000000000800b13a       0x10 ./src/platform/mpfs_hal/common/mss_irq_handler_stubs.o
                0x000000000800b13a                PLIC_f2m_16_IRQHandler
 .text.PLIC_f2m_17_IRQHandler
                0x000000000800b14a       0x10 ./src/platform/mpfs_hal/common/mss_irq_handler_stubs.o
                0x000000000800b14a                PLIC_f2m_17_IRQHandler
 .text.PLIC_f2m_18_IRQHandler
                0x000000000800b15a       0x10 ./src/platform/mpfs_hal/common/mss_irq_handler_stubs.o
                0x000000000800b15a                PLIC_f2m_18_IRQHandler
 .text.PLIC_f2m_19_IRQHandler
                0x000000000800b16a       0x10 ./src/platform/mpfs_hal/common/mss_irq_handler_stubs.o
                0x000000000800b16a                PLIC_f2m_19_IRQHandler
 .text.PLIC_f2m_20_IRQHandler
                0x000000000800b17a       0x10 ./src/platform/mpfs_hal/common/mss_irq_handler_stubs.o
                0x000000000800b17a                PLIC_f2m_20_IRQHandler
 .text.PLIC_f2m_21_IRQHandler
                0x000000000800b18a       0x10 ./src/platform/mpfs_hal/common/mss_irq_handler_stubs.o
                0x000000000800b18a                PLIC_f2m_21_IRQHandler
 .text.PLIC_f2m_22_IRQHandler
                0x000000000800b19a       0x10 ./src/platform/mpfs_hal/common/mss_irq_handler_stubs.o
                0x000000000800b19a                PLIC_f2m_22_IRQHandler
 .text.PLIC_f2m_23_IRQHandler
                0x000000000800b1aa       0x10 ./src/platform/mpfs_hal/common/mss_irq_handler_stubs.o
                0x000000000800b1aa                PLIC_f2m_23_IRQHandler
 .text.PLIC_f2m_24_IRQHandler
                0x000000000800b1ba       0x10 ./src/platform/mpfs_hal/common/mss_irq_handler_stubs.o
                0x000000000800b1ba                PLIC_f2m_24_IRQHandler
 .text.PLIC_f2m_25_IRQHandler
                0x000000000800b1ca       0x10 ./src/platform/mpfs_hal/common/mss_irq_handler_stubs.o
                0x000000000800b1ca                PLIC_f2m_25_IRQHandler
 .text.PLIC_f2m_26_IRQHandler
                0x000000000800b1da       0x10 ./src/platform/mpfs_hal/common/mss_irq_handler_stubs.o
                0x000000000800b1da                PLIC_f2m_26_IRQHandler
 .text.PLIC_f2m_27_IRQHandler
                0x000000000800b1ea       0x10 ./src/platform/mpfs_hal/common/mss_irq_handler_stubs.o
                0x000000000800b1ea                PLIC_f2m_27_IRQHandler
 .text.PLIC_f2m_28_IRQHandler
                0x000000000800b1fa       0x10 ./src/platform/mpfs_hal/common/mss_irq_handler_stubs.o
                0x000000000800b1fa                PLIC_f2m_28_IRQHandler
 .text.PLIC_f2m_29_IRQHandler
                0x000000000800b20a       0x10 ./src/platform/mpfs_hal/common/mss_irq_handler_stubs.o
                0x000000000800b20a                PLIC_f2m_29_IRQHandler
 .text.PLIC_f2m_30_IRQHandler
                0x000000000800b21a       0x10 ./src/platform/mpfs_hal/common/mss_irq_handler_stubs.o
                0x000000000800b21a                PLIC_f2m_30_IRQHandler
 .text.PLIC_f2m_31_IRQHandler
                0x000000000800b22a       0x10 ./src/platform/mpfs_hal/common/mss_irq_handler_stubs.o
                0x000000000800b22a                PLIC_f2m_31_IRQHandler
 .text.PLIC_f2m_32_IRQHandler
                0x000000000800b23a       0x10 ./src/platform/mpfs_hal/common/mss_irq_handler_stubs.o
                0x000000000800b23a                PLIC_f2m_32_IRQHandler
 .text.PLIC_f2m_33_IRQHandler
                0x000000000800b24a       0x10 ./src/platform/mpfs_hal/common/mss_irq_handler_stubs.o
                0x000000000800b24a                PLIC_f2m_33_IRQHandler
 .text.PLIC_f2m_34_IRQHandler
                0x000000000800b25a       0x10 ./src/platform/mpfs_hal/common/mss_irq_handler_stubs.o
                0x000000000800b25a                PLIC_f2m_34_IRQHandler
 .text.PLIC_f2m_35_IRQHandler
                0x000000000800b26a       0x10 ./src/platform/mpfs_hal/common/mss_irq_handler_stubs.o
                0x000000000800b26a                PLIC_f2m_35_IRQHandler
 .text.PLIC_f2m_36_IRQHandler
                0x000000000800b27a       0x10 ./src/platform/mpfs_hal/common/mss_irq_handler_stubs.o
                0x000000000800b27a                PLIC_f2m_36_IRQHandler
 .text.PLIC_f2m_37_IRQHandler
                0x000000000800b28a       0x10 ./src/platform/mpfs_hal/common/mss_irq_handler_stubs.o
                0x000000000800b28a                PLIC_f2m_37_IRQHandler
 .text.PLIC_f2m_38_IRQHandler
                0x000000000800b29a       0x10 ./src/platform/mpfs_hal/common/mss_irq_handler_stubs.o
                0x000000000800b29a                PLIC_f2m_38_IRQHandler
 .text.PLIC_f2m_39_IRQHandler
                0x000000000800b2aa       0x10 ./src/platform/mpfs_hal/common/mss_irq_handler_stubs.o
                0x000000000800b2aa                PLIC_f2m_39_IRQHandler
 .text.PLIC_f2m_40_IRQHandler
                0x000000000800b2ba       0x10 ./src/platform/mpfs_hal/common/mss_irq_handler_stubs.o
                0x000000000800b2ba                PLIC_f2m_40_IRQHandler
 .text.PLIC_f2m_41_IRQHandler
                0x000000000800b2ca       0x10 ./src/platform/mpfs_hal/common/mss_irq_handler_stubs.o
                0x000000000800b2ca                PLIC_f2m_41_IRQHandler
 .text.PLIC_f2m_42_IRQHandler
                0x000000000800b2da       0x10 ./src/platform/mpfs_hal/common/mss_irq_handler_stubs.o
                0x000000000800b2da                PLIC_f2m_42_IRQHandler
 .text.PLIC_f2m_43_IRQHandler
                0x000000000800b2ea       0x10 ./src/platform/mpfs_hal/common/mss_irq_handler_stubs.o
                0x000000000800b2ea                PLIC_f2m_43_IRQHandler
 .text.PLIC_f2m_44_IRQHandler
                0x000000000800b2fa       0x10 ./src/platform/mpfs_hal/common/mss_irq_handler_stubs.o
                0x000000000800b2fa                PLIC_f2m_44_IRQHandler
 .text.PLIC_f2m_45_IRQHandler
                0x000000000800b30a       0x10 ./src/platform/mpfs_hal/common/mss_irq_handler_stubs.o
                0x000000000800b30a                PLIC_f2m_45_IRQHandler
 .text.PLIC_f2m_46_IRQHandler
                0x000000000800b31a       0x10 ./src/platform/mpfs_hal/common/mss_irq_handler_stubs.o
                0x000000000800b31a                PLIC_f2m_46_IRQHandler
 .text.PLIC_f2m_47_IRQHandler
                0x000000000800b32a       0x10 ./src/platform/mpfs_hal/common/mss_irq_handler_stubs.o
                0x000000000800b32a                PLIC_f2m_47_IRQHandler
 .text.PLIC_f2m_48_IRQHandler
                0x000000000800b33a       0x10 ./src/platform/mpfs_hal/common/mss_irq_handler_stubs.o
                0x000000000800b33a                PLIC_f2m_48_IRQHandler
 .text.PLIC_f2m_49_IRQHandler
                0x000000000800b34a       0x10 ./src/platform/mpfs_hal/common/mss_irq_handler_stubs.o
                0x000000000800b34a                PLIC_f2m_49_IRQHandler
 .text.PLIC_f2m_50_IRQHandler
                0x000000000800b35a       0x10 ./src/platform/mpfs_hal/common/mss_irq_handler_stubs.o
                0x000000000800b35a                PLIC_f2m_50_IRQHandler
 .text.PLIC_f2m_51_IRQHandler
                0x000000000800b36a       0x10 ./src/platform/mpfs_hal/common/mss_irq_handler_stubs.o
                0x000000000800b36a                PLIC_f2m_51_IRQHandler
 .text.PLIC_f2m_52_IRQHandler
                0x000000000800b37a       0x10 ./src/platform/mpfs_hal/common/mss_irq_handler_stubs.o
                0x000000000800b37a                PLIC_f2m_52_IRQHandler
 .text.PLIC_f2m_53_IRQHandler
                0x000000000800b38a       0x10 ./src/platform/mpfs_hal/common/mss_irq_handler_stubs.o
                0x000000000800b38a                PLIC_f2m_53_IRQHandler
 .text.PLIC_f2m_54_IRQHandler
                0x000000000800b39a       0x10 ./src/platform/mpfs_hal/common/mss_irq_handler_stubs.o
                0x000000000800b39a                PLIC_f2m_54_IRQHandler
 .text.PLIC_f2m_55_IRQHandler
                0x000000000800b3aa       0x10 ./src/platform/mpfs_hal/common/mss_irq_handler_stubs.o
                0x000000000800b3aa                PLIC_f2m_55_IRQHandler
 .text.PLIC_f2m_56_IRQHandler
                0x000000000800b3ba       0x10 ./src/platform/mpfs_hal/common/mss_irq_handler_stubs.o
                0x000000000800b3ba                PLIC_f2m_56_IRQHandler
 .text.PLIC_f2m_57_IRQHandler
                0x000000000800b3ca       0x10 ./src/platform/mpfs_hal/common/mss_irq_handler_stubs.o
                0x000000000800b3ca                PLIC_f2m_57_IRQHandler
 .text.PLIC_f2m_58_IRQHandler
                0x000000000800b3da       0x10 ./src/platform/mpfs_hal/common/mss_irq_handler_stubs.o
                0x000000000800b3da                PLIC_f2m_58_IRQHandler
 .text.PLIC_f2m_59_IRQHandler
                0x000000000800b3ea       0x10 ./src/platform/mpfs_hal/common/mss_irq_handler_stubs.o
                0x000000000800b3ea                PLIC_f2m_59_IRQHandler
 .text.PLIC_f2m_60_IRQHandler
                0x000000000800b3fa       0x10 ./src/platform/mpfs_hal/common/mss_irq_handler_stubs.o
                0x000000000800b3fa                PLIC_f2m_60_IRQHandler
 .text.PLIC_f2m_61_IRQHandler
                0x000000000800b40a       0x10 ./src/platform/mpfs_hal/common/mss_irq_handler_stubs.o
                0x000000000800b40a                PLIC_f2m_61_IRQHandler
 .text.PLIC_f2m_62_IRQHandler
                0x000000000800b41a       0x10 ./src/platform/mpfs_hal/common/mss_irq_handler_stubs.o
                0x000000000800b41a                PLIC_f2m_62_IRQHandler
 .text.PLIC_f2m_63_IRQHandler
                0x000000000800b42a       0x10 ./src/platform/mpfs_hal/common/mss_irq_handler_stubs.o
                0x000000000800b42a                PLIC_f2m_63_IRQHandler
 .text.PLIC_E51_bus_error_unit_IRQHandler
                0x000000000800b43a       0x10 ./src/platform/mpfs_hal/common/mss_irq_handler_stubs.o
                0x000000000800b43a                PLIC_E51_bus_error_unit_IRQHandler
 .text.PLIC_U54_1_bus_error_unit_IRQHandler
                0x000000000800b44a       0x10 ./src/platform/mpfs_hal/common/mss_irq_handler_stubs.o
                0x000000000800b44a                PLIC_U54_1_bus_error_unit_IRQHandler
 .text.PLIC_U54_2_bus_error_unit_IRQHandler
                0x000000000800b45a       0x10 ./src/platform/mpfs_hal/common/mss_irq_handler_stubs.o
                0x000000000800b45a                PLIC_U54_2_bus_error_unit_IRQHandler
 .text.PLIC_U54_3_bus_error_unit_IRQHandler
                0x000000000800b46a       0x10 ./src/platform/mpfs_hal/common/mss_irq_handler_stubs.o
                0x000000000800b46a                PLIC_U54_3_bus_error_unit_IRQHandler
 .text.PLIC_U54_4_bus_error_unit_IRQHandler
                0x000000000800b47a       0x10 ./src/platform/mpfs_hal/common/mss_irq_handler_stubs.o
                0x000000000800b47a                PLIC_U54_4_bus_error_unit_IRQHandler
 .text.E51_maintenance_local_IRQHandler
                0x000000000800b48a        0xe ./src/platform/mpfs_hal/common/mss_irq_handler_stubs.o
                0x000000000800b48a                E51_maintenance_local_IRQHandler
 .text.E51_usoc_smb_local_IRQHandler
                0x000000000800b498        0xe ./src/platform/mpfs_hal/common/mss_irq_handler_stubs.o
                0x000000000800b498                E51_usoc_smb_local_IRQHandler
 .text.E51_usoc_vc_local_IRQHandler
                0x000000000800b4a6        0xe ./src/platform/mpfs_hal/common/mss_irq_handler_stubs.o
                0x000000000800b4a6                E51_usoc_vc_local_IRQHandler
 .text.E51_g5c_message_local_IRQHandler
                0x000000000800b4b4        0xe ./src/platform/mpfs_hal/common/mss_irq_handler_stubs.o
                0x000000000800b4b4                E51_g5c_message_local_IRQHandler
 .text.E51_g5c_devrst_local_IRQHandler
                0x000000000800b4c2        0xe ./src/platform/mpfs_hal/common/mss_irq_handler_stubs.o
                0x000000000800b4c2                E51_g5c_devrst_local_IRQHandler
 .text.E51_wdog4_tout_local_IRQHandler
                0x000000000800b4d0        0xe ./src/platform/mpfs_hal/common/mss_irq_handler_stubs.o
                0x000000000800b4d0                E51_wdog4_tout_local_IRQHandler
 .text.E51_wdog3_tout_local_IRQHandler
                0x000000000800b4de        0xe ./src/platform/mpfs_hal/common/mss_irq_handler_stubs.o
                0x000000000800b4de                E51_wdog3_tout_local_IRQHandler
 .text.E51_wdog2_tout_local_IRQHandler
                0x000000000800b4ec        0xe ./src/platform/mpfs_hal/common/mss_irq_handler_stubs.o
                0x000000000800b4ec                E51_wdog2_tout_local_IRQHandler
 .text.E51_wdog1_tout_local_IRQHandler
                0x000000000800b4fa        0xe ./src/platform/mpfs_hal/common/mss_irq_handler_stubs.o
                0x000000000800b4fa                E51_wdog1_tout_local_IRQHandler
 .text.E51_wdog0_tout_local_IRQHandler
                0x000000000800b508        0xe ./src/platform/mpfs_hal/common/mss_irq_handler_stubs.o
                0x000000000800b508                E51_wdog0_tout_local_IRQHandler
 .text.E51_wdog0_mvrp_local_IRQHandler
                0x000000000800b516        0xe ./src/platform/mpfs_hal/common/mss_irq_handler_stubs.o
                0x000000000800b516                E51_wdog0_mvrp_local_IRQHandler
 .text.E51_envm_local_IRQHandler
                0x000000000800b524        0xe ./src/platform/mpfs_hal/common/mss_irq_handler_stubs.o
                0x000000000800b524                E51_envm_local_IRQHandler
 .text.E51_ecc_correct_local_IRQHandler
                0x000000000800b532        0xe ./src/platform/mpfs_hal/common/mss_irq_handler_stubs.o
                0x000000000800b532                E51_ecc_correct_local_IRQHandler
 .text.E51_ecc_error_local_IRQHandler
                0x000000000800b540        0xe ./src/platform/mpfs_hal/common/mss_irq_handler_stubs.o
                0x000000000800b540                E51_ecc_error_local_IRQHandler
 .text.E51_scb_local_IRQHandler
                0x000000000800b54e        0xe ./src/platform/mpfs_hal/common/mss_irq_handler_stubs.o
                0x000000000800b54e                E51_scb_local_IRQHandler
 .text.E51_f2m_32_local_IRQHandler
                0x000000000800b55c        0xe ./src/platform/mpfs_hal/common/mss_irq_handler_stubs.o
                0x000000000800b55c                E51_f2m_32_local_IRQHandler
 .text.E51_f2m_33_local_IRQHandler
                0x000000000800b56a        0xe ./src/platform/mpfs_hal/common/mss_irq_handler_stubs.o
                0x000000000800b56a                E51_f2m_33_local_IRQHandler
 .text.E51_f2m_34_local_IRQHandler
                0x000000000800b578        0xe ./src/platform/mpfs_hal/common/mss_irq_handler_stubs.o
                0x000000000800b578                E51_f2m_34_local_IRQHandler
 .text.E51_f2m_35_local_IRQHandler
                0x000000000800b586        0xe ./src/platform/mpfs_hal/common/mss_irq_handler_stubs.o
                0x000000000800b586                E51_f2m_35_local_IRQHandler
 .text.E51_f2m_36_local_IRQHandler
                0x000000000800b594        0xe ./src/platform/mpfs_hal/common/mss_irq_handler_stubs.o
                0x000000000800b594                E51_f2m_36_local_IRQHandler
 .text.E51_f2m_37_local_IRQHandler
                0x000000000800b5a2        0xe ./src/platform/mpfs_hal/common/mss_irq_handler_stubs.o
                0x000000000800b5a2                E51_f2m_37_local_IRQHandler
 .text.E51_f2m_38_local_IRQHandler
                0x000000000800b5b0        0xe ./src/platform/mpfs_hal/common/mss_irq_handler_stubs.o
                0x000000000800b5b0                E51_f2m_38_local_IRQHandler
 .text.E51_f2m_39_local_IRQHandler
                0x000000000800b5be        0xe ./src/platform/mpfs_hal/common/mss_irq_handler_stubs.o
                0x000000000800b5be                E51_f2m_39_local_IRQHandler
 .text.E51_f2m_40_local_IRQHandler
                0x000000000800b5cc        0xe ./src/platform/mpfs_hal/common/mss_irq_handler_stubs.o
                0x000000000800b5cc                E51_f2m_40_local_IRQHandler
 .text.E51_f2m_41_local_IRQHandler
                0x000000000800b5da        0xe ./src/platform/mpfs_hal/common/mss_irq_handler_stubs.o
                0x000000000800b5da                E51_f2m_41_local_IRQHandler
 .text.E51_f2m_42_local_IRQHandler
                0x000000000800b5e8        0xe ./src/platform/mpfs_hal/common/mss_irq_handler_stubs.o
                0x000000000800b5e8                E51_f2m_42_local_IRQHandler
 .text.E51_f2m_43_local_IRQHandler
                0x000000000800b5f6        0xe ./src/platform/mpfs_hal/common/mss_irq_handler_stubs.o
                0x000000000800b5f6                E51_f2m_43_local_IRQHandler
 .text.E51_f2m_44_local_IRQHandler
                0x000000000800b604        0xe ./src/platform/mpfs_hal/common/mss_irq_handler_stubs.o
                0x000000000800b604                E51_f2m_44_local_IRQHandler
 .text.E51_f2m_45_local_IRQHandler
                0x000000000800b612        0xe ./src/platform/mpfs_hal/common/mss_irq_handler_stubs.o
                0x000000000800b612                E51_f2m_45_local_IRQHandler
 .text.E51_f2m_46_local_IRQHandler
                0x000000000800b620        0xe ./src/platform/mpfs_hal/common/mss_irq_handler_stubs.o
                0x000000000800b620                E51_f2m_46_local_IRQHandler
 .text.E51_f2m_47_local_IRQHandler
                0x000000000800b62e        0xe ./src/platform/mpfs_hal/common/mss_irq_handler_stubs.o
                0x000000000800b62e                E51_f2m_47_local_IRQHandler
 .text.E51_f2m_48_local_IRQHandler
                0x000000000800b63c        0xe ./src/platform/mpfs_hal/common/mss_irq_handler_stubs.o
                0x000000000800b63c                E51_f2m_48_local_IRQHandler
 .text.E51_f2m_49_local_IRQHandler
                0x000000000800b64a        0xe ./src/platform/mpfs_hal/common/mss_irq_handler_stubs.o
                0x000000000800b64a                E51_f2m_49_local_IRQHandler
 .text.E51_f2m_50_local_IRQHandler
                0x000000000800b658        0xe ./src/platform/mpfs_hal/common/mss_irq_handler_stubs.o
                0x000000000800b658                E51_f2m_50_local_IRQHandler
 .text.E51_f2m_51_local_IRQHandler
                0x000000000800b666        0xe ./src/platform/mpfs_hal/common/mss_irq_handler_stubs.o
                0x000000000800b666                E51_f2m_51_local_IRQHandler
 .text.E51_f2m_52_local_IRQHandler
                0x000000000800b674        0xe ./src/platform/mpfs_hal/common/mss_irq_handler_stubs.o
                0x000000000800b674                E51_f2m_52_local_IRQHandler
 .text.E51_f2m_53_local_IRQHandler
                0x000000000800b682        0xe ./src/platform/mpfs_hal/common/mss_irq_handler_stubs.o
                0x000000000800b682                E51_f2m_53_local_IRQHandler
 .text.E51_f2m_54_local_IRQHandler
                0x000000000800b690        0xe ./src/platform/mpfs_hal/common/mss_irq_handler_stubs.o
                0x000000000800b690                E51_f2m_54_local_IRQHandler
 .text.E51_f2m_55_local_IRQHandler
                0x000000000800b69e        0xe ./src/platform/mpfs_hal/common/mss_irq_handler_stubs.o
                0x000000000800b69e                E51_f2m_55_local_IRQHandler
 .text.E51_f2m_56_local_IRQHandler
                0x000000000800b6ac        0xe ./src/platform/mpfs_hal/common/mss_irq_handler_stubs.o
                0x000000000800b6ac                E51_f2m_56_local_IRQHandler
 .text.E51_f2m_57_local_IRQHandler
                0x000000000800b6ba        0xe ./src/platform/mpfs_hal/common/mss_irq_handler_stubs.o
                0x000000000800b6ba                E51_f2m_57_local_IRQHandler
 .text.E51_f2m_58_local_IRQHandler
                0x000000000800b6c8        0xe ./src/platform/mpfs_hal/common/mss_irq_handler_stubs.o
                0x000000000800b6c8                E51_f2m_58_local_IRQHandler
 .text.E51_f2m_59_local_IRQHandler
                0x000000000800b6d6        0xe ./src/platform/mpfs_hal/common/mss_irq_handler_stubs.o
                0x000000000800b6d6                E51_f2m_59_local_IRQHandler
 .text.E51_f2m_60_local_IRQHandler
                0x000000000800b6e4        0xe ./src/platform/mpfs_hal/common/mss_irq_handler_stubs.o
                0x000000000800b6e4                E51_f2m_60_local_IRQHandler
 .text.E51_f2m_61_local_IRQHandler
                0x000000000800b6f2        0xe ./src/platform/mpfs_hal/common/mss_irq_handler_stubs.o
                0x000000000800b6f2                E51_f2m_61_local_IRQHandler
 .text.E51_f2m_62_local_IRQHandler
                0x000000000800b700        0xe ./src/platform/mpfs_hal/common/mss_irq_handler_stubs.o
                0x000000000800b700                E51_f2m_62_local_IRQHandler
 .text.E51_f2m_63_local_IRQHandler
                0x000000000800b70e        0xe ./src/platform/mpfs_hal/common/mss_irq_handler_stubs.o
                0x000000000800b70e                E51_f2m_63_local_IRQHandler
 .text.U54_spare_0_local_IRQHandler
                0x000000000800b71c        0xe ./src/platform/mpfs_hal/common/mss_irq_handler_stubs.o
                0x000000000800b71c                U54_spare_0_local_IRQHandler
 .text.U54_spare_1_local_IRQHandler
                0x000000000800b72a        0xe ./src/platform/mpfs_hal/common/mss_irq_handler_stubs.o
                0x000000000800b72a                U54_spare_1_local_IRQHandler
 .text.U54_spare_2_local_IRQHandler
                0x000000000800b738        0xe ./src/platform/mpfs_hal/common/mss_irq_handler_stubs.o
                0x000000000800b738                U54_spare_2_local_IRQHandler
 .text.U54_1_mac0_mmsl_local_IRQHandler
                0x000000000800b746        0xe ./src/platform/mpfs_hal/common/mss_irq_handler_stubs.o
                0x000000000800b746                U54_1_mac0_mmsl_local_IRQHandler
 .text.U54_1_mac0_emac_local_IRQHandler
                0x000000000800b754        0xe ./src/platform/mpfs_hal/common/mss_irq_handler_stubs.o
                0x000000000800b754                U54_1_mac0_emac_local_IRQHandler
 .text.U54_1_mac0_queue3_local_IRQHandler
                0x000000000800b762        0xe ./src/platform/mpfs_hal/common/mss_irq_handler_stubs.o
                0x000000000800b762                U54_1_mac0_queue3_local_IRQHandler
 .text.U54_1_mac0_queue2_local_IRQHandler
                0x000000000800b770        0xe ./src/platform/mpfs_hal/common/mss_irq_handler_stubs.o
                0x000000000800b770                U54_1_mac0_queue2_local_IRQHandler
 .text.U54_1_mac0_queue1_local_IRQHandler
                0x000000000800b77e        0xe ./src/platform/mpfs_hal/common/mss_irq_handler_stubs.o
                0x000000000800b77e                U54_1_mac0_queue1_local_IRQHandler
 .text.U54_1_mac0_int_local_IRQHandler
                0x000000000800b78c        0xe ./src/platform/mpfs_hal/common/mss_irq_handler_stubs.o
                0x000000000800b78c                U54_1_mac0_int_local_IRQHandler
 .text.U54_2_mac0_mmsl_local_IRQHandler
                0x000000000800b79a        0xe ./src/platform/mpfs_hal/common/mss_irq_handler_stubs.o
                0x000000000800b79a                U54_2_mac0_mmsl_local_IRQHandler
 .text.U54_2_mac0_emac_local_IRQHandler
                0x000000000800b7a8        0xe ./src/platform/mpfs_hal/common/mss_irq_handler_stubs.o
                0x000000000800b7a8                U54_2_mac0_emac_local_IRQHandler
 .text.U54_2_mac0_queue3_local_IRQHandler
                0x000000000800b7b6        0xe ./src/platform/mpfs_hal/common/mss_irq_handler_stubs.o
                0x000000000800b7b6                U54_2_mac0_queue3_local_IRQHandler
 .text.U54_2_mac0_queue2_local_IRQHandler
                0x000000000800b7c4        0xe ./src/platform/mpfs_hal/common/mss_irq_handler_stubs.o
                0x000000000800b7c4                U54_2_mac0_queue2_local_IRQHandler
 .text.U54_2_mac0_queue1_local_IRQHandler
                0x000000000800b7d2        0xe ./src/platform/mpfs_hal/common/mss_irq_handler_stubs.o
                0x000000000800b7d2                U54_2_mac0_queue1_local_IRQHandler
 .text.U54_2_mac0_int_local_IRQHandler
                0x000000000800b7e0        0xe ./src/platform/mpfs_hal/common/mss_irq_handler_stubs.o
                0x000000000800b7e0                U54_2_mac0_int_local_IRQHandler
 .text.U54_3_mac1_mmsl_local_IRQHandler
                0x000000000800b7ee        0xe ./src/platform/mpfs_hal/common/mss_irq_handler_stubs.o
                0x000000000800b7ee                U54_3_mac1_mmsl_local_IRQHandler
 .text.U54_3_mac1_emac_local_IRQHandler
                0x000000000800b7fc        0xe ./src/platform/mpfs_hal/common/mss_irq_handler_stubs.o
                0x000000000800b7fc                U54_3_mac1_emac_local_IRQHandler
 .text.U54_3_mac1_queue3_local_IRQHandler
                0x000000000800b80a        0xe ./src/platform/mpfs_hal/common/mss_irq_handler_stubs.o
                0x000000000800b80a                U54_3_mac1_queue3_local_IRQHandler
 .text.U54_3_mac1_queue2_local_IRQHandler
                0x000000000800b818        0xe ./src/platform/mpfs_hal/common/mss_irq_handler_stubs.o
                0x000000000800b818                U54_3_mac1_queue2_local_IRQHandler
 .text.U54_3_mac1_queue1_local_IRQHandler
                0x000000000800b826        0xe ./src/platform/mpfs_hal/common/mss_irq_handler_stubs.o
                0x000000000800b826                U54_3_mac1_queue1_local_IRQHandler
 .text.U54_3_mac1_int_local_IRQHandler
                0x000000000800b834        0xe ./src/platform/mpfs_hal/common/mss_irq_handler_stubs.o
                0x000000000800b834                U54_3_mac1_int_local_IRQHandler
 .text.U54_4_mac1_mmsl_local_IRQHandler
                0x000000000800b842        0xe ./src/platform/mpfs_hal/common/mss_irq_handler_stubs.o
                0x000000000800b842                U54_4_mac1_mmsl_local_IRQHandler
 .text.U54_4_mac1_emac_local_IRQHandler
                0x000000000800b850        0xe ./src/platform/mpfs_hal/common/mss_irq_handler_stubs.o
                0x000000000800b850                U54_4_mac1_emac_local_IRQHandler
 .text.U54_4_mac1_queue3_local_IRQHandler
                0x000000000800b85e        0xe ./src/platform/mpfs_hal/common/mss_irq_handler_stubs.o
                0x000000000800b85e                U54_4_mac1_queue3_local_IRQHandler
 .text.U54_4_mac1_queue2_local_IRQHandler
                0x000000000800b86c        0xe ./src/platform/mpfs_hal/common/mss_irq_handler_stubs.o
                0x000000000800b86c                U54_4_mac1_queue2_local_IRQHandler
 .text.U54_4_mac1_queue1_local_IRQHandler
                0x000000000800b87a        0xe ./src/platform/mpfs_hal/common/mss_irq_handler_stubs.o
                0x000000000800b87a                U54_4_mac1_queue1_local_IRQHandler
 .text.U54_4_mac1_int_local_IRQHandler
                0x000000000800b888        0xe ./src/platform/mpfs_hal/common/mss_irq_handler_stubs.o
                0x000000000800b888                U54_4_mac1_int_local_IRQHandler
 .text.U54_1_wdog_tout_local_IRQHandler
                0x000000000800b896        0xe ./src/platform/mpfs_hal/common/mss_irq_handler_stubs.o
                0x000000000800b896                U54_1_wdog_tout_local_IRQHandler
 .text.U54_2_wdog_tout_local_IRQHandler
                0x000000000800b8a4        0xe ./src/platform/mpfs_hal/common/mss_irq_handler_stubs.o
                0x000000000800b8a4                U54_2_wdog_tout_local_IRQHandler
 .text.U54_3_wdog_tout_local_IRQHandler
                0x000000000800b8b2        0xe ./src/platform/mpfs_hal/common/mss_irq_handler_stubs.o
                0x000000000800b8b2                U54_3_wdog_tout_local_IRQHandler
 .text.U54_4_wdog_tout_local_IRQHandler
                0x000000000800b8c0        0xe ./src/platform/mpfs_hal/common/mss_irq_handler_stubs.o
                0x000000000800b8c0                U54_4_wdog_tout_local_IRQHandler
 .text.mvrp_u54_local_IRQHandler_10
                0x000000000800b8ce        0xe ./src/platform/mpfs_hal/common/mss_irq_handler_stubs.o
                0x000000000800b8ce                mvrp_u54_local_IRQHandler_10
 .text.U54_1_wdog_mvrp_local_IRQHandler
                0x000000000800b8dc       0x16 ./src/platform/mpfs_hal/common/mss_irq_handler_stubs.o
                0x000000000800b8dc                U54_1_wdog_mvrp_local_IRQHandler
 .text.U54_2_wdog_mvrp_local_IRQHandler
                0x000000000800b8f2       0x16 ./src/platform/mpfs_hal/common/mss_irq_handler_stubs.o
                0x000000000800b8f2                U54_2_wdog_mvrp_local_IRQHandler
 .text.U54_3_wdog_mvrp_local_IRQHandler
                0x000000000800b908       0x16 ./src/platform/mpfs_hal/common/mss_irq_handler_stubs.o
                0x000000000800b908                U54_3_wdog_mvrp_local_IRQHandler
 .text.U54_4_wdog_mvrp_local_IRQHandler
                0x000000000800b91e       0x16 ./src/platform/mpfs_hal/common/mss_irq_handler_stubs.o
                0x000000000800b91e                U54_4_wdog_mvrp_local_IRQHandler
 .text.U54_spare_3_local_IRQHandler
                0x000000000800b934        0xe ./src/platform/mpfs_hal/common/mss_irq_handler_stubs.o
                0x000000000800b934                U54_spare_3_local_IRQHandler
 .text.U54_spare_4_local_IRQHandler
                0x000000000800b942        0xe ./src/platform/mpfs_hal/common/mss_irq_handler_stubs.o
                0x000000000800b942                U54_spare_4_local_IRQHandler
 .text.U54_spare_5_local_IRQHandler
                0x000000000800b950        0xe ./src/platform/mpfs_hal/common/mss_irq_handler_stubs.o
                0x000000000800b950                U54_spare_5_local_IRQHandler
 .text.U54_spare_6_local_IRQHandler
                0x000000000800b95e        0xe ./src/platform/mpfs_hal/common/mss_irq_handler_stubs.o
                0x000000000800b95e                U54_spare_6_local_IRQHandler
 .text.U54_f2m_0_local_IRQHandler
                0x000000000800b96c        0xe ./src/platform/mpfs_hal/common/mss_irq_handler_stubs.o
                0x000000000800b96c                U54_f2m_0_local_IRQHandler
 .text.U54_f2m_1_local_IRQHandler
                0x000000000800b97a        0xe ./src/platform/mpfs_hal/common/mss_irq_handler_stubs.o
                0x000000000800b97a                U54_f2m_1_local_IRQHandler
 .text.U54_f2m_2_local_IRQHandler
                0x000000000800b988        0xe ./src/platform/mpfs_hal/common/mss_irq_handler_stubs.o
                0x000000000800b988                U54_f2m_2_local_IRQHandler
 .text.U54_f2m_3_local_IRQHandler
                0x000000000800b996        0xe ./src/platform/mpfs_hal/common/mss_irq_handler_stubs.o
                0x000000000800b996                U54_f2m_3_local_IRQHandler
 .text.U54_f2m_4_local_IRQHandler
                0x000000000800b9a4        0xe ./src/platform/mpfs_hal/common/mss_irq_handler_stubs.o
                0x000000000800b9a4                U54_f2m_4_local_IRQHandler
 .text.U54_f2m_5_local_IRQHandler
                0x000000000800b9b2        0xe ./src/platform/mpfs_hal/common/mss_irq_handler_stubs.o
                0x000000000800b9b2                U54_f2m_5_local_IRQHandler
 .text.U54_f2m_6_local_IRQHandler
                0x000000000800b9c0        0xe ./src/platform/mpfs_hal/common/mss_irq_handler_stubs.o
                0x000000000800b9c0                U54_f2m_6_local_IRQHandler
 .text.U54_f2m_7_local_IRQHandler
                0x000000000800b9ce        0xe ./src/platform/mpfs_hal/common/mss_irq_handler_stubs.o
                0x000000000800b9ce                U54_f2m_7_local_IRQHandler
 .text.U54_f2m_8_local_IRQHandler
                0x000000000800b9dc        0xe ./src/platform/mpfs_hal/common/mss_irq_handler_stubs.o
                0x000000000800b9dc                U54_f2m_8_local_IRQHandler
 .text.U54_f2m_9_local_IRQHandler
                0x000000000800b9ea        0xe ./src/platform/mpfs_hal/common/mss_irq_handler_stubs.o
                0x000000000800b9ea                U54_f2m_9_local_IRQHandler
 .text.U54_f2m_10_local_IRQHandler
                0x000000000800b9f8        0xe ./src/platform/mpfs_hal/common/mss_irq_handler_stubs.o
                0x000000000800b9f8                U54_f2m_10_local_IRQHandler
 .text.U54_f2m_11_local_IRQHandler
                0x000000000800ba06        0xe ./src/platform/mpfs_hal/common/mss_irq_handler_stubs.o
                0x000000000800ba06                U54_f2m_11_local_IRQHandler
 .text.U54_f2m_12_local_IRQHandler
                0x000000000800ba14        0xe ./src/platform/mpfs_hal/common/mss_irq_handler_stubs.o
                0x000000000800ba14                U54_f2m_12_local_IRQHandler
 .text.U54_f2m_13_local_IRQHandler
                0x000000000800ba22        0xe ./src/platform/mpfs_hal/common/mss_irq_handler_stubs.o
                0x000000000800ba22                U54_f2m_13_local_IRQHandler
 .text.U54_f2m_14_local_IRQHandler
                0x000000000800ba30        0xe ./src/platform/mpfs_hal/common/mss_irq_handler_stubs.o
                0x000000000800ba30                U54_f2m_14_local_IRQHandler
 .text.U54_f2m_15_local_IRQHandler
                0x000000000800ba3e        0xe ./src/platform/mpfs_hal/common/mss_irq_handler_stubs.o
                0x000000000800ba3e                U54_f2m_15_local_IRQHandler
 .text.U54_f2m_16_local_IRQHandler
                0x000000000800ba4c        0xe ./src/platform/mpfs_hal/common/mss_irq_handler_stubs.o
                0x000000000800ba4c                U54_f2m_16_local_IRQHandler
 .text.U54_f2m_17_local_IRQHandler
                0x000000000800ba5a        0xe ./src/platform/mpfs_hal/common/mss_irq_handler_stubs.o
                0x000000000800ba5a                U54_f2m_17_local_IRQHandler
 .text.U54_f2m_18_local_IRQHandler
                0x000000000800ba68        0xe ./src/platform/mpfs_hal/common/mss_irq_handler_stubs.o
                0x000000000800ba68                U54_f2m_18_local_IRQHandler
 .text.U54_f2m_19_local_IRQHandler
                0x000000000800ba76        0xe ./src/platform/mpfs_hal/common/mss_irq_handler_stubs.o
                0x000000000800ba76                U54_f2m_19_local_IRQHandler
 .text.U54_f2m_20_local_IRQHandler
                0x000000000800ba84        0xe ./src/platform/mpfs_hal/common/mss_irq_handler_stubs.o
                0x000000000800ba84                U54_f2m_20_local_IRQHandler
 .text.U54_f2m_21_local_IRQHandler
                0x000000000800ba92        0xe ./src/platform/mpfs_hal/common/mss_irq_handler_stubs.o
                0x000000000800ba92                U54_f2m_21_local_IRQHandler
 .text.U54_f2m_22_local_IRQHandler
                0x000000000800baa0        0xe ./src/platform/mpfs_hal/common/mss_irq_handler_stubs.o
                0x000000000800baa0                U54_f2m_22_local_IRQHandler
 .text.U54_f2m_23_local_IRQHandler
                0x000000000800baae        0xe ./src/platform/mpfs_hal/common/mss_irq_handler_stubs.o
                0x000000000800baae                U54_f2m_23_local_IRQHandler
 .text.U54_f2m_24_local_IRQHandler
                0x000000000800babc        0xe ./src/platform/mpfs_hal/common/mss_irq_handler_stubs.o
                0x000000000800babc                U54_f2m_24_local_IRQHandler
 .text.U54_f2m_25_local_IRQHandler
                0x000000000800baca        0xe ./src/platform/mpfs_hal/common/mss_irq_handler_stubs.o
                0x000000000800baca                U54_f2m_25_local_IRQHandler
 .text.U54_f2m_26_local_IRQHandler
                0x000000000800bad8        0xe ./src/platform/mpfs_hal/common/mss_irq_handler_stubs.o
                0x000000000800bad8                U54_f2m_26_local_IRQHandler
 .text.U54_f2m_27_local_IRQHandler
                0x000000000800bae6        0xe ./src/platform/mpfs_hal/common/mss_irq_handler_stubs.o
                0x000000000800bae6                U54_f2m_27_local_IRQHandler
 .text.U54_f2m_28_local_IRQHandler
                0x000000000800baf4        0xe ./src/platform/mpfs_hal/common/mss_irq_handler_stubs.o
                0x000000000800baf4                U54_f2m_28_local_IRQHandler
 .text.U54_f2m_29_local_IRQHandler
                0x000000000800bb02        0xe ./src/platform/mpfs_hal/common/mss_irq_handler_stubs.o
                0x000000000800bb02                U54_f2m_29_local_IRQHandler
 .text.U54_f2m_30_local_IRQHandler
                0x000000000800bb10        0xe ./src/platform/mpfs_hal/common/mss_irq_handler_stubs.o
                0x000000000800bb10                U54_f2m_30_local_IRQHandler
 .text.U54_f2m_31_local_IRQHandler
                0x000000000800bb1e        0xe ./src/platform/mpfs_hal/common/mss_irq_handler_stubs.o
                0x000000000800bb1e                U54_f2m_31_local_IRQHandler
 .text.mpu_configure
                0x000000000800bb2c       0xfe ./src/platform/mpfs_hal/common/mss_mpu.o
                0x000000000800bb2c                mpu_configure
 .text.verify_context_enable
                0x000000000800bc2a       0x32 ./src/platform/mpfs_hal/common/mss_peripherals.o
 .text.peripheral_on_off
                0x000000000800bc5c       0xac ./src/platform/mpfs_hal/common/mss_peripherals.o
 .text.mss_config_clk_rst
                0x000000000800bd08       0xb4 ./src/platform/mpfs_hal/common/mss_peripherals.o
                0x000000000800bd08                mss_config_clk_rst
 .text.mss_enable_fabric
                0x000000000800bdbc       0x2c ./src/platform/mpfs_hal/common/mss_peripherals.o
                0x000000000800bdbc                mss_enable_fabric
 .text.mss_set_apb_bus_cr
                0x000000000800bde8       0x20 ./src/platform/mpfs_hal/common/mss_peripherals.o
                0x000000000800bde8                mss_set_apb_bus_cr
 .text.mss_turn_off_unused_ram_clks
                0x000000000800be08       0x76 ./src/platform/mpfs_hal/common/mss_peripherals.o
                0x000000000800be08                mss_turn_off_unused_ram_clks
 .text.pmp_configure
                0x000000000800be7e      0x23e ./src/platform/mpfs_hal/common/mss_pmp.o
                0x000000000800be7e                pmp_configure
 .text.__disable_irq
                0x000000000800c0bc       0x22 ./src/platform/mpfs_hal/common/mss_util.o
                0x000000000800c0bc                __disable_irq
 .text.__disable_all_irqs
                0x000000000800c0de       0x1e ./src/platform/mpfs_hal/common/mss_util.o
                0x000000000800c0de                __disable_all_irqs
 .text.__enable_irq
                0x000000000800c0fc       0x16 ./src/platform/mpfs_hal/common/mss_util.o
                0x000000000800c0fc                __enable_irq
 .text.MSS_UART_disable_irq
                0x000000000800c112       0x88 ./src/platform/drivers/mss/mss_mmuart/mss_uart.o
                0x000000000800c112                MSS_UART_disable_irq
 .text.PLIC_mmuart0_IRQHandler
                0x000000000800c19a       0x3e ./src/platform/drivers/mss/mss_mmuart/mss_uart.o
                0x000000000800c19a                PLIC_mmuart0_IRQHandler
 .text.PLIC_mmuart1_IRQHandler
                0x000000000800c1d8       0x3e ./src/platform/drivers/mss/mss_mmuart/mss_uart.o
                0x000000000800c1d8                PLIC_mmuart1_IRQHandler
 .text.PLIC_mmuart2_IRQHandler
                0x000000000800c216       0x3e ./src/platform/drivers/mss/mss_mmuart/mss_uart.o
                0x000000000800c216                PLIC_mmuart2_IRQHandler
 .text.PLIC_mmuart3_IRQHandler
                0x000000000800c254       0x3e ./src/platform/drivers/mss/mss_mmuart/mss_uart.o
                0x000000000800c254                PLIC_mmuart3_IRQHandler
 .text.PLIC_mmuart4_IRQHandler
                0x000000000800c292       0x3e ./src/platform/drivers/mss/mss_mmuart/mss_uart.o
                0x000000000800c292                PLIC_mmuart4_IRQHandler
 .text.E51_mmuart0_local_IRQHandler
                0x000000000800c2d0       0x3c ./src/platform/drivers/mss/mss_mmuart/mss_uart.o
                0x000000000800c2d0                E51_mmuart0_local_IRQHandler
 .text.U54_1_mmuart1_local_IRQHandler
                0x000000000800c30c       0x3c ./src/platform/drivers/mss/mss_mmuart/mss_uart.o
                0x000000000800c30c                U54_1_mmuart1_local_IRQHandler
 .text.U54_2_mmuart2_local_IRQHandler
                0x000000000800c348       0x3c ./src/platform/drivers/mss/mss_mmuart/mss_uart.o
                0x000000000800c348                U54_2_mmuart2_local_IRQHandler
 .text.U54_3_mmuart3_local_IRQHandler
                0x000000000800c384       0x3c ./src/platform/drivers/mss/mss_mmuart/mss_uart.o
                0x000000000800c384                U54_3_mmuart3_local_IRQHandler
 .text.U54_4_mmuart4_local_IRQHandler
                0x000000000800c3c0       0x3c ./src/platform/drivers/mss/mss_mmuart/mss_uart.o
                0x000000000800c3c0                U54_4_mmuart4_local_IRQHandler
 .text.uart_isr
                0x000000000800c3fc      0x21c ./src/platform/drivers/mss/mss_mmuart/mss_uart.o
 .text.clear_soft_interrupt
                0x000000000800c618       0x46 ./src/application/hart4/u54_4.o
 .text.u54_4    0x000000000800c65e       0x58 ./src/application/hart4/u54_4.o
                0x000000000800c65e                u54_4
 .text.U54_4_software_IRQHandler
                0x000000000800c6b6       0x2a ./src/application/hart4/u54_4.o
                0x000000000800c6b6                U54_4_software_IRQHandler
 .text.clear_soft_interrupt
                0x000000000800c6e0       0x46 ./src/application/hart3/u54_3.o
 .text.u54_3    0x000000000800c726       0x58 ./src/application/hart3/u54_3.o
                0x000000000800c726                u54_3
 .text.U54_3_software_IRQHandler
                0x000000000800c77e       0x2a ./src/application/hart3/u54_3.o
                0x000000000800c77e                U54_3_software_IRQHandler
 .text.clear_soft_interrupt
                0x000000000800c7a8       0x46 ./src/application/hart2/u54_2.o
 .text.u54_2    0x000000000800c7ee       0x58 ./src/application/hart2/u54_2.o
                0x000000000800c7ee                u54_2
 .text.U54_2_software_IRQHandler
                0x000000000800c846       0x2a ./src/application/hart2/u54_2.o
                0x000000000800c846                U54_2_software_IRQHandler
 .text.clear_soft_interrupt
                0x000000000800c870       0x46 ./src/application/hart1/u54_1.o
 .text.u54_1    0x000000000800c8b6       0x58 ./src/application/hart1/u54_1.o
                0x000000000800c8b6                u54_1
 .text.U54_1_software_IRQHandler
                0x000000000800c90e       0x2a ./src/application/hart1/u54_1.o
                0x000000000800c90e                U54_1_software_IRQHandler
 .text.raise_soft_interrupt
                0x000000000800c938       0x26 ./src/application/hart0/e51.o
 .text.clear_soft_interrupt