   1              		.file	"bacaddr.c"
   2              		.option nopic
   3              		.attribute arch, "rv64i2p0_m2p0_a2p0_c2p0"
   4              		.attribute unaligned_access, 0
   5              		.attribute stack_align, 16
   6              		.text
   7              	.Ltext0:
   8              		.cfi_sections	.debug_frame
   9              		.section	.text.bacnet_address_copy,"ax",@progbits
  10              		.align	1
  11              		.globl	bacnet_address_copy
  13              	bacnet_address_copy:
  14              	.LFB0:
  15              		.file 1 "../src/middleware/bacnet/src/bacaddr.c"
   1:../src/middleware/bacnet/src/bacaddr.c **** /*####COPYRIGHTBEGIN####
   2:../src/middleware/bacnet/src/bacaddr.c ****  -------------------------------------------
   3:../src/middleware/bacnet/src/bacaddr.c ****  Copyright (C) 2007 Steve Karg
   4:../src/middleware/bacnet/src/bacaddr.c **** 
   5:../src/middleware/bacnet/src/bacaddr.c ****  This program is free software; you can redistribute it and/or
   6:../src/middleware/bacnet/src/bacaddr.c ****  modify it under the terms of the GNU General Public License
   7:../src/middleware/bacnet/src/bacaddr.c ****  as published by the Free Software Foundation; either version 2
   8:../src/middleware/bacnet/src/bacaddr.c ****  of the License, or (at your option) any later version.
   9:../src/middleware/bacnet/src/bacaddr.c **** 
  10:../src/middleware/bacnet/src/bacaddr.c ****  This program is distributed in the hope that it will be useful,
  11:../src/middleware/bacnet/src/bacaddr.c ****  but WITHOUT ANY WARRANTY; without even the implied warranty of
  12:../src/middleware/bacnet/src/bacaddr.c ****  MERCHANTABILITY or FITNESS FOR A PARTICULAR PURPOSE.  See the
  13:../src/middleware/bacnet/src/bacaddr.c ****  GNU General Public License for more details.
  14:../src/middleware/bacnet/src/bacaddr.c **** 
  15:../src/middleware/bacnet/src/bacaddr.c ****  You should have received a copy of the GNU General Public License
  16:../src/middleware/bacnet/src/bacaddr.c ****  along with this program; if not, write to:
  17:../src/middleware/bacnet/src/bacaddr.c ****  The Free Software Foundation, Inc.
  18:../src/middleware/bacnet/src/bacaddr.c ****  59 Temple Place - Suite 330
  19:../src/middleware/bacnet/src/bacaddr.c ****  Boston, MA  02111-1307, USA.
  20:../src/middleware/bacnet/src/bacaddr.c **** 
  21:../src/middleware/bacnet/src/bacaddr.c ****  As a special exception, if other files instantiate templates or
  22:../src/middleware/bacnet/src/bacaddr.c ****  use macros or inline functions from this file, or you compile
  23:../src/middleware/bacnet/src/bacaddr.c ****  this file and link it with other works to produce a work based
  24:../src/middleware/bacnet/src/bacaddr.c ****  on this file, this file does not by itself cause the resulting
  25:../src/middleware/bacnet/src/bacaddr.c ****  work to be covered by the GNU General Public License. However
  26:../src/middleware/bacnet/src/bacaddr.c ****  the source code for this file must still be made available in
  27:../src/middleware/bacnet/src/bacaddr.c ****  accordance with section (3) of the GNU General Public License.
  28:../src/middleware/bacnet/src/bacaddr.c **** 
  29:../src/middleware/bacnet/src/bacaddr.c ****  This exception does not invalidate any other reasons why a work
  30:../src/middleware/bacnet/src/bacaddr.c ****  based on this file might be covered by the GNU General Public
  31:../src/middleware/bacnet/src/bacaddr.c ****  License.
  32:../src/middleware/bacnet/src/bacaddr.c ****  -------------------------------------------
  33:../src/middleware/bacnet/src/bacaddr.c **** ####COPYRIGHTEND####*/
  34:../src/middleware/bacnet/src/bacaddr.c **** #include <stddef.h>
  35:../src/middleware/bacnet/src/bacaddr.c **** #include <stdint.h>
  36:../src/middleware/bacnet/src/bacaddr.c **** #include <stdbool.h>
  37:../src/middleware/bacnet/src/bacaddr.c **** #include "config.h"
  38:../src/middleware/bacnet/src/bacaddr.c **** #include "bacdef.h"
  39:../src/middleware/bacnet/src/bacaddr.c **** #include "bacaddr.h"
  40:../src/middleware/bacnet/src/bacaddr.c **** 
  41:../src/middleware/bacnet/src/bacaddr.c **** /** @file bacaddr.c  BACnet Address structure utilities */
  42:../src/middleware/bacnet/src/bacaddr.c **** 
  43:../src/middleware/bacnet/src/bacaddr.c **** void bacnet_address_copy(
  44:../src/middleware/bacnet/src/bacaddr.c ****     BACNET_ADDRESS * dest,
  45:../src/middleware/bacnet/src/bacaddr.c ****     BACNET_ADDRESS * src)
  46:../src/middleware/bacnet/src/bacaddr.c **** {
  16              		.loc 1 46 1
  17              		.cfi_startproc
  18 0000 7971     		addi	sp,sp,-48
  19              		.cfi_def_cfa_offset 48
  20 0002 22F4     		sd	s0,40(sp)
  21              		.cfi_offset 8, -8
  22 0004 0018     		addi	s0,sp,48
  23              		.cfi_def_cfa 8, 0
  24 0006 233CA4FC 		sd	a0,-40(s0)
  25 000a 2338B4FC 		sd	a1,-48(s0)
  47:../src/middleware/bacnet/src/bacaddr.c ****     int i = 0;
  26              		.loc 1 47 9
  27 000e 232604FE 		sw	zero,-20(s0)
  48:../src/middleware/bacnet/src/bacaddr.c **** 
  49:../src/middleware/bacnet/src/bacaddr.c ****     if (dest && src) {
  28              		.loc 1 49 8
  29 0012 833784FD 		ld	a5,-40(s0)
  30 0016 D5C7     		beq	a5,zero,.L7
  31              		.loc 1 49 14 discriminator 1
  32 0018 833704FD 		ld	a5,-48(s0)
  33 001c DDC3     		beq	a5,zero,.L7
  50:../src/middleware/bacnet/src/bacaddr.c ****         dest->mac_len = src->mac_len;
  34              		.loc 1 50 28
  35 001e 833704FD 		ld	a5,-48(s0)
  36 0022 03C70700 		lbu	a4,0(a5)
  37              		.loc 1 50 23
  38 0026 833784FD 		ld	a5,-40(s0)
  39 002a 2380E700 		sb	a4,0(a5)
  51:../src/middleware/bacnet/src/bacaddr.c ****         for (i = 0; i < MAX_MAC_LEN; i++) {
  40              		.loc 1 51 16
  41 002e 232604FE 		sw	zero,-20(s0)
  42              		.loc 1 51 9
  43 0032 25A0     		j	.L3
  44              	.L4:
  52:../src/middleware/bacnet/src/bacaddr.c ****             dest->mac[i] = src->mac[i];
  45              		.loc 1 52 36 discriminator 3
  46 0034 033704FD 		ld	a4,-48(s0)
  47 0038 8327C4FE 		lw	a5,-20(s0)
  48 003c BA97     		add	a5,a4,a5
  49 003e 03C71700 		lbu	a4,1(a5)
  50              		.loc 1 52 26 discriminator 3
  51 0042 833684FD 		ld	a3,-40(s0)
  52 0046 8327C4FE 		lw	a5,-20(s0)
  53 004a B697     		add	a5,a3,a5
  54 004c A380E700 		sb	a4,1(a5)
  51:../src/middleware/bacnet/src/bacaddr.c ****         for (i = 0; i < MAX_MAC_LEN; i++) {
  55              		.loc 1 51 39 discriminator 3
  56 0050 8327C4FE 		lw	a5,-20(s0)
  57 0054 8527     		addiw	a5,a5,1
  58 0056 2326F4FE 		sw	a5,-20(s0)
  59              	.L3:
  51:../src/middleware/bacnet/src/bacaddr.c ****         for (i = 0; i < MAX_MAC_LEN; i++) {
  60              		.loc 1 51 9 discriminator 1
  61 005a 8327C4FE 		lw	a5,-20(s0)
  62 005e 1B870700 		sext.w	a4,a5
  63 0062 9947     		li	a5,6
  64 0064 E3D8E7FC 		ble	a4,a5,.L4
  53:../src/middleware/bacnet/src/bacaddr.c ****         }
  54:../src/middleware/bacnet/src/bacaddr.c ****         dest->net = src->net;
  65              		.loc 1 54 24
  66 0068 833704FD 		ld	a5,-48(s0)
  67 006c 03D78700 		lhu	a4,8(a5)
  68              		.loc 1 54 19
  69 0070 833784FD 		ld	a5,-40(s0)
  70 0074 2394E700 		sh	a4,8(a5)
  55:../src/middleware/bacnet/src/bacaddr.c ****         dest->len = src->len;
  71              		.loc 1 55 24
  72 0078 833704FD 		ld	a5,-48(s0)
  73 007c 03C7A700 		lbu	a4,10(a5)
  74              		.loc 1 55 19
  75 0080 833784FD 		ld	a5,-40(s0)
  76 0084 2385E700 		sb	a4,10(a5)
  56:../src/middleware/bacnet/src/bacaddr.c ****         for (i = 0; i < MAX_MAC_LEN; i++) {
  77              		.loc 1 56 16
  78 0088 232604FE 		sw	zero,-20(s0)
  79              		.loc 1 56 9
  80 008c 25A0     		j	.L5
  81              	.L6:
  57:../src/middleware/bacnet/src/bacaddr.c ****             dest->adr[i] = src->adr[i];
  82              		.loc 1 57 36 discriminator 3
  83 008e 033704FD 		ld	a4,-48(s0)
  84 0092 8327C4FE 		lw	a5,-20(s0)
  85 0096 BA97     		add	a5,a4,a5
  86 0098 03C7B700 		lbu	a4,11(a5)
  87              		.loc 1 57 26 discriminator 3
  88 009c 833684FD 		ld	a3,-40(s0)
  89 00a0 8327C4FE 		lw	a5,-20(s0)
  90 00a4 B697     		add	a5,a3,a5
  91 00a6 A385E700 		sb	a4,11(a5)
  56:../src/middleware/bacnet/src/bacaddr.c ****         for (i = 0; i < MAX_MAC_LEN; i++) {
  92              		.loc 1 56 39 discriminator 3
  93 00aa 8327C4FE 		lw	a5,-20(s0)
  94 00ae 8527     		addiw	a5,a5,1
  95 00b0 2326F4FE 		sw	a5,-20(s0)
  96              	.L5:
  56:../src/middleware/bacnet/src/bacaddr.c ****         for (i = 0; i < MAX_MAC_LEN; i++) {
  97              		.loc 1 56 9 discriminator 1
  98 00b4 8327C4FE 		lw	a5,-20(s0)
  99 00b8 1B870700 		sext.w	a4,a5
 100 00bc 9947     		li	a5,6
 101 00be E3D8E7FC 		ble	a4,a5,.L6
 102              	.L7:
  58:../src/middleware/bacnet/src/bacaddr.c ****         }
  59:../src/middleware/bacnet/src/bacaddr.c ****     }
  60:../src/middleware/bacnet/src/bacaddr.c **** }
 103              		.loc 1 60 1
 104 00c2 0100     		nop
 105 00c4 2274     		ld	s0,40(sp)
 106              		.cfi_restore 8
 107              		.cfi_def_cfa 2, 48
 108 00c6 4561     		addi	sp,sp,48
 109              		.cfi_def_cfa_offset 0
 110 00c8 8280     		jr	ra
 111              		.cfi_endproc
 112              	.LFE0:
 114              		.section	.text.bacnet_address_same,"ax",@progbits
 115              		.align	1
 116              		.globl	bacnet_address_same
 118              	bacnet_address_same:
 119              	.LFB1:
  61:../src/middleware/bacnet/src/bacaddr.c **** 
  62:../src/middleware/bacnet/src/bacaddr.c **** bool bacnet_address_same(
  63:../src/middleware/bacnet/src/bacaddr.c ****     BACNET_ADDRESS * dest,
  64:../src/middleware/bacnet/src/bacaddr.c ****     BACNET_ADDRESS * src)
  65:../src/middleware/bacnet/src/bacaddr.c **** {
 120              		.loc 1 65 1
 121              		.cfi_startproc
 122 0000 7971     		addi	sp,sp,-48
 123              		.cfi_def_cfa_offset 48
 124 0002 22F4     		sd	s0,40(sp)
 125              		.cfi_offset 8, -8
 126 0004 0018     		addi	s0,sp,48
 127              		.cfi_def_cfa 8, 0
 128 0006 233CA4FC 		sd	a0,-40(s0)
 129 000a 2338B4FC 		sd	a1,-48(s0)
  66:../src/middleware/bacnet/src/bacaddr.c ****     uint8_t i = 0;      /* loop counter */
 130              		.loc 1 66 13
 131 000e A30704FE 		sb	zero,-17(s0)
  67:../src/middleware/bacnet/src/bacaddr.c ****     uint8_t max_len = 0;        /* used for dynamic max */
 132              		.loc 1 67 13
 133 0012 230704FE 		sb	zero,-18(s0)
  68:../src/middleware/bacnet/src/bacaddr.c **** 
  69:../src/middleware/bacnet/src/bacaddr.c ****     if (dest == src)    /* same ? */
 134              		.loc 1 69 8
 135 0016 033784FD 		ld	a4,-40(s0)
 136 001a 833704FD 		ld	a5,-48(s0)
 137 001e 6314F700 		bne	a4,a5,.L9
  70:../src/middleware/bacnet/src/bacaddr.c ****         return true;
 138              		.loc 1 70 16
 139 0022 8547     		li	a5,1
 140 0024 1DAA     		j	.L10
 141              	.L9:
  71:../src/middleware/bacnet/src/bacaddr.c **** 
  72:../src/middleware/bacnet/src/bacaddr.c ****     if (dest->net != src->net)
 142              		.loc 1 72 13
 143 0026 833784FD 		ld	a5,-40(s0)
 144 002a 03D78700 		lhu	a4,8(a5)
 145              		.loc 1 72 25
 146 002e 833704FD 		ld	a5,-48(s0)
 147 0032 83D78700 		lhu	a5,8(a5)
 148              		.loc 1 72 8
 149 0036 0127     		sext.w	a4,a4
 150 0038 8127     		sext.w	a5,a5
 151 003a 6304F700 		beq	a4,a5,.L11
  73:../src/middleware/bacnet/src/bacaddr.c ****         return false;
 152              		.loc 1 73 16
 153 003e 8147     		li	a5,0
 154 0040 29AA     		j	.L10
 155              	.L11:
  74:../src/middleware/bacnet/src/bacaddr.c **** 
  75:../src/middleware/bacnet/src/bacaddr.c ****     if (dest->len != src->len)
 156              		.loc 1 75 13
 157 0042 833784FD 		ld	a5,-40(s0)
 158 0046 03C7A700 		lbu	a4,10(a5)
 159              		.loc 1 75 25
 160 004a 833704FD 		ld	a5,-48(s0)
 161 004e 83C7A700 		lbu	a5,10(a5)
 162              		.loc 1 75 8
 163 0052 6304F700 		beq	a4,a5,.L12
  76:../src/middleware/bacnet/src/bacaddr.c ****         return false;
 164              		.loc 1 76 16
 165 0056 8147     		li	a5,0
 166 0058 09A2     		j	.L10
 167              	.L12:
  77:../src/middleware/bacnet/src/bacaddr.c **** 
  78:../src/middleware/bacnet/src/bacaddr.c ****     max_len = dest->len;
 168              		.loc 1 78 13
 169 005a 833784FD 		ld	a5,-40(s0)
 170 005e 83C7A700 		lbu	a5,10(a5)
 171 0062 2307F4FE 		sb	a5,-18(s0)
  79:../src/middleware/bacnet/src/bacaddr.c ****     if (max_len > MAX_MAC_LEN)
 172              		.loc 1 79 8
 173 0066 8347E4FE 		lbu	a5,-18(s0)
 174 006a 13F7F70F 		andi	a4,a5,0xff
 175 006e 9D47     		li	a5,7
 176 0070 63F5E700 		bleu	a4,a5,.L13
  80:../src/middleware/bacnet/src/bacaddr.c ****         max_len = MAX_MAC_LEN;
 177              		.loc 1 80 17
 178 0074 9D47     		li	a5,7
 179 0076 2307F4FE 		sb	a5,-18(s0)
 180              	.L13:
  81:../src/middleware/bacnet/src/bacaddr.c ****     for (i = 0; i < max_len; i++) {
 181              		.loc 1 81 12
 182 007a A30704FE 		sb	zero,-17(s0)
 183              		.loc 1 81 5
 184 007e 1DA8     		j	.L14
 185              	.L16:
  82:../src/middleware/bacnet/src/bacaddr.c ****         if (dest->adr[i] != src->adr[i])
 186              		.loc 1 82 22
 187 0080 8347F4FE 		lbu	a5,-17(s0)
 188 0084 8127     		sext.w	a5,a5
 189 0086 033784FD 		ld	a4,-40(s0)
 190 008a BA97     		add	a5,a4,a5
 191 008c 83C6B700 		lbu	a3,11(a5)
 192              		.loc 1 82 37
 193 0090 8347F4FE 		lbu	a5,-17(s0)
 194 0094 8127     		sext.w	a5,a5
 195 0096 033704FD 		ld	a4,-48(s0)
 196 009a BA97     		add	a5,a4,a5
 197 009c 83C7B700 		lbu	a5,11(a5)
 198              		.loc 1 82 12
 199 00a0 3687     		mv	a4,a3
 200 00a2 6304F700 		beq	a4,a5,.L15
  83:../src/middleware/bacnet/src/bacaddr.c ****             return false;
 201              		.loc 1 83 20
 202 00a6 8147     		li	a5,0
 203 00a8 4DA8     		j	.L10
 204              	.L15:
  81:../src/middleware/bacnet/src/bacaddr.c ****     for (i = 0; i < max_len; i++) {
 205              		.loc 1 81 31 discriminator 2
 206 00aa 8347F4FE 		lbu	a5,-17(s0)
 207 00ae 8527     		addiw	a5,a5,1
 208 00b0 A307F4FE 		sb	a5,-17(s0)
 209              	.L14:
  81:../src/middleware/bacnet/src/bacaddr.c ****     for (i = 0; i < max_len; i++) {
 210              		.loc 1 81 5 discriminator 1
 211 00b4 0347F4FE 		lbu	a4,-17(s0)
 212 00b8 8347E4FE 		lbu	a5,-18(s0)
 213 00bc 1377F70F 		andi	a4,a4,0xff
 214 00c0 93F7F70F 		andi	a5,a5,0xff
 215 00c4 E36EF7FA 		bltu	a4,a5,.L16
  84:../src/middleware/bacnet/src/bacaddr.c ****     }
  85:../src/middleware/bacnet/src/bacaddr.c ****     if (dest->net == 0) {
 216              		.loc 1 85 13
 217 00c8 833784FD 		ld	a5,-40(s0)
 218 00cc 83D78700 		lhu	a5,8(a5)
 219              		.loc 1 85 8
 220 00d0 C1E7     		bne	a5,zero,.L17
  86:../src/middleware/bacnet/src/bacaddr.c ****         if (dest->mac_len != src->mac_len)
 221              		.loc 1 86 17
 222 00d2 833784FD 		ld	a5,-40(s0)
 223 00d6 03C70700 		lbu	a4,0(a5)
 224              		.loc 1 86 33
 225 00da 833704FD 		ld	a5,-48(s0)
 226 00de 83C70700 		lbu	a5,0(a5)
 227              		.loc 1 86 12
 228 00e2 6304F700 		beq	a4,a5,.L18
  87:../src/middleware/bacnet/src/bacaddr.c ****             return false;
 229              		.loc 1 87 20
 230 00e6 8147     		li	a5,0
 231 00e8 8DA8     		j	.L10
 232              	.L18:
  88:../src/middleware/bacnet/src/bacaddr.c ****         max_len = dest->mac_len;
 233              		.loc 1 88 17
 234 00ea 833784FD 		ld	a5,-40(s0)
 235 00ee 83C70700 		lbu	a5,0(a5)
 236 00f2 2307F4FE 		sb	a5,-18(s0)
  89:../src/middleware/bacnet/src/bacaddr.c ****         if (max_len > MAX_MAC_LEN)
 237              		.loc 1 89 12
 238 00f6 8347E4FE 		lbu	a5,-18(s0)
 239 00fa 13F7F70F 		andi	a4,a5,0xff
 240 00fe 9D47     		li	a5,7
 241 0100 63F5E700 		bleu	a4,a5,.L19
  90:../src/middleware/bacnet/src/bacaddr.c ****             max_len = MAX_MAC_LEN;
 242              		.loc 1 90 21
 243 0104 9D47     		li	a5,7
 244 0106 2307F4FE 		sb	a5,-18(s0)
 245              	.L19:
  91:../src/middleware/bacnet/src/bacaddr.c ****         for (i = 0; i < max_len; i++) {
 246              		.loc 1 91 16
 247 010a A30704FE 		sb	zero,-17(s0)
 248              		.loc 1 91 9
 249 010e 1DA8     		j	.L20
 250              	.L22:
  92:../src/middleware/bacnet/src/bacaddr.c ****             if (dest->mac[i] != src->mac[i])
 251              		.loc 1 92 26
 252 0110 8347F4FE 		lbu	a5,-17(s0)
 253 0114 8127     		sext.w	a5,a5
 254 0116 033784FD 		ld	a4,-40(s0)
 255 011a BA97     		add	a5,a4,a5
 256 011c 83C61700 		lbu	a3,1(a5)
 257              		.loc 1 92 41
 258 0120 8347F4FE 		lbu	a5,-17(s0)
 259 0124 8127     		sext.w	a5,a5
 260 0126 033704FD 		ld	a4,-48(s0)
 261 012a BA97     		add	a5,a4,a5
 262 012c 83C71700 		lbu	a5,1(a5)
 263              		.loc 1 92 16
 264 0130 3687     		mv	a4,a3
 265 0132 6304F700 		beq	a4,a5,.L21
  93:../src/middleware/bacnet/src/bacaddr.c ****                 return false;
 266              		.loc 1 93 24
 267 0136 8147     		li	a5,0
 268 0138 0DA0     		j	.L10
 269              	.L21:
  91:../src/middleware/bacnet/src/bacaddr.c ****         for (i = 0; i < max_len; i++) {
 270              		.loc 1 91 35 discriminator 2
 271 013a 8347F4FE 		lbu	a5,-17(s0)
 272 013e 8527     		addiw	a5,a5,1
 273 0140 A307F4FE 		sb	a5,-17(s0)
 274              	.L20:
  91:../src/middleware/bacnet/src/bacaddr.c ****         for (i = 0; i < max_len; i++) {
 275              		.loc 1 91 9 discriminator 1
 276 0144 0347F4FE 		lbu	a4,-17(s0)
 277 0148 8347E4FE 		lbu	a5,-18(s0)
 278 014c 1377F70F 		andi	a4,a4,0xff
 279 0150 93F7F70F 		andi	a5,a5,0xff
 280 0154 E36EF7FA 		bltu	a4,a5,.L22
 281              	.L17:
  94:../src/middleware/bacnet/src/bacaddr.c ****         }
  95:../src/middleware/bacnet/src/bacaddr.c ****     }
  96:../src/middleware/bacnet/src/bacaddr.c ****     return true;
 282              		.loc 1 96 12
 283 0158 8547     		li	a5,1
 284              	.L10:
  97:../src/middleware/bacnet/src/bacaddr.c **** }
 285              		.loc 1 97 1
 286 015a 3E85     		mv	a0,a5
 287 015c 2274     		ld	s0,40(sp)
 288              		.cfi_restore 8
 289              		.cfi_def_cfa 2, 48
 290 015e 4561     		addi	sp,sp,48
 291              		.cfi_def_cfa_offset 0
 292 0160 8280     		jr	ra
 293              		.cfi_endproc
 294              	.LFE1:
 296              		.text
 297              	.Letext0:
 298              		.file 2 "c:\\microchip\\softconsole-v2022.2-risc-v-747\\riscv-unknown-elf-gcc\\riscv64-unknown-elf
 299              		.file 3 "c:\\microchip\\softconsole-v2022.2-risc-v-747\\riscv-unknown-elf-gcc\\riscv64-unknown-elf
 300              		.file 4 "C:\\Users\\zero6575\\Libero\\fpga_labor\\fpga_labor\\software\\mpfs-mac-mcc-stack\\src\\m
DEFINED SYMBOLS
                            *ABS*:0000000000000000 bacaddr.c
C:\Users\zero6575\AppData\Local\Temp\ccnFEwCc.s:13     .text.bacnet_address_copy:0000000000000000 bacnet_address_copy
C:\Users\zero6575\AppData\Local\Temp\ccnFEwCc.s:17     .text.bacnet_address_copy:0000000000000000 .L0 
C:\Users\zero6575\AppData\Local\Temp\ccnFEwCc.s:18     .text.bacnet_address_copy:0000000000000000 .L0 
C:\Users\zero6575\AppData\Local\Temp\ccnFEwCc.s:19     .text.bacnet_address_copy:0000000000000002 .L0 
C:\Users\zero6575\AppData\Local\Temp\ccnFEwCc.s:21     .text.bacnet_address_copy:0000000000000004 .L0 
C:\Users\zero6575\AppData\Local\Temp\ccnFEwCc.s:23     .text.bacnet_address_copy:0000000000000006 .L0 
C:\Users\zero6575\AppData\Local\Temp\ccnFEwCc.s:27     .text.bacnet_address_copy:000000000000000e .L0 
C:\Users\zero6575\AppData\Local\Temp\ccnFEwCc.s:29     .text.bacnet_address_copy:0000000000000012 .L0 
C:\Users\zero6575\AppData\Local\Temp\ccnFEwCc.s:32     .text.bacnet_address_copy:0000000000000018 .L0 
C:\Users\zero6575\AppData\Local\Temp\ccnFEwCc.s:35     .text.bacnet_address_copy:000000000000001e .L0 
C:\Users\zero6575\AppData\Local\Temp\ccnFEwCc.s:38     .text.bacnet_address_copy:0000000000000026 .L0 
C:\Users\zero6575\AppData\Local\Temp\ccnFEwCc.s:41     .text.bacnet_address_copy:000000000000002e .L0 
C:\Users\zero6575\AppData\Local\Temp\ccnFEwCc.s:43     .text.bacnet_address_copy:0000000000000032 .L0 
C:\Users\zero6575\AppData\Local\Temp\ccnFEwCc.s:46     .text.bacnet_address_copy:0000000000000034 .L0 
C:\Users\zero6575\AppData\Local\Temp\ccnFEwCc.s:51     .text.bacnet_address_copy:0000000000000042 .L0 
C:\Users\zero6575\AppData\Local\Temp\ccnFEwCc.s:56     .text.bacnet_address_copy:0000000000000050 .L0 
C:\Users\zero6575\AppData\Local\Temp\ccnFEwCc.s:61     .text.bacnet_address_copy:000000000000005a .L0 
C:\Users\zero6575\AppData\Local\Temp\ccnFEwCc.s:66     .text.bacnet_address_copy:0000000000000068 .L0 
C:\Users\zero6575\AppData\Local\Temp\ccnFEwCc.s:69     .text.bacnet_address_copy:0000000000000070 .L0 
C:\Users\zero6575\AppData\Local\Temp\ccnFEwCc.s:72     .text.bacnet_address_copy:0000000000000078 .L0 
C:\Users\zero6575\AppData\Local\Temp\ccnFEwCc.s:75     .text.bacnet_address_copy:0000000000000080 .L0 
C:\Users\zero6575\AppData\Local\Temp\ccnFEwCc.s:78     .text.bacnet_address_copy:0000000000000088 .L0 
C:\Users\zero6575\AppData\Local\Temp\ccnFEwCc.s:80     .text.bacnet_address_copy:000000000000008c .L0 
C:\Users\zero6575\AppData\Local\Temp\ccnFEwCc.s:83     .text.bacnet_address_copy:000000000000008e .L0 
C:\Users\zero6575\AppData\Local\Temp\ccnFEwCc.s:88     .text.bacnet_address_copy:000000000000009c .L0 
C:\Users\zero6575\AppData\Local\Temp\ccnFEwCc.s:93     .text.bacnet_address_copy:00000000000000aa .L0 
C:\Users\zero6575\AppData\Local\Temp\ccnFEwCc.s:98     .text.bacnet_address_copy:00000000000000b4 .L0 
C:\Users\zero6575\AppData\Local\Temp\ccnFEwCc.s:104    .text.bacnet_address_copy:00000000000000c2 .L0 
C:\Users\zero6575\AppData\Local\Temp\ccnFEwCc.s:106    .text.bacnet_address_copy:00000000000000c6 .L0 
C:\Users\zero6575\AppData\Local\Temp\ccnFEwCc.s:107    .text.bacnet_address_copy:00000000000000c6 .L0 
C:\Users\zero6575\AppData\Local\Temp\ccnFEwCc.s:109    .text.bacnet_address_copy:00000000000000c8 .L0 
C:\Users\zero6575\AppData\Local\Temp\ccnFEwCc.s:111    .text.bacnet_address_copy:00000000000000ca .L0 
C:\Users\zero6575\AppData\Local\Temp\ccnFEwCc.s:118    .text.bacnet_address_same:0000000000000000 bacnet_address_same
C:\Users\zero6575\AppData\Local\Temp\ccnFEwCc.s:121    .text.bacnet_address_same:0000000000000000 .L0 
C:\Users\zero6575\AppData\Local\Temp\ccnFEwCc.s:122    .text.bacnet_address_same:0000000000000000 .L0 
C:\Users\zero6575\AppData\Local\Temp\ccnFEwCc.s:123    .text.bacnet_address_same:0000000000000002 .L0 
C:\Users\zero6575\AppData\Local\Temp\ccnFEwCc.s:125    .text.bacnet_address_same:0000000000000004 .L0 
C:\Users\zero6575\AppData\Local\Temp\ccnFEwCc.s:127    .text.bacnet_address_same:0000000000000006 .L0 
C:\Users\zero6575\AppData\Local\Temp\ccnFEwCc.s:131    .text.bacnet_address_same:000000000000000e .L0 
C:\Users\zero6575\AppData\Local\Temp\ccnFEwCc.s:133    .text.bacnet_address_same:0000000000000012 .L0 
C:\Users\zero6575\AppData\Local\Temp\ccnFEwCc.s:135    .text.bacnet_address_same:0000000000000016 .L0 
C:\Users\zero6575\AppData\Local\Temp\ccnFEwCc.s:139    .text.bacnet_address_same:0000000000000022 .L0 
C:\Users\zero6575\AppData\Local\Temp\ccnFEwCc.s:143    .text.bacnet_address_same:0000000000000026 .L0 
C:\Users\zero6575\AppData\Local\Temp\ccnFEwCc.s:146    .text.bacnet_address_same:000000000000002e .L0 
C:\Users\zero6575\AppData\Local\Temp\ccnFEwCc.s:149    .text.bacnet_address_same:0000000000000036 .L0 
C:\Users\zero6575\AppData\Local\Temp\ccnFEwCc.s:153    .text.bacnet_address_same:000000000000003e .L0 
C:\Users\zero6575\AppData\Local\Temp\ccnFEwCc.s:157    .text.bacnet_address_same:0000000000000042 .L0 
C:\Users\zero6575\AppData\Local\Temp\ccnFEwCc.s:160    .text.bacnet_address_same:000000000000004a .L0 
C:\Users\zero6575\AppData\Local\Temp\ccnFEwCc.s:163    .text.bacnet_address_same:0000000000000052 .L0 
C:\Users\zero6575\AppData\Local\Temp\ccnFEwCc.s:165    .text.bacnet_address_same:0000000000000056 .L0 
C:\Users\zero6575\AppData\Local\Temp\ccnFEwCc.s:169    .text.bacnet_address_same:000000000000005a .L0 
C:\Users\zero6575\AppData\Local\Temp\ccnFEwCc.s:173    .text.bacnet_address_same:0000000000000066 .L0 
C:\Users\zero6575\AppData\Local\Temp\ccnFEwCc.s:178    .text.bacnet_address_same:0000000000000074 .L0 
C:\Users\zero6575\AppData\Local\Temp\ccnFEwCc.s:182    .text.bacnet_address_same:000000000000007a .L0 
C:\Users\zero6575\AppData\Local\Temp\ccnFEwCc.s:184    .text.bacnet_address_same:000000000000007e .L0 
C:\Users\zero6575\AppData\Local\Temp\ccnFEwCc.s:187    .text.bacnet_address_same:0000000000000080 .L0 
C:\Users\zero6575\AppData\Local\Temp\ccnFEwCc.s:193    .text.bacnet_address_same:0000000000000090 .L0 
C:\Users\zero6575\AppData\Local\Temp\ccnFEwCc.s:199    .text.bacnet_address_same:00000000000000a0 .L0 
C:\Users\zero6575\AppData\Local\Temp\ccnFEwCc.s:202    .text.bacnet_address_same:00000000000000a6 .L0 
C:\Users\zero6575\AppData\Local\Temp\ccnFEwCc.s:206    .text.bacnet_address_same:00000000000000aa .L0 
C:\Users\zero6575\AppData\Local\Temp\ccnFEwCc.s:211    .text.bacnet_address_same:00000000000000b4 .L0 
C:\Users\zero6575\AppData\Local\Temp\ccnFEwCc.s:217    .text.bacnet_address_same:00000000000000c8 .L0 
C:\Users\zero6575\AppData\Local\Temp\ccnFEwCc.s:220    .text.bacnet_address_same:00000000000000d0 .L0 
C:\Users\zero6575\AppData\Local\Temp\ccnFEwCc.s:222    .text.bacnet_address_same:00000000000000d2 .L0 
C:\Users\zero6575\AppData\Local\Temp\ccnFEwCc.s:225    .text.bacnet_address_same:00000000000000da .L0 
C:\Users\zero6575\AppData\Local\Temp\ccnFEwCc.s:228    .text.bacnet_address_same:00000000000000e2 .L0 
C:\Users\zero6575\AppData\Local\Temp\ccnFEwCc.s:230    .text.bacnet_address_same:00000000000000e6 .L0 
C:\Users\zero6575\AppData\Local\Temp\ccnFEwCc.s:234    .text.bacnet_address_same:00000000000000ea .L0 
C:\Users\zero6575\AppData\Local\Temp\ccnFEwCc.s:238    .text.bacnet_address_same:00000000000000f6 .L0 
C:\Users\zero6575\AppData\Local\Temp\ccnFEwCc.s:243    .text.bacnet_address_same:0000000000000104 .L0 
C:\Users\zero6575\AppData\Local\Temp\ccnFEwCc.s:247    .text.bacnet_address_same:000000000000010a .L0 
C:\Users\zero6575\AppData\Local\Temp\ccnFEwCc.s:249    .text.bacnet_address_same:000000000000010e .L0 
C:\Users\zero6575\AppData\Local\Temp\ccnFEwCc.s:252    .text.bacnet_address_same:0000000000000110 .L0 
C:\Users\zero6575\AppData\Local\Temp\ccnFEwCc.s:258    .text.bacnet_address_same:0000000000000120 .L0 
C:\Users\zero6575\AppData\Local\Temp\ccnFEwCc.s:264    .text.bacnet_address_same:0000000000000130 .L0 
C:\Users\zero6575\AppData\Local\Temp\ccnFEwCc.s:267    .text.bacnet_address_same:0000000000000136 .L0 
C:\Users\zero6575\AppData\Local\Temp\ccnFEwCc.s:271    .text.bacnet_address_same:000000000000013a .L0 
C:\Users\zero6575\AppData\Local\Temp\ccnFEwCc.s:276    .text.bacnet_address_same:0000000000000144 .L0 
C:\Users\zero6575\AppData\Local\Temp\ccnFEwCc.s:283    .text.bacnet_address_same:0000000000000158 .L0 
C:\Users\zero6575\AppData\Local\Temp\ccnFEwCc.s:286    .text.bacnet_address_same:000000000000015a .L0 
C:\Users\zero6575\AppData\Local\Temp\ccnFEwCc.s:288    .text.bacnet_address_same:000000000000015e .L0 
C:\Users\zero6575\AppData\Local\Temp\ccnFEwCc.s:289    .text.bacnet_address_same:000000000000015e .L0 
C:\Users\zero6575\AppData\Local\Temp\ccnFEwCc.s:291    .text.bacnet_address_same:0000000000000160 .L0 
C:\Users\zero6575\AppData\Local\Temp\ccnFEwCc.s:293    .text.bacnet_address_same:0000000000000162 .L0 
C:\Users\zero6575\AppData\Local\Temp\ccnFEwCc.s:114    .text.bacnet_address_copy:00000000000000ca .L0 
C:\Users\zero6575\AppData\Local\Temp\ccnFEwCc.s:296    .text.bacnet_address_same:0000000000000162 .L0 
                     .debug_frame:0000000000000000 .L0 
C:\Users\zero6575\AppData\Local\Temp\ccnFEwCc.s:102    .text.bacnet_address_copy:00000000000000c2 .L7
C:\Users\zero6575\AppData\Local\Temp\ccnFEwCc.s:59     .text.bacnet_address_copy:000000000000005a .L3
C:\Users\zero6575\AppData\Local\Temp\ccnFEwCc.s:44     .text.bacnet_address_copy:0000000000000034 .L4
C:\Users\zero6575\AppData\Local\Temp\ccnFEwCc.s:96     .text.bacnet_address_copy:00000000000000b4 .L5
C:\Users\zero6575\AppData\Local\Temp\ccnFEwCc.s:81     .text.bacnet_address_copy:000000000000008e .L6
C:\Users\zero6575\AppData\Local\Temp\ccnFEwCc.s:141    .text.bacnet_address_same:0000000000000026 .L9
C:\Users\zero6575\AppData\Local\Temp\ccnFEwCc.s:284    .text.bacnet_address_same:000000000000015a .L10
C:\Users\zero6575\AppData\Local\Temp\ccnFEwCc.s:155    .text.bacnet_address_same:0000000000000042 .L11
C:\Users\zero6575\AppData\Local\Temp\ccnFEwCc.s:167    .text.bacnet_address_same:000000000000005a .L12
C:\Users\zero6575\AppData\Local\Temp\ccnFEwCc.s:180    .text.bacnet_address_same:000000000000007a .L13
C:\Users\zero6575\AppData\Local\Temp\ccnFEwCc.s:209    .text.bacnet_address_same:00000000000000b4 .L14
C:\Users\zero6575\AppData\Local\Temp\ccnFEwCc.s:204    .text.bacnet_address_same:00000000000000aa .L15
C:\Users\zero6575\AppData\Local\Temp\ccnFEwCc.s:185    .text.bacnet_address_same:0000000000000080 .L16
C:\Users\zero6575\AppData\Local\Temp\ccnFEwCc.s:281    .text.bacnet_address_same:0000000000000158 .L17
C:\Users\zero6575\AppData\Local\Temp\ccnFEwCc.s:232    .text.bacnet_address_same:00000000000000ea .L18
C:\Users\zero6575\AppData\Local\Temp\ccnFEwCc.s:245    .text.bacnet_address_same:000000000000010a .L19
C:\Users\zero6575\AppData\Local\Temp\ccnFEwCc.s:274    .text.bacnet_address_same:0000000000000144 .L20
C:\Users\zero6575\AppData\Local\Temp\ccnFEwCc.s:269    .text.bacnet_address_same:000000000000013a .L21
C:\Users\zero6575\AppData\Local\Temp\ccnFEwCc.s:250    .text.bacnet_address_same:0000000000000110 .L22
C:\Users\zero6575\AppData\Local\Temp\ccnFEwCc.s:530    .debug_abbrev:0000000000000000 .Ldebug_abbrev0
C:\Users\zero6575\AppData\Local\Temp\ccnFEwCc.s:3358   .debug_str:00000000000016da .LASF643
C:\Users\zero6575\AppData\Local\Temp\ccnFEwCc.s:3736   .debug_str:0000000000002a16 .LASF644
C:\Users\zero6575\AppData\Local\Temp\ccnFEwCc.s:3198   .debug_str:0000000000000f1d .LASF645
C:\Users\zero6575\AppData\Local\Temp\ccnFEwCc.s:805    .debug_ranges:0000000000000000 .Ldebug_ranges0
C:\Users\zero6575\AppData\Local\Temp\ccnFEwCc.s:2880   .debug_line:0000000000000000 .Ldebug_line0
C:\Users\zero6575\AppData\Local\Temp\ccnFEwCc.s:813    .debug_macro:0000000000000000 .Ldebug_macro0
C:\Users\zero6575\AppData\Local\Temp\ccnFEwCc.s:3674   .debug_str:0000000000002723 .LASF625
C:\Users\zero6575\AppData\Local\Temp\ccnFEwCc.s:3742   .debug_str:0000000000002aaa .LASF626
C:\Users\zero6575\AppData\Local\Temp\ccnFEwCc.s:4066   .debug_str:0000000000003b7e .LASF627
C:\Users\zero6575\AppData\Local\Temp\ccnFEwCc.s:3728   .debug_str:00000000000029d2 .LASF628
C:\Users\zero6575\AppData\Local\Temp\ccnFEwCc.s:3588   .debug_str:0000000000002354 .LASF629
C:\Users\zero6575\AppData\Local\Temp\ccnFEwCc.s:2910   .debug_str:0000000000000143 .LASF632
C:\Users\zero6575\AppData\Local\Temp\ccnFEwCc.s:3042   .debug_str:00000000000007ac .LASF630
C:\Users\zero6575\AppData\Local\Temp\ccnFEwCc.s:4146   .debug_str:0000000000003fce .LASF631
C:\Users\zero6575\AppData\Local\Temp\ccnFEwCc.s:3152   .debug_str:0000000000000c9d .LASF633
C:\Users\zero6575\AppData\Local\Temp\ccnFEwCc.s:3586   .debug_str:0000000000002341 .LASF634
C:\Users\zero6575\AppData\Local\Temp\ccnFEwCc.s:4136   .debug_str:0000000000003f39 .LASF635
C:\Users\zero6575\AppData\Local\Temp\ccnFEwCc.s:3364   .debug_str:00000000000017d9 .LASF636
C:\Users\zero6575\AppData\Local\Temp\ccnFEwCc.s:2954   .debug_str:0000000000000304 .LASF637
C:\Users\zero6575\AppData\Local\Temp\ccnFEwCc.s:3368   .debug_str:00000000000017fe .LASF646
C:\Users\zero6575\AppData\Local\Temp\ccnFEwCc.s:2886   .debug_str:0000000000000048 .LASF638
C:\Users\zero6575\AppData\Local\Temp\ccnFEwCc.s:3372   .debug_str:000000000000182c .LASF639
C:\Users\zero6575\AppData\Local\Temp\ccnFEwCc.s:3648   .debug_str:0000000000002602 .LASF647
C:\Users\zero6575\AppData\Local\Temp\ccnFEwCc.s:119    .text.bacnet_address_same:0000000000000000 .LFB1
C:\Users\zero6575\AppData\Local\Temp\ccnFEwCc.s:294    .text.bacnet_address_same:0000000000000162 .LFE1
C:\Users\zero6575\AppData\Local\Temp\ccnFEwCc.s:3098   .debug_str:0000000000000a3f .LASF640
C:\Users\zero6575\AppData\Local\Temp\ccnFEwCc.s:3650   .debug_str:0000000000002616 .LASF641
C:\Users\zero6575\AppData\Local\Temp\ccnFEwCc.s:2918   .debug_str:000000000000017d .LASF642
C:\Users\zero6575\AppData\Local\Temp\ccnFEwCc.s:3244   .debug_str:00000000000011b0 .LASF648
C:\Users\zero6575\AppData\Local\Temp\ccnFEwCc.s:14     .text.bacnet_address_copy:0000000000000000 .LFB0
C:\Users\zero6575\AppData\Local\Temp\ccnFEwCc.s:112    .text.bacnet_address_copy:00000000000000ca .LFE0
C:\Users\zero6575\AppData\Local\Temp\ccnFEwCc.s:302    .debug_info:0000000000000000 .Ldebug_info0
C:\Users\zero6575\AppData\Local\Temp\ccnFEwCc.s:944    .debug_macro:0000000000000000 .Ldebug_macro2
C:\Users\zero6575\AppData\Local\Temp\ccnFEwCc.s:1975   .debug_macro:0000000000000000 .Ldebug_macro3
C:\Users\zero6575\AppData\Local\Temp\ccnFEwCc.s:3898   .debug_str:000000000000336c .LASF395
C:\Users\zero6575\AppData\Local\Temp\ccnFEwCc.s:3838   .debug_str:0000000000002fea .LASF396
C:\Users\zero6575\AppData\Local\Temp\ccnFEwCc.s:3930   .debug_str:0000000000003509 .LASF397
C:\Users\zero6575\AppData\Local\Temp\ccnFEwCc.s:2139   .debug_macro:0000000000000000 .Ldebug_macro4
C:\Users\zero6575\AppData\Local\Temp\ccnFEwCc.s:2159   .debug_macro:0000000000000000 .Ldebug_macro5
C:\Users\zero6575\AppData\Local\Temp\ccnFEwCc.s:2224   .debug_macro:0000000000000000 .Ldebug_macro6
C:\Users\zero6575\AppData\Local\Temp\ccnFEwCc.s:2265   .debug_macro:0000000000000000 .Ldebug_macro7
C:\Users\zero6575\AppData\Local\Temp\ccnFEwCc.s:2387   .debug_macro:0000000000000000 .Ldebug_macro8
C:\Users\zero6575\AppData\Local\Temp\ccnFEwCc.s:2443   .debug_macro:0000000000000000 .Ldebug_macro9
C:\Users\zero6575\AppData\Local\Temp\ccnFEwCc.s:3414   .debug_str:00000000000019f6 .LASF551
C:\Users\zero6575\AppData\Local\Temp\ccnFEwCc.s:2655   .debug_macro:0000000000000000 .Ldebug_macro10
C:\Users\zero6575\AppData\Local\Temp\ccnFEwCc.s:2675   .debug_macro:0000000000000000 .Ldebug_macro11
C:\Users\zero6575\AppData\Local\Temp\ccnFEwCc.s:3712   .debug_str:0000000000002904 .LASF598
C:\Users\zero6575\AppData\Local\Temp\ccnFEwCc.s:4114   .debug_str:0000000000003e41 .LASF599
C:\Users\zero6575\AppData\Local\Temp\ccnFEwCc.s:2803   .debug_macro:0000000000000000 .Ldebug_macro12
C:\Users\zero6575\AppData\Local\Temp\ccnFEwCc.s:2892   .debug_str:0000000000000073 .LASF624
C:\Users\zero6575\AppData\Local\Temp\ccnFEwCc.s:2916   .debug_str:0000000000000172 .LASF0
C:\Users\zero6575\AppData\Local\Temp\ccnFEwCc.s:4040   .debug_str:0000000000003a52 .LASF1
C:\Users\zero6575\AppData\Local\Temp\ccnFEwCc.s:4154   .debug_str:000000000000401c .LASF2
C:\Users\zero6575\AppData\Local\Temp\ccnFEwCc.s:3062   .debug_str:00000000000008f8 .LASF3
C:\Users\zero6575\AppData\Local\Temp\ccnFEwCc.s:3664   .debug_str:0000000000002696 .LASF4
C:\Users\zero6575\AppData\Local\Temp\ccnFEwCc.s:4158   .debug_str:0000000000004036 .LASF5
C:\Users\zero6575\AppData\Local\Temp\ccnFEwCc.s:4150   .debug_str:0000000000003ff7 .LASF6
C:\Users\zero6575\AppData\Local\Temp\ccnFEwCc.s:4176   .debug_str:0000000000004149 .LASF7
C:\Users\zero6575\AppData\Local\Temp\ccnFEwCc.s:3906   .debug_str:00000000000033be .LASF8
C:\Users\zero6575\AppData\Local\Temp\ccnFEwCc.s:3452   .debug_str:0000000000001b9e .LASF9
C:\Users\zero6575\AppData\Local\Temp\ccnFEwCc.s:3094   .debug_str:0000000000000a1e .LASF10
C:\Users\zero6575\AppData\Local\Temp\ccnFEwCc.s:3426   .debug_str:0000000000001a6c .LASF11
C:\Users\zero6575\AppData\Local\Temp\ccnFEwCc.s:3480   .debug_str:0000000000001ce7 .LASF12
C:\Users\zero6575\AppData\Local\Temp\ccnFEwCc.s:3938   .debug_str:0000000000003561 .LASF13
C:\Users\zero6575\AppData\Local\Temp\ccnFEwCc.s:4002   .debug_str:0000000000003855 .LASF14
C:\Users\zero6575\AppData\Local\Temp\ccnFEwCc.s:3866   .debug_str:00000000000031bb .LASF15
C:\Users\zero6575\AppData\Local\Temp\ccnFEwCc.s:4156   .debug_str:000000000000402e .LASF16
C:\Users\zero6575\AppData\Local\Temp\ccnFEwCc.s:3324   .debug_str:000000000000156f .LASF17
C:\Users\zero6575\AppData\Local\Temp\ccnFEwCc.s:3008   .debug_str:0000000000000633 .LASF18
C:\Users\zero6575\AppData\Local\Temp\ccnFEwCc.s:2934   .debug_str:0000000000000238 .LASF19
C:\Users\zero6575\AppData\Local\Temp\ccnFEwCc.s:3242   .debug_str:0000000000001199 .LASF20
C:\Users\zero6575\AppData\Local\Temp\ccnFEwCc.s:3982   .debug_str:000000000000375e .LASF21
C:\Users\zero6575\AppData\Local\Temp\ccnFEwCc.s:4118   .debug_str:0000000000003e5e .LASF22
C:\Users\zero6575\AppData\Local\Temp\ccnFEwCc.s:3910   .debug_str:00000000000033e8 .LASF23
C:\Users\zero6575\AppData\Local\Temp\ccnFEwCc.s:4106   .debug_str:0000000000003de1 .LASF24
C:\Users\zero6575\AppData\Local\Temp\ccnFEwCc.s:3220   .debug_str:0000000000001053 .LASF25
C:\Users\zero6575\AppData\Local\Temp\ccnFEwCc.s:3598   .debug_str:00000000000023bb .LASF26
C:\Users\zero6575\AppData\Local\Temp\ccnFEwCc.s:3020   .debug_str:00000000000006a3 .LASF27
C:\Users\zero6575\AppData\Local\Temp\ccnFEwCc.s:3200   .debug_str:0000000000000f7f .LASF28
C:\Users\zero6575\AppData\Local\Temp\ccnFEwCc.s:3832   .debug_str:0000000000002f90 .LASF29
C:\Users\zero6575\AppData\Local\Temp\ccnFEwCc.s:3422   .debug_str:0000000000001a3f .LASF30
C:\Users\zero6575\AppData\Local\Temp\ccnFEwCc.s:3284   .debug_str:0000000000001377 .LASF31
C:\Users\zero6575\AppData\Local\Temp\ccnFEwCc.s:2884   .debug_str:000000000000001b .LASF32
C:\Users\zero6575\AppData\Local\Temp\ccnFEwCc.s:3724   .debug_str:00000000000029a9 .LASF33
C:\Users\zero6575\AppData\Local\Temp\ccnFEwCc.s:4142   .debug_str:0000000000003f97 .LASF34
C:\Users\zero6575\AppData\Local\Temp\ccnFEwCc.s:4162   .debug_str:0000000000004058 .LASF35
C:\Users\zero6575\AppData\Local\Temp\ccnFEwCc.s:2914   .debug_str:000000000000015f .LASF36
C:\Users\zero6575\AppData\Local\Temp\ccnFEwCc.s:3256   .debug_str:000000000000122f .LASF37
C:\Users\zero6575\AppData\Local\Temp\ccnFEwCc.s:3196   .debug_str:0000000000000f04 .LASF38
C:\Users\zero6575\AppData\Local\Temp\ccnFEwCc.s:3304   .debug_str:0000000000001477 .LASF39
C:\Users\zero6575\AppData\Local\Temp\ccnFEwCc.s:4134   .debug_str:0000000000003f16 .LASF40
C:\Users\zero6575\AppData\Local\Temp\ccnFEwCc.s:3730   .debug_str:00000000000029de .LASF41
C:\Users\zero6575\AppData\Local\Temp\ccnFEwCc.s:3016   .debug_str:0000000000000675 .LASF42
C:\Users\zero6575\AppData\Local\Temp\ccnFEwCc.s:3944   .debug_str:0000000000003587 .LASF43
C:\Users\zero6575\AppData\Local\Temp\ccnFEwCc.s:3342   .debug_str:0000000000001619 .LASF44
C:\Users\zero6575\AppData\Local\Temp\ccnFEwCc.s:3608   .debug_str:0000000000002429 .LASF45
C:\Users\zero6575\AppData\Local\Temp\ccnFEwCc.s:3972   .debug_str:00000000000036da .LASF46
C:\Users\zero6575\AppData\Local\Temp\ccnFEwCc.s:3054   .debug_str:000000000000087c .LASF47
C:\Users\zero6575\AppData\Local\Temp\ccnFEwCc.s:3072   .debug_str:0000000000000959 .LASF48
C:\Users\zero6575\AppData\Local\Temp\ccnFEwCc.s:3562   .debug_str:0000000000002160 .LASF49
C:\Users\zero6575\AppData\Local\Temp\ccnFEwCc.s:3314   .debug_str:00000000000014ed .LASF50
C:\Users\zero6575\AppData\Local\Temp\ccnFEwCc.s:3504   .debug_str:0000000000001e21 .LASF51
C:\Users\zero6575\AppData\Local\Temp\ccnFEwCc.s:4004   .debug_str:0000000000003868 .LASF52
C:\Users\zero6575\AppData\Local\Temp\ccnFEwCc.s:4014   .debug_str:00000000000038fb .LASF53
C:\Users\zero6575\AppData\Local\Temp\ccnFEwCc.s:2998   .debug_str:000000000000057d .LASF54
C:\Users\zero6575\AppData\Local\Temp\ccnFEwCc.s:4128   .debug_str:0000000000003ec7 .LASF55
C:\Users\zero6575\AppData\Local\Temp\ccnFEwCc.s:3778   .debug_str:0000000000002cbf .LASF56
C:\Users\zero6575\AppData\Local\Temp\ccnFEwCc.s:3354   .debug_str:00000000000016a5 .LASF57
C:\Users\zero6575\AppData\Local\Temp\ccnFEwCc.s:3236   .debug_str:000000000000113b .LASF58
C:\Users\zero6575\AppData\Local\Temp\ccnFEwCc.s:3656   .debug_str:0000000000002644 .LASF59
C:\Users\zero6575\AppData\Local\Temp\ccnFEwCc.s:3486   .debug_str:0000000000001d33 .LASF60
C:\Users\zero6575\AppData\Local\Temp\ccnFEwCc.s:3956   .debug_str:000000000000362a .LASF61
C:\Users\zero6575\AppData\Local\Temp\ccnFEwCc.s:3814   .debug_str:0000000000002e8c .LASF62
C:\Users\zero6575\AppData\Local\Temp\ccnFEwCc.s:3102   .debug_str:0000000000000a5a .LASF63
C:\Users\zero6575\AppData\Local\Temp\ccnFEwCc.s:3006   .debug_str:0000000000000611 .LASF64
C:\Users\zero6575\AppData\Local\Temp\ccnFEwCc.s:3840   .debug_str:0000000000003005 .LASF65
C:\Users\zero6575\AppData\Local\Temp\ccnFEwCc.s:3520   .debug_str:0000000000001f08 .LASF66
C:\Users\zero6575\AppData\Local\Temp\ccnFEwCc.s:2990   .debug_str:00000000000004f1 .LASF67
C:\Users\zero6575\AppData\Local\Temp\ccnFEwCc.s:3044   .debug_str:00000000000007ba .LASF68
C:\Users\zero6575\AppData\Local\Temp\ccnFEwCc.s:3402   .debug_str:0000000000001967 .LASF69
C:\Users\zero6575\AppData\Local\Temp\ccnFEwCc.s:3606   .debug_str:00000000000023f7 .LASF70
C:\Users\zero6575\AppData\Local\Temp\ccnFEwCc.s:3502   .debug_str:0000000000001e0a .LASF71
C:\Users\zero6575\AppData\Local\Temp\ccnFEwCc.s:3390   .debug_str:00000000000018dc .LASF72
C:\Users\zero6575\AppData\Local\Temp\ccnFEwCc.s:2988   .debug_str:00000000000004dd .LASF73
C:\Users\zero6575\AppData\Local\Temp\ccnFEwCc.s:3500   .debug_str:0000000000001df3 .LASF74
C:\Users\zero6575\AppData\Local\Temp\ccnFEwCc.s:3564   .debug_str:000000000000217d .LASF75
C:\Users\zero6575\AppData\Local\Temp\ccnFEwCc.s:3744   .debug_str:0000000000002abc .LASF76
C:\Users\zero6575\AppData\Local\Temp\ccnFEwCc.s:3738   .debug_str:0000000000002a3d .LASF77
C:\Users\zero6575\AppData\Local\Temp\ccnFEwCc.s:2956   .debug_str:000000000000030d .LASF78
C:\Users\zero6575\AppData\Local\Temp\ccnFEwCc.s:3172   .debug_str:0000000000000d7a .LASF79
C:\Users\zero6575\AppData\Local\Temp\ccnFEwCc.s:3522   .debug_str:0000000000001f2f .LASF80
C:\Users\zero6575\AppData\Local\Temp\ccnFEwCc.s:2908   .debug_str:000000000000011f .LASF81
C:\Users\zero6575\AppData\Local\Temp\ccnFEwCc.s:3050   .debug_str:0000000000000841 .LASF82
C:\Users\zero6575\AppData\Local\Temp\ccnFEwCc.s:3420   .debug_str:0000000000001a2d .LASF83
C:\Users\zero6575\AppData\Local\Temp\ccnFEwCc.s:2944   .debug_str:000000000000028a .LASF84
C:\Users\zero6575\AppData\Local\Temp\ccnFEwCc.s:3312   .debug_str:00000000000014dc .LASF85
C:\Users\zero6575\AppData\Local\Temp\ccnFEwCc.s:3984   .debug_str:0000000000003771 .LASF86
C:\Users\zero6575\AppData\Local\Temp\ccnFEwCc.s:3772   .debug_str:0000000000002c7d .LASF87
C:\Users\zero6575\AppData\Local\Temp\ccnFEwCc.s:3698   .debug_str:0000000000002865 .LASF88
C:\Users\zero6575\AppData\Local\Temp\ccnFEwCc.s:3626   .debug_str:000000000000251b .LASF89
C:\Users\zero6575\AppData\Local\Temp\ccnFEwCc.s:3228   .debug_str:00000000000010ec .LASF90
C:\Users\zero6575\AppData\Local\Temp\ccnFEwCc.s:3274   .debug_str:0000000000001312 .LASF91
C:\Users\zero6575\AppData\Local\Temp\ccnFEwCc.s:4072   .debug_str:0000000000003bd6 .LASF92
C:\Users\zero6575\AppData\Local\Temp\ccnFEwCc.s:3110   .debug_str:0000000000000aab .LASF93
C:\Users\zero6575\AppData\Local\Temp\ccnFEwCc.s:3456   .debug_str:0000000000001bd2 .LASF94
C:\Users\zero6575\AppData\Local\Temp\ccnFEwCc.s:4160   .debug_str:0000000000004041 .LASF95
C:\Users\zero6575\AppData\Local\Temp\ccnFEwCc.s:3442   .debug_str:0000000000001b15 .LASF96
C:\Users\zero6575\AppData\Local\Temp\ccnFEwCc.s:3218   .debug_str:0000000000001035 .LASF97
C:\Users\zero6575\AppData\Local\Temp\ccnFEwCc.s:3844   .debug_str:000000000000303b .LASF98
C:\Users\zero6575\AppData\Local\Temp\ccnFEwCc.s:3808   .debug_str:0000000000002e4b .LASF99
C:\Users\zero6575\AppData\Local\Temp\ccnFEwCc.s:3524   .debug_str:0000000000001f3f .LASF100
C:\Users\zero6575\AppData\Local\Temp\ccnFEwCc.s:3132   .debug_str:0000000000000bc1 .LASF101
C:\Users\zero6575\AppData\Local\Temp\ccnFEwCc.s:3000   .debug_str:000000000000059b .LASF102
C:\Users\zero6575\AppData\Local\Temp\ccnFEwCc.s:3482   .debug_str:0000000000001cfa .LASF103
C:\Users\zero6575\AppData\Local\Temp\ccnFEwCc.s:3986   .debug_str:0000000000003783 .LASF104
C:\Users\zero6575\AppData\Local\Temp\ccnFEwCc.s:4076   .debug_str:0000000000003c1f .LASF105
C:\Users\zero6575\AppData\Local\Temp\ccnFEwCc.s:3680   .debug_str:0000000000002754 .LASF106
C:\Users\zero6575\AppData\Local\Temp\ccnFEwCc.s:3082   .debug_str:00000000000009b2 .LASF107
C:\Users\zero6575\AppData\Local\Temp\ccnFEwCc.s:3280   .debug_str:0000000000001348 .LASF108
C:\Users\zero6575\AppData\Local\Temp\ccnFEwCc.s:3084   .debug_str:00000000000009d6 .LASF109
C:\Users\zero6575\AppData\Local\Temp\ccnFEwCc.s:3484   .debug_str:0000000000001d1c .LASF110
C:\Users\zero6575\AppData\Local\Temp\ccnFEwCc.s:3064   .debug_str:000000000000090a .LASF111
C:\Users\zero6575\AppData\Local\Temp\ccnFEwCc.s:3976   .debug_str:0000000000003709 .LASF112
C:\Users\zero6575\AppData\Local\Temp\ccnFEwCc.s:2974   .debug_str:0000000000000422 .LASF113
C:\Users\zero6575\AppData\Local\Temp\ccnFEwCc.s:3670   .debug_str:00000000000026ea .LASF114
C:\Users\zero6575\AppData\Local\Temp\ccnFEwCc.s:3288   .debug_str:00000000000013ae .LASF115
C:\Users\zero6575\AppData\Local\Temp\ccnFEwCc.s:3490   .debug_str:0000000000001d65 .LASF116
C:\Users\zero6575\AppData\Local\Temp\ccnFEwCc.s:3444   .debug_str:0000000000001b29 .LASF117
C:\Users\zero6575\AppData\Local\Temp\ccnFEwCc.s:4170   .debug_str:00000000000040d5 .LASF118
C:\Users\zero6575\AppData\Local\Temp\ccnFEwCc.s:3446   .debug_str:0000000000001b51 .LASF119
C:\Users\zero6575\AppData\Local\Temp\ccnFEwCc.s:4164   .debug_str:0000000000004072 .LASF120
C:\Users\zero6575\AppData\Local\Temp\ccnFEwCc.s:3190   .debug_str:0000000000000e9e .LASF121
C:\Users\zero6575\AppData\Local\Temp\ccnFEwCc.s:3210   .debug_str:0000000000000fdd .LASF122
C:\Users\zero6575\AppData\Local\Temp\ccnFEwCc.s:3028   .debug_str:00000000000006fe .LASF123
C:\Users\zero6575\AppData\Local\Temp\ccnFEwCc.s:3124   .debug_str:0000000000000b50 .LASF124
C:\Users\zero6575\AppData\Local\Temp\ccnFEwCc.s:3640   .debug_str:00000000000025b6 .LASF125
C:\Users\zero6575\AppData\Local\Temp\ccnFEwCc.s:3186   .debug_str:0000000000000e5a .LASF126
C:\Users\zero6575\AppData\Local\Temp\ccnFEwCc.s:4120   .debug_str:0000000000003e71 .LASF127
C:\Users\zero6575\AppData\Local\Temp\ccnFEwCc.s:3130   .debug_str:0000000000000ba4 .LASF128
C:\Users\zero6575\AppData\Local\Temp\ccnFEwCc.s:3134   .debug_str:0000000000000bd6 .LASF129
C:\Users\zero6575\AppData\Local\Temp\ccnFEwCc.s:2894   .debug_str:000000000000007e .LASF130
C:\Users\zero6575\AppData\Local\Temp\ccnFEwCc.s:2948   .debug_str:00000000000002b7 .LASF131
C:\Users\zero6575\AppData\Local\Temp\ccnFEwCc.s:3890   .debug_str:00000000000032f1 .LASF132
C:\Users\zero6575\AppData\Local\Temp\ccnFEwCc.s:3430   .debug_str:0000000000001a93 .LASF133
C:\Users\zero6575\AppData\Local\Temp\ccnFEwCc.s:3154   .debug_str:0000000000000ca8 .LASF134
C:\Users\zero6575\AppData\Local\Temp\ccnFEwCc.s:3382   .debug_str:000000000000188a .LASF135
C:\Users\zero6575\AppData\Local\Temp\ccnFEwCc.s:3548   .debug_str:000000000000207f .LASF136
C:\Users\zero6575\AppData\Local\Temp\ccnFEwCc.s:3536   .debug_str:0000000000001fba .LASF137
C:\Users\zero6575\AppData\Local\Temp\ccnFEwCc.s:3912   .debug_str:00000000000033fc .LASF138
C:\Users\zero6575\AppData\Local\Temp\ccnFEwCc.s:2980   .debug_str:000000000000046a .LASF139
C:\Users\zero6575\AppData\Local\Temp\ccnFEwCc.s:3166   .debug_str:0000000000000d3f .LASF140
C:\Users\zero6575\AppData\Local\Temp\ccnFEwCc.s:3830   .debug_str:0000000000002f7c .LASF141
C:\Users\zero6575\AppData\Local\Temp\ccnFEwCc.s:3760   .debug_str:0000000000002b70 .LASF142
C:\Users\zero6575\AppData\Local\Temp\ccnFEwCc.s:3466   .debug_str:0000000000001c74 .LASF143
C:\Users\zero6575\AppData\Local\Temp\ccnFEwCc.s:3116   .debug_str:0000000000000af5 .LASF144
C:\Users\zero6575\AppData\Local\Temp\ccnFEwCc.s:3518   .debug_str:0000000000001ef2 .LASF145
C:\Users\zero6575\AppData\Local\Temp\ccnFEwCc.s:3296   .debug_str:00000000000013e0 .LASF146
C:\Users\zero6575\AppData\Local\Temp\ccnFEwCc.s:4096   .debug_str:0000000000003d6e .LASF147
C:\Users\zero6575\AppData\Local\Temp\ccnFEwCc.s:3286   .debug_str:000000000000139e .LASF148
C:\Users\zero6575\AppData\Local\Temp\ccnFEwCc.s:3264   .debug_str:00000000000012a0 .LASF149
C:\Users\zero6575\AppData\Local\Temp\ccnFEwCc.s:3204   .debug_str:0000000000000fb1 .LASF150
C:\Users\zero6575\AppData\Local\Temp\ccnFEwCc.s:3282   .debug_str:0000000000001360 .LASF151
C:\Users\zero6575\AppData\Local\Temp\ccnFEwCc.s:3150   .debug_str:0000000000000c84 .LASF152
C:\Users\zero6575\AppData\Local\Temp\ccnFEwCc.s:3092   .debug_str:0000000000000a0a .LASF153
C:\Users\zero6575\AppData\Local\Temp\ccnFEwCc.s:2900   .debug_str:00000000000000c0 .LASF154
C:\Users\zero6575\AppData\Local\Temp\ccnFEwCc.s:3852   .debug_str:00000000000030d1 .LASF155
C:\Users\zero6575\AppData\Local\Temp\ccnFEwCc.s:3770   .debug_str:0000000000002c46 .LASF156
C:\Users\zero6575\AppData\Local\Temp\ccnFEwCc.s:4140   .debug_str:0000000000003f60 .LASF157
C:\Users\zero6575\AppData\Local\Temp\ccnFEwCc.s:3174   .debug_str:0000000000000d93 .LASF158
C:\Users\zero6575\AppData\Local\Temp\ccnFEwCc.s:4088   .debug_str:0000000000003cc1 .LASF159
C:\Users\zero6575\AppData\Local\Temp\ccnFEwCc.s:4112   .debug_str:0000000000003e2c .LASF160
C:\Users\zero6575\AppData\Local\Temp\ccnFEwCc.s:2950   .debug_str:00000000000002cf .LASF161
C:\Users\zero6575\AppData\Local\Temp\ccnFEwCc.s:3412   .debug_str:00000000000019de .LASF162
C:\Users\zero6575\AppData\Local\Temp\ccnFEwCc.s:3156   .debug_str:0000000000000ccf .LASF163
C:\Users\zero6575\AppData\Local\Temp\ccnFEwCc.s:3104   .debug_str:0000000000000a7b .LASF164
C:\Users\zero6575\AppData\Local\Temp\ccnFEwCc.s:4030   .debug_str:000000000000399f .LASF165
C:\Users\zero6575\AppData\Local\Temp\ccnFEwCc.s:3140   .debug_str:0000000000000c19 .LASF166
C:\Users\zero6575\AppData\Local\Temp\ccnFEwCc.s:3208   .debug_str:0000000000000fc8 .LASF167
C:\Users\zero6575\AppData\Local\Temp\ccnFEwCc.s:2924   .debug_str:00000000000001b4 .LASF168
C:\Users\zero6575\AppData\Local\Temp\ccnFEwCc.s:3240   .debug_str:0000000000001182 .LASF169
C:\Users\zero6575\AppData\Local\Temp\ccnFEwCc.s:4078   .debug_str:0000000000003c35 .LASF170
C:\Users\zero6575\AppData\Local\Temp\ccnFEwCc.s:3894   .debug_str:0000000000003322 .LASF171
C:\Users\zero6575\AppData\Local\Temp\ccnFEwCc.s:3046   .debug_str:00000000000007dd .LASF172
C:\Users\zero6575\AppData\Local\Temp\ccnFEwCc.s:3464   .debug_str:0000000000001c2b .LASF173
C:\Users\zero6575\AppData\Local\Temp\ccnFEwCc.s:3676   .debug_str:000000000000272c .LASF174
C:\Users\zero6575\AppData\Local\Temp\ccnFEwCc.s:2978   .debug_str:0000000000000453 .LASF175
C:\Users\zero6575\AppData\Local\Temp\ccnFEwCc.s:4080   .debug_str:0000000000003c77 .LASF176
C:\Users\zero6575\AppData\Local\Temp\ccnFEwCc.s:4126   .debug_str:0000000000003eb1 .LASF177
C:\Users\zero6575\AppData\Local\Temp\ccnFEwCc.s:2970   .debug_str:00000000000003f8 .LASF178
C:\Users\zero6575\AppData\Local\Temp\ccnFEwCc.s:3386   .debug_str:00000000000018b4 .LASF179
C:\Users\zero6575\AppData\Local\Temp\ccnFEwCc.s:4130   .debug_str:0000000000003eea .LASF180
C:\Users\zero6575\AppData\Local\Temp\ccnFEwCc.s:4144   .debug_str:0000000000003fb7 .LASF181
C:\Users\zero6575\AppData\Local\Temp\ccnFEwCc.s:3566   .debug_str:000000000000219e .LASF182
C:\Users\zero6575\AppData\Local\Temp\ccnFEwCc.s:3138   .debug_str:0000000000000c06 .LASF183
C:\Users\zero6575\AppData\Local\Temp\ccnFEwCc.s:3086   .debug_str:00000000000009e4 .LASF184
C:\Users\zero6575\AppData\Local\Temp\ccnFEwCc.s:3714   .debug_str:000000000000290e .LASF185
C:\Users\zero6575\AppData\Local\Temp\ccnFEwCc.s:3514   .debug_str:0000000000001ea3 .LASF186
C:\Users\zero6575\AppData\Local\Temp\ccnFEwCc.s:4090   .debug_str:0000000000003cff .LASF187
C:\Users\zero6575\AppData\Local\Temp\ccnFEwCc.s:3922   .debug_str:000000000000348c .LASF188
C:\Users\zero6575\AppData\Local\Temp\ccnFEwCc.s:3628   .debug_str:000000000000252d .LASF189
C:\Users\zero6575\AppData\Local\Temp\ccnFEwCc.s:4098   .debug_str:0000000000003d84 .LASF190
C:\Users\zero6575\AppData\Local\Temp\ccnFEwCc.s:3780   .debug_str:0000000000002ce8 .LASF191
C:\Users\zero6575\AppData\Local\Temp\ccnFEwCc.s:3100   .debug_str:0000000000000a44 .LASF192
C:\Users\zero6575\AppData\Local\Temp\ccnFEwCc.s:3078   .debug_str:000000000000099b .LASF193
C:\Users\zero6575\AppData\Local\Temp\ccnFEwCc.s:3136   .debug_str:0000000000000bed .LASF194
C:\Users\zero6575\AppData\Local\Temp\ccnFEwCc.s:3058   .debug_str:00000000000008c1 .LASF195
C:\Users\zero6575\AppData\Local\Temp\ccnFEwCc.s:2920   .debug_str:0000000000000183 .LASF196
C:\Users\zero6575\AppData\Local\Temp\ccnFEwCc.s:3614   .debug_str:000000000000246a .LASF197
C:\Users\zero6575\AppData\Local\Temp\ccnFEwCc.s:3248   .debug_str:00000000000011df .LASF198
C:\Users\zero6575\AppData\Local\Temp\ccnFEwCc.s:3192   .debug_str:0000000000000ead .LASF199
C:\Users\zero6575\AppData\Local\Temp\ccnFEwCc.s:3914   .debug_str:000000000000341c .LASF200
C:\Users\zero6575\AppData\Local\Temp\ccnFEwCc.s:4000   .debug_str:0000000000003817 .LASF201
C:\Users\zero6575\AppData\Local\Temp\ccnFEwCc.s:2994   .debug_str:0000000000000517 .LASF202
C:\Users\zero6575\AppData\Local\Temp\ccnFEwCc.s:3710   .debug_str:00000000000028ed .LASF203
C:\Users\zero6575\AppData\Local\Temp\ccnFEwCc.s:2902   .debug_str:00000000000000d6 .LASF204
C:\Users\zero6575\AppData\Local\Temp\ccnFEwCc.s:4062   .debug_str:0000000000003b4a .LASF205
C:\Users\zero6575\AppData\Local\Temp\ccnFEwCc.s:2898   .debug_str:00000000000000aa .LASF206
C:\Users\zero6575\AppData\Local\Temp\ccnFEwCc.s:3884   .debug_str:000000000000329c .LASF207
C:\Users\zero6575\AppData\Local\Temp\ccnFEwCc.s:3954   .debug_str:0000000000003610 .LASF208
C:\Users\zero6575\AppData\Local\Temp\ccnFEwCc.s:2906   .debug_str:0000000000000103 .LASF209
C:\Users\zero6575\AppData\Local\Temp\ccnFEwCc.s:3642   .debug_str:00000000000025cb .LASF210
C:\Users\zero6575\AppData\Local\Temp\ccnFEwCc.s:3682   .debug_str:000000000000276f .LASF211
C:\Users\zero6575\AppData\Local\Temp\ccnFEwCc.s:3996   .debug_str:00000000000037f5 .LASF212
C:\Users\zero6575\AppData\Local\Temp\ccnFEwCc.s:3542   .debug_str:000000000000201b .LASF213
C:\Users\zero6575\AppData\Local\Temp\ccnFEwCc.s:3700   .debug_str:0000000000002878 .LASF214
C:\Users\zero6575\AppData\Local\Temp\ccnFEwCc.s:3616   .debug_str:0000000000002482 .LASF215
C:\Users\zero6575\AppData\Local\Temp\ccnFEwCc.s:3782   .debug_str:0000000000002d01 .LASF216
C:\Users\zero6575\AppData\Local\Temp\ccnFEwCc.s:4108   .debug_str:0000000000003dfb .LASF217
C:\Users\zero6575\AppData\Local\Temp\ccnFEwCc.s:3418   .debug_str:0000000000001a14 .LASF218
C:\Users\zero6575\AppData\Local\Temp\ccnFEwCc.s:3268   .debug_str:00000000000012cf .LASF219
C:\Users\zero6575\AppData\Local\Temp\ccnFEwCc.s:3990   .debug_str:00000000000037ac .LASF220
C:\Users\zero6575\AppData\Local\Temp\ccnFEwCc.s:3344   .debug_str:0000000000001632 .LASF221
C:\Users\zero6575\AppData\Local\Temp\ccnFEwCc.s:3060   .debug_str:00000000000008dc .LASF222
C:\Users\zero6575\AppData\Local\Temp\ccnFEwCc.s:2952   .debug_str:00000000000002e6 .LASF223
C:\Users\zero6575\AppData\Local\Temp\ccnFEwCc.s:3860   .debug_str:000000000000314b .LASF224
C:\Users\zero6575\AppData\Local\Temp\ccnFEwCc.s:3258   .debug_str:000000000000124a .LASF225
C:\Users\zero6575\AppData\Local\Temp\ccnFEwCc.s:4110   .debug_str:0000000000003e12 .LASF226
C:\Users\zero6575\AppData\Local\Temp\ccnFEwCc.s:3298   .debug_str:0000000000001401 .LASF227
C:\Users\zero6575\AppData\Local\Temp\ccnFEwCc.s:3002   .debug_str:00000000000005b4 .LASF228
C:\Users\zero6575\AppData\Local\Temp\ccnFEwCc.s:3582   .debug_str:00000000000022eb .LASF229
C:\Users\zero6575\AppData\Local\Temp\ccnFEwCc.s:3864   .debug_str:0000000000003175 .LASF230
C:\Users\zero6575\AppData\Local\Temp\ccnFEwCc.s:3494   .debug_str:0000000000001d88 .LASF231
C:\Users\zero6575\AppData\Local\Temp\ccnFEwCc.s:3980   .debug_str:0000000000003744 .LASF232
C:\Users\zero6575\AppData\Local\Temp\ccnFEwCc.s:4056   .debug_str:0000000000003af3 .LASF233
C:\Users\zero6575\AppData\Local\Temp\ccnFEwCc.s:3306   .debug_str:000000000000149a .LASF234
C:\Users\zero6575\AppData\Local\Temp\ccnFEwCc.s:3292   .debug_str:00000000000013c4 .LASF235
C:\Users\zero6575\AppData\Local\Temp\ccnFEwCc.s:3964   .debug_str:0000000000003691 .LASF236
C:\Users\zero6575\AppData\Local\Temp\ccnFEwCc.s:4094   .debug_str:0000000000003d51 .LASF237
C:\Users\zero6575\AppData\Local\Temp\ccnFEwCc.s:3214   .debug_str:0000000000001007 .LASF238
C:\Users\zero6575\AppData\Local\Temp\ccnFEwCc.s:3010   .debug_str:0000000000000644 .LASF239
C:\Users\zero6575\AppData\Local\Temp\ccnFEwCc.s:3336   .debug_str:00000000000015d4 .LASF240
C:\Users\zero6575\AppData\Local\Temp\ccnFEwCc.s:3848   .debug_str:0000000000003084 .LASF241
C:\Users\zero6575\AppData\Local\Temp\ccnFEwCc.s:4168   .debug_str:0000000000004097 .LASF242
C:\Users\zero6575\AppData\Local\Temp\ccnFEwCc.s:3692   .debug_str:00000000000027f3 .LASF243
C:\Users\zero6575\AppData\Local\Temp\ccnFEwCc.s:3818   .debug_str:0000000000002eb9 .LASF244
C:\Users\zero6575\AppData\Local\Temp\ccnFEwCc.s:3688   .debug_str:00000000000027c4 .LASF245
C:\Users\zero6575\AppData\Local\Temp\ccnFEwCc.s:2966   .debug_str:00000000000003d1 .LASF246
C:\Users\zero6575\AppData\Local\Temp\ccnFEwCc.s:4026   .debug_str:0000000000003975 .LASF247
C:\Users\zero6575\AppData\Local\Temp\ccnFEwCc.s:3794   .debug_str:0000000000002daa .LASF248
C:\Users\zero6575\AppData\Local\Temp\ccnFEwCc.s:3602   .debug_str:00000000000023d7 .LASF249
C:\Users\zero6575\AppData\Local\Temp\ccnFEwCc.s:4032   .debug_str:00000000000039b7 .LASF250
C:\Users\zero6575\AppData\Local\Temp\ccnFEwCc.s:3178   .debug_str:0000000000000dde .LASF251
C:\Users\zero6575\AppData\Local\Temp\ccnFEwCc.s:3748   .debug_str:0000000000002b00 .LASF252
C:\Users\zero6575\AppData\Local\Temp\ccnFEwCc.s:3246   .debug_str:00000000000011c4 .LASF253
C:\Users\zero6575\AppData\Local\Temp\ccnFEwCc.s:3904   .debug_str:00000000000033a4 .LASF254
C:\Users\zero6575\AppData\Local\Temp\ccnFEwCc.s:3226   .debug_str:00000000000010ad .LASF255
C:\Users\zero6575\AppData\Local\Temp\ccnFEwCc.s:3498   .debug_str:0000000000001db4 .LASF256
C:\Users\zero6575\AppData\Local\Temp\ccnFEwCc.s:3858   .debug_str:000000000000310a .LASF257
C:\Users\zero6575\AppData\Local\Temp\ccnFEwCc.s:4172   .debug_str:00000000000040e9 .LASF258
C:\Users\zero6575\AppData\Local\Temp\ccnFEwCc.s:3836   .debug_str:0000000000002fd2 .LASF259
C:\Users\zero6575\AppData\Local\Temp\ccnFEwCc.s:3596   .debug_str:00000000000023a1 .LASF260
C:\Users\zero6575\AppData\Local\Temp\ccnFEwCc.s:2882   .debug_str:0000000000000000 .LASF261
C:\Users\zero6575\AppData\Local\Temp\ccnFEwCc.s:4084   .debug_str:0000000000003c9c .LASF262
C:\Users\zero6575\AppData\Local\Temp\ccnFEwCc.s:3560   .debug_str:0000000000002148 .LASF263
C:\Users\zero6575\AppData\Local\Temp\ccnFEwCc.s:3578   .debug_str:0000000000002221 .LASF264
C:\Users\zero6575\AppData\Local\Temp\ccnFEwCc.s:3994   .debug_str:00000000000037df .LASF265
C:\Users\zero6575\AppData\Local\Temp\ccnFEwCc.s:4048   .debug_str:0000000000003aa5 .LASF266
C:\Users\zero6575\AppData\Local\Temp\ccnFEwCc.s:3164   .debug_str:0000000000000d26 .LASF267
C:\Users\zero6575\AppData\Local\Temp\ccnFEwCc.s:3302   .debug_str:0000000000001450 .LASF268
C:\Users\zero6575\AppData\Local\Temp\ccnFEwCc.s:3410   .debug_str:00000000000019c8 .LASF269
C:\Users\zero6575\AppData\Local\Temp\ccnFEwCc.s:2960   .debug_str:000000000000033c .LASF270
C:\Users\zero6575\AppData\Local\Temp\ccnFEwCc.s:3622   .debug_str:00000000000024e0 .LASF271
C:\Users\zero6575\AppData\Local\Temp\ccnFEwCc.s:3974   .debug_str:00000000000036f2 .LASF272
C:\Users\zero6575\AppData\Local\Temp\ccnFEwCc.s:3888   .debug_str:00000000000032cb .LASF273
C:\Users\zero6575\AppData\Local\Temp\ccnFEwCc.s:3572   .debug_str:00000000000021e5 .LASF274
C:\Users\zero6575\AppData\Local\Temp\ccnFEwCc.s:3666   .debug_str:00000000000026a8 .LASF275
C:\Users\zero6575\AppData\Local\Temp\ccnFEwCc.s:2984   .debug_str:000000000000049d .LASF276
C:\Users\zero6575\AppData\Local\Temp\ccnFEwCc.s:2922   .debug_str:0000000000000199 .LASF277
C:\Users\zero6575\AppData\Local\Temp\ccnFEwCc.s:3370   .debug_str:0000000000001814 .LASF278
C:\Users\zero6575\AppData\Local\Temp\ccnFEwCc.s:3408   .debug_str:00000000000019af .LASF279
C:\Users\zero6575\AppData\Local\Temp\ccnFEwCc.s:3222   .debug_str:0000000000001067 .LASF280
C:\Users\zero6575\AppData\Local\Temp\ccnFEwCc.s:3266   .debug_str:00000000000012b4 .LASF281
C:\Users\zero6575\AppData\Local\Temp\ccnFEwCc.s:4070   .debug_str:0000000000003b91 .LASF282
C:\Users\zero6575\AppData\Local\Temp\ccnFEwCc.s:3644   .debug_str:00000000000025e2 .LASF283
C:\Users\zero6575\AppData\Local\Temp\ccnFEwCc.s:3120   .debug_str:0000000000000b27 .LASF284
C:\Users\zero6575\AppData\Local\Temp\ccnFEwCc.s:3690   .debug_str:00000000000027dc .LASF285
C:\Users\zero6575\AppData\Local\Temp\ccnFEwCc.s:4086   .debug_str:0000000000003cb1 .LASF286
C:\Users\zero6575\AppData\Local\Temp\ccnFEwCc.s:3946   .debug_str:00000000000035a1 .LASF287
C:\Users\zero6575\AppData\Local\Temp\ccnFEwCc.s:3624   .debug_str:00000000000024f6 .LASF288
C:\Users\zero6575\AppData\Local\Temp\ccnFEwCc.s:3886   .debug_str:00000000000032ad .LASF289
C:\Users\zero6575\AppData\Local\Temp\ccnFEwCc.s:3004   .debug_str:00000000000005f3 .LASF290
C:\Users\zero6575\AppData\Local\Temp\ccnFEwCc.s:3686   .debug_str:00000000000027a2 .LASF291
C:\Users\zero6575\AppData\Local\Temp\ccnFEwCc.s:3338   .debug_str:00000000000015ee .LASF292
C:\Users\zero6575\AppData\Local\Temp\ccnFEwCc.s:4012   .debug_str:00000000000038da .LASF293
C:\Users\zero6575\AppData\Local\Temp\ccnFEwCc.s:3718   .debug_str:0000000000002952 .LASF294
C:\Users\zero6575\AppData\Local\Temp\ccnFEwCc.s:3638   .debug_str:0000000000002599 .LASF295
C:\Users\zero6575\AppData\Local\Temp\ccnFEwCc.s:3360   .debug_str:00000000000017a2 .LASF296
C:\Users\zero6575\AppData\Local\Temp\ccnFEwCc.s:3764   .debug_str:0000000000002bae .LASF297
C:\Users\zero6575\AppData\Local\Temp\ccnFEwCc.s:3182   .debug_str:0000000000000e0b .LASF298
C:\Users\zero6575\AppData\Local\Temp\ccnFEwCc.s:3610   .debug_str:000000000000243c .LASF299
C:\Users\zero6575\AppData\Local\Temp\ccnFEwCc.s:3392   .debug_str:00000000000018ef .LASF300
C:\Users\zero6575\AppData\Local\Temp\ccnFEwCc.s:3030   .debug_str:000000000000070e .LASF301
C:\Users\zero6575\AppData\Local\Temp\ccnFEwCc.s:3584   .debug_str:000000000000232c .LASF302
C:\Users\zero6575\AppData\Local\Temp\ccnFEwCc.s:3516   .debug_str:0000000000001edd .LASF303
C:\Users\zero6575\AppData\Local\Temp\ccnFEwCc.s:3496   .debug_str:0000000000001da0 .LASF304
C:\Users\zero6575\AppData\Local\Temp\ccnFEwCc.s:4016   .debug_str:0000000000003914 .LASF305
C:\Users\zero6575\AppData\Local\Temp\ccnFEwCc.s:3812   .debug_str:0000000000002e82 .LASF306
C:\Users\zero6575\AppData\Local\Temp\ccnFEwCc.s:3902   .debug_str:000000000000338f .LASF307
C:\Users\zero6575\AppData\Local\Temp\ccnFEwCc.s:3334   .debug_str:00000000000015c3 .LASF308
C:\Users\zero6575\AppData\Local\Temp\ccnFEwCc.s:3936   .debug_str:0000000000003553 .LASF309
C:\Users\zero6575\AppData\Local\Temp\ccnFEwCc.s:3096   .debug_str:0000000000000a31 .LASF310
C:\Users\zero6575\AppData\Local\Temp\ccnFEwCc.s:3862   .debug_str:0000000000003164 .LASF311
C:\Users\zero6575\AppData\Local\Temp\ccnFEwCc.s:4132   .debug_str:0000000000003f06 .LASF312
C:\Users\zero6575\AppData\Local\Temp\ccnFEwCc.s:3620   .debug_str:00000000000024c7 .LASF313
C:\Users\zero6575\AppData\Local\Temp\ccnFEwCc.s:2976   .debug_str:000000000000043b .LASF314
C:\Users\zero6575\AppData\Local\Temp\ccnFEwCc.s:2930   .debug_str:00000000000001f9 .LASF315
C:\Users\zero6575\AppData\Local\Temp\ccnFEwCc.s:3088   .debug_str:00000000000009fc .LASF316
C:\Users\zero6575\AppData\Local\Temp\ccnFEwCc.s:3406   .debug_str:000000000000199a .LASF317
C:\Users\zero6575\AppData\Local\Temp\ccnFEwCc.s:3988   .debug_str:0000000000003796 .LASF318
C:\Users\zero6575\AppData\Local\Temp\ccnFEwCc.s:2926   .debug_str:00000000000001cb .LASF319
C:\Users\zero6575\AppData\Local\Temp\ccnFEwCc.s:3114   .debug_str:0000000000000adc .LASF320
C:\Users\zero6575\AppData\Local\Temp\ccnFEwCc.s:3870   .debug_str:00000000000031df .LASF321
C:\Users\zero6575\AppData\Local\Temp\ccnFEwCc.s:2982   .debug_str:0000000000000493 .LASF322
C:\Users\zero6575\AppData\Local\Temp\ccnFEwCc.s:3732   .debug_str:00000000000029fb .LASF323
C:\Users\zero6575\AppData\Local\Temp\ccnFEwCc.s:3960   .debug_str:0000000000003663 .LASF324
C:\Users\zero6575\AppData\Local\Temp\ccnFEwCc.s:4036   .debug_str:00000000000039fe .LASF325
C:\Users\zero6575\AppData\Local\Temp\ccnFEwCc.s:3396   .debug_str:0000000000001915 .LASF326
C:\Users\zero6575\AppData\Local\Temp\ccnFEwCc.s:4092   .debug_str:0000000000003d3b .LASF327
C:\Users\zero6575\AppData\Local\Temp\ccnFEwCc.s:3260   .debug_str:0000000000001265 .LASF328
C:\Users\zero6575\AppData\Local\Temp\ccnFEwCc.s:3908   .debug_str:00000000000033d2 .LASF329
C:\Users\zero6575\AppData\Local\Temp\ccnFEwCc.s:3842   .debug_str:0000000000003027 .LASF330
C:\Users\zero6575\AppData\Local\Temp\ccnFEwCc.s:3436   .debug_str:0000000000001ad1 .LASF331
C:\Users\zero6575\AppData\Local\Temp\ccnFEwCc.s:3026   .debug_str:00000000000006e6 .LASF332
C:\Users\zero6575\AppData\Local\Temp\ccnFEwCc.s:3014   .debug_str:0000000000000668 .LASF333
C:\Users\zero6575\AppData\Local\Temp\ccnFEwCc.s:2936   .debug_str:000000000000024a .LASF334
C:\Users\zero6575\AppData\Local\Temp\ccnFEwCc.s:3142   .debug_str:0000000000000c33 .LASF335
C:\Users\zero6575\AppData\Local\Temp\ccnFEwCc.s:3786   .debug_str:0000000000002d4d .LASF336
C:\Users\zero6575\AppData\Local\Temp\ccnFEwCc.s:3590   .debug_str:0000000000002360 .LASF337
C:\Users\zero6575\AppData\Local\Temp\ccnFEwCc.s:3992   .debug_str:00000000000037c4 .LASF338
C:\Users\zero6575\AppData\Local\Temp\ccnFEwCc.s:3216   .debug_str:000000000000101f .LASF339
C:\Users\zero6575\AppData\Local\Temp\ccnFEwCc.s:3474   .debug_str:0000000000001cb2 .LASF340
C:\Users\zero6575\AppData\Local\Temp\ccnFEwCc.s:3350   .debug_str:000000000000167d .LASF341
C:\Users\zero6575\AppData\Local\Temp\ccnFEwCc.s:3404   .debug_str:000000000000198f .LASF342
C:\Users\zero6575\AppData\Local\Temp\ccnFEwCc.s:3948   .debug_str:00000000000035c6 .LASF343
C:\Users\zero6575\AppData\Local\Temp\ccnFEwCc.s:3630   .debug_str:0000000000002543 .LASF344
C:\Users\zero6575\AppData\Local\Temp\ccnFEwCc.s:3224   .debug_str:00000000000010a1 .LASF345
C:\Users\zero6575\AppData\Local\Temp\ccnFEwCc.s:2968   .debug_str:00000000000003eb .LASF346
C:\Users\zero6575\AppData\Local\Temp\ccnFEwCc.s:3856   .debug_str:00000000000030fe .LASF347
C:\Users\zero6575\AppData\Local\Temp\ccnFEwCc.s:3704   .debug_str:00000000000028c4 .LASF348
C:\Users\zero6575\AppData\Local\Temp\ccnFEwCc.s:3696   .debug_str:0000000000002858 .LASF349
C:\Users\zero6575\AppData\Local\Temp\ccnFEwCc.s:3966   .debug_str:00000000000036ac .LASF350
C:\Users\zero6575\AppData\Local\Temp\ccnFEwCc.s:4052   .debug_str:0000000000003acc .LASF351
C:\Users\zero6575\AppData\Local\Temp\ccnFEwCc.s:3146   .debug_str:0000000000000c4e .LASF352
C:\Users\zero6575\AppData\Local\Temp\ccnFEwCc.s:3202   .debug_str:0000000000000f9c .LASF353
C:\Users\zero6575\AppData\Local\Temp\ccnFEwCc.s:3668   .debug_str:00000000000026d9 .LASF354
C:\Users\zero6575\AppData\Local\Temp\ccnFEwCc.s:3592   .debug_str:000000000000237b .LASF355
C:\Users\zero6575\AppData\Local\Temp\ccnFEwCc.s:4122   .debug_str:0000000000003e87 .LASF356
C:\Users\zero6575\AppData\Local\Temp\ccnFEwCc.s:3784   .debug_str:0000000000002d44 .LASF357
C:\Users\zero6575\AppData\Local\Temp\ccnFEwCc.s:3534   .debug_str:0000000000001fab .LASF358
C:\Users\zero6575\AppData\Local\Temp\ccnFEwCc.s:3074   .debug_str:000000000000097c .LASF359
C:\Users\zero6575\AppData\Local\Temp\ccnFEwCc.s:3998   .debug_str:000000000000380e .LASF360
C:\Users\zero6575\AppData\Local\Temp\ccnFEwCc.s:3716   .debug_str:0000000000002948 .LASF361
C:\Users\zero6575\AppData\Local\Temp\ccnFEwCc.s:3394   .debug_str:000000000000190b .LASF362
C:\Users\zero6575\AppData\Local\Temp\ccnFEwCc.s:3604   .debug_str:00000000000023e9 .LASF363
C:\Users\zero6575\AppData\Local\Temp\ccnFEwCc.s:3356   .debug_str:00000000000016c8 .LASF364
C:\Users\zero6575\AppData\Local\Temp\ccnFEwCc.s:3802   .debug_str:0000000000002e0e .LASF365
C:\Users\zero6575\AppData\Local\Temp\ccnFEwCc.s:3018   .debug_str:000000000000068d .LASF366
C:\Users\zero6575\AppData\Local\Temp\ccnFEwCc.s:3122   .debug_str:0000000000000b3e .LASF367
C:\Users\zero6575\AppData\Local\Temp\ccnFEwCc.s:3352   .debug_str:0000000000001694 .LASF368
C:\Users\zero6575\AppData\Local\Temp\ccnFEwCc.s:4102   .debug_str:0000000000003db0 .LASF369
C:\Users\zero6575\AppData\Local\Temp\ccnFEwCc.s:3942   .debug_str:000000000000357e .LASF370
C:\Users\zero6575\AppData\Local\Temp\ccnFEwCc.s:3170   .debug_str:0000000000000d70 .LASF371
C:\Users\zero6575\AppData\Local\Temp\ccnFEwCc.s:3398   .debug_str:000000000000193a .LASF372
C:\Users\zero6575\AppData\Local\Temp\ccnFEwCc.s:2992   .debug_str:000000000000050a .LASF373
C:\Users\zero6575\AppData\Local\Temp\ccnFEwCc.s:2940   .debug_str:0000000000000271 .LASF374
C:\Users\zero6575\AppData\Local\Temp\ccnFEwCc.s:3510   .debug_str:0000000000001e7d .LASF375
C:\Users\zero6575\AppData\Local\Temp\ccnFEwCc.s:3752   .debug_str:0000000000002b2e .LASF376
C:\Users\zero6575\AppData\Local\Temp\ccnFEwCc.s:3940   .debug_str:0000000000003574 .LASF377
C:\Users\zero6575\AppData\Local\Temp\ccnFEwCc.s:3968   .debug_str:00000000000036bd .LASF378
C:\Users\zero6575\AppData\Local\Temp\ccnFEwCc.s:3526   .debug_str:0000000000001f51 .LASF379
C:\Users\zero6575\AppData\Local\Temp\ccnFEwCc.s:3916   .debug_str:0000000000003457 .LASF380
C:\Users\zero6575\AppData\Local\Temp\ccnFEwCc.s:3254   .debug_str:000000000000121c .LASF381
C:\Users\zero6575\AppData\Local\Temp\ccnFEwCc.s:2888   .debug_str:0000000000000050 .LASF382
C:\Users\zero6575\AppData\Local\Temp\ccnFEwCc.s:3278   .debug_str:000000000000133c .LASF383
C:\Users\zero6575\AppData\Local\Temp\ccnFEwCc.s:3038   .debug_str:000000000000077d .LASF384
C:\Users\zero6575\AppData\Local\Temp\ccnFEwCc.s:3160   .debug_str:0000000000000cf6 .LASF385
C:\Users\zero6575\AppData\Local\Temp\ccnFEwCc.s:3376   .debug_str:000000000000184c .LASF386
C:\Users\zero6575\AppData\Local\Temp\ccnFEwCc.s:3476   .debug_str:0000000000001cc1 .LASF387
C:\Users\zero6575\AppData\Local\Temp\ccnFEwCc.s:3388   .debug_str:00000000000018ce .LASF388
C:\Users\zero6575\AppData\Local\Temp\ccnFEwCc.s:3850   .debug_str:00000000000030c2 .LASF389
C:\Users\zero6575\AppData\Local\Temp\ccnFEwCc.s:3468   .debug_str:0000000000001c84 .LASF390
C:\Users\zero6575\AppData\Local\Temp\ccnFEwCc.s:3828   .debug_str:0000000000002f6b .LASF391
C:\Users\zero6575\AppData\Local\Temp\ccnFEwCc.s:3556   .debug_str:0000000000002104 .LASF392
C:\Users\zero6575\AppData\Local\Temp\ccnFEwCc.s:3558   .debug_str:0000000000002110 .LASF393
C:\Users\zero6575\AppData\Local\Temp\ccnFEwCc.s:4116   .debug_str:0000000000003e4c .LASF394
C:\Users\zero6575\AppData\Local\Temp\ccnFEwCc.s:3448   .debug_str:0000000000001b6a .LASF398
C:\Users\zero6575\AppData\Local\Temp\ccnFEwCc.s:3538   .debug_str:0000000000001fda .LASF399
C:\Users\zero6575\AppData\Local\Temp\ccnFEwCc.s:3462   .debug_str:0000000000001c1e .LASF400
C:\Users\zero6575\AppData\Local\Temp\ccnFEwCc.s:3250   .debug_str:00000000000011f7 .LASF401
C:\Users\zero6575\AppData\Local\Temp\ccnFEwCc.s:3308   .debug_str:00000000000014b1 .LASF402
C:\Users\zero6575\AppData\Local\Temp\ccnFEwCc.s:3740   .debug_str:0000000000002a56 .LASF403
C:\Users\zero6575\AppData\Local\Temp\ccnFEwCc.s:3952   .debug_str:00000000000035e3 .LASF404
C:\Users\zero6575\AppData\Local\Temp\ccnFEwCc.s:3232   .debug_str:0000000000001113 .LASF405
C:\Users\zero6575\AppData\Local\Temp\ccnFEwCc.s:3252   .debug_str:000000000000120a .LASF406
C:\Users\zero6575\AppData\Local\Temp\ccnFEwCc.s:3168   .debug_str:0000000000000d62 .LASF407
C:\Users\zero6575\AppData\Local\Temp\ccnFEwCc.s:4046   .debug_str:0000000000003a95 .LASF408
C:\Users\zero6575\AppData\Local\Temp\ccnFEwCc.s:3756   .debug_str:0000000000002b53 .LASF409
C:\Users\zero6575\AppData\Local\Temp\ccnFEwCc.s:3788   .debug_str:0000000000002d67 .LASF410
C:\Users\zero6575\AppData\Local\Temp\ccnFEwCc.s:4028   .debug_str:0000000000003990 .LASF411
C:\Users\zero6575\AppData\Local\Temp\ccnFEwCc.s:3950   .debug_str:00000000000035d2 .LASF412
C:\Users\zero6575\AppData\Local\Temp\ccnFEwCc.s:3678   .debug_str:0000000000002741 .LASF413
C:\Users\zero6575\AppData\Local\Temp\ccnFEwCc.s:3816   .debug_str:0000000000002ea9 .LASF414
C:\Users\zero6575\AppData\Local\Temp\ccnFEwCc.s:3918   .debug_str:0000000000003466 .LASF415
C:\Users\zero6575\AppData\Local\Temp\ccnFEwCc.s:3076   .debug_str:0000000000000986 .LASF416
C:\Users\zero6575\AppData\Local\Temp\ccnFEwCc.s:3920   .debug_str:0000000000003476 .LASF417
C:\Users\zero6575\AppData\Local\Temp\ccnFEwCc.s:2890   .debug_str:0000000000000062 .LASF418
C:\Users\zero6575\AppData\Local\Temp\ccnFEwCc.s:3460   .debug_str:0000000000001c07 .LASF419
C:\Users\zero6575\AppData\Local\Temp\ccnFEwCc.s:3374   .debug_str:000000000000183b .LASF420
C:\Users\zero6575\AppData\Local\Temp\ccnFEwCc.s:3702   .debug_str:00000000000028b4 .LASF421
C:\Users\zero6575\AppData\Local\Temp\ccnFEwCc.s:3660   .debug_str:0000000000002677 .LASF422
C:\Users\zero6575\AppData\Local\Temp\ccnFEwCc.s:3108   .debug_str:0000000000000a96 .LASF423
C:\Users\zero6575\AppData\Local\Temp\ccnFEwCc.s:4100   .debug_str:0000000000003d9c .LASF424
C:\Users\zero6575\AppData\Local\Temp\ccnFEwCc.s:4008   .debug_str:00000000000038a3 .LASF425
C:\Users\zero6575\AppData\Local\Temp\ccnFEwCc.s:3806   .debug_str:0000000000002e37 .LASF426
C:\Users\zero6575\AppData\Local\Temp\ccnFEwCc.s:3270   .debug_str:00000000000012e9 .LASF427
C:\Users\zero6575\AppData\Local\Temp\ccnFEwCc.s:4020   .debug_str:0000000000003944 .LASF428
C:\Users\zero6575\AppData\Local\Temp\ccnFEwCc.s:3330   .debug_str:000000000000159a .LASF429
C:\Users\zero6575\AppData\Local\Temp\ccnFEwCc.s:2972   .debug_str:0000000000000408 .LASF430
C:\Users\zero6575\AppData\Local\Temp\ccnFEwCc.s:3532   .debug_str:0000000000001f90 .LASF431
C:\Users\zero6575\AppData\Local\Temp\ccnFEwCc.s:2946   .debug_str:000000000000029c .LASF432
C:\Users\zero6575\AppData\Local\Temp\ccnFEwCc.s:3570   .debug_str:00000000000021ca .LASF433
C:\Users\zero6575\AppData\Local\Temp\ccnFEwCc.s:3618   .debug_str:00000000000024c1 .LASF434
C:\Users\zero6575\AppData\Local\Temp\ccnFEwCc.s:3458   .debug_str:0000000000001bf7 .LASF435
C:\Users\zero6575\AppData\Local\Temp\ccnFEwCc.s:3880   .debug_str:0000000000003270 .LASF436
C:\Users\zero6575\AppData\Local\Temp\ccnFEwCc.s:3080   .debug_str:00000000000009ab .LASF437
C:\Users\zero6575\AppData\Local\Temp\ccnFEwCc.s:3662   .debug_str:000000000000268d .LASF438
C:\Users\zero6575\AppData\Local\Temp\ccnFEwCc.s:3774   .debug_str:0000000000002c94 .LASF439
C:\Users\zero6575\AppData\Local\Temp\ccnFEwCc.s:3022   .debug_str:00000000000006bc .LASF440
C:\Users\zero6575\AppData\Local\Temp\ccnFEwCc.s:3734   .debug_str:0000000000002a0e .LASF441
C:\Users\zero6575\AppData\Local\Temp\ccnFEwCc.s:3012   .debug_str:000000000000065e .LASF442
C:\Users\zero6575\AppData\Local\Temp\ccnFEwCc.s:4068   .debug_str:0000000000003b8c .LASF443
C:\Users\zero6575\AppData\Local\Temp\ccnFEwCc.s:3416   .debug_str:0000000000001a0a .LASF444
C:\Users\zero6575\AppData\Local\Temp\ccnFEwCc.s:2958   .debug_str:0000000000000330 .LASF445
C:\Users\zero6575\AppData\Local\Temp\ccnFEwCc.s:4022   .debug_str:0000000000003959 .LASF446
C:\Users\zero6575\AppData\Local\Temp\ccnFEwCc.s:3574   .debug_str:00000000000021ff .LASF447
C:\Users\zero6575\AppData\Local\Temp\ccnFEwCc.s:3144   .debug_str:0000000000000c43 .LASF448
C:\Users\zero6575\AppData\Local\Temp\ccnFEwCc.s:3612   .debug_str:000000000000245d .LASF449
C:\Users\zero6575\AppData\Local\Temp\ccnFEwCc.s:3290   .debug_str:00000000000013bd .LASF450
C:\Users\zero6575\AppData\Local\Temp\ccnFEwCc.s:3896   .debug_str:0000000000003364 .LASF451
C:\Users\zero6575\AppData\Local\Temp\ccnFEwCc.s:3176   .debug_str:0000000000000dcd .LASF452
C:\Users\zero6575\AppData\Local\Temp\ccnFEwCc.s:3380   .debug_str:000000000000187e .LASF453
C:\Users\zero6575\AppData\Local\Temp\ccnFEwCc.s:3878   .debug_str:0000000000003264 .LASF454
C:\Users\zero6575\AppData\Local\Temp\ccnFEwCc.s:3340   .debug_str:0000000000001610 .LASF455
C:\Users\zero6575\AppData\Local\Temp\ccnFEwCc.s:4166   .debug_str:000000000000408b .LASF456
C:\Users\zero6575\AppData\Local\Temp\ccnFEwCc.s:3206   .debug_str:0000000000000fbf .LASF457
C:\Users\zero6575\AppData\Local\Temp\ccnFEwCc.s:3326   .debug_str:000000000000157a .LASF458
C:\Users\zero6575\AppData\Local\Temp\ccnFEwCc.s:3492   .debug_str:0000000000001d7e .LASF459
C:\Users\zero6575\AppData\Local\Temp\ccnFEwCc.s:3032   .debug_str:000000000000072a .LASF460
C:\Users\zero6575\AppData\Local\Temp\ccnFEwCc.s:3708   .debug_str:00000000000028df .LASF461
C:\Users\zero6575\AppData\Local\Temp\ccnFEwCc.s:2896   .debug_str:000000000000009c .LASF462
C:\Users\zero6575\AppData\Local\Temp\ccnFEwCc.s:3646   .debug_str:00000000000025f7 .LASF463
C:\Users\zero6575\AppData\Local\Temp\ccnFEwCc.s:3212   .debug_str:0000000000000ff9 .LASF464
C:\Users\zero6575\AppData\Local\Temp\ccnFEwCc.s:3882   .debug_str:000000000000328c .LASF465
C:\Users\zero6575\AppData\Local\Temp\ccnFEwCc.s:3544   .debug_str:0000000000002057 .LASF466
C:\Users\zero6575\AppData\Local\Temp\ccnFEwCc.s:3158   .debug_str:0000000000000ce3 .LASF467
C:\Users\zero6575\AppData\Local\Temp\ccnFEwCc.s:3568   .debug_str:00000000000021b7 .LASF468
C:\Users\zero6575\AppData\Local\Temp\ccnFEwCc.s:3892   .debug_str:000000000000330f .LASF469
C:\Users\zero6575\AppData\Local\Temp\ccnFEwCc.s:3272   .debug_str:00000000000012fe .LASF470
C:\Users\zero6575\AppData\Local\Temp\ccnFEwCc.s:3428   .debug_str:0000000000001a7f .LASF471
C:\Users\zero6575\AppData\Local\Temp\ccnFEwCc.s:3310   .debug_str:00000000000014c9 .LASF472
C:\Users\zero6575\AppData\Local\Temp\ccnFEwCc.s:4024   .debug_str:0000000000003961 .LASF473
C:\Users\zero6575\AppData\Local\Temp\ccnFEwCc.s:4152   .debug_str:0000000000004008 .LASF474
C:\Users\zero6575\AppData\Local\Temp\ccnFEwCc.s:3932   .debug_str:000000000000351a .LASF475
C:\Users\zero6575\AppData\Local\Temp\ccnFEwCc.s:3332   .debug_str:00000000000015af .LASF476
C:\Users\zero6575\AppData\Local\Temp\ccnFEwCc.s:3470   .debug_str:0000000000001c89 .LASF477
C:\Users\zero6575\AppData\Local\Temp\ccnFEwCc.s:2904   .debug_str:00000000000000ef .LASF478
C:\Users\zero6575\AppData\Local\Temp\ccnFEwCc.s:3322   .debug_str:000000000000155a .LASF479
C:\Users\zero6575\AppData\Local\Temp\ccnFEwCc.s:3826   .debug_str:0000000000002f57 .LASF480
C:\Users\zero6575\AppData\Local\Temp\ccnFEwCc.s:3472   .debug_str:0000000000001c9d .LASF481
C:\Users\zero6575\AppData\Local\Temp\ccnFEwCc.s:3576   .debug_str:0000000000002208 .LASF482
C:\Users\zero6575\AppData\Local\Temp\ccnFEwCc.s:4064   .debug_str:0000000000003b64 .LASF483
C:\Users\zero6575\AppData\Local\Temp\ccnFEwCc.s:4174   .debug_str:000000000000412f .LASF484
C:\Users\zero6575\AppData\Local\Temp\ccnFEwCc.s:3874   .debug_str:000000000000321f .LASF485
C:\Users\zero6575\AppData\Local\Temp\ccnFEwCc.s:3320   .debug_str:0000000000001542 .LASF486
C:\Users\zero6575\AppData\Local\Temp\ccnFEwCc.s:3346   .debug_str:0000000000001644 .LASF487
C:\Users\zero6575\AppData\Local\Temp\ccnFEwCc.s:3362   .debug_str:00000000000017c0 .LASF488
C:\Users\zero6575\AppData\Local\Temp\ccnFEwCc.s:3962   .debug_str:0000000000003678 .LASF489
C:\Users\zero6575\AppData\Local\Temp\ccnFEwCc.s:3958   .debug_str:0000000000003642 .LASF490
C:\Users\zero6575\AppData\Local\Temp\ccnFEwCc.s:3792   .debug_str:0000000000002d8e .LASF491
C:\Users\zero6575\AppData\Local\Temp\ccnFEwCc.s:3450   .debug_str:0000000000001b80 .LASF492
C:\Users\zero6575\AppData\Local\Temp\ccnFEwCc.s:3746   .debug_str:0000000000002ae3 .LASF493
C:\Users\zero6575\AppData\Local\Temp\ccnFEwCc.s:3804   .debug_str:0000000000002e1f .LASF494
C:\Users\zero6575\AppData\Local\Temp\ccnFEwCc.s:3672   .debug_str:0000000000002709 .LASF495
C:\Users\zero6575\AppData\Local\Temp\ccnFEwCc.s:3824   .debug_str:0000000000002f2e .LASF496
C:\Users\zero6575\AppData\Local\Temp\ccnFEwCc.s:3506   .debug_str:0000000000001e41 .LASF497
C:\Users\zero6575\AppData\Local\Temp\ccnFEwCc.s:3262   .debug_str:000000000000127a .LASF498
C:\Users\zero6575\AppData\Local\Temp\ccnFEwCc.s:3162   .debug_str:0000000000000d07 .LASF499
C:\Users\zero6575\AppData\Local\Temp\ccnFEwCc.s:3488   .debug_str:0000000000001d4b .LASF500
C:\Users\zero6575\AppData\Local\Temp\ccnFEwCc.s:3112   .debug_str:0000000000000ac0 .LASF501
C:\Users\zero6575\AppData\Local\Temp\ccnFEwCc.s:3184   .debug_str:0000000000000e2f .LASF502
C:\Users\zero6575\AppData\Local\Temp\ccnFEwCc.s:4074   .debug_str:0000000000003bf9 .LASF503
C:\Users\zero6575\AppData\Local\Temp\ccnFEwCc.s:3800   .debug_str:0000000000002de6 .LASF504
C:\Users\zero6575\AppData\Local\Temp\ccnFEwCc.s:3400   .debug_str:0000000000001948 .LASF505
C:\Users\zero6575\AppData\Local\Temp\ccnFEwCc.s:4178   .debug_str:000000000000415f .LASF506
C:\Users\zero6575\AppData\Local\Temp\ccnFEwCc.s:3846   .debug_str:0000000000003068 .LASF507
C:\Users\zero6575\AppData\Local\Temp\ccnFEwCc.s:3876   .debug_str:0000000000003239 .LASF508
C:\Users\zero6575\AppData\Local\Temp\ccnFEwCc.s:3550   .debug_str:000000000000209e .LASF509
C:\Users\zero6575\AppData\Local\Temp\ccnFEwCc.s:3056   .debug_str:0000000000000899 .LASF510
C:\Users\zero6575\AppData\Local\Temp\ccnFEwCc.s:3048   .debug_str:0000000000000822 .LASF511
C:\Users\zero6575\AppData\Local\Temp\ccnFEwCc.s:3118   .debug_str:0000000000000b0d .LASF512
C:\Users\zero6575\AppData\Local\Temp\ccnFEwCc.s:3512   .debug_str:0000000000001e87 .LASF513
C:\Users\zero6575\AppData\Local\Temp\ccnFEwCc.s:4034   .debug_str:00000000000039d3 .LASF514
C:\Users\zero6575\AppData\Local\Temp\ccnFEwCc.s:3148   .debug_str:0000000000000c5e .LASF515
C:\Users\zero6575\AppData\Local\Temp\ccnFEwCc.s:3834   .debug_str:0000000000002faa .LASF516
C:\Users\zero6575\AppData\Local\Temp\ccnFEwCc.s:4010   .debug_str:00000000000038b3 .LASF517
C:\Users\zero6575\AppData\Local\Temp\ccnFEwCc.s:3316   .debug_str:000000000000150f .LASF518
C:\Users\zero6575\AppData\Local\Temp\ccnFEwCc.s:3694   .debug_str:0000000000002834 .LASF519
C:\Users\zero6575\AppData\Local\Temp\ccnFEwCc.s:3540   .debug_str:0000000000001ff2 .LASF520
C:\Users\zero6575\AppData\Local\Temp\ccnFEwCc.s:2996   .debug_str:0000000000000559 .LASF521
C:\Users\zero6575\AppData\Local\Temp\ccnFEwCc.s:3554   .debug_str:00000000000020de .LASF522
C:\Users\zero6575\AppData\Local\Temp\ccnFEwCc.s:2986   .debug_str:00000000000004b4 .LASF523
C:\Users\zero6575\AppData\Local\Temp\ccnFEwCc.s:4104   .debug_str:0000000000003dbd .LASF524
C:\Users\zero6575\AppData\Local\Temp\ccnFEwCc.s:3776   .debug_str:0000000000002c99 .LASF525
C:\Users\zero6575\AppData\Local\Temp\ccnFEwCc.s:2962   .debug_str:0000000000000355 .LASF526
C:\Users\zero6575\AppData\Local\Temp\ccnFEwCc.s:3378   .debug_str:000000000000185a .LASF527
C:\Users\zero6575\AppData\Local\Temp\ccnFEwCc.s:3934   .debug_str:000000000000352d .LASF528
C:\Users\zero6575\AppData\Local\Temp\ccnFEwCc.s:4006   .debug_str:0000000000003887 .LASF529
C:\Users\zero6575\AppData\Local\Temp\ccnFEwCc.s:3366   .debug_str:00000000000017e1 .LASF530
C:\Users\zero6575\AppData\Local\Temp\ccnFEwCc.s:4124   .debug_str:0000000000003e93 .LASF531
C:\Users\zero6575\AppData\Local\Temp\ccnFEwCc.s:3900   .debug_str:0000000000003377 .LASF532
C:\Users\zero6575\AppData\Local\Temp\ccnFEwCc.s:3978   .debug_str:0000000000003718 .LASF533
C:\Users\zero6575\AppData\Local\Temp\ccnFEwCc.s:4038   .debug_str:0000000000003a2b .LASF534
C:\Users\zero6575\AppData\Local\Temp\ccnFEwCc.s:3872   .debug_str:0000000000003201 .LASF535
C:\Users\zero6575\AppData\Local\Temp\ccnFEwCc.s:3238   .debug_str:0000000000001163 .LASF536
C:\Users\zero6575\AppData\Local\Temp\ccnFEwCc.s:4138   .debug_str:0000000000003f46 .LASF537
C:\Users\zero6575\AppData\Local\Temp\ccnFEwCc.s:3440   .debug_str:0000000000001afb .LASF538
C:\Users\zero6575\AppData\Local\Temp\ccnFEwCc.s:3508   .debug_str:0000000000001e65 .LASF539
C:\Users\zero6575\AppData\Local\Temp\ccnFEwCc.s:3632   .debug_str:0000000000002553 .LASF540
C:\Users\zero6575\AppData\Local\Temp\ccnFEwCc.s:3722   .debug_str:0000000000002993 .LASF541
C:\Users\zero6575\AppData\Local\Temp\ccnFEwCc.s:3434   .debug_str:0000000000001ab9 .LASF542
C:\Users\zero6575\AppData\Local\Temp\ccnFEwCc.s:3234   .debug_str:0000000000001123 .LASF543
C:\Users\zero6575\AppData\Local\Temp\ccnFEwCc.s:3552   .debug_str:00000000000020c4 .LASF544
C:\Users\zero6575\AppData\Local\Temp\ccnFEwCc.s:2928   .debug_str:00000000000001e1 .LASF545
C:\Users\zero6575\AppData\Local\Temp\ccnFEwCc.s:3528   .debug_str:0000000000001f5c .LASF546
C:\Users\zero6575\AppData\Local\Temp\ccnFEwCc.s:2938   .debug_str:0000000000000259 .LASF547
C:\Users\zero6575\AppData\Local\Temp\ccnFEwCc.s:3754   .debug_str:0000000000002b39 .LASF548
C:\Users\zero6575\AppData\Local\Temp\ccnFEwCc.s:3684   .debug_str:0000000000002788 .LASF549
C:\Users\zero6575\AppData\Local\Temp\ccnFEwCc.s:3658   .debug_str:000000000000265b .LASF550
C:\Users\zero6575\AppData\Local\Temp\ccnFEwCc.s:2942   .debug_str:000000000000027e .LASF552
C:\Users\zero6575\AppData\Local\Temp\ccnFEwCc.s:4050   .debug_str:0000000000003ac1 .LASF553
C:\Users\zero6575\AppData\Local\Temp\ccnFEwCc.s:3798   .debug_str:0000000000002ddf .LASF554
C:\Users\zero6575\AppData\Local\Temp\ccnFEwCc.s:3090   .debug_str:0000000000000a02 .LASF555
C:\Users\zero6575\AppData\Local\Temp\ccnFEwCc.s:3348   .debug_str:000000000000165d .LASF556
C:\Users\zero6575\AppData\Local\Temp\ccnFEwCc.s:3294   .debug_str:00000000000013d6 .LASF557
C:\Users\zero6575\AppData\Local\Temp\ccnFEwCc.s:3652   .debug_str:000000000000261e .LASF558
C:\Users\zero6575\AppData\Local\Temp\ccnFEwCc.s:3790   .debug_str:0000000000002d7f .LASF559
C:\Users\zero6575\AppData\Local\Temp\ccnFEwCc.s:3068   .debug_str:0000000000000932 .LASF560
C:\Users\zero6575\AppData\Local\Temp\ccnFEwCc.s:4082   .debug_str:0000000000003c8f .LASF561
C:\Users\zero6575\AppData\Local\Temp\ccnFEwCc.s:3070   .debug_str:0000000000000944 .LASF562
C:\Users\zero6575\AppData\Local\Temp\ccnFEwCc.s:3036   .debug_str:000000000000074c .LASF563
C:\Users\zero6575\AppData\Local\Temp\ccnFEwCc.s:3706   .debug_str:00000000000028d1 .LASF564
C:\Users\zero6575\AppData\Local\Temp\ccnFEwCc.s:3762   .debug_str:0000000000002b95 .LASF565
C:\Users\zero6575\AppData\Local\Temp\ccnFEwCc.s:4044   .debug_str:0000000000003a7f .LASF566
C:\Users\zero6575\AppData\Local\Temp\ccnFEwCc.s:3300   .debug_str:0000000000001440 .LASF567
C:\Users\zero6575\AppData\Local\Temp\ccnFEwCc.s:3106   .debug_str:0000000000000a8a .LASF568
C:\Users\zero6575\AppData\Local\Temp\ccnFEwCc.s:3758   .debug_str:0000000000002b63 .LASF569
C:\Users\zero6575\AppData\Local\Temp\ccnFEwCc.s:3928   .debug_str:00000000000034f9 .LASF570
C:\Users\zero6575\AppData\Local\Temp\ccnFEwCc.s:3318   .debug_str:0000000000001531 .LASF571
C:\Users\zero6575\AppData\Local\Temp\ccnFEwCc.s:3180   .debug_str:0000000000000dfc .LASF572
C:\Users\zero6575\AppData\Local\Temp\ccnFEwCc.s:3066   .debug_str:0000000000000925 .LASF573
C:\Users\zero6575\AppData\Local\Temp\ccnFEwCc.s:3768   .debug_str:0000000000002c37 .LASF574
C:\Users\zero6575\AppData\Local\Temp\ccnFEwCc.s:3750   .debug_str:0000000000002b19 .LASF575
C:\Users\zero6575\AppData\Local\Temp\ccnFEwCc.s:4018   .debug_str:000000000000392b .LASF576
C:\Users\zero6575\AppData\Local\Temp\ccnFEwCc.s:3924   .debug_str:00000000000034cd .LASF577
C:\Users\zero6575\AppData\Local\Temp\ccnFEwCc.s:3424   .debug_str:0000000000001a59 .LASF578
C:\Users\zero6575\AppData\Local\Temp\ccnFEwCc.s:3600   .debug_str:00000000000023ca .LASF579
C:\Users\zero6575\AppData\Local\Temp\ccnFEwCc.s:3868   .debug_str:00000000000031d2 .LASF580
C:\Users\zero6575\AppData\Local\Temp\ccnFEwCc.s:3822   .debug_str:0000000000002f1c .LASF581
C:\Users\zero6575\AppData\Local\Temp\ccnFEwCc.s:4148   .debug_str:0000000000003fd8 .LASF582
C:\Users\zero6575\AppData\Local\Temp\ccnFEwCc.s:3636   .debug_str:0000000000002580 .LASF583
C:\Users\zero6575\AppData\Local\Temp\ccnFEwCc.s:3926   .debug_str:00000000000034e0 .LASF584
C:\Users\zero6575\AppData\Local\Temp\ccnFEwCc.s:4058   .debug_str:0000000000003b0e .LASF585
C:\Users\zero6575\AppData\Local\Temp\ccnFEwCc.s:3024   .debug_str:00000000000006c2 .LASF586
C:\Users\zero6575\AppData\Local\Temp\ccnFEwCc.s:3546   .debug_str:0000000000002069 .LASF587
C:\Users\zero6575\AppData\Local\Temp\ccnFEwCc.s:3970   .debug_str:00000000000036c8 .LASF588
C:\Users\zero6575\AppData\Local\Temp\ccnFEwCc.s:2912   .debug_str:000000000000014d .LASF589
C:\Users\zero6575\AppData\Local\Temp\ccnFEwCc.s:4054   .debug_str:0000000000003ae0 .LASF590
C:\Users\zero6575\AppData\Local\Temp\ccnFEwCc.s:3478   .debug_str:0000000000001cd4 .LASF591
C:\Users\zero6575\AppData\Local\Temp\ccnFEwCc.s:3230   .debug_str:0000000000001101 .LASF592
C:\Users\zero6575\AppData\Local\Temp\ccnFEwCc.s:3384   .debug_str:00000000000018a2 .LASF593
C:\Users\zero6575\AppData\Local\Temp\ccnFEwCc.s:4060   .debug_str:0000000000003b36 .LASF594
C:\Users\zero6575\AppData\Local\Temp\ccnFEwCc.s:3052   .debug_str:0000000000000863 .LASF595
C:\Users\zero6575\AppData\Local\Temp\ccnFEwCc.s:3726   .debug_str:00000000000029be .LASF596
C:\Users\zero6575\AppData\Local\Temp\ccnFEwCc.s:4042   .debug_str:0000000000003a6b .LASF597
C:\Users\zero6575\AppData\Local\Temp\ccnFEwCc.s:3594   .debug_str:0000000000002387 .LASF600
C:\Users\zero6575\AppData\Local\Temp\ccnFEwCc.s:3194   .debug_str:0000000000000ee8 .LASF601
C:\Users\zero6575\AppData\Local\Temp\ccnFEwCc.s:3128   .debug_str:0000000000000b8a .LASF602
C:\Users\zero6575\AppData\Local\Temp\ccnFEwCc.s:3454   .debug_str:0000000000001bb1 .LASF603
C:\Users\zero6575\AppData\Local\Temp\ccnFEwCc.s:3810   .debug_str:0000000000002e63 .LASF604
C:\Users\zero6575\AppData\Local\Temp\ccnFEwCc.s:3276   .debug_str:0000000000001324 .LASF605
C:\Users\zero6575\AppData\Local\Temp\ccnFEwCc.s:3530   .debug_str:0000000000001f76 .LASF606
C:\Users\zero6575\AppData\Local\Temp\ccnFEwCc.s:3040   .debug_str:000000000000078f .LASF607
C:\Users\zero6575\AppData\Local\Temp\ccnFEwCc.s:3796   .debug_str:0000000000002dc2 .LASF608
C:\Users\zero6575\AppData\Local\Temp\ccnFEwCc.s:3654   .debug_str:0000000000002629 .LASF609
C:\Users\zero6575\AppData\Local\Temp\ccnFEwCc.s:3634   .debug_str:000000000000256b .LASF610
C:\Users\zero6575\AppData\Local\Temp\ccnFEwCc.s:3328   .debug_str:0000000000001584 .LASF611
C:\Users\zero6575\AppData\Local\Temp\ccnFEwCc.s:3854   .debug_str:00000000000030e7 .LASF612
C:\Users\zero6575\AppData\Local\Temp\ccnFEwCc.s:3720   .debug_str:0000000000002971 .LASF613
C:\Users\zero6575\AppData\Local\Temp\ccnFEwCc.s:3432   .debug_str:0000000000001aab .LASF614
C:\Users\zero6575\AppData\Local\Temp\ccnFEwCc.s:2932   .debug_str:0000000000000203 .LASF615
C:\Users\zero6575\AppData\Local\Temp\ccnFEwCc.s:3820   .debug_str:0000000000002efe .LASF616
C:\Users\zero6575\AppData\Local\Temp\ccnFEwCc.s:3580   .debug_str:0000000000002236 .LASF617
C:\Users\zero6575\AppData\Local\Temp\ccnFEwCc.s:2964   .debug_str:000000000000037e .LASF618
C:\Users\zero6575\AppData\Local\Temp\ccnFEwCc.s:3766   .debug_str:0000000000002bcd .LASF619
C:\Users\zero6575\AppData\Local\Temp\ccnFEwCc.s:3034   .debug_str:0000000000000737 .LASF620
C:\Users\zero6575\AppData\Local\Temp\ccnFEwCc.s:3126   .debug_str:0000000000000b71 .LASF621
C:\Users\zero6575\AppData\Local\Temp\ccnFEwCc.s:3438   .debug_str:0000000000001ae2 .LASF622
C:\Users\zero6575\AppData\Local\Temp\ccnFEwCc.s:3188   .debug_str:0000000000000e84 .LASF623
                           .group:0000000000000000 wm4.0.29db371e8b94e604acd9f4c2cef2c360
                           .group:0000000000000000 wm4.stddef.h.39.a38874c8f8a57e66301090908ec2a69f
                           .group:0000000000000000 wm4._newlib_version.h.4.9ba035841e762c3308916a0ce96032e7
                           .group:0000000000000000 wm4.features.h.33.318b64d71e0957639cfb30f1db1f7ec8
                           .group:0000000000000000 wm4._default_types.h.15.61e9869194cab90bdfa4c7fc42203a0e
                           .group:0000000000000000 wm4._intsup.h.10.b28b45fc63caeb010c3f7ee592257700
                           .group:0000000000000000 wm4._stdint.h.10.c24fa3af3bc1706662bb5593a907e841
                           .group:0000000000000000 wm4.stdint.h.23.d53047a68f4a85177f80b422d52785ed
                           .group:0000000000000000 wm4.stdbool.h.29.07dce69c3b78884144b7f7bd19483461
                           .group:0000000000000000 wm4.config.h.26.7d29d642a1ea34b87c56286f7235559f
                           .group:0000000000000000 wm4.bacdef.h.39.fcafd78d88dce17b2448edf8931b63fd

NO UNDEFINED SYMBOLS
