   1              		.file	"bigend.c"
   2              		.option nopic
   3              		.attribute arch, "rv64i2p0_m2p0_a2p0_c2p0"
   4              		.attribute unaligned_access, 0
   5              		.attribute stack_align, 16
   6              		.text
   7              	.Ltext0:
   8              		.cfi_sections	.debug_frame
   9              		.section	.text.big_endian,"ax",@progbits
  10              		.align	1
  11              		.globl	big_endian
  13              	big_endian:
  14              	.LFB0:
  15              		.file 1 "../src/middleware/bacnet/src/bigend.c"
   1:../src/middleware/bacnet/src/bigend.c **** /* Derived from "Unix Incompatibility Notes: Byte Order" by Jan Wolter */
   2:../src/middleware/bacnet/src/bigend.c **** /* http://unixpapa.com/incnote/byteorder.html */
   3:../src/middleware/bacnet/src/bigend.c **** 
   4:../src/middleware/bacnet/src/bigend.c **** /** @file bigend.c  Determination of Endianess */
   5:../src/middleware/bacnet/src/bigend.c **** 
   6:../src/middleware/bacnet/src/bigend.c **** #include "bigend.h"
   7:../src/middleware/bacnet/src/bigend.c **** 
   8:../src/middleware/bacnet/src/bigend.c **** /* Big-Endian systems save the most significant byte first.  */
   9:../src/middleware/bacnet/src/bigend.c **** /* Sun and Motorola processors, IBM-370s and PDP-10s are big-endian. */
  10:../src/middleware/bacnet/src/bigend.c **** /* "Network Byte Order" is also know as "Big-Endian Byte Order" */
  11:../src/middleware/bacnet/src/bigend.c **** /* for example, a 4 byte integer 67305985 is 0x04030201 in hexidecimal. */
  12:../src/middleware/bacnet/src/bigend.c **** /* x[0] = 0x04 */
  13:../src/middleware/bacnet/src/bigend.c **** /* x[1] = 0x03 */
  14:../src/middleware/bacnet/src/bigend.c **** /* x[2] = 0x02 */
  15:../src/middleware/bacnet/src/bigend.c **** /* x[3] = 0x01 */
  16:../src/middleware/bacnet/src/bigend.c **** 
  17:../src/middleware/bacnet/src/bigend.c **** /* Little-Endian systems save the least significant byte first.  */
  18:../src/middleware/bacnet/src/bigend.c **** /* The entire Intel x86 family, Vaxes, Alphas and PDP-11s are little-endian. */
  19:../src/middleware/bacnet/src/bigend.c **** /* for example, a 4 byte integer 67305985 is 0x04030201 in hexidecimal. */
  20:../src/middleware/bacnet/src/bigend.c **** /* x[0] = 0x01 */
  21:../src/middleware/bacnet/src/bigend.c **** /* x[1] = 0x02 */
  22:../src/middleware/bacnet/src/bigend.c **** /* x[2] = 0x03 */
  23:../src/middleware/bacnet/src/bigend.c **** /* x[3] = 0x04 */
  24:../src/middleware/bacnet/src/bigend.c **** 
  25:../src/middleware/bacnet/src/bigend.c **** /* Note: Endianness doesn't apply to all variable manipulation.
  26:../src/middleware/bacnet/src/bigend.c ****    If you use bitwise or bitshift operations on integers,
  27:../src/middleware/bacnet/src/bigend.c ****    you can avoid having to check for endianness. */
  28:../src/middleware/bacnet/src/bigend.c **** 
  29:../src/middleware/bacnet/src/bigend.c **** /* The names are derived from Jonathon Swift's book Gulliver's Travels,
  30:../src/middleware/bacnet/src/bigend.c ****    where they describe Lilliputian political parties who disagree
  31:../src/middleware/bacnet/src/bigend.c ****    vehemently over which end to start eating an egg from.
  32:../src/middleware/bacnet/src/bigend.c ****    This terminology was popularized for byte order by a less than
  33:../src/middleware/bacnet/src/bigend.c ****    completely serious paper authored by Danny Cohen which appeared
  34:../src/middleware/bacnet/src/bigend.c ****    on April 1, 1980 and was entitled "On Holy Wars and a Plea for Peace" */
  35:../src/middleware/bacnet/src/bigend.c **** 
  36:../src/middleware/bacnet/src/bigend.c **** /* function to return true on Big-Endian architectures */
  37:../src/middleware/bacnet/src/bigend.c **** /* (based on Harbison & Steele) */
  38:../src/middleware/bacnet/src/bigend.c **** int big_endian(
  39:../src/middleware/bacnet/src/bigend.c ****     void)
  40:../src/middleware/bacnet/src/bigend.c **** {
  16              		.loc 1 40 1
  17              		.cfi_startproc
  18 0000 0111     		addi	sp,sp,-32
  19              		.cfi_def_cfa_offset 32
  20 0002 22EC     		sd	s0,24(sp)
  21              		.cfi_offset 8, -8
  22 0004 0010     		addi	s0,sp,32
  23              		.cfi_def_cfa 8, 0
  41:../src/middleware/bacnet/src/bigend.c ****     union {
  42:../src/middleware/bacnet/src/bigend.c ****         long l;
  43:../src/middleware/bacnet/src/bigend.c ****         char c[sizeof(long)];
  44:../src/middleware/bacnet/src/bigend.c ****     } u;
  45:../src/middleware/bacnet/src/bigend.c **** 
  46:../src/middleware/bacnet/src/bigend.c ****     u.l = 1;
  24              		.loc 1 46 9
  25 0006 8547     		li	a5,1
  26 0008 2334F4FE 		sd	a5,-24(s0)
  47:../src/middleware/bacnet/src/bigend.c **** 
  48:../src/middleware/bacnet/src/bigend.c ****     return (u.c[sizeof(long) - 1] == 1);
  27              		.loc 1 48 16
  28 000c 8307F4FE 		lb	a5,-17(s0)
  29              		.loc 1 48 35
  30 0010 1B870700 		sext.w	a4,a5
  31 0014 8547     		li	a5,1
  32 0016 B307F740 		sub	a5,a4,a5
  33 001a 93B71700 		seqz	a5,a5
  34 001e 93F7F70F 		andi	a5,a5,0xff
  35 0022 8127     		sext.w	a5,a5
  49:../src/middleware/bacnet/src/bigend.c **** }
  36              		.loc 1 49 1
  37 0024 3E85     		mv	a0,a5
  38 0026 6264     		ld	s0,24(sp)
  39              		.cfi_restore 8
  40              		.cfi_def_cfa 2, 32
  41 0028 0561     		addi	sp,sp,32
  42              		.cfi_def_cfa_offset 0
  43 002a 8280     		jr	ra
  44              		.cfi_endproc
  45              	.LFE0:
  47              		.text
  48              	.Letext0:
DEFINED SYMBOLS
                            *ABS*:0000000000000000 bigend.c
C:\Users\zero6575\AppData\Local\Temp\ccyBLI0S.s:13     .text.big_endian:0000000000000000 big_endian
C:\Users\zero6575\AppData\Local\Temp\ccyBLI0S.s:17     .text.big_endian:0000000000000000 .L0 
C:\Users\zero6575\AppData\Local\Temp\ccyBLI0S.s:18     .text.big_endian:0000000000000000 .L0 
C:\Users\zero6575\AppData\Local\Temp\ccyBLI0S.s:19     .text.big_endian:0000000000000002 .L0 
C:\Users\zero6575\AppData\Local\Temp\ccyBLI0S.s:21     .text.big_endian:0000000000000004 .L0 
C:\Users\zero6575\AppData\Local\Temp\ccyBLI0S.s:23     .text.big_endian:0000000000000006 .L0 
C:\Users\zero6575\AppData\Local\Temp\ccyBLI0S.s:25     .text.big_endian:0000000000000006 .L0 
C:\Users\zero6575\AppData\Local\Temp\ccyBLI0S.s:28     .text.big_endian:000000000000000c .L0 
C:\Users\zero6575\AppData\Local\Temp\ccyBLI0S.s:30     .text.big_endian:0000000000000010 .L0 
C:\Users\zero6575\AppData\Local\Temp\ccyBLI0S.s:37     .text.big_endian:0000000000000024 .L0 
C:\Users\zero6575\AppData\Local\Temp\ccyBLI0S.s:39     .text.big_endian:0000000000000028 .L0 
C:\Users\zero6575\AppData\Local\Temp\ccyBLI0S.s:40     .text.big_endian:0000000000000028 .L0 
C:\Users\zero6575\AppData\Local\Temp\ccyBLI0S.s:42     .text.big_endian:000000000000002a .L0 
C:\Users\zero6575\AppData\Local\Temp\ccyBLI0S.s:44     .text.big_endian:000000000000002c .L0 
C:\Users\zero6575\AppData\Local\Temp\ccyBLI0S.s:47     .text.big_endian:000000000000002c .L0 
                     .debug_frame:0000000000000000 .L0 
C:\Users\zero6575\AppData\Local\Temp\ccyBLI0S.s:129    .debug_abbrev:0000000000000000 .Ldebug_abbrev0
C:\Users\zero6575\AppData\Local\Temp\ccyBLI0S.s:1834   .debug_str:0000000000001bdc .LASF346
C:\Users\zero6575\AppData\Local\Temp\ccyBLI0S.s:1606   .debug_str:0000000000000fb0 .LASF347
C:\Users\zero6575\AppData\Local\Temp\ccyBLI0S.s:1806   .debug_str:00000000000019e4 .LASF348
C:\Users\zero6575\AppData\Local\Temp\ccyBLI0S.s:281    .debug_ranges:0000000000000000 .Ldebug_ranges0
C:\Users\zero6575\AppData\Local\Temp\ccyBLI0S.s:1338   .debug_line:0000000000000000 .Ldebug_line0
C:\Users\zero6575\AppData\Local\Temp\ccyBLI0S.s:287    .debug_macro:0000000000000000 .Ldebug_macro0
C:\Users\zero6575\AppData\Local\Temp\ccyBLI0S.s:1526   .debug_str:0000000000000b2a .LASF349
C:\Users\zero6575\AppData\Local\Temp\ccyBLI0S.s:14     .text.big_endian:0000000000000000 .LFB0
C:\Users\zero6575\AppData\Local\Temp\ccyBLI0S.s:45     .text.big_endian:000000000000002c .LFE0
C:\Users\zero6575\AppData\Local\Temp\ccyBLI0S.s:1468   .debug_str:00000000000007c5 .LASF343
C:\Users\zero6575\AppData\Local\Temp\ccyBLI0S.s:1444   .debug_str:0000000000000626 .LASF344
C:\Users\zero6575\AppData\Local\Temp\ccyBLI0S.s:1866   .debug_str:0000000000001e60 .LASF345
C:\Users\zero6575\AppData\Local\Temp\ccyBLI0S.s:50     .debug_info:0000000000000000 .Ldebug_info0
C:\Users\zero6575\AppData\Local\Temp\ccyBLI0S.s:307    .debug_macro:0000000000000000 .Ldebug_macro2
C:\Users\zero6575\AppData\Local\Temp\ccyBLI0S.s:1872   .debug_str:0000000000001e97 .LASF342
C:\Users\zero6575\AppData\Local\Temp\ccyBLI0S.s:1736   .debug_str:000000000000167c .LASF0
C:\Users\zero6575\AppData\Local\Temp\ccyBLI0S.s:1358   .debug_str:00000000000000dd .LASF1
C:\Users\zero6575\AppData\Local\Temp\ccyBLI0S.s:1906   .debug_str:0000000000002095 .LASF2
C:\Users\zero6575\AppData\Local\Temp\ccyBLI0S.s:1930   .debug_str:00000000000021f1 .LASF3
C:\Users\zero6575\AppData\Local\Temp\ccyBLI0S.s:1422   .debug_str:00000000000004cf .LASF4
C:\Users\zero6575\AppData\Local\Temp\ccyBLI0S.s:1714   .debug_str:000000000000153c .LASF5
C:\Users\zero6575\AppData\Local\Temp\ccyBLI0S.s:1586   .debug_str:0000000000000e96 .LASF6
C:\Users\zero6575\AppData\Local\Temp\ccyBLI0S.s:1668   .debug_str:000000000000130b .LASF7
C:\Users\zero6575\AppData\Local\Temp\ccyBLI0S.s:1830   .debug_str:0000000000001bab .LASF8
C:\Users\zero6575\AppData\Local\Temp\ccyBLI0S.s:1836   .debug_str:0000000000001ca4 .LASF9
C:\Users\zero6575\AppData\Local\Temp\ccyBLI0S.s:1682   .debug_str:00000000000013a3 .LASF10
C:\Users\zero6575\AppData\Local\Temp\ccyBLI0S.s:1746   .debug_str:00000000000016ea .LASF11
C:\Users\zero6575\AppData\Local\Temp\ccyBLI0S.s:1670   .debug_str:0000000000001321 .LASF12
C:\Users\zero6575\AppData\Local\Temp\ccyBLI0S.s:1984   .debug_str:0000000000002541 .LASF13
C:\Users\zero6575\AppData\Local\Temp\ccyBLI0S.s:1926   .debug_str:00000000000021ba .LASF14
C:\Users\zero6575\AppData\Local\Temp\ccyBLI0S.s:1990   .debug_str:000000000000257f .LASF15
C:\Users\zero6575\AppData\Local\Temp\ccyBLI0S.s:1470   .debug_str:00000000000007ce .LASF16
C:\Users\zero6575\AppData\Local\Temp\ccyBLI0S.s:1510   .debug_str:0000000000000a16 .LASF17
C:\Users\zero6575\AppData\Local\Temp\ccyBLI0S.s:2024   .debug_str:000000000000271c .LASF18
C:\Users\zero6575\AppData\Local\Temp\ccyBLI0S.s:1482   .debug_str:000000000000087e .LASF19
C:\Users\zero6575\AppData\Local\Temp\ccyBLI0S.s:1556   .debug_str:0000000000000cc6 .LASF20
C:\Users\zero6575\AppData\Local\Temp\ccyBLI0S.s:1634   .debug_str:0000000000001171 .LASF21
C:\Users\zero6575\AppData\Local\Temp\ccyBLI0S.s:1818   .debug_str:0000000000001ae6 .LASF22
C:\Users\zero6575\AppData\Local\Temp\ccyBLI0S.s:1522   .debug_str:0000000000000b0c .LASF23
C:\Users\zero6575\AppData\Local\Temp\ccyBLI0S.s:1576   .debug_str:0000000000000e00 .LASF24
C:\Users\zero6575\AppData\Local\Temp\ccyBLI0S.s:1352   .debug_str:000000000000009b .LASF25
C:\Users\zero6575\AppData\Local\Temp\ccyBLI0S.s:1758   .debug_str:0000000000001781 .LASF26
C:\Users\zero6575\AppData\Local\Temp\ccyBLI0S.s:1686   .debug_str:00000000000013cf .LASF27
C:\Users\zero6575\AppData\Local\Temp\ccyBLI0S.s:1832   .debug_str:0000000000001bbf .LASF28
C:\Users\zero6575\AppData\Local\Temp\ccyBLI0S.s:1622   .debug_str:00000000000010cf .LASF29
C:\Users\zero6575\AppData\Local\Temp\ccyBLI0S.s:1828   .debug_str:0000000000001b91 .LASF30
C:\Users\zero6575\AppData\Local\Temp\ccyBLI0S.s:1496   .debug_str:0000000000000939 .LASF31
C:\Users\zero6575\AppData\Local\Temp\ccyBLI0S.s:1502   .debug_str:0000000000000992 .LASF32
C:\Users\zero6575\AppData\Local\Temp\ccyBLI0S.s:1360   .debug_str:00000000000000f6 .LASF33
C:\Users\zero6575\AppData\Local\Temp\ccyBLI0S.s:1598   .debug_str:0000000000000f4f .LASF34
C:\Users\zero6575\AppData\Local\Temp\ccyBLI0S.s:1550   .debug_str:0000000000000c79 .LASF35
C:\Users\zero6575\AppData\Local\Temp\ccyBLI0S.s:1986   .debug_str:0000000000002554 .LASF36
C:\Users\zero6575\AppData\Local\Temp\ccyBLI0S.s:1400   .debug_str:0000000000000385 .LASF37
C:\Users\zero6575\AppData\Local\Temp\ccyBLI0S.s:1908   .debug_str:00000000000020a7 .LASF38
C:\Users\zero6575\AppData\Local\Temp\ccyBLI0S.s:1712   .debug_str:0000000000001519 .LASF39
C:\Users\zero6575\AppData\Local\Temp\ccyBLI0S.s:2006   .debug_str:0000000000002630 .LASF40
C:\Users\zero6575\AppData\Local\Temp\ccyBLI0S.s:1804   .debug_str:00000000000019c7 .LASF41
C:\Users\zero6575\AppData\Local\Temp\ccyBLI0S.s:1462   .debug_str:000000000000075d .LASF42
C:\Users\zero6575\AppData\Local\Temp\ccyBLI0S.s:1704   .debug_str:00000000000014bd .LASF43
C:\Users\zero6575\AppData\Local\Temp\ccyBLI0S.s:1720   .debug_str:000000000000157c .LASF44
C:\Users\zero6575\AppData\Local\Temp\ccyBLI0S.s:1460   .debug_str:000000000000074a .LASF45
C:\Users\zero6575\AppData\Local\Temp\ccyBLI0S.s:2014   .debug_str:0000000000002697 .LASF46
C:\Users\zero6575\AppData\Local\Temp\ccyBLI0S.s:1708   .debug_str:00000000000014e8 .LASF47
C:\Users\zero6575\AppData\Local\Temp\ccyBLI0S.s:1932   .debug_str:0000000000002203 .LASF48
C:\Users\zero6575\AppData\Local\Temp\ccyBLI0S.s:1436   .debug_str:00000000000005ac .LASF49
C:\Users\zero6575\AppData\Local\Temp\ccyBLI0S.s:1532   .debug_str:0000000000000b5a .LASF50
C:\Users\zero6575\AppData\Local\Temp\ccyBLI0S.s:1812   .debug_str:0000000000001aa2 .LASF51
C:\Users\zero6575\AppData\Local\Temp\ccyBLI0S.s:1508   .debug_str:00000000000009f7 .LASF52
C:\Users\zero6575\AppData\Local\Temp\ccyBLI0S.s:1534   .debug_str:0000000000000b7c .LASF53
C:\Users\zero6575\AppData\Local\Temp\ccyBLI0S.s:1584   .debug_str:0000000000000e78 .LASF54
C:\Users\zero6575\AppData\Local\Temp\ccyBLI0S.s:2012   .debug_str:0000000000002674 .LASF55
C:\Users\zero6575\AppData\Local\Temp\ccyBLI0S.s:1730   .debug_str:000000000000161b .LASF56
C:\Users\zero6575\AppData\Local\Temp\ccyBLI0S.s:1960   .debug_str:00000000000023f0 .LASF57
C:\Users\zero6575\AppData\Local\Temp\ccyBLI0S.s:1574   .debug_str:0000000000000dd8 .LASF58
C:\Users\zero6575\AppData\Local\Temp\ccyBLI0S.s:1514   .debug_str:0000000000000a53 .LASF59
C:\Users\zero6575\AppData\Local\Temp\ccyBLI0S.s:1994   .debug_str:00000000000025b1 .LASF60
C:\Users\zero6575\AppData\Local\Temp\ccyBLI0S.s:1962   .debug_str:0000000000002413 .LASF61
C:\Users\zero6575\AppData\Local\Temp\ccyBLI0S.s:1566   .debug_str:0000000000000d84 .LASF62
C:\Users\zero6575\AppData\Local\Temp\ccyBLI0S.s:1910   .debug_str:00000000000020c0 .LASF63
C:\Users\zero6575\AppData\Local\Temp\ccyBLI0S.s:1964   .debug_str:000000000000242b .LASF64
C:\Users\zero6575\AppData\Local\Temp\ccyBLI0S.s:1688   .debug_str:00000000000013e8 .LASF65
C:\Users\zero6575\AppData\Local\Temp\ccyBLI0S.s:1494   .debug_str:0000000000000912 .LASF66
C:\Users\zero6575\AppData\Local\Temp\ccyBLI0S.s:1624   .debug_str:00000000000010e9 .LASF67
C:\Users\zero6575\AppData\Local\Temp\ccyBLI0S.s:1732   .debug_str:0000000000001644 .LASF68
C:\Users\zero6575\AppData\Local\Temp\ccyBLI0S.s:1918   .debug_str:000000000000211e .LASF69
C:\Users\zero6575\AppData\Local\Temp\ccyBLI0S.s:1512   .debug_str:0000000000000a21 .LASF70
C:\Users\zero6575\AppData\Local\Temp\ccyBLI0S.s:1946   .debug_str:0000000000002303 .LASF71
C:\Users\zero6575\AppData\Local\Temp\ccyBLI0S.s:1664   .debug_str:00000000000012d0 .LASF72
C:\Users\zero6575\AppData\Local\Temp\ccyBLI0S.s:1816   .debug_str:0000000000001ad2 .LASF73
C:\Users\zero6575\AppData\Local\Temp\ccyBLI0S.s:1658   .debug_str:0000000000001282 .LASF74
C:\Users\zero6575\AppData\Local\Temp\ccyBLI0S.s:1810   .debug_str:0000000000001a81 .LASF75
C:\Users\zero6575\AppData\Local\Temp\ccyBLI0S.s:1596   .debug_str:0000000000000f28 .LASF76
C:\Users\zero6575\AppData\Local\Temp\ccyBLI0S.s:1822   .debug_str:0000000000001b1e .LASF77
C:\Users\zero6575\AppData\Local\Temp\ccyBLI0S.s:1794   .debug_str:0000000000001941 .LASF78
C:\Users\zero6575\AppData\Local\Temp\ccyBLI0S.s:1840   .debug_str:0000000000001cc6 .LASF79
C:\Users\zero6575\AppData\Local\Temp\ccyBLI0S.s:1424   .debug_str:00000000000004e1 .LASF80
C:\Users\zero6575\AppData\Local\Temp\ccyBLI0S.s:1860   .debug_str:0000000000001e05 .LASF81
C:\Users\zero6575\AppData\Local\Temp\ccyBLI0S.s:1614   .debug_str:0000000000001043 .LASF82
C:\Users\zero6575\AppData\Local\Temp\ccyBLI0S.s:1442   .debug_str:0000000000000614 .LASF83
C:\Users\zero6575\AppData\Local\Temp\ccyBLI0S.s:1456   .debug_str:0000000000000723 .LASF84
C:\Users\zero6575\AppData\Local\Temp\ccyBLI0S.s:1706   .debug_str:00000000000014d7 .LASF85
C:\Users\zero6575\AppData\Local\Temp\ccyBLI0S.s:1788   .debug_str:0000000000001903 .LASF86
C:\Users\zero6575\AppData\Local\Temp\ccyBLI0S.s:1892   .debug_str:0000000000001f61 .LASF87
C:\Users\zero6575\AppData\Local\Temp\ccyBLI0S.s:1364   .debug_str:0000000000000126 .LASF88
C:\Users\zero6575\AppData\Local\Temp\ccyBLI0S.s:1530   .debug_str:0000000000000b48 .LASF89
C:\Users\zero6575\AppData\Local\Temp\ccyBLI0S.s:1578   .debug_str:0000000000000e1a .LASF90
C:\Users\zero6575\AppData\Local\Temp\ccyBLI0S.s:1790   .debug_str:0000000000001915 .LASF91
C:\Users\zero6575\AppData\Local\Temp\ccyBLI0S.s:1744   .debug_str:00000000000016c7 .LASF92
C:\Users\zero6575\AppData\Local\Temp\ccyBLI0S.s:1544   .debug_str:0000000000000c2d .LASF93
C:\Users\zero6575\AppData\Local\Temp\ccyBLI0S.s:1970   .debug_str:0000000000002468 .LASF94
C:\Users\zero6575\AppData\Local\Temp\ccyBLI0S.s:1898   .debug_str:0000000000001ff9 .LASF95
C:\Users\zero6575\AppData\Local\Temp\ccyBLI0S.s:1710   .debug_str:0000000000001505 .LASF96
C:\Users\zero6575\AppData\Local\Temp\ccyBLI0S.s:1864   .debug_str:0000000000001e42 .LASF97
C:\Users\zero6575\AppData\Local\Temp\ccyBLI0S.s:1952   .debug_str:0000000000002353 .LASF98
C:\Users\zero6575\AppData\Local\Temp\ccyBLI0S.s:1884   .debug_str:0000000000001f0a .LASF99
C:\Users\zero6575\AppData\Local\Temp\ccyBLI0S.s:1978   .debug_str:00000000000024ff .LASF100
C:\Users\zero6575\AppData\Local\Temp\ccyBLI0S.s:1696   .debug_str:0000000000001455 .LASF101
C:\Users\zero6575\AppData\Local\Temp\ccyBLI0S.s:1770   .debug_str:000000000000182c .LASF102
C:\Users\zero6575\AppData\Local\Temp\ccyBLI0S.s:1854   .debug_str:0000000000001dbf .LASF103
C:\Users\zero6575\AppData\Local\Temp\ccyBLI0S.s:1528   .debug_str:0000000000000b35 .LASF104
C:\Users\zero6575\AppData\Local\Temp\ccyBLI0S.s:1490   .debug_str:00000000000008e1 .LASF105
C:\Users\zero6575\AppData\Local\Temp\ccyBLI0S.s:2020   .debug_str:00000000000026e5 .LASF106
C:\Users\zero6575\AppData\Local\Temp\ccyBLI0S.s:1928   .debug_str:00000000000021cd .LASF107
C:\Users\zero6575\AppData\Local\Temp\ccyBLI0S.s:2026   .debug_str:000000000000272d .LASF108
C:\Users\zero6575\AppData\Local\Temp\ccyBLI0S.s:1580   .debug_str:0000000000000e2f .LASF109
C:\Users\zero6575\AppData\Local\Temp\ccyBLI0S.s:1728   .debug_str:0000000000001604 .LASF110
C:\Users\zero6575\AppData\Local\Temp\ccyBLI0S.s:1784   .debug_str:00000000000018d1 .LASF111
C:\Users\zero6575\AppData\Local\Temp\ccyBLI0S.s:1644   .debug_str:00000000000011e9 .LASF112
C:\Users\zero6575\AppData\Local\Temp\ccyBLI0S.s:1472   .debug_str:00000000000007d6 .LASF113
C:\Users\zero6575\AppData\Local\Temp\ccyBLI0S.s:1752   .debug_str:000000000000172f .LASF114
C:\Users\zero6575\AppData\Local\Temp\ccyBLI0S.s:1412   .debug_str:0000000000000415 .LASF115
C:\Users\zero6575\AppData\Local\Temp\ccyBLI0S.s:1396   .debug_str:0000000000000347 .LASF116
C:\Users\zero6575\AppData\Local\Temp\ccyBLI0S.s:1666   .debug_str:00000000000012e3 .LASF117
C:\Users\zero6575\AppData\Local\Temp\ccyBLI0S.s:1564   .debug_str:0000000000000d70 .LASF118
C:\Users\zero6575\AppData\Local\Temp\ccyBLI0S.s:2016   .debug_str:00000000000026af .LASF119
C:\Users\zero6575\AppData\Local\Temp\ccyBLI0S.s:1690   .debug_str:000000000000140a .LASF120
C:\Users\zero6575\AppData\Local\Temp\ccyBLI0S.s:2008   .debug_str:0000000000002653 .LASF121
C:\Users\zero6575\AppData\Local\Temp\ccyBLI0S.s:1504   .debug_str:00000000000009bf .LASF122
C:\Users\zero6575\AppData\Local\Temp\ccyBLI0S.s:1814   .debug_str:0000000000001ac2 .LASF123
C:\Users\zero6575\AppData\Local\Temp\ccyBLI0S.s:1350   .debug_str:000000000000007a .LASF124
C:\Users\zero6575\AppData\Local\Temp\ccyBLI0S.s:1936   .debug_str:0000000000002241 .LASF125
C:\Users\zero6575\AppData\Local\Temp\ccyBLI0S.s:1616   .debug_str:0000000000001065 .LASF126
C:\Users\zero6575\AppData\Local\Temp\ccyBLI0S.s:1404   .debug_str:00000000000003b0 .LASF127
C:\Users\zero6575\AppData\Local\Temp\ccyBLI0S.s:2018   .debug_str:00000000000026c8 .LASF128
C:\Users\zero6575\AppData\Local\Temp\ccyBLI0S.s:1982   .debug_str:000000000000252a .LASF129
C:\Users\zero6575\AppData\Local\Temp\ccyBLI0S.s:1948   .debug_str:000000000000231a .LASF130
C:\Users\zero6575\AppData\Local\Temp\ccyBLI0S.s:1602   .debug_str:0000000000000f82 .LASF131
C:\Users\zero6575\AppData\Local\Temp\ccyBLI0S.s:1922   .debug_str:0000000000002187 .LASF132
C:\Users\zero6575\AppData\Local\Temp\ccyBLI0S.s:1344   .debug_str:0000000000000036 .LASF133
C:\Users\zero6575\AppData\Local\Temp\ccyBLI0S.s:1618   .debug_str:000000000000108f .LASF134
C:\Users\zero6575\AppData\Local\Temp\ccyBLI0S.s:1954   .debug_str:0000000000002380 .LASF135
C:\Users\zero6575\AppData\Local\Temp\ccyBLI0S.s:1340   .debug_str:0000000000000000 .LASF136
C:\Users\zero6575\AppData\Local\Temp\ccyBLI0S.s:1488   .debug_str:00000000000008c1 .LASF137
C:\Users\zero6575\AppData\Local\Temp\ccyBLI0S.s:1904   .debug_str:0000000000002075 .LASF138
C:\Users\zero6575\AppData\Local\Temp\ccyBLI0S.s:1374   .debug_str:00000000000001c5 .LASF139
C:\Users\zero6575\AppData\Local\Temp\ccyBLI0S.s:1516   .debug_str:0000000000000a6a .LASF140
C:\Users\zero6575\AppData\Local\Temp\ccyBLI0S.s:1826   .debug_str:0000000000001b7d .LASF141
C:\Users\zero6575\AppData\Local\Temp\ccyBLI0S.s:1398   .debug_str:0000000000000360 .LASF142
C:\Users\zero6575\AppData\Local\Temp\ccyBLI0S.s:1844   .debug_str:0000000000001cf4 .LASF143
C:\Users\zero6575\AppData\Local\Temp\ccyBLI0S.s:1742   .debug_str:00000000000016af .LASF144
C:\Users\zero6575\AppData\Local\Temp\ccyBLI0S.s:1888   .debug_str:0000000000001f32 .LASF145
C:\Users\zero6575\AppData\Local\Temp\ccyBLI0S.s:1426   .debug_str:00000000000004f1 .LASF146
C:\Users\zero6575\AppData\Local\Temp\ccyBLI0S.s:1592   .debug_str:0000000000000ef6 .LASF147
C:\Users\zero6575\AppData\Local\Temp\ccyBLI0S.s:1876   .debug_str:0000000000001eb8 .LASF148
C:\Users\zero6575\AppData\Local\Temp\ccyBLI0S.s:2038   .debug_str:00000000000027c4 .LASF149
C:\Users\zero6575\AppData\Local\Temp\ccyBLI0S.s:1558   .debug_str:0000000000000cdd .LASF150
C:\Users\zero6575\AppData\Local\Temp\ccyBLI0S.s:1610   .debug_str:0000000000000fee .LASF151
C:\Users\zero6575\AppData\Local\Temp\ccyBLI0S.s:1980   .debug_str:0000000000002511 .LASF152
C:\Users\zero6575\AppData\Local\Temp\ccyBLI0S.s:1648   .debug_str:0000000000001212 .LASF153
C:\Users\zero6575\AppData\Local\Temp\ccyBLI0S.s:1568   .debug_str:0000000000000da1 .LASF154
C:\Users\zero6575\AppData\Local\Temp\ccyBLI0S.s:1680   .debug_str:000000000000138d .LASF155
C:\Users\zero6575\AppData\Local\Temp\ccyBLI0S.s:1760   .debug_str:0000000000001790 .LASF156
C:\Users\zero6575\AppData\Local\Temp\ccyBLI0S.s:1636   .debug_str:0000000000001184 .LASF157
C:\Users\zero6575\AppData\Local\Temp\ccyBLI0S.s:1466   .debug_str:000000000000078b .LASF158
C:\Users\zero6575\AppData\Local\Temp\ccyBLI0S.s:1518   .debug_str:0000000000000a8d .LASF159
C:\Users\zero6575\AppData\Local\Temp\ccyBLI0S.s:1484   .debug_str:0000000000000890 .LASF160
C:\Users\zero6575\AppData\Local\Temp\ccyBLI0S.s:1882   .debug_str:0000000000001ef3 .LASF161
C:\Users\zero6575\AppData\Local\Temp\ccyBLI0S.s:1608   .debug_str:0000000000000fd6 .LASF162
C:\Users\zero6575\AppData\Local\Temp\ccyBLI0S.s:1446   .debug_str:0000000000000638 .LASF163
C:\Users\zero6575\AppData\Local\Temp\ccyBLI0S.s:1678   .debug_str:000000000000137e .LASF164
C:\Users\zero6575\AppData\Local\Temp\ccyBLI0S.s:1782   .debug_str:00000000000018b9 .LASF165
C:\Users\zero6575\AppData\Local\Temp\ccyBLI0S.s:2032   .debug_str:000000000000277a .LASF166
C:\Users\zero6575\AppData\Local\Temp\ccyBLI0S.s:1734   .debug_str:0000000000001667 .LASF167
C:\Users\zero6575\AppData\Local\Temp\ccyBLI0S.s:1390   .debug_str:00000000000002ba .LASF168
C:\Users\zero6575\AppData\Local\Temp\ccyBLI0S.s:1676   .debug_str:0000000000001367 .LASF169
C:\Users\zero6575\AppData\Local\Temp\ccyBLI0S.s:1974   .debug_str:00000000000024ab .LASF170
C:\Users\zero6575\AppData\Local\Temp\ccyBLI0S.s:1372   .debug_str:0000000000000183 .LASF171
C:\Users\zero6575\AppData\Local\Temp\ccyBLI0S.s:1428   .debug_str:0000000000000512 .LASF172
C:\Users\zero6575\AppData\Local\Temp\ccyBLI0S.s:1562   .debug_str:0000000000000d27 .LASF173
C:\Users\zero6575\AppData\Local\Temp\ccyBLI0S.s:1652   .debug_str:000000000000123a .LASF174
C:\Users\zero6575\AppData\Local\Temp\ccyBLI0S.s:1406   .debug_str:00000000000003c6 .LASF175
C:\Users\zero6575\AppData\Local\Temp\ccyBLI0S.s:1452   .debug_str:00000000000006cc .LASF176
C:\Users\zero6575\AppData\Local\Temp\ccyBLI0S.s:1382   .debug_str:0000000000000239 .LASF177
C:\Users\zero6575\AppData\Local\Temp\ccyBLI0S.s:1402   .debug_str:00000000000003a0 .LASF178
C:\Users\zero6575\AppData\Local\Temp\ccyBLI0S.s:1554   .debug_str:0000000000000cac .LASF179
C:\Users\zero6575\AppData\Local\Temp\ccyBLI0S.s:1626   .debug_str:0000000000001102 .LASF180
C:\Users\zero6575\AppData\Local\Temp\ccyBLI0S.s:1800   .debug_str:000000000000199e .LASF181
C:\Users\zero6575\AppData\Local\Temp\ccyBLI0S.s:1380   .debug_str:0000000000000220 .LASF182
C:\Users\zero6575\AppData\Local\Temp\ccyBLI0S.s:1600   .debug_str:0000000000000f6f .LASF183
C:\Users\zero6575\AppData\Local\Temp\ccyBLI0S.s:1988   .debug_str:0000000000002567 .LASF184
C:\Users\zero6575\AppData\Local\Temp\ccyBLI0S.s:1476   .debug_str:0000000000000813 .LASF185
C:\Users\zero6575\AppData\Local\Temp\ccyBLI0S.s:1394   .debug_str:000000000000030d .LASF186
C:\Users\zero6575\AppData\Local\Temp\ccyBLI0S.s:1560   .debug_str:0000000000000ceb .LASF187
C:\Users\zero6575\AppData\Local\Temp\ccyBLI0S.s:1520   .debug_str:0000000000000acb .LASF188
C:\Users\zero6575\AppData\Local\Temp\ccyBLI0S.s:1914   .debug_str:00000000000020ee .LASF189
C:\Users\zero6575\AppData\Local\Temp\ccyBLI0S.s:1480   .debug_str:0000000000000866 .LASF190
C:\Users\zero6575\AppData\Local\Temp\ccyBLI0S.s:1862   .debug_str:0000000000001e29 .LASF191
C:\Users\zero6575\AppData\Local\Temp\ccyBLI0S.s:1604   .debug_str:0000000000000f9a .LASF192
C:\Users\zero6575\AppData\Local\Temp\ccyBLI0S.s:1346   .debug_str:000000000000004e .LASF193
C:\Users\zero6575\AppData\Local\Temp\ccyBLI0S.s:2002   .debug_str:000000000000260d .LASF194
C:\Users\zero6575\AppData\Local\Temp\ccyBLI0S.s:1672   .debug_str:0000000000001334 .LASF195
C:\Users\zero6575\AppData\Local\Temp\ccyBLI0S.s:1536   .debug_str:0000000000000b95 .LASF196
C:\Users\zero6575\AppData\Local\Temp\ccyBLI0S.s:1630   .debug_str:000000000000113f .LASF197
C:\Users\zero6575\AppData\Local\Temp\ccyBLI0S.s:1750   .debug_str:0000000000001717 .LASF198
C:\Users\zero6575\AppData\Local\Temp\ccyBLI0S.s:1808   .debug_str:0000000000001a46 .LASF199
C:\Users\zero6575\AppData\Local\Temp\ccyBLI0S.s:1582   .debug_str:0000000000000e3d .LASF200
C:\Users\zero6575\AppData\Local\Temp\ccyBLI0S.s:1448   .debug_str:000000000000064c .LASF201
C:\Users\zero6575\AppData\Local\Temp\ccyBLI0S.s:1450   .debug_str:000000000000068a .LASF202
C:\Users\zero6575\AppData\Local\Temp\ccyBLI0S.s:1874   .debug_str:0000000000001ea1 .LASF203
C:\Users\zero6575\AppData\Local\Temp\ccyBLI0S.s:1478   .debug_str:000000000000084d .LASF204
C:\Users\zero6575\AppData\Local\Temp\ccyBLI0S.s:1940   .debug_str:0000000000002283 .LASF205
C:\Users\zero6575\AppData\Local\Temp\ccyBLI0S.s:1880   .debug_str:0000000000001edd .LASF206
C:\Users\zero6575\AppData\Local\Temp\ccyBLI0S.s:1966   .debug_str:000000000000244d .LASF207
C:\Users\zero6575\AppData\Local\Temp\ccyBLI0S.s:1916   .debug_str:0000000000002104 .LASF208
C:\Users\zero6575\AppData\Local\Temp\ccyBLI0S.s:1774   .debug_str:0000000000001853 .LASF209
C:\Users\zero6575\AppData\Local\Temp\ccyBLI0S.s:1538   .debug_str:0000000000000bab .LASF210
C:\Users\zero6575\AppData\Local\Temp\ccyBLI0S.s:2036   .debug_str:00000000000027ab .LASF211
C:\Users\zero6575\AppData\Local\Temp\ccyBLI0S.s:1890   .debug_str:0000000000001f48 .LASF212
C:\Users\zero6575\AppData\Local\Temp\ccyBLI0S.s:1384   .debug_str:000000000000024f .LASF213
C:\Users\zero6575\AppData\Local\Temp\ccyBLI0S.s:1392   .debug_str:00000000000002d1 .LASF214
C:\Users\zero6575\AppData\Local\Temp\ccyBLI0S.s:1454   .debug_str:00000000000006e4 .LASF215
C:\Users\zero6575\AppData\Local\Temp\ccyBLI0S.s:1894   .debug_str:0000000000001f78 .LASF216
C:\Users\zero6575\AppData\Local\Temp\ccyBLI0S.s:1342   .debug_str:000000000000001f .LASF217
C:\Users\zero6575\AppData\Local\Temp\ccyBLI0S.s:1640   .debug_str:00000000000011c1 .LASF218
C:\Users\zero6575\AppData\Local\Temp\ccyBLI0S.s:1438   .debug_str:00000000000005c9 .LASF219
C:\Users\zero6575\AppData\Local\Temp\ccyBLI0S.s:1870   .debug_str:0000000000001e7f .LASF220
C:\Users\zero6575\AppData\Local\Temp\ccyBLI0S.s:2010   .debug_str:0000000000002662 .LASF221
C:\Users\zero6575\AppData\Local\Temp\ccyBLI0S.s:1486   .debug_str:00000000000008a5 .LASF222
C:\Users\zero6575\AppData\Local\Temp\ccyBLI0S.s:1656   .debug_str:0000000000001264 .LASF223
C:\Users\zero6575\AppData\Local\Temp\ccyBLI0S.s:1702   .debug_str:00000000000014a4 .LASF224
C:\Users\zero6575\AppData\Local\Temp\ccyBLI0S.s:1992   .debug_str:0000000000002596 .LASF225
C:\Users\zero6575\AppData\Local\Temp\ccyBLI0S.s:1792   .debug_str:0000000000001927 .LASF226
C:\Users\zero6575\AppData\Local\Temp\ccyBLI0S.s:1944   .debug_str:00000000000022c4 .LASF227
C:\Users\zero6575\AppData\Local\Temp\ccyBLI0S.s:1958   .debug_str:00000000000023b1 .LASF228
C:\Users\zero6575\AppData\Local\Temp\ccyBLI0S.s:1416   .debug_str:0000000000000465 .LASF229
C:\Users\zero6575\AppData\Local\Temp\ccyBLI0S.s:1824   .debug_str:0000000000001b37 .LASF230
C:\Users\zero6575\AppData\Local\Temp\ccyBLI0S.s:1660   .debug_str:0000000000001299 .LASF231
C:\Users\zero6575\AppData\Local\Temp\ccyBLI0S.s:1632   .debug_str:0000000000001157 .LASF232
C:\Users\zero6575\AppData\Local\Temp\ccyBLI0S.s:1408   .debug_str:00000000000003dd .LASF233
C:\Users\zero6575\AppData\Local\Temp\ccyBLI0S.s:1738   .debug_str:0000000000001687 .LASF234
C:\Users\zero6575\AppData\Local\Temp\ccyBLI0S.s:1802   .debug_str:00000000000019b5 .LASF235
C:\Users\zero6575\AppData\Local\Temp\ccyBLI0S.s:1500   .debug_str:0000000000000977 .LASF236
C:\Users\zero6575\AppData\Local\Temp\ccyBLI0S.s:1410   .debug_str:00000000000003f8 .LASF237
C:\Users\zero6575\AppData\Local\Temp\ccyBLI0S.s:1378   .debug_str:0000000000000208 .LASF238
C:\Users\zero6575\AppData\Local\Temp\ccyBLI0S.s:1692   .debug_str:0000000000001423 .LASF239
C:\Users\zero6575\AppData\Local\Temp\ccyBLI0S.s:1764   .debug_str:00000000000017dc .LASF240
C:\Users\zero6575\AppData\Local\Temp\ccyBLI0S.s:1896   .debug_str:0000000000001fbb .LASF241
C:\Users\zero6575\AppData\Local\Temp\ccyBLI0S.s:1612   .debug_str:0000000000001005 .LASF242
C:\Users\zero6575\AppData\Local\Temp\ccyBLI0S.s:1414   .debug_str:0000000000000424 .LASF243
C:\Users\zero6575\AppData\Local\Temp\ccyBLI0S.s:1850   .debug_str:0000000000001d62 .LASF244
C:\Users\zero6575\AppData\Local\Temp\ccyBLI0S.s:1354   .debug_str:00000000000000af .LASF245
C:\Users\zero6575\AppData\Local\Temp\ccyBLI0S.s:1868   .debug_str:0000000000001e65 .LASF246
C:\Users\zero6575\AppData\Local\Temp\ccyBLI0S.s:1386   .debug_str:000000000000028b .LASF247
C:\Users\zero6575\AppData\Local\Temp\ccyBLI0S.s:1852   .debug_str:0000000000001da7 .LASF248
C:\Users\zero6575\AppData\Local\Temp\ccyBLI0S.s:1976   .debug_str:00000000000024ed .LASF249
C:\Users\zero6575\AppData\Local\Temp\ccyBLI0S.s:1348   .debug_str:000000000000005e .LASF250
C:\Users\zero6575\AppData\Local\Temp\ccyBLI0S.s:1430   .debug_str:0000000000000557 .LASF251
C:\Users\zero6575\AppData\Local\Temp\ccyBLI0S.s:1552   .debug_str:0000000000000c93 .LASF252
C:\Users\zero6575\AppData\Local\Temp\ccyBLI0S.s:1934   .debug_str:0000000000002226 .LASF253
C:\Users\zero6575\AppData\Local\Temp\ccyBLI0S.s:1376   .debug_str:00000000000001ee .LASF254
C:\Users\zero6575\AppData\Local\Temp\ccyBLI0S.s:1900   .debug_str:0000000000002010 .LASF255
C:\Users\zero6575\AppData\Local\Temp\ccyBLI0S.s:1588   .debug_str:0000000000000ea7 .LASF256
C:\Users\zero6575\AppData\Local\Temp\ccyBLI0S.s:1920   .debug_str:0000000000002146 .LASF257
C:\Users\zero6575\AppData\Local\Temp\ccyBLI0S.s:1540   .debug_str:0000000000000bc2 .LASF258
C:\Users\zero6575\AppData\Local\Temp\ccyBLI0S.s:1418   .debug_str:00000000000004a6 .LASF259
C:\Users\zero6575\AppData\Local\Temp\ccyBLI0S.s:1646   .debug_str:00000000000011f8 .LASF260
C:\Users\zero6575\AppData\Local\Temp\ccyBLI0S.s:1492   .debug_str:00000000000008f7 .LASF261
C:\Users\zero6575\AppData\Local\Temp\ccyBLI0S.s:1842   .debug_str:0000000000001cdf .LASF262
C:\Users\zero6575\AppData\Local\Temp\ccyBLI0S.s:1768   .debug_str:0000000000001814 .LASF263
C:\Users\zero6575\AppData\Local\Temp\ccyBLI0S.s:1458   .debug_str:0000000000000735 .LASF264
C:\Users\zero6575\AppData\Local\Temp\ccyBLI0S.s:1756   .debug_str:000000000000176b .LASF265
C:\Users\zero6575\AppData\Local\Temp\ccyBLI0S.s:1594   .debug_str:0000000000000f0c .LASF266
C:\Users\zero6575\AppData\Local\Temp\ccyBLI0S.s:1956   .debug_str:0000000000002398 .LASF267
C:\Users\zero6575\AppData\Local\Temp\ccyBLI0S.s:1942   .debug_str:000000000000229d .LASF268
C:\Users\zero6575\AppData\Local\Temp\ccyBLI0S.s:1368   .debug_str:0000000000000154 .LASF269
C:\Users\zero6575\AppData\Local\Temp\ccyBLI0S.s:1370   .debug_str:000000000000016a .LASF270
C:\Users\zero6575\AppData\Local\Temp\ccyBLI0S.s:1464   .debug_str:0000000000000775 .LASF271
C:\Users\zero6575\AppData\Local\Temp\ccyBLI0S.s:2030   .debug_str:0000000000002763 .LASF272
C:\Users\zero6575\AppData\Local\Temp\ccyBLI0S.s:1902   .debug_str:000000000000204f .LASF273
C:\Users\zero6575\AppData\Local\Temp\ccyBLI0S.s:1748   .debug_str:00000000000016fd .LASF274
C:\Users\zero6575\AppData\Local\Temp\ccyBLI0S.s:1440   .debug_str:00000000000005e3 .LASF275
C:\Users\zero6575\AppData\Local\Temp\ccyBLI0S.s:1786   .debug_str:00000000000018ec .LASF276
C:\Users\zero6575\AppData\Local\Temp\ccyBLI0S.s:1366   .debug_str:0000000000000139 .LASF277
C:\Users\zero6575\AppData\Local\Temp\ccyBLI0S.s:1694   .debug_str:000000000000143d .LASF278
C:\Users\zero6575\AppData\Local\Temp\ccyBLI0S.s:1684   .debug_str:00000000000013b6 .LASF279
C:\Users\zero6575\AppData\Local\Temp\ccyBLI0S.s:1726   .debug_str:00000000000015ca .LASF280
C:\Users\zero6575\AppData\Local\Temp\ccyBLI0S.s:1362   .debug_str:000000000000010b .LASF281
C:\Users\zero6575\AppData\Local\Temp\ccyBLI0S.s:1848   .debug_str:0000000000001d1d .LASF282
C:\Users\zero6575\AppData\Local\Temp\ccyBLI0S.s:1924   .debug_str:00000000000021a5 .LASF283
C:\Users\zero6575\AppData\Local\Temp\ccyBLI0S.s:1998   .debug_str:00000000000025df .LASF284
C:\Users\zero6575\AppData\Local\Temp\ccyBLI0S.s:2034   .debug_str:0000000000002794 .LASF285
C:\Users\zero6575\AppData\Local\Temp\ccyBLI0S.s:1570   .debug_str:0000000000000db7 .LASF286
C:\Users\zero6575\AppData\Local\Temp\ccyBLI0S.s:1698   .debug_str:000000000000146a .LASF287
C:\Users\zero6575\AppData\Local\Temp\ccyBLI0S.s:1820   .debug_str:0000000000001af9 .LASF288
C:\Users\zero6575\AppData\Local\Temp\ccyBLI0S.s:2028   .debug_str:0000000000002745 .LASF289
C:\Users\zero6575\AppData\Local\Temp\ccyBLI0S.s:1766   .debug_str:00000000000017f6 .LASF290
C:\Users\zero6575\AppData\Local\Temp\ccyBLI0S.s:1796   .debug_str:0000000000001964 .LASF291
C:\Users\zero6575\AppData\Local\Temp\ccyBLI0S.s:1546   .debug_str:0000000000000c42 .LASF292
C:\Users\zero6575\AppData\Local\Temp\ccyBLI0S.s:1434   .debug_str:000000000000058b .LASF293
C:\Users\zero6575\AppData\Local\Temp\ccyBLI0S.s:1718   .debug_str:000000000000155d .LASF294
C:\Users\zero6575\AppData\Local\Temp\ccyBLI0S.s:1754   .debug_str:000000000000174e .LASF295
C:\Users\zero6575\AppData\Local\Temp\ccyBLI0S.s:1972   .debug_str:000000000000248d .LASF296
C:\Users\zero6575\AppData\Local\Temp\ccyBLI0S.s:1662   .debug_str:00000000000012b1 .LASF297
C:\Users\zero6575\AppData\Local\Temp\ccyBLI0S.s:1474   .debug_str:00000000000007ef .LASF298
C:\Users\zero6575\AppData\Local\Temp\ccyBLI0S.s:1628   .debug_str:000000000000111e .LASF299
C:\Users\zero6575\AppData\Local\Temp\ccyBLI0S.s:2022   .debug_str:0000000000002700 .LASF300
C:\Users\zero6575\AppData\Local\Temp\ccyBLI0S.s:1506   .debug_str:00000000000009db .LASF301
C:\Users\zero6575\AppData\Local\Temp\ccyBLI0S.s:1548   .debug_str:0000000000000c64 .LASF302
C:\Users\zero6575\AppData\Local\Temp\ccyBLI0S.s:1762   .debug_str:00000000000017c7 .LASF303
C:\Users\zero6575\AppData\Local\Temp\ccyBLI0S.s:1388   .debug_str:00000000000002a6 .LASF304
C:\Users\zero6575\AppData\Local\Temp\ccyBLI0S.s:1498   .debug_str:0000000000000960 .LASF305
C:\Users\zero6575\AppData\Local\Temp\ccyBLI0S.s:1968   .debug_str:000000000000245e .LASF306
C:\Users\zero6575\AppData\Local\Temp\ccyBLI0S.s:1700   .debug_str:000000000000148f .LASF307
C:\Users\zero6575\AppData\Local\Temp\ccyBLI0S.s:1420   .debug_str:00000000000004be .LASF308
C:\Users\zero6575\AppData\Local\Temp\ccyBLI0S.s:1856   .debug_str:0000000000001de1 .LASF309
C:\Users\zero6575\AppData\Local\Temp\ccyBLI0S.s:1772   .debug_str:0000000000001845 .LASF310
C:\Users\zero6575\AppData\Local\Temp\ccyBLI0S.s:1740   .debug_str:000000000000169e .LASF311
C:\Users\zero6575\AppData\Local\Temp\ccyBLI0S.s:1590   .debug_str:0000000000000ee6 .LASF312
C:\Users\zero6575\AppData\Local\Temp\ccyBLI0S.s:1620   .debug_str:00000000000010b6 .LASF313
C:\Users\zero6575\AppData\Local\Temp\ccyBLI0S.s:1798   .debug_str:0000000000001986 .LASF314
C:\Users\zero6575\AppData\Local\Temp\ccyBLI0S.s:2004   .debug_str:0000000000002626 .LASF315
C:\Users\zero6575\AppData\Local\Temp\ccyBLI0S.s:1638   .debug_str:00000000000011bb .LASF316
C:\Users\zero6575\AppData\Local\Temp\ccyBLI0S.s:1654   .debug_str:000000000000124f .LASF317
C:\Users\zero6575\AppData\Local\Temp\ccyBLI0S.s:1356   .debug_str:00000000000000c7 .LASF318
C:\Users\zero6575\AppData\Local\Temp\ccyBLI0S.s:1716   .debug_str:0000000000001547 .LASF319
C:\Users\zero6575\AppData\Local\Temp\ccyBLI0S.s:1846   .debug_str:0000000000001d04 .LASF320
C:\Users\zero6575\AppData\Local\Temp\ccyBLI0S.s:1722   .debug_str:0000000000001595 .LASF321
C:\Users\zero6575\AppData\Local\Temp\ccyBLI0S.s:1524   .debug_str:0000000000000b20 .LASF322
C:\Users\zero6575\AppData\Local\Temp\ccyBLI0S.s:1724   .debug_str:00000000000015b7 .LASF323
C:\Users\zero6575\AppData\Local\Temp\ccyBLI0S.s:1878   .debug_str:0000000000001ec8 .LASF324
C:\Users\zero6575\AppData\Local\Temp\ccyBLI0S.s:1938   .debug_str:0000000000002256 .LASF325
C:\Users\zero6575\AppData\Local\Temp\ccyBLI0S.s:1542   .debug_str:0000000000000c08 .LASF326
C:\Users\zero6575\AppData\Local\Temp\ccyBLI0S.s:1996   .debug_str:00000000000025c9 .LASF327
C:\Users\zero6575\AppData\Local\Temp\ccyBLI0S.s:1776   .debug_str:000000000000186f .LASF328
C:\Users\zero6575\AppData\Local\Temp\ccyBLI0S.s:1858   .debug_str:0000000000001def .LASF329
C:\Users\zero6575\AppData\Local\Temp\ccyBLI0S.s:1650   .debug_str:0000000000001226 .LASF330
C:\Users\zero6575\AppData\Local\Temp\ccyBLI0S.s:1572   .debug_str:0000000000000dc7 .LASF331
C:\Users\zero6575\AppData\Local\Temp\ccyBLI0S.s:1674   .debug_str:000000000000134f .LASF332
C:\Users\zero6575\AppData\Local\Temp\ccyBLI0S.s:1912   .debug_str:00000000000020e1 .LASF333
C:\Users\zero6575\AppData\Local\Temp\ccyBLI0S.s:1642   .debug_str:00000000000011da .LASF334
C:\Users\zero6575\AppData\Local\Temp\ccyBLI0S.s:1886   .debug_str:0000000000001f22 .LASF335
C:\Users\zero6575\AppData\Local\Temp\ccyBLI0S.s:1778   .debug_str:0000000000001884 .LASF336
C:\Users\zero6575\AppData\Local\Temp\ccyBLI0S.s:1780   .debug_str:000000000000189e .LASF337
C:\Users\zero6575\AppData\Local\Temp\ccyBLI0S.s:1950   .debug_str:0000000000002338 .LASF338
C:\Users\zero6575\AppData\Local\Temp\ccyBLI0S.s:1432   .debug_str:0000000000000575 .LASF339
C:\Users\zero6575\AppData\Local\Temp\ccyBLI0S.s:1838   .debug_str:0000000000001cb7 .LASF340
C:\Users\zero6575\AppData\Local\Temp\ccyBLI0S.s:2000   .debug_str:00000000000025f6 .LASF341
                           .group:0000000000000000 wm4.0.29db371e8b94e604acd9f4c2cef2c360

NO UNDEFINED SYMBOLS
