   1              		.file	"crc.c"
   2              		.option nopic
   3              		.attribute arch, "rv64i2p0_m2p0_a2p0_c2p0"
   4              		.attribute unaligned_access, 0
   5              		.attribute stack_align, 16
   6              		.text
   7              	.Ltext0:
   8              		.cfi_sections	.debug_frame
   9              		.section	.text.CRC_Calc_Header,"ax",@progbits
  10              		.align	1
  11              		.globl	CRC_Calc_Header
  13              	CRC_Calc_Header:
  14              	.LFB0:
  15              		.file 1 "../src/middleware/bacnet/src/crc.c"
   1:../src/middleware/bacnet/src/crc.c **** /*####COPYRIGHTBEGIN####
   2:../src/middleware/bacnet/src/crc.c ****  -------------------------------------------
   3:../src/middleware/bacnet/src/crc.c ****  Copyright (C) 2004 Steve Karg
   4:../src/middleware/bacnet/src/crc.c **** 
   5:../src/middleware/bacnet/src/crc.c ****  This program is free software; you can redistribute it and/or
   6:../src/middleware/bacnet/src/crc.c ****  modify it under the terms of the GNU General Public License
   7:../src/middleware/bacnet/src/crc.c ****  as published by the Free Software Foundation; either version 2
   8:../src/middleware/bacnet/src/crc.c ****  of the License, or (at your option) any later version.
   9:../src/middleware/bacnet/src/crc.c **** 
  10:../src/middleware/bacnet/src/crc.c ****  This program is distributed in the hope that it will be useful,
  11:../src/middleware/bacnet/src/crc.c ****  but WITHOUT ANY WARRANTY; without even the implied warranty of
  12:../src/middleware/bacnet/src/crc.c ****  MERCHANTABILITY or FITNESS FOR A PARTICULAR PURPOSE.  See the
  13:../src/middleware/bacnet/src/crc.c ****  GNU General Public License for more details.
  14:../src/middleware/bacnet/src/crc.c **** 
  15:../src/middleware/bacnet/src/crc.c ****  You should have received a copy of the GNU General Public License
  16:../src/middleware/bacnet/src/crc.c ****  along with this program; if not, write to:
  17:../src/middleware/bacnet/src/crc.c ****  The Free Software Foundation, Inc.
  18:../src/middleware/bacnet/src/crc.c ****  59 Temple Place - Suite 330
  19:../src/middleware/bacnet/src/crc.c ****  Boston, MA  02111-1307
  20:../src/middleware/bacnet/src/crc.c ****  USA.
  21:../src/middleware/bacnet/src/crc.c **** 
  22:../src/middleware/bacnet/src/crc.c ****  As a special exception, if other files instantiate templates or
  23:../src/middleware/bacnet/src/crc.c ****  use macros or inline functions from this file, or you compile
  24:../src/middleware/bacnet/src/crc.c ****  this file and link it with other works to produce a work based
  25:../src/middleware/bacnet/src/crc.c ****  on this file, this file does not by itself cause the resulting
  26:../src/middleware/bacnet/src/crc.c ****  work to be covered by the GNU General Public License. However
  27:../src/middleware/bacnet/src/crc.c ****  the source code for this file must still be made available in
  28:../src/middleware/bacnet/src/crc.c ****  accordance with section (3) of the GNU General Public License.
  29:../src/middleware/bacnet/src/crc.c **** 
  30:../src/middleware/bacnet/src/crc.c ****  This exception does not invalidate any other reasons why a work
  31:../src/middleware/bacnet/src/crc.c ****  based on this file might be covered by the GNU General Public
  32:../src/middleware/bacnet/src/crc.c ****  License.
  33:../src/middleware/bacnet/src/crc.c ****  -------------------------------------------
  34:../src/middleware/bacnet/src/crc.c **** ####COPYRIGHTEND####*/
  35:../src/middleware/bacnet/src/crc.c **** #include <stddef.h>
  36:../src/middleware/bacnet/src/crc.c **** #include <stdint.h>
  37:../src/middleware/bacnet/src/crc.c **** #include <stdbool.h>
  38:../src/middleware/bacnet/src/crc.c **** #include "crc.h"
  39:../src/middleware/bacnet/src/crc.c **** 
  40:../src/middleware/bacnet/src/crc.c **** /** @file crc.c  Calculate CRCs */
  41:../src/middleware/bacnet/src/crc.c **** 
  42:../src/middleware/bacnet/src/crc.c **** #if defined(CRC_USE_TABLE)
  43:../src/middleware/bacnet/src/crc.c **** /* note: table is created using unit test below */
  44:../src/middleware/bacnet/src/crc.c **** static const uint8_t HeaderCRC[256] = {
  45:../src/middleware/bacnet/src/crc.c ****     0x00, 0xfe, 0xff, 0x01, 0xfd, 0x03, 0x02, 0xfc,
  46:../src/middleware/bacnet/src/crc.c ****     0xf9, 0x07, 0x06, 0xf8, 0x04, 0xfa, 0xfb, 0x05,
  47:../src/middleware/bacnet/src/crc.c ****     0xf1, 0x0f, 0x0e, 0xf0, 0x0c, 0xf2, 0xf3, 0x0d,
  48:../src/middleware/bacnet/src/crc.c ****     0x08, 0xf6, 0xf7, 0x09, 0xf5, 0x0b, 0x0a, 0xf4,
  49:../src/middleware/bacnet/src/crc.c ****     0xe1, 0x1f, 0x1e, 0xe0, 0x1c, 0xe2, 0xe3, 0x1d,
  50:../src/middleware/bacnet/src/crc.c ****     0x18, 0xe6, 0xe7, 0x19, 0xe5, 0x1b, 0x1a, 0xe4,
  51:../src/middleware/bacnet/src/crc.c ****     0x10, 0xee, 0xef, 0x11, 0xed, 0x13, 0x12, 0xec,
  52:../src/middleware/bacnet/src/crc.c ****     0xe9, 0x17, 0x16, 0xe8, 0x14, 0xea, 0xeb, 0x15,
  53:../src/middleware/bacnet/src/crc.c ****     0xc1, 0x3f, 0x3e, 0xc0, 0x3c, 0xc2, 0xc3, 0x3d,
  54:../src/middleware/bacnet/src/crc.c ****     0x38, 0xc6, 0xc7, 0x39, 0xc5, 0x3b, 0x3a, 0xc4,
  55:../src/middleware/bacnet/src/crc.c ****     0x30, 0xce, 0xcf, 0x31, 0xcd, 0x33, 0x32, 0xcc,
  56:../src/middleware/bacnet/src/crc.c ****     0xc9, 0x37, 0x36, 0xc8, 0x34, 0xca, 0xcb, 0x35,
  57:../src/middleware/bacnet/src/crc.c ****     0x20, 0xde, 0xdf, 0x21, 0xdd, 0x23, 0x22, 0xdc,
  58:../src/middleware/bacnet/src/crc.c ****     0xd9, 0x27, 0x26, 0xd8, 0x24, 0xda, 0xdb, 0x25,
  59:../src/middleware/bacnet/src/crc.c ****     0xd1, 0x2f, 0x2e, 0xd0, 0x2c, 0xd2, 0xd3, 0x2d,
  60:../src/middleware/bacnet/src/crc.c ****     0x28, 0xd6, 0xd7, 0x29, 0xd5, 0x2b, 0x2a, 0xd4,
  61:../src/middleware/bacnet/src/crc.c ****     0x81, 0x7f, 0x7e, 0x80, 0x7c, 0x82, 0x83, 0x7d,
  62:../src/middleware/bacnet/src/crc.c ****     0x78, 0x86, 0x87, 0x79, 0x85, 0x7b, 0x7a, 0x84,
  63:../src/middleware/bacnet/src/crc.c ****     0x70, 0x8e, 0x8f, 0x71, 0x8d, 0x73, 0x72, 0x8c,
  64:../src/middleware/bacnet/src/crc.c ****     0x89, 0x77, 0x76, 0x88, 0x74, 0x8a, 0x8b, 0x75,
  65:../src/middleware/bacnet/src/crc.c ****     0x60, 0x9e, 0x9f, 0x61, 0x9d, 0x63, 0x62, 0x9c,
  66:../src/middleware/bacnet/src/crc.c ****     0x99, 0x67, 0x66, 0x98, 0x64, 0x9a, 0x9b, 0x65,
  67:../src/middleware/bacnet/src/crc.c ****     0x91, 0x6f, 0x6e, 0x90, 0x6c, 0x92, 0x93, 0x6d,
  68:../src/middleware/bacnet/src/crc.c ****     0x68, 0x96, 0x97, 0x69, 0x95, 0x6b, 0x6a, 0x94,
  69:../src/middleware/bacnet/src/crc.c ****     0x40, 0xbe, 0xbf, 0x41, 0xbd, 0x43, 0x42, 0xbc,
  70:../src/middleware/bacnet/src/crc.c ****     0xb9, 0x47, 0x46, 0xb8, 0x44, 0xba, 0xbb, 0x45,
  71:../src/middleware/bacnet/src/crc.c ****     0xb1, 0x4f, 0x4e, 0xb0, 0x4c, 0xb2, 0xb3, 0x4d,
  72:../src/middleware/bacnet/src/crc.c ****     0x48, 0xb6, 0xb7, 0x49, 0xb5, 0x4b, 0x4a, 0xb4,
  73:../src/middleware/bacnet/src/crc.c ****     0xa1, 0x5f, 0x5e, 0xa0, 0x5c, 0xa2, 0xa3, 0x5d,
  74:../src/middleware/bacnet/src/crc.c ****     0x58, 0xa6, 0xa7, 0x59, 0xa5, 0x5b, 0x5a, 0xa4,
  75:../src/middleware/bacnet/src/crc.c ****     0x50, 0xae, 0xaf, 0x51, 0xad, 0x53, 0x52, 0xac,
  76:../src/middleware/bacnet/src/crc.c ****     0xa9, 0x57, 0x56, 0xa8, 0x54, 0xaa, 0xab, 0x55
  77:../src/middleware/bacnet/src/crc.c **** };
  78:../src/middleware/bacnet/src/crc.c **** 
  79:../src/middleware/bacnet/src/crc.c **** uint8_t CRC_Calc_Header(
  80:../src/middleware/bacnet/src/crc.c ****     uint8_t dataValue,
  81:../src/middleware/bacnet/src/crc.c ****     uint8_t crcValue)
  82:../src/middleware/bacnet/src/crc.c **** {
  83:../src/middleware/bacnet/src/crc.c ****     return HeaderCRC[crcValue ^ dataValue];
  84:../src/middleware/bacnet/src/crc.c **** }
  85:../src/middleware/bacnet/src/crc.c **** 
  86:../src/middleware/bacnet/src/crc.c **** /* note: table is created using unit test below */
  87:../src/middleware/bacnet/src/crc.c **** static const uint16_t DataCRC[256] = {
  88:../src/middleware/bacnet/src/crc.c ****     0x0000, 0x1189, 0x2312, 0x329b, 0x4624, 0x57ad, 0x6536, 0x74bf,
  89:../src/middleware/bacnet/src/crc.c ****     0x8c48, 0x9dc1, 0xaf5a, 0xbed3, 0xca6c, 0xdbe5, 0xe97e, 0xf8f7,
  90:../src/middleware/bacnet/src/crc.c ****     0x1081, 0x0108, 0x3393, 0x221a, 0x56a5, 0x472c, 0x75b7, 0x643e,
  91:../src/middleware/bacnet/src/crc.c ****     0x9cc9, 0x8d40, 0xbfdb, 0xae52, 0xdaed, 0xcb64, 0xf9ff, 0xe876,
  92:../src/middleware/bacnet/src/crc.c ****     0x2102, 0x308b, 0x0210, 0x1399, 0x6726, 0x76af, 0x4434, 0x55bd,
  93:../src/middleware/bacnet/src/crc.c ****     0xad4a, 0xbcc3, 0x8e58, 0x9fd1, 0xeb6e, 0xfae7, 0xc87c, 0xd9f5,
  94:../src/middleware/bacnet/src/crc.c ****     0x3183, 0x200a, 0x1291, 0x0318, 0x77a7, 0x662e, 0x54b5, 0x453c,
  95:../src/middleware/bacnet/src/crc.c ****     0xbdcb, 0xac42, 0x9ed9, 0x8f50, 0xfbef, 0xea66, 0xd8fd, 0xc974,
  96:../src/middleware/bacnet/src/crc.c ****     0x4204, 0x538d, 0x6116, 0x709f, 0x0420, 0x15a9, 0x2732, 0x36bb,
  97:../src/middleware/bacnet/src/crc.c ****     0xce4c, 0xdfc5, 0xed5e, 0xfcd7, 0x8868, 0x99e1, 0xab7a, 0xbaf3,
  98:../src/middleware/bacnet/src/crc.c ****     0x5285, 0x430c, 0x7197, 0x601e, 0x14a1, 0x0528, 0x37b3, 0x263a,
  99:../src/middleware/bacnet/src/crc.c ****     0xdecd, 0xcf44, 0xfddf, 0xec56, 0x98e9, 0x8960, 0xbbfb, 0xaa72,
 100:../src/middleware/bacnet/src/crc.c ****     0x6306, 0x728f, 0x4014, 0x519d, 0x2522, 0x34ab, 0x0630, 0x17b9,
 101:../src/middleware/bacnet/src/crc.c ****     0xef4e, 0xfec7, 0xcc5c, 0xddd5, 0xa96a, 0xb8e3, 0x8a78, 0x9bf1,
 102:../src/middleware/bacnet/src/crc.c ****     0x7387, 0x620e, 0x5095, 0x411c, 0x35a3, 0x242a, 0x16b1, 0x0738,
 103:../src/middleware/bacnet/src/crc.c ****     0xffcf, 0xee46, 0xdcdd, 0xcd54, 0xb9eb, 0xa862, 0x9af9, 0x8b70,
 104:../src/middleware/bacnet/src/crc.c ****     0x8408, 0x9581, 0xa71a, 0xb693, 0xc22c, 0xd3a5, 0xe13e, 0xf0b7,
 105:../src/middleware/bacnet/src/crc.c ****     0x0840, 0x19c9, 0x2b52, 0x3adb, 0x4e64, 0x5fed, 0x6d76, 0x7cff,
 106:../src/middleware/bacnet/src/crc.c ****     0x9489, 0x8500, 0xb79b, 0xa612, 0xd2ad, 0xc324, 0xf1bf, 0xe036,
 107:../src/middleware/bacnet/src/crc.c ****     0x18c1, 0x0948, 0x3bd3, 0x2a5a, 0x5ee5, 0x4f6c, 0x7df7, 0x6c7e,
 108:../src/middleware/bacnet/src/crc.c ****     0xa50a, 0xb483, 0x8618, 0x9791, 0xe32e, 0xf2a7, 0xc03c, 0xd1b5,
 109:../src/middleware/bacnet/src/crc.c ****     0x2942, 0x38cb, 0x0a50, 0x1bd9, 0x6f66, 0x7eef, 0x4c74, 0x5dfd,
 110:../src/middleware/bacnet/src/crc.c ****     0xb58b, 0xa402, 0x9699, 0x8710, 0xf3af, 0xe226, 0xd0bd, 0xc134,
 111:../src/middleware/bacnet/src/crc.c ****     0x39c3, 0x284a, 0x1ad1, 0x0b58, 0x7fe7, 0x6e6e, 0x5cf5, 0x4d7c,
 112:../src/middleware/bacnet/src/crc.c ****     0xc60c, 0xd785, 0xe51e, 0xf497, 0x8028, 0x91a1, 0xa33a, 0xb2b3,
 113:../src/middleware/bacnet/src/crc.c ****     0x4a44, 0x5bcd, 0x6956, 0x78df, 0x0c60, 0x1de9, 0x2f72, 0x3efb,
 114:../src/middleware/bacnet/src/crc.c ****     0xd68d, 0xc704, 0xf59f, 0xe416, 0x90a9, 0x8120, 0xb3bb, 0xa232,
 115:../src/middleware/bacnet/src/crc.c ****     0x5ac5, 0x4b4c, 0x79d7, 0x685e, 0x1ce1, 0x0d68, 0x3ff3, 0x2e7a,
 116:../src/middleware/bacnet/src/crc.c ****     0xe70e, 0xf687, 0xc41c, 0xd595, 0xa12a, 0xb0a3, 0x8238, 0x93b1,
 117:../src/middleware/bacnet/src/crc.c ****     0x6b46, 0x7acf, 0x4854, 0x59dd, 0x2d62, 0x3ceb, 0x0e70, 0x1ff9,
 118:../src/middleware/bacnet/src/crc.c ****     0xf78f, 0xe606, 0xd49d, 0xc514, 0xb1ab, 0xa022, 0x92b9, 0x8330,
 119:../src/middleware/bacnet/src/crc.c ****     0x7bc7, 0x6a4e, 0x58d5, 0x495c, 0x3de3, 0x2c6a, 0x1ef1, 0x0f78
 120:../src/middleware/bacnet/src/crc.c **** };
 121:../src/middleware/bacnet/src/crc.c **** 
 122:../src/middleware/bacnet/src/crc.c **** uint16_t CRC_Calc_Data(
 123:../src/middleware/bacnet/src/crc.c ****     uint8_t dataValue,
 124:../src/middleware/bacnet/src/crc.c ****     uint16_t crcValue)
 125:../src/middleware/bacnet/src/crc.c **** {
 126:../src/middleware/bacnet/src/crc.c ****     return ((crcValue >> 8) ^ DataCRC[(crcValue & 0x00FF) ^ dataValue]);
 127:../src/middleware/bacnet/src/crc.c **** 
 128:../src/middleware/bacnet/src/crc.c **** }
 129:../src/middleware/bacnet/src/crc.c **** #else
 130:../src/middleware/bacnet/src/crc.c **** /* Accumulate "dataValue" into the CRC in crcValue. */
 131:../src/middleware/bacnet/src/crc.c **** /* Return value is updated CRC */
 132:../src/middleware/bacnet/src/crc.c **** /* */
 133:../src/middleware/bacnet/src/crc.c **** /*  The ^ operator means exclusive OR. */
 134:../src/middleware/bacnet/src/crc.c **** /* Note: This function is copied directly from the BACnet standard. */
 135:../src/middleware/bacnet/src/crc.c **** uint8_t CRC_Calc_Header(
 136:../src/middleware/bacnet/src/crc.c ****     uint8_t dataValue,
 137:../src/middleware/bacnet/src/crc.c ****     uint8_t crcValue)
 138:../src/middleware/bacnet/src/crc.c **** {
  16              		.loc 1 138 1
  17              		.cfi_startproc
  18 0000 7971     		addi	sp,sp,-48
  19              		.cfi_def_cfa_offset 48
  20 0002 22F4     		sd	s0,40(sp)
  21              		.cfi_offset 8, -8
  22 0004 0018     		addi	s0,sp,48
  23              		.cfi_def_cfa 8, 0
  24 0006 AA87     		mv	a5,a0
  25 0008 2E87     		mv	a4,a1
  26 000a A30FF4FC 		sb	a5,-33(s0)
  27 000e BA87     		mv	a5,a4
  28 0010 230FF4FC 		sb	a5,-34(s0)
 139:../src/middleware/bacnet/src/crc.c ****     uint16_t crc;
 140:../src/middleware/bacnet/src/crc.c **** 
 141:../src/middleware/bacnet/src/crc.c ****     crc = crcValue ^ dataValue; /* XOR C7..C0 with D7..D0 */
  29              		.loc 1 141 9
  30 0014 0347E4FD 		lbu	a4,-34(s0)
  31 0018 8347F4FD 		lbu	a5,-33(s0)
  32 001c B98F     		xor	a5,a4,a5
  33 001e 93F7F70F 		andi	a5,a5,0xff
  34 0022 2317F4FE 		sh	a5,-18(s0)
 142:../src/middleware/bacnet/src/crc.c **** 
 143:../src/middleware/bacnet/src/crc.c ****     /* Exclusive OR the terms in the table (top down) */
 144:../src/middleware/bacnet/src/crc.c ****     crc = crc ^ (crc << 1) ^ (crc << 2) ^ (crc << 3)
  35              		.loc 1 144 22
  36 0026 8357E4FE 		lhu	a5,-18(s0)
  37 002a 8127     		sext.w	a5,a5
  38 002c 9B971700 		slliw	a5,a5,1
  39 0030 8127     		sext.w	a5,a5
  40              		.loc 1 144 15
  41 0032 1B970701 		slliw	a4,a5,16
  42 0036 1B570741 		sraiw	a4,a4,16
  43 003a 8317E4FE 		lh	a5,-18(s0)
  44 003e B98F     		xor	a5,a4,a5
  45 0040 1B970701 		slliw	a4,a5,16
  46 0044 1B570741 		sraiw	a4,a4,16
  47              		.loc 1 144 35
  48 0048 8357E4FE 		lhu	a5,-18(s0)
  49 004c 8127     		sext.w	a5,a5
  50 004e 9B972700 		slliw	a5,a5,2
  51 0052 8127     		sext.w	a5,a5
  52              		.loc 1 144 28
  53 0054 9B970701 		slliw	a5,a5,16
  54 0058 9BD70741 		sraiw	a5,a5,16
  55 005c B98F     		xor	a5,a4,a5
  56 005e 1B970701 		slliw	a4,a5,16
  57 0062 1B570741 		sraiw	a4,a4,16
  58              		.loc 1 144 48
  59 0066 8357E4FE 		lhu	a5,-18(s0)
  60 006a 8127     		sext.w	a5,a5
  61 006c 9B973700 		slliw	a5,a5,3
  62 0070 8127     		sext.w	a5,a5
  63              		.loc 1 144 41
  64 0072 9B970701 		slliw	a5,a5,16
  65 0076 9BD70741 		sraiw	a5,a5,16
  66 007a B98F     		xor	a5,a4,a5
  67 007c 1B970701 		slliw	a4,a5,16
  68 0080 1B570741 		sraiw	a4,a4,16
 145:../src/middleware/bacnet/src/crc.c ****         ^ (crc << 4) ^ (crc << 5) ^ (crc << 6)
  69              		.loc 1 145 16
  70 0084 8357E4FE 		lhu	a5,-18(s0)
  71 0088 8127     		sext.w	a5,a5
  72 008a 9B974700 		slliw	a5,a5,4
  73 008e 8127     		sext.w	a5,a5
  74              		.loc 1 145 9
  75 0090 9B970701 		slliw	a5,a5,16
  76 0094 9BD70741 		sraiw	a5,a5,16
  77 0098 B98F     		xor	a5,a4,a5
  78 009a 1B970701 		slliw	a4,a5,16
  79 009e 1B570741 		sraiw	a4,a4,16
  80              		.loc 1 145 29
  81 00a2 8357E4FE 		lhu	a5,-18(s0)
  82 00a6 8127     		sext.w	a5,a5
  83 00a8 9B975700 		slliw	a5,a5,5
  84 00ac 8127     		sext.w	a5,a5
  85              		.loc 1 145 22
  86 00ae 9B970701 		slliw	a5,a5,16
  87 00b2 9BD70741 		sraiw	a5,a5,16
  88 00b6 B98F     		xor	a5,a4,a5
  89 00b8 1B970701 		slliw	a4,a5,16
  90 00bc 1B570741 		sraiw	a4,a4,16
  91              		.loc 1 145 42
  92 00c0 8357E4FE 		lhu	a5,-18(s0)
  93 00c4 8127     		sext.w	a5,a5
  94 00c6 9B976700 		slliw	a5,a5,6
  95 00ca 8127     		sext.w	a5,a5
  96              		.loc 1 145 35
  97 00cc 9B970701 		slliw	a5,a5,16
  98 00d0 9BD70741 		sraiw	a5,a5,16
  99 00d4 B98F     		xor	a5,a4,a5
 100 00d6 1B970701 		slliw	a4,a5,16
 101 00da 1B570741 		sraiw	a4,a4,16
 146:../src/middleware/bacnet/src/crc.c ****         ^ (crc << 7);
 102              		.loc 1 146 16
 103 00de 8357E4FE 		lhu	a5,-18(s0)
 104 00e2 8127     		sext.w	a5,a5
 105 00e4 9B977700 		slliw	a5,a5,7
 106 00e8 8127     		sext.w	a5,a5
 107              		.loc 1 146 9
 108 00ea 9B970701 		slliw	a5,a5,16
 109 00ee 9BD70741 		sraiw	a5,a5,16
 110 00f2 B98F     		xor	a5,a4,a5
 111 00f4 9B970701 		slliw	a5,a5,16
 112 00f8 9BD70741 		sraiw	a5,a5,16
 144:../src/middleware/bacnet/src/crc.c ****         ^ (crc << 4) ^ (crc << 5) ^ (crc << 6)
 113              		.loc 1 144 9
 114 00fc 2317F4FE 		sh	a5,-18(s0)
 147:../src/middleware/bacnet/src/crc.c **** 
 148:../src/middleware/bacnet/src/crc.c ****     /* Combine bits shifted out left hand end */
 149:../src/middleware/bacnet/src/crc.c ****     return (crc & 0xfe) ^ ((crc >> 8) & 1);
 115              		.loc 1 149 17
 116 0100 8357E4FE 		lhu	a5,-18(s0)
 117 0104 9B978701 		slliw	a5,a5,24
 118 0108 9BD78741 		sraiw	a5,a5,24
 119 010c F99B     		andi	a5,a5,-2
 120 010e 1B978701 		slliw	a4,a5,24
 121 0112 1B578741 		sraiw	a4,a4,24
 122              		.loc 1 149 39
 123 0116 8357E4FE 		lhu	a5,-18(s0)
 124 011a 9BD78700 		srliw	a5,a5,8
 125 011e C217     		slli	a5,a5,48
 126 0120 C193     		srli	a5,a5,48
 127 0122 9B978701 		slliw	a5,a5,24
 128 0126 9BD78741 		sraiw	a5,a5,24
 129 012a 858B     		andi	a5,a5,1
 130 012c 9B978701 		slliw	a5,a5,24
 131 0130 9BD78741 		sraiw	a5,a5,24
 132              		.loc 1 149 25
 133 0134 D98F     		or	a5,a4,a5
 134 0136 9B978701 		slliw	a5,a5,24
 135 013a 9BD78741 		sraiw	a5,a5,24
 136 013e 93F7F70F 		andi	a5,a5,0xff
 150:../src/middleware/bacnet/src/crc.c **** }
 137              		.loc 1 150 1
 138 0142 3E85     		mv	a0,a5
 139 0144 2274     		ld	s0,40(sp)
 140              		.cfi_restore 8
 141              		.cfi_def_cfa 2, 48
 142 0146 4561     		addi	sp,sp,48
 143              		.cfi_def_cfa_offset 0
 144 0148 8280     		jr	ra
 145              		.cfi_endproc
 146              	.LFE0:
 148              		.section	.text.CRC_Calc_Data,"ax",@progbits
 149              		.align	1
 150              		.globl	CRC_Calc_Data
 152              	CRC_Calc_Data:
 153              	.LFB1:
 151:../src/middleware/bacnet/src/crc.c **** 
 152:../src/middleware/bacnet/src/crc.c **** /* Accumulate "dataValue" into the CRC in crcValue. */
 153:../src/middleware/bacnet/src/crc.c **** /*  Return value is updated CRC */
 154:../src/middleware/bacnet/src/crc.c **** /* */
 155:../src/middleware/bacnet/src/crc.c **** /*  The ^ operator means exclusive OR. */
 156:../src/middleware/bacnet/src/crc.c **** /* Note: This function is copied directly from the BACnet standard. */
 157:../src/middleware/bacnet/src/crc.c **** uint16_t CRC_Calc_Data(
 158:../src/middleware/bacnet/src/crc.c ****     uint8_t dataValue,
 159:../src/middleware/bacnet/src/crc.c ****     uint16_t crcValue)
 160:../src/middleware/bacnet/src/crc.c **** {
 154              		.loc 1 160 1
 155              		.cfi_startproc
 156 0000 7971     		addi	sp,sp,-48
 157              		.cfi_def_cfa_offset 48
 158 0002 22F4     		sd	s0,40(sp)
 159              		.cfi_offset 8, -8
 160 0004 0018     		addi	s0,sp,48
 161              		.cfi_def_cfa 8, 0
 162 0006 AA87     		mv	a5,a0
 163 0008 2E87     		mv	a4,a1
 164 000a A30FF4FC 		sb	a5,-33(s0)
 165 000e BA87     		mv	a5,a4
 166 0010 231EF4FC 		sh	a5,-36(s0)
 161:../src/middleware/bacnet/src/crc.c ****     uint16_t crcLow;
 162:../src/middleware/bacnet/src/crc.c **** 
 163:../src/middleware/bacnet/src/crc.c ****     crcLow = (crcValue & 0xff) ^ dataValue;     /* XOR C7..C0 with D7..D0 */
 167              		.loc 1 163 24
 168 0014 8317C4FD 		lh	a5,-36(s0)
 169 0018 93F7F70F 		andi	a5,a5,255
 170 001c 1B970701 		slliw	a4,a5,16
 171 0020 1B570741 		sraiw	a4,a4,16
 172              		.loc 1 163 32
 173 0024 8347F4FD 		lbu	a5,-33(s0)
 174 0028 9B970701 		slliw	a5,a5,16
 175 002c 9BD70741 		sraiw	a5,a5,16
 176 0030 B98F     		xor	a5,a4,a5
 177 0032 9B970701 		slliw	a5,a5,16
 178 0036 9BD70741 		sraiw	a5,a5,16
 179              		.loc 1 163 12
 180 003a 2317F4FE 		sh	a5,-18(s0)
 164:../src/middleware/bacnet/src/crc.c **** 
 165:../src/middleware/bacnet/src/crc.c ****     /* Exclusive OR the terms in the table (top down) */
 166:../src/middleware/bacnet/src/crc.c ****     return (crcValue >> 8) ^ (crcLow << 8) ^ (crcLow << 3)
 181              		.loc 1 166 28
 182 003e 8357C4FD 		lhu	a5,-36(s0)
 183 0042 9BD78700 		srliw	a5,a5,8
 184 0046 C217     		slli	a5,a5,48
 185 0048 C193     		srli	a5,a5,48
 186 004a 1B970701 		slliw	a4,a5,16
 187 004e 1B570741 		sraiw	a4,a4,16
 188              		.loc 1 166 38
 189 0052 8357E4FE 		lhu	a5,-18(s0)
 190 0056 8127     		sext.w	a5,a5
 191 0058 9B978700 		slliw	a5,a5,8
 192 005c 8127     		sext.w	a5,a5
 193              		.loc 1 166 28
 194 005e 9B970701 		slliw	a5,a5,16
 195 0062 9BD70741 		sraiw	a5,a5,16
 196 0066 B98F     		xor	a5,a4,a5
 197 0068 1B970701 		slliw	a4,a5,16
 198 006c 1B570741 		sraiw	a4,a4,16
 199              		.loc 1 166 54
 200 0070 8357E4FE 		lhu	a5,-18(s0)
 201 0074 8127     		sext.w	a5,a5
 202 0076 9B973700 		slliw	a5,a5,3
 203 007a 8127     		sext.w	a5,a5
 204              		.loc 1 166 44
 205 007c 9B970701 		slliw	a5,a5,16
 206 0080 9BD70741 		sraiw	a5,a5,16
 207 0084 B98F     		xor	a5,a4,a5
 208 0086 1B970701 		slliw	a4,a5,16
 209 008a 1B570741 		sraiw	a4,a4,16
 167:../src/middleware/bacnet/src/crc.c ****         ^ (crcLow << 12) ^ (crcLow >> 4)
 210              		.loc 1 167 19
 211 008e 8357E4FE 		lhu	a5,-18(s0)
 212 0092 8127     		sext.w	a5,a5
 213 0094 9B97C700 		slliw	a5,a5,12
 214 0098 8127     		sext.w	a5,a5
 215              		.loc 1 167 9
 216 009a 9B970701 		slliw	a5,a5,16
 217 009e 9BD70741 		sraiw	a5,a5,16
 218 00a2 B98F     		xor	a5,a4,a5
 219 00a4 1B970701 		slliw	a4,a5,16
 220 00a8 1B570741 		sraiw	a4,a4,16
 221              		.loc 1 167 26
 222 00ac 8357E4FE 		lhu	a5,-18(s0)
 223 00b0 9BD74700 		srliw	a5,a5,4
 224 00b4 C217     		slli	a5,a5,48
 225 00b6 C193     		srli	a5,a5,48
 226 00b8 9B970701 		slliw	a5,a5,16
 227 00bc 9BD70741 		sraiw	a5,a5,16
 228 00c0 B98F     		xor	a5,a4,a5
 229 00c2 1B970701 		slliw	a4,a5,16
 230 00c6 1B570741 		sraiw	a4,a4,16
 168:../src/middleware/bacnet/src/crc.c ****         ^ (crcLow & 0x0f) ^ ((crcLow & 0x0f) << 7);
 231              		.loc 1 168 19
 232 00ca 8317E4FE 		lh	a5,-18(s0)
 233 00ce BD8B     		andi	a5,a5,15
 234 00d0 9B970701 		slliw	a5,a5,16
 235 00d4 9BD70741 		sraiw	a5,a5,16
 236              		.loc 1 168 9
 237 00d8 B98F     		xor	a5,a4,a5
 238 00da 1B970701 		slliw	a4,a5,16
 239 00de 1B570741 		sraiw	a4,a4,16
 240              		.loc 1 168 46
 241 00e2 8357E4FE 		lhu	a5,-18(s0)
 242 00e6 8127     		sext.w	a5,a5
 243 00e8 9B977700 		slliw	a5,a5,7
 244 00ec 8127     		sext.w	a5,a5
 245 00ee 9B970701 		slliw	a5,a5,16
 246 00f2 9BD70741 		sraiw	a5,a5,16
 247 00f6 93F70778 		andi	a5,a5,1920
 248 00fa 9B970701 		slliw	a5,a5,16
 249 00fe 9BD70741 		sraiw	a5,a5,16
 250              		.loc 1 168 27
 251 0102 B98F     		xor	a5,a4,a5
 252 0104 9B970701 		slliw	a5,a5,16
 253 0108 9BD70741 		sraiw	a5,a5,16
 254 010c C217     		slli	a5,a5,48
 255 010e C193     		srli	a5,a5,48
 169:../src/middleware/bacnet/src/crc.c **** }
 256              		.loc 1 169 1
 257 0110 3E85     		mv	a0,a5
 258 0112 2274     		ld	s0,40(sp)
 259              		.cfi_restore 8
 260              		.cfi_def_cfa 2, 48
 261 0114 4561     		addi	sp,sp,48
 262              		.cfi_def_cfa_offset 0
 263 0116 8280     		jr	ra
 264              		.cfi_endproc
 265              	.LFE1:
 267              		.text
 268              	.Letext0:
 269              		.file 2 "c:\\microchip\\softconsole-v2022.2-risc-v-747\\riscv-unknown-elf-gcc\\riscv64-unknown-elf
 270              		.file 3 "c:\\microchip\\softconsole-v2022.2-risc-v-747\\riscv-unknown-elf-gcc\\riscv64-unknown-elf
DEFINED SYMBOLS
                            *ABS*:0000000000000000 crc.c
C:\Users\zero6575\AppData\Local\Temp\ccNW8aPa.s:13     .text.CRC_Calc_Header:0000000000000000 CRC_Calc_Header
C:\Users\zero6575\AppData\Local\Temp\ccNW8aPa.s:17     .text.CRC_Calc_Header:0000000000000000 .L0 
C:\Users\zero6575\AppData\Local\Temp\ccNW8aPa.s:18     .text.CRC_Calc_Header:0000000000000000 .L0 
C:\Users\zero6575\AppData\Local\Temp\ccNW8aPa.s:19     .text.CRC_Calc_Header:0000000000000002 .L0 
C:\Users\zero6575\AppData\Local\Temp\ccNW8aPa.s:21     .text.CRC_Calc_Header:0000000000000004 .L0 
C:\Users\zero6575\AppData\Local\Temp\ccNW8aPa.s:23     .text.CRC_Calc_Header:0000000000000006 .L0 
C:\Users\zero6575\AppData\Local\Temp\ccNW8aPa.s:30     .text.CRC_Calc_Header:0000000000000014 .L0 
C:\Users\zero6575\AppData\Local\Temp\ccNW8aPa.s:36     .text.CRC_Calc_Header:0000000000000026 .L0 
C:\Users\zero6575\AppData\Local\Temp\ccNW8aPa.s:41     .text.CRC_Calc_Header:0000000000000032 .L0 
C:\Users\zero6575\AppData\Local\Temp\ccNW8aPa.s:48     .text.CRC_Calc_Header:0000000000000048 .L0 
C:\Users\zero6575\AppData\Local\Temp\ccNW8aPa.s:53     .text.CRC_Calc_Header:0000000000000054 .L0 
C:\Users\zero6575\AppData\Local\Temp\ccNW8aPa.s:59     .text.CRC_Calc_Header:0000000000000066 .L0 
C:\Users\zero6575\AppData\Local\Temp\ccNW8aPa.s:64     .text.CRC_Calc_Header:0000000000000072 .L0 
C:\Users\zero6575\AppData\Local\Temp\ccNW8aPa.s:70     .text.CRC_Calc_Header:0000000000000084 .L0 
C:\Users\zero6575\AppData\Local\Temp\ccNW8aPa.s:75     .text.CRC_Calc_Header:0000000000000090 .L0 
C:\Users\zero6575\AppData\Local\Temp\ccNW8aPa.s:81     .text.CRC_Calc_Header:00000000000000a2 .L0 
C:\Users\zero6575\AppData\Local\Temp\ccNW8aPa.s:86     .text.CRC_Calc_Header:00000000000000ae .L0 
C:\Users\zero6575\AppData\Local\Temp\ccNW8aPa.s:92     .text.CRC_Calc_Header:00000000000000c0 .L0 
C:\Users\zero6575\AppData\Local\Temp\ccNW8aPa.s:97     .text.CRC_Calc_Header:00000000000000cc .L0 
C:\Users\zero6575\AppData\Local\Temp\ccNW8aPa.s:103    .text.CRC_Calc_Header:00000000000000de .L0 
C:\Users\zero6575\AppData\Local\Temp\ccNW8aPa.s:108    .text.CRC_Calc_Header:00000000000000ea .L0 
C:\Users\zero6575\AppData\Local\Temp\ccNW8aPa.s:114    .text.CRC_Calc_Header:00000000000000fc .L0 
C:\Users\zero6575\AppData\Local\Temp\ccNW8aPa.s:116    .text.CRC_Calc_Header:0000000000000100 .L0 
C:\Users\zero6575\AppData\Local\Temp\ccNW8aPa.s:123    .text.CRC_Calc_Header:0000000000000116 .L0 
C:\Users\zero6575\AppData\Local\Temp\ccNW8aPa.s:133    .text.CRC_Calc_Header:0000000000000134 .L0 
C:\Users\zero6575\AppData\Local\Temp\ccNW8aPa.s:138    .text.CRC_Calc_Header:0000000000000142 .L0 
C:\Users\zero6575\AppData\Local\Temp\ccNW8aPa.s:140    .text.CRC_Calc_Header:0000000000000146 .L0 
C:\Users\zero6575\AppData\Local\Temp\ccNW8aPa.s:141    .text.CRC_Calc_Header:0000000000000146 .L0 
C:\Users\zero6575\AppData\Local\Temp\ccNW8aPa.s:143    .text.CRC_Calc_Header:0000000000000148 .L0 
C:\Users\zero6575\AppData\Local\Temp\ccNW8aPa.s:145    .text.CRC_Calc_Header:000000000000014a .L0 
C:\Users\zero6575\AppData\Local\Temp\ccNW8aPa.s:152    .text.CRC_Calc_Data:0000000000000000 CRC_Calc_Data
C:\Users\zero6575\AppData\Local\Temp\ccNW8aPa.s:155    .text.CRC_Calc_Data:0000000000000000 .L0 
C:\Users\zero6575\AppData\Local\Temp\ccNW8aPa.s:156    .text.CRC_Calc_Data:0000000000000000 .L0 
C:\Users\zero6575\AppData\Local\Temp\ccNW8aPa.s:157    .text.CRC_Calc_Data:0000000000000002 .L0 
C:\Users\zero6575\AppData\Local\Temp\ccNW8aPa.s:159    .text.CRC_Calc_Data:0000000000000004 .L0 
C:\Users\zero6575\AppData\Local\Temp\ccNW8aPa.s:161    .text.CRC_Calc_Data:0000000000000006 .L0 
C:\Users\zero6575\AppData\Local\Temp\ccNW8aPa.s:168    .text.CRC_Calc_Data:0000000000000014 .L0 
C:\Users\zero6575\AppData\Local\Temp\ccNW8aPa.s:173    .text.CRC_Calc_Data:0000000000000024 .L0 
C:\Users\zero6575\AppData\Local\Temp\ccNW8aPa.s:180    .text.CRC_Calc_Data:000000000000003a .L0 
C:\Users\zero6575\AppData\Local\Temp\ccNW8aPa.s:182    .text.CRC_Calc_Data:000000000000003e .L0 
C:\Users\zero6575\AppData\Local\Temp\ccNW8aPa.s:189    .text.CRC_Calc_Data:0000000000000052 .L0 
C:\Users\zero6575\AppData\Local\Temp\ccNW8aPa.s:194    .text.CRC_Calc_Data:000000000000005e .L0 
C:\Users\zero6575\AppData\Local\Temp\ccNW8aPa.s:200    .text.CRC_Calc_Data:0000000000000070 .L0 
C:\Users\zero6575\AppData\Local\Temp\ccNW8aPa.s:205    .text.CRC_Calc_Data:000000000000007c .L0 
C:\Users\zero6575\AppData\Local\Temp\ccNW8aPa.s:211    .text.CRC_Calc_Data:000000000000008e .L0 
C:\Users\zero6575\AppData\Local\Temp\ccNW8aPa.s:216    .text.CRC_Calc_Data:000000000000009a .L0 
C:\Users\zero6575\AppData\Local\Temp\ccNW8aPa.s:222    .text.CRC_Calc_Data:00000000000000ac .L0 
C:\Users\zero6575\AppData\Local\Temp\ccNW8aPa.s:232    .text.CRC_Calc_Data:00000000000000ca .L0 
C:\Users\zero6575\AppData\Local\Temp\ccNW8aPa.s:237    .text.CRC_Calc_Data:00000000000000d8 .L0 
C:\Users\zero6575\AppData\Local\Temp\ccNW8aPa.s:241    .text.CRC_Calc_Data:00000000000000e2 .L0 
C:\Users\zero6575\AppData\Local\Temp\ccNW8aPa.s:251    .text.CRC_Calc_Data:0000000000000102 .L0 
C:\Users\zero6575\AppData\Local\Temp\ccNW8aPa.s:257    .text.CRC_Calc_Data:0000000000000110 .L0 
C:\Users\zero6575\AppData\Local\Temp\ccNW8aPa.s:259    .text.CRC_Calc_Data:0000000000000114 .L0 
C:\Users\zero6575\AppData\Local\Temp\ccNW8aPa.s:260    .text.CRC_Calc_Data:0000000000000114 .L0 
C:\Users\zero6575\AppData\Local\Temp\ccNW8aPa.s:262    .text.CRC_Calc_Data:0000000000000116 .L0 
C:\Users\zero6575\AppData\Local\Temp\ccNW8aPa.s:264    .text.CRC_Calc_Data:0000000000000118 .L0 
C:\Users\zero6575\AppData\Local\Temp\ccNW8aPa.s:148    .text.CRC_Calc_Header:000000000000014a .L0 
C:\Users\zero6575\AppData\Local\Temp\ccNW8aPa.s:267    .text.CRC_Calc_Data:0000000000000118 .L0 
                     .debug_frame:0000000000000000 .L0 
C:\Users\zero6575\AppData\Local\Temp\ccNW8aPa.s:429    .debug_abbrev:0000000000000000 .Ldebug_abbrev0
C:\Users\zero6575\AppData\Local\Temp\ccNW8aPa.s:3439   .debug_str:000000000000310b .LASF574
C:\Users\zero6575\AppData\Local\Temp\ccNW8aPa.s:3001   .debug_str:0000000000001c39 .LASF575
C:\Users\zero6575\AppData\Local\Temp\ccNW8aPa.s:2541   .debug_str:0000000000000545 .LASF576
C:\Users\zero6575\AppData\Local\Temp\ccNW8aPa.s:611    .debug_ranges:0000000000000000 .Ldebug_ranges0
C:\Users\zero6575\AppData\Local\Temp\ccNW8aPa.s:2445   .debug_line:0000000000000000 .Ldebug_line0
C:\Users\zero6575\AppData\Local\Temp\ccNW8aPa.s:619    .debug_macro:0000000000000000 .Ldebug_macro0
C:\Users\zero6575\AppData\Local\Temp\ccNW8aPa.s:3243   .debug_str:00000000000027ac .LASF558
C:\Users\zero6575\AppData\Local\Temp\ccNW8aPa.s:3357   .debug_str:0000000000002cd1 .LASF559
C:\Users\zero6575\AppData\Local\Temp\ccNW8aPa.s:3019   .debug_str:0000000000001cee .LASF560
C:\Users\zero6575\AppData\Local\Temp\ccNW8aPa.s:3175   .debug_str:000000000000246c .LASF561
C:\Users\zero6575\AppData\Local\Temp\ccNW8aPa.s:3497   .debug_str:00000000000034cd .LASF562
C:\Users\zero6575\AppData\Local\Temp\ccNW8aPa.s:3313   .debug_str:0000000000002ac3 .LASF565
C:\Users\zero6575\AppData\Local\Temp\ccNW8aPa.s:3405   .debug_str:0000000000002f4a .LASF563
C:\Users\zero6575\AppData\Local\Temp\ccNW8aPa.s:3233   .debug_str:000000000000272c .LASF564
C:\Users\zero6575\AppData\Local\Temp\ccNW8aPa.s:2761   .debug_str:0000000000001002 .LASF566
C:\Users\zero6575\AppData\Local\Temp\ccNW8aPa.s:3507   .debug_str:0000000000003533 .LASF567
C:\Users\zero6575\AppData\Local\Temp\ccNW8aPa.s:2543   .debug_str:00000000000005a7 .LASF568
C:\Users\zero6575\AppData\Local\Temp\ccNW8aPa.s:2929   .debug_str:00000000000018e4 .LASF569
C:\Users\zero6575\AppData\Local\Temp\ccNW8aPa.s:3181   .debug_str:00000000000024a6 .LASF570
C:\Users\zero6575\AppData\Local\Temp\ccNW8aPa.s:2671   .debug_str:0000000000000bd0 .LASF577
C:\Users\zero6575\AppData\Local\Temp\ccNW8aPa.s:153    .text.CRC_Calc_Data:0000000000000000 .LFB1
C:\Users\zero6575\AppData\Local\Temp\ccNW8aPa.s:265    .text.CRC_Calc_Data:0000000000000118 .LFE1
C:\Users\zero6575\AppData\Local\Temp\ccNW8aPa.s:2475   .debug_str:0000000000000182 .LASF571
C:\Users\zero6575\AppData\Local\Temp\ccNW8aPa.s:3111   .debug_str:0000000000002197 .LASF572
C:\Users\zero6575\AppData\Local\Temp\ccNW8aPa.s:2857   .debug_str:00000000000014c6 .LASF573
C:\Users\zero6575\AppData\Local\Temp\ccNW8aPa.s:3591   .debug_str:00000000000039c7 .LASF578
C:\Users\zero6575\AppData\Local\Temp\ccNW8aPa.s:14     .text.CRC_Calc_Header:0000000000000000 .LFB0
C:\Users\zero6575\AppData\Local\Temp\ccNW8aPa.s:146    .text.CRC_Calc_Header:000000000000014a .LFE0
C:\Users\zero6575\AppData\Local\Temp\ccNW8aPa.s:272    .debug_info:0000000000000000 .Ldebug_info0
C:\Users\zero6575\AppData\Local\Temp\ccNW8aPa.s:714    .debug_macro:0000000000000000 .Ldebug_macro2
C:\Users\zero6575\AppData\Local\Temp\ccNW8aPa.s:1745   .debug_macro:0000000000000000 .Ldebug_macro3
C:\Users\zero6575\AppData\Local\Temp\ccNW8aPa.s:2811   .debug_str:000000000000127c .LASF395
C:\Users\zero6575\AppData\Local\Temp\ccNW8aPa.s:2765   .debug_str:0000000000001024 .LASF396
C:\Users\zero6575\AppData\Local\Temp\ccNW8aPa.s:3117   .debug_str:00000000000021c5 .LASF397
C:\Users\zero6575\AppData\Local\Temp\ccNW8aPa.s:1909   .debug_macro:0000000000000000 .Ldebug_macro4
C:\Users\zero6575\AppData\Local\Temp\ccNW8aPa.s:1929   .debug_macro:0000000000000000 .Ldebug_macro5
C:\Users\zero6575\AppData\Local\Temp\ccNW8aPa.s:1994   .debug_macro:0000000000000000 .Ldebug_macro6
C:\Users\zero6575\AppData\Local\Temp\ccNW8aPa.s:2035   .debug_macro:0000000000000000 .Ldebug_macro7
C:\Users\zero6575\AppData\Local\Temp\ccNW8aPa.s:2157   .debug_macro:0000000000000000 .Ldebug_macro8
C:\Users\zero6575\AppData\Local\Temp\ccNW8aPa.s:2213   .debug_macro:0000000000000000 .Ldebug_macro9
C:\Users\zero6575\AppData\Local\Temp\ccNW8aPa.s:2803   .debug_str:000000000000122f .LASF551
C:\Users\zero6575\AppData\Local\Temp\ccNW8aPa.s:2425   .debug_macro:0000000000000000 .Ldebug_macro10
C:\Users\zero6575\AppData\Local\Temp\ccNW8aPa.s:3121   .debug_str:00000000000021e6 .LASF557
C:\Users\zero6575\AppData\Local\Temp\ccNW8aPa.s:3081   .debug_str:000000000000206c .LASF0
C:\Users\zero6575\AppData\Local\Temp\ccNW8aPa.s:2969   .debug_str:0000000000001add .LASF1
C:\Users\zero6575\AppData\Local\Temp\ccNW8aPa.s:3131   .debug_str:000000000000223d .LASF2
C:\Users\zero6575\AppData\Local\Temp\ccNW8aPa.s:2635   .debug_str:0000000000000a2f .LASF3
C:\Users\zero6575\AppData\Local\Temp\ccNW8aPa.s:3373   .debug_str:0000000000002db5 .LASF4
C:\Users\zero6575\AppData\Local\Temp\ccNW8aPa.s:2563   .debug_str:00000000000006eb .LASF5
C:\Users\zero6575\AppData\Local\Temp\ccNW8aPa.s:2535   .debug_str:000000000000050f .LASF6
C:\Users\zero6575\AppData\Local\Temp\ccNW8aPa.s:3113   .debug_str:00000000000021a0 .LASF7
C:\Users\zero6575\AppData\Local\Temp\ccNW8aPa.s:3309   .debug_str:0000000000002aa6 .LASF8
C:\Users\zero6575\AppData\Local\Temp\ccNW8aPa.s:2653   .debug_str:0000000000000b09 .LASF9
C:\Users\zero6575\AppData\Local\Temp\ccNW8aPa.s:2597   .debug_str:0000000000000844 .LASF10
C:\Users\zero6575\AppData\Local\Temp\ccNW8aPa.s:3167   .debug_str:000000000000240d .LASF11
C:\Users\zero6575\AppData\Local\Temp\ccNW8aPa.s:2579   .debug_str:0000000000000794 .LASF12
C:\Users\zero6575\AppData\Local\Temp\ccNW8aPa.s:3399   .debug_str:0000000000002f05 .LASF13
C:\Users\zero6575\AppData\Local\Temp\ccNW8aPa.s:3089   .debug_str:00000000000020a9 .LASF14
C:\Users\zero6575\AppData\Local\Temp\ccNW8aPa.s:3035   .debug_str:0000000000001dd4 .LASF15
C:\Users\zero6575\AppData\Local\Temp\ccNW8aPa.s:3011   .debug_str:0000000000001cb7 .LASF16
C:\Users\zero6575\AppData\Local\Temp\ccNW8aPa.s:2999   .debug_str:0000000000001c2e .LASF17
C:\Users\zero6575\AppData\Local\Temp\ccNW8aPa.s:2707   .debug_str:0000000000000d6b .LASF18
C:\Users\zero6575\AppData\Local\Temp\ccNW8aPa.s:3087   .debug_str:0000000000002097 .LASF19
C:\Users\zero6575\AppData\Local\Temp\ccNW8aPa.s:3303   .debug_str:0000000000002a60 .LASF20
C:\Users\zero6575\AppData\Local\Temp\ccNW8aPa.s:2601   .debug_str:0000000000000866 .LASF21
C:\Users\zero6575\AppData\Local\Temp\ccNW8aPa.s:3063   .debug_str:0000000000001f85 .LASF22
C:\Users\zero6575\AppData\Local\Temp\ccNW8aPa.s:2925   .debug_str:00000000000018b9 .LASF23
C:\Users\zero6575\AppData\Local\Temp\ccNW8aPa.s:2757   .debug_str:0000000000000fd0 .LASF24
C:\Users\zero6575\AppData\Local\Temp\ccNW8aPa.s:2557   .debug_str:00000000000006a0 .LASF25
C:\Users\zero6575\AppData\Local\Temp\ccNW8aPa.s:3021   .debug_str:0000000000001cfc .LASF26
C:\Users\zero6575\AppData\Local\Temp\ccNW8aPa.s:3513   .debug_str:000000000000358b .LASF27
C:\Users\zero6575\AppData\Local\Temp\ccNW8aPa.s:2797   .debug_str:00000000000011ee .LASF28
C:\Users\zero6575\AppData\Local\Temp\ccNW8aPa.s:2561   .debug_str:00000000000006d1 .LASF29
C:\Users\zero6575\AppData\Local\Temp\ccNW8aPa.s:3209   .debug_str:00000000000025df .LASF30
C:\Users\zero6575\AppData\Local\Temp\ccNW8aPa.s:2617   .debug_str:000000000000092f .LASF31
C:\Users\zero6575\AppData\Local\Temp\ccNW8aPa.s:3153   .debug_str:0000000000002327 .LASF32
C:\Users\zero6575\AppData\Local\Temp\ccNW8aPa.s:3323   .debug_str:0000000000002b3d .LASF33
C:\Users\zero6575\AppData\Local\Temp\ccNW8aPa.s:2905   .debug_str:000000000000179a .LASF34
C:\Users\zero6575\AppData\Local\Temp\ccNW8aPa.s:3483   .debug_str:00000000000033ec .LASF35
C:\Users\zero6575\AppData\Local\Temp\ccNW8aPa.s:2743   .debug_str:0000000000000f14 .LASF36
C:\Users\zero6575\AppData\Local\Temp\ccNW8aPa.s:3099   .debug_str:000000000000210c .LASF37
C:\Users\zero6575\AppData\Local\Temp\ccNW8aPa.s:2773   .debug_str:0000000000001091 .LASF38
C:\Users\zero6575\AppData\Local\Temp\ccNW8aPa.s:3183   .debug_str:00000000000024af .LASF39
C:\Users\zero6575\AppData\Local\Temp\ccNW8aPa.s:2555   .debug_str:000000000000067d .LASF40
C:\Users\zero6575\AppData\Local\Temp\ccNW8aPa.s:3249   .debug_str:00000000000027f2 .LASF41
C:\Users\zero6575\AppData\Local\Temp\ccNW8aPa.s:3583   .debug_str:0000000000003965 .LASF42
C:\Users\zero6575\AppData\Local\Temp\ccNW8aPa.s:3271   .debug_str:00000000000028d7 .LASF43
C:\Users\zero6575\AppData\Local\Temp\ccNW8aPa.s:2583   .debug_str:00000000000007b7 .LASF44
C:\Users\zero6575\AppData\Local\Temp\ccNW8aPa.s:2813   .debug_str:0000000000001287 .LASF45
C:\Users\zero6575\AppData\Local\Temp\ccNW8aPa.s:3411   .debug_str:0000000000002f86 .LASF46
C:\Users\zero6575\AppData\Local\Temp\ccNW8aPa.s:3305   .debug_str:0000000000002a77 .LASF47
C:\Users\zero6575\AppData\Local\Temp\ccNW8aPa.s:2863   .debug_str:00000000000014f7 .LASF48
C:\Users\zero6575\AppData\Local\Temp\ccNW8aPa.s:3287   .debug_str:0000000000002989 .LASF49
C:\Users\zero6575\AppData\Local\Temp\ccNW8aPa.s:2605   .debug_str:000000000000088f .LASF50
C:\Users\zero6575\AppData\Local\Temp\ccNW8aPa.s:2607   .debug_str:00000000000008b1 .LASF51
C:\Users\zero6575\AppData\Local\Temp\ccNW8aPa.s:2979   .debug_str:0000000000001b5a .LASF52
C:\Users\zero6575\AppData\Local\Temp\ccNW8aPa.s:2681   .debug_str:0000000000000c72 .LASF53
C:\Users\zero6575\AppData\Local\Temp\ccNW8aPa.s:2627   .debug_str:00000000000009d2 .LASF54
C:\Users\zero6575\AppData\Local\Temp\ccNW8aPa.s:3031   .debug_str:0000000000001da9 .LASF55
C:\Users\zero6575\AppData\Local\Temp\ccNW8aPa.s:2875   .debug_str:00000000000015d0 .LASF56
C:\Users\zero6575\AppData\Local\Temp\ccNW8aPa.s:2611   .debug_str:00000000000008e7 .LASF57
C:\Users\zero6575\AppData\Local\Temp\ccNW8aPa.s:3437   .debug_str:00000000000030e3 .LASF58
C:\Users\zero6575\AppData\Local\Temp\ccNW8aPa.s:2763   .debug_str:000000000000100d .LASF59
C:\Users\zero6575\AppData\Local\Temp\ccNW8aPa.s:2855   .debug_str:00000000000014ae .LASF60
C:\Users\zero6575\AppData\Local\Temp\ccNW8aPa.s:3477   .debug_str:00000000000033a4 .LASF61
C:\Users\zero6575\AppData\Local\Temp\ccNW8aPa.s:2965   .debug_str:0000000000001aa5 .LASF62
C:\Users\zero6575\AppData\Local\Temp\ccNW8aPa.s:2937   .debug_str:000000000000192f .LASF63
C:\Users\zero6575\AppData\Local\Temp\ccNW8aPa.s:3235   .debug_str:0000000000002736 .LASF64
C:\Users\zero6575\AppData\Local\Temp\ccNW8aPa.s:3431   .debug_str:00000000000030a8 .LASF65
C:\Users\zero6575\AppData\Local\Temp\ccNW8aPa.s:3561   .debug_str:000000000000381c .LASF66
C:\Users\zero6575\AppData\Local\Temp\ccNW8aPa.s:2777   .debug_str:00000000000010c8 .LASF67
C:\Users\zero6575\AppData\Local\Temp\ccNW8aPa.s:3057   .debug_str:0000000000001f22 .LASF68
C:\Users\zero6575\AppData\Local\Temp\ccNW8aPa.s:3385   .debug_str:0000000000002e30 .LASF69
C:\Users\zero6575\AppData\Local\Temp\ccNW8aPa.s:2515   .debug_str:00000000000003b0 .LASF70
C:\Users\zero6575\AppData\Local\Temp\ccNW8aPa.s:2919   .debug_str:0000000000001876 .LASF71
C:\Users\zero6575\AppData\Local\Temp\ccNW8aPa.s:2641   .debug_str:0000000000000a78 .LASF72
C:\Users\zero6575\AppData\Local\Temp\ccNW8aPa.s:3205   .debug_str:00000000000025aa .LASF73
C:\Users\zero6575\AppData\Local\Temp\ccNW8aPa.s:2577   .debug_str:000000000000077d .LASF74
C:\Users\zero6575\AppData\Local\Temp\ccNW8aPa.s:3237   .debug_str:0000000000002758 .LASF75
C:\Users\zero6575\AppData\Local\Temp\ccNW8aPa.s:2873   .debug_str:00000000000015a9 .LASF76
C:\Users\zero6575\AppData\Local\Temp\ccNW8aPa.s:3331   .debug_str:0000000000002bb8 .LASF77
C:\Users\zero6575\AppData\Local\Temp\ccNW8aPa.s:2629   .debug_str:00000000000009f0 .LASF78
C:\Users\zero6575\AppData\Local\Temp\ccNW8aPa.s:3273   .debug_str:00000000000028f1 .LASF79
C:\Users\zero6575\AppData\Local\Temp\ccNW8aPa.s:3119   .debug_str:00000000000021d6 .LASF80
C:\Users\zero6575\AppData\Local\Temp\ccNW8aPa.s:2977   .debug_str:0000000000001b36 .LASF81
C:\Users\zero6575\AppData\Local\Temp\ccNW8aPa.s:3445   .debug_str:000000000000320f .LASF82
C:\Users\zero6575\AppData\Local\Temp\ccNW8aPa.s:3105   .debug_str:0000000000002154 .LASF83
C:\Users\zero6575\AppData\Local\Temp\ccNW8aPa.s:3307   .debug_str:0000000000002a94 .LASF84
C:\Users\zero6575\AppData\Local\Temp\ccNW8aPa.s:3339   .debug_str:0000000000002c0f .LASF85
C:\Users\zero6575\AppData\Local\Temp\ccNW8aPa.s:3387   .debug_str:0000000000002e58 .LASF86
C:\Users\zero6575\AppData\Local\Temp\ccNW8aPa.s:2549   .debug_str:0000000000000617 .LASF87
C:\Users\zero6575\AppData\Local\Temp\ccNW8aPa.s:2867   .debug_str:0000000000001554 .LASF88
C:\Users\zero6575\AppData\Local\Temp\ccNW8aPa.s:3217   .debug_str:000000000000263c .LASF89
C:\Users\zero6575\AppData\Local\Temp\ccNW8aPa.s:3557   .debug_str:00000000000037e8 .LASF90
C:\Users\zero6575\AppData\Local\Temp\ccNW8aPa.s:3377   .debug_str:0000000000002ddc .LASF91
C:\Users\zero6575\AppData\Local\Temp\ccNW8aPa.s:2895   .debug_str:0000000000001707 .LASF92
C:\Users\zero6575\AppData\Local\Temp\ccNW8aPa.s:2935   .debug_str:000000000000191a .LASF93
C:\Users\zero6575\AppData\Local\Temp\ccNW8aPa.s:3429   .debug_str:0000000000003083 .LASF94
C:\Users\zero6575\AppData\Local\Temp\ccNW8aPa.s:3245   .debug_str:00000000000027b5 .LASF95
C:\Users\zero6575\AppData\Local\Temp\ccNW8aPa.s:2971   .debug_str:0000000000001af6 .LASF96
C:\Users\zero6575\AppData\Local\Temp\ccNW8aPa.s:2449   .debug_str:0000000000000016 .LASF97
C:\Users\zero6575\AppData\Local\Temp\ccNW8aPa.s:3161   .debug_str:00000000000023b9 .LASF98
C:\Users\zero6575\AppData\Local\Temp\ccNW8aPa.s:3197   .debug_str:000000000000253b .LASF99
C:\Users\zero6575\AppData\Local\Temp\ccNW8aPa.s:2745   .debug_str:0000000000000f27 .LASF100
C:\Users\zero6575\AppData\Local\Temp\ccNW8aPa.s:3101   .debug_str:0000000000002127 .LASF101
C:\Users\zero6575\AppData\Local\Temp\ccNW8aPa.s:3163   .debug_str:00000000000023e6 .LASF102
C:\Users\zero6575\AppData\Local\Temp\ccNW8aPa.s:3171   .debug_str:0000000000002430 .LASF103
C:\Users\zero6575\AppData\Local\Temp\ccNW8aPa.s:2955   .debug_str:0000000000001a0c .LASF104
C:\Users\zero6575\AppData\Local\Temp\ccNW8aPa.s:2957   .debug_str:0000000000001a1f .LASF105
C:\Users\zero6575\AppData\Local\Temp\ccNW8aPa.s:2825   .debug_str:000000000000130b .LASF106
C:\Users\zero6575\AppData\Local\Temp\ccNW8aPa.s:3389   .debug_str:0000000000002e6a .LASF107
C:\Users\zero6575\AppData\Local\Temp\ccNW8aPa.s:2993   .debug_str:0000000000001bfb .LASF108
C:\Users\zero6575\AppData\Local\Temp\ccNW8aPa.s:2989   .debug_str:0000000000001bd2 .LASF109
C:\Users\zero6575\AppData\Local\Temp\ccNW8aPa.s:2951   .debug_str:00000000000019cf .LASF110
C:\Users\zero6575\AppData\Local\Temp\ccNW8aPa.s:2637   .debug_str:0000000000000a41 .LASF111
C:\Users\zero6575\AppData\Local\Temp\ccNW8aPa.s:2599   .debug_str:0000000000000857 .LASF112
C:\Users\zero6575\AppData\Local\Temp\ccNW8aPa.s:2683   .debug_str:0000000000000c8b .LASF113
C:\Users\zero6575\AppData\Local\Temp\ccNW8aPa.s:3559   .debug_str:00000000000037fd .LASF114
C:\Users\zero6575\AppData\Local\Temp\ccNW8aPa.s:3265   .debug_str:00000000000028a8 .LASF115
C:\Users\zero6575\AppData\Local\Temp\ccNW8aPa.s:3425   .debug_str:0000000000003042 .LASF116
C:\Users\zero6575\AppData\Local\Temp\ccNW8aPa.s:2949   .debug_str:00000000000019a7 .LASF117
C:\Users\zero6575\AppData\Local\Temp\ccNW8aPa.s:3475   .debug_str:0000000000003390 .LASF118
C:\Users\zero6575\AppData\Local\Temp\ccNW8aPa.s:2791   .debug_str:000000000000117d .LASF119
C:\Users\zero6575\AppData\Local\Temp\ccNW8aPa.s:2739   .debug_str:0000000000000ee0 .LASF120
C:\Users\zero6575\AppData\Local\Temp\ccNW8aPa.s:3115   .debug_str:00000000000021b6 .LASF121
C:\Users\zero6575\AppData\Local\Temp\ccNW8aPa.s:2733   .debug_str:0000000000000e8b .LASF122
C:\Users\zero6575\AppData\Local\Temp\ccNW8aPa.s:3169   .debug_str:0000000000002420 .LASF123
C:\Users\zero6575\AppData\Local\Temp\ccNW8aPa.s:3541   .debug_str:0000000000003703 .LASF124
C:\Users\zero6575\AppData\Local\Temp\ccNW8aPa.s:3107   .debug_str:0000000000002166 .LASF125
C:\Users\zero6575\AppData\Local\Temp\ccNW8aPa.s:3047   .debug_str:0000000000001e74 .LASF126
C:\Users\zero6575\AppData\Local\Temp\ccNW8aPa.s:2571   .debug_str:0000000000000718 .LASF127
C:\Users\zero6575\AppData\Local\Temp\ccNW8aPa.s:2559   .debug_str:00000000000006b4 .LASF128
C:\Users\zero6575\AppData\Local\Temp\ccNW8aPa.s:3523   .debug_str:0000000000003624 .LASF129
C:\Users\zero6575\AppData\Local\Temp\ccNW8aPa.s:2715   .debug_str:0000000000000db4 .LASF130
C:\Users\zero6575\AppData\Local\Temp\ccNW8aPa.s:2473   .debug_str:000000000000016a .LASF131
C:\Users\zero6575\AppData\Local\Temp\ccNW8aPa.s:3067   .debug_str:0000000000001fbf .LASF132
C:\Users\zero6575\AppData\Local\Temp\ccNW8aPa.s:3095   .debug_str:00000000000020dc .LASF133
C:\Users\zero6575\AppData\Local\Temp\ccNW8aPa.s:2511   .debug_str:0000000000000367 .LASF134
C:\Users\zero6575\AppData\Local\Temp\ccNW8aPa.s:3601   .debug_str:0000000000003a1d .LASF135
C:\Users\zero6575\AppData\Local\Temp\ccNW8aPa.s:2835   .debug_str:0000000000001383 .LASF136
C:\Users\zero6575\AppData\Local\Temp\ccNW8aPa.s:2907   .debug_str:00000000000017ba .LASF137
C:\Users\zero6575\AppData\Local\Temp\ccNW8aPa.s:3291   .debug_str:00000000000029bc .LASF138
C:\Users\zero6575\AppData\Local\Temp\ccNW8aPa.s:2735   .debug_str:0000000000000ea7 .LASF139
C:\Users\zero6575\AppData\Local\Temp\ccNW8aPa.s:2483   .debug_str:0000000000000230 .LASF140
C:\Users\zero6575\AppData\Local\Temp\ccNW8aPa.s:3261   .debug_str:0000000000002886 .LASF141
C:\Users\zero6575\AppData\Local\Temp\ccNW8aPa.s:2721   .debug_str:0000000000000e00 .LASF142
C:\Users\zero6575\AppData\Local\Temp\ccNW8aPa.s:2975   .debug_str:0000000000001b26 .LASF143
C:\Users\zero6575\AppData\Local\Temp\ccNW8aPa.s:3143   .debug_str:00000000000022ae .LASF144
C:\Users\zero6575\AppData\Local\Temp\ccNW8aPa.s:2931   .debug_str:00000000000018ec .LASF145
C:\Users\zero6575\AppData\Local\Temp\ccNW8aPa.s:3471   .debug_str:0000000000003358 .LASF146
C:\Users\zero6575\AppData\Local\Temp\ccNW8aPa.s:3417   .debug_str:0000000000002fe6 .LASF147
C:\Users\zero6575\AppData\Local\Temp\ccNW8aPa.s:2753   .debug_str:0000000000000f7b .LASF148
C:\Users\zero6575\AppData\Local\Temp\ccNW8aPa.s:3335   .debug_str:0000000000002be6 .LASF149
C:\Users\zero6575\AppData\Local\Temp\ccNW8aPa.s:2713   .debug_str:0000000000000da6 .LASF150
C:\Users\zero6575\AppData\Local\Temp\ccNW8aPa.s:3529   .debug_str:000000000000366e .LASF151
C:\Users\zero6575\AppData\Local\Temp\ccNW8aPa.s:2463   .debug_str:00000000000000cd .LASF152
C:\Users\zero6575\AppData\Local\Temp\ccNW8aPa.s:3395   .debug_str:0000000000002ec6 .LASF153
C:\Users\zero6575\AppData\Local\Temp\ccNW8aPa.s:2877   .debug_str:00000000000015f9 .LASF154
C:\Users\zero6575\AppData\Local\Temp\ccNW8aPa.s:3211   .debug_str:00000000000025f9 .LASF155
C:\Users\zero6575\AppData\Local\Temp\ccNW8aPa.s:2911   .debug_str:00000000000017f4 .LASF156
C:\Users\zero6575\AppData\Local\Temp\ccNW8aPa.s:3413   .debug_str:0000000000002f9e .LASF157
C:\Users\zero6575\AppData\Local\Temp\ccNW8aPa.s:3465   .debug_str:00000000000032f0 .LASF158
C:\Users\zero6575\AppData\Local\Temp\ccNW8aPa.s:2553   .debug_str:000000000000063f .LASF159
C:\Users\zero6575\AppData\Local\Temp\ccNW8aPa.s:3599   .debug_str:0000000000003a08 .LASF160
C:\Users\zero6575\AppData\Local\Temp\ccNW8aPa.s:3071   .debug_str:0000000000001ff8 .LASF161
C:\Users\zero6575\AppData\Local\Temp\ccNW8aPa.s:3481   .debug_str:00000000000033d4 .LASF162
C:\Users\zero6575\AppData\Local\Temp\ccNW8aPa.s:2573   .debug_str:000000000000072e .LASF163
C:\Users\zero6575\AppData\Local\Temp\ccNW8aPa.s:3595   .debug_str:00000000000039e3 .LASF164
C:\Users\zero6575\AppData\Local\Temp\ccNW8aPa.s:2509   .debug_str:000000000000034f .LASF165
C:\Users\zero6575\AppData\Local\Temp\ccNW8aPa.s:2913   .debug_str:000000000000182b .LASF166
C:\Users\zero6575\AppData\Local\Temp\ccNW8aPa.s:3085   .debug_str:0000000000002082 .LASF167
C:\Users\zero6575\AppData\Local\Temp\ccNW8aPa.s:3503   .debug_str:0000000000003510 .LASF168
C:\Users\zero6575\AppData\Local\Temp\ccNW8aPa.s:3603   .debug_str:0000000000003a35 .LASF169
C:\Users\zero6575\AppData\Local\Temp\ccNW8aPa.s:2849   .debug_str:0000000000001445 .LASF170
C:\Users\zero6575\AppData\Local\Temp\ccNW8aPa.s:3023   .debug_str:0000000000001d0b .LASF171
C:\Users\zero6575\AppData\Local\Temp\ccNW8aPa.s:3577   .debug_str:00000000000038f6 .LASF172
C:\Users\zero6575\AppData\Local\Temp\ccNW8aPa.s:2481   .debug_str:00000000000001e7 .LASF173
C:\Users\zero6575\AppData\Local\Temp\ccNW8aPa.s:3545   .debug_str:000000000000373e .LASF174
C:\Users\zero6575\AppData\Local\Temp\ccNW8aPa.s:3473   .debug_str:0000000000003379 .LASF175
C:\Users\zero6575\AppData\Local\Temp\ccNW8aPa.s:2759   .debug_str:0000000000000fea .LASF176
C:\Users\zero6575\AppData\Local\Temp\ccNW8aPa.s:2495   .debug_str:00000000000002b4 .LASF177
C:\Users\zero6575\AppData\Local\Temp\ccNW8aPa.s:2737   .debug_str:0000000000000ed0 .LASF178
C:\Users\zero6575\AppData\Local\Temp\ccNW8aPa.s:3215   .debug_str:0000000000002622 .LASF179
C:\Users\zero6575\AppData\Local\Temp\ccNW8aPa.s:2921   .debug_str:000000000000188d .LASF180
C:\Users\zero6575\AppData\Local\Temp\ccNW8aPa.s:2771   .debug_str:000000000000107a .LASF181
C:\Users\zero6575\AppData\Local\Temp\ccNW8aPa.s:3571   .debug_str:000000000000388b .LASF182
C:\Users\zero6575\AppData\Local\Temp\ccNW8aPa.s:3345   .debug_str:0000000000002c5b .LASF183
C:\Users\zero6575\AppData\Local\Temp\ccNW8aPa.s:3421   .debug_str:0000000000003004 .LASF184
C:\Users\zero6575\AppData\Local\Temp\ccNW8aPa.s:2865   .debug_str:000000000000151a .LASF185
C:\Users\zero6575\AppData\Local\Temp\ccNW8aPa.s:2619   .debug_str:0000000000000956 .LASF186
C:\Users\zero6575\AppData\Local\Temp\ccNW8aPa.s:2879   .debug_str:000000000000160f .LASF187
C:\Users\zero6575\AppData\Local\Temp\ccNW8aPa.s:2643   .debug_str:0000000000000a8b .LASF188
C:\Users\zero6575\AppData\Local\Temp\ccNW8aPa.s:3589   .debug_str:00000000000039b1 .LASF189
C:\Users\zero6575\AppData\Local\Temp\ccNW8aPa.s:3141   .debug_str:0000000000002296 .LASF190
C:\Users\zero6575\AppData\Local\Temp\ccNW8aPa.s:3269   .debug_str:00000000000028be .LASF191
C:\Users\zero6575\AppData\Local\Temp\ccNW8aPa.s:2485   .debug_str:0000000000000253 .LASF192
C:\Users\zero6575\AppData\Local\Temp\ccNW8aPa.s:2923   .debug_str:00000000000018a9 .LASF193
C:\Users\zero6575\AppData\Local\Temp\ccNW8aPa.s:2915   .debug_str:0000000000001845 .LASF194
C:\Users\zero6575\AppData\Local\Temp\ccNW8aPa.s:2621   .debug_str:0000000000000990 .LASF195
C:\Users\zero6575\AppData\Local\Temp\ccNW8aPa.s:2981   .debug_str:0000000000001b79 .LASF196
C:\Users\zero6575\AppData\Local\Temp\ccNW8aPa.s:3553   .debug_str:00000000000037c2 .LASF197
C:\Users\zero6575\AppData\Local\Temp\ccNW8aPa.s:2859   .debug_str:00000000000014cd .LASF198
C:\Users\zero6575\AppData\Local\Temp\ccNW8aPa.s:2575   .debug_str:0000000000000742 .LASF199
C:\Users\zero6575\AppData\Local\Temp\ccNW8aPa.s:3575   .debug_str:00000000000038bb .LASF200
C:\Users\zero6575\AppData\Local\Temp\ccNW8aPa.s:3229   .debug_str:00000000000026e2 .LASF201
C:\Users\zero6575\AppData\Local\Temp\ccNW8aPa.s:3157   .debug_str:0000000000002369 .LASF202
C:\Users\zero6575\AppData\Local\Temp\ccNW8aPa.s:2697   .debug_str:0000000000000cfc .LASF203
C:\Users\zero6575\AppData\Local\Temp\ccNW8aPa.s:2455   .debug_str:000000000000007f .LASF204
C:\Users\zero6575\AppData\Local\Temp\ccNW8aPa.s:2729   .debug_str:0000000000000e5b .LASF205
C:\Users\zero6575\AppData\Local\Temp\ccNW8aPa.s:2609   .debug_str:00000000000008d1 .LASF206
C:\Users\zero6575\AppData\Local\Temp\ccNW8aPa.s:2649   .debug_str:0000000000000aee .LASF207
C:\Users\zero6575\AppData\Local\Temp\ccNW8aPa.s:3467   .debug_str:000000000000332a .LASF208
C:\Users\zero6575\AppData\Local\Temp\ccNW8aPa.s:2823   .debug_str:00000000000012ef .LASF209
C:\Users\zero6575\AppData\Local\Temp\ccNW8aPa.s:2461   .debug_str:00000000000000b6 .LASF210
C:\Users\zero6575\AppData\Local\Temp\ccNW8aPa.s:2795   .debug_str:00000000000011d5 .LASF211
C:\Users\zero6575\AppData\Local\Temp\ccNW8aPa.s:2897   .debug_str:000000000000172a .LASF212
C:\Users\zero6575\AppData\Local\Temp\ccNW8aPa.s:3041   .debug_str:0000000000001e17 .LASF213
C:\Users\zero6575\AppData\Local\Temp\ccNW8aPa.s:2547   .debug_str:00000000000005db .LASF214
C:\Users\zero6575\AppData\Local\Temp\ccNW8aPa.s:3325   .debug_str:0000000000002b52 .LASF215
C:\Users\zero6575\AppData\Local\Temp\ccNW8aPa.s:3549   .debug_str:0000000000003765 .LASF216
C:\Users\zero6575\AppData\Local\Temp\ccNW8aPa.s:2927   .debug_str:00000000000018cd .LASF217
C:\Users\zero6575\AppData\Local\Temp\ccNW8aPa.s:2767   .debug_str:000000000000103f .LASF218
C:\Users\zero6575\AppData\Local\Temp\ccNW8aPa.s:2451   .debug_str:0000000000000034 .LASF219
C:\Users\zero6575\AppData\Local\Temp\ccNW8aPa.s:3403   .debug_str:0000000000002f32 .LASF220
C:\Users\zero6575\AppData\Local\Temp\ccNW8aPa.s:2861   .debug_str:00000000000014e5 .LASF221
C:\Users\zero6575\AppData\Local\Temp\ccNW8aPa.s:2725   .debug_str:0000000000000e2f .LASF222
C:\Users\zero6575\AppData\Local\Temp\ccNW8aPa.s:3151   .debug_str:0000000000002309 .LASF223
C:\Users\zero6575\AppData\Local\Temp\ccNW8aPa.s:2751   .debug_str:0000000000000f62 .LASF224
C:\Users\zero6575\AppData\Local\Temp\ccNW8aPa.s:2841   .debug_str:00000000000013b7 .LASF225
C:\Users\zero6575\AppData\Local\Temp\ccNW8aPa.s:3341   .debug_str:0000000000002c20 .LASF226
C:\Users\zero6575\AppData\Local\Temp\ccNW8aPa.s:2675   .debug_str:0000000000000bf9 .LASF227
C:\Users\zero6575\AppData\Local\Temp\ccNW8aPa.s:2843   .debug_str:00000000000013d2 .LASF228
C:\Users\zero6575\AppData\Local\Temp\ccNW8aPa.s:3299   .debug_str:0000000000002a0f .LASF229
C:\Users\zero6575\AppData\Local\Temp\ccNW8aPa.s:3517   .debug_str:00000000000035ad .LASF230
C:\Users\zero6575\AppData\Local\Temp\ccNW8aPa.s:3585   .debug_str:000000000000397d .LASF231
C:\Users\zero6575\AppData\Local\Temp\ccNW8aPa.s:2663   .debug_str:0000000000000b7f .LASF232
C:\Users\zero6575\AppData\Local\Temp\ccNW8aPa.s:2673   .debug_str:0000000000000bde .LASF233
C:\Users\zero6575\AppData\Local\Temp\ccNW8aPa.s:3007   .debug_str:0000000000001c8c .LASF234
C:\Users\zero6575\AppData\Local\Temp\ccNW8aPa.s:3005   .debug_str:0000000000001c7a .LASF235
C:\Users\zero6575\AppData\Local\Temp\ccNW8aPa.s:3257   .debug_str:0000000000002857 .LASF236
C:\Users\zero6575\AppData\Local\Temp\ccNW8aPa.s:3241   .debug_str:000000000000278f .LASF237
C:\Users\zero6575\AppData\Local\Temp\ccNW8aPa.s:2471   .debug_str:0000000000000152 .LASF238
C:\Users\zero6575\AppData\Local\Temp\ccNW8aPa.s:3543   .debug_str:0000000000003724 .LASF239
C:\Users\zero6575\AppData\Local\Temp\ccNW8aPa.s:2507   .debug_str:0000000000000335 .LASF240
C:\Users\zero6575\AppData\Local\Temp\ccNW8aPa.s:2517   .debug_str:00000000000003e2 .LASF241
C:\Users\zero6575\AppData\Local\Temp\ccNW8aPa.s:3055   .debug_str:0000000000001ee4 .LASF242
C:\Users\zero6575\AppData\Local\Temp\ccNW8aPa.s:2883   .debug_str:0000000000001674 .LASF243
C:\Users\zero6575\AppData\Local\Temp\ccNW8aPa.s:2755   .debug_str:0000000000000f8b .LASF244
C:\Users\zero6575\AppData\Local\Temp\ccNW8aPa.s:2933   .debug_str:0000000000001902 .LASF245
C:\Users\zero6575\AppData\Local\Temp\ccNW8aPa.s:2661   .debug_str:0000000000000b65 .LASF246
C:\Users\zero6575\AppData\Local\Temp\ccNW8aPa.s:3501   .debug_str:00000000000034f5 .LASF247
C:\Users\zero6575\AppData\Local\Temp\ccNW8aPa.s:3097   .debug_str:00000000000020f4 .LASF248
C:\Users\zero6575\AppData\Local\Temp\ccNW8aPa.s:2817   .debug_str:00000000000012b0 .LASF249
C:\Users\zero6575\AppData\Local\Temp\ccNW8aPa.s:2705   .debug_str:0000000000000d4f .LASF250
C:\Users\zero6575\AppData\Local\Temp\ccNW8aPa.s:2833   .debug_str:0000000000001365 .LASF251
C:\Users\zero6575\AppData\Local\Temp\ccNW8aPa.s:2595   .debug_str:000000000000082b .LASF252
C:\Users\zero6575\AppData\Local\Temp\ccNW8aPa.s:3145   .debug_str:00000000000022c6 .LASF253
C:\Users\zero6575\AppData\Local\Temp\ccNW8aPa.s:3173   .debug_str:0000000000002452 .LASF254
C:\Users\zero6575\AppData\Local\Temp\ccNW8aPa.s:2793   .debug_str:0000000000001196 .LASF255
C:\Users\zero6575\AppData\Local\Temp\ccNW8aPa.s:3219   .debug_str:000000000000264e .LASF256
C:\Users\zero6575\AppData\Local\Temp\ccNW8aPa.s:2477   .debug_str:000000000000018c .LASF257
C:\Users\zero6575\AppData\Local\Temp\ccNW8aPa.s:2465   .debug_str:00000000000000e6 .LASF258
C:\Users\zero6575\AppData\Local\Temp\ccNW8aPa.s:2819   .debug_str:00000000000012c2 .LASF259
C:\Users\zero6575\AppData\Local\Temp\ccNW8aPa.s:3253   .debug_str:0000000000002824 .LASF260
C:\Users\zero6575\AppData\Local\Temp\ccNW8aPa.s:3069   .debug_str:0000000000001fdd .LASF261
C:\Users\zero6575\AppData\Local\Temp\ccNW8aPa.s:3155   .debug_str:0000000000002354 .LASF262
C:\Users\zero6575\AppData\Local\Temp\ccNW8aPa.s:3407   .debug_str:0000000000002f58 .LASF263
C:\Users\zero6575\AppData\Local\Temp\ccNW8aPa.s:2821   .debug_str:00000000000012da .LASF264
C:\Users\zero6575\AppData\Local\Temp\ccNW8aPa.s:3289   .debug_str:00000000000029a6 .LASF265
C:\Users\zero6575\AppData\Local\Temp\ccNW8aPa.s:2973   .debug_str:0000000000001b0a .LASF266
C:\Users\zero6575\AppData\Local\Temp\ccNW8aPa.s:2587   .debug_str:00000000000007e2 .LASF267
C:\Users\zero6575\AppData\Local\Temp\ccNW8aPa.s:3065   .debug_str:0000000000001f98 .LASF268
C:\Users\zero6575\AppData\Local\Temp\ccNW8aPa.s:3597   .debug_str:00000000000039f2 .LASF269
C:\Users\zero6575\AppData\Local\Temp\ccNW8aPa.s:2941   .debug_str:0000000000001960 .LASF270
C:\Users\zero6575\AppData\Local\Temp\ccNW8aPa.s:3239   .debug_str:0000000000002779 .LASF271
C:\Users\zero6575\AppData\Local\Temp\ccNW8aPa.s:3573   .debug_str:00000000000038a4 .LASF272
C:\Users\zero6575\AppData\Local\Temp\ccNW8aPa.s:2779   .debug_str:00000000000010e1 .LASF273
C:\Users\zero6575\AppData\Local\Temp\ccNW8aPa.s:2479   .debug_str:00000000000001cd .LASF274
C:\Users\zero6575\AppData\Local\Temp\ccNW8aPa.s:2453   .debug_str:000000000000004e .LASF275
C:\Users\zero6575\AppData\Local\Temp\ccNW8aPa.s:2807   .debug_str:0000000000001258 .LASF276
C:\Users\zero6575\AppData\Local\Temp\ccNW8aPa.s:2741   .debug_str:0000000000000ef9 .LASF277
C:\Users\zero6575\AppData\Local\Temp\ccNW8aPa.s:3189   .debug_str:00000000000024f3 .LASF278
C:\Users\zero6575\AppData\Local\Temp\ccNW8aPa.s:3255   .debug_str:000000000000283e .LASF279
C:\Users\zero6575\AppData\Local\Temp\ccNW8aPa.s:3535   .debug_str:000000000000369c .LASF280
C:\Users\zero6575\AppData\Local\Temp\ccNW8aPa.s:2747   .debug_str:0000000000000f39 .LASF281
C:\Users\zero6575\AppData\Local\Temp\ccNW8aPa.s:3489   .debug_str:000000000000342d .LASF282
C:\Users\zero6575\AppData\Local\Temp\ccNW8aPa.s:3227   .debug_str:00000000000026cd .LASF283
C:\Users\zero6575\AppData\Local\Temp\ccNW8aPa.s:3355   .debug_str:0000000000002cba .LASF284
C:\Users\zero6575\AppData\Local\Temp\ccNW8aPa.s:2869   .debug_str:0000000000001567 .LASF285
C:\Users\zero6575\AppData\Local\Temp\ccNW8aPa.s:2891   .debug_str:00000000000016e6 .LASF286
C:\Users\zero6575\AppData\Local\Temp\ccNW8aPa.s:2899   .debug_str:0000000000001743 .LASF287
C:\Users\zero6575\AppData\Local\Temp\ccNW8aPa.s:2491   .debug_str:000000000000027a .LASF288
C:\Users\zero6575\AppData\Local\Temp\ccNW8aPa.s:3029   .debug_str:0000000000001d8b .LASF289
C:\Users\zero6575\AppData\Local\Temp\ccNW8aPa.s:2983   .debug_str:0000000000001b8f .LASF290
C:\Users\zero6575\AppData\Local\Temp\ccNW8aPa.s:2513   .debug_str:000000000000038e .LASF291
C:\Users\zero6575\AppData\Local\Temp\ccNW8aPa.s:3361   .debug_str:0000000000002d01 .LASF292
C:\Users\zero6575\AppData\Local\Temp\ccNW8aPa.s:3207   .debug_str:00000000000025be .LASF293
C:\Users\zero6575\AppData\Local\Temp\ccNW8aPa.s:3453   .debug_str:000000000000325b .LASF294
C:\Users\zero6575\AppData\Local\Temp\ccNW8aPa.s:2781   .debug_str:0000000000001107 .LASF295
C:\Users\zero6575\AppData\Local\Temp\ccNW8aPa.s:3003   .debug_str:0000000000001c5c .LASF296
C:\Users\zero6575\AppData\Local\Temp\ccNW8aPa.s:3393   .debug_str:0000000000002ea7 .LASF297
C:\Users\zero6575\AppData\Local\Temp\ccNW8aPa.s:3059   .debug_str:0000000000001f45 .LASF298
C:\Users\zero6575\AppData\Local\Temp\ccNW8aPa.s:3343   .debug_str:0000000000002c3a .LASF299
C:\Users\zero6575\AppData\Local\Temp\ccNW8aPa.s:3061   .debug_str:0000000000001f69 .LASF300
C:\Users\zero6575\AppData\Local\Temp\ccNW8aPa.s:3581   .debug_str:0000000000003949 .LASF301
C:\Users\zero6575\AppData\Local\Temp\ccNW8aPa.s:2667   .debug_str:0000000000000ba8 .LASF302
C:\Users\zero6575\AppData\Local\Temp\ccNW8aPa.s:3149   .debug_str:00000000000022f4 .LASF303
C:\Users\zero6575\AppData\Local\Temp\ccNW8aPa.s:2521   .debug_str:000000000000043a .LASF304
C:\Users\zero6575\AppData\Local\Temp\ccNW8aPa.s:2801   .debug_str:0000000000001218 .LASF305
C:\Users\zero6575\AppData\Local\Temp\ccNW8aPa.s:3487   .debug_str:0000000000003423 .LASF306
C:\Users\zero6575\AppData\Local\Temp\ccNW8aPa.s:2847   .debug_str:0000000000001430 .LASF307
C:\Users\zero6575\AppData\Local\Temp\ccNW8aPa.s:2947   .debug_str:0000000000001996 .LASF308
C:\Users\zero6575\AppData\Local\Temp\ccNW8aPa.s:2623   .debug_str:00000000000009ab .LASF309
C:\Users\zero6575\AppData\Local\Temp\ccNW8aPa.s:3263   .debug_str:000000000000289a .LASF310
C:\Users\zero6575\AppData\Local\Temp\ccNW8aPa.s:2645   .debug_str:0000000000000acc .LASF311
C:\Users\zero6575\AppData\Local\Temp\ccNW8aPa.s:3137   .debug_str:0000000000002275 .LASF312
C:\Users\zero6575\AppData\Local\Temp\ccNW8aPa.s:3351   .debug_str:0000000000002c97 .LASF313
C:\Users\zero6575\AppData\Local\Temp\ccNW8aPa.s:2505   .debug_str:000000000000031d .LASF314
C:\Users\zero6575\AppData\Local\Temp\ccNW8aPa.s:3053   .debug_str:0000000000001eda .LASF315
C:\Users\zero6575\AppData\Local\Temp\ccNW8aPa.s:2995   .debug_str:0000000000001c13 .LASF316
C:\Users\zero6575\AppData\Local\Temp\ccNW8aPa.s:3349   .debug_str:0000000000002c82 .LASF317
C:\Users\zero6575\AppData\Local\Temp\ccNW8aPa.s:2987   .debug_str:0000000000001bbc .LASF318
C:\Users\zero6575\AppData\Local\Temp\ccNW8aPa.s:3443   .debug_str:00000000000031f9 .LASF319
C:\Users\zero6575\AppData\Local\Temp\ccNW8aPa.s:2709   .debug_str:0000000000000d7c .LASF320
C:\Users\zero6575\AppData\Local\Temp\ccNW8aPa.s:2769   .debug_str:0000000000001058 .LASF321
C:\Users\zero6575\AppData\Local\Temp\ccNW8aPa.s:2789   .debug_str:0000000000001173 .LASF322
C:\Users\zero6575\AppData\Local\Temp\ccNW8aPa.s:3125   .debug_str:000000000000220b .LASF323
C:\Users\zero6575\AppData\Local\Temp\ccNW8aPa.s:2493   .debug_str:000000000000029f .LASF324
C:\Users\zero6575\AppData\Local\Temp\ccNW8aPa.s:2961   .debug_str:0000000000001a60 .LASF325
C:\Users\zero6575\AppData\Local\Temp\ccNW8aPa.s:2703   .debug_str:0000000000000d2a .LASF326
C:\Users\zero6575\AppData\Local\Temp\ccNW8aPa.s:2815   .debug_str:000000000000129a .LASF327
C:\Users\zero6575\AppData\Local\Temp\ccNW8aPa.s:3177   .debug_str:0000000000002478 .LASF328
C:\Users\zero6575\AppData\Local\Temp\ccNW8aPa.s:2687   .debug_str:0000000000000cae .LASF329
C:\Users\zero6575\AppData\Local\Temp\ccNW8aPa.s:3469   .debug_str:0000000000003344 .LASF330
C:\Users\zero6575\AppData\Local\Temp\ccNW8aPa.s:2711   .debug_str:0000000000000d95 .LASF331
C:\Users\zero6575\AppData\Local\Temp\ccNW8aPa.s:3037   .debug_str:0000000000001deb .LASF332
C:\Users\zero6575\AppData\Local\Temp\ccNW8aPa.s:2525   .debug_str:00000000000004a2 .LASF333
C:\Users\zero6575\AppData\Local\Temp\ccNW8aPa.s:3043   .debug_str:0000000000001e53 .LASF334
C:\Users\zero6575\AppData\Local\Temp\ccNW8aPa.s:3321   .debug_str:0000000000002b2d .LASF335
C:\Users\zero6575\AppData\Local\Temp\ccNW8aPa.s:2909   .debug_str:00000000000017da .LASF336
C:\Users\zero6575\AppData\Local\Temp\ccNW8aPa.s:3223   .debug_str:000000000000269f .LASF337
C:\Users\zero6575\AppData\Local\Temp\ccNW8aPa.s:3365   .debug_str:0000000000002d49 .LASF338
C:\Users\zero6575\AppData\Local\Temp\ccNW8aPa.s:2447   .debug_str:0000000000000000 .LASF339
C:\Users\zero6575\AppData\Local\Temp\ccNW8aPa.s:2565   .debug_str:00000000000006f6 .LASF340
C:\Users\zero6575\AppData\Local\Temp\ccNW8aPa.s:3297   .debug_str:00000000000029f8 .LASF341
C:\Users\zero6575\AppData\Local\Temp\ccNW8aPa.s:2499   .debug_str:00000000000002ee .LASF342
C:\Users\zero6575\AppData\Local\Temp\ccNW8aPa.s:3447   .debug_str:0000000000003231 .LASF343
C:\Users\zero6575\AppData\Local\Temp\ccNW8aPa.s:3567   .debug_str:0000000000003861 .LASF344
C:\Users\zero6575\AppData\Local\Temp\ccNW8aPa.s:3093   .debug_str:00000000000020d0 .LASF345
C:\Users\zero6575\AppData\Local\Temp\ccNW8aPa.s:3185   .debug_str:00000000000024d2 .LASF346
C:\Users\zero6575\AppData\Local\Temp\ccNW8aPa.s:3505   .debug_str:0000000000003527 .LASF347
C:\Users\zero6575\AppData\Local\Temp\ccNW8aPa.s:2809   .debug_str:000000000000126f .LASF348
C:\Users\zero6575\AppData\Local\Temp\ccNW8aPa.s:3531   .debug_str:0000000000003685 .LASF349
C:\Users\zero6575\AppData\Local\Temp\ccNW8aPa.s:3139   .debug_str:0000000000002285 .LASF350
C:\Users\zero6575\AppData\Local\Temp\ccNW8aPa.s:3379   .debug_str:0000000000002dee .LASF351
C:\Users\zero6575\AppData\Local\Temp\ccNW8aPa.s:3279   .debug_str:0000000000002938 .LASF352
C:\Users\zero6575\AppData\Local\Temp\ccNW8aPa.s:2593   .debug_str:0000000000000816 .LASF353
C:\Users\zero6575\AppData\Local\Temp\ccNW8aPa.s:2551   .debug_str:000000000000062e .LASF354
C:\Users\zero6575\AppData\Local\Temp\ccNW8aPa.s:3593   .debug_str:00000000000039d7 .LASF355
C:\Users\zero6575\AppData\Local\Temp\ccNW8aPa.s:2945   .debug_str:000000000000198a .LASF356
C:\Users\zero6575\AppData\Local\Temp\ccNW8aPa.s:2527   .debug_str:00000000000004af .LASF357
C:\Users\zero6575\AppData\Local\Temp\ccNW8aPa.s:3519   .debug_str:00000000000035f3 .LASF358
C:\Users\zero6575\AppData\Local\Temp\ccNW8aPa.s:2685   .debug_str:0000000000000ca4 .LASF359
C:\Users\zero6575\AppData\Local\Temp\ccNW8aPa.s:3311   .debug_str:0000000000002aba .LASF360
C:\Users\zero6575\AppData\Local\Temp\ccNW8aPa.s:2567   .debug_str:0000000000000705 .LASF361
C:\Users\zero6575\AppData\Local\Temp\ccNW8aPa.s:3433   .debug_str:00000000000030ca .LASF362
C:\Users\zero6575\AppData\Local\Temp\ccNW8aPa.s:3281   .debug_str:0000000000002948 .LASF363
C:\Users\zero6575\AppData\Local\Temp\ccNW8aPa.s:3221   .debug_str:000000000000268d .LASF364
C:\Users\zero6575\AppData\Local\Temp\ccNW8aPa.s:2893   .debug_str:00000000000016f6 .LASF365
C:\Users\zero6575\AppData\Local\Temp\ccNW8aPa.s:2731   .debug_str:0000000000000e75 .LASF366
C:\Users\zero6575\AppData\Local\Temp\ccNW8aPa.s:2589   .debug_str:00000000000007fb .LASF367
C:\Users\zero6575\AppData\Local\Temp\ccNW8aPa.s:3369   .debug_str:0000000000002d7e .LASF368
C:\Users\zero6575\AppData\Local\Temp\ccNW8aPa.s:2539   .debug_str:0000000000000538 .LASF369
C:\Users\zero6575\AppData\Local\Temp\ccNW8aPa.s:3515   .debug_str:00000000000035a4 .LASF370
C:\Users\zero6575\AppData\Local\Temp\ccNW8aPa.s:3533   .debug_str:0000000000003692 .LASF371
C:\Users\zero6575\AppData\Local\Temp\ccNW8aPa.s:3159   .debug_str:00000000000023ab .LASF372
C:\Users\zero6575\AppData\Local\Temp\ccNW8aPa.s:2829   .debug_str:0000000000001332 .LASF373
C:\Users\zero6575\AppData\Local\Temp\ccNW8aPa.s:2799   .debug_str:000000000000120b .LASF374
C:\Users\zero6575\AppData\Local\Temp\ccNW8aPa.s:3013   .debug_str:0000000000001cbf .LASF375
C:\Users\zero6575\AppData\Local\Temp\ccNW8aPa.s:3193   .debug_str:000000000000251d .LASF376
C:\Users\zero6575\AppData\Local\Temp\ccNW8aPa.s:3381   .debug_str:0000000000002e02 .LASF377
C:\Users\zero6575\AppData\Local\Temp\ccNW8aPa.s:3017   .debug_str:0000000000001ce3 .LASF378
C:\Users\zero6575\AppData\Local\Temp\ccNW8aPa.s:2901   .debug_str:0000000000001768 .LASF379
C:\Users\zero6575\AppData\Local\Temp\ccNW8aPa.s:3435   .debug_str:00000000000030d4 .LASF380
C:\Users\zero6575\AppData\Local\Temp\ccNW8aPa.s:2693   .debug_str:0000000000000cd6 .LASF381
C:\Users\zero6575\AppData\Local\Temp\ccNW8aPa.s:3045   .debug_str:0000000000001e62 .LASF382
C:\Users\zero6575\AppData\Local\Temp\ccNW8aPa.s:2489   .debug_str:000000000000026e .LASF383
C:\Users\zero6575\AppData\Local\Temp\ccNW8aPa.s:3191   .debug_str:000000000000250b .LASF384
C:\Users\zero6575\AppData\Local\Temp\ccNW8aPa.s:2459   .debug_str:00000000000000a5 .LASF385
C:\Users\zero6575\AppData\Local\Temp\ccNW8aPa.s:2467   .debug_str:000000000000012c .LASF386
C:\Users\zero6575\AppData\Local\Temp\ccNW8aPa.s:2695   .debug_str:0000000000000ce9 .LASF387
C:\Users\zero6575\AppData\Local\Temp\ccNW8aPa.s:2533   .debug_str:0000000000000501 .LASF388
C:\Users\zero6575\AppData\Local\Temp\ccNW8aPa.s:2985   .debug_str:0000000000001bad .LASF389
C:\Users\zero6575\AppData\Local\Temp\ccNW8aPa.s:2839   .debug_str:00000000000013b2 .LASF390
C:\Users\zero6575\AppData\Local\Temp\ccNW8aPa.s:2885   .debug_str:00000000000016b5 .LASF391
C:\Users\zero6575\AppData\Local\Temp\ccNW8aPa.s:3133   .debug_str:000000000000224f .LASF392
C:\Users\zero6575\AppData\Local\Temp\ccNW8aPa.s:3491   .debug_str:0000000000003472 .LASF393
C:\Users\zero6575\AppData\Local\Temp\ccNW8aPa.s:3547   .debug_str:0000000000003753 .LASF394
C:\Users\zero6575\AppData\Local\Temp\ccNW8aPa.s:2603   .debug_str:0000000000000879 .LASF398
C:\Users\zero6575\AppData\Local\Temp\ccNW8aPa.s:2537   .debug_str:0000000000000520 .LASF399
C:\Users\zero6575\AppData\Local\Temp\ccNW8aPa.s:2615   .debug_str:0000000000000922 .LASF400
C:\Users\zero6575\AppData\Local\Temp\ccNW8aPa.s:3195   .debug_str:0000000000002528 .LASF401
C:\Users\zero6575\AppData\Local\Temp\ccNW8aPa.s:2917   .debug_str:000000000000185e .LASF402
C:\Users\zero6575\AppData\Local\Temp\ccNW8aPa.s:2523   .debug_str:000000000000044e .LASF403
C:\Users\zero6575\AppData\Local\Temp\ccNW8aPa.s:3201   .debug_str:0000000000002574 .LASF404
C:\Users\zero6575\AppData\Local\Temp\ccNW8aPa.s:3329   .debug_str:0000000000002ba8 .LASF405
C:\Users\zero6575\AppData\Local\Temp\ccNW8aPa.s:2851   .debug_str:0000000000001487 .LASF406
C:\Users\zero6575\AppData\Local\Temp\ccNW8aPa.s:3555   .debug_str:00000000000037da .LASF407
C:\Users\zero6575\AppData\Local\Temp\ccNW8aPa.s:3455   .debug_str:000000000000327a .LASF408
C:\Users\zero6575\AppData\Local\Temp\ccNW8aPa.s:3301   .debug_str:0000000000002a50 .LASF409
C:\Users\zero6575\AppData\Local\Temp\ccNW8aPa.s:3103   .debug_str:000000000000213c .LASF410
C:\Users\zero6575\AppData\Local\Temp\ccNW8aPa.s:2665   .debug_str:0000000000000b99 .LASF411
C:\Users\zero6575\AppData\Local\Temp\ccNW8aPa.s:2679   .debug_str:0000000000000c61 .LASF412
C:\Users\zero6575\AppData\Local\Temp\ccNW8aPa.s:3225   .debug_str:00000000000026ba .LASF413
C:\Users\zero6575\AppData\Local\Temp\ccNW8aPa.s:2837   .debug_str:00000000000013a2 .LASF414
C:\Users\zero6575\AppData\Local\Temp\ccNW8aPa.s:3295   .debug_str:00000000000029e8 .LASF415
C:\Users\zero6575\AppData\Local\Temp\ccNW8aPa.s:3337   .debug_str:0000000000002bfa .LASF416
C:\Users\zero6575\AppData\Local\Temp\ccNW8aPa.s:3275   .debug_str:000000000000290a .LASF417
C:\Users\zero6575\AppData\Local\Temp\ccNW8aPa.s:3415   .debug_str:0000000000002fd5 .LASF418
C:\Users\zero6575\AppData\Local\Temp\ccNW8aPa.s:3327   .debug_str:0000000000002b91 .LASF419
C:\Users\zero6575\AppData\Local\Temp\ccNW8aPa.s:2943   .debug_str:0000000000001979 .LASF420
C:\Users\zero6575\AppData\Local\Temp\ccNW8aPa.s:2727   .debug_str:0000000000000e4b .LASF421
C:\Users\zero6575\AppData\Local\Temp\ccNW8aPa.s:3409   .debug_str:0000000000002f70 .LASF422
C:\Users\zero6575\AppData\Local\Temp\ccNW8aPa.s:3251   .debug_str:000000000000280f .LASF423
C:\Users\zero6575\AppData\Local\Temp\ccNW8aPa.s:3347   .debug_str:0000000000002c6e .LASF424
C:\Users\zero6575\AppData\Local\Temp\ccNW8aPa.s:2581   .debug_str:00000000000007a7 .LASF425
C:\Users\zero6575\AppData\Local\Temp\ccNW8aPa.s:3259   .debug_str:0000000000002872 .LASF426
C:\Users\zero6575\AppData\Local\Temp\ccNW8aPa.s:2997   .debug_str:0000000000001c19 .LASF427
C:\Users\zero6575\AppData\Local\Temp\ccNW8aPa.s:2853   .debug_str:0000000000001499 .LASF428
C:\Users\zero6575\AppData\Local\Temp\ccNW8aPa.s:2805   .debug_str:0000000000001243 .LASF429
C:\Users\zero6575\AppData\Local\Temp\ccNW8aPa.s:3457   .debug_str:000000000000328a .LASF430
C:\Users\zero6575\AppData\Local\Temp\ccNW8aPa.s:2967   .debug_str:0000000000001ac2 .LASF431
C:\Users\zero6575\AppData\Local\Temp\ccNW8aPa.s:2991   .debug_str:0000000000001be0 .LASF432
C:\Users\zero6575\AppData\Local\Temp\ccNW8aPa.s:3283   .debug_str:0000000000002956 .LASF433
C:\Users\zero6575\AppData\Local\Temp\ccNW8aPa.s:3449   .debug_str:000000000000323d .LASF434
C:\Users\zero6575\AppData\Local\Temp\ccNW8aPa.s:2939   .debug_str:0000000000001950 .LASF435
C:\Users\zero6575\AppData\Local\Temp\ccNW8aPa.s:3109   .debug_str:000000000000217b .LASF436
C:\Users\zero6575\AppData\Local\Temp\ccNW8aPa.s:3267   .debug_str:00000000000028b7 .LASF437
C:\Users\zero6575\AppData\Local\Temp\ccNW8aPa.s:2591   .debug_str:000000000000080d .LASF438
C:\Users\zero6575\AppData\Local\Temp\ccNW8aPa.s:2487   .debug_str:0000000000000269 .LASF439
C:\Users\zero6575\AppData\Local\Temp\ccNW8aPa.s:2889   .debug_str:00000000000016e0 .LASF440
C:\Users\zero6575\AppData\Local\Temp\ccNW8aPa.s:3419   .debug_str:0000000000002ffc .LASF441
C:\Users\zero6575\AppData\Local\Temp\ccNW8aPa.s:2501   .debug_str:00000000000002f9 .LASF442
C:\Users\zero6575\AppData\Local\Temp\ccNW8aPa.s:2717   .debug_str:0000000000000dd2 .LASF443
C:\Users\zero6575\AppData\Local\Temp\ccNW8aPa.s:2723   .debug_str:0000000000000e25 .LASF444
C:\Users\zero6575\AppData\Local\Temp\ccNW8aPa.s:3461   .debug_str:00000000000032c8 .LASF445
C:\Users\zero6575\AppData\Local\Temp\ccNW8aPa.s:2631   .debug_str:0000000000000a13 .LASF446
C:\Users\zero6575\AppData\Local\Temp\ccNW8aPa.s:2569   .debug_str:000000000000070f .LASF447
C:\Users\zero6575\AppData\Local\Temp\ccNW8aPa.s:3083   .debug_str:0000000000002077 .LASF448
C:\Users\zero6575\AppData\Local\Temp\ccNW8aPa.s:2657   .debug_str:0000000000000b44 .LASF449
C:\Users\zero6575\AppData\Local\Temp\ccNW8aPa.s:2689   .debug_str:0000000000000cc4 .LASF450
C:\Users\zero6575\AppData\Local\Temp\ccNW8aPa.s:3033   .debug_str:0000000000001dcc .LASF451
C:\Users\zero6575\AppData\Local\Temp\ccNW8aPa.s:2647   .debug_str:0000000000000add .LASF452
C:\Users\zero6575\AppData\Local\Temp\ccNW8aPa.s:3127   .debug_str:000000000000221e .LASF453
C:\Users\zero6575\AppData\Local\Temp\ccNW8aPa.s:3293   .debug_str:00000000000029dc .LASF454
C:\Users\zero6575\AppData\Local\Temp\ccNW8aPa.s:3495   .debug_str:00000000000034c4 .LASF455
C:\Users\zero6575\AppData\Local\Temp\ccNW8aPa.s:3231   .debug_str:0000000000002720 .LASF456
C:\Users\zero6575\AppData\Local\Temp\ccNW8aPa.s:3203   .debug_str:00000000000025a1 .LASF457
C:\Users\zero6575\AppData\Local\Temp\ccNW8aPa.s:3353   .debug_str:0000000000002cb0 .LASF458
C:\Users\zero6575\AppData\Local\Temp\ccNW8aPa.s:2651   .debug_str:0000000000000aff .LASF459
C:\Users\zero6575\AppData\Local\Temp\ccNW8aPa.s:2457   .debug_str:0000000000000098 .LASF460
C:\Users\zero6575\AppData\Local\Temp\ccNW8aPa.s:3165   .debug_str:00000000000023ff .LASF461
C:\Users\zero6575\AppData\Local\Temp\ccNW8aPa.s:2749   .debug_str:0000000000000f54 .LASF462
C:\Users\zero6575\AppData\Local\Temp\ccNW8aPa.s:3075   .debug_str:0000000000002029 .LASF463
C:\Users\zero6575\AppData\Local\Temp\ccNW8aPa.s:3579   .debug_str:000000000000393b .LASF464
C:\Users\zero6575\AppData\Local\Temp\ccNW8aPa.s:2699   .debug_str:0000000000000d13 .LASF465
C:\Users\zero6575\AppData\Local\Temp\ccNW8aPa.s:2585   .debug_str:00000000000007d0 .LASF466
C:\Users\zero6575\AppData\Local\Temp\ccNW8aPa.s:2669   .debug_str:0000000000000bbd .LASF467
C:\Users\zero6575\AppData\Local\Temp\ccNW8aPa.s:3213   .debug_str:000000000000260f .LASF468
C:\Users\zero6575\AppData\Local\Temp\ccNW8aPa.s:3129   .debug_str:000000000000222a .LASF469
C:\Users\zero6575\AppData\Local\Temp\ccNW8aPa.s:2633   .debug_str:0000000000000a1b .LASF470
C:\Users\zero6575\AppData\Local\Temp\ccNW8aPa.s:3525   .debug_str:000000000000363b .LASF471
C:\Users\zero6575\AppData\Local\Temp\ccNW8aPa.s:3147   .debug_str:00000000000022e1 .LASF472
C:\Users\zero6575\AppData\Local\Temp\ccNW8aPa.s:2659   .debug_str:0000000000000b51 .LASF473
C:\Users\zero6575\AppData\Local\Temp\ccNW8aPa.s:3091   .debug_str:00000000000020bc .LASF474
C:\Users\zero6575\AppData\Local\Temp\ccNW8aPa.s:3539   .debug_str:00000000000036f0 .LASF475
C:\Users\zero6575\AppData\Local\Temp\ccNW8aPa.s:2783   .debug_str:0000000000001124 .LASF476
C:\Users\zero6575\AppData\Local\Temp\ccNW8aPa.s:3187   .debug_str:00000000000024df .LASF477
C:\Users\zero6575\AppData\Local\Temp\ccNW8aPa.s:3039   .debug_str:0000000000001e03 .LASF478
C:\Users\zero6575\AppData\Local\Temp\ccNW8aPa.s:3333   .debug_str:0000000000002bd1 .LASF479
C:\Users\zero6575\AppData\Local\Temp\ccNW8aPa.s:3009   .debug_str:0000000000001ca3 .LASF480
C:\Users\zero6575\AppData\Local\Temp\ccNW8aPa.s:3375   .debug_str:0000000000002dc7 .LASF481
C:\Users\zero6575\AppData\Local\Temp\ccNW8aPa.s:3391   .debug_str:0000000000002e8e .LASF482
C:\Users\zero6575\AppData\Local\Temp\ccNW8aPa.s:3073   .debug_str:000000000000200f .LASF483
C:\Users\zero6575\AppData\Local\Temp\ccNW8aPa.s:3537   .debug_str:00000000000036d6 .LASF484
C:\Users\zero6575\AppData\Local\Temp\ccNW8aPa.s:3027   .debug_str:0000000000001d71 .LASF485
C:\Users\zero6575\AppData\Local\Temp\ccNW8aPa.s:3285   .debug_str:0000000000002971 .LASF486
C:\Users\zero6575\AppData\Local\Temp\ccNW8aPa.s:3179   .debug_str:000000000000248d .LASF487
C:\Users\zero6575\AppData\Local\Temp\ccNW8aPa.s:3079   .debug_str:0000000000002053 .LASF488
C:\Users\zero6575\AppData\Local\Temp\ccNW8aPa.s:2625   .debug_str:00000000000009b9 .LASF489
C:\Users\zero6575\AppData\Local\Temp\ccNW8aPa.s:3199   .debug_str:0000000000002553 .LASF490
C:\Users\zero6575\AppData\Local\Temp\ccNW8aPa.s:2639   .debug_str:0000000000000a5c .LASF491
C:\Users\zero6575\AppData\Local\Temp\ccNW8aPa.s:3123   .debug_str:00000000000021ed .LASF492
C:\Users\zero6575\AppData\Local\Temp\ccNW8aPa.s:3509   .debug_str:0000000000003546 .LASF493
C:\Users\zero6575\AppData\Local\Temp\ccNW8aPa.s:3479   .debug_str:00000000000033bc .LASF494
C:\Users\zero6575\AppData\Local\Temp\ccNW8aPa.s:3551   .debug_str:00000000000037a8 .LASF495
C:\Users\zero6575\AppData\Local\Temp\ccNW8aPa.s:2881   .debug_str:000000000000164b .LASF496
C:\Users\zero6575\AppData\Local\Temp\ccNW8aPa.s:3025   .debug_str:0000000000001d4d .LASF497
C:\Users\zero6575\AppData\Local\Temp\ccNW8aPa.s:3441   .debug_str:00000000000031d3 .LASF498
C:\Users\zero6575\AppData\Local\Temp\ccNW8aPa.s:2785   .debug_str:0000000000001138 .LASF499
C:\Users\zero6575\AppData\Local\Temp\ccNW8aPa.s:2519   .debug_str:0000000000000420 .LASF500
C:\Users\zero6575\AppData\Local\Temp\ccNW8aPa.s:2787   .debug_str:0000000000001157 .LASF501
C:\Users\zero6575\AppData\Local\Temp\ccNW8aPa.s:2871   .debug_str:000000000000157e .LASF502
C:\Users\zero6575\AppData\Local\Temp\ccNW8aPa.s:3371   .debug_str:0000000000002d8f .LASF503
C:\Users\zero6575\AppData\Local\Temp\ccNW8aPa.s:3427   .debug_str:000000000000305b .LASF504
C:\Users\zero6575\AppData\Local\Temp\ccNW8aPa.s:3077   .debug_str:0000000000002034 .LASF505
C:\Users\zero6575\AppData\Local\Temp\ccNW8aPa.s:3569   .debug_str:0000000000003871 .LASF506
C:\Users\zero6575\AppData\Local\Temp\ccNW8aPa.s:3463   .debug_str:00000000000032d4 .LASF507
C:\Users\zero6575\AppData\Local\Temp\ccNW8aPa.s:2959   .debug_str:0000000000001a35 .LASF508
C:\Users\zero6575\AppData\Local\Temp\ccNW8aPa.s:2831   .debug_str:000000000000133f .LASF509
C:\Users\zero6575\AppData\Local\Temp\ccNW8aPa.s:3511   .debug_str:0000000000003563 .LASF510
C:\Users\zero6575\AppData\Local\Temp\ccNW8aPa.s:2845   .debug_str:0000000000001411 .LASF511
C:\Users\zero6575\AppData\Local\Temp\ccNW8aPa.s:2887   .debug_str:00000000000016c6 .LASF512
C:\Users\zero6575\AppData\Local\Temp\ccNW8aPa.s:3587   .debug_str:0000000000003995 .LASF513
C:\Users\zero6575\AppData\Local\Temp\ccNW8aPa.s:3397   .debug_str:0000000000002eda .LASF514
C:\Users\zero6575\AppData\Local\Temp\ccNW8aPa.s:2953   .debug_str:00000000000019e6 .LASF515
C:\Users\zero6575\AppData\Local\Temp\ccNW8aPa.s:2655   .debug_str:0000000000000b1c .LASF516
C:\Users\zero6575\AppData\Local\Temp\ccNW8aPa.s:2903   .debug_str:0000000000001773 .LASF517
C:\Users\zero6575\AppData\Local\Temp\ccNW8aPa.s:3521   .debug_str:0000000000003602 .LASF518
C:\Users\zero6575\AppData\Local\Temp\ccNW8aPa.s:3383   .debug_str:0000000000002e0c .LASF519
C:\Users\zero6575\AppData\Local\Temp\ccNW8aPa.s:2677   .debug_str:0000000000000c38 .LASF520
C:\Users\zero6575\AppData\Local\Temp\ccNW8aPa.s:3051   .debug_str:0000000000001eb6 .LASF521
C:\Users\zero6575\AppData\Local\Temp\ccNW8aPa.s:3247   .debug_str:00000000000027cc .LASF522
C:\Users\zero6575\AppData\Local\Temp\ccNW8aPa.s:2719   .debug_str:0000000000000dd7 .LASF523
C:\Users\zero6575\AppData\Local\Temp\ccNW8aPa.s:3459   .debug_str:00000000000032a4 .LASF524
C:\Users\zero6575\AppData\Local\Temp\ccNW8aPa.s:3363   .debug_str:0000000000002d23 .LASF525
C:\Users\zero6575\AppData\Local\Temp\ccNW8aPa.s:2529   .debug_str:00000000000004b8 .LASF526
C:\Users\zero6575\AppData\Local\Temp\ccNW8aPa.s:2497   .debug_str:00000000000002ca .LASF527
C:\Users\zero6575\AppData\Local\Temp\ccNW8aPa.s:3423   .debug_str:000000000000301c .LASF528
C:\Users\zero6575\AppData\Local\Temp\ccNW8aPa.s:3499   .debug_str:00000000000034d9 .LASF529
C:\Users\zero6575\AppData\Local\Temp\ccNW8aPa.s:3485   .debug_str:0000000000003406 .LASF530
C:\Users\zero6575\AppData\Local\Temp\ccNW8aPa.s:2775   .debug_str:00000000000010aa .LASF531
C:\Users\zero6575\AppData\Local\Temp\ccNW8aPa.s:3315   .debug_str:0000000000002acd .LASF532
C:\Users\zero6575\AppData\Local\Temp\ccNW8aPa.s:3319   .debug_str:0000000000002b01 .LASF533
C:\Users\zero6575\AppData\Local\Temp\ccNW8aPa.s:2545   .debug_str:00000000000005b4 .LASF534
C:\Users\zero6575\AppData\Local\Temp\ccNW8aPa.s:3359   .debug_str:0000000000002ce3 .LASF535
C:\Users\zero6575\AppData\Local\Temp\ccNW8aPa.s:3527   .debug_str:000000000000364f .LASF536
C:\Users\zero6575\AppData\Local\Temp\ccNW8aPa.s:3367   .debug_str:0000000000002d64 .LASF537
C:\Users\zero6575\AppData\Local\Temp\ccNW8aPa.s:3401   .debug_str:0000000000002f18 .LASF538
C:\Users\zero6575\AppData\Local\Temp\ccNW8aPa.s:2469   .debug_str:000000000000013a .LASF539
C:\Users\zero6575\AppData\Local\Temp\ccNW8aPa.s:3277   .debug_str:0000000000002920 .LASF540
C:\Users\zero6575\AppData\Local\Temp\ccNW8aPa.s:3565   .debug_str:000000000000384b .LASF541
C:\Users\zero6575\AppData\Local\Temp\ccNW8aPa.s:3049   .debug_str:0000000000001e9e .LASF542
C:\Users\zero6575\AppData\Local\Temp\ccNW8aPa.s:2963   .debug_str:0000000000001a8d .LASF543
C:\Users\zero6575\AppData\Local\Temp\ccNW8aPa.s:3015   .debug_str:0000000000001cc9 .LASF544
C:\Users\zero6575\AppData\Local\Temp\ccNW8aPa.s:2613   .debug_str:000000000000090a .LASF545
C:\Users\zero6575\AppData\Local\Temp\ccNW8aPa.s:3135   .debug_str:000000000000225b .LASF546
C:\Users\zero6575\AppData\Local\Temp\ccNW8aPa.s:3451   .debug_str:0000000000003243 .LASF547
C:\Users\zero6575\AppData\Local\Temp\ccNW8aPa.s:2503   .debug_str:0000000000000303 .LASF548
C:\Users\zero6575\AppData\Local\Temp\ccNW8aPa.s:3493   .debug_str:00000000000034aa .LASF549
C:\Users\zero6575\AppData\Local\Temp\ccNW8aPa.s:3317   .debug_str:0000000000002ae5 .LASF550
C:\Users\zero6575\AppData\Local\Temp\ccNW8aPa.s:2827   .debug_str:0000000000001326 .LASF552
C:\Users\zero6575\AppData\Local\Temp\ccNW8aPa.s:2691   .debug_str:0000000000000ccb .LASF553
C:\Users\zero6575\AppData\Local\Temp\ccNW8aPa.s:2701   .debug_str:0000000000000d23 .LASF554
C:\Users\zero6575\AppData\Local\Temp\ccNW8aPa.s:3563   .debug_str:0000000000003843 .LASF555
C:\Users\zero6575\AppData\Local\Temp\ccNW8aPa.s:2531   .debug_str:00000000000004e1 .LASF556
                           .group:0000000000000000 wm4.0.29db371e8b94e604acd9f4c2cef2c360
                           .group:0000000000000000 wm4.stddef.h.39.a38874c8f8a57e66301090908ec2a69f
                           .group:0000000000000000 wm4._newlib_version.h.4.9ba035841e762c3308916a0ce96032e7
                           .group:0000000000000000 wm4.features.h.33.318b64d71e0957639cfb30f1db1f7ec8
                           .group:0000000000000000 wm4._default_types.h.15.61e9869194cab90bdfa4c7fc42203a0e
                           .group:0000000000000000 wm4._intsup.h.10.b28b45fc63caeb010c3f7ee592257700
                           .group:0000000000000000 wm4._stdint.h.10.c24fa3af3bc1706662bb5593a907e841
                           .group:0000000000000000 wm4.stdint.h.23.d53047a68f4a85177f80b422d52785ed
                           .group:0000000000000000 wm4.stdbool.h.29.07dce69c3b78884144b7f7bd19483461

NO UNDEFINED SYMBOLS
