   1              		.file	"key.c"
   2              		.option nopic
   3              		.attribute arch, "rv64i2p0_m2p0_a2p0_c2p0"
   4              		.attribute unaligned_access, 0
   5              		.attribute stack_align, 16
   6              		.text
   7              	.Ltext0:
   8              		.cfi_sections	.debug_frame
   9              	.Letext0:
DEFINED SYMBOLS
                            *ABS*:0000000000000000 key.c
C:\Users\zero6575\AppData\Local\Temp\ccQiLS2P.s:57     .debug_abbrev:0000000000000000 .Ldebug_abbrev0
C:\Users\zero6575\AppData\Local\Temp\ccQiLS2P.s:2662   .debug_str:0000000000002f69 .LASF516
C:\Users\zero6575\AppData\Local\Temp\ccQiLS2P.s:2726   .debug_str:0000000000003368 .LASF517
C:\Users\zero6575\AppData\Local\Temp\ccQiLS2P.s:1852   .debug_str:00000000000004ce .LASF518
C:\Users\zero6575\AppData\Local\Temp\ccQiLS2P.s:1770   .debug_line:0000000000000000 .Ldebug_line0
C:\Users\zero6575\AppData\Local\Temp\ccQiLS2P.s:109    .debug_macro:0000000000000000 .Ldebug_macro0
C:\Users\zero6575\AppData\Local\Temp\ccQiLS2P.s:2716   .debug_str:00000000000032fb .LASF509
C:\Users\zero6575\AppData\Local\Temp\ccQiLS2P.s:2632   .debug_str:0000000000002db5 .LASF510
C:\Users\zero6575\AppData\Local\Temp\ccQiLS2P.s:2474   .debug_str:00000000000025c1 .LASF511
C:\Users\zero6575\AppData\Local\Temp\ccQiLS2P.s:2728   .debug_str:000000000000338b .LASF512
C:\Users\zero6575\AppData\Local\Temp\ccQiLS2P.s:1854   .debug_str:0000000000000530 .LASF513
C:\Users\zero6575\AppData\Local\Temp\ccQiLS2P.s:2484   .debug_str:0000000000002641 .LASF514
C:\Users\zero6575\AppData\Local\Temp\ccQiLS2P.s:2590   .debug_str:0000000000002b8e .LASF515
C:\Users\zero6575\AppData\Local\Temp\ccQiLS2P.s:11     .debug_info:0000000000000000 .Ldebug_info0
C:\Users\zero6575\AppData\Local\Temp\ccQiLS2P.s:191    .debug_macro:0000000000000000 .Ldebug_macro2
C:\Users\zero6575\AppData\Local\Temp\ccQiLS2P.s:2564   .debug_str:0000000000002a14 .LASF342
C:\Users\zero6575\AppData\Local\Temp\ccQiLS2P.s:2106   .debug_str:000000000000120e .LASF343
C:\Users\zero6575\AppData\Local\Temp\ccQiLS2P.s:2278   .debug_str:0000000000001ba2 .LASF344
C:\Users\zero6575\AppData\Local\Temp\ccQiLS2P.s:2034   .debug_str:0000000000000e58 .LASF345
C:\Users\zero6575\AppData\Local\Temp\ccQiLS2P.s:1222   .debug_macro:0000000000000000 .Ldebug_macro3
C:\Users\zero6575\AppData\Local\Temp\ccQiLS2P.s:1242   .debug_macro:0000000000000000 .Ldebug_macro4
C:\Users\zero6575\AppData\Local\Temp\ccQiLS2P.s:1307   .debug_macro:0000000000000000 .Ldebug_macro5
C:\Users\zero6575\AppData\Local\Temp\ccQiLS2P.s:1348   .debug_macro:0000000000000000 .Ldebug_macro6
C:\Users\zero6575\AppData\Local\Temp\ccQiLS2P.s:1470   .debug_macro:0000000000000000 .Ldebug_macro7
C:\Users\zero6575\AppData\Local\Temp\ccQiLS2P.s:1526   .debug_macro:0000000000000000 .Ldebug_macro8
C:\Users\zero6575\AppData\Local\Temp\ccQiLS2P.s:2098   .debug_str:00000000000011b6 .LASF499
C:\Users\zero6575\AppData\Local\Temp\ccQiLS2P.s:1738   .debug_macro:0000000000000000 .Ldebug_macro9
C:\Users\zero6575\AppData\Local\Temp\ccQiLS2P.s:2344   .debug_str:0000000000001f76 .LASF0
C:\Users\zero6575\AppData\Local\Temp\ccQiLS2P.s:2242   .debug_str:00000000000019ee .LASF1
C:\Users\zero6575\AppData\Local\Temp\ccQiLS2P.s:2390   .debug_str:0000000000002148 .LASF2
C:\Users\zero6575\AppData\Local\Temp\ccQiLS2P.s:1938   .debug_str:000000000000096b .LASF3
C:\Users\zero6575\AppData\Local\Temp\ccQiLS2P.s:2606   .debug_str:0000000000002c75 .LASF4
C:\Users\zero6575\AppData\Local\Temp\ccQiLS2P.s:1874   .debug_str:0000000000000671 .LASF5
C:\Users\zero6575\AppData\Local\Temp\ccQiLS2P.s:1848   .debug_str:00000000000004a5 .LASF6
C:\Users\zero6575\AppData\Local\Temp\ccQiLS2P.s:2376   .debug_str:00000000000020c3 .LASF7
C:\Users\zero6575\AppData\Local\Temp\ccQiLS2P.s:2546   .debug_str:000000000000291e .LASF8
C:\Users\zero6575\AppData\Local\Temp\ccQiLS2P.s:1956   .debug_str:0000000000000a45 .LASF9
C:\Users\zero6575\AppData\Local\Temp\ccQiLS2P.s:1902   .debug_str:0000000000000799 .LASF10
C:\Users\zero6575\AppData\Local\Temp\ccQiLS2P.s:2420   .debug_str:00000000000022ed .LASF11
C:\Users\zero6575\AppData\Local\Temp\ccQiLS2P.s:1888   .debug_str:0000000000000710 .LASF12
C:\Users\zero6575\AppData\Local\Temp\ccQiLS2P.s:2628   .debug_str:0000000000002d92 .LASF13
C:\Users\zero6575\AppData\Local\Temp\ccQiLS2P.s:2352   .debug_str:0000000000001fb3 .LASF14
C:\Users\zero6575\AppData\Local\Temp\ccQiLS2P.s:2300   .debug_str:0000000000001ccb .LASF15
C:\Users\zero6575\AppData\Local\Temp\ccQiLS2P.s:2282   .debug_str:0000000000001bd1 .LASF16
C:\Users\zero6575\AppData\Local\Temp\ccQiLS2P.s:2270   .debug_str:0000000000001b35 .LASF17
C:\Users\zero6575\AppData\Local\Temp\ccQiLS2P.s:2004   .debug_str:0000000000000cf0 .LASF18
C:\Users\zero6575\AppData\Local\Temp\ccQiLS2P.s:2350   .debug_str:0000000000001fa1 .LASF19
C:\Users\zero6575\AppData\Local\Temp\ccQiLS2P.s:2540   .debug_str:00000000000028d8 .LASF20
C:\Users\zero6575\AppData\Local\Temp\ccQiLS2P.s:1906   .debug_str:00000000000007bb .LASF21
C:\Users\zero6575\AppData\Local\Temp\ccQiLS2P.s:2326   .debug_str:0000000000001e6a .LASF22
C:\Users\zero6575\AppData\Local\Temp\ccQiLS2P.s:2374   .debug_str:00000000000020af .LASF23
C:\Users\zero6575\AppData\Local\Temp\ccQiLS2P.s:2054   .debug_str:0000000000000f59 .LASF24
C:\Users\zero6575\AppData\Local\Temp\ccQiLS2P.s:1868   .debug_str:0000000000000626 .LASF25
C:\Users\zero6575\AppData\Local\Temp\ccQiLS2P.s:2286   .debug_str:0000000000001bf3 .LASF26
C:\Users\zero6575\AppData\Local\Temp\ccQiLS2P.s:2736   .debug_str:00000000000033fc .LASF27
C:\Users\zero6575\AppData\Local\Temp\ccQiLS2P.s:2092   .debug_str:000000000000116a .LASF28
C:\Users\zero6575\AppData\Local\Temp\ccQiLS2P.s:1872   .debug_str:0000000000000657 .LASF29
C:\Users\zero6575\AppData\Local\Temp\ccQiLS2P.s:2454   .debug_str:0000000000002493 .LASF30
C:\Users\zero6575\AppData\Local\Temp\ccQiLS2P.s:1922   .debug_str:0000000000000884 .LASF31
C:\Users\zero6575\AppData\Local\Temp\ccQiLS2P.s:2408   .debug_str:0000000000002215 .LASF32
C:\Users\zero6575\AppData\Local\Temp\ccQiLS2P.s:2558   .debug_str:00000000000029b0 .LASF33
C:\Users\zero6575\AppData\Local\Temp\ccQiLS2P.s:2184   .debug_str:00000000000016dc .LASF34
C:\Users\zero6575\AppData\Local\Temp\ccQiLS2P.s:2702   .debug_str:0000000000003233 .LASF35
C:\Users\zero6575\AppData\Local\Temp\ccQiLS2P.s:2040   .debug_str:0000000000000e9d .LASF36
C:\Users\zero6575\AppData\Local\Temp\ccQiLS2P.s:2362   .debug_str:0000000000002024 .LASF37
C:\Users\zero6575\AppData\Local\Temp\ccQiLS2P.s:2066   .debug_str:0000000000000ff4 .LASF38
C:\Users\zero6575\AppData\Local\Temp\ccQiLS2P.s:2432   .debug_str:000000000000237a .LASF39
C:\Users\zero6575\AppData\Local\Temp\ccQiLS2P.s:1866   .debug_str:0000000000000603 .LASF40
C:\Users\zero6575\AppData\Local\Temp\ccQiLS2P.s:2488   .debug_str:0000000000002661 .LASF41
C:\Users\zero6575\AppData\Local\Temp\ccQiLS2P.s:2790   .debug_str:0000000000003772 .LASF42
C:\Users\zero6575\AppData\Local\Temp\ccQiLS2P.s:2512   .debug_str:0000000000002764 .LASF43
C:\Users\zero6575\AppData\Local\Temp\ccQiLS2P.s:1892   .debug_str:0000000000000733 .LASF44
C:\Users\zero6575\AppData\Local\Temp\ccQiLS2P.s:2108   .debug_str:0000000000001219 .LASF45
C:\Users\zero6575\AppData\Local\Temp\ccQiLS2P.s:2638   .debug_str:0000000000002dfd .LASF46
C:\Users\zero6575\AppData\Local\Temp\ccQiLS2P.s:2542   .debug_str:00000000000028ef .LASF47
C:\Users\zero6575\AppData\Local\Temp\ccQiLS2P.s:2146   .debug_str:000000000000142f .LASF48
C:\Users\zero6575\AppData\Local\Temp\ccQiLS2P.s:2524   .debug_str:0000000000002801 .LASF49
C:\Users\zero6575\AppData\Local\Temp\ccQiLS2P.s:1910   .debug_str:00000000000007e4 .LASF50
C:\Users\zero6575\AppData\Local\Temp\ccQiLS2P.s:1912   .debug_str:0000000000000806 .LASF51
C:\Users\zero6575\AppData\Local\Temp\ccQiLS2P.s:2252   .debug_str:0000000000001a6b .LASF52
C:\Users\zero6575\AppData\Local\Temp\ccQiLS2P.s:1984   .debug_str:0000000000000be7 .LASF53
C:\Users\zero6575\AppData\Local\Temp\ccQiLS2P.s:1930   .debug_str:000000000000090e .LASF54
C:\Users\zero6575\AppData\Local\Temp\ccQiLS2P.s:2296   .debug_str:0000000000001ca0 .LASF55
C:\Users\zero6575\AppData\Local\Temp\ccQiLS2P.s:2158   .debug_str:0000000000001508 .LASF56
C:\Users\zero6575\AppData\Local\Temp\ccQiLS2P.s:1916   .debug_str:000000000000083c .LASF57
C:\Users\zero6575\AppData\Local\Temp\ccQiLS2P.s:2660   .debug_str:0000000000002f41 .LASF58
C:\Users\zero6575\AppData\Local\Temp\ccQiLS2P.s:2058   .debug_str:0000000000000f8b .LASF59
C:\Users\zero6575\AppData\Local\Temp\ccQiLS2P.s:2140   .debug_str:00000000000013ed .LASF60
C:\Users\zero6575\AppData\Local\Temp\ccQiLS2P.s:2698   .debug_str:0000000000003203 .LASF61
C:\Users\zero6575\AppData\Local\Temp\ccQiLS2P.s:2238   .debug_str:00000000000019b6 .LASF62
C:\Users\zero6575\AppData\Local\Temp\ccQiLS2P.s:2214   .debug_str:0000000000001870 .LASF63
C:\Users\zero6575\AppData\Local\Temp\ccQiLS2P.s:2476   .debug_str:00000000000025cb .LASF64
C:\Users\zero6575\AppData\Local\Temp\ccQiLS2P.s:2658   .debug_str:0000000000002f1f .LASF65
C:\Users\zero6575\AppData\Local\Temp\ccQiLS2P.s:2772   .debug_str:0000000000003641 .LASF66
C:\Users\zero6575\AppData\Local\Temp\ccQiLS2P.s:2072   .debug_str:0000000000001045 .LASF67
C:\Users\zero6575\AppData\Local\Temp\ccQiLS2P.s:2320   .debug_str:0000000000001e07 .LASF68
C:\Users\zero6575\AppData\Local\Temp\ccQiLS2P.s:2616   .debug_str:0000000000002ce8 .LASF69
C:\Users\zero6575\AppData\Local\Temp\ccQiLS2P.s:1832   .debug_str:000000000000037e .LASF70
C:\Users\zero6575\AppData\Local\Temp\ccQiLS2P.s:2198   .debug_str:00000000000017b8 .LASF71
C:\Users\zero6575\AppData\Local\Temp\ccQiLS2P.s:1944   .debug_str:00000000000009b4 .LASF72
C:\Users\zero6575\AppData\Local\Temp\ccQiLS2P.s:2450   .debug_str:000000000000245e .LASF73
C:\Users\zero6575\AppData\Local\Temp\ccQiLS2P.s:1886   .debug_str:00000000000006f9 .LASF74
C:\Users\zero6575\AppData\Local\Temp\ccQiLS2P.s:2478   .debug_str:00000000000025ed .LASF75
C:\Users\zero6575\AppData\Local\Temp\ccQiLS2P.s:2156   .debug_str:00000000000014e1 .LASF76
C:\Users\zero6575\AppData\Local\Temp\ccQiLS2P.s:1780   .debug_str:000000000000007f .LASF77
C:\Users\zero6575\AppData\Local\Temp\ccQiLS2P.s:1932   .debug_str:000000000000092c .LASF78
C:\Users\zero6575\AppData\Local\Temp\ccQiLS2P.s:2514   .debug_str:000000000000277e .LASF79
C:\Users\zero6575\AppData\Local\Temp\ccQiLS2P.s:2380   .debug_str:00000000000020e8 .LASF80
C:\Users\zero6575\AppData\Local\Temp\ccQiLS2P.s:2250   .debug_str:0000000000001a47 .LASF81
C:\Users\zero6575\AppData\Local\Temp\ccQiLS2P.s:2668   .debug_str:000000000000306d .LASF82
C:\Users\zero6575\AppData\Local\Temp\ccQiLS2P.s:2368   .debug_str:000000000000206c .LASF83
C:\Users\zero6575\AppData\Local\Temp\ccQiLS2P.s:2544   .debug_str:000000000000290c .LASF84
C:\Users\zero6575\AppData\Local\Temp\ccQiLS2P.s:2572   .debug_str:0000000000002a59 .LASF85
C:\Users\zero6575\AppData\Local\Temp\ccQiLS2P.s:2618   .debug_str:0000000000002d10 .LASF86
C:\Users\zero6575\AppData\Local\Temp\ccQiLS2P.s:1860   .debug_str:00000000000005a0 .LASF87
C:\Users\zero6575\AppData\Local\Temp\ccQiLS2P.s:2150   .debug_str:000000000000148c .LASF88
C:\Users\zero6575\AppData\Local\Temp\ccQiLS2P.s:2462   .debug_str:00000000000024f6 .LASF89
C:\Users\zero6575\AppData\Local\Temp\ccQiLS2P.s:2768   .debug_str:000000000000360d .LASF90
C:\Users\zero6575\AppData\Local\Temp\ccQiLS2P.s:2610   .debug_str:0000000000002c9c .LASF91
C:\Users\zero6575\AppData\Local\Temp\ccQiLS2P.s:2176   .debug_str:0000000000001654 .LASF92
C:\Users\zero6575\AppData\Local\Temp\ccQiLS2P.s:2212   .debug_str:000000000000185b .LASF93
C:\Users\zero6575\AppData\Local\Temp\ccQiLS2P.s:2656   .debug_str:0000000000002efa .LASF94
C:\Users\zero6575\AppData\Local\Temp\ccQiLS2P.s:2486   .debug_str:000000000000264a .LASF95
C:\Users\zero6575\AppData\Local\Temp\ccQiLS2P.s:2244   .debug_str:0000000000001a07 .LASF96
C:\Users\zero6575\AppData\Local\Temp\ccQiLS2P.s:1774   .debug_str:0000000000000016 .LASF97
C:\Users\zero6575\AppData\Local\Temp\ccQiLS2P.s:2414   .debug_str:0000000000002299 .LASF98
C:\Users\zero6575\AppData\Local\Temp\ccQiLS2P.s:2442   .debug_str:00000000000023ef .LASF99
C:\Users\zero6575\AppData\Local\Temp\ccQiLS2P.s:2042   .debug_str:0000000000000eb0 .LASF100
C:\Users\zero6575\AppData\Local\Temp\ccQiLS2P.s:2364   .debug_str:000000000000203f .LASF101
C:\Users\zero6575\AppData\Local\Temp\ccQiLS2P.s:2416   .debug_str:00000000000022c6 .LASF102
C:\Users\zero6575\AppData\Local\Temp\ccQiLS2P.s:2424   .debug_str:0000000000002310 .LASF103
C:\Users\zero6575\AppData\Local\Temp\ccQiLS2P.s:2230   .debug_str:0000000000001935 .LASF104
C:\Users\zero6575\AppData\Local\Temp\ccQiLS2P.s:2232   .debug_str:0000000000001948 .LASF105
C:\Users\zero6575\AppData\Local\Temp\ccQiLS2P.s:2118   .debug_str:0000000000001287 .LASF106
C:\Users\zero6575\AppData\Local\Temp\ccQiLS2P.s:2620   .debug_str:0000000000002d22 .LASF107
C:\Users\zero6575\AppData\Local\Temp\ccQiLS2P.s:2264   .debug_str:0000000000001b02 .LASF108
C:\Users\zero6575\AppData\Local\Temp\ccQiLS2P.s:2554   .debug_str:0000000000002992 .LASF109
C:\Users\zero6575\AppData\Local\Temp\ccQiLS2P.s:2228   .debug_str:000000000000191e .LASF110
C:\Users\zero6575\AppData\Local\Temp\ccQiLS2P.s:1940   .debug_str:000000000000097d .LASF111
C:\Users\zero6575\AppData\Local\Temp\ccQiLS2P.s:1904   .debug_str:00000000000007ac .LASF112
C:\Users\zero6575\AppData\Local\Temp\ccQiLS2P.s:1986   .debug_str:0000000000000c00 .LASF113
C:\Users\zero6575\AppData\Local\Temp\ccQiLS2P.s:2770   .debug_str:0000000000003622 .LASF114
C:\Users\zero6575\AppData\Local\Temp\ccQiLS2P.s:2506   .debug_str:0000000000002735 .LASF115
C:\Users\zero6575\AppData\Local\Temp\ccQiLS2P.s:2652   .debug_str:0000000000002eb9 .LASF116
C:\Users\zero6575\AppData\Local\Temp\ccQiLS2P.s:2226   .debug_str:00000000000018f6 .LASF117
C:\Users\zero6575\AppData\Local\Temp\ccQiLS2P.s:2696   .debug_str:00000000000031ef .LASF118
C:\Users\zero6575\AppData\Local\Temp\ccQiLS2P.s:2086   .debug_str:00000000000010fa .LASF119
C:\Users\zero6575\AppData\Local\Temp\ccQiLS2P.s:2036   .debug_str:0000000000000e69 .LASF120
C:\Users\zero6575\AppData\Local\Temp\ccQiLS2P.s:2378   .debug_str:00000000000020d9 .LASF121
C:\Users\zero6575\AppData\Local\Temp\ccQiLS2P.s:2030   .debug_str:0000000000000e13 .LASF122
C:\Users\zero6575\AppData\Local\Temp\ccQiLS2P.s:2422   .debug_str:0000000000002300 .LASF123
C:\Users\zero6575\AppData\Local\Temp\ccQiLS2P.s:2756   .debug_str:0000000000003548 .LASF124
C:\Users\zero6575\AppData\Local\Temp\ccQiLS2P.s:2370   .debug_str:000000000000207e .LASF125
C:\Users\zero6575\AppData\Local\Temp\ccQiLS2P.s:2310   .debug_str:0000000000001d59 .LASF126
C:\Users\zero6575\AppData\Local\Temp\ccQiLS2P.s:1880   .debug_str:0000000000000694 .LASF127
C:\Users\zero6575\AppData\Local\Temp\ccQiLS2P.s:1870   .debug_str:000000000000063a .LASF128
C:\Users\zero6575\AppData\Local\Temp\ccQiLS2P.s:2744   .debug_str:0000000000003496 .LASF129
C:\Users\zero6575\AppData\Local\Temp\ccQiLS2P.s:2012   .debug_str:0000000000000d36 .LASF130
C:\Users\zero6575\AppData\Local\Temp\ccQiLS2P.s:1794   .debug_str:000000000000014c .LASF131
C:\Users\zero6575\AppData\Local\Temp\ccQiLS2P.s:2330   .debug_str:0000000000001ea4 .LASF132
C:\Users\zero6575\AppData\Local\Temp\ccQiLS2P.s:2358   .debug_str:0000000000001ff4 .LASF133
C:\Users\zero6575\AppData\Local\Temp\ccQiLS2P.s:1828   .debug_str:0000000000000335 .LASF134
C:\Users\zero6575\AppData\Local\Temp\ccQiLS2P.s:2806   .debug_str:0000000000003826 .LASF135
C:\Users\zero6575\AppData\Local\Temp\ccQiLS2P.s:2124   .debug_str:00000000000012e6 .LASF136
C:\Users\zero6575\AppData\Local\Temp\ccQiLS2P.s:2186   .debug_str:00000000000016fc .LASF137
C:\Users\zero6575\AppData\Local\Temp\ccQiLS2P.s:2528   .debug_str:0000000000002834 .LASF138
C:\Users\zero6575\AppData\Local\Temp\ccQiLS2P.s:2032   .debug_str:0000000000000e2f .LASF139
C:\Users\zero6575\AppData\Local\Temp\ccQiLS2P.s:1804   .debug_str:000000000000020e .LASF140
C:\Users\zero6575\AppData\Local\Temp\ccQiLS2P.s:2500   .debug_str:00000000000026f5 .LASF141
C:\Users\zero6575\AppData\Local\Temp\ccQiLS2P.s:2018   .debug_str:0000000000000d82 .LASF142
C:\Users\zero6575\AppData\Local\Temp\ccQiLS2P.s:2248   .debug_str:0000000000001a37 .LASF143
C:\Users\zero6575\AppData\Local\Temp\ccQiLS2P.s:2398   .debug_str:000000000000219c .LASF144
C:\Users\zero6575\AppData\Local\Temp\ccQiLS2P.s:2208   .debug_str:000000000000182d .LASF145
C:\Users\zero6575\AppData\Local\Temp\ccQiLS2P.s:2692   .debug_str:00000000000031b7 .LASF146
C:\Users\zero6575\AppData\Local\Temp\ccQiLS2P.s:2644   .debug_str:0000000000002e5d .LASF147
C:\Users\zero6575\AppData\Local\Temp\ccQiLS2P.s:2050   .debug_str:0000000000000f04 .LASF148
C:\Users\zero6575\AppData\Local\Temp\ccQiLS2P.s:2568   .debug_str:0000000000002a30 .LASF149
C:\Users\zero6575\AppData\Local\Temp\ccQiLS2P.s:2010   .debug_str:0000000000000d28 .LASF150
C:\Users\zero6575\AppData\Local\Temp\ccQiLS2P.s:2748   .debug_str:00000000000034cc .LASF151
C:\Users\zero6575\AppData\Local\Temp\ccQiLS2P.s:1788   .debug_str:00000000000000d5 .LASF152
C:\Users\zero6575\AppData\Local\Temp\ccQiLS2P.s:2626   .debug_str:0000000000002d7e .LASF153
C:\Users\zero6575\AppData\Local\Temp\ccQiLS2P.s:2160   .debug_str:0000000000001531 .LASF154
C:\Users\zero6575\AppData\Local\Temp\ccQiLS2P.s:2456   .debug_str:00000000000024ad .LASF155
C:\Users\zero6575\AppData\Local\Temp\ccQiLS2P.s:2190   .debug_str:0000000000001736 .LASF156
C:\Users\zero6575\AppData\Local\Temp\ccQiLS2P.s:2640   .debug_str:0000000000002e15 .LASF157
C:\Users\zero6575\AppData\Local\Temp\ccQiLS2P.s:2686   .debug_str:000000000000314f .LASF158
C:\Users\zero6575\AppData\Local\Temp\ccQiLS2P.s:1864   .debug_str:00000000000005c5 .LASF159
C:\Users\zero6575\AppData\Local\Temp\ccQiLS2P.s:2804   .debug_str:0000000000003811 .LASF160
C:\Users\zero6575\AppData\Local\Temp\ccQiLS2P.s:2334   .debug_str:0000000000001edd .LASF161
C:\Users\zero6575\AppData\Local\Temp\ccQiLS2P.s:2700   .debug_str:000000000000321b .LASF162
C:\Users\zero6575\AppData\Local\Temp\ccQiLS2P.s:1882   .debug_str:00000000000006aa .LASF163
C:\Users\zero6575\AppData\Local\Temp\ccQiLS2P.s:2800   .debug_str:00000000000037ec .LASF164
C:\Users\zero6575\AppData\Local\Temp\ccQiLS2P.s:1826   .debug_str:000000000000031d .LASF165
C:\Users\zero6575\AppData\Local\Temp\ccQiLS2P.s:2192   .debug_str:000000000000176d .LASF166
C:\Users\zero6575\AppData\Local\Temp\ccQiLS2P.s:2348   .debug_str:0000000000001f8c .LASF167
C:\Users\zero6575\AppData\Local\Temp\ccQiLS2P.s:2722   .debug_str:000000000000333e .LASF168
C:\Users\zero6575\AppData\Local\Temp\ccQiLS2P.s:2808   .debug_str:000000000000383e .LASF169
C:\Users\zero6575\AppData\Local\Temp\ccQiLS2P.s:2134   .debug_str:0000000000001384 .LASF170
C:\Users\zero6575\AppData\Local\Temp\ccQiLS2P.s:2288   .debug_str:0000000000001c02 .LASF171
C:\Users\zero6575\AppData\Local\Temp\ccQiLS2P.s:2784   .debug_str:0000000000003703 .LASF172
C:\Users\zero6575\AppData\Local\Temp\ccQiLS2P.s:1800   .debug_str:00000000000001bf .LASF173
C:\Users\zero6575\AppData\Local\Temp\ccQiLS2P.s:2760   .debug_str:0000000000003583 .LASF174
C:\Users\zero6575\AppData\Local\Temp\ccQiLS2P.s:2694   .debug_str:00000000000031d8 .LASF175
C:\Users\zero6575\AppData\Local\Temp\ccQiLS2P.s:2056   .debug_str:0000000000000f73 .LASF176
C:\Users\zero6575\AppData\Local\Temp\ccQiLS2P.s:1816   .debug_str:00000000000002b1 .LASF177
C:\Users\zero6575\AppData\Local\Temp\ccQiLS2P.s:2630   .debug_str:0000000000002da5 .LASF178
C:\Users\zero6575\AppData\Local\Temp\ccQiLS2P.s:2460   .debug_str:00000000000024dc .LASF179
C:\Users\zero6575\AppData\Local\Temp\ccQiLS2P.s:2200   .debug_str:00000000000017cf .LASF180
C:\Users\zero6575\AppData\Local\Temp\ccQiLS2P.s:2064   .debug_str:0000000000000fdd .LASF181
C:\Users\zero6575\AppData\Local\Temp\ccQiLS2P.s:2778   .debug_str:0000000000003698 .LASF182
C:\Users\zero6575\AppData\Local\Temp\ccQiLS2P.s:2578   .debug_str:0000000000002aa5 .LASF183
C:\Users\zero6575\AppData\Local\Temp\ccQiLS2P.s:2648   .debug_str:0000000000002e7b .LASF184
C:\Users\zero6575\AppData\Local\Temp\ccQiLS2P.s:2148   .debug_str:0000000000001452 .LASF185
C:\Users\zero6575\AppData\Local\Temp\ccQiLS2P.s:1924   .debug_str:00000000000008ab .LASF186
C:\Users\zero6575\AppData\Local\Temp\ccQiLS2P.s:2162   .debug_str:0000000000001547 .LASF187
C:\Users\zero6575\AppData\Local\Temp\ccQiLS2P.s:1946   .debug_str:00000000000009c7 .LASF188
C:\Users\zero6575\AppData\Local\Temp\ccQiLS2P.s:2796   .debug_str:00000000000037be .LASF189
C:\Users\zero6575\AppData\Local\Temp\ccQiLS2P.s:2396   .debug_str:0000000000002184 .LASF190
C:\Users\zero6575\AppData\Local\Temp\ccQiLS2P.s:2510   .debug_str:000000000000274b .LASF191
C:\Users\zero6575\AppData\Local\Temp\ccQiLS2P.s:1806   .debug_str:0000000000000231 .LASF192
C:\Users\zero6575\AppData\Local\Temp\ccQiLS2P.s:2202   .debug_str:00000000000017eb .LASF193
C:\Users\zero6575\AppData\Local\Temp\ccQiLS2P.s:2194   .debug_str:0000000000001787 .LASF194
C:\Users\zero6575\AppData\Local\Temp\ccQiLS2P.s:1926   .debug_str:00000000000008e5 .LASF195
C:\Users\zero6575\AppData\Local\Temp\ccQiLS2P.s:2254   .debug_str:0000000000001a8a .LASF196
C:\Users\zero6575\AppData\Local\Temp\ccQiLS2P.s:2766   .debug_str:00000000000035f5 .LASF197
C:\Users\zero6575\AppData\Local\Temp\ccQiLS2P.s:2142   .debug_str:0000000000001405 .LASF198
C:\Users\zero6575\AppData\Local\Temp\ccQiLS2P.s:1884   .debug_str:00000000000006be .LASF199
C:\Users\zero6575\AppData\Local\Temp\ccQiLS2P.s:2782   .debug_str:00000000000036c8 .LASF200
C:\Users\zero6575\AppData\Local\Temp\ccQiLS2P.s:2470   .debug_str:0000000000002577 .LASF201
C:\Users\zero6575\AppData\Local\Temp\ccQiLS2P.s:2412   .debug_str:0000000000002257 .LASF202
C:\Users\zero6575\AppData\Local\Temp\ccQiLS2P.s:1996   .debug_str:0000000000000c88 .LASF203
C:\Users\zero6575\AppData\Local\Temp\ccQiLS2P.s:1782   .debug_str:0000000000000098 .LASF204
C:\Users\zero6575\AppData\Local\Temp\ccQiLS2P.s:2026   .debug_str:0000000000000ddd .LASF205
C:\Users\zero6575\AppData\Local\Temp\ccQiLS2P.s:1914   .debug_str:0000000000000826 .LASF206
C:\Users\zero6575\AppData\Local\Temp\ccQiLS2P.s:1952   .debug_str:0000000000000a2a .LASF207
C:\Users\zero6575\AppData\Local\Temp\ccQiLS2P.s:2688   .debug_str:0000000000003189 .LASF208
C:\Users\zero6575\AppData\Local\Temp\ccQiLS2P.s:2116   .debug_str:000000000000126b .LASF209
C:\Users\zero6575\AppData\Local\Temp\ccQiLS2P.s:1786   .debug_str:00000000000000be .LASF210
C:\Users\zero6575\AppData\Local\Temp\ccQiLS2P.s:2458   .debug_str:00000000000024c3 .LASF211
C:\Users\zero6575\AppData\Local\Temp\ccQiLS2P.s:2178   .debug_str:0000000000001677 .LASF212
C:\Users\zero6575\AppData\Local\Temp\ccQiLS2P.s:2306   .debug_str:0000000000001d0e .LASF213
C:\Users\zero6575\AppData\Local\Temp\ccQiLS2P.s:1858   .debug_str:0000000000000564 .LASF214
C:\Users\zero6575\AppData\Local\Temp\ccQiLS2P.s:2560   .debug_str:00000000000029c5 .LASF215
C:\Users\zero6575\AppData\Local\Temp\ccQiLS2P.s:2762   .debug_str:0000000000003598 .LASF216
C:\Users\zero6575\AppData\Local\Temp\ccQiLS2P.s:2204   .debug_str:00000000000017fb .LASF217
C:\Users\zero6575\AppData\Local\Temp\ccQiLS2P.s:2060   .debug_str:0000000000000fa2 .LASF218
C:\Users\zero6575\AppData\Local\Temp\ccQiLS2P.s:1776   .debug_str:0000000000000034 .LASF219
C:\Users\zero6575\AppData\Local\Temp\ccQiLS2P.s:2090   .debug_str:0000000000001152 .LASF220
C:\Users\zero6575\AppData\Local\Temp\ccQiLS2P.s:2144   .debug_str:000000000000141d .LASF221
C:\Users\zero6575\AppData\Local\Temp\ccQiLS2P.s:2022   .debug_str:0000000000000db1 .LASF222
C:\Users\zero6575\AppData\Local\Temp\ccQiLS2P.s:2406   .debug_str:00000000000021f7 .LASF223
C:\Users\zero6575\AppData\Local\Temp\ccQiLS2P.s:2048   .debug_str:0000000000000eeb .LASF224
C:\Users\zero6575\AppData\Local\Temp\ccQiLS2P.s:2128   .debug_str:0000000000001315 .LASF225
C:\Users\zero6575\AppData\Local\Temp\ccQiLS2P.s:2574   .debug_str:0000000000002a6a .LASF226
C:\Users\zero6575\AppData\Local\Temp\ccQiLS2P.s:1980   .debug_str:0000000000000b97 .LASF227
C:\Users\zero6575\AppData\Local\Temp\ccQiLS2P.s:2130   .debug_str:0000000000001330 .LASF228
C:\Users\zero6575\AppData\Local\Temp\ccQiLS2P.s:2536   .debug_str:0000000000002887 .LASF229
C:\Users\zero6575\AppData\Local\Temp\ccQiLS2P.s:2740   .debug_str:000000000000342e .LASF230
C:\Users\zero6575\AppData\Local\Temp\ccQiLS2P.s:2792   .debug_str:000000000000378a .LASF231
C:\Users\zero6575\AppData\Local\Temp\ccQiLS2P.s:1970   .debug_str:0000000000000b2b .LASF232
C:\Users\zero6575\AppData\Local\Temp\ccQiLS2P.s:1978   .debug_str:0000000000000b7c .LASF233
C:\Users\zero6575\AppData\Local\Temp\ccQiLS2P.s:2170   .debug_str:0000000000001607 .LASF234
C:\Users\zero6575\AppData\Local\Temp\ccQiLS2P.s:2276   .debug_str:0000000000001b90 .LASF235
C:\Users\zero6575\AppData\Local\Temp\ccQiLS2P.s:2496   .debug_str:00000000000026c6 .LASF236
C:\Users\zero6575\AppData\Local\Temp\ccQiLS2P.s:2482   .debug_str:0000000000002624 .LASF237
C:\Users\zero6575\AppData\Local\Temp\ccQiLS2P.s:1792   .debug_str:0000000000000134 .LASF238
C:\Users\zero6575\AppData\Local\Temp\ccQiLS2P.s:2758   .debug_str:0000000000003569 .LASF239
C:\Users\zero6575\AppData\Local\Temp\ccQiLS2P.s:1824   .debug_str:0000000000000303 .LASF240
C:\Users\zero6575\AppData\Local\Temp\ccQiLS2P.s:2342   .debug_str:0000000000001f38 .LASF241
C:\Users\zero6575\AppData\Local\Temp\ccQiLS2P.s:2318   .debug_str:0000000000001dc9 .LASF242
C:\Users\zero6575\AppData\Local\Temp\ccQiLS2P.s:2166   .debug_str:00000000000015ac .LASF243
C:\Users\zero6575\AppData\Local\Temp\ccQiLS2P.s:2052   .debug_str:0000000000000f14 .LASF244
C:\Users\zero6575\AppData\Local\Temp\ccQiLS2P.s:2210   .debug_str:0000000000001843 .LASF245
C:\Users\zero6575\AppData\Local\Temp\ccQiLS2P.s:1966   .debug_str:0000000000000aba .LASF246
C:\Users\zero6575\AppData\Local\Temp\ccQiLS2P.s:2720   .debug_str:0000000000003323 .LASF247
C:\Users\zero6575\AppData\Local\Temp\ccQiLS2P.s:2360   .debug_str:000000000000200c .LASF248
C:\Users\zero6575\AppData\Local\Temp\ccQiLS2P.s:2110   .debug_str:000000000000122c .LASF249
C:\Users\zero6575\AppData\Local\Temp\ccQiLS2P.s:2002   .debug_str:0000000000000cd4 .LASF250
C:\Users\zero6575\AppData\Local\Temp\ccQiLS2P.s:2122   .debug_str:00000000000012c8 .LASF251
C:\Users\zero6575\AppData\Local\Temp\ccQiLS2P.s:1900   .debug_str:0000000000000780 .LASF252
C:\Users\zero6575\AppData\Local\Temp\ccQiLS2P.s:2400   .debug_str:00000000000021b4 .LASF253
C:\Users\zero6575\AppData\Local\Temp\ccQiLS2P.s:2426   .debug_str:0000000000002332 .LASF254
C:\Users\zero6575\AppData\Local\Temp\ccQiLS2P.s:2088   .debug_str:0000000000001113 .LASF255
C:\Users\zero6575\AppData\Local\Temp\ccQiLS2P.s:2464   .debug_str:0000000000002508 .LASF256
C:\Users\zero6575\AppData\Local\Temp\ccQiLS2P.s:1796   .debug_str:0000000000000164 .LASF257
C:\Users\zero6575\AppData\Local\Temp\ccQiLS2P.s:1790   .debug_str:00000000000000ee .LASF258
C:\Users\zero6575\AppData\Local\Temp\ccQiLS2P.s:2112   .debug_str:000000000000123e .LASF259
C:\Users\zero6575\AppData\Local\Temp\ccQiLS2P.s:2492   .debug_str:0000000000002693 .LASF260
C:\Users\zero6575\AppData\Local\Temp\ccQiLS2P.s:2332   .debug_str:0000000000001ec2 .LASF261
C:\Users\zero6575\AppData\Local\Temp\ccQiLS2P.s:2410   .debug_str:0000000000002242 .LASF262
C:\Users\zero6575\AppData\Local\Temp\ccQiLS2P.s:2634   .debug_str:0000000000002dc3 .LASF263
C:\Users\zero6575\AppData\Local\Temp\ccQiLS2P.s:2114   .debug_str:0000000000001256 .LASF264
C:\Users\zero6575\AppData\Local\Temp\ccQiLS2P.s:2526   .debug_str:000000000000281e .LASF265
C:\Users\zero6575\AppData\Local\Temp\ccQiLS2P.s:2246   .debug_str:0000000000001a1b .LASF266
C:\Users\zero6575\AppData\Local\Temp\ccQiLS2P.s:1896   .debug_str:000000000000075e .LASF267
C:\Users\zero6575\AppData\Local\Temp\ccQiLS2P.s:2328   .debug_str:0000000000001e7d .LASF268
C:\Users\zero6575\AppData\Local\Temp\ccQiLS2P.s:2802   .debug_str:00000000000037fb .LASF269
C:\Users\zero6575\AppData\Local\Temp\ccQiLS2P.s:2218   .debug_str:00000000000018a1 .LASF270
C:\Users\zero6575\AppData\Local\Temp\ccQiLS2P.s:2480   .debug_str:000000000000260e .LASF271
C:\Users\zero6575\AppData\Local\Temp\ccQiLS2P.s:2780   .debug_str:00000000000036b1 .LASF272
C:\Users\zero6575\AppData\Local\Temp\ccQiLS2P.s:2074   .debug_str:000000000000105e .LASF273
C:\Users\zero6575\AppData\Local\Temp\ccQiLS2P.s:1798   .debug_str:00000000000001a5 .LASF274
C:\Users\zero6575\AppData\Local\Temp\ccQiLS2P.s:1778   .debug_str:000000000000004e .LASF275
C:\Users\zero6575\AppData\Local\Temp\ccQiLS2P.s:2102   .debug_str:00000000000011df .LASF276
C:\Users\zero6575\AppData\Local\Temp\ccQiLS2P.s:2038   .debug_str:0000000000000e82 .LASF277
C:\Users\zero6575\AppData\Local\Temp\ccQiLS2P.s:2438   .debug_str:00000000000023c4 .LASF278
C:\Users\zero6575\AppData\Local\Temp\ccQiLS2P.s:2494   .debug_str:00000000000026ad .LASF279
C:\Users\zero6575\AppData\Local\Temp\ccQiLS2P.s:2750   .debug_str:00000000000034e3 .LASF280
C:\Users\zero6575\AppData\Local\Temp\ccQiLS2P.s:2044   .debug_str:0000000000000ec2 .LASF281
C:\Users\zero6575\AppData\Local\Temp\ccQiLS2P.s:2708   .debug_str:0000000000003274 .LASF282
C:\Users\zero6575\AppData\Local\Temp\ccQiLS2P.s:2468   .debug_str:0000000000002562 .LASF283
C:\Users\zero6575\AppData\Local\Temp\ccQiLS2P.s:2588   .debug_str:0000000000002b77 .LASF284
C:\Users\zero6575\AppData\Local\Temp\ccQiLS2P.s:2152   .debug_str:000000000000149f .LASF285
C:\Users\zero6575\AppData\Local\Temp\ccQiLS2P.s:2172   .debug_str:000000000000161e .LASF286
C:\Users\zero6575\AppData\Local\Temp\ccQiLS2P.s:2180   .debug_str:0000000000001690 .LASF287
C:\Users\zero6575\AppData\Local\Temp\ccQiLS2P.s:1812   .debug_str:0000000000000277 .LASF288
C:\Users\zero6575\AppData\Local\Temp\ccQiLS2P.s:2294   .debug_str:0000000000001c82 .LASF289
C:\Users\zero6575\AppData\Local\Temp\ccQiLS2P.s:2256   .debug_str:0000000000001aa0 .LASF290
C:\Users\zero6575\AppData\Local\Temp\ccQiLS2P.s:1830   .debug_str:000000000000035c .LASF291
C:\Users\zero6575\AppData\Local\Temp\ccQiLS2P.s:2594   .debug_str:0000000000002bbe .LASF292
C:\Users\zero6575\AppData\Local\Temp\ccQiLS2P.s:2452   .debug_str:0000000000002472 .LASF293
C:\Users\zero6575\AppData\Local\Temp\ccQiLS2P.s:2676   .debug_str:00000000000030d6 .LASF294
C:\Users\zero6575\AppData\Local\Temp\ccQiLS2P.s:2076   .debug_str:0000000000001084 .LASF295
C:\Users\zero6575\AppData\Local\Temp\ccQiLS2P.s:2274   .debug_str:0000000000001b72 .LASF296
C:\Users\zero6575\AppData\Local\Temp\ccQiLS2P.s:2624   .debug_str:0000000000002d5f .LASF297
C:\Users\zero6575\AppData\Local\Temp\ccQiLS2P.s:2322   .debug_str:0000000000001e2a .LASF298
C:\Users\zero6575\AppData\Local\Temp\ccQiLS2P.s:2576   .debug_str:0000000000002a84 .LASF299
C:\Users\zero6575\AppData\Local\Temp\ccQiLS2P.s:2324   .debug_str:0000000000001e4e .LASF300
C:\Users\zero6575\AppData\Local\Temp\ccQiLS2P.s:2788   .debug_str:0000000000003756 .LASF301
C:\Users\zero6575\AppData\Local\Temp\ccQiLS2P.s:1974   .debug_str:0000000000000b54 .LASF302
C:\Users\zero6575\AppData\Local\Temp\ccQiLS2P.s:2404   .debug_str:00000000000021e2 .LASF303
C:\Users\zero6575\AppData\Local\Temp\ccQiLS2P.s:1838   .debug_str:00000000000003e1 .LASF304
C:\Users\zero6575\AppData\Local\Temp\ccQiLS2P.s:2096   .debug_str:000000000000119f .LASF305
C:\Users\zero6575\AppData\Local\Temp\ccQiLS2P.s:2706   .debug_str:000000000000326a .LASF306
C:\Users\zero6575\AppData\Local\Temp\ccQiLS2P.s:2132   .debug_str:000000000000136f .LASF307
C:\Users\zero6575\AppData\Local\Temp\ccQiLS2P.s:2224   .debug_str:00000000000018e5 .LASF308
C:\Users\zero6575\AppData\Local\Temp\ccQiLS2P.s:1928   .debug_str:0000000000000900 .LASF309
C:\Users\zero6575\AppData\Local\Temp\ccQiLS2P.s:2504   .debug_str:0000000000002727 .LASF310
C:\Users\zero6575\AppData\Local\Temp\ccQiLS2P.s:1948   .debug_str:0000000000000a08 .LASF311
C:\Users\zero6575\AppData\Local\Temp\ccQiLS2P.s:2394   .debug_str:0000000000002174 .LASF312
C:\Users\zero6575\AppData\Local\Temp\ccQiLS2P.s:2584   .debug_str:0000000000002b54 .LASF313
C:\Users\zero6575\AppData\Local\Temp\ccQiLS2P.s:1822   .debug_str:00000000000002eb .LASF314
C:\Users\zero6575\AppData\Local\Temp\ccQiLS2P.s:2316   .debug_str:0000000000001dbf .LASF315
C:\Users\zero6575\AppData\Local\Temp\ccQiLS2P.s:2266   .debug_str:0000000000001b1a .LASF316
C:\Users\zero6575\AppData\Local\Temp\ccQiLS2P.s:2582   .debug_str:0000000000002b3f .LASF317
C:\Users\zero6575\AppData\Local\Temp\ccQiLS2P.s:2258   .debug_str:0000000000001abe .LASF318
C:\Users\zero6575\AppData\Local\Temp\ccQiLS2P.s:2666   .debug_str:0000000000003057 .LASF319
C:\Users\zero6575\AppData\Local\Temp\ccQiLS2P.s:1958   .debug_str:0000000000000a58 .LASF320
C:\Users\zero6575\AppData\Local\Temp\ccQiLS2P.s:2062   .debug_str:0000000000000fbb .LASF321
C:\Users\zero6575\AppData\Local\Temp\ccQiLS2P.s:2084   .debug_str:00000000000010f0 .LASF322
C:\Users\zero6575\AppData\Local\Temp\ccQiLS2P.s:2384   .debug_str:0000000000002116 .LASF323
C:\Users\zero6575\AppData\Local\Temp\ccQiLS2P.s:1814   .debug_str:000000000000029c .LASF324
C:\Users\zero6575\AppData\Local\Temp\ccQiLS2P.s:2236   .debug_str:0000000000001989 .LASF325
C:\Users\zero6575\AppData\Local\Temp\ccQiLS2P.s:2000   .debug_str:0000000000000caf .LASF326
C:\Users\zero6575\AppData\Local\Temp\ccQiLS2P.s:2612   .debug_str:0000000000002cae .LASF327
C:\Users\zero6575\AppData\Local\Temp\ccQiLS2P.s:2428   .debug_str:000000000000234c .LASF328
C:\Users\zero6575\AppData\Local\Temp\ccQiLS2P.s:1990   .debug_str:0000000000000c2d .LASF329
C:\Users\zero6575\AppData\Local\Temp\ccQiLS2P.s:2690   .debug_str:00000000000031a3 .LASF330
C:\Users\zero6575\AppData\Local\Temp\ccQiLS2P.s:2008   .debug_str:0000000000000d17 .LASF331
C:\Users\zero6575\AppData\Local\Temp\ccQiLS2P.s:2302   .debug_str:0000000000001ce2 .LASF332
C:\Users\zero6575\AppData\Local\Temp\ccQiLS2P.s:1842   .debug_str:0000000000000449 .LASF333
C:\Users\zero6575\AppData\Local\Temp\ccQiLS2P.s:2308   .debug_str:0000000000001d4a .LASF334
C:\Users\zero6575\AppData\Local\Temp\ccQiLS2P.s:2556   .debug_str:00000000000029a0 .LASF335
C:\Users\zero6575\AppData\Local\Temp\ccQiLS2P.s:2188   .debug_str:000000000000171c .LASF336
C:\Users\zero6575\AppData\Local\Temp\ccQiLS2P.s:2466   .debug_str:0000000000002547 .LASF337
C:\Users\zero6575\AppData\Local\Temp\ccQiLS2P.s:2598   .debug_str:0000000000002c06 .LASF338
C:\Users\zero6575\AppData\Local\Temp\ccQiLS2P.s:1772   .debug_str:0000000000000000 .LASF339
C:\Users\zero6575\AppData\Local\Temp\ccQiLS2P.s:1876   .debug_str:000000000000067c .LASF340
C:\Users\zero6575\AppData\Local\Temp\ccQiLS2P.s:2534   .debug_str:0000000000002870 .LASF341
C:\Users\zero6575\AppData\Local\Temp\ccQiLS2P.s:1908   .debug_str:00000000000007ce .LASF346
C:\Users\zero6575\AppData\Local\Temp\ccQiLS2P.s:1850   .debug_str:00000000000004b6 .LASF347
C:\Users\zero6575\AppData\Local\Temp\ccQiLS2P.s:1920   .debug_str:0000000000000877 .LASF348
C:\Users\zero6575\AppData\Local\Temp\ccQiLS2P.s:2440   .debug_str:00000000000023dc .LASF349
C:\Users\zero6575\AppData\Local\Temp\ccQiLS2P.s:2196   .debug_str:00000000000017a0 .LASF350
C:\Users\zero6575\AppData\Local\Temp\ccQiLS2P.s:1840   .debug_str:00000000000003f5 .LASF351
C:\Users\zero6575\AppData\Local\Temp\ccQiLS2P.s:2446   .debug_str:0000000000002428 .LASF352
C:\Users\zero6575\AppData\Local\Temp\ccQiLS2P.s:2562   .debug_str:0000000000002a04 .LASF353
C:\Users\zero6575\AppData\Local\Temp\ccQiLS2P.s:2136   .debug_str:00000000000013c6 .LASF354
C:\Users\zero6575\AppData\Local\Temp\ccQiLS2P.s:1862   .debug_str:00000000000005b7 .LASF355
C:\Users\zero6575\AppData\Local\Temp\ccQiLS2P.s:2678   .debug_str:00000000000030f5 .LASF356
C:\Users\zero6575\AppData\Local\Temp\ccQiLS2P.s:2538   .debug_str:00000000000028c8 .LASF357
C:\Users\zero6575\AppData\Local\Temp\ccQiLS2P.s:2366   .debug_str:0000000000002054 .LASF358
C:\Users\zero6575\AppData\Local\Temp\ccQiLS2P.s:1972   .debug_str:0000000000000b45 .LASF359
C:\Users\zero6575\AppData\Local\Temp\ccQiLS2P.s:1982   .debug_str:0000000000000bd6 .LASF360
C:\Users\zero6575\AppData\Local\Temp\ccQiLS2P.s:2260   .debug_str:0000000000001ad4 .LASF361
C:\Users\zero6575\AppData\Local\Temp\ccQiLS2P.s:2126   .debug_str:0000000000001305 .LASF362
C:\Users\zero6575\AppData\Local\Temp\ccQiLS2P.s:2532   .debug_str:0000000000002860 .LASF363
C:\Users\zero6575\AppData\Local\Temp\ccQiLS2P.s:2570   .debug_str:0000000000002a44 .LASF364
C:\Users\zero6575\AppData\Local\Temp\ccQiLS2P.s:2518   .debug_str:00000000000027af .LASF365
C:\Users\zero6575\AppData\Local\Temp\ccQiLS2P.s:2642   .debug_str:0000000000002e4c .LASF366
C:\Users\zero6575\AppData\Local\Temp\ccQiLS2P.s:1834   .debug_str:00000000000003b0 .LASF367
C:\Users\zero6575\AppData\Local\Temp\ccQiLS2P.s:2220   .debug_str:00000000000018ba .LASF368
C:\Users\zero6575\AppData\Local\Temp\ccQiLS2P.s:2024   .debug_str:0000000000000dcd .LASF369
C:\Users\zero6575\AppData\Local\Temp\ccQiLS2P.s:2006   .debug_str:0000000000000d01 .LASF370
C:\Users\zero6575\AppData\Local\Temp\ccQiLS2P.s:2490   .debug_str:000000000000267e .LASF371
C:\Users\zero6575\AppData\Local\Temp\ccQiLS2P.s:1988   .debug_str:0000000000000c19 .LASF372
C:\Users\zero6575\AppData\Local\Temp\ccQiLS2P.s:1890   .debug_str:0000000000000723 .LASF373
C:\Users\zero6575\AppData\Local\Temp\ccQiLS2P.s:2498   .debug_str:00000000000026e1 .LASF374
C:\Users\zero6575\AppData\Local\Temp\ccQiLS2P.s:2268   .debug_str:0000000000001b20 .LASF375
C:\Users\zero6575\AppData\Local\Temp\ccQiLS2P.s:2138   .debug_str:00000000000013d8 .LASF376
C:\Users\zero6575\AppData\Local\Temp\ccQiLS2P.s:2100   .debug_str:00000000000011ca .LASF377
C:\Users\zero6575\AppData\Local\Temp\ccQiLS2P.s:2680   .debug_str:0000000000003105 .LASF378
C:\Users\zero6575\AppData\Local\Temp\ccQiLS2P.s:2240   .debug_str:00000000000019d3 .LASF379
C:\Users\zero6575\AppData\Local\Temp\ccQiLS2P.s:2262   .debug_str:0000000000001ae7 .LASF380
C:\Users\zero6575\AppData\Local\Temp\ccQiLS2P.s:2206   .debug_str:0000000000001812 .LASF381
C:\Users\zero6575\AppData\Local\Temp\ccQiLS2P.s:2672   .debug_str:00000000000030b8 .LASF382
C:\Users\zero6575\AppData\Local\Temp\ccQiLS2P.s:2216   .debug_str:0000000000001891 .LASF383
C:\Users\zero6575\AppData\Local\Temp\ccQiLS2P.s:2372   .debug_str:0000000000002093 .LASF384
C:\Users\zero6575\AppData\Local\Temp\ccQiLS2P.s:2508   .debug_str:0000000000002744 .LASF385
C:\Users\zero6575\AppData\Local\Temp\ccQiLS2P.s:1898   .debug_str:0000000000000777 .LASF386
C:\Users\zero6575\AppData\Local\Temp\ccQiLS2P.s:1808   .debug_str:0000000000000247 .LASF387
C:\Users\zero6575\AppData\Local\Temp\ccQiLS2P.s:1802   .debug_str:0000000000000208 .LASF388
C:\Users\zero6575\AppData\Local\Temp\ccQiLS2P.s:2646   .debug_str:0000000000002e73 .LASF389
C:\Users\zero6575\AppData\Local\Temp\ccQiLS2P.s:1818   .debug_str:00000000000002c7 .LASF390
C:\Users\zero6575\AppData\Local\Temp\ccQiLS2P.s:2014   .debug_str:0000000000000d54 .LASF391
C:\Users\zero6575\AppData\Local\Temp\ccQiLS2P.s:2020   .debug_str:0000000000000da7 .LASF392
C:\Users\zero6575\AppData\Local\Temp\ccQiLS2P.s:2684   .debug_str:0000000000003143 .LASF393
C:\Users\zero6575\AppData\Local\Temp\ccQiLS2P.s:1934   .debug_str:000000000000094f .LASF394
C:\Users\zero6575\AppData\Local\Temp\ccQiLS2P.s:1878   .debug_str:000000000000068b .LASF395
C:\Users\zero6575\AppData\Local\Temp\ccQiLS2P.s:2346   .debug_str:0000000000001f81 .LASF396
C:\Users\zero6575\AppData\Local\Temp\ccQiLS2P.s:1962   .debug_str:0000000000000a99 .LASF397
C:\Users\zero6575\AppData\Local\Temp\ccQiLS2P.s:1992   .debug_str:0000000000000c43 .LASF398
C:\Users\zero6575\AppData\Local\Temp\ccQiLS2P.s:2298   .debug_str:0000000000001cc3 .LASF399
C:\Users\zero6575\AppData\Local\Temp\ccQiLS2P.s:1950   .debug_str:0000000000000a19 .LASF400
C:\Users\zero6575\AppData\Local\Temp\ccQiLS2P.s:2386   .debug_str:0000000000002129 .LASF401
C:\Users\zero6575\AppData\Local\Temp\ccQiLS2P.s:2530   .debug_str:0000000000002854 .LASF402
C:\Users\zero6575\AppData\Local\Temp\ccQiLS2P.s:2714   .debug_str:00000000000032f2 .LASF403
C:\Users\zero6575\AppData\Local\Temp\ccQiLS2P.s:2472   .debug_str:00000000000025b5 .LASF404
C:\Users\zero6575\AppData\Local\Temp\ccQiLS2P.s:2448   .debug_str:0000000000002455 .LASF405
C:\Users\zero6575\AppData\Local\Temp\ccQiLS2P.s:2586   .debug_str:0000000000002b6d .LASF406
C:\Users\zero6575\AppData\Local\Temp\ccQiLS2P.s:1954   .debug_str:0000000000000a3b .LASF407
C:\Users\zero6575\AppData\Local\Temp\ccQiLS2P.s:1784   .debug_str:00000000000000b1 .LASF408
C:\Users\zero6575\AppData\Local\Temp\ccQiLS2P.s:2418   .debug_str:00000000000022df .LASF409
C:\Users\zero6575\AppData\Local\Temp\ccQiLS2P.s:2046   .debug_str:0000000000000edd .LASF410
C:\Users\zero6575\AppData\Local\Temp\ccQiLS2P.s:2338   .debug_str:0000000000001f0e .LASF411
C:\Users\zero6575\AppData\Local\Temp\ccQiLS2P.s:2786   .debug_str:0000000000003748 .LASF412
C:\Users\zero6575\AppData\Local\Temp\ccQiLS2P.s:1998   .debug_str:0000000000000c9f .LASF413
C:\Users\zero6575\AppData\Local\Temp\ccQiLS2P.s:1894   .debug_str:000000000000074c .LASF414
C:\Users\zero6575\AppData\Local\Temp\ccQiLS2P.s:1976   .debug_str:0000000000000b69 .LASF415
C:\Users\zero6575\AppData\Local\Temp\ccQiLS2P.s:2434   .debug_str:000000000000239d .LASF416
C:\Users\zero6575\AppData\Local\Temp\ccQiLS2P.s:2388   .debug_str:0000000000002135 .LASF417
C:\Users\zero6575\AppData\Local\Temp\ccQiLS2P.s:1936   .debug_str:0000000000000957 .LASF418
C:\Users\zero6575\AppData\Local\Temp\ccQiLS2P.s:2602   .debug_str:0000000000002c3b .LASF419
C:\Users\zero6575\AppData\Local\Temp\ccQiLS2P.s:2402   .debug_str:00000000000021cf .LASF420
C:\Users\zero6575\AppData\Local\Temp\ccQiLS2P.s:1964   .debug_str:0000000000000aa6 .LASF421
C:\Users\zero6575\AppData\Local\Temp\ccQiLS2P.s:2354   .debug_str:0000000000001fc6 .LASF422
C:\Users\zero6575\AppData\Local\Temp\ccQiLS2P.s:2754   .debug_str:0000000000003535 .LASF423
C:\Users\zero6575\AppData\Local\Temp\ccQiLS2P.s:2078   .debug_str:00000000000010a1 .LASF424
C:\Users\zero6575\AppData\Local\Temp\ccQiLS2P.s:2436   .debug_str:00000000000023b0 .LASF425
C:\Users\zero6575\AppData\Local\Temp\ccQiLS2P.s:2304   .debug_str:0000000000001cfa .LASF426
C:\Users\zero6575\AppData\Local\Temp\ccQiLS2P.s:2566   .debug_str:0000000000002a1b .LASF427
C:\Users\zero6575\AppData\Local\Temp\ccQiLS2P.s:2280   .debug_str:0000000000001bbd .LASF428
C:\Users\zero6575\AppData\Local\Temp\ccQiLS2P.s:2608   .debug_str:0000000000002c87 .LASF429
C:\Users\zero6575\AppData\Local\Temp\ccQiLS2P.s:2622   .debug_str:0000000000002d46 .LASF430
C:\Users\zero6575\AppData\Local\Temp\ccQiLS2P.s:2336   .debug_str:0000000000001ef4 .LASF431
C:\Users\zero6575\AppData\Local\Temp\ccQiLS2P.s:2356   .debug_str:0000000000001fda .LASF432
C:\Users\zero6575\AppData\Local\Temp\ccQiLS2P.s:2292   .debug_str:0000000000001c68 .LASF433
C:\Users\zero6575\AppData\Local\Temp\ccQiLS2P.s:2522   .debug_str:00000000000027e9 .LASF434
C:\Users\zero6575\AppData\Local\Temp\ccQiLS2P.s:2430   .debug_str:0000000000002361 .LASF435
C:\Users\zero6575\AppData\Local\Temp\ccQiLS2P.s:2734   .debug_str:00000000000033e3 .LASF436
C:\Users\zero6575\AppData\Local\Temp\ccQiLS2P.s:2738   .debug_str:0000000000003415 .LASF437
C:\Users\zero6575\AppData\Local\Temp\ccQiLS2P.s:2444   .debug_str:0000000000002407 .LASF438
C:\Users\zero6575\AppData\Local\Temp\ccQiLS2P.s:1942   .debug_str:0000000000000998 .LASF439
C:\Users\zero6575\AppData\Local\Temp\ccQiLS2P.s:2382   .debug_str:00000000000020f8 .LASF440
C:\Users\zero6575\AppData\Local\Temp\ccQiLS2P.s:2730   .debug_str:000000000000339e .LASF441
C:\Users\zero6575\AppData\Local\Temp\ccQiLS2P.s:2094   .debug_str:0000000000001187 .LASF442
C:\Users\zero6575\AppData\Local\Temp\ccQiLS2P.s:2764   .debug_str:00000000000035db .LASF443
C:\Users\zero6575\AppData\Local\Temp\ccQiLS2P.s:2164   .debug_str:0000000000001583 .LASF444
C:\Users\zero6575\AppData\Local\Temp\ccQiLS2P.s:2290   .debug_str:0000000000001c44 .LASF445
C:\Users\zero6575\AppData\Local\Temp\ccQiLS2P.s:2664   .debug_str:0000000000003031 .LASF446
C:\Users\zero6575\AppData\Local\Temp\ccQiLS2P.s:2080   .debug_str:00000000000010b5 .LASF447
C:\Users\zero6575\AppData\Local\Temp\ccQiLS2P.s:1836   .debug_str:00000000000003c7 .LASF448
C:\Users\zero6575\AppData\Local\Temp\ccQiLS2P.s:2082   .debug_str:00000000000010d4 .LASF449
C:\Users\zero6575\AppData\Local\Temp\ccQiLS2P.s:2154   .debug_str:00000000000014b6 .LASF450
C:\Users\zero6575\AppData\Local\Temp\ccQiLS2P.s:2604   .debug_str:0000000000002c4f .LASF451
C:\Users\zero6575\AppData\Local\Temp\ccQiLS2P.s:2654   .debug_str:0000000000002ed2 .LASF452
C:\Users\zero6575\AppData\Local\Temp\ccQiLS2P.s:2340   .debug_str:0000000000001f19 .LASF453
C:\Users\zero6575\AppData\Local\Temp\ccQiLS2P.s:2776   .debug_str:000000000000367e .LASF454
C:\Users\zero6575\AppData\Local\Temp\ccQiLS2P.s:2028   .debug_str:0000000000000df7 .LASF455
C:\Users\zero6575\AppData\Local\Temp\ccQiLS2P.s:2234   .debug_str:000000000000195e .LASF456
C:\Users\zero6575\AppData\Local\Temp\ccQiLS2P.s:2120   .debug_str:00000000000012a2 .LASF457
C:\Users\zero6575\AppData\Local\Temp\ccQiLS2P.s:2732   .debug_str:00000000000033bb .LASF458
C:\Users\zero6575\AppData\Local\Temp\ccQiLS2P.s:2710   .debug_str:00000000000032b9 .LASF459
C:\Users\zero6575\AppData\Local\Temp\ccQiLS2P.s:2168   .debug_str:00000000000015ed .LASF460
C:\Users\zero6575\AppData\Local\Temp\ccQiLS2P.s:2794   .debug_str:00000000000037a2 .LASF461
C:\Users\zero6575\AppData\Local\Temp\ccQiLS2P.s:1810   .debug_str:000000000000024c .LASF462
C:\Users\zero6575\AppData\Local\Temp\ccQiLS2P.s:2174   .debug_str:000000000000162e .LASF463
C:\Users\zero6575\AppData\Local\Temp\ccQiLS2P.s:1960   .debug_str:0000000000000a71 .LASF464
C:\Users\zero6575\AppData\Local\Temp\ccQiLS2P.s:2182   .debug_str:00000000000016b5 .LASF465
C:\Users\zero6575\AppData\Local\Temp\ccQiLS2P.s:2742   .debug_str:0000000000003474 .LASF466
C:\Users\zero6575\AppData\Local\Temp\ccQiLS2P.s:2614   .debug_str:0000000000002cc4 .LASF467
C:\Users\zero6575\AppData\Local\Temp\ccQiLS2P.s:2670   .debug_str:000000000000308f .LASF468
C:\Users\zero6575\AppData\Local\Temp\ccQiLS2P.s:2314   .debug_str:0000000000001d9b .LASF469
C:\Users\zero6575\AppData\Local\Temp\ccQiLS2P.s:1846   .debug_str:000000000000047f .LASF470
C:\Users\zero6575\AppData\Local\Temp\ccQiLS2P.s:2016   .debug_str:0000000000000d59 .LASF471
C:\Users\zero6575\AppData\Local\Temp\ccQiLS2P.s:2682   .debug_str:000000000000311f .LASF472
C:\Users\zero6575\AppData\Local\Temp\ccQiLS2P.s:2596   .debug_str:0000000000002be0 .LASF473
C:\Users\zero6575\AppData\Local\Temp\ccQiLS2P.s:1844   .debug_str:0000000000000456 .LASF474
C:\Users\zero6575\AppData\Local\Temp\ccQiLS2P.s:2520   .debug_str:00000000000027c5 .LASF475
C:\Users\zero6575\AppData\Local\Temp\ccQiLS2P.s:2650   .debug_str:0000000000002e93 .LASF476
C:\Users\zero6575\AppData\Local\Temp\ccQiLS2P.s:2718   .debug_str:0000000000003307 .LASF477
C:\Users\zero6575\AppData\Local\Temp\ccQiLS2P.s:2704   .debug_str:000000000000324d .LASF478
C:\Users\zero6575\AppData\Local\Temp\ccQiLS2P.s:2068   .debug_str:000000000000100d .LASF479
C:\Users\zero6575\AppData\Local\Temp\ccQiLS2P.s:2548   .debug_str:0000000000002932 .LASF480
C:\Users\zero6575\AppData\Local\Temp\ccQiLS2P.s:2552   .debug_str:0000000000002966 .LASF481
C:\Users\zero6575\AppData\Local\Temp\ccQiLS2P.s:1856   .debug_str:000000000000053d .LASF482
C:\Users\zero6575\AppData\Local\Temp\ccQiLS2P.s:2592   .debug_str:0000000000002ba0 .LASF483
C:\Users\zero6575\AppData\Local\Temp\ccQiLS2P.s:2746   .debug_str:00000000000034ad .LASF484
C:\Users\zero6575\AppData\Local\Temp\ccQiLS2P.s:2600   .debug_str:0000000000002c21 .LASF485
C:\Users\zero6575\AppData\Local\Temp\ccQiLS2P.s:2222   .debug_str:00000000000018cb .LASF486
C:\Users\zero6575\AppData\Local\Temp\ccQiLS2P.s:2752   .debug_str:000000000000351d .LASF487
C:\Users\zero6575\AppData\Local\Temp\ccQiLS2P.s:2516   .debug_str:0000000000002797 .LASF488
C:\Users\zero6575\AppData\Local\Temp\ccQiLS2P.s:2774   .debug_str:0000000000003668 .LASF489
C:\Users\zero6575\AppData\Local\Temp\ccQiLS2P.s:2312   .debug_str:0000000000001d83 .LASF490
C:\Users\zero6575\AppData\Local\Temp\ccQiLS2P.s:2104   .debug_str:00000000000011f6 .LASF491
C:\Users\zero6575\AppData\Local\Temp\ccQiLS2P.s:2284   .debug_str:0000000000001bd9 .LASF492
C:\Users\zero6575\AppData\Local\Temp\ccQiLS2P.s:1918   .debug_str:000000000000085f .LASF493
C:\Users\zero6575\AppData\Local\Temp\ccQiLS2P.s:2392   .debug_str:000000000000215a .LASF494
C:\Users\zero6575\AppData\Local\Temp\ccQiLS2P.s:2674   .debug_str:00000000000030be .LASF495
C:\Users\zero6575\AppData\Local\Temp\ccQiLS2P.s:1820   .debug_str:00000000000002d1 .LASF496
C:\Users\zero6575\AppData\Local\Temp\ccQiLS2P.s:2712   .debug_str:00000000000032d8 .LASF497
C:\Users\zero6575\AppData\Local\Temp\ccQiLS2P.s:2550   .debug_str:000000000000294a .LASF498
C:\Users\zero6575\AppData\Local\Temp\ccQiLS2P.s:2724   .debug_str:0000000000003355 .LASF500
C:\Users\zero6575\AppData\Local\Temp\ccQiLS2P.s:2070   .debug_str:000000000000102b .LASF501
C:\Users\zero6575\AppData\Local\Temp\ccQiLS2P.s:2798   .debug_str:00000000000037d4 .LASF502
C:\Users\zero6575\AppData\Local\Temp\ccQiLS2P.s:2502   .debug_str:0000000000002709 .LASF503
C:\Users\zero6575\AppData\Local\Temp\ccQiLS2P.s:2636   .debug_str:0000000000002ddb .LASF504
C:\Users\zero6575\AppData\Local\Temp\ccQiLS2P.s:2272   .debug_str:0000000000001b40 .LASF505
C:\Users\zero6575\AppData\Local\Temp\ccQiLS2P.s:2580   .debug_str:0000000000002ab8 .LASF506
C:\Users\zero6575\AppData\Local\Temp\ccQiLS2P.s:1968   .debug_str:0000000000000ad4 .LASF507
C:\Users\zero6575\AppData\Local\Temp\ccQiLS2P.s:1994   .debug_str:0000000000000c4a .LASF508
                           .group:0000000000000000 wm4.0.29db371e8b94e604acd9f4c2cef2c360
                           .group:0000000000000000 wm4._newlib_version.h.4.9ba035841e762c3308916a0ce96032e7
                           .group:0000000000000000 wm4.features.h.33.318b64d71e0957639cfb30f1db1f7ec8
                           .group:0000000000000000 wm4._default_types.h.15.61e9869194cab90bdfa4c7fc42203a0e
                           .group:0000000000000000 wm4._intsup.h.10.b28b45fc63caeb010c3f7ee592257700
                           .group:0000000000000000 wm4._stdint.h.10.c24fa3af3bc1706662bb5593a907e841
                           .group:0000000000000000 wm4.stdint.h.23.d53047a68f4a85177f80b422d52785ed
                           .group:0000000000000000 wm4.key.h.34.4f583cdf848c737ea8afaea31654163d

NO UNDEFINED SYMBOLS
