   1              		.file	"mstp.c"
   2              		.option nopic
   3              		.attribute arch, "rv64i2p0_m2p0_a2p0_c2p0"
   4              		.attribute unaligned_access, 0
   5              		.attribute stack_align, 16
   6              		.text
   7              	.Ltext0:
   8              		.cfi_sections	.debug_frame
   9              	.Letext0:
DEFINED SYMBOLS
                            *ABS*:0000000000000000 mstp.c
C:\Users\zero6575\AppData\Local\Temp\ccTnwk6K.s:24     .debug_abbrev:0000000000000000 .Ldebug_abbrev0
C:\Users\zero6575\AppData\Local\Temp\ccTnwk6K.s:1588   .debug_str:0000000000001b90 .LASF342
C:\Users\zero6575\AppData\Local\Temp\ccTnwk6K.s:1720   .debug_str:00000000000023da .LASF343
C:\Users\zero6575\AppData\Local\Temp\ccTnwk6K.s:1738   .debug_str:00000000000024d8 .LASF344
C:\Users\zero6575\AppData\Local\Temp\ccTnwk6K.s:1098   .debug_line:0000000000000000 .Ldebug_line0
C:\Users\zero6575\AppData\Local\Temp\ccTnwk6K.s:54     .debug_macro:0000000000000000 .Ldebug_macro0
C:\Users\zero6575\AppData\Local\Temp\ccTnwk6K.s:11     .debug_info:0000000000000000 .Ldebug_info0
C:\Users\zero6575\AppData\Local\Temp\ccTnwk6K.s:67     .debug_macro:0000000000000000 .Ldebug_macro2
C:\Users\zero6575\AppData\Local\Temp\ccTnwk6K.s:1580   .debug_str:0000000000001b3a .LASF0
C:\Users\zero6575\AppData\Local\Temp\ccTnwk6K.s:1120   .debug_str:00000000000000ee .LASF1
C:\Users\zero6575\AppData\Local\Temp\ccTnwk6K.s:1658   .debug_str:000000000000204d .LASF2
C:\Users\zero6575\AppData\Local\Temp\ccTnwk6K.s:1680   .debug_str:0000000000002168 .LASF3
C:\Users\zero6575\AppData\Local\Temp\ccTnwk6K.s:1184   .debug_str:0000000000000514 .LASF4
C:\Users\zero6575\AppData\Local\Temp\ccTnwk6K.s:1466   .debug_str:0000000000001517 .LASF5
C:\Users\zero6575\AppData\Local\Temp\ccTnwk6K.s:1342   .debug_str:0000000000000e85 .LASF6
C:\Users\zero6575\AppData\Local\Temp\ccTnwk6K.s:1422   .debug_str:00000000000012ff .LASF7
C:\Users\zero6575\AppData\Local\Temp\ccTnwk6K.s:1584   .debug_str:0000000000001b5f .LASF8
C:\Users\zero6575\AppData\Local\Temp\ccTnwk6K.s:1590   .debug_str:0000000000001c58 .LASF9
C:\Users\zero6575\AppData\Local\Temp\ccTnwk6K.s:1436   .debug_str:0000000000001397 .LASF10
C:\Users\zero6575\AppData\Local\Temp\ccTnwk6K.s:1496   .debug_str:00000000000016b9 .LASF11
C:\Users\zero6575\AppData\Local\Temp\ccTnwk6K.s:1424   .debug_str:0000000000001315 .LASF12
C:\Users\zero6575\AppData\Local\Temp\ccTnwk6K.s:1734   .debug_str:00000000000024b2 .LASF13
C:\Users\zero6575\AppData\Local\Temp\ccTnwk6K.s:1676   .debug_str:0000000000002131 .LASF14
C:\Users\zero6575\AppData\Local\Temp\ccTnwk6K.s:1740   .debug_str:000000000000253a .LASF15
C:\Users\zero6575\AppData\Local\Temp\ccTnwk6K.s:1228   .debug_str:00000000000007f8 .LASF16
C:\Users\zero6575\AppData\Local\Temp\ccTnwk6K.s:1266   .debug_str:0000000000000a06 .LASF17
C:\Users\zero6575\AppData\Local\Temp\ccTnwk6K.s:1774   .debug_str:00000000000026e5 .LASF18
C:\Users\zero6575\AppData\Local\Temp\ccTnwk6K.s:1238   .debug_str:000000000000086e .LASF19
C:\Users\zero6575\AppData\Local\Temp\ccTnwk6K.s:1312   .debug_str:0000000000000cb5 .LASF20
C:\Users\zero6575\AppData\Local\Temp\ccTnwk6K.s:1388   .debug_str:000000000000113a .LASF21
C:\Users\zero6575\AppData\Local\Temp\ccTnwk6K.s:1572   .debug_str:0000000000001aa3 .LASF22
C:\Users\zero6575\AppData\Local\Temp\ccTnwk6K.s:1278   .debug_str:0000000000000afc .LASF23
C:\Users\zero6575\AppData\Local\Temp\ccTnwk6K.s:1332   .debug_str:0000000000000def .LASF24
C:\Users\zero6575\AppData\Local\Temp\ccTnwk6K.s:1114   .debug_str:00000000000000ac .LASF25
C:\Users\zero6575\AppData\Local\Temp\ccTnwk6K.s:1508   .debug_str:0000000000001750 .LASF26
C:\Users\zero6575\AppData\Local\Temp\ccTnwk6K.s:1440   .debug_str:00000000000013c3 .LASF27
C:\Users\zero6575\AppData\Local\Temp\ccTnwk6K.s:1586   .debug_str:0000000000001b73 .LASF28
C:\Users\zero6575\AppData\Local\Temp\ccTnwk6K.s:1376   .debug_str:0000000000001098 .LASF29
C:\Users\zero6575\AppData\Local\Temp\ccTnwk6K.s:1582   .debug_str:0000000000001b45 .LASF30
C:\Users\zero6575\AppData\Local\Temp\ccTnwk6K.s:1252   .debug_str:0000000000000929 .LASF31
C:\Users\zero6575\AppData\Local\Temp\ccTnwk6K.s:1258   .debug_str:0000000000000982 .LASF32
C:\Users\zero6575\AppData\Local\Temp\ccTnwk6K.s:1122   .debug_str:0000000000000107 .LASF33
C:\Users\zero6575\AppData\Local\Temp\ccTnwk6K.s:1354   .debug_str:0000000000000f3e .LASF34
C:\Users\zero6575\AppData\Local\Temp\ccTnwk6K.s:1306   .debug_str:0000000000000c68 .LASF35
C:\Users\zero6575\AppData\Local\Temp\ccTnwk6K.s:1736   .debug_str:00000000000024c5 .LASF36
C:\Users\zero6575\AppData\Local\Temp\ccTnwk6K.s:1162   .debug_str:0000000000000396 .LASF37
C:\Users\zero6575\AppData\Local\Temp\ccTnwk6K.s:1660   .debug_str:000000000000205f .LASF38
C:\Users\zero6575\AppData\Local\Temp\ccTnwk6K.s:1464   .debug_str:00000000000014f4 .LASF39
C:\Users\zero6575\AppData\Local\Temp\ccTnwk6K.s:1754   .debug_str:00000000000025e1 .LASF40
C:\Users\zero6575\AppData\Local\Temp\ccTnwk6K.s:1554   .debug_str:0000000000001995 .LASF41
C:\Users\zero6575\AppData\Local\Temp\ccTnwk6K.s:1222   .debug_str:0000000000000790 .LASF42
C:\Users\zero6575\AppData\Local\Temp\ccTnwk6K.s:1456   .debug_str:0000000000001498 .LASF43
C:\Users\zero6575\AppData\Local\Temp\ccTnwk6K.s:1472   .debug_str:0000000000001556 .LASF44
C:\Users\zero6575\AppData\Local\Temp\ccTnwk6K.s:1220   .debug_str:000000000000077d .LASF45
C:\Users\zero6575\AppData\Local\Temp\ccTnwk6K.s:1762   .debug_str:0000000000002648 .LASF46
C:\Users\zero6575\AppData\Local\Temp\ccTnwk6K.s:1460   .debug_str:00000000000014c3 .LASF47
C:\Users\zero6575\AppData\Local\Temp\ccTnwk6K.s:1682   .debug_str:000000000000217a .LASF48
C:\Users\zero6575\AppData\Local\Temp\ccTnwk6K.s:1198   .debug_str:00000000000005f1 .LASF49
C:\Users\zero6575\AppData\Local\Temp\ccTnwk6K.s:1288   .debug_str:0000000000000b49 .LASF50
C:\Users\zero6575\AppData\Local\Temp\ccTnwk6K.s:1566   .debug_str:0000000000001a5f .LASF51
C:\Users\zero6575\AppData\Local\Temp\ccTnwk6K.s:1264   .debug_str:00000000000009e7 .LASF52
C:\Users\zero6575\AppData\Local\Temp\ccTnwk6K.s:1290   .debug_str:0000000000000b6b .LASF53
C:\Users\zero6575\AppData\Local\Temp\ccTnwk6K.s:1340   .debug_str:0000000000000e67 .LASF54
C:\Users\zero6575\AppData\Local\Temp\ccTnwk6K.s:1760   .debug_str:0000000000002625 .LASF55
C:\Users\zero6575\AppData\Local\Temp\ccTnwk6K.s:1482   .debug_str:00000000000015f5 .LASF56
C:\Users\zero6575\AppData\Local\Temp\ccTnwk6K.s:1710   .debug_str:0000000000002362 .LASF57
C:\Users\zero6575\AppData\Local\Temp\ccTnwk6K.s:1330   .debug_str:0000000000000dc7 .LASF58
C:\Users\zero6575\AppData\Local\Temp\ccTnwk6K.s:1270   .debug_str:0000000000000a43 .LASF59
C:\Users\zero6575\AppData\Local\Temp\ccTnwk6K.s:1744   .debug_str:000000000000256c .LASF60
C:\Users\zero6575\AppData\Local\Temp\ccTnwk6K.s:1712   .debug_str:0000000000002385 .LASF61
C:\Users\zero6575\AppData\Local\Temp\ccTnwk6K.s:1322   .debug_str:0000000000000d73 .LASF62
C:\Users\zero6575\AppData\Local\Temp\ccTnwk6K.s:1662   .debug_str:0000000000002078 .LASF63
C:\Users\zero6575\AppData\Local\Temp\ccTnwk6K.s:1714   .debug_str:000000000000239d .LASF64
C:\Users\zero6575\AppData\Local\Temp\ccTnwk6K.s:1442   .debug_str:00000000000013dc .LASF65
C:\Users\zero6575\AppData\Local\Temp\ccTnwk6K.s:1250   .debug_str:0000000000000902 .LASF66
C:\Users\zero6575\AppData\Local\Temp\ccTnwk6K.s:1378   .debug_str:00000000000010b2 .LASF67
C:\Users\zero6575\AppData\Local\Temp\ccTnwk6K.s:1484   .debug_str:000000000000161e .LASF68
C:\Users\zero6575\AppData\Local\Temp\ccTnwk6K.s:1670   .debug_str:00000000000020d6 .LASF69
C:\Users\zero6575\AppData\Local\Temp\ccTnwk6K.s:1268   .debug_str:0000000000000a11 .LASF70
C:\Users\zero6575\AppData\Local\Temp\ccTnwk6K.s:1696   .debug_str:0000000000002275 .LASF71
C:\Users\zero6575\AppData\Local\Temp\ccTnwk6K.s:1418   .debug_str:00000000000012c4 .LASF72
C:\Users\zero6575\AppData\Local\Temp\ccTnwk6K.s:1570   .debug_str:0000000000001a8f .LASF73
C:\Users\zero6575\AppData\Local\Temp\ccTnwk6K.s:1412   .debug_str:0000000000001276 .LASF74
C:\Users\zero6575\AppData\Local\Temp\ccTnwk6K.s:1562   .debug_str:0000000000001a28 .LASF75
C:\Users\zero6575\AppData\Local\Temp\ccTnwk6K.s:1352   .debug_str:0000000000000f17 .LASF76
C:\Users\zero6575\AppData\Local\Temp\ccTnwk6K.s:1576   .debug_str:0000000000001adb .LASF77
C:\Users\zero6575\AppData\Local\Temp\ccTnwk6K.s:1544   .debug_str:000000000000190f .LASF78
C:\Users\zero6575\AppData\Local\Temp\ccTnwk6K.s:1594   .debug_str:0000000000001c7a .LASF79
C:\Users\zero6575\AppData\Local\Temp\ccTnwk6K.s:1186   .debug_str:0000000000000526 .LASF80
C:\Users\zero6575\AppData\Local\Temp\ccTnwk6K.s:1614   .debug_str:0000000000001db9 .LASF81
C:\Users\zero6575\AppData\Local\Temp\ccTnwk6K.s:1368   .debug_str:000000000000100c .LASF82
C:\Users\zero6575\AppData\Local\Temp\ccTnwk6K.s:1204   .debug_str:0000000000000659 .LASF83
C:\Users\zero6575\AppData\Local\Temp\ccTnwk6K.s:1216   .debug_str:0000000000000756 .LASF84
C:\Users\zero6575\AppData\Local\Temp\ccTnwk6K.s:1458   .debug_str:00000000000014b2 .LASF85
C:\Users\zero6575\AppData\Local\Temp\ccTnwk6K.s:1538   .debug_str:00000000000018d1 .LASF86
C:\Users\zero6575\AppData\Local\Temp\ccTnwk6K.s:1644   .debug_str:0000000000001f19 .LASF87
C:\Users\zero6575\AppData\Local\Temp\ccTnwk6K.s:1126   .debug_str:0000000000000137 .LASF88
C:\Users\zero6575\AppData\Local\Temp\ccTnwk6K.s:1286   .debug_str:0000000000000b37 .LASF89
C:\Users\zero6575\AppData\Local\Temp\ccTnwk6K.s:1334   .debug_str:0000000000000e09 .LASF90
C:\Users\zero6575\AppData\Local\Temp\ccTnwk6K.s:1540   .debug_str:00000000000018e3 .LASF91
C:\Users\zero6575\AppData\Local\Temp\ccTnwk6K.s:1494   .debug_str:0000000000001696 .LASF92
C:\Users\zero6575\AppData\Local\Temp\ccTnwk6K.s:1300   .debug_str:0000000000000c1c .LASF93
C:\Users\zero6575\AppData\Local\Temp\ccTnwk6K.s:1556   .debug_str:00000000000019b2 .LASF94
C:\Users\zero6575\AppData\Local\Temp\ccTnwk6K.s:1650   .debug_str:0000000000001fb1 .LASF95
C:\Users\zero6575\AppData\Local\Temp\ccTnwk6K.s:1462   .debug_str:00000000000014e0 .LASF96
C:\Users\zero6575\AppData\Local\Temp\ccTnwk6K.s:1618   .debug_str:0000000000001df6 .LASF97
C:\Users\zero6575\AppData\Local\Temp\ccTnwk6K.s:1702   .debug_str:00000000000022c5 .LASF98
C:\Users\zero6575\AppData\Local\Temp\ccTnwk6K.s:1638   .debug_str:0000000000001ed8 .LASF99
C:\Users\zero6575\AppData\Local\Temp\ccTnwk6K.s:1728   .debug_str:0000000000002470 .LASF100
C:\Users\zero6575\AppData\Local\Temp\ccTnwk6K.s:1450   .debug_str:0000000000001449 .LASF101
C:\Users\zero6575\AppData\Local\Temp\ccTnwk6K.s:1520   .debug_str:00000000000017fb .LASF102
C:\Users\zero6575\AppData\Local\Temp\ccTnwk6K.s:1608   .debug_str:0000000000001d73 .LASF103
C:\Users\zero6575\AppData\Local\Temp\ccTnwk6K.s:1284   .debug_str:0000000000000b24 .LASF104
C:\Users\zero6575\AppData\Local\Temp\ccTnwk6K.s:1246   .debug_str:00000000000008d1 .LASF105
C:\Users\zero6575\AppData\Local\Temp\ccTnwk6K.s:1770   .debug_str:00000000000026ae .LASF106
C:\Users\zero6575\AppData\Local\Temp\ccTnwk6K.s:1678   .debug_str:0000000000002144 .LASF107
C:\Users\zero6575\AppData\Local\Temp\ccTnwk6K.s:1776   .debug_str:00000000000026f6 .LASF108
C:\Users\zero6575\AppData\Local\Temp\ccTnwk6K.s:1336   .debug_str:0000000000000e1e .LASF109
C:\Users\zero6575\AppData\Local\Temp\ccTnwk6K.s:1480   .debug_str:00000000000015de .LASF110
C:\Users\zero6575\AppData\Local\Temp\ccTnwk6K.s:1534   .debug_str:000000000000189f .LASF111
C:\Users\zero6575\AppData\Local\Temp\ccTnwk6K.s:1106   .debug_str:0000000000000050 .LASF112
C:\Users\zero6575\AppData\Local\Temp\ccTnwk6K.s:1230   .debug_str:0000000000000800 .LASF113
C:\Users\zero6575\AppData\Local\Temp\ccTnwk6K.s:1502   .debug_str:00000000000016fe .LASF114
C:\Users\zero6575\AppData\Local\Temp\ccTnwk6K.s:1174   .debug_str:0000000000000457 .LASF115
C:\Users\zero6575\AppData\Local\Temp\ccTnwk6K.s:1158   .debug_str:0000000000000358 .LASF116
C:\Users\zero6575\AppData\Local\Temp\ccTnwk6K.s:1420   .debug_str:00000000000012d7 .LASF117
C:\Users\zero6575\AppData\Local\Temp\ccTnwk6K.s:1320   .debug_str:0000000000000d5f .LASF118
C:\Users\zero6575\AppData\Local\Temp\ccTnwk6K.s:1764   .debug_str:0000000000002660 .LASF119
C:\Users\zero6575\AppData\Local\Temp\ccTnwk6K.s:1444   .debug_str:00000000000013fe .LASF120
C:\Users\zero6575\AppData\Local\Temp\ccTnwk6K.s:1756   .debug_str:0000000000002604 .LASF121
C:\Users\zero6575\AppData\Local\Temp\ccTnwk6K.s:1260   .debug_str:00000000000009af .LASF122
C:\Users\zero6575\AppData\Local\Temp\ccTnwk6K.s:1568   .debug_str:0000000000001a7f .LASF123
C:\Users\zero6575\AppData\Local\Temp\ccTnwk6K.s:1112   .debug_str:000000000000008b .LASF124
C:\Users\zero6575\AppData\Local\Temp\ccTnwk6K.s:1454   .debug_str:0000000000001483 .LASF125
C:\Users\zero6575\AppData\Local\Temp\ccTnwk6K.s:1370   .debug_str:000000000000102e .LASF126
C:\Users\zero6575\AppData\Local\Temp\ccTnwk6K.s:1166   .debug_str:00000000000003f2 .LASF127
C:\Users\zero6575\AppData\Local\Temp\ccTnwk6K.s:1766   .debug_str:0000000000002679 .LASF128
C:\Users\zero6575\AppData\Local\Temp\ccTnwk6K.s:1732   .debug_str:000000000000249b .LASF129
C:\Users\zero6575\AppData\Local\Temp\ccTnwk6K.s:1698   .debug_str:000000000000228c .LASF130
C:\Users\zero6575\AppData\Local\Temp\ccTnwk6K.s:1358   .debug_str:0000000000000f71 .LASF131
C:\Users\zero6575\AppData\Local\Temp\ccTnwk6K.s:1672   .debug_str:00000000000020fe .LASF132
C:\Users\zero6575\AppData\Local\Temp\ccTnwk6K.s:1104   .debug_str:0000000000000038 .LASF133
C:\Users\zero6575\AppData\Local\Temp\ccTnwk6K.s:1372   .debug_str:0000000000001058 .LASF134
C:\Users\zero6575\AppData\Local\Temp\ccTnwk6K.s:1704   .debug_str:00000000000022f2 .LASF135
C:\Users\zero6575\AppData\Local\Temp\ccTnwk6K.s:1100   .debug_str:0000000000000000 .LASF136
C:\Users\zero6575\AppData\Local\Temp\ccTnwk6K.s:1244   .debug_str:00000000000008b1 .LASF137
C:\Users\zero6575\AppData\Local\Temp\ccTnwk6K.s:1656   .debug_str:000000000000202d .LASF138
C:\Users\zero6575\AppData\Local\Temp\ccTnwk6K.s:1136   .debug_str:00000000000001d6 .LASF139
C:\Users\zero6575\AppData\Local\Temp\ccTnwk6K.s:1272   .debug_str:0000000000000a5a .LASF140
C:\Users\zero6575\AppData\Local\Temp\ccTnwk6K.s:1182   .debug_str:0000000000000500 .LASF141
C:\Users\zero6575\AppData\Local\Temp\ccTnwk6K.s:1160   .debug_str:0000000000000371 .LASF142
C:\Users\zero6575\AppData\Local\Temp\ccTnwk6K.s:1598   .debug_str:0000000000001ca8 .LASF143
C:\Users\zero6575\AppData\Local\Temp\ccTnwk6K.s:1492   .debug_str:000000000000167e .LASF144
C:\Users\zero6575\AppData\Local\Temp\ccTnwk6K.s:1564   .debug_str:0000000000001a49 .LASF145
C:\Users\zero6575\AppData\Local\Temp\ccTnwk6K.s:1188   .debug_str:0000000000000536 .LASF146
C:\Users\zero6575\AppData\Local\Temp\ccTnwk6K.s:1348   .debug_str:0000000000000ee5 .LASF147
C:\Users\zero6575\AppData\Local\Temp\ccTnwk6K.s:1630   .debug_str:0000000000001e86 .LASF148
C:\Users\zero6575\AppData\Local\Temp\ccTnwk6K.s:1788   .debug_str:000000000000278d .LASF149
C:\Users\zero6575\AppData\Local\Temp\ccTnwk6K.s:1314   .debug_str:0000000000000ccc .LASF150
C:\Users\zero6575\AppData\Local\Temp\ccTnwk6K.s:1364   .debug_str:0000000000000fb7 .LASF151
C:\Users\zero6575\AppData\Local\Temp\ccTnwk6K.s:1730   .debug_str:0000000000002482 .LASF152
C:\Users\zero6575\AppData\Local\Temp\ccTnwk6K.s:1402   .debug_str:0000000000001206 .LASF153
C:\Users\zero6575\AppData\Local\Temp\ccTnwk6K.s:1324   .debug_str:0000000000000d90 .LASF154
C:\Users\zero6575\AppData\Local\Temp\ccTnwk6K.s:1434   .debug_str:0000000000001381 .LASF155
C:\Users\zero6575\AppData\Local\Temp\ccTnwk6K.s:1510   .debug_str:000000000000175f .LASF156
C:\Users\zero6575\AppData\Local\Temp\ccTnwk6K.s:1390   .debug_str:000000000000114d .LASF157
C:\Users\zero6575\AppData\Local\Temp\ccTnwk6K.s:1226   .debug_str:00000000000007be .LASF158
C:\Users\zero6575\AppData\Local\Temp\ccTnwk6K.s:1274   .debug_str:0000000000000a7d .LASF159
C:\Users\zero6575\AppData\Local\Temp\ccTnwk6K.s:1240   .debug_str:0000000000000880 .LASF160
C:\Users\zero6575\AppData\Local\Temp\ccTnwk6K.s:1636   .debug_str:0000000000001ec1 .LASF161
C:\Users\zero6575\AppData\Local\Temp\ccTnwk6K.s:1362   .debug_str:0000000000000f9f .LASF162
C:\Users\zero6575\AppData\Local\Temp\ccTnwk6K.s:1206   .debug_str:000000000000066b .LASF163
C:\Users\zero6575\AppData\Local\Temp\ccTnwk6K.s:1432   .debug_str:0000000000001372 .LASF164
C:\Users\zero6575\AppData\Local\Temp\ccTnwk6K.s:1620   .debug_str:0000000000001e14 .LASF165
C:\Users\zero6575\AppData\Local\Temp\ccTnwk6K.s:1782   .debug_str:0000000000002743 .LASF166
C:\Users\zero6575\AppData\Local\Temp\ccTnwk6K.s:1486   .debug_str:0000000000001641 .LASF167
C:\Users\zero6575\AppData\Local\Temp\ccTnwk6K.s:1152   .debug_str:00000000000002cb .LASF168
C:\Users\zero6575\AppData\Local\Temp\ccTnwk6K.s:1430   .debug_str:000000000000135b .LASF169
C:\Users\zero6575\AppData\Local\Temp\ccTnwk6K.s:1724   .debug_str:000000000000241c .LASF170
C:\Users\zero6575\AppData\Local\Temp\ccTnwk6K.s:1134   .debug_str:0000000000000194 .LASF171
C:\Users\zero6575\AppData\Local\Temp\ccTnwk6K.s:1190   .debug_str:0000000000000557 .LASF172
C:\Users\zero6575\AppData\Local\Temp\ccTnwk6K.s:1318   .debug_str:0000000000000d16 .LASF173
C:\Users\zero6575\AppData\Local\Temp\ccTnwk6K.s:1406   .debug_str:000000000000122e .LASF174
C:\Users\zero6575\AppData\Local\Temp\ccTnwk6K.s:1168   .debug_str:0000000000000408 .LASF175
C:\Users\zero6575\AppData\Local\Temp\ccTnwk6K.s:1212   .debug_str:00000000000006ff .LASF176
C:\Users\zero6575\AppData\Local\Temp\ccTnwk6K.s:1144   .debug_str:000000000000024a .LASF177
C:\Users\zero6575\AppData\Local\Temp\ccTnwk6K.s:1686   .debug_str:00000000000021b8 .LASF178
C:\Users\zero6575\AppData\Local\Temp\ccTnwk6K.s:1310   .debug_str:0000000000000c9b .LASF179
C:\Users\zero6575\AppData\Local\Temp\ccTnwk6K.s:1380   .debug_str:00000000000010cb .LASF180
C:\Users\zero6575\AppData\Local\Temp\ccTnwk6K.s:1550   .debug_str:000000000000196c .LASF181
C:\Users\zero6575\AppData\Local\Temp\ccTnwk6K.s:1142   .debug_str:0000000000000231 .LASF182
C:\Users\zero6575\AppData\Local\Temp\ccTnwk6K.s:1356   .debug_str:0000000000000f5e .LASF183
C:\Users\zero6575\AppData\Local\Temp\ccTnwk6K.s:1768   .debug_str:0000000000002696 .LASF184
C:\Users\zero6575\AppData\Local\Temp\ccTnwk6K.s:1398   .debug_str:00000000000011b2 .LASF185
C:\Users\zero6575\AppData\Local\Temp\ccTnwk6K.s:1156   .debug_str:000000000000031e .LASF186
C:\Users\zero6575\AppData\Local\Temp\ccTnwk6K.s:1316   .debug_str:0000000000000cda .LASF187
C:\Users\zero6575\AppData\Local\Temp\ccTnwk6K.s:1276   .debug_str:0000000000000abb .LASF188
C:\Users\zero6575\AppData\Local\Temp\ccTnwk6K.s:1666   .debug_str:00000000000020a6 .LASF189
C:\Users\zero6575\AppData\Local\Temp\ccTnwk6K.s:1236   .debug_str:0000000000000856 .LASF190
C:\Users\zero6575\AppData\Local\Temp\ccTnwk6K.s:1616   .debug_str:0000000000001ddd .LASF191
C:\Users\zero6575\AppData\Local\Temp\ccTnwk6K.s:1360   .debug_str:0000000000000f89 .LASF192
C:\Users\zero6575\AppData\Local\Temp\ccTnwk6K.s:1108   .debug_str:000000000000005f .LASF193
C:\Users\zero6575\AppData\Local\Temp\ccTnwk6K.s:1752   .debug_str:00000000000025c8 .LASF194
C:\Users\zero6575\AppData\Local\Temp\ccTnwk6K.s:1426   .debug_str:0000000000001328 .LASF195
C:\Users\zero6575\AppData\Local\Temp\ccTnwk6K.s:1292   .debug_str:0000000000000b84 .LASF196
C:\Users\zero6575\AppData\Local\Temp\ccTnwk6K.s:1384   .debug_str:0000000000001108 .LASF197
C:\Users\zero6575\AppData\Local\Temp\ccTnwk6K.s:1500   .debug_str:00000000000016e6 .LASF198
C:\Users\zero6575\AppData\Local\Temp\ccTnwk6K.s:1558   .debug_str:00000000000019d7 .LASF199
C:\Users\zero6575\AppData\Local\Temp\ccTnwk6K.s:1338   .debug_str:0000000000000e2c .LASF200
C:\Users\zero6575\AppData\Local\Temp\ccTnwk6K.s:1208   .debug_str:000000000000067f .LASF201
C:\Users\zero6575\AppData\Local\Temp\ccTnwk6K.s:1210   .debug_str:00000000000006bd .LASF202
C:\Users\zero6575\AppData\Local\Temp\ccTnwk6K.s:1628   .debug_str:0000000000001e6f .LASF203
C:\Users\zero6575\AppData\Local\Temp\ccTnwk6K.s:1234   .debug_str:000000000000083d .LASF204
C:\Users\zero6575\AppData\Local\Temp\ccTnwk6K.s:1690   .debug_str:00000000000021f5 .LASF205
C:\Users\zero6575\AppData\Local\Temp\ccTnwk6K.s:1634   .debug_str:0000000000001eab .LASF206
C:\Users\zero6575\AppData\Local\Temp\ccTnwk6K.s:1716   .debug_str:00000000000023bf .LASF207
C:\Users\zero6575\AppData\Local\Temp\ccTnwk6K.s:1668   .debug_str:00000000000020bc .LASF208
C:\Users\zero6575\AppData\Local\Temp\ccTnwk6K.s:1524   .debug_str:0000000000001822 .LASF209
C:\Users\zero6575\AppData\Local\Temp\ccTnwk6K.s:1294   .debug_str:0000000000000b9a .LASF210
C:\Users\zero6575\AppData\Local\Temp\ccTnwk6K.s:1786   .debug_str:0000000000002774 .LASF211
C:\Users\zero6575\AppData\Local\Temp\ccTnwk6K.s:1642   .debug_str:0000000000001f00 .LASF212
C:\Users\zero6575\AppData\Local\Temp\ccTnwk6K.s:1146   .debug_str:0000000000000260 .LASF213
C:\Users\zero6575\AppData\Local\Temp\ccTnwk6K.s:1154   .debug_str:00000000000002e2 .LASF214
C:\Users\zero6575\AppData\Local\Temp\ccTnwk6K.s:1214   .debug_str:0000000000000717 .LASF215
C:\Users\zero6575\AppData\Local\Temp\ccTnwk6K.s:1646   .debug_str:0000000000001f30 .LASF216
C:\Users\zero6575\AppData\Local\Temp\ccTnwk6K.s:1532   .debug_str:0000000000001888 .LASF217
C:\Users\zero6575\AppData\Local\Temp\ccTnwk6K.s:1394   .debug_str:000000000000118a .LASF218
C:\Users\zero6575\AppData\Local\Temp\ccTnwk6K.s:1200   .debug_str:000000000000060e .LASF219
C:\Users\zero6575\AppData\Local\Temp\ccTnwk6K.s:1626   .debug_str:0000000000001e57 .LASF220
C:\Users\zero6575\AppData\Local\Temp\ccTnwk6K.s:1758   .debug_str:0000000000002613 .LASF221
C:\Users\zero6575\AppData\Local\Temp\ccTnwk6K.s:1242   .debug_str:0000000000000895 .LASF222
C:\Users\zero6575\AppData\Local\Temp\ccTnwk6K.s:1410   .debug_str:0000000000001258 .LASF223
C:\Users\zero6575\AppData\Local\Temp\ccTnwk6K.s:1102   .debug_str:000000000000001f .LASF224
C:\Users\zero6575\AppData\Local\Temp\ccTnwk6K.s:1742   .debug_str:0000000000002551 .LASF225
C:\Users\zero6575\AppData\Local\Temp\ccTnwk6K.s:1542   .debug_str:00000000000018f5 .LASF226
C:\Users\zero6575\AppData\Local\Temp\ccTnwk6K.s:1694   .debug_str:0000000000002236 .LASF227
C:\Users\zero6575\AppData\Local\Temp\ccTnwk6K.s:1708   .debug_str:0000000000002323 .LASF228
C:\Users\zero6575\AppData\Local\Temp\ccTnwk6K.s:1178   .debug_str:00000000000004a7 .LASF229
C:\Users\zero6575\AppData\Local\Temp\ccTnwk6K.s:1578   .debug_str:0000000000001af4 .LASF230
C:\Users\zero6575\AppData\Local\Temp\ccTnwk6K.s:1414   .debug_str:000000000000128d .LASF231
C:\Users\zero6575\AppData\Local\Temp\ccTnwk6K.s:1386   .debug_str:0000000000001120 .LASF232
C:\Users\zero6575\AppData\Local\Temp\ccTnwk6K.s:1170   .debug_str:000000000000041f .LASF233
C:\Users\zero6575\AppData\Local\Temp\ccTnwk6K.s:1488   .debug_str:0000000000001656 .LASF234
C:\Users\zero6575\AppData\Local\Temp\ccTnwk6K.s:1552   .debug_str:0000000000001983 .LASF235
C:\Users\zero6575\AppData\Local\Temp\ccTnwk6K.s:1256   .debug_str:0000000000000967 .LASF236
C:\Users\zero6575\AppData\Local\Temp\ccTnwk6K.s:1172   .debug_str:000000000000043a .LASF237
C:\Users\zero6575\AppData\Local\Temp\ccTnwk6K.s:1140   .debug_str:0000000000000219 .LASF238
C:\Users\zero6575\AppData\Local\Temp\ccTnwk6K.s:1446   .debug_str:0000000000001417 .LASF239
C:\Users\zero6575\AppData\Local\Temp\ccTnwk6K.s:1514   .debug_str:00000000000017ab .LASF240
C:\Users\zero6575\AppData\Local\Temp\ccTnwk6K.s:1648   .debug_str:0000000000001f73 .LASF241
C:\Users\zero6575\AppData\Local\Temp\ccTnwk6K.s:1366   .debug_str:0000000000000fce .LASF242
C:\Users\zero6575\AppData\Local\Temp\ccTnwk6K.s:1176   .debug_str:0000000000000466 .LASF243
C:\Users\zero6575\AppData\Local\Temp\ccTnwk6K.s:1604   .debug_str:0000000000001d16 .LASF244
C:\Users\zero6575\AppData\Local\Temp\ccTnwk6K.s:1116   .debug_str:00000000000000c0 .LASF245
C:\Users\zero6575\AppData\Local\Temp\ccTnwk6K.s:1624   .debug_str:0000000000001e3d .LASF246
C:\Users\zero6575\AppData\Local\Temp\ccTnwk6K.s:1148   .debug_str:000000000000029c .LASF247
C:\Users\zero6575\AppData\Local\Temp\ccTnwk6K.s:1606   .debug_str:0000000000001d5b .LASF248
C:\Users\zero6575\AppData\Local\Temp\ccTnwk6K.s:1726   .debug_str:000000000000245e .LASF249
C:\Users\zero6575\AppData\Local\Temp\ccTnwk6K.s:1110   .debug_str:000000000000006f .LASF250
C:\Users\zero6575\AppData\Local\Temp\ccTnwk6K.s:1192   .debug_str:000000000000059c .LASF251
C:\Users\zero6575\AppData\Local\Temp\ccTnwk6K.s:1308   .debug_str:0000000000000c82 .LASF252
C:\Users\zero6575\AppData\Local\Temp\ccTnwk6K.s:1684   .debug_str:000000000000219d .LASF253
C:\Users\zero6575\AppData\Local\Temp\ccTnwk6K.s:1138   .debug_str:00000000000001ff .LASF254
C:\Users\zero6575\AppData\Local\Temp\ccTnwk6K.s:1652   .debug_str:0000000000001fc8 .LASF255
C:\Users\zero6575\AppData\Local\Temp\ccTnwk6K.s:1344   .debug_str:0000000000000e96 .LASF256
C:\Users\zero6575\AppData\Local\Temp\ccTnwk6K.s:1164   .debug_str:00000000000003b1 .LASF257
C:\Users\zero6575\AppData\Local\Temp\ccTnwk6K.s:1296   .debug_str:0000000000000bb1 .LASF258
C:\Users\zero6575\AppData\Local\Temp\ccTnwk6K.s:1180   .debug_str:00000000000004e8 .LASF259
C:\Users\zero6575\AppData\Local\Temp\ccTnwk6K.s:1400   .debug_str:00000000000011ec .LASF260
C:\Users\zero6575\AppData\Local\Temp\ccTnwk6K.s:1248   .debug_str:00000000000008e7 .LASF261
C:\Users\zero6575\AppData\Local\Temp\ccTnwk6K.s:1596   .debug_str:0000000000001c93 .LASF262
C:\Users\zero6575\AppData\Local\Temp\ccTnwk6K.s:1518   .debug_str:00000000000017e3 .LASF263
C:\Users\zero6575\AppData\Local\Temp\ccTnwk6K.s:1218   .debug_str:0000000000000768 .LASF264
C:\Users\zero6575\AppData\Local\Temp\ccTnwk6K.s:1506   .debug_str:000000000000173a .LASF265
C:\Users\zero6575\AppData\Local\Temp\ccTnwk6K.s:1350   .debug_str:0000000000000efb .LASF266
C:\Users\zero6575\AppData\Local\Temp\ccTnwk6K.s:1706   .debug_str:000000000000230a .LASF267
C:\Users\zero6575\AppData\Local\Temp\ccTnwk6K.s:1692   .debug_str:000000000000220f .LASF268
C:\Users\zero6575\AppData\Local\Temp\ccTnwk6K.s:1130   .debug_str:0000000000000165 .LASF269
C:\Users\zero6575\AppData\Local\Temp\ccTnwk6K.s:1132   .debug_str:000000000000017b .LASF270
C:\Users\zero6575\AppData\Local\Temp\ccTnwk6K.s:1224   .debug_str:00000000000007a8 .LASF271
C:\Users\zero6575\AppData\Local\Temp\ccTnwk6K.s:1780   .debug_str:000000000000272c .LASF272
C:\Users\zero6575\AppData\Local\Temp\ccTnwk6K.s:1654   .debug_str:0000000000002007 .LASF273
C:\Users\zero6575\AppData\Local\Temp\ccTnwk6K.s:1498   .debug_str:00000000000016cc .LASF274
C:\Users\zero6575\AppData\Local\Temp\ccTnwk6K.s:1202   .debug_str:0000000000000628 .LASF275
C:\Users\zero6575\AppData\Local\Temp\ccTnwk6K.s:1536   .debug_str:00000000000018ba .LASF276
C:\Users\zero6575\AppData\Local\Temp\ccTnwk6K.s:1128   .debug_str:000000000000014a .LASF277
C:\Users\zero6575\AppData\Local\Temp\ccTnwk6K.s:1448   .debug_str:0000000000001431 .LASF278
C:\Users\zero6575\AppData\Local\Temp\ccTnwk6K.s:1438   .debug_str:00000000000013aa .LASF279
C:\Users\zero6575\AppData\Local\Temp\ccTnwk6K.s:1478   .debug_str:00000000000015a4 .LASF280
C:\Users\zero6575\AppData\Local\Temp\ccTnwk6K.s:1124   .debug_str:000000000000011c .LASF281
C:\Users\zero6575\AppData\Local\Temp\ccTnwk6K.s:1602   .debug_str:0000000000001cd1 .LASF282
C:\Users\zero6575\AppData\Local\Temp\ccTnwk6K.s:1674   .debug_str:000000000000211c .LASF283
C:\Users\zero6575\AppData\Local\Temp\ccTnwk6K.s:1748   .debug_str:000000000000259a .LASF284
C:\Users\zero6575\AppData\Local\Temp\ccTnwk6K.s:1784   .debug_str:000000000000275d .LASF285
C:\Users\zero6575\AppData\Local\Temp\ccTnwk6K.s:1326   .debug_str:0000000000000da6 .LASF286
C:\Users\zero6575\AppData\Local\Temp\ccTnwk6K.s:1452   .debug_str:000000000000145e .LASF287
C:\Users\zero6575\AppData\Local\Temp\ccTnwk6K.s:1574   .debug_str:0000000000001ab6 .LASF288
C:\Users\zero6575\AppData\Local\Temp\ccTnwk6K.s:1778   .debug_str:000000000000270e .LASF289
C:\Users\zero6575\AppData\Local\Temp\ccTnwk6K.s:1516   .debug_str:00000000000017c5 .LASF290
C:\Users\zero6575\AppData\Local\Temp\ccTnwk6K.s:1546   .debug_str:0000000000001932 .LASF291
C:\Users\zero6575\AppData\Local\Temp\ccTnwk6K.s:1302   .debug_str:0000000000000c31 .LASF292
C:\Users\zero6575\AppData\Local\Temp\ccTnwk6K.s:1196   .debug_str:00000000000005d0 .LASF293
C:\Users\zero6575\AppData\Local\Temp\ccTnwk6K.s:1470   .debug_str:0000000000001537 .LASF294
C:\Users\zero6575\AppData\Local\Temp\ccTnwk6K.s:1504   .debug_str:000000000000171d .LASF295
C:\Users\zero6575\AppData\Local\Temp\ccTnwk6K.s:1722   .debug_str:00000000000023fe .LASF296
C:\Users\zero6575\AppData\Local\Temp\ccTnwk6K.s:1416   .debug_str:00000000000012a5 .LASF297
C:\Users\zero6575\AppData\Local\Temp\ccTnwk6K.s:1232   .debug_str:0000000000000819 .LASF298
C:\Users\zero6575\AppData\Local\Temp\ccTnwk6K.s:1382   .debug_str:00000000000010e7 .LASF299
C:\Users\zero6575\AppData\Local\Temp\ccTnwk6K.s:1772   .debug_str:00000000000026c9 .LASF300
C:\Users\zero6575\AppData\Local\Temp\ccTnwk6K.s:1262   .debug_str:00000000000009cb .LASF301
C:\Users\zero6575\AppData\Local\Temp\ccTnwk6K.s:1304   .debug_str:0000000000000c53 .LASF302
C:\Users\zero6575\AppData\Local\Temp\ccTnwk6K.s:1512   .debug_str:0000000000001796 .LASF303
C:\Users\zero6575\AppData\Local\Temp\ccTnwk6K.s:1150   .debug_str:00000000000002b7 .LASF304
C:\Users\zero6575\AppData\Local\Temp\ccTnwk6K.s:1254   .debug_str:0000000000000950 .LASF305
C:\Users\zero6575\AppData\Local\Temp\ccTnwk6K.s:1718   .debug_str:00000000000023d0 .LASF306
C:\Users\zero6575\AppData\Local\Temp\ccTnwk6K.s:1468   .debug_str:0000000000001522 .LASF307
C:\Users\zero6575\AppData\Local\Temp\ccTnwk6K.s:1622   .debug_str:0000000000001e2c .LASF308
C:\Users\zero6575\AppData\Local\Temp\ccTnwk6K.s:1610   .debug_str:0000000000001d95 .LASF309
C:\Users\zero6575\AppData\Local\Temp\ccTnwk6K.s:1522   .debug_str:0000000000001814 .LASF310
C:\Users\zero6575\AppData\Local\Temp\ccTnwk6K.s:1490   .debug_str:000000000000166d .LASF311
C:\Users\zero6575\AppData\Local\Temp\ccTnwk6K.s:1346   .debug_str:0000000000000ed5 .LASF312
C:\Users\zero6575\AppData\Local\Temp\ccTnwk6K.s:1374   .debug_str:000000000000107f .LASF313
C:\Users\zero6575\AppData\Local\Temp\ccTnwk6K.s:1548   .debug_str:0000000000001954 .LASF314
C:\Users\zero6575\AppData\Local\Temp\ccTnwk6K.s:1282   .debug_str:0000000000000b1a .LASF315
C:\Users\zero6575\AppData\Local\Temp\ccTnwk6K.s:1392   .debug_str:0000000000001184 .LASF316
C:\Users\zero6575\AppData\Local\Temp\ccTnwk6K.s:1408   .debug_str:0000000000001243 .LASF317
C:\Users\zero6575\AppData\Local\Temp\ccTnwk6K.s:1118   .debug_str:00000000000000d8 .LASF318
C:\Users\zero6575\AppData\Local\Temp\ccTnwk6K.s:1560   .debug_str:0000000000001a12 .LASF319
C:\Users\zero6575\AppData\Local\Temp\ccTnwk6K.s:1600   .debug_str:0000000000001cb8 .LASF320
C:\Users\zero6575\AppData\Local\Temp\ccTnwk6K.s:1474   .debug_str:000000000000156f .LASF321
C:\Users\zero6575\AppData\Local\Temp\ccTnwk6K.s:1280   .debug_str:0000000000000b10 .LASF322
C:\Users\zero6575\AppData\Local\Temp\ccTnwk6K.s:1476   .debug_str:0000000000001591 .LASF323
C:\Users\zero6575\AppData\Local\Temp\ccTnwk6K.s:1632   .debug_str:0000000000001e96 .LASF324
C:\Users\zero6575\AppData\Local\Temp\ccTnwk6K.s:1688   .debug_str:00000000000021c8 .LASF325
C:\Users\zero6575\AppData\Local\Temp\ccTnwk6K.s:1298   .debug_str:0000000000000bf7 .LASF326
C:\Users\zero6575\AppData\Local\Temp\ccTnwk6K.s:1746   .debug_str:0000000000002584 .LASF327
C:\Users\zero6575\AppData\Local\Temp\ccTnwk6K.s:1526   .debug_str:000000000000183e .LASF328
C:\Users\zero6575\AppData\Local\Temp\ccTnwk6K.s:1612   .debug_str:0000000000001da3 .LASF329
C:\Users\zero6575\AppData\Local\Temp\ccTnwk6K.s:1404   .debug_str:000000000000121a .LASF330
C:\Users\zero6575\AppData\Local\Temp\ccTnwk6K.s:1328   .debug_str:0000000000000db6 .LASF331
C:\Users\zero6575\AppData\Local\Temp\ccTnwk6K.s:1428   .debug_str:0000000000001343 .LASF332
C:\Users\zero6575\AppData\Local\Temp\ccTnwk6K.s:1664   .debug_str:0000000000002099 .LASF333
C:\Users\zero6575\AppData\Local\Temp\ccTnwk6K.s:1396   .debug_str:00000000000011a3 .LASF334
C:\Users\zero6575\AppData\Local\Temp\ccTnwk6K.s:1640   .debug_str:0000000000001ef0 .LASF335
C:\Users\zero6575\AppData\Local\Temp\ccTnwk6K.s:1528   .debug_str:0000000000001853 .LASF336
C:\Users\zero6575\AppData\Local\Temp\ccTnwk6K.s:1530   .debug_str:000000000000186d .LASF337
C:\Users\zero6575\AppData\Local\Temp\ccTnwk6K.s:1700   .debug_str:00000000000022aa .LASF338
C:\Users\zero6575\AppData\Local\Temp\ccTnwk6K.s:1194   .debug_str:00000000000005ba .LASF339
C:\Users\zero6575\AppData\Local\Temp\ccTnwk6K.s:1592   .debug_str:0000000000001c6b .LASF340
C:\Users\zero6575\AppData\Local\Temp\ccTnwk6K.s:1750   .debug_str:00000000000025b1 .LASF341
                           .group:0000000000000000 wm4.0.29db371e8b94e604acd9f4c2cef2c360

NO UNDEFINED SYMBOLS
