   1              		.file	"sbuf.c"
   2              		.option nopic
   3              		.attribute arch, "rv64i2p0_m2p0_a2p0_c2p0"
   4              		.attribute unaligned_access, 0
   5              		.attribute stack_align, 16
   6              		.text
   7              	.Ltext0:
   8              		.cfi_sections	.debug_frame
   9              		.section	.text.sbuf_init,"ax",@progbits
  10              		.align	1
  11              		.globl	sbuf_init
  13              	sbuf_init:
  14              	.LFB0:
  15              		.file 1 "../src/middleware/bacnet/src/sbuf.c"
   1:../src/middleware/bacnet/src/sbuf.c **** /*####COPYRIGHTBEGIN####
   2:../src/middleware/bacnet/src/sbuf.c ****  -------------------------------------------
   3:../src/middleware/bacnet/src/sbuf.c ****  Copyright (C) 2005 by Steve Karg
   4:../src/middleware/bacnet/src/sbuf.c **** 
   5:../src/middleware/bacnet/src/sbuf.c ****  This program is free software; you can redistribute it and/or
   6:../src/middleware/bacnet/src/sbuf.c ****  modify it under the terms of the GNU General Public License
   7:../src/middleware/bacnet/src/sbuf.c ****  as published by the Free Software Foundation; either version 2
   8:../src/middleware/bacnet/src/sbuf.c ****  of the License, or (at your option) any later version.
   9:../src/middleware/bacnet/src/sbuf.c **** 
  10:../src/middleware/bacnet/src/sbuf.c ****  This program is distributed in the hope that it will be useful,
  11:../src/middleware/bacnet/src/sbuf.c ****  but WITHOUT ANY WARRANTY; without even the implied warranty of
  12:../src/middleware/bacnet/src/sbuf.c ****  MERCHANTABILITY or FITNESS FOR A PARTICULAR PURPOSE.  See the
  13:../src/middleware/bacnet/src/sbuf.c ****  GNU General Public License for more details.
  14:../src/middleware/bacnet/src/sbuf.c **** 
  15:../src/middleware/bacnet/src/sbuf.c ****  You should have received a copy of the GNU General Public License
  16:../src/middleware/bacnet/src/sbuf.c ****  along with this program; if not, write to:
  17:../src/middleware/bacnet/src/sbuf.c ****  The Free Software Foundation, Inc.
  18:../src/middleware/bacnet/src/sbuf.c ****  59 Temple Place - Suite 330
  19:../src/middleware/bacnet/src/sbuf.c ****  Boston, MA  02111-1307
  20:../src/middleware/bacnet/src/sbuf.c ****  USA.
  21:../src/middleware/bacnet/src/sbuf.c **** 
  22:../src/middleware/bacnet/src/sbuf.c ****  As a special exception, if other files instantiate templates or
  23:../src/middleware/bacnet/src/sbuf.c ****  use macros or inline functions from this file, or you compile
  24:../src/middleware/bacnet/src/sbuf.c ****  this file and link it with other works to produce a work based
  25:../src/middleware/bacnet/src/sbuf.c ****  on this file, this file does not by itself cause the resulting
  26:../src/middleware/bacnet/src/sbuf.c ****  work to be covered by the GNU General Public License. However
  27:../src/middleware/bacnet/src/sbuf.c ****  the source code for this file must still be made available in
  28:../src/middleware/bacnet/src/sbuf.c ****  accordance with section (3) of the GNU General Public License.
  29:../src/middleware/bacnet/src/sbuf.c **** 
  30:../src/middleware/bacnet/src/sbuf.c ****  This exception does not invalidate any other reasons why a work
  31:../src/middleware/bacnet/src/sbuf.c ****  based on this file might be covered by the GNU General Public
  32:../src/middleware/bacnet/src/sbuf.c ****  License.
  33:../src/middleware/bacnet/src/sbuf.c ****  -------------------------------------------
  34:../src/middleware/bacnet/src/sbuf.c **** ####COPYRIGHTEND####*/
  35:../src/middleware/bacnet/src/sbuf.c **** 
  36:../src/middleware/bacnet/src/sbuf.c **** /** @file sbuf.c  Static buffer library for deeply embedded system. */
  37:../src/middleware/bacnet/src/sbuf.c **** 
  38:../src/middleware/bacnet/src/sbuf.c **** /* Functional Description: Static buffer library for deeply
  39:../src/middleware/bacnet/src/sbuf.c ****    embedded system. See the unit tests for usage examples. */
  40:../src/middleware/bacnet/src/sbuf.c **** #include <stdint.h>
  41:../src/middleware/bacnet/src/sbuf.c **** #include <stdbool.h>
  42:../src/middleware/bacnet/src/sbuf.c **** #include <stddef.h>
  43:../src/middleware/bacnet/src/sbuf.c **** #include "sbuf.h"
  44:../src/middleware/bacnet/src/sbuf.c **** 
  45:../src/middleware/bacnet/src/sbuf.c **** void sbuf_init(
  46:../src/middleware/bacnet/src/sbuf.c ****     STATIC_BUFFER * b,  /* static buffer structure */
  47:../src/middleware/bacnet/src/sbuf.c ****     char *data, /* data block */
  48:../src/middleware/bacnet/src/sbuf.c ****     unsigned size)
  49:../src/middleware/bacnet/src/sbuf.c **** {       /* actual size, in bytes, of the data block or array of data */
  16              		.loc 1 49 1
  17              		.cfi_startproc
  18 0000 7971     		addi	sp,sp,-48
  19              		.cfi_def_cfa_offset 48
  20 0002 22F4     		sd	s0,40(sp)
  21              		.cfi_offset 8, -8
  22 0004 0018     		addi	s0,sp,48
  23              		.cfi_def_cfa 8, 0
  24 0006 2334A4FE 		sd	a0,-24(s0)
  25 000a 2330B4FE 		sd	a1,-32(s0)
  26 000e B287     		mv	a5,a2
  27 0010 232EF4FC 		sw	a5,-36(s0)
  50:../src/middleware/bacnet/src/sbuf.c ****     if (b) {
  28              		.loc 1 50 8
  29 0014 833784FE 		ld	a5,-24(s0)
  30 0018 85C3     		beq	a5,zero,.L4
  51:../src/middleware/bacnet/src/sbuf.c ****         b->data = data;
  31              		.loc 1 51 17
  32 001a 833784FE 		ld	a5,-24(s0)
  33 001e 033704FE 		ld	a4,-32(s0)
  34 0022 98E3     		sd	a4,0(a5)
  52:../src/middleware/bacnet/src/sbuf.c ****         b->size = size;
  35              		.loc 1 52 17
  36 0024 833784FE 		ld	a5,-24(s0)
  37 0028 0327C4FD 		lw	a4,-36(s0)
  38 002c 98C7     		sw	a4,8(a5)
  53:../src/middleware/bacnet/src/sbuf.c ****         b->count = 0;
  39              		.loc 1 53 18
  40 002e 833784FE 		ld	a5,-24(s0)
  41 0032 23A60700 		sw	zero,12(a5)
  54:../src/middleware/bacnet/src/sbuf.c ****     }
  55:../src/middleware/bacnet/src/sbuf.c **** 
  56:../src/middleware/bacnet/src/sbuf.c ****     return;
  42              		.loc 1 56 5
  43 0036 0100     		nop
  44              	.L4:
  45 0038 0100     		nop
  57:../src/middleware/bacnet/src/sbuf.c **** }
  46              		.loc 1 57 1
  47 003a 2274     		ld	s0,40(sp)
  48              		.cfi_restore 8
  49              		.cfi_def_cfa 2, 48
  50 003c 4561     		addi	sp,sp,48
  51              		.cfi_def_cfa_offset 0
  52 003e 8280     		jr	ra
  53              		.cfi_endproc
  54              	.LFE0:
  56              		.section	.text.sbuf_empty,"ax",@progbits
  57              		.align	1
  58              		.globl	sbuf_empty
  60              	sbuf_empty:
  61              	.LFB1:
  58:../src/middleware/bacnet/src/sbuf.c **** 
  59:../src/middleware/bacnet/src/sbuf.c **** /* returns true if count==0, false if count > 0 */
  60:../src/middleware/bacnet/src/sbuf.c **** bool sbuf_empty(
  61:../src/middleware/bacnet/src/sbuf.c ****     STATIC_BUFFER const *b)
  62:../src/middleware/bacnet/src/sbuf.c **** {
  62              		.loc 1 62 1
  63              		.cfi_startproc
  64 0000 0111     		addi	sp,sp,-32
  65              		.cfi_def_cfa_offset 32
  66 0002 22EC     		sd	s0,24(sp)
  67              		.cfi_offset 8, -8
  68 0004 0010     		addi	s0,sp,32
  69              		.cfi_def_cfa 8, 0
  70 0006 2334A4FE 		sd	a0,-24(s0)
  63:../src/middleware/bacnet/src/sbuf.c ****     return (b ? (b->count == 0) : false);
  71              		.loc 1 63 33
  72 000a 833784FE 		ld	a5,-24(s0)
  73 000e 99C7     		beq	a5,zero,.L6
  74              		.loc 1 63 19 discriminator 1
  75 0010 833784FE 		ld	a5,-24(s0)
  76 0014 DC47     		lw	a5,12(a5)
  77              		.loc 1 63 33 discriminator 1
  78 0016 99E3     		bne	a5,zero,.L6
  79              		.loc 1 63 33 is_stmt 0 discriminator 3
  80 0018 8547     		li	a5,1
  81 001a 11A0     		j	.L7
  82              	.L6:
  83              		.loc 1 63 33 discriminator 4
  84 001c 8147     		li	a5,0
  85              	.L7:
  86              		.loc 1 63 33 discriminator 6
  87 001e 858B     		andi	a5,a5,1
  88 0020 93F7F70F 		andi	a5,a5,0xff
  64:../src/middleware/bacnet/src/sbuf.c **** }
  89              		.loc 1 64 1 is_stmt 1 discriminator 6
  90 0024 3E85     		mv	a0,a5
  91 0026 6264     		ld	s0,24(sp)
  92              		.cfi_restore 8
  93              		.cfi_def_cfa 2, 32
  94 0028 0561     		addi	sp,sp,32
  95              		.cfi_def_cfa_offset 0
  96 002a 8280     		jr	ra
  97              		.cfi_endproc
  98              	.LFE1:
 100              		.section	.text.sbuf_data,"ax",@progbits
 101              		.align	1
 102              		.globl	sbuf_data
 104              	sbuf_data:
 105              	.LFB2:
  65:../src/middleware/bacnet/src/sbuf.c **** 
  66:../src/middleware/bacnet/src/sbuf.c **** char *sbuf_data(
  67:../src/middleware/bacnet/src/sbuf.c ****     STATIC_BUFFER const *b)
  68:../src/middleware/bacnet/src/sbuf.c **** {
 106              		.loc 1 68 1
 107              		.cfi_startproc
 108 0000 0111     		addi	sp,sp,-32
 109              		.cfi_def_cfa_offset 32
 110 0002 22EC     		sd	s0,24(sp)
 111              		.cfi_offset 8, -8
 112 0004 0010     		addi	s0,sp,32
 113              		.cfi_def_cfa 8, 0
 114 0006 2334A4FE 		sd	a0,-24(s0)
  69:../src/middleware/bacnet/src/sbuf.c ****     return (b ? b->data : NULL);
 115              		.loc 1 69 25
 116 000a 833784FE 		ld	a5,-24(s0)
 117 000e 89C7     		beq	a5,zero,.L10
 118              		.loc 1 69 25 is_stmt 0 discriminator 1
 119 0010 833784FE 		ld	a5,-24(s0)
 120 0014 9C63     		ld	a5,0(a5)
 121 0016 11A0     		j	.L12
 122              	.L10:
 123              		.loc 1 69 25 discriminator 2
 124 0018 8147     		li	a5,0
 125              	.L12:
  70:../src/middleware/bacnet/src/sbuf.c **** }
 126              		.loc 1 70 1 is_stmt 1 discriminator 5
 127 001a 3E85     		mv	a0,a5
 128 001c 6264     		ld	s0,24(sp)
 129              		.cfi_restore 8
 130              		.cfi_def_cfa 2, 32
 131 001e 0561     		addi	sp,sp,32
 132              		.cfi_def_cfa_offset 0
 133 0020 8280     		jr	ra
 134              		.cfi_endproc
 135              	.LFE2:
 137              		.section	.text.sbuf_size,"ax",@progbits
 138              		.align	1
 139              		.globl	sbuf_size
 141              	sbuf_size:
 142              	.LFB3:
  71:../src/middleware/bacnet/src/sbuf.c **** 
  72:../src/middleware/bacnet/src/sbuf.c **** unsigned sbuf_size(
  73:../src/middleware/bacnet/src/sbuf.c ****     STATIC_BUFFER * b)
  74:../src/middleware/bacnet/src/sbuf.c **** {
 143              		.loc 1 74 1
 144              		.cfi_startproc
 145 0000 0111     		addi	sp,sp,-32
 146              		.cfi_def_cfa_offset 32
 147 0002 22EC     		sd	s0,24(sp)
 148              		.cfi_offset 8, -8
 149 0004 0010     		addi	s0,sp,32
 150              		.cfi_def_cfa 8, 0
 151 0006 2334A4FE 		sd	a0,-24(s0)
  75:../src/middleware/bacnet/src/sbuf.c ****     return (b ? b->size : 0);
 152              		.loc 1 75 25
 153 000a 833784FE 		ld	a5,-24(s0)
 154 000e 89C7     		beq	a5,zero,.L14
 155              		.loc 1 75 25 is_stmt 0 discriminator 1
 156 0010 833784FE 		ld	a5,-24(s0)
 157 0014 9C47     		lw	a5,8(a5)
 158 0016 11A0     		j	.L15
 159              	.L14:
 160              		.loc 1 75 25 discriminator 2
 161 0018 8147     		li	a5,0
 162              	.L15:
 163              		.loc 1 75 25 discriminator 4
 164 001a 8127     		sext.w	a5,a5
  76:../src/middleware/bacnet/src/sbuf.c **** }
 165              		.loc 1 76 1 is_stmt 1 discriminator 4
 166 001c 3E85     		mv	a0,a5
 167 001e 6264     		ld	s0,24(sp)
 168              		.cfi_restore 8
 169              		.cfi_def_cfa 2, 32
 170 0020 0561     		addi	sp,sp,32
 171              		.cfi_def_cfa_offset 0
 172 0022 8280     		jr	ra
 173              		.cfi_endproc
 174              	.LFE3:
 176              		.section	.text.sbuf_count,"ax",@progbits
 177              		.align	1
 178              		.globl	sbuf_count
 180              	sbuf_count:
 181              	.LFB4:
  77:../src/middleware/bacnet/src/sbuf.c **** 
  78:../src/middleware/bacnet/src/sbuf.c **** unsigned sbuf_count(
  79:../src/middleware/bacnet/src/sbuf.c ****     STATIC_BUFFER * b)
  80:../src/middleware/bacnet/src/sbuf.c **** {
 182              		.loc 1 80 1
 183              		.cfi_startproc
 184 0000 0111     		addi	sp,sp,-32
 185              		.cfi_def_cfa_offset 32
 186 0002 22EC     		sd	s0,24(sp)
 187              		.cfi_offset 8, -8
 188 0004 0010     		addi	s0,sp,32
 189              		.cfi_def_cfa 8, 0
 190 0006 2334A4FE 		sd	a0,-24(s0)
  81:../src/middleware/bacnet/src/sbuf.c ****     return (b ? b->count : 0);
 191              		.loc 1 81 26
 192 000a 833784FE 		ld	a5,-24(s0)
 193 000e 89C7     		beq	a5,zero,.L18
 194              		.loc 1 81 26 is_stmt 0 discriminator 1
 195 0010 833784FE 		ld	a5,-24(s0)
 196 0014 DC47     		lw	a5,12(a5)
 197 0016 11A0     		j	.L19
 198              	.L18:
 199              		.loc 1 81 26 discriminator 2
 200 0018 8147     		li	a5,0
 201              	.L19:
 202              		.loc 1 81 26 discriminator 4
 203 001a 8127     		sext.w	a5,a5
  82:../src/middleware/bacnet/src/sbuf.c **** }
 204              		.loc 1 82 1 is_stmt 1 discriminator 4
 205 001c 3E85     		mv	a0,a5
 206 001e 6264     		ld	s0,24(sp)
 207              		.cfi_restore 8
 208              		.cfi_def_cfa 2, 32
 209 0020 0561     		addi	sp,sp,32
 210              		.cfi_def_cfa_offset 0
 211 0022 8280     		jr	ra
 212              		.cfi_endproc
 213              	.LFE4:
 215              		.section	.text.sbuf_put,"ax",@progbits
 216              		.align	1
 217              		.globl	sbuf_put
 219              	sbuf_put:
 220              	.LFB5:
  83:../src/middleware/bacnet/src/sbuf.c **** 
  84:../src/middleware/bacnet/src/sbuf.c **** /* returns true if successful, false if not enough room to append data */
  85:../src/middleware/bacnet/src/sbuf.c **** bool sbuf_put(
  86:../src/middleware/bacnet/src/sbuf.c ****     STATIC_BUFFER * b,  /* static buffer structure */
  87:../src/middleware/bacnet/src/sbuf.c ****     unsigned offset,    /* where to start */
  88:../src/middleware/bacnet/src/sbuf.c ****     char *data, /* data to place in buffer */
  89:../src/middleware/bacnet/src/sbuf.c ****     unsigned data_size)
  90:../src/middleware/bacnet/src/sbuf.c **** {       /* how many bytes to add */
 221              		.loc 1 90 1
 222              		.cfi_startproc
 223 0000 3971     		addi	sp,sp,-64
 224              		.cfi_def_cfa_offset 64
 225 0002 22FC     		sd	s0,56(sp)
 226              		.cfi_offset 8, -8
 227 0004 8000     		addi	s0,sp,64
 228              		.cfi_def_cfa 8, 0
 229 0006 233CA4FC 		sd	a0,-40(s0)
 230 000a AE87     		mv	a5,a1
 231 000c 2334C4FC 		sd	a2,-56(s0)
 232 0010 3687     		mv	a4,a3
 233 0012 232AF4FC 		sw	a5,-44(s0)
 234 0016 BA87     		mv	a5,a4
 235 0018 2328F4FC 		sw	a5,-48(s0)
  91:../src/middleware/bacnet/src/sbuf.c ****     bool status = false;        /* return value */
 236              		.loc 1 91 10
 237 001c A30704FE 		sb	zero,-17(s0)
  92:../src/middleware/bacnet/src/sbuf.c **** 
  93:../src/middleware/bacnet/src/sbuf.c ****     if (b && b->data) {
 238              		.loc 1 93 8
 239 0020 833784FD 		ld	a5,-40(s0)
 240 0024 B5CF     		beq	a5,zero,.L22
 241              		.loc 1 93 15 discriminator 1
 242 0026 833784FD 		ld	a5,-40(s0)
 243 002a 9C63     		ld	a5,0(a5)
 244              		.loc 1 93 11 discriminator 1
 245 002c B5CB     		beq	a5,zero,.L22
  94:../src/middleware/bacnet/src/sbuf.c ****         if (((offset + data_size) < b->size)) {
 246              		.loc 1 94 22
 247 002e 032744FD 		lw	a4,-44(s0)
 248 0032 832704FD 		lw	a5,-48(s0)
 249 0036 B99F     		addw	a5,a4,a5
 250 0038 1B870700 		sext.w	a4,a5
 251              		.loc 1 94 38
 252 003c 833784FD 		ld	a5,-40(s0)
 253 0040 9C47     		lw	a5,8(a5)
 254              		.loc 1 94 12
 255 0042 637FF704 		bgeu	a4,a5,.L22
  95:../src/middleware/bacnet/src/sbuf.c ****             b->count = offset + data_size;
 256              		.loc 1 95 31
 257 0046 032744FD 		lw	a4,-44(s0)
 258 004a 832704FD 		lw	a5,-48(s0)
 259 004e B99F     		addw	a5,a4,a5
 260 0050 1B870700 		sext.w	a4,a5
 261              		.loc 1 95 22
 262 0054 833784FD 		ld	a5,-40(s0)
 263 0058 D8C7     		sw	a4,12(a5)
  96:../src/middleware/bacnet/src/sbuf.c ****             while (data_size) {
 264              		.loc 1 96 19
 265 005a 25A8     		j	.L23
 266              	.L24:
  97:../src/middleware/bacnet/src/sbuf.c ****                 b->data[offset] = *data;
 267              		.loc 1 97 18
 268 005c 833784FD 		ld	a5,-40(s0)
 269 0060 9863     		ld	a4,0(a5)
 270              		.loc 1 97 24
 271 0062 836744FD 		lwu	a5,-44(s0)
 272 0066 BA97     		add	a5,a4,a5
 273              		.loc 1 97 35
 274 0068 033784FC 		ld	a4,-56(s0)
 275 006c 03070700 		lb	a4,0(a4)
 276              		.loc 1 97 33
 277 0070 2380E700 		sb	a4,0(a5)
  98:../src/middleware/bacnet/src/sbuf.c ****                 offset++;
 278              		.loc 1 98 23
 279 0074 832744FD 		lw	a5,-44(s0)
 280 0078 8527     		addiw	a5,a5,1
 281 007a 232AF4FC 		sw	a5,-44(s0)
  99:../src/middleware/bacnet/src/sbuf.c ****                 data++;
 282              		.loc 1 99 21
 283 007e 833784FC 		ld	a5,-56(s0)
 284 0082 8507     		addi	a5,a5,1
 285 0084 2334F4FC 		sd	a5,-56(s0)
 100:../src/middleware/bacnet/src/sbuf.c ****                 data_size--;
 286              		.loc 1 100 26
 287 0088 832704FD 		lw	a5,-48(s0)
 288 008c FD37     		addiw	a5,a5,-1
 289 008e 2328F4FC 		sw	a5,-48(s0)
 290              	.L23:
  96:../src/middleware/bacnet/src/sbuf.c ****                 b->data[offset] = *data;
 291              		.loc 1 96 19
 292 0092 832704FD 		lw	a5,-48(s0)
 293 0096 8127     		sext.w	a5,a5
 294 0098 F1F3     		bne	a5,zero,.L24
 101:../src/middleware/bacnet/src/sbuf.c ****             }
 102:../src/middleware/bacnet/src/sbuf.c ****             status = true;
 295              		.loc 1 102 20
 296 009a 8547     		li	a5,1
 297 009c A307F4FE 		sb	a5,-17(s0)
 298              	.L22:
 103:../src/middleware/bacnet/src/sbuf.c ****         }
 104:../src/middleware/bacnet/src/sbuf.c ****     }
 105:../src/middleware/bacnet/src/sbuf.c **** 
 106:../src/middleware/bacnet/src/sbuf.c ****     return status;
 299              		.loc 1 106 12
 300 00a0 8347F4FE 		lbu	a5,-17(s0)
 107:../src/middleware/bacnet/src/sbuf.c **** }
 301              		.loc 1 107 1
 302 00a4 3E85     		mv	a0,a5
 303 00a6 6274     		ld	s0,56(sp)
 304              		.cfi_restore 8
 305              		.cfi_def_cfa 2, 64
 306 00a8 2161     		addi	sp,sp,64
 307              		.cfi_def_cfa_offset 0
 308 00aa 8280     		jr	ra
 309              		.cfi_endproc
 310              	.LFE5:
 312              		.section	.text.sbuf_append,"ax",@progbits
 313              		.align	1
 314              		.globl	sbuf_append
 316              	sbuf_append:
 317              	.LFB6:
 108:../src/middleware/bacnet/src/sbuf.c **** 
 109:../src/middleware/bacnet/src/sbuf.c **** /* returns true if successful, false if not enough room to append data */
 110:../src/middleware/bacnet/src/sbuf.c **** bool sbuf_append(
 111:../src/middleware/bacnet/src/sbuf.c ****     STATIC_BUFFER * b,  /* static buffer structure */
 112:../src/middleware/bacnet/src/sbuf.c ****     char *data, /* data to place in buffer */
 113:../src/middleware/bacnet/src/sbuf.c ****     unsigned data_size)
 114:../src/middleware/bacnet/src/sbuf.c **** {       /* how many bytes to add */
 318              		.loc 1 114 1
 319              		.cfi_startproc
 320 0000 3971     		addi	sp,sp,-64
 321              		.cfi_def_cfa_offset 64
 322 0002 06FC     		sd	ra,56(sp)
 323 0004 22F8     		sd	s0,48(sp)
 324              		.cfi_offset 1, -8
 325              		.cfi_offset 8, -16
 326 0006 8000     		addi	s0,sp,64
 327              		.cfi_def_cfa 8, 0
 328 0008 233CA4FC 		sd	a0,-40(s0)
 329 000c 2338B4FC 		sd	a1,-48(s0)
 330 0010 B287     		mv	a5,a2
 331 0012 2326F4FC 		sw	a5,-52(s0)
 115:../src/middleware/bacnet/src/sbuf.c ****     unsigned count = 0;
 332              		.loc 1 115 14
 333 0016 232604FE 		sw	zero,-20(s0)
 116:../src/middleware/bacnet/src/sbuf.c **** 
 117:../src/middleware/bacnet/src/sbuf.c ****     if (b) {
 334              		.loc 1 117 8
 335 001a 833784FD 		ld	a5,-40(s0)
 336 001e 91C7     		beq	a5,zero,.L27
 118:../src/middleware/bacnet/src/sbuf.c ****         count = b->count;
 337              		.loc 1 118 15
 338 0020 833784FD 		ld	a5,-40(s0)
 339 0024 DC47     		lw	a5,12(a5)
 340 0026 2326F4FE 		sw	a5,-20(s0)
 341              	.L27:
 119:../src/middleware/bacnet/src/sbuf.c ****     }
 120:../src/middleware/bacnet/src/sbuf.c **** 
 121:../src/middleware/bacnet/src/sbuf.c ****     return sbuf_put(b, count, data, data_size);
 342              		.loc 1 121 12
 343 002a 0327C4FC 		lw	a4,-52(s0)
 344 002e 8327C4FE 		lw	a5,-20(s0)
 345 0032 BA86     		mv	a3,a4
 346 0034 033604FD 		ld	a2,-48(s0)
 347 0038 BE85     		mv	a1,a5
 348 003a 033584FD 		ld	a0,-40(s0)
 349 003e 97000000 		call	sbuf_put
 349      E7800000 
 350 0046 AA87     		mv	a5,a0
 122:../src/middleware/bacnet/src/sbuf.c **** }
 351              		.loc 1 122 1
 352 0048 3E85     		mv	a0,a5
 353 004a E270     		ld	ra,56(sp)
 354              		.cfi_restore 1
 355 004c 4274     		ld	s0,48(sp)
 356              		.cfi_restore 8
 357              		.cfi_def_cfa 2, 64
 358 004e 2161     		addi	sp,sp,64
 359              		.cfi_def_cfa_offset 0
 360 0050 8280     		jr	ra
 361              		.cfi_endproc
 362              	.LFE6:
 364              		.section	.text.sbuf_truncate,"ax",@progbits
 365              		.align	1
 366              		.globl	sbuf_truncate
 368              	sbuf_truncate:
 369              	.LFB7:
 123:../src/middleware/bacnet/src/sbuf.c **** 
 124:../src/middleware/bacnet/src/sbuf.c **** /* returns true if successful, false if not enough room to append data */
 125:../src/middleware/bacnet/src/sbuf.c **** bool sbuf_truncate(
 126:../src/middleware/bacnet/src/sbuf.c ****     STATIC_BUFFER * b,  /* static buffer structure */
 127:../src/middleware/bacnet/src/sbuf.c ****     unsigned count)
 128:../src/middleware/bacnet/src/sbuf.c **** {       /* total number of bytes in to remove */
 370              		.loc 1 128 1
 371              		.cfi_startproc
 372 0000 7971     		addi	sp,sp,-48
 373              		.cfi_def_cfa_offset 48
 374 0002 22F4     		sd	s0,40(sp)
 375              		.cfi_offset 8, -8
 376 0004 0018     		addi	s0,sp,48
 377              		.cfi_def_cfa 8, 0
 378 0006 233CA4FC 		sd	a0,-40(s0)
 379 000a AE87     		mv	a5,a1
 380 000c 232AF4FC 		sw	a5,-44(s0)
 129:../src/middleware/bacnet/src/sbuf.c ****     bool status = false;        /* return value */
 381              		.loc 1 129 10
 382 0010 A30704FE 		sb	zero,-17(s0)
 130:../src/middleware/bacnet/src/sbuf.c **** 
 131:../src/middleware/bacnet/src/sbuf.c ****     if (b) {
 383              		.loc 1 131 8
 384 0014 833784FD 		ld	a5,-40(s0)
 385 0018 8DC3     		beq	a5,zero,.L30
 132:../src/middleware/bacnet/src/sbuf.c ****         if (count < b->size) {
 386              		.loc 1 132 22
 387 001a 833784FD 		ld	a5,-40(s0)
 388 001e 9847     		lw	a4,8(a5)
 389              		.loc 1 132 12
 390 0020 832744FD 		lw	a5,-44(s0)
 391 0024 8127     		sext.w	a5,a5
 392 0026 63FAE700 		bgeu	a5,a4,.L30
 133:../src/middleware/bacnet/src/sbuf.c ****             b->count = count;
 393              		.loc 1 133 22
 394 002a 833784FD 		ld	a5,-40(s0)
 395 002e 032744FD 		lw	a4,-44(s0)
 396 0032 D8C7     		sw	a4,12(a5)
 134:../src/middleware/bacnet/src/sbuf.c ****             status = true;
 397              		.loc 1 134 20
 398 0034 8547     		li	a5,1
 399 0036 A307F4FE 		sb	a5,-17(s0)
 400              	.L30:
 135:../src/middleware/bacnet/src/sbuf.c ****         }
 136:../src/middleware/bacnet/src/sbuf.c ****     }
 137:../src/middleware/bacnet/src/sbuf.c **** 
 138:../src/middleware/bacnet/src/sbuf.c ****     return status;
 401              		.loc 1 138 12
 402 003a 8347F4FE 		lbu	a5,-17(s0)
 139:../src/middleware/bacnet/src/sbuf.c **** }
 403              		.loc 1 139 1
 404 003e 3E85     		mv	a0,a5
 405 0040 2274     		ld	s0,40(sp)
 406              		.cfi_restore 8
 407              		.cfi_def_cfa 2, 48
 408 0042 4561     		addi	sp,sp,48
 409              		.cfi_def_cfa_offset 0
 410 0044 8280     		jr	ra
 411              		.cfi_endproc
 412              	.LFE7:
 414              		.text
 415              	.Letext0:
 416              		.file 2 "C:\\Users\\zero6575\\Libero\\fpga_labor\\fpga_labor\\software\\mpfs-mac-mcc-stack\\src\\m
DEFINED SYMBOLS
                            *ABS*:0000000000000000 sbuf.c
C:\Users\zero6575\AppData\Local\Temp\ccNPIwAS.s:13     .text.sbuf_init:0000000000000000 sbuf_init
C:\Users\zero6575\AppData\Local\Temp\ccNPIwAS.s:17     .text.sbuf_init:0000000000000000 .L0 
C:\Users\zero6575\AppData\Local\Temp\ccNPIwAS.s:18     .text.sbuf_init:0000000000000000 .L0 
C:\Users\zero6575\AppData\Local\Temp\ccNPIwAS.s:19     .text.sbuf_init:0000000000000002 .L0 
C:\Users\zero6575\AppData\Local\Temp\ccNPIwAS.s:21     .text.sbuf_init:0000000000000004 .L0 
C:\Users\zero6575\AppData\Local\Temp\ccNPIwAS.s:23     .text.sbuf_init:0000000000000006 .L0 
C:\Users\zero6575\AppData\Local\Temp\ccNPIwAS.s:29     .text.sbuf_init:0000000000000014 .L0 
C:\Users\zero6575\AppData\Local\Temp\ccNPIwAS.s:32     .text.sbuf_init:000000000000001a .L0 
C:\Users\zero6575\AppData\Local\Temp\ccNPIwAS.s:36     .text.sbuf_init:0000000000000024 .L0 
C:\Users\zero6575\AppData\Local\Temp\ccNPIwAS.s:40     .text.sbuf_init:000000000000002e .L0 
C:\Users\zero6575\AppData\Local\Temp\ccNPIwAS.s:43     .text.sbuf_init:0000000000000036 .L0 
C:\Users\zero6575\AppData\Local\Temp\ccNPIwAS.s:47     .text.sbuf_init:000000000000003a .L0 
C:\Users\zero6575\AppData\Local\Temp\ccNPIwAS.s:48     .text.sbuf_init:000000000000003c .L0 
C:\Users\zero6575\AppData\Local\Temp\ccNPIwAS.s:49     .text.sbuf_init:000000000000003c .L0 
C:\Users\zero6575\AppData\Local\Temp\ccNPIwAS.s:51     .text.sbuf_init:000000000000003e .L0 
C:\Users\zero6575\AppData\Local\Temp\ccNPIwAS.s:53     .text.sbuf_init:0000000000000040 .L0 
C:\Users\zero6575\AppData\Local\Temp\ccNPIwAS.s:60     .text.sbuf_empty:0000000000000000 sbuf_empty
C:\Users\zero6575\AppData\Local\Temp\ccNPIwAS.s:63     .text.sbuf_empty:0000000000000000 .L0 
C:\Users\zero6575\AppData\Local\Temp\ccNPIwAS.s:64     .text.sbuf_empty:0000000000000000 .L0 
C:\Users\zero6575\AppData\Local\Temp\ccNPIwAS.s:65     .text.sbuf_empty:0000000000000002 .L0 
C:\Users\zero6575\AppData\Local\Temp\ccNPIwAS.s:67     .text.sbuf_empty:0000000000000004 .L0 
C:\Users\zero6575\AppData\Local\Temp\ccNPIwAS.s:69     .text.sbuf_empty:0000000000000006 .L0 
C:\Users\zero6575\AppData\Local\Temp\ccNPIwAS.s:72     .text.sbuf_empty:000000000000000a .L0 
C:\Users\zero6575\AppData\Local\Temp\ccNPIwAS.s:75     .text.sbuf_empty:0000000000000010 .L0 
C:\Users\zero6575\AppData\Local\Temp\ccNPIwAS.s:78     .text.sbuf_empty:0000000000000016 .L0 
C:\Users\zero6575\AppData\Local\Temp\ccNPIwAS.s:80     .text.sbuf_empty:0000000000000018 .L0 
C:\Users\zero6575\AppData\Local\Temp\ccNPIwAS.s:84     .text.sbuf_empty:000000000000001c .L0 
C:\Users\zero6575\AppData\Local\Temp\ccNPIwAS.s:87     .text.sbuf_empty:000000000000001e .L0 
C:\Users\zero6575\AppData\Local\Temp\ccNPIwAS.s:90     .text.sbuf_empty:0000000000000024 .L0 
C:\Users\zero6575\AppData\Local\Temp\ccNPIwAS.s:92     .text.sbuf_empty:0000000000000028 .L0 
C:\Users\zero6575\AppData\Local\Temp\ccNPIwAS.s:93     .text.sbuf_empty:0000000000000028 .L0 
C:\Users\zero6575\AppData\Local\Temp\ccNPIwAS.s:95     .text.sbuf_empty:000000000000002a .L0 
C:\Users\zero6575\AppData\Local\Temp\ccNPIwAS.s:97     .text.sbuf_empty:000000000000002c .L0 
C:\Users\zero6575\AppData\Local\Temp\ccNPIwAS.s:104    .text.sbuf_data:0000000000000000 sbuf_data
C:\Users\zero6575\AppData\Local\Temp\ccNPIwAS.s:107    .text.sbuf_data:0000000000000000 .L0 
C:\Users\zero6575\AppData\Local\Temp\ccNPIwAS.s:108    .text.sbuf_data:0000000000000000 .L0 
C:\Users\zero6575\AppData\Local\Temp\ccNPIwAS.s:109    .text.sbuf_data:0000000000000002 .L0 
C:\Users\zero6575\AppData\Local\Temp\ccNPIwAS.s:111    .text.sbuf_data:0000000000000004 .L0 
C:\Users\zero6575\AppData\Local\Temp\ccNPIwAS.s:113    .text.sbuf_data:0000000000000006 .L0 
C:\Users\zero6575\AppData\Local\Temp\ccNPIwAS.s:116    .text.sbuf_data:000000000000000a .L0 
C:\Users\zero6575\AppData\Local\Temp\ccNPIwAS.s:119    .text.sbuf_data:0000000000000010 .L0 
C:\Users\zero6575\AppData\Local\Temp\ccNPIwAS.s:124    .text.sbuf_data:0000000000000018 .L0 
C:\Users\zero6575\AppData\Local\Temp\ccNPIwAS.s:127    .text.sbuf_data:000000000000001a .L0 
C:\Users\zero6575\AppData\Local\Temp\ccNPIwAS.s:129    .text.sbuf_data:000000000000001e .L0 
C:\Users\zero6575\AppData\Local\Temp\ccNPIwAS.s:130    .text.sbuf_data:000000000000001e .L0 
C:\Users\zero6575\AppData\Local\Temp\ccNPIwAS.s:132    .text.sbuf_data:0000000000000020 .L0 
C:\Users\zero6575\AppData\Local\Temp\ccNPIwAS.s:134    .text.sbuf_data:0000000000000022 .L0 
C:\Users\zero6575\AppData\Local\Temp\ccNPIwAS.s:141    .text.sbuf_size:0000000000000000 sbuf_size
C:\Users\zero6575\AppData\Local\Temp\ccNPIwAS.s:144    .text.sbuf_size:0000000000000000 .L0 
C:\Users\zero6575\AppData\Local\Temp\ccNPIwAS.s:145    .text.sbuf_size:0000000000000000 .L0 
C:\Users\zero6575\AppData\Local\Temp\ccNPIwAS.s:146    .text.sbuf_size:0000000000000002 .L0 
C:\Users\zero6575\AppData\Local\Temp\ccNPIwAS.s:148    .text.sbuf_size:0000000000000004 .L0 
C:\Users\zero6575\AppData\Local\Temp\ccNPIwAS.s:150    .text.sbuf_size:0000000000000006 .L0 
C:\Users\zero6575\AppData\Local\Temp\ccNPIwAS.s:153    .text.sbuf_size:000000000000000a .L0 
C:\Users\zero6575\AppData\Local\Temp\ccNPIwAS.s:156    .text.sbuf_size:0000000000000010 .L0 
C:\Users\zero6575\AppData\Local\Temp\ccNPIwAS.s:161    .text.sbuf_size:0000000000000018 .L0 
C:\Users\zero6575\AppData\Local\Temp\ccNPIwAS.s:164    .text.sbuf_size:000000000000001a .L0 
C:\Users\zero6575\AppData\Local\Temp\ccNPIwAS.s:166    .text.sbuf_size:000000000000001c .L0 
C:\Users\zero6575\AppData\Local\Temp\ccNPIwAS.s:168    .text.sbuf_size:0000000000000020 .L0 
C:\Users\zero6575\AppData\Local\Temp\ccNPIwAS.s:169    .text.sbuf_size:0000000000000020 .L0 
C:\Users\zero6575\AppData\Local\Temp\ccNPIwAS.s:171    .text.sbuf_size:0000000000000022 .L0 
C:\Users\zero6575\AppData\Local\Temp\ccNPIwAS.s:173    .text.sbuf_size:0000000000000024 .L0 
C:\Users\zero6575\AppData\Local\Temp\ccNPIwAS.s:180    .text.sbuf_count:0000000000000000 sbuf_count
C:\Users\zero6575\AppData\Local\Temp\ccNPIwAS.s:183    .text.sbuf_count:0000000000000000 .L0 
C:\Users\zero6575\AppData\Local\Temp\ccNPIwAS.s:184    .text.sbuf_count:0000000000000000 .L0 
C:\Users\zero6575\AppData\Local\Temp\ccNPIwAS.s:185    .text.sbuf_count:0000000000000002 .L0 
C:\Users\zero6575\AppData\Local\Temp\ccNPIwAS.s:187    .text.sbuf_count:0000000000000004 .L0 
C:\Users\zero6575\AppData\Local\Temp\ccNPIwAS.s:189    .text.sbuf_count:0000000000000006 .L0 
C:\Users\zero6575\AppData\Local\Temp\ccNPIwAS.s:192    .text.sbuf_count:000000000000000a .L0 
C:\Users\zero6575\AppData\Local\Temp\ccNPIwAS.s:195    .text.sbuf_count:0000000000000010 .L0 
C:\Users\zero6575\AppData\Local\Temp\ccNPIwAS.s:200    .text.sbuf_count:0000000000000018 .L0 
C:\Users\zero6575\AppData\Local\Temp\ccNPIwAS.s:203    .text.sbuf_count:000000000000001a .L0 
C:\Users\zero6575\AppData\Local\Temp\ccNPIwAS.s:205    .text.sbuf_count:000000000000001c .L0 
C:\Users\zero6575\AppData\Local\Temp\ccNPIwAS.s:207    .text.sbuf_count:0000000000000020 .L0 
C:\Users\zero6575\AppData\Local\Temp\ccNPIwAS.s:208    .text.sbuf_count:0000000000000020 .L0 
C:\Users\zero6575\AppData\Local\Temp\ccNPIwAS.s:210    .text.sbuf_count:0000000000000022 .L0 
C:\Users\zero6575\AppData\Local\Temp\ccNPIwAS.s:212    .text.sbuf_count:0000000000000024 .L0 
C:\Users\zero6575\AppData\Local\Temp\ccNPIwAS.s:219    .text.sbuf_put:0000000000000000 sbuf_put
C:\Users\zero6575\AppData\Local\Temp\ccNPIwAS.s:222    .text.sbuf_put:0000000000000000 .L0 
C:\Users\zero6575\AppData\Local\Temp\ccNPIwAS.s:223    .text.sbuf_put:0000000000000000 .L0 
C:\Users\zero6575\AppData\Local\Temp\ccNPIwAS.s:224    .text.sbuf_put:0000000000000002 .L0 
C:\Users\zero6575\AppData\Local\Temp\ccNPIwAS.s:226    .text.sbuf_put:0000000000000004 .L0 
C:\Users\zero6575\AppData\Local\Temp\ccNPIwAS.s:228    .text.sbuf_put:0000000000000006 .L0 
C:\Users\zero6575\AppData\Local\Temp\ccNPIwAS.s:237    .text.sbuf_put:000000000000001c .L0 
C:\Users\zero6575\AppData\Local\Temp\ccNPIwAS.s:239    .text.sbuf_put:0000000000000020 .L0 
C:\Users\zero6575\AppData\Local\Temp\ccNPIwAS.s:242    .text.sbuf_put:0000000000000026 .L0 
C:\Users\zero6575\AppData\Local\Temp\ccNPIwAS.s:245    .text.sbuf_put:000000000000002c .L0 
C:\Users\zero6575\AppData\Local\Temp\ccNPIwAS.s:247    .text.sbuf_put:000000000000002e .L0 
C:\Users\zero6575\AppData\Local\Temp\ccNPIwAS.s:252    .text.sbuf_put:000000000000003c .L0 
C:\Users\zero6575\AppData\Local\Temp\ccNPIwAS.s:255    .text.sbuf_put:0000000000000042 .L0 
C:\Users\zero6575\AppData\Local\Temp\ccNPIwAS.s:257    .text.sbuf_put:0000000000000046 .L0 
C:\Users\zero6575\AppData\Local\Temp\ccNPIwAS.s:262    .text.sbuf_put:0000000000000054 .L0 
C:\Users\zero6575\AppData\Local\Temp\ccNPIwAS.s:265    .text.sbuf_put:000000000000005a .L0 
C:\Users\zero6575\AppData\Local\Temp\ccNPIwAS.s:268    .text.sbuf_put:000000000000005c .L0 
C:\Users\zero6575\AppData\Local\Temp\ccNPIwAS.s:271    .text.sbuf_put:0000000000000062 .L0 
C:\Users\zero6575\AppData\Local\Temp\ccNPIwAS.s:274    .text.sbuf_put:0000000000000068 .L0 
C:\Users\zero6575\AppData\Local\Temp\ccNPIwAS.s:277    .text.sbuf_put:0000000000000070 .L0 
C:\Users\zero6575\AppData\Local\Temp\ccNPIwAS.s:279    .text.sbuf_put:0000000000000074 .L0 
C:\Users\zero6575\AppData\Local\Temp\ccNPIwAS.s:283    .text.sbuf_put:000000000000007e .L0 
C:\Users\zero6575\AppData\Local\Temp\ccNPIwAS.s:287    .text.sbuf_put:0000000000000088 .L0 
C:\Users\zero6575\AppData\Local\Temp\ccNPIwAS.s:292    .text.sbuf_put:0000000000000092 .L0 
C:\Users\zero6575\AppData\Local\Temp\ccNPIwAS.s:296    .text.sbuf_put:000000000000009a .L0 
C:\Users\zero6575\AppData\Local\Temp\ccNPIwAS.s:300    .text.sbuf_put:00000000000000a0 .L0 
C:\Users\zero6575\AppData\Local\Temp\ccNPIwAS.s:302    .text.sbuf_put:00000000000000a4 .L0 
C:\Users\zero6575\AppData\Local\Temp\ccNPIwAS.s:304    .text.sbuf_put:00000000000000a8 .L0 
C:\Users\zero6575\AppData\Local\Temp\ccNPIwAS.s:305    .text.sbuf_put:00000000000000a8 .L0 
C:\Users\zero6575\AppData\Local\Temp\ccNPIwAS.s:307    .text.sbuf_put:00000000000000aa .L0 
C:\Users\zero6575\AppData\Local\Temp\ccNPIwAS.s:309    .text.sbuf_put:00000000000000ac .L0 
C:\Users\zero6575\AppData\Local\Temp\ccNPIwAS.s:316    .text.sbuf_append:0000000000000000 sbuf_append
C:\Users\zero6575\AppData\Local\Temp\ccNPIwAS.s:319    .text.sbuf_append:0000000000000000 .L0 
C:\Users\zero6575\AppData\Local\Temp\ccNPIwAS.s:320    .text.sbuf_append:0000000000000000 .L0 
C:\Users\zero6575\AppData\Local\Temp\ccNPIwAS.s:321    .text.sbuf_append:0000000000000002 .L0 
C:\Users\zero6575\AppData\Local\Temp\ccNPIwAS.s:324    .text.sbuf_append:0000000000000006 .L0 
C:\Users\zero6575\AppData\Local\Temp\ccNPIwAS.s:325    .text.sbuf_append:0000000000000006 .L0 
C:\Users\zero6575\AppData\Local\Temp\ccNPIwAS.s:327    .text.sbuf_append:0000000000000008 .L0 
C:\Users\zero6575\AppData\Local\Temp\ccNPIwAS.s:333    .text.sbuf_append:0000000000000016 .L0 
C:\Users\zero6575\AppData\Local\Temp\ccNPIwAS.s:335    .text.sbuf_append:000000000000001a .L0 
C:\Users\zero6575\AppData\Local\Temp\ccNPIwAS.s:338    .text.sbuf_append:0000000000000020 .L0 
C:\Users\zero6575\AppData\Local\Temp\ccNPIwAS.s:343    .text.sbuf_append:000000000000002a .L0 
C:\Users\zero6575\AppData\Local\Temp\ccNPIwAS.s:352    .text.sbuf_append:0000000000000048 .L0 
C:\Users\zero6575\AppData\Local\Temp\ccNPIwAS.s:354    .text.sbuf_append:000000000000004c .L0 
C:\Users\zero6575\AppData\Local\Temp\ccNPIwAS.s:356    .text.sbuf_append:000000000000004e .L0 
C:\Users\zero6575\AppData\Local\Temp\ccNPIwAS.s:357    .text.sbuf_append:000000000000004e .L0 
C:\Users\zero6575\AppData\Local\Temp\ccNPIwAS.s:359    .text.sbuf_append:0000000000000050 .L0 
C:\Users\zero6575\AppData\Local\Temp\ccNPIwAS.s:361    .text.sbuf_append:0000000000000052 .L0 
C:\Users\zero6575\AppData\Local\Temp\ccNPIwAS.s:368    .text.sbuf_truncate:0000000000000000 sbuf_truncate
C:\Users\zero6575\AppData\Local\Temp\ccNPIwAS.s:371    .text.sbuf_truncate:0000000000000000 .L0 
C:\Users\zero6575\AppData\Local\Temp\ccNPIwAS.s:372    .text.sbuf_truncate:0000000000000000 .L0 
C:\Users\zero6575\AppData\Local\Temp\ccNPIwAS.s:373    .text.sbuf_truncate:0000000000000002 .L0 
C:\Users\zero6575\AppData\Local\Temp\ccNPIwAS.s:375    .text.sbuf_truncate:0000000000000004 .L0 
C:\Users\zero6575\AppData\Local\Temp\ccNPIwAS.s:377    .text.sbuf_truncate:0000000000000006 .L0 
C:\Users\zero6575\AppData\Local\Temp\ccNPIwAS.s:382    .text.sbuf_truncate:0000000000000010 .L0 
C:\Users\zero6575\AppData\Local\Temp\ccNPIwAS.s:384    .text.sbuf_truncate:0000000000000014 .L0 
C:\Users\zero6575\AppData\Local\Temp\ccNPIwAS.s:387    .text.sbuf_truncate:000000000000001a .L0 
C:\Users\zero6575\AppData\Local\Temp\ccNPIwAS.s:390    .text.sbuf_truncate:0000000000000020 .L0 
C:\Users\zero6575\AppData\Local\Temp\ccNPIwAS.s:394    .text.sbuf_truncate:000000000000002a .L0 
C:\Users\zero6575\AppData\Local\Temp\ccNPIwAS.s:398    .text.sbuf_truncate:0000000000000034 .L0 
C:\Users\zero6575\AppData\Local\Temp\ccNPIwAS.s:402    .text.sbuf_truncate:000000000000003a .L0 
C:\Users\zero6575\AppData\Local\Temp\ccNPIwAS.s:404    .text.sbuf_truncate:000000000000003e .L0 
C:\Users\zero6575\AppData\Local\Temp\ccNPIwAS.s:406    .text.sbuf_truncate:0000000000000042 .L0 
C:\Users\zero6575\AppData\Local\Temp\ccNPIwAS.s:407    .text.sbuf_truncate:0000000000000042 .L0 
C:\Users\zero6575\AppData\Local\Temp\ccNPIwAS.s:409    .text.sbuf_truncate:0000000000000044 .L0 
C:\Users\zero6575\AppData\Local\Temp\ccNPIwAS.s:411    .text.sbuf_truncate:0000000000000046 .L0 
C:\Users\zero6575\AppData\Local\Temp\ccNPIwAS.s:56     .text.sbuf_init:0000000000000040 .L0 
C:\Users\zero6575\AppData\Local\Temp\ccNPIwAS.s:100    .text.sbuf_empty:000000000000002c .L0 
C:\Users\zero6575\AppData\Local\Temp\ccNPIwAS.s:137    .text.sbuf_data:0000000000000022 .L0 
C:\Users\zero6575\AppData\Local\Temp\ccNPIwAS.s:176    .text.sbuf_size:0000000000000024 .L0 
C:\Users\zero6575\AppData\Local\Temp\ccNPIwAS.s:215    .text.sbuf_count:0000000000000024 .L0 
C:\Users\zero6575\AppData\Local\Temp\ccNPIwAS.s:312    .text.sbuf_put:00000000000000ac .L0 
C:\Users\zero6575\AppData\Local\Temp\ccNPIwAS.s:364    .text.sbuf_append:0000000000000052 .L0 
C:\Users\zero6575\AppData\Local\Temp\ccNPIwAS.s:414    .text.sbuf_truncate:0000000000000046 .L0 
                     .debug_frame:0000000000000000 .L0 
C:\Users\zero6575\AppData\Local\Temp\ccNPIwAS.s:44     .text.sbuf_init:0000000000000038 .L4
C:\Users\zero6575\AppData\Local\Temp\ccNPIwAS.s:82     .text.sbuf_empty:000000000000001c .L6
C:\Users\zero6575\AppData\Local\Temp\ccNPIwAS.s:85     .text.sbuf_empty:000000000000001e .L7
C:\Users\zero6575\AppData\Local\Temp\ccNPIwAS.s:122    .text.sbuf_data:0000000000000018 .L10
C:\Users\zero6575\AppData\Local\Temp\ccNPIwAS.s:125    .text.sbuf_data:000000000000001a .L12
C:\Users\zero6575\AppData\Local\Temp\ccNPIwAS.s:159    .text.sbuf_size:0000000000000018 .L14
C:\Users\zero6575\AppData\Local\Temp\ccNPIwAS.s:162    .text.sbuf_size:000000000000001a .L15
C:\Users\zero6575\AppData\Local\Temp\ccNPIwAS.s:198    .text.sbuf_count:0000000000000018 .L18
C:\Users\zero6575\AppData\Local\Temp\ccNPIwAS.s:201    .text.sbuf_count:000000000000001a .L19
C:\Users\zero6575\AppData\Local\Temp\ccNPIwAS.s:298    .text.sbuf_put:00000000000000a0 .L22
C:\Users\zero6575\AppData\Local\Temp\ccNPIwAS.s:290    .text.sbuf_put:0000000000000092 .L23
C:\Users\zero6575\AppData\Local\Temp\ccNPIwAS.s:266    .text.sbuf_put:000000000000005c .L24
C:\Users\zero6575\AppData\Local\Temp\ccNPIwAS.s:341    .text.sbuf_append:000000000000002a .L27
C:\Users\zero6575\AppData\Local\Temp\ccNPIwAS.s:400    .text.sbuf_truncate:000000000000003a .L30
C:\Users\zero6575\AppData\Local\Temp\ccNPIwAS.s:793    .debug_abbrev:0000000000000000 .Ldebug_abbrev0
C:\Users\zero6575\AppData\Local\Temp\ccNPIwAS.s:3919   .debug_str:000000000000318f .LASF581
C:\Users\zero6575\AppData\Local\Temp\ccNPIwAS.s:3427   .debug_str:0000000000001a48 .LASF582
C:\Users\zero6575\AppData\Local\Temp\ccNPIwAS.s:3007   .debug_str:000000000000057f .LASF583
C:\Users\zero6575\AppData\Local\Temp\ccNPIwAS.s:1064   .debug_ranges:0000000000000000 .Ldebug_ranges0
C:\Users\zero6575\AppData\Local\Temp\ccNPIwAS.s:2907   .debug_line:0000000000000000 .Ldebug_line0
C:\Users\zero6575\AppData\Local\Temp\ccNPIwAS.s:1084   .debug_macro:0000000000000000 .Ldebug_macro0
C:\Users\zero6575\AppData\Local\Temp\ccNPIwAS.s:3973   .debug_str:0000000000003500 .LASF558
C:\Users\zero6575\AppData\Local\Temp\ccNPIwAS.s:3887   .debug_str:0000000000002fed .LASF559
C:\Users\zero6575\AppData\Local\Temp\ccNPIwAS.s:3717   .debug_str:00000000000027e4 .LASF560
C:\Users\zero6575\AppData\Local\Temp\ccNPIwAS.s:3983   .debug_str:0000000000003566 .LASF561
C:\Users\zero6575\AppData\Local\Temp\ccNPIwAS.s:3009   .debug_str:00000000000005e1 .LASF562
C:\Users\zero6575\AppData\Local\Temp\ccNPIwAS.s:2911   .debug_str:0000000000000016 .LASF563
C:\Users\zero6575\AppData\Local\Temp\ccNPIwAS.s:3839   .debug_str:0000000000002d8f .LASF564
C:\Users\zero6575\AppData\Local\Temp\ccNPIwAS.s:3501   .debug_str:0000000000001d73 .LASF565
C:\Users\zero6575\AppData\Local\Temp\ccNPIwAS.s:3663   .debug_str:0000000000002521 .LASF566
C:\Users\zero6575\AppData\Local\Temp\ccNPIwAS.s:3231   .debug_str:0000000000001053 .LASF584
C:\Users\zero6575\AppData\Local\Temp\ccNPIwAS.s:3433   .debug_str:0000000000001a97 .LASF567
C:\Users\zero6575\AppData\Local\Temp\ccNPIwAS.s:3165   .debug_str:0000000000000d4b .LASF568
C:\Users\zero6575\AppData\Local\Temp\ccNPIwAS.s:3187   .debug_str:0000000000000e34 .LASF569
C:\Users\zero6575\AppData\Local\Temp\ccNPIwAS.s:3397   .debug_str:0000000000001915 .LASF386
C:\Users\zero6575\AppData\Local\Temp\ccNPIwAS.s:4015   .debug_str:0000000000003718 .LASF585
C:\Users\zero6575\AppData\Local\Temp\ccNPIwAS.s:3163   .debug_str:0000000000000d3d .LASF571
C:\Users\zero6575\AppData\Local\Temp\ccNPIwAS.s:369    .text.sbuf_truncate:0000000000000000 .LFB7
C:\Users\zero6575\AppData\Local\Temp\ccNPIwAS.s:412    .text.sbuf_truncate:0000000000000046 .LFE7
C:\Users\zero6575\AppData\Local\Temp\ccNPIwAS.s:3449   .debug_str:0000000000001b6c .LASF574
C:\Users\zero6575\AppData\Local\Temp\ccNPIwAS.s:3315   .debug_str:0000000000001447 .LASF570
C:\Users\zero6575\AppData\Local\Temp\ccNPIwAS.s:4065   .debug_str:00000000000039e0 .LASF572
C:\Users\zero6575\AppData\Local\Temp\ccNPIwAS.s:317    .text.sbuf_append:0000000000000000 .LFB6
C:\Users\zero6575\AppData\Local\Temp\ccNPIwAS.s:362    .text.sbuf_append:0000000000000052 .LFE6
C:\Users\zero6575\AppData\Local\Temp\ccNPIwAS.s:3291   .debug_str:0000000000001335 .LASF573
C:\Users\zero6575\AppData\Local\Temp\ccNPIwAS.s:3125   .debug_str:0000000000000ba9 .LASF575
C:\Users\zero6575\AppData\Local\Temp\ccNPIwAS.s:220    .text.sbuf_put:0000000000000000 .LFB5
C:\Users\zero6575\AppData\Local\Temp\ccNPIwAS.s:310    .text.sbuf_put:00000000000000ac .LFE5
C:\Users\zero6575\AppData\Local\Temp\ccNPIwAS.s:3301   .debug_str:000000000000138e .LASF576
C:\Users\zero6575\AppData\Local\Temp\ccNPIwAS.s:3871   .debug_str:0000000000002f3d .LASF577
C:\Users\zero6575\AppData\Local\Temp\ccNPIwAS.s:181    .text.sbuf_count:0000000000000000 .LFB4
C:\Users\zero6575\AppData\Local\Temp\ccNPIwAS.s:213    .text.sbuf_count:0000000000000024 .LFE4
C:\Users\zero6575\AppData\Local\Temp\ccNPIwAS.s:3407   .debug_str:0000000000001975 .LASF578
C:\Users\zero6575\AppData\Local\Temp\ccNPIwAS.s:142    .text.sbuf_size:0000000000000000 .LFB3
C:\Users\zero6575\AppData\Local\Temp\ccNPIwAS.s:174    .text.sbuf_size:0000000000000024 .LFE3
C:\Users\zero6575\AppData\Local\Temp\ccNPIwAS.s:3417   .debug_str:00000000000019df .LASF579
C:\Users\zero6575\AppData\Local\Temp\ccNPIwAS.s:105    .text.sbuf_data:0000000000000000 .LFB2
C:\Users\zero6575\AppData\Local\Temp\ccNPIwAS.s:135    .text.sbuf_data:0000000000000022 .LFE2
C:\Users\zero6575\AppData\Local\Temp\ccNPIwAS.s:3353   .debug_str:000000000000166c .LASF580
C:\Users\zero6575\AppData\Local\Temp\ccNPIwAS.s:61     .text.sbuf_empty:0000000000000000 .LFB1
C:\Users\zero6575\AppData\Local\Temp\ccNPIwAS.s:98     .text.sbuf_empty:000000000000002c .LFE1
C:\Users\zero6575\AppData\Local\Temp\ccNPIwAS.s:3811   .debug_str:0000000000002c70 .LASF586
C:\Users\zero6575\AppData\Local\Temp\ccNPIwAS.s:14     .text.sbuf_init:0000000000000000 .LFB0
C:\Users\zero6575\AppData\Local\Temp\ccNPIwAS.s:54     .text.sbuf_init:0000000000000040 .LFE0
C:\Users\zero6575\AppData\Local\Temp\ccNPIwAS.s:418    .debug_info:0000000000000000 .Ldebug_info0
C:\Users\zero6575\AppData\Local\Temp\ccNPIwAS.s:1176   .debug_macro:0000000000000000 .Ldebug_macro2
C:\Users\zero6575\AppData\Local\Temp\ccNPIwAS.s:3281   .debug_str:00000000000012d8 .LASF342
C:\Users\zero6575\AppData\Local\Temp\ccNPIwAS.s:3489   .debug_str:0000000000001d0d .LASF343
C:\Users\zero6575\AppData\Local\Temp\ccNPIwAS.s:3205   .debug_str:0000000000000f10 .LASF344
C:\Users\zero6575\AppData\Local\Temp\ccNPIwAS.s:2207   .debug_macro:0000000000000000 .Ldebug_macro3
C:\Users\zero6575\AppData\Local\Temp\ccNPIwAS.s:2227   .debug_macro:0000000000000000 .Ldebug_macro4
C:\Users\zero6575\AppData\Local\Temp\ccNPIwAS.s:2292   .debug_macro:0000000000000000 .Ldebug_macro5
C:\Users\zero6575\AppData\Local\Temp\ccNPIwAS.s:2333   .debug_macro:0000000000000000 .Ldebug_macro6
C:\Users\zero6575\AppData\Local\Temp\ccNPIwAS.s:2455   .debug_macro:0000000000000000 .Ldebug_macro7
C:\Users\zero6575\AppData\Local\Temp\ccNPIwAS.s:2511   .debug_macro:0000000000000000 .Ldebug_macro8
C:\Users\zero6575\AppData\Local\Temp\ccNPIwAS.s:3273   .debug_str:0000000000001280 .LASF498
C:\Users\zero6575\AppData\Local\Temp\ccNPIwAS.s:2723   .debug_macro:0000000000000000 .Ldebug_macro9
C:\Users\zero6575\AppData\Local\Temp\ccNPIwAS.s:2743   .debug_macro:0000000000000000 .Ldebug_macro10
C:\Users\zero6575\AppData\Local\Temp\ccNPIwAS.s:2969   .debug_str:0000000000000347 .LASF557
C:\Users\zero6575\AppData\Local\Temp\ccNPIwAS.s:3565   .debug_str:00000000000020df .LASF0
C:\Users\zero6575\AppData\Local\Temp\ccNPIwAS.s:3451   .debug_str:0000000000001b73 .LASF1
C:\Users\zero6575\AppData\Local\Temp\ccNPIwAS.s:3613   .debug_str:00000000000022c9 .LASF2
C:\Users\zero6575\AppData\Local\Temp\ccNPIwAS.s:3099   .debug_str:0000000000000a56 .LASF3
C:\Users\zero6575\AppData\Local\Temp\ccNPIwAS.s:3855   .debug_str:0000000000002e76 .LASF4
C:\Users\zero6575\AppData\Local\Temp\ccNPIwAS.s:3029   .debug_str:0000000000000739 .LASF5
C:\Users\zero6575\AppData\Local\Temp\ccNPIwAS.s:3001   .debug_str:0000000000000549 .LASF6
C:\Users\zero6575\AppData\Local\Temp\ccNPIwAS.s:3597   .debug_str:000000000000222c .LASF7
C:\Users\zero6575\AppData\Local\Temp\ccNPIwAS.s:3789   .debug_str:0000000000002b5f .LASF8
C:\Users\zero6575\AppData\Local\Temp\ccNPIwAS.s:3121   .debug_str:0000000000000b8d .LASF9
C:\Users\zero6575\AppData\Local\Temp\ccNPIwAS.s:3065   .debug_str:0000000000000898 .LASF10
C:\Users\zero6575\AppData\Local\Temp\ccNPIwAS.s:3653   .debug_str:00000000000024b6 .LASF11
C:\Users\zero6575\AppData\Local\Temp\ccNPIwAS.s:3047   .debug_str:00000000000007f3 .LASF12
C:\Users\zero6575\AppData\Local\Temp\ccNPIwAS.s:3883   .debug_str:0000000000002fca .LASF13
C:\Users\zero6575\AppData\Local\Temp\ccNPIwAS.s:3573   .debug_str:000000000000211c .LASF14
C:\Users\zero6575\AppData\Local\Temp\ccNPIwAS.s:3515   .debug_str:0000000000001e35 .LASF15
C:\Users\zero6575\AppData\Local\Temp\ccNPIwAS.s:3493   .debug_str:0000000000001d3c .LASF16
C:\Users\zero6575\AppData\Local\Temp\ccNPIwAS.s:3483   .debug_str:0000000000001cd2 .LASF17
C:\Users\zero6575\AppData\Local\Temp\ccNPIwAS.s:3711   .debug_str:0000000000002789 .LASF18
C:\Users\zero6575\AppData\Local\Temp\ccNPIwAS.s:3571   .debug_str:000000000000210a .LASF19
C:\Users\zero6575\AppData\Local\Temp\ccNPIwAS.s:3783   .debug_str:0000000000002b19 .LASF20
C:\Users\zero6575\AppData\Local\Temp\ccNPIwAS.s:3067   .debug_str:00000000000008ab .LASF21
C:\Users\zero6575\AppData\Local\Temp\ccNPIwAS.s:3987   .debug_str:0000000000003596 .LASF22
C:\Users\zero6575\AppData\Local\Temp\ccNPIwAS.s:3595   .debug_str:0000000000002218 .LASF23
C:\Users\zero6575\AppData\Local\Temp\ccNPIwAS.s:3227   .debug_str:0000000000001021 .LASF24
C:\Users\zero6575\AppData\Local\Temp\ccNPIwAS.s:3023   .debug_str:00000000000006ee .LASF25
C:\Users\zero6575\AppData\Local\Temp\ccNPIwAS.s:3503   .debug_str:0000000000001d81 .LASF26
C:\Users\zero6575\AppData\Local\Temp\ccNPIwAS.s:3989   .debug_str:00000000000035a9 .LASF27
C:\Users\zero6575\AppData\Local\Temp\ccNPIwAS.s:3267   .debug_str:0000000000001234 .LASF28
C:\Users\zero6575\AppData\Local\Temp\ccNPIwAS.s:3027   .debug_str:000000000000071f .LASF29
C:\Users\zero6575\AppData\Local\Temp\ccNPIwAS.s:3695   .debug_str:00000000000026ae .LASF30
C:\Users\zero6575\AppData\Local\Temp\ccNPIwAS.s:3083   .debug_str:0000000000000975 .LASF31
C:\Users\zero6575\AppData\Local\Temp\ccNPIwAS.s:3635   .debug_str:00000000000023b3 .LASF32
C:\Users\zero6575\AppData\Local\Temp\ccNPIwAS.s:3807   .debug_str:0000000000002c1c .LASF33
C:\Users\zero6575\AppData\Local\Temp\ccNPIwAS.s:3385   .debug_str:000000000000185b .LASF34
C:\Users\zero6575\AppData\Local\Temp\ccNPIwAS.s:3959   .debug_str:0000000000003438 .LASF35
C:\Users\zero6575\AppData\Local\Temp\ccNPIwAS.s:3211   .debug_str:0000000000000f55 .LASF36
C:\Users\zero6575\AppData\Local\Temp\ccNPIwAS.s:3583   .debug_str:000000000000218d .LASF37
C:\Users\zero6575\AppData\Local\Temp\ccNPIwAS.s:3241   .debug_str:00000000000010cc .LASF38
C:\Users\zero6575\AppData\Local\Temp\ccNPIwAS.s:3669   .debug_str:000000000000255b .LASF39
C:\Users\zero6575\AppData\Local\Temp\ccNPIwAS.s:3021   .debug_str:00000000000006cb .LASF40
C:\Users\zero6575\AppData\Local\Temp\ccNPIwAS.s:3731   .debug_str:0000000000002899 .LASF41
C:\Users\zero6575\AppData\Local\Temp\ccNPIwAS.s:4059   .debug_str:0000000000003988 .LASF42
C:\Users\zero6575\AppData\Local\Temp\ccNPIwAS.s:3753   .debug_str:000000000000297e .LASF43
C:\Users\zero6575\AppData\Local\Temp\ccNPIwAS.s:3051   .debug_str:0000000000000816 .LASF44
C:\Users\zero6575\AppData\Local\Temp\ccNPIwAS.s:3283   .debug_str:00000000000012e3 .LASF45
C:\Users\zero6575\AppData\Local\Temp\ccNPIwAS.s:3893   .debug_str:0000000000003029 .LASF46
C:\Users\zero6575\AppData\Local\Temp\ccNPIwAS.s:3785   .debug_str:0000000000002b30 .LASF47
C:\Users\zero6575\AppData\Local\Temp\ccNPIwAS.s:3341   .debug_str:0000000000001593 .LASF48
C:\Users\zero6575\AppData\Local\Temp\ccNPIwAS.s:3765   .debug_str:0000000000002a1b .LASF49
C:\Users\zero6575\AppData\Local\Temp\ccNPIwAS.s:3071   .debug_str:00000000000008d4 .LASF50
C:\Users\zero6575\AppData\Local\Temp\ccNPIwAS.s:3073   .debug_str:00000000000008f6 .LASF51
C:\Users\zero6575\AppData\Local\Temp\ccNPIwAS.s:3461   .debug_str:0000000000001bf0 .LASF52
C:\Users\zero6575\AppData\Local\Temp\ccNPIwAS.s:3147   .debug_str:0000000000000ca9 .LASF53
C:\Users\zero6575\AppData\Local\Temp\ccNPIwAS.s:3091   .debug_str:00000000000009f9 .LASF54
C:\Users\zero6575\AppData\Local\Temp\ccNPIwAS.s:3511   .debug_str:0000000000001e0a .LASF55
C:\Users\zero6575\AppData\Local\Temp\ccNPIwAS.s:3355   .debug_str:0000000000001677 .LASF56
C:\Users\zero6575\AppData\Local\Temp\ccNPIwAS.s:3079   .debug_str:000000000000093a .LASF57
C:\Users\zero6575\AppData\Local\Temp\ccNPIwAS.s:3917   .debug_str:0000000000003167 .LASF58
C:\Users\zero6575\AppData\Local\Temp\ccNPIwAS.s:3233   .debug_str:0000000000001063 .LASF59
C:\Users\zero6575\AppData\Local\Temp\ccNPIwAS.s:3335   .debug_str:0000000000001551 .LASF60
C:\Users\zero6575\AppData\Local\Temp\ccNPIwAS.s:3955   .debug_str:0000000000003408 .LASF61
C:\Users\zero6575\AppData\Local\Temp\ccNPIwAS.s:3445   .debug_str:0000000000001b34 .LASF62
C:\Users\zero6575\AppData\Local\Temp\ccNPIwAS.s:3421   .debug_str:00000000000019fe .LASF63
C:\Users\zero6575\AppData\Local\Temp\ccNPIwAS.s:3867   .debug_str:0000000000002ef3 .LASF64
C:\Users\zero6575\AppData\Local\Temp\ccNPIwAS.s:3727   .debug_str:0000000000002860 .LASF65
C:\Users\zero6575\AppData\Local\Temp\ccNPIwAS.s:4037   .debug_str:000000000000383f .LASF66
C:\Users\zero6575\AppData\Local\Temp\ccNPIwAS.s:3245   .debug_str:0000000000001103 .LASF67
C:\Users\zero6575\AppData\Local\Temp\ccNPIwAS.s:3541   .debug_str:0000000000001fa4 .LASF68
C:\Users\zero6575\AppData\Local\Temp\ccNPIwAS.s:3869   .debug_str:0000000000002f15 .LASF69
C:\Users\zero6575\AppData\Local\Temp\ccNPIwAS.s:2977   .debug_str:00000000000003b0 .LASF70
C:\Users\zero6575\AppData\Local\Temp\ccNPIwAS.s:3401   .debug_str:0000000000001932 .LASF71
C:\Users\zero6575\AppData\Local\Temp\ccNPIwAS.s:3107   .debug_str:0000000000000ac2 .LASF72
C:\Users\zero6575\AppData\Local\Temp\ccNPIwAS.s:3691   .debug_str:0000000000002679 .LASF73
C:\Users\zero6575\AppData\Local\Temp\ccNPIwAS.s:3045   .debug_str:00000000000007dc .LASF74
C:\Users\zero6575\AppData\Local\Temp\ccNPIwAS.s:3721   .debug_str:000000000000280c .LASF75
C:\Users\zero6575\AppData\Local\Temp\ccNPIwAS.s:3351   .debug_str:0000000000001645 .LASF76
C:\Users\zero6575\AppData\Local\Temp\ccNPIwAS.s:3815   .debug_str:0000000000002c8a .LASF77
C:\Users\zero6575\AppData\Local\Temp\ccNPIwAS.s:3093   .debug_str:0000000000000a17 .LASF78
C:\Users\zero6575\AppData\Local\Temp\ccNPIwAS.s:3755   .debug_str:0000000000002998 .LASF79
C:\Users\zero6575\AppData\Local\Temp\ccNPIwAS.s:3603   .debug_str:0000000000002269 .LASF80
C:\Users\zero6575\AppData\Local\Temp\ccNPIwAS.s:3459   .debug_str:0000000000001bcc .LASF81
C:\Users\zero6575\AppData\Local\Temp\ccNPIwAS.s:3925   .debug_str:0000000000003293 .LASF82
C:\Users\zero6575\AppData\Local\Temp\ccNPIwAS.s:3589   .debug_str:00000000000021d5 .LASF83
C:\Users\zero6575\AppData\Local\Temp\ccNPIwAS.s:3787   .debug_str:0000000000002b4d .LASF84
C:\Users\zero6575\AppData\Local\Temp\ccNPIwAS.s:3823   .debug_str:0000000000002ce1 .LASF85
C:\Users\zero6575\AppData\Local\Temp\ccNPIwAS.s:3873   .debug_str:0000000000002f48 .LASF86
C:\Users\zero6575\AppData\Local\Temp\ccNPIwAS.s:3015   .debug_str:0000000000000651 .LASF87
C:\Users\zero6575\AppData\Local\Temp\ccNPIwAS.s:3345   .debug_str:00000000000015f0 .LASF88
C:\Users\zero6575\AppData\Local\Temp\ccNPIwAS.s:3701   .debug_str:00000000000026f8 .LASF89
C:\Users\zero6575\AppData\Local\Temp\ccNPIwAS.s:4033   .debug_str:000000000000380b .LASF90
C:\Users\zero6575\AppData\Local\Temp\ccNPIwAS.s:3859   .debug_str:0000000000002e9d .LASF91
C:\Users\zero6575\AppData\Local\Temp\ccNPIwAS.s:3375   .debug_str:00000000000017d4 .LASF92
C:\Users\zero6575\AppData\Local\Temp\ccNPIwAS.s:3419   .debug_str:00000000000019e9 .LASF93
C:\Users\zero6575\AppData\Local\Temp\ccNPIwAS.s:3911   .debug_str:0000000000003129 .LASF94
C:\Users\zero6575\AppData\Local\Temp\ccNPIwAS.s:3729   .debug_str:0000000000002882 .LASF95
C:\Users\zero6575\AppData\Local\Temp\ccNPIwAS.s:3453   .debug_str:0000000000001b8c .LASF96
C:\Users\zero6575\AppData\Local\Temp\ccNPIwAS.s:3719   .debug_str:00000000000027ee .LASF97
C:\Users\zero6575\AppData\Local\Temp\ccNPIwAS.s:3647   .debug_str:0000000000002459 .LASF98
C:\Users\zero6575\AppData\Local\Temp\ccNPIwAS.s:3683   .debug_str:000000000000260a .LASF99
C:\Users\zero6575\AppData\Local\Temp\ccNPIwAS.s:3213   .debug_str:0000000000000f68 .LASF100
C:\Users\zero6575\AppData\Local\Temp\ccNPIwAS.s:3585   .debug_str:00000000000021a8 .LASF101
C:\Users\zero6575\AppData\Local\Temp\ccNPIwAS.s:3649   .debug_str:0000000000002486 .LASF102
C:\Users\zero6575\AppData\Local\Temp\ccNPIwAS.s:3657   .debug_str:00000000000024d9 .LASF103
C:\Users\zero6575\AppData\Local\Temp\ccNPIwAS.s:3437   .debug_str:0000000000001ab3 .LASF104
C:\Users\zero6575\AppData\Local\Temp\ccNPIwAS.s:3439   .debug_str:0000000000001ac6 .LASF105
C:\Users\zero6575\AppData\Local\Temp\ccNPIwAS.s:3297   .debug_str:0000000000001367 .LASF106
C:\Users\zero6575\AppData\Local\Temp\ccNPIwAS.s:3875   .debug_str:0000000000002f5a .LASF107
C:\Users\zero6575\AppData\Local\Temp\ccNPIwAS.s:3475   .debug_str:0000000000001c92 .LASF108
C:\Users\zero6575\AppData\Local\Temp\ccNPIwAS.s:3471   .debug_str:0000000000001c69 .LASF109
C:\Users\zero6575\AppData\Local\Temp\ccNPIwAS.s:3435   .debug_str:0000000000001a9c .LASF110
C:\Users\zero6575\AppData\Local\Temp\ccNPIwAS.s:3103   .debug_str:0000000000000a90 .LASF111
C:\Users\zero6575\AppData\Local\Temp\ccNPIwAS.s:3543   .debug_str:0000000000001fc7 .LASF112
C:\Users\zero6575\AppData\Local\Temp\ccNPIwAS.s:3149   .debug_str:0000000000000cc2 .LASF113
C:\Users\zero6575\AppData\Local\Temp\ccNPIwAS.s:4035   .debug_str:0000000000003820 .LASF114
C:\Users\zero6575\AppData\Local\Temp\ccNPIwAS.s:3747   .debug_str:000000000000294f .LASF115
C:\Users\zero6575\AppData\Local\Temp\ccNPIwAS.s:3907   .debug_str:00000000000030e8 .LASF116
C:\Users\zero6575\AppData\Local\Temp\ccNPIwAS.s:3679   .debug_str:00000000000025cf .LASF117
C:\Users\zero6575\AppData\Local\Temp\ccNPIwAS.s:3953   .debug_str:00000000000033f4 .LASF118
C:\Users\zero6575\AppData\Local\Temp\ccNPIwAS.s:3261   .debug_str:00000000000011c3 .LASF119
C:\Users\zero6575\AppData\Local\Temp\ccNPIwAS.s:3207   .debug_str:0000000000000f21 .LASF120
C:\Users\zero6575\AppData\Local\Temp\ccNPIwAS.s:3599   .debug_str:0000000000002242 .LASF121
C:\Users\zero6575\AppData\Local\Temp\ccNPIwAS.s:3201   .debug_str:0000000000000ecb .LASF122
C:\Users\zero6575\AppData\Local\Temp\ccNPIwAS.s:3655   .debug_str:00000000000024c9 .LASF123
C:\Users\zero6575\AppData\Local\Temp\ccNPIwAS.s:4017   .debug_str:0000000000003726 .LASF124
C:\Users\zero6575\AppData\Local\Temp\ccNPIwAS.s:3591   .debug_str:00000000000021e7 .LASF125
C:\Users\zero6575\AppData\Local\Temp\ccNPIwAS.s:3531   .debug_str:0000000000001ef2 .LASF126
C:\Users\zero6575\AppData\Local\Temp\ccNPIwAS.s:3037   .debug_str:0000000000000766 .LASF127
C:\Users\zero6575\AppData\Local\Temp\ccNPIwAS.s:3025   .debug_str:0000000000000702 .LASF128
C:\Users\zero6575\AppData\Local\Temp\ccNPIwAS.s:3999   .debug_str:0000000000003652 .LASF129
C:\Users\zero6575\AppData\Local\Temp\ccNPIwAS.s:3179   .debug_str:0000000000000dda .LASF130
C:\Users\zero6575\AppData\Local\Temp\ccNPIwAS.s:2935   .debug_str:0000000000000159 .LASF131
C:\Users\zero6575\AppData\Local\Temp\ccNPIwAS.s:3551   .debug_str:0000000000002032 .LASF132
C:\Users\zero6575\AppData\Local\Temp\ccNPIwAS.s:3579   .debug_str:000000000000215d .LASF133
C:\Users\zero6575\AppData\Local\Temp\ccNPIwAS.s:2973   .debug_str:0000000000000367 .LASF134
C:\Users\zero6575\AppData\Local\Temp\ccNPIwAS.s:4079   .debug_str:0000000000003a64 .LASF135
C:\Users\zero6575\AppData\Local\Temp\ccNPIwAS.s:3317   .debug_str:000000000000144d .LASF136
C:\Users\zero6575\AppData\Local\Temp\ccNPIwAS.s:3387   .debug_str:000000000000187b .LASF137
C:\Users\zero6575\AppData\Local\Temp\ccNPIwAS.s:3771   .debug_str:0000000000002a75 .LASF138
C:\Users\zero6575\AppData\Local\Temp\ccNPIwAS.s:3203   .debug_str:0000000000000ee7 .LASF139
C:\Users\zero6575\AppData\Local\Temp\ccNPIwAS.s:2947   .debug_str:000000000000023f .LASF140
C:\Users\zero6575\AppData\Local\Temp\ccNPIwAS.s:3743   .debug_str:000000000000292d .LASF141
C:\Users\zero6575\AppData\Local\Temp\ccNPIwAS.s:3189   .debug_str:0000000000000e3a .LASF142
C:\Users\zero6575\AppData\Local\Temp\ccNPIwAS.s:3457   .debug_str:0000000000001bbc .LASF143
C:\Users\zero6575\AppData\Local\Temp\ccNPIwAS.s:3625   .debug_str:000000000000233a .LASF144
C:\Users\zero6575\AppData\Local\Temp\ccNPIwAS.s:3413   .debug_str:00000000000019b1 .LASF145
C:\Users\zero6575\AppData\Local\Temp\ccNPIwAS.s:3949   .debug_str:00000000000033bc .LASF146
C:\Users\zero6575\AppData\Local\Temp\ccNPIwAS.s:3899   .debug_str:0000000000003089 .LASF147
C:\Users\zero6575\AppData\Local\Temp\ccNPIwAS.s:3223   .debug_str:0000000000000fcc .LASF148
C:\Users\zero6575\AppData\Local\Temp\ccNPIwAS.s:3819   .debug_str:0000000000002cb8 .LASF149
C:\Users\zero6575\AppData\Local\Temp\ccNPIwAS.s:3177   .debug_str:0000000000000dcc .LASF150
C:\Users\zero6575\AppData\Local\Temp\ccNPIwAS.s:4003   .debug_str:0000000000003688 .LASF151
C:\Users\zero6575\AppData\Local\Temp\ccNPIwAS.s:3943   .debug_str:0000000000003375 .LASF152
C:\Users\zero6575\AppData\Local\Temp\ccNPIwAS.s:3881   .debug_str:0000000000002fb6 .LASF153
C:\Users\zero6575\AppData\Local\Temp\ccNPIwAS.s:3357   .debug_str:00000000000016a0 .LASF154
C:\Users\zero6575\AppData\Local\Temp\ccNPIwAS.s:3697   .debug_str:00000000000026c8 .LASF155
C:\Users\zero6575\AppData\Local\Temp\ccNPIwAS.s:3391   .debug_str:00000000000018b5 .LASF156
C:\Users\zero6575\AppData\Local\Temp\ccNPIwAS.s:3895   .debug_str:0000000000003041 .LASF157
C:\Users\zero6575\AppData\Local\Temp\ccNPIwAS.s:3111   .debug_str:0000000000000b16 .LASF158
C:\Users\zero6575\AppData\Local\Temp\ccNPIwAS.s:3019   .debug_str:000000000000068d .LASF159
C:\Users\zero6575\AppData\Local\Temp\ccNPIwAS.s:4077   .debug_str:0000000000003a4f .LASF160
C:\Users\zero6575\AppData\Local\Temp\ccNPIwAS.s:3555   .debug_str:000000000000206b .LASF161
C:\Users\zero6575\AppData\Local\Temp\ccNPIwAS.s:3957   .debug_str:0000000000003420 .LASF162
C:\Users\zero6575\AppData\Local\Temp\ccNPIwAS.s:3041   .debug_str:000000000000078d .LASF163
C:\Users\zero6575\AppData\Local\Temp\ccNPIwAS.s:4073   .debug_str:0000000000003a2a .LASF164
C:\Users\zero6575\AppData\Local\Temp\ccNPIwAS.s:2971   .debug_str:000000000000034f .LASF165
C:\Users\zero6575\AppData\Local\Temp\ccNPIwAS.s:3395   .debug_str:00000000000018fb .LASF166
C:\Users\zero6575\AppData\Local\Temp\ccNPIwAS.s:3569   .debug_str:00000000000020f5 .LASF167
C:\Users\zero6575\AppData\Local\Temp\ccNPIwAS.s:3979   .debug_str:0000000000003543 .LASF168
C:\Users\zero6575\AppData\Local\Temp\ccNPIwAS.s:4081   .debug_str:0000000000003a7c .LASF169
C:\Users\zero6575\AppData\Local\Temp\ccNPIwAS.s:3329   .debug_str:00000000000014f0 .LASF170
C:\Users\zero6575\AppData\Local\Temp\ccNPIwAS.s:3505   .debug_str:0000000000001d90 .LASF171
C:\Users\zero6575\AppData\Local\Temp\ccNPIwAS.s:4053   .debug_str:0000000000003919 .LASF172
C:\Users\zero6575\AppData\Local\Temp\ccNPIwAS.s:2943   .debug_str:00000000000001f0 .LASF173
C:\Users\zero6575\AppData\Local\Temp\ccNPIwAS.s:4021   .debug_str:0000000000003761 .LASF174
C:\Users\zero6575\AppData\Local\Temp\ccNPIwAS.s:3951   .debug_str:00000000000033dd .LASF175
C:\Users\zero6575\AppData\Local\Temp\ccNPIwAS.s:3229   .debug_str:000000000000103b .LASF176
C:\Users\zero6575\AppData\Local\Temp\ccNPIwAS.s:2957   .debug_str:00000000000002d0 .LASF177
C:\Users\zero6575\AppData\Local\Temp\ccNPIwAS.s:3885   .debug_str:0000000000002fdd .LASF178
C:\Users\zero6575\AppData\Local\Temp\ccNPIwAS.s:3699   .debug_str:00000000000026de .LASF179
C:\Users\zero6575\AppData\Local\Temp\ccNPIwAS.s:3403   .debug_str:0000000000001949 .LASF180
C:\Users\zero6575\AppData\Local\Temp\ccNPIwAS.s:3239   .debug_str:00000000000010b5 .LASF181
C:\Users\zero6575\AppData\Local\Temp\ccNPIwAS.s:4047   .debug_str:00000000000038ae .LASF182
C:\Users\zero6575\AppData\Local\Temp\ccNPIwAS.s:3829   .debug_str:0000000000002d2d .LASF183
C:\Users\zero6575\AppData\Local\Temp\ccNPIwAS.s:3903   .debug_str:00000000000030aa .LASF184
C:\Users\zero6575\AppData\Local\Temp\ccNPIwAS.s:3343   .debug_str:00000000000015b6 .LASF185
C:\Users\zero6575\AppData\Local\Temp\ccNPIwAS.s:3085   .debug_str:000000000000099c .LASF186
C:\Users\zero6575\AppData\Local\Temp\ccNPIwAS.s:3359   .debug_str:00000000000016b6 .LASF187
C:\Users\zero6575\AppData\Local\Temp\ccNPIwAS.s:3109   .debug_str:0000000000000ad5 .LASF188
C:\Users\zero6575\AppData\Local\Temp\ccNPIwAS.s:4069   .debug_str:0000000000003a08 .LASF189
C:\Users\zero6575\AppData\Local\Temp\ccNPIwAS.s:3623   .debug_str:0000000000002322 .LASF190
C:\Users\zero6575\AppData\Local\Temp\ccNPIwAS.s:3751   .debug_str:0000000000002965 .LASF191
C:\Users\zero6575\AppData\Local\Temp\ccNPIwAS.s:2949   .debug_str:0000000000000262 .LASF192
C:\Users\zero6575\AppData\Local\Temp\ccNPIwAS.s:3405   .debug_str:0000000000001965 .LASF193
C:\Users\zero6575\AppData\Local\Temp\ccNPIwAS.s:3383   .debug_str:0000000000001842 .LASF194
C:\Users\zero6575\AppData\Local\Temp\ccNPIwAS.s:3087   .debug_str:00000000000009d6 .LASF195
C:\Users\zero6575\AppData\Local\Temp\ccNPIwAS.s:3463   .debug_str:0000000000001c0f .LASF196
C:\Users\zero6575\AppData\Local\Temp\ccNPIwAS.s:4029   .debug_str:00000000000037e5 .LASF197
C:\Users\zero6575\AppData\Local\Temp\ccNPIwAS.s:3337   .debug_str:0000000000001569 .LASF198
C:\Users\zero6575\AppData\Local\Temp\ccNPIwAS.s:3043   .debug_str:00000000000007a1 .LASF199
C:\Users\zero6575\AppData\Local\Temp\ccNPIwAS.s:4051   .debug_str:00000000000038de .LASF200
C:\Users\zero6575\AppData\Local\Temp\ccNPIwAS.s:3713   .debug_str:000000000000279a .LASF201
C:\Users\zero6575\AppData\Local\Temp\ccNPIwAS.s:3643   .debug_str:0000000000002409 .LASF202
C:\Users\zero6575\AppData\Local\Temp\ccNPIwAS.s:3105   .debug_str:0000000000000aab .LASF203
C:\Users\zero6575\AppData\Local\Temp\ccNPIwAS.s:2919   .debug_str:000000000000007b .LASF204
C:\Users\zero6575\AppData\Local\Temp\ccNPIwAS.s:3197   .debug_str:0000000000000e95 .LASF205
C:\Users\zero6575\AppData\Local\Temp\ccNPIwAS.s:3075   .debug_str:0000000000000916 .LASF206
C:\Users\zero6575\AppData\Local\Temp\ccNPIwAS.s:3117   .debug_str:0000000000000b72 .LASF207
C:\Users\zero6575\AppData\Local\Temp\ccNPIwAS.s:3945   .debug_str:000000000000338e .LASF208
C:\Users\zero6575\AppData\Local\Temp\ccNPIwAS.s:3293   .debug_str:000000000000133f .LASF209
C:\Users\zero6575\AppData\Local\Temp\ccNPIwAS.s:2925   .debug_str:00000000000000b2 .LASF210
C:\Users\zero6575\AppData\Local\Temp\ccNPIwAS.s:3265   .debug_str:000000000000121b .LASF211
C:\Users\zero6575\AppData\Local\Temp\ccNPIwAS.s:3377   .debug_str:00000000000017f7 .LASF212
C:\Users\zero6575\AppData\Local\Temp\ccNPIwAS.s:3521   .debug_str:0000000000001e78 .LASF213
C:\Users\zero6575\AppData\Local\Temp\ccNPIwAS.s:3013   .debug_str:0000000000000615 .LASF214
C:\Users\zero6575\AppData\Local\Temp\ccNPIwAS.s:3809   .debug_str:0000000000002c31 .LASF215
C:\Users\zero6575\AppData\Local\Temp\ccNPIwAS.s:4025   .debug_str:0000000000003788 .LASF216
C:\Users\zero6575\AppData\Local\Temp\ccNPIwAS.s:3409   .debug_str:000000000000197f .LASF217
C:\Users\zero6575\AppData\Local\Temp\ccNPIwAS.s:3235   .debug_str:000000000000107a .LASF218
C:\Users\zero6575\AppData\Local\Temp\ccNPIwAS.s:2913   .debug_str:000000000000001f .LASF219
C:\Users\zero6575\AppData\Local\Temp\ccNPIwAS.s:2953   .debug_str:00000000000002a3 .LASF220
C:\Users\zero6575\AppData\Local\Temp\ccNPIwAS.s:3339   .debug_str:0000000000001581 .LASF221
C:\Users\zero6575\AppData\Local\Temp\ccNPIwAS.s:3193   .debug_str:0000000000000e69 .LASF222
C:\Users\zero6575\AppData\Local\Temp\ccNPIwAS.s:3633   .debug_str:0000000000002395 .LASF223
C:\Users\zero6575\AppData\Local\Temp\ccNPIwAS.s:3305   .debug_str:00000000000013cd .LASF224
C:\Users\zero6575\AppData\Local\Temp\ccNPIwAS.s:3323   .debug_str:0000000000001481 .LASF225
C:\Users\zero6575\AppData\Local\Temp\ccNPIwAS.s:3825   .debug_str:0000000000002cf2 .LASF226
C:\Users\zero6575\AppData\Local\Temp\ccNPIwAS.s:3143   .debug_str:0000000000000c59 .LASF227
C:\Users\zero6575\AppData\Local\Temp\ccNPIwAS.s:3325   .debug_str:000000000000149c .LASF228
C:\Users\zero6575\AppData\Local\Temp\ccNPIwAS.s:3779   .debug_str:0000000000002ac8 .LASF229
C:\Users\zero6575\AppData\Local\Temp\ccNPIwAS.s:3993   .debug_str:00000000000035db .LASF230
C:\Users\zero6575\AppData\Local\Temp\ccNPIwAS.s:4063   .debug_str:00000000000039c8 .LASF231
C:\Users\zero6575\AppData\Local\Temp\ccNPIwAS.s:3133   .debug_str:0000000000000bed .LASF232
C:\Users\zero6575\AppData\Local\Temp\ccNPIwAS.s:3141   .debug_str:0000000000000c3e .LASF233
C:\Users\zero6575\AppData\Local\Temp\ccNPIwAS.s:3369   .debug_str:0000000000001787 .LASF234
C:\Users\zero6575\AppData\Local\Temp\ccNPIwAS.s:3487   .debug_str:0000000000001cfb .LASF235
C:\Users\zero6575\AppData\Local\Temp\ccNPIwAS.s:3739   .debug_str:00000000000028fe .LASF236
C:\Users\zero6575\AppData\Local\Temp\ccNPIwAS.s:3725   .debug_str:0000000000002843 .LASF237
C:\Users\zero6575\AppData\Local\Temp\ccNPIwAS.s:2933   .debug_str:0000000000000141 .LASF238
C:\Users\zero6575\AppData\Local\Temp\ccNPIwAS.s:4019   .debug_str:0000000000003747 .LASF239
C:\Users\zero6575\AppData\Local\Temp\ccNPIwAS.s:2967   .debug_str:000000000000032d .LASF240
C:\Users\zero6575\AppData\Local\Temp\ccNPIwAS.s:2981   .debug_str:00000000000003f8 .LASF241
C:\Users\zero6575\AppData\Local\Temp\ccNPIwAS.s:3539   .debug_str:0000000000001f66 .LASF242
C:\Users\zero6575\AppData\Local\Temp\ccNPIwAS.s:3363   .debug_str:000000000000171b .LASF243
C:\Users\zero6575\AppData\Local\Temp\ccNPIwAS.s:3225   .debug_str:0000000000000fdc .LASF244
C:\Users\zero6575\AppData\Local\Temp\ccNPIwAS.s:3415   .debug_str:00000000000019c7 .LASF245
C:\Users\zero6575\AppData\Local\Temp\ccNPIwAS.s:3131   .debug_str:0000000000000bd3 .LASF246
C:\Users\zero6575\AppData\Local\Temp\ccNPIwAS.s:3977   .debug_str:0000000000003528 .LASF247
C:\Users\zero6575\AppData\Local\Temp\ccNPIwAS.s:3581   .debug_str:0000000000002175 .LASF248
C:\Users\zero6575\AppData\Local\Temp\ccNPIwAS.s:3285   .debug_str:00000000000012f6 .LASF249
C:\Users\zero6575\AppData\Local\Temp\ccNPIwAS.s:3171   .debug_str:0000000000000d86 .LASF250
C:\Users\zero6575\AppData\Local\Temp\ccNPIwAS.s:3311   .debug_str:0000000000001419 .LASF251
C:\Users\zero6575\AppData\Local\Temp\ccNPIwAS.s:3063   .debug_str:000000000000087f .LASF252
C:\Users\zero6575\AppData\Local\Temp\ccNPIwAS.s:3627   .debug_str:0000000000002352 .LASF253
C:\Users\zero6575\AppData\Local\Temp\ccNPIwAS.s:3661   .debug_str:0000000000002507 .LASF254
C:\Users\zero6575\AppData\Local\Temp\ccNPIwAS.s:3263   .debug_str:00000000000011dc .LASF255
C:\Users\zero6575\AppData\Local\Temp\ccNPIwAS.s:3703   .debug_str:000000000000270a .LASF256
C:\Users\zero6575\AppData\Local\Temp\ccNPIwAS.s:2939   .debug_str:0000000000000195 .LASF257
C:\Users\zero6575\AppData\Local\Temp\ccNPIwAS.s:2929   .debug_str:00000000000000ed .LASF258
C:\Users\zero6575\AppData\Local\Temp\ccNPIwAS.s:3287   .debug_str:0000000000001308 .LASF259
C:\Users\zero6575\AppData\Local\Temp\ccNPIwAS.s:3735   .debug_str:00000000000028cb .LASF260
C:\Users\zero6575\AppData\Local\Temp\ccNPIwAS.s:3553   .debug_str:0000000000002050 .LASF261
C:\Users\zero6575\AppData\Local\Temp\ccNPIwAS.s:3639   .debug_str:00000000000023e7 .LASF262
C:\Users\zero6575\AppData\Local\Temp\ccNPIwAS.s:3889   .debug_str:0000000000002ffb .LASF263
C:\Users\zero6575\AppData\Local\Temp\ccNPIwAS.s:3289   .debug_str:0000000000001320 .LASF264
C:\Users\zero6575\AppData\Local\Temp\ccNPIwAS.s:3769   .debug_str:0000000000002a5f .LASF265
C:\Users\zero6575\AppData\Local\Temp\ccNPIwAS.s:3455   .debug_str:0000000000001ba0 .LASF266
C:\Users\zero6575\AppData\Local\Temp\ccNPIwAS.s:3547   .debug_str:0000000000001ff2 .LASF267
C:\Users\zero6575\AppData\Local\Temp\ccNPIwAS.s:3549   .debug_str:000000000000200b .LASF268
C:\Users\zero6575\AppData\Local\Temp\ccNPIwAS.s:4075   .debug_str:0000000000003a39 .LASF269
C:\Users\zero6575\AppData\Local\Temp\ccNPIwAS.s:3425   .debug_str:0000000000001a2f .LASF270
C:\Users\zero6575\AppData\Local\Temp\ccNPIwAS.s:3723   .debug_str:000000000000282d .LASF271
C:\Users\zero6575\AppData\Local\Temp\ccNPIwAS.s:4049   .debug_str:00000000000038c7 .LASF272
C:\Users\zero6575\AppData\Local\Temp\ccNPIwAS.s:3247   .debug_str:000000000000111c .LASF273
C:\Users\zero6575\AppData\Local\Temp\ccNPIwAS.s:2941   .debug_str:00000000000001d6 .LASF274
C:\Users\zero6575\AppData\Local\Temp\ccNPIwAS.s:2917   .debug_str:000000000000004a .LASF275
C:\Users\zero6575\AppData\Local\Temp\ccNPIwAS.s:3277   .debug_str:00000000000012a9 .LASF276
C:\Users\zero6575\AppData\Local\Temp\ccNPIwAS.s:3209   .debug_str:0000000000000f3a .LASF277
C:\Users\zero6575\AppData\Local\Temp\ccNPIwAS.s:3675   .debug_str:00000000000025a5 .LASF278
C:\Users\zero6575\AppData\Local\Temp\ccNPIwAS.s:3737   .debug_str:00000000000028e5 .LASF279
C:\Users\zero6575\AppData\Local\Temp\ccNPIwAS.s:4009   .debug_str:00000000000036b6 .LASF280
C:\Users\zero6575\AppData\Local\Temp\ccNPIwAS.s:3215   .debug_str:0000000000000f7a .LASF281
C:\Users\zero6575\AppData\Local\Temp\ccNPIwAS.s:3965   .debug_str:0000000000003479 .LASF282
C:\Users\zero6575\AppData\Local\Temp\ccNPIwAS.s:4011   .debug_str:00000000000036f0 .LASF283
C:\Users\zero6575\AppData\Local\Temp\ccNPIwAS.s:3837   .debug_str:0000000000002d78 .LASF284
C:\Users\zero6575\AppData\Local\Temp\ccNPIwAS.s:3347   .debug_str:0000000000001603 .LASF285
C:\Users\zero6575\AppData\Local\Temp\ccNPIwAS.s:3371   .debug_str:000000000000179e .LASF286
C:\Users\zero6575\AppData\Local\Temp\ccNPIwAS.s:3379   .debug_str:0000000000001810 .LASF287
C:\Users\zero6575\AppData\Local\Temp\ccNPIwAS.s:3017   .debug_str:0000000000000668 .LASF288
C:\Users\zero6575\AppData\Local\Temp\ccNPIwAS.s:3509   .debug_str:0000000000001dec .LASF289
C:\Users\zero6575\AppData\Local\Temp\ccNPIwAS.s:3465   .debug_str:0000000000001c25 .LASF290
C:\Users\zero6575\AppData\Local\Temp\ccNPIwAS.s:2975   .debug_str:000000000000038e .LASF291
C:\Users\zero6575\AppData\Local\Temp\ccNPIwAS.s:3843   .debug_str:0000000000002dbf .LASF292
C:\Users\zero6575\AppData\Local\Temp\ccNPIwAS.s:3693   .debug_str:000000000000268d .LASF293
C:\Users\zero6575\AppData\Local\Temp\ccNPIwAS.s:3933   .debug_str:00000000000032fc .LASF294
C:\Users\zero6575\AppData\Local\Temp\ccNPIwAS.s:3249   .debug_str:0000000000001142 .LASF295
C:\Users\zero6575\AppData\Local\Temp\ccNPIwAS.s:3485   .debug_str:0000000000001cdd .LASF296
C:\Users\zero6575\AppData\Local\Temp\ccNPIwAS.s:3879   .debug_str:0000000000002f97 .LASF297
C:\Users\zero6575\AppData\Local\Temp\ccNPIwAS.s:2937   .debug_str:0000000000000171 .LASF298
C:\Users\zero6575\AppData\Local\Temp\ccNPIwAS.s:3827   .debug_str:0000000000002d0c .LASF299
C:\Users\zero6575\AppData\Local\Temp\ccNPIwAS.s:3545   .debug_str:0000000000001fd6 .LASF300
C:\Users\zero6575\AppData\Local\Temp\ccNPIwAS.s:4057   .debug_str:000000000000396c .LASF301
C:\Users\zero6575\AppData\Local\Temp\ccNPIwAS.s:3137   .debug_str:0000000000000c16 .LASF302
C:\Users\zero6575\AppData\Local\Temp\ccNPIwAS.s:3631   .debug_str:0000000000002380 .LASF303
C:\Users\zero6575\AppData\Local\Temp\ccNPIwAS.s:2985   .debug_str:0000000000000450 .LASF304
C:\Users\zero6575\AppData\Local\Temp\ccNPIwAS.s:3271   .debug_str:0000000000001269 .LASF305
C:\Users\zero6575\AppData\Local\Temp\ccNPIwAS.s:3963   .debug_str:000000000000346f .LASF306
C:\Users\zero6575\AppData\Local\Temp\ccNPIwAS.s:3327   .debug_str:00000000000014db .LASF307
C:\Users\zero6575\AppData\Local\Temp\ccNPIwAS.s:3431   .debug_str:0000000000001a86 .LASF308
C:\Users\zero6575\AppData\Local\Temp\ccNPIwAS.s:3537   .debug_str:0000000000001f58 .LASF309
C:\Users\zero6575\AppData\Local\Temp\ccNPIwAS.s:3745   .debug_str:0000000000002941 .LASF310
C:\Users\zero6575\AppData\Local\Temp\ccNPIwAS.s:3113   .debug_str:0000000000000b50 .LASF311
C:\Users\zero6575\AppData\Local\Temp\ccNPIwAS.s:3619   .debug_str:0000000000002301 .LASF312
C:\Users\zero6575\AppData\Local\Temp\ccNPIwAS.s:3833   .debug_str:0000000000002d55 .LASF313
C:\Users\zero6575\AppData\Local\Temp\ccNPIwAS.s:2965   .debug_str:0000000000000315 .LASF314
C:\Users\zero6575\AppData\Local\Temp\ccNPIwAS.s:3331   .debug_str:0000000000001532 .LASF315
C:\Users\zero6575\AppData\Local\Temp\ccNPIwAS.s:3477   .debug_str:0000000000001caa .LASF316
C:\Users\zero6575\AppData\Local\Temp\ccNPIwAS.s:3831   .debug_str:0000000000002d40 .LASF317
C:\Users\zero6575\AppData\Local\Temp\ccNPIwAS.s:3469   .debug_str:0000000000001c53 .LASF318
C:\Users\zero6575\AppData\Local\Temp\ccNPIwAS.s:3923   .debug_str:000000000000327d .LASF319
C:\Users\zero6575\AppData\Local\Temp\ccNPIwAS.s:3173   .debug_str:0000000000000da2 .LASF320
C:\Users\zero6575\AppData\Local\Temp\ccNPIwAS.s:3237   .debug_str:0000000000001093 .LASF321
C:\Users\zero6575\AppData\Local\Temp\ccNPIwAS.s:3259   .debug_str:00000000000011b9 .LASF322
C:\Users\zero6575\AppData\Local\Temp\ccNPIwAS.s:3607   .debug_str:0000000000002297 .LASF323
C:\Users\zero6575\AppData\Local\Temp\ccNPIwAS.s:2955   .debug_str:00000000000002bb .LASF324
C:\Users\zero6575\AppData\Local\Temp\ccNPIwAS.s:3443   .debug_str:0000000000001b07 .LASF325
C:\Users\zero6575\AppData\Local\Temp\ccNPIwAS.s:3169   .debug_str:0000000000000d61 .LASF326
C:\Users\zero6575\AppData\Local\Temp\ccNPIwAS.s:3861   .debug_str:0000000000002eaf .LASF327
C:\Users\zero6575\AppData\Local\Temp\ccNPIwAS.s:3665   .debug_str:000000000000252d .LASF328
C:\Users\zero6575\AppData\Local\Temp\ccNPIwAS.s:3153   .debug_str:0000000000000cef .LASF329
C:\Users\zero6575\AppData\Local\Temp\ccNPIwAS.s:3947   .debug_str:00000000000033a8 .LASF330
C:\Users\zero6575\AppData\Local\Temp\ccNPIwAS.s:3175   .debug_str:0000000000000dbb .LASF331
C:\Users\zero6575\AppData\Local\Temp\ccNPIwAS.s:3517   .debug_str:0000000000001e4c .LASF332
C:\Users\zero6575\AppData\Local\Temp\ccNPIwAS.s:2989   .debug_str:00000000000004b8 .LASF333
C:\Users\zero6575\AppData\Local\Temp\ccNPIwAS.s:3525   .debug_str:0000000000001ec0 .LASF334
C:\Users\zero6575\AppData\Local\Temp\ccNPIwAS.s:3805   .debug_str:0000000000002c0c .LASF335
C:\Users\zero6575\AppData\Local\Temp\ccNPIwAS.s:3389   .debug_str:000000000000189b .LASF336
C:\Users\zero6575\AppData\Local\Temp\ccNPIwAS.s:3707   .debug_str:000000000000275b .LASF337
C:\Users\zero6575\AppData\Local\Temp\ccNPIwAS.s:3847   .debug_str:0000000000002e07 .LASF338
C:\Users\zero6575\AppData\Local\Temp\ccNPIwAS.s:2909   .debug_str:0000000000000000 .LASF339
C:\Users\zero6575\AppData\Local\Temp\ccNPIwAS.s:3031   .debug_str:0000000000000744 .LASF340
C:\Users\zero6575\AppData\Local\Temp\ccNPIwAS.s:3777   .debug_str:0000000000002ab1 .LASF341
C:\Users\zero6575\AppData\Local\Temp\ccNPIwAS.s:3069   .debug_str:00000000000008be .LASF345
C:\Users\zero6575\AppData\Local\Temp\ccNPIwAS.s:3003   .debug_str:000000000000055a .LASF346
C:\Users\zero6575\AppData\Local\Temp\ccNPIwAS.s:3221   .debug_str:0000000000000fbf .LASF347
C:\Users\zero6575\AppData\Local\Temp\ccNPIwAS.s:3681   .debug_str:00000000000025f7 .LASF348
C:\Users\zero6575\AppData\Local\Temp\ccNPIwAS.s:3399   .debug_str:000000000000191a .LASF349
C:\Users\zero6575\AppData\Local\Temp\ccNPIwAS.s:2987   .debug_str:0000000000000464 .LASF350
C:\Users\zero6575\AppData\Local\Temp\ccNPIwAS.s:3687   .debug_str:0000000000002643 .LASF351
C:\Users\zero6575\AppData\Local\Temp\ccNPIwAS.s:3813   .debug_str:0000000000002c7a .LASF352
C:\Users\zero6575\AppData\Local\Temp\ccNPIwAS.s:3801   .debug_str:0000000000002bf0 .LASF353
C:\Users\zero6575\AppData\Local\Temp\ccNPIwAS.s:4031   .debug_str:00000000000037fd .LASF354
C:\Users\zero6575\AppData\Local\Temp\ccNPIwAS.s:3935   .debug_str:000000000000331b .LASF355
C:\Users\zero6575\AppData\Local\Temp\ccNPIwAS.s:3781   .debug_str:0000000000002b09 .LASF356
C:\Users\zero6575\AppData\Local\Temp\ccNPIwAS.s:3587   .debug_str:00000000000021bd .LASF357
C:\Users\zero6575\AppData\Local\Temp\ccNPIwAS.s:3135   .debug_str:0000000000000c07 .LASF358
C:\Users\zero6575\AppData\Local\Temp\ccNPIwAS.s:3145   .debug_str:0000000000000c98 .LASF359
C:\Users\zero6575\AppData\Local\Temp\ccNPIwAS.s:3709   .debug_str:0000000000002776 .LASF360
C:\Users\zero6575\AppData\Local\Temp\ccNPIwAS.s:3319   .debug_str:000000000000146c .LASF361
C:\Users\zero6575\AppData\Local\Temp\ccNPIwAS.s:3775   .debug_str:0000000000002aa1 .LASF362
C:\Users\zero6575\AppData\Local\Temp\ccNPIwAS.s:3821   .debug_str:0000000000002ccc .LASF363
C:\Users\zero6575\AppData\Local\Temp\ccNPIwAS.s:3759   .debug_str:00000000000029c9 .LASF364
C:\Users\zero6575\AppData\Local\Temp\ccNPIwAS.s:3897   .debug_str:0000000000003078 .LASF365
C:\Users\zero6575\AppData\Local\Temp\ccNPIwAS.s:3651   .debug_str:000000000000249f .LASF366
C:\Users\zero6575\AppData\Local\Temp\ccNPIwAS.s:3527   .debug_str:0000000000001ecf .LASF367
C:\Users\zero6575\AppData\Local\Temp\ccNPIwAS.s:3195   .debug_str:0000000000000e85 .LASF368
C:\Users\zero6575\AppData\Local\Temp\ccNPIwAS.s:3891   .debug_str:0000000000003013 .LASF369
C:\Users\zero6575\AppData\Local\Temp\ccNPIwAS.s:3733   .debug_str:00000000000028b6 .LASF370
C:\Users\zero6575\AppData\Local\Temp\ccNPIwAS.s:3151   .debug_str:0000000000000cdb .LASF371
C:\Users\zero6575\AppData\Local\Temp\ccNPIwAS.s:3049   .debug_str:0000000000000806 .LASF372
C:\Users\zero6575\AppData\Local\Temp\ccNPIwAS.s:3741   .debug_str:0000000000002919 .LASF373
C:\Users\zero6575\AppData\Local\Temp\ccNPIwAS.s:3481   .debug_str:0000000000001cbd .LASF374
C:\Users\zero6575\AppData\Local\Temp\ccNPIwAS.s:3333   .debug_str:000000000000153c .LASF375
C:\Users\zero6575\AppData\Local\Temp\ccNPIwAS.s:3275   .debug_str:0000000000001294 .LASF376
C:\Users\zero6575\AppData\Local\Temp\ccNPIwAS.s:3937   .debug_str:000000000000332b .LASF377
C:\Users\zero6575\AppData\Local\Temp\ccNPIwAS.s:3447   .debug_str:0000000000001b51 .LASF378
C:\Users\zero6575\AppData\Local\Temp\ccNPIwAS.s:3473   .debug_str:0000000000001c77 .LASF379
C:\Users\zero6575\AppData\Local\Temp\ccNPIwAS.s:3411   .debug_str:0000000000001996 .LASF380
C:\Users\zero6575\AppData\Local\Temp\ccNPIwAS.s:3929   .debug_str:00000000000032de .LASF381
C:\Users\zero6575\AppData\Local\Temp\ccNPIwAS.s:3423   .debug_str:0000000000001a1f .LASF382
C:\Users\zero6575\AppData\Local\Temp\ccNPIwAS.s:3593   .debug_str:00000000000021fc .LASF383
C:\Users\zero6575\AppData\Local\Temp\ccNPIwAS.s:3749   .debug_str:000000000000295e .LASF384
C:\Users\zero6575\AppData\Local\Temp\ccNPIwAS.s:3059   .debug_str:0000000000000861 .LASF385
C:\Users\zero6575\AppData\Local\Temp\ccNPIwAS.s:2945   .debug_str:0000000000000239 .LASF387
C:\Users\zero6575\AppData\Local\Temp\ccNPIwAS.s:3089   .debug_str:00000000000009f1 .LASF388
C:\Users\zero6575\AppData\Local\Temp\ccNPIwAS.s:2961   .debug_str:00000000000002f1 .LASF389
C:\Users\zero6575\AppData\Local\Temp\ccNPIwAS.s:3183   .debug_str:0000000000000e06 .LASF390
C:\Users\zero6575\AppData\Local\Temp\ccNPIwAS.s:3191   .debug_str:0000000000000e5f .LASF391
C:\Users\zero6575\AppData\Local\Temp\ccNPIwAS.s:3941   .debug_str:0000000000003369 .LASF392
C:\Users\zero6575\AppData\Local\Temp\ccNPIwAS.s:3095   .debug_str:0000000000000a3a .LASF393
C:\Users\zero6575\AppData\Local\Temp\ccNPIwAS.s:3035   .debug_str:000000000000075d .LASF394
C:\Users\zero6575\AppData\Local\Temp\ccNPIwAS.s:3567   .debug_str:00000000000020ea .LASF395
C:\Users\zero6575\AppData\Local\Temp\ccNPIwAS.s:3127   .debug_str:0000000000000bb2 .LASF396
C:\Users\zero6575\AppData\Local\Temp\ccNPIwAS.s:3155   .debug_str:0000000000000d05 .LASF397
C:\Users\zero6575\AppData\Local\Temp\ccNPIwAS.s:3513   .debug_str:0000000000001e2d .LASF398
C:\Users\zero6575\AppData\Local\Temp\ccNPIwAS.s:3115   .debug_str:0000000000000b61 .LASF399
C:\Users\zero6575\AppData\Local\Temp\ccNPIwAS.s:3609   .debug_str:00000000000022aa .LASF400
C:\Users\zero6575\AppData\Local\Temp\ccNPIwAS.s:3773   .debug_str:0000000000002a95 .LASF401
C:\Users\zero6575\AppData\Local\Temp\ccNPIwAS.s:3971   .debug_str:00000000000034f7 .LASF402
C:\Users\zero6575\AppData\Local\Temp\ccNPIwAS.s:3715   .debug_str:00000000000027d8 .LASF403
C:\Users\zero6575\AppData\Local\Temp\ccNPIwAS.s:3689   .debug_str:0000000000002670 .LASF404
C:\Users\zero6575\AppData\Local\Temp\ccNPIwAS.s:3835   .debug_str:0000000000002d6e .LASF405
C:\Users\zero6575\AppData\Local\Temp\ccNPIwAS.s:3119   .debug_str:0000000000000b83 .LASF406
C:\Users\zero6575\AppData\Local\Temp\ccNPIwAS.s:2921   .debug_str:0000000000000094 .LASF407
C:\Users\zero6575\AppData\Local\Temp\ccNPIwAS.s:3055   .debug_str:0000000000000841 .LASF408
C:\Users\zero6575\AppData\Local\Temp\ccNPIwAS.s:3217   .debug_str:0000000000000f95 .LASF409
C:\Users\zero6575\AppData\Local\Temp\ccNPIwAS.s:3559   .debug_str:000000000000209c .LASF410
C:\Users\zero6575\AppData\Local\Temp\ccNPIwAS.s:4055   .debug_str:000000000000395e .LASF411
C:\Users\zero6575\AppData\Local\Temp\ccNPIwAS.s:3313   .debug_str:0000000000001437 .LASF412
C:\Users\zero6575\AppData\Local\Temp\ccNPIwAS.s:3053   .debug_str:000000000000082f .LASF413
C:\Users\zero6575\AppData\Local\Temp\ccNPIwAS.s:3139   .debug_str:0000000000000c2b .LASF414
C:\Users\zero6575\AppData\Local\Temp\ccNPIwAS.s:3671   .debug_str:000000000000257e .LASF415
C:\Users\zero6575\AppData\Local\Temp\ccNPIwAS.s:3611   .debug_str:00000000000022b6 .LASF416
C:\Users\zero6575\AppData\Local\Temp\ccNPIwAS.s:3097   .debug_str:0000000000000a42 .LASF417
C:\Users\zero6575\AppData\Local\Temp\ccNPIwAS.s:3851   .debug_str:0000000000002e3c .LASF418
C:\Users\zero6575\AppData\Local\Temp\ccNPIwAS.s:3629   .debug_str:000000000000236d .LASF419
C:\Users\zero6575\AppData\Local\Temp\ccNPIwAS.s:3129   .debug_str:0000000000000bbf .LASF420
C:\Users\zero6575\AppData\Local\Temp\ccNPIwAS.s:3575   .debug_str:000000000000212f .LASF421
C:\Users\zero6575\AppData\Local\Temp\ccNPIwAS.s:4013   .debug_str:0000000000003705 .LASF422
C:\Users\zero6575\AppData\Local\Temp\ccNPIwAS.s:3251   .debug_str:000000000000115f .LASF423
C:\Users\zero6575\AppData\Local\Temp\ccNPIwAS.s:3673   .debug_str:0000000000002591 .LASF424
C:\Users\zero6575\AppData\Local\Temp\ccNPIwAS.s:3519   .debug_str:0000000000001e64 .LASF425
C:\Users\zero6575\AppData\Local\Temp\ccNPIwAS.s:3817   .debug_str:0000000000002ca3 .LASF426
C:\Users\zero6575\AppData\Local\Temp\ccNPIwAS.s:3491   .debug_str:0000000000001d28 .LASF427
C:\Users\zero6575\AppData\Local\Temp\ccNPIwAS.s:3857   .debug_str:0000000000002e88 .LASF428
C:\Users\zero6575\AppData\Local\Temp\ccNPIwAS.s:3877   .debug_str:0000000000002f7e .LASF429
C:\Users\zero6575\AppData\Local\Temp\ccNPIwAS.s:3557   .debug_str:0000000000002082 .LASF430
C:\Users\zero6575\AppData\Local\Temp\ccNPIwAS.s:3577   .debug_str:0000000000002143 .LASF431
C:\Users\zero6575\AppData\Local\Temp\ccNPIwAS.s:3507   .debug_str:0000000000001dd2 .LASF432
C:\Users\zero6575\AppData\Local\Temp\ccNPIwAS.s:3763   .debug_str:0000000000002a03 .LASF433
C:\Users\zero6575\AppData\Local\Temp\ccNPIwAS.s:3667   .debug_str:0000000000002542 .LASF434
C:\Users\zero6575\AppData\Local\Temp\ccNPIwAS.s:3563   .debug_str:00000000000020c6 .LASF435
C:\Users\zero6575\AppData\Local\Temp\ccNPIwAS.s:3991   .debug_str:00000000000035c2 .LASF436
C:\Users\zero6575\AppData\Local\Temp\ccNPIwAS.s:3685   .debug_str:0000000000002622 .LASF437
C:\Users\zero6575\AppData\Local\Temp\ccNPIwAS.s:3219   .debug_str:0000000000000fa3 .LASF438
C:\Users\zero6575\AppData\Local\Temp\ccNPIwAS.s:3605   .debug_str:0000000000002279 .LASF439
C:\Users\zero6575\AppData\Local\Temp\ccNPIwAS.s:3985   .debug_str:0000000000003579 .LASF440
C:\Users\zero6575\AppData\Local\Temp\ccNPIwAS.s:3269   .debug_str:0000000000001251 .LASF441
C:\Users\zero6575\AppData\Local\Temp\ccNPIwAS.s:4027   .debug_str:00000000000037cb .LASF442
C:\Users\zero6575\AppData\Local\Temp\ccNPIwAS.s:3361   .debug_str:00000000000016f2 .LASF443
C:\Users\zero6575\AppData\Local\Temp\ccNPIwAS.s:2927   .debug_str:00000000000000c9 .LASF444
C:\Users\zero6575\AppData\Local\Temp\ccNPIwAS.s:3921   .debug_str:0000000000003257 .LASF445
C:\Users\zero6575\AppData\Local\Temp\ccNPIwAS.s:3253   .debug_str:0000000000001173 .LASF446
C:\Users\zero6575\AppData\Local\Temp\ccNPIwAS.s:2983   .debug_str:0000000000000436 .LASF447
C:\Users\zero6575\AppData\Local\Temp\ccNPIwAS.s:3257   .debug_str:000000000000119d .LASF448
C:\Users\zero6575\AppData\Local\Temp\ccNPIwAS.s:3349   .debug_str:000000000000161a .LASF449
C:\Users\zero6575\AppData\Local\Temp\ccNPIwAS.s:3853   .debug_str:0000000000002e50 .LASF450
C:\Users\zero6575\AppData\Local\Temp\ccNPIwAS.s:3909   .debug_str:0000000000003101 .LASF451
C:\Users\zero6575\AppData\Local\Temp\ccNPIwAS.s:3561   .debug_str:00000000000020a7 .LASF452
C:\Users\zero6575\AppData\Local\Temp\ccNPIwAS.s:4045   .debug_str:0000000000003894 .LASF453
C:\Users\zero6575\AppData\Local\Temp\ccNPIwAS.s:3199   .debug_str:0000000000000eaf .LASF454
C:\Users\zero6575\AppData\Local\Temp\ccNPIwAS.s:3441   .debug_str:0000000000001adc .LASF455
C:\Users\zero6575\AppData\Local\Temp\ccNPIwAS.s:3309   .debug_str:00000000000013f3 .LASF456
C:\Users\zero6575\AppData\Local\Temp\ccNPIwAS.s:4061   .debug_str:00000000000039a0 .LASF457
C:\Users\zero6575\AppData\Local\Temp\ccNPIwAS.s:3967   .debug_str:00000000000034be .LASF458
C:\Users\zero6575\AppData\Local\Temp\ccNPIwAS.s:3367   .debug_str:000000000000176d .LASF459
C:\Users\zero6575\AppData\Local\Temp\ccNPIwAS.s:4067   .debug_str:00000000000039ec .LASF460
C:\Users\zero6575\AppData\Local\Temp\ccNPIwAS.s:2951   .debug_str:0000000000000278 .LASF461
C:\Users\zero6575\AppData\Local\Temp\ccNPIwAS.s:3373   .debug_str:00000000000017ae .LASF462
C:\Users\zero6575\AppData\Local\Temp\ccNPIwAS.s:3101   .debug_str:0000000000000a68 .LASF463
C:\Users\zero6575\AppData\Local\Temp\ccNPIwAS.s:3767   .debug_str:0000000000002a38 .LASF464
C:\Users\zero6575\AppData\Local\Temp\ccNPIwAS.s:3997   .debug_str:0000000000003630 .LASF465
C:\Users\zero6575\AppData\Local\Temp\ccNPIwAS.s:3865   .debug_str:0000000000002ecf .LASF466
C:\Users\zero6575\AppData\Local\Temp\ccNPIwAS.s:3927   .debug_str:00000000000032b5 .LASF467
C:\Users\zero6575\AppData\Local\Temp\ccNPIwAS.s:3535   .debug_str:0000000000001f34 .LASF468
C:\Users\zero6575\AppData\Local\Temp\ccNPIwAS.s:2999   .debug_str:0000000000000523 .LASF469
C:\Users\zero6575\AppData\Local\Temp\ccNPIwAS.s:3185   .debug_str:0000000000000e0b .LASF470
C:\Users\zero6575\AppData\Local\Temp\ccNPIwAS.s:3939   .debug_str:0000000000003345 .LASF471
C:\Users\zero6575\AppData\Local\Temp\ccNPIwAS.s:3845   .debug_str:0000000000002de1 .LASF472
C:\Users\zero6575\AppData\Local\Temp\ccNPIwAS.s:2995   .debug_str:00000000000004da .LASF473
C:\Users\zero6575\AppData\Local\Temp\ccNPIwAS.s:3761   .debug_str:00000000000029df .LASF474
C:\Users\zero6575\AppData\Local\Temp\ccNPIwAS.s:3905   .debug_str:00000000000030c2 .LASF475
C:\Users\zero6575\AppData\Local\Temp\ccNPIwAS.s:3975   .debug_str:000000000000350c .LASF476
C:\Users\zero6575\AppData\Local\Temp\ccNPIwAS.s:3961   .debug_str:0000000000003452 .LASF477
C:\Users\zero6575\AppData\Local\Temp\ccNPIwAS.s:3243   .debug_str:00000000000010e5 .LASF478
C:\Users\zero6575\AppData\Local\Temp\ccNPIwAS.s:3793   .debug_str:0000000000002b7c .LASF479
C:\Users\zero6575\AppData\Local\Temp\ccNPIwAS.s:3799   .debug_str:0000000000002bc4 .LASF480
C:\Users\zero6575\AppData\Local\Temp\ccNPIwAS.s:3011   .debug_str:00000000000005ee .LASF481
C:\Users\zero6575\AppData\Local\Temp\ccNPIwAS.s:3841   .debug_str:0000000000002da1 .LASF482
C:\Users\zero6575\AppData\Local\Temp\ccNPIwAS.s:4001   .debug_str:0000000000003669 .LASF483
C:\Users\zero6575\AppData\Local\Temp\ccNPIwAS.s:3849   .debug_str:0000000000002e22 .LASF484
C:\Users\zero6575\AppData\Local\Temp\ccNPIwAS.s:3429   .debug_str:0000000000001a6c .LASF485
C:\Users\zero6575\AppData\Local\Temp\ccNPIwAS.s:3601   .debug_str:0000000000002251 .LASF486
C:\Users\zero6575\AppData\Local\Temp\ccNPIwAS.s:3757   .debug_str:00000000000029b1 .LASF487
C:\Users\zero6575\AppData\Local\Temp\ccNPIwAS.s:4041   .debug_str:000000000000386e .LASF488
C:\Users\zero6575\AppData\Local\Temp\ccNPIwAS.s:3533   .debug_str:0000000000001f1c .LASF489
C:\Users\zero6575\AppData\Local\Temp\ccNPIwAS.s:3279   .debug_str:00000000000012c0 .LASF490
C:\Users\zero6575\AppData\Local\Temp\ccNPIwAS.s:3497   .debug_str:0000000000001d4e .LASF491
C:\Users\zero6575\AppData\Local\Temp\ccNPIwAS.s:3081   .debug_str:000000000000095d .LASF492
C:\Users\zero6575\AppData\Local\Temp\ccNPIwAS.s:3617   .debug_str:00000000000022e7 .LASF493
C:\Users\zero6575\AppData\Local\Temp\ccNPIwAS.s:3931   .debug_str:00000000000032e4 .LASF494
C:\Users\zero6575\AppData\Local\Temp\ccNPIwAS.s:2963   .debug_str:00000000000002fb .LASF495
C:\Users\zero6575\AppData\Local\Temp\ccNPIwAS.s:3969   .debug_str:00000000000034dd .LASF496
C:\Users\zero6575\AppData\Local\Temp\ccNPIwAS.s:3797   .debug_str:0000000000002ba8 .LASF497
C:\Users\zero6575\AppData\Local\Temp\ccNPIwAS.s:3299   .debug_str:0000000000001382 .LASF499
C:\Users\zero6575\AppData\Local\Temp\ccNPIwAS.s:3157   .debug_str:0000000000000d0c .LASF500
C:\Users\zero6575\AppData\Local\Temp\ccNPIwAS.s:3637   .debug_str:00000000000023e0 .LASF501
C:\Users\zero6575\AppData\Local\Temp\ccNPIwAS.s:4039   .debug_str:0000000000003866 .LASF502
C:\Users\zero6575\AppData\Local\Temp\ccNPIwAS.s:2997   .debug_str:0000000000000503 .LASF503
C:\Users\zero6575\AppData\Local\Temp\ccNPIwAS.s:2959   .debug_str:00000000000002e6 .LASF504
C:\Users\zero6575\AppData\Local\Temp\ccNPIwAS.s:4071   .debug_str:0000000000003a1e .LASF505
C:\Users\zero6575\AppData\Local\Temp\ccNPIwAS.s:4043   .debug_str:0000000000003884 .LASF506
C:\Users\zero6575\AppData\Local\Temp\ccNPIwAS.s:3659   .debug_str:00000000000024fb .LASF507
C:\Users\zero6575\AppData\Local\Temp\ccNPIwAS.s:3381   .debug_str:0000000000001835 .LASF508
C:\Users\zero6575\AppData\Local\Temp\ccNPIwAS.s:3981   .debug_str:000000000000355a .LASF509
C:\Users\zero6575\AppData\Local\Temp\ccNPIwAS.s:3641   .debug_str:00000000000023fc .LASF510
C:\Users\zero6575\AppData\Local\Temp\ccNPIwAS.s:4005   .debug_str:000000000000369f .LASF511
C:\Users\zero6575\AppData\Local\Temp\ccNPIwAS.s:3621   .debug_str:0000000000002311 .LASF512
C:\Users\zero6575\AppData\Local\Temp\ccNPIwAS.s:3795   .debug_str:0000000000002b94 .LASF513
C:\Users\zero6575\AppData\Local\Temp\ccNPIwAS.s:3467   .debug_str:0000000000001c43 .LASF514
C:\Users\zero6575\AppData\Local\Temp\ccNPIwAS.s:3061   .debug_str:000000000000086a .LASF515
C:\Users\zero6575\AppData\Local\Temp\ccNPIwAS.s:3039   .debug_str:000000000000077c .LASF516
C:\Users\zero6575\AppData\Local\Temp\ccNPIwAS.s:3523   .debug_str:0000000000001eb4 .LASF517
C:\Users\zero6575\AppData\Local\Temp\ccNPIwAS.s:3295   .debug_str:000000000000135b .LASF518
C:\Users\zero6575\AppData\Local\Temp\ccNPIwAS.s:2991   .debug_str:00000000000004c5 .LASF519
C:\Users\zero6575\AppData\Local\Temp\ccNPIwAS.s:3995   .debug_str:0000000000003621 .LASF520
C:\Users\zero6575\AppData\Local\Temp\ccNPIwAS.s:3803   .debug_str:0000000000002c02 .LASF521
C:\Users\zero6575\AppData\Local\Temp\ccNPIwAS.s:3791   .debug_str:0000000000002b73 .LASF522
C:\Users\zero6575\AppData\Local\Temp\ccNPIwAS.s:3033   .debug_str:0000000000000753 .LASF523
C:\Users\zero6575\AppData\Local\Temp\ccNPIwAS.s:3913   .debug_str:000000000000314e .LASF524
C:\Users\zero6575\AppData\Local\Temp\ccNPIwAS.s:3181   .debug_str:0000000000000df8 .LASF525
C:\Users\zero6575\AppData\Local\Temp\ccNPIwAS.s:3705   .debug_str:0000000000002749 .LASF526
C:\Users\zero6575\AppData\Local\Temp\ccNPIwAS.s:2915   .debug_str:0000000000000039 .LASF527
C:\Users\zero6575\AppData\Local\Temp\ccNPIwAS.s:2979   .debug_str:00000000000003e2 .LASF528
C:\Users\zero6575\AppData\Local\Temp\ccNPIwAS.s:3057   .debug_str:000000000000084f .LASF529
C:\Users\zero6575\AppData\Local\Temp\ccNPIwAS.s:3167   .debug_str:0000000000000d50 .LASF530
C:\Users\zero6575\AppData\Local\Temp\ccNPIwAS.s:3005   .debug_str:0000000000000572 .LASF531
C:\Users\zero6575\AppData\Local\Temp\ccNPIwAS.s:3123   .debug_str:0000000000000ba0 .LASF532
C:\Users\zero6575\AppData\Local\Temp\ccNPIwAS.s:4007   .debug_str:00000000000036ac .LASF533
C:\Users\zero6575\AppData\Local\Temp\ccNPIwAS.s:3645   .debug_str:000000000000244b .LASF534
C:\Users\zero6575\AppData\Local\Temp\ccNPIwAS.s:3307   .debug_str:00000000000013e6 .LASF535
C:\Users\zero6575\AppData\Local\Temp\ccNPIwAS.s:3479   .debug_str:0000000000001cb0 .LASF536
C:\Users\zero6575\AppData\Local\Temp\ccNPIwAS.s:3495   .debug_str:0000000000001d44 .LASF537
C:\Users\zero6575\AppData\Local\Temp\ccNPIwAS.s:3255   .debug_str:0000000000001192 .LASF538
C:\Users\zero6575\AppData\Local\Temp\ccNPIwAS.s:3863   .debug_str:0000000000002ec5 .LASF539
C:\Users\zero6575\AppData\Local\Temp\ccNPIwAS.s:3499   .debug_str:0000000000001d68 .LASF540
C:\Users\zero6575\AppData\Local\Temp\ccNPIwAS.s:3901   .debug_str:000000000000309f .LASF541
C:\Users\zero6575\AppData\Local\Temp\ccNPIwAS.s:3915   .debug_str:0000000000003158 .LASF542
C:\Users\zero6575\AppData\Local\Temp\ccNPIwAS.s:3159   .debug_str:0000000000000d17 .LASF543
C:\Users\zero6575\AppData\Local\Temp\ccNPIwAS.s:3529   .debug_str:0000000000001ee0 .LASF544
C:\Users\zero6575\AppData\Local\Temp\ccNPIwAS.s:2993   .debug_str:00000000000004ce .LASF545
C:\Users\zero6575\AppData\Local\Temp\ccNPIwAS.s:3677   .debug_str:00000000000025bd .LASF546
C:\Users\zero6575\AppData\Local\Temp\ccNPIwAS.s:2923   .debug_str:00000000000000a1 .LASF547
C:\Users\zero6575\AppData\Local\Temp\ccNPIwAS.s:2931   .debug_str:0000000000000133 .LASF548
C:\Users\zero6575\AppData\Local\Temp\ccNPIwAS.s:3161   .debug_str:0000000000000d2a .LASF549
C:\Users\zero6575\AppData\Local\Temp\ccNPIwAS.s:3077   .debug_str:000000000000092c .LASF550
C:\Users\zero6575\AppData\Local\Temp\ccNPIwAS.s:3393   .debug_str:00000000000018ec .LASF551
C:\Users\zero6575\AppData\Local\Temp\ccNPIwAS.s:3321   .debug_str:000000000000147c .LASF552
C:\Users\zero6575\AppData\Local\Temp\ccNPIwAS.s:3365   .debug_str:000000000000175c .LASF553
C:\Users\zero6575\AppData\Local\Temp\ccNPIwAS.s:3615   .debug_str:00000000000022db .LASF554
C:\Users\zero6575\AppData\Local\Temp\ccNPIwAS.s:3303   .debug_str:0000000000001395 .LASF555
C:\Users\zero6575\AppData\Local\Temp\ccNPIwAS.s:4023   .debug_str:0000000000003776 .LASF556
                           .group:0000000000000000 wm4.0.29db371e8b94e604acd9f4c2cef2c360
                           .group:0000000000000000 wm4._newlib_version.h.4.9ba035841e762c3308916a0ce96032e7
                           .group:0000000000000000 wm4.features.h.33.318b64d71e0957639cfb30f1db1f7ec8
                           .group:0000000000000000 wm4._default_types.h.15.61e9869194cab90bdfa4c7fc42203a0e
                           .group:0000000000000000 wm4._intsup.h.10.b28b45fc63caeb010c3f7ee592257700
                           .group:0000000000000000 wm4._stdint.h.10.c24fa3af3bc1706662bb5593a907e841
                           .group:0000000000000000 wm4.stdint.h.23.d53047a68f4a85177f80b422d52785ed
                           .group:0000000000000000 wm4.stdbool.h.29.07dce69c3b78884144b7f7bd19483461
                           .group:0000000000000000 wm4.stddef.h.39.a38874c8f8a57e66301090908ec2a69f

NO UNDEFINED SYMBOLS
