   1              		.file	"ucix.c"
   2              		.option nopic
   3              		.attribute arch, "rv64i2p0_m2p0_a2p0_c2p0"
   4              		.attribute unaligned_access, 0
   5              		.attribute stack_align, 16
   6              		.text
   7              	.Ltext0:
   8              		.cfi_sections	.debug_frame
   9              	.Letext0:
  10              		.file 1 "c:\\microchip\\softconsole-v2022.2-risc-v-747\\riscv-unknown-elf-gcc\\lib\\gcc\\riscv64-u
  11              		.file 2 "c:\\microchip\\softconsole-v2022.2-risc-v-747\\riscv-unknown-elf-gcc\\riscv64-unknown-elf
  12              		.file 3 "c:\\microchip\\softconsole-v2022.2-risc-v-747\\riscv-unknown-elf-gcc\\riscv64-unknown-elf
  13              		.file 4 "c:\\microchip\\softconsole-v2022.2-risc-v-747\\riscv-unknown-elf-gcc\\riscv64-unknown-elf
  14              		.file 5 "c:\\microchip\\softconsole-v2022.2-risc-v-747\\riscv-unknown-elf-gcc\\riscv64-unknown-elf
DEFINED SYMBOLS
                            *ABS*:0000000000000000 ucix.c
C:\Users\zero6575\AppData\Local\Temp\ccaV7qZB.s:1207   .debug_abbrev:0000000000000000 .Ldebug_abbrev0
C:\Users\zero6575\AppData\Local\Temp\ccaV7qZB.s:4340   .debug_str:00000000000010da .LASF819
C:\Users\zero6575\AppData\Local\Temp\ccaV7qZB.s:4522   .debug_str:0000000000001cdb .LASF820
C:\Users\zero6575\AppData\Local\Temp\ccaV7qZB.s:4564   .debug_str:0000000000001f18 .LASF821
C:\Users\zero6575\AppData\Local\Temp\ccaV7qZB.s:4022   .debug_line:0000000000000000 .Ldebug_line0
C:\Users\zero6575\AppData\Local\Temp\ccaV7qZB.s:1592   .debug_macro:0000000000000000 .Ldebug_macro0
C:\Users\zero6575\AppData\Local\Temp\ccaV7qZB.s:4286   .debug_str:0000000000000e34 .LASF696
C:\Users\zero6575\AppData\Local\Temp\ccaV7qZB.s:4698   .debug_str:0000000000002670 .LASF697
C:\Users\zero6575\AppData\Local\Temp\ccaV7qZB.s:5534   .debug_str:0000000000005697 .LASF698
C:\Users\zero6575\AppData\Local\Temp\ccaV7qZB.s:5102   .debug_str:0000000000003e79 .LASF699
C:\Users\zero6575\AppData\Local\Temp\ccaV7qZB.s:5270   .debug_str:0000000000004718 .LASF705
C:\Users\zero6575\AppData\Local\Temp\ccaV7qZB.s:4946   .debug_str:00000000000036df .LASF700
C:\Users\zero6575\AppData\Local\Temp\ccaV7qZB.s:4386   .debug_str:000000000000149c .LASF701
C:\Users\zero6575\AppData\Local\Temp\ccaV7qZB.s:4666   .debug_str:000000000000250f .LASF702
C:\Users\zero6575\AppData\Local\Temp\ccaV7qZB.s:5356   .debug_str:0000000000004c32 .LASF703
C:\Users\zero6575\AppData\Local\Temp\ccaV7qZB.s:5586   .debug_str:0000000000005935 .LASF704
C:\Users\zero6575\AppData\Local\Temp\ccaV7qZB.s:5570   .debug_str:0000000000005875 .LASF706
C:\Users\zero6575\AppData\Local\Temp\ccaV7qZB.s:5560   .debug_str:0000000000005807 .LASF707
C:\Users\zero6575\AppData\Local\Temp\ccaV7qZB.s:4480   .debug_str:0000000000001a61 .LASF708
C:\Users\zero6575\AppData\Local\Temp\ccaV7qZB.s:4266   .debug_str:0000000000000cf5 .LASF709
C:\Users\zero6575\AppData\Local\Temp\ccaV7qZB.s:5156   .debug_str:0000000000004181 .LASF710
C:\Users\zero6575\AppData\Local\Temp\ccaV7qZB.s:5072   .debug_str:0000000000003d15 .LASF711
C:\Users\zero6575\AppData\Local\Temp\ccaV7qZB.s:4056   .debug_str:000000000000016d .LASF712
C:\Users\zero6575\AppData\Local\Temp\ccaV7qZB.s:4920   .debug_str:00000000000035c3 .LASF713
C:\Users\zero6575\AppData\Local\Temp\ccaV7qZB.s:5522   .debug_str:00000000000055e8 .LASF714
C:\Users\zero6575\AppData\Local\Temp\ccaV7qZB.s:4746   .debug_str:00000000000028f0 .LASF715
C:\Users\zero6575\AppData\Local\Temp\ccaV7qZB.s:5254   .debug_str:000000000000464f .LASF716
C:\Users\zero6575\AppData\Local\Temp\ccaV7qZB.s:4798   .debug_str:0000000000002b7b .LASF721
C:\Users\zero6575\AppData\Local\Temp\ccaV7qZB.s:5284   .debug_str:0000000000004805 .LASF717
C:\Users\zero6575\AppData\Local\Temp\ccaV7qZB.s:5412   .debug_str:0000000000004fa7 .LASF718
C:\Users\zero6575\AppData\Local\Temp\ccaV7qZB.s:4922   .debug_str:00000000000035ce .LASF719
C:\Users\zero6575\AppData\Local\Temp\ccaV7qZB.s:4626   .debug_str:00000000000022f6 .LASF720
C:\Users\zero6575\AppData\Local\Temp\ccaV7qZB.s:4136   .debug_str:0000000000000676 .LASF722
C:\Users\zero6575\AppData\Local\Temp\ccaV7qZB.s:4142   .debug_str:00000000000006ae .LASF723
C:\Users\zero6575\AppData\Local\Temp\ccaV7qZB.s:5660   .debug_str:0000000000005e44 .LASF724
C:\Users\zero6575\AppData\Local\Temp\ccaV7qZB.s:5370   .debug_str:0000000000004cf6 .LASF725
C:\Users\zero6575\AppData\Local\Temp\ccaV7qZB.s:4996   .debug_str:0000000000003987 .LASF726
C:\Users\zero6575\AppData\Local\Temp\ccaV7qZB.s:4348   .debug_str:000000000000120e .LASF727
C:\Users\zero6575\AppData\Local\Temp\ccaV7qZB.s:5422   .debug_str:0000000000004feb .LASF728
C:\Users\zero6575\AppData\Local\Temp\ccaV7qZB.s:5596   .debug_str:0000000000005994 .LASF729
C:\Users\zero6575\AppData\Local\Temp\ccaV7qZB.s:5106   .debug_str:0000000000003eb4 .LASF730
C:\Users\zero6575\AppData\Local\Temp\ccaV7qZB.s:5640   .debug_str:0000000000005ce7 .LASF731
C:\Users\zero6575\AppData\Local\Temp\ccaV7qZB.s:4256   .debug_str:0000000000000c0c .LASF732
C:\Users\zero6575\AppData\Local\Temp\ccaV7qZB.s:4166   .debug_str:00000000000007d1 .LASF733
C:\Users\zero6575\AppData\Local\Temp\ccaV7qZB.s:5204   .debug_str:00000000000043ec .LASF734
C:\Users\zero6575\AppData\Local\Temp\ccaV7qZB.s:4330   .debug_str:0000000000001060 .LASF735
C:\Users\zero6575\AppData\Local\Temp\ccaV7qZB.s:5492   .debug_str:0000000000005474 .LASF736
C:\Users\zero6575\AppData\Local\Temp\ccaV7qZB.s:5048   .debug_str:0000000000003b7b .LASF737
C:\Users\zero6575\AppData\Local\Temp\ccaV7qZB.s:5462   .debug_str:00000000000052fb .LASF738
C:\Users\zero6575\AppData\Local\Temp\ccaV7qZB.s:4508   .debug_str:0000000000001bf4 .LASF739
C:\Users\zero6575\AppData\Local\Temp\ccaV7qZB.s:4238   .debug_str:0000000000000b3c .LASF740
C:\Users\zero6575\AppData\Local\Temp\ccaV7qZB.s:4070   .debug_str:0000000000000215 .LASF741
C:\Users\zero6575\AppData\Local\Temp\ccaV7qZB.s:5234   .debug_str:000000000000453b .LASF742
C:\Users\zero6575\AppData\Local\Temp\ccaV7qZB.s:4160   .debug_str:0000000000000795 .LASF743
C:\Users\zero6575\AppData\Local\Temp\ccaV7qZB.s:4624   .debug_str:00000000000022e9 .LASF744
C:\Users\zero6575\AppData\Local\Temp\ccaV7qZB.s:5030   .debug_str:0000000000003ad8 .LASF745
C:\Users\zero6575\AppData\Local\Temp\ccaV7qZB.s:4250   .debug_str:0000000000000bdb .LASF746
C:\Users\zero6575\AppData\Local\Temp\ccaV7qZB.s:5456   .debug_str:00000000000052a7 .LASF747
C:\Users\zero6575\AppData\Local\Temp\ccaV7qZB.s:5288   .debug_str:0000000000004824 .LASF748
C:\Users\zero6575\AppData\Local\Temp\ccaV7qZB.s:4192   .debug_str:0000000000000921 .LASF749
C:\Users\zero6575\AppData\Local\Temp\ccaV7qZB.s:4760   .debug_str:0000000000002997 .LASF750
C:\Users\zero6575\AppData\Local\Temp\ccaV7qZB.s:4544   .debug_str:0000000000001e29 .LASF751
C:\Users\zero6575\AppData\Local\Temp\ccaV7qZB.s:4412   .debug_str:000000000000162e .LASF752
C:\Users\zero6575\AppData\Local\Temp\ccaV7qZB.s:5012   .debug_str:0000000000003a17 .LASF753
C:\Users\zero6575\AppData\Local\Temp\ccaV7qZB.s:5114   .debug_str:0000000000003f56 .LASF754
C:\Users\zero6575\AppData\Local\Temp\ccaV7qZB.s:4840   .debug_str:0000000000002e61 .LASF755
C:\Users\zero6575\AppData\Local\Temp\ccaV7qZB.s:4720   .debug_str:0000000000002796 .LASF756
C:\Users\zero6575\AppData\Local\Temp\ccaV7qZB.s:4452   .debug_str:00000000000018e1 .LASF757
C:\Users\zero6575\AppData\Local\Temp\ccaV7qZB.s:5520   .debug_str:00000000000055e0 .LASF758
C:\Users\zero6575\AppData\Local\Temp\ccaV7qZB.s:4816   .debug_str:0000000000002c54 .LASF759
C:\Users\zero6575\AppData\Local\Temp\ccaV7qZB.s:4896   .debug_str:00000000000034ec .LASF760
C:\Users\zero6575\AppData\Local\Temp\ccaV7qZB.s:4100   .debug_str:000000000000037a .LASF761
C:\Users\zero6575\AppData\Local\Temp\ccaV7qZB.s:4644   .debug_str:00000000000023f3 .LASF762
C:\Users\zero6575\AppData\Local\Temp\ccaV7qZB.s:5266   .debug_str:00000000000046da .LASF763
C:\Users\zero6575\AppData\Local\Temp\ccaV7qZB.s:4314   .debug_str:0000000000000f9b .LASF764
C:\Users\zero6575\AppData\Local\Temp\ccaV7qZB.s:4096   .debug_str:0000000000000356 .LASF765
C:\Users\zero6575\AppData\Local\Temp\ccaV7qZB.s:4634   .debug_str:0000000000002384 .LASF766
C:\Users\zero6575\AppData\Local\Temp\ccaV7qZB.s:5630   .debug_str:0000000000005c22 .LASF767
C:\Users\zero6575\AppData\Local\Temp\ccaV7qZB.s:4062   .debug_str:00000000000001b2 .LASF768
C:\Users\zero6575\AppData\Local\Temp\ccaV7qZB.s:5518   .debug_str:00000000000055da .LASF769
C:\Users\zero6575\AppData\Local\Temp\ccaV7qZB.s:4774   .debug_str:0000000000002a57 .LASF770
C:\Users\zero6575\AppData\Local\Temp\ccaV7qZB.s:5590   .debug_str:0000000000005961 .LASF771
C:\Users\zero6575\AppData\Local\Temp\ccaV7qZB.s:4620   .debug_str:000000000000229f .LASF772
C:\Users\zero6575\AppData\Local\Temp\ccaV7qZB.s:4072   .debug_str:000000000000021c .LASF773
C:\Users\zero6575\AppData\Local\Temp\ccaV7qZB.s:4174   .debug_str:0000000000000826 .LASF774
C:\Users\zero6575\AppData\Local\Temp\ccaV7qZB.s:5142   .debug_str:00000000000040f8 .LASF775
C:\Users\zero6575\AppData\Local\Temp\ccaV7qZB.s:4514   .debug_str:0000000000001c20 .LASF776
C:\Users\zero6575\AppData\Local\Temp\ccaV7qZB.s:5006   .debug_str:00000000000039d6 .LASF777
C:\Users\zero6575\AppData\Local\Temp\ccaV7qZB.s:4258   .debug_str:0000000000000c1a .LASF778
C:\Users\zero6575\AppData\Local\Temp\ccaV7qZB.s:5230   .debug_str:0000000000004520 .LASF779
C:\Users\zero6575\AppData\Local\Temp\ccaV7qZB.s:4642   .debug_str:00000000000023eb .LASF780
C:\Users\zero6575\AppData\Local\Temp\ccaV7qZB.s:5554   .debug_str:00000000000057aa .LASF781
C:\Users\zero6575\AppData\Local\Temp\ccaV7qZB.s:5020   .debug_str:0000000000003a81 .LASF782
C:\Users\zero6575\AppData\Local\Temp\ccaV7qZB.s:4722   .debug_str:00000000000027a1 .LASF783
C:\Users\zero6575\AppData\Local\Temp\ccaV7qZB.s:4502   .debug_str:0000000000001bc2 .LASF784
C:\Users\zero6575\AppData\Local\Temp\ccaV7qZB.s:5256   .debug_str:0000000000004658 .LASF785
C:\Users\zero6575\AppData\Local\Temp\ccaV7qZB.s:4918   .debug_str:00000000000035bd .LASF786
C:\Users\zero6575\AppData\Local\Temp\ccaV7qZB.s:4676   .debug_str:0000000000002578 .LASF787
C:\Users\zero6575\AppData\Local\Temp\ccaV7qZB.s:4650   .debug_str:0000000000002430 .LASF788
C:\Users\zero6575\AppData\Local\Temp\ccaV7qZB.s:5210   .debug_str:0000000000004428 .LASF789
C:\Users\zero6575\AppData\Local\Temp\ccaV7qZB.s:5132   .debug_str:0000000000004088 .LASF790
C:\Users\zero6575\AppData\Local\Temp\ccaV7qZB.s:4204   .debug_str:0000000000000983 .LASF791
C:\Users\zero6575\AppData\Local\Temp\ccaV7qZB.s:5584   .debug_str:0000000000005930 .LASF792
C:\Users\zero6575\AppData\Local\Temp\ccaV7qZB.s:5026   .debug_str:0000000000003ab6 .LASF793
C:\Users\zero6575\AppData\Local\Temp\ccaV7qZB.s:5184   .debug_str:00000000000042e1 .LASF794
C:\Users\zero6575\AppData\Local\Temp\ccaV7qZB.s:5508   .debug_str:0000000000005555 .LASF795
C:\Users\zero6575\AppData\Local\Temp\ccaV7qZB.s:5546   .debug_str:0000000000005733 .LASF796
C:\Users\zero6575\AppData\Local\Temp\ccaV7qZB.s:4292   .debug_str:0000000000000e63 .LASF797
C:\Users\zero6575\AppData\Local\Temp\ccaV7qZB.s:4696   .debug_str:000000000000266b .LASF798
C:\Users\zero6575\AppData\Local\Temp\ccaV7qZB.s:4912   .debug_str:000000000000358f .LASF799
C:\Users\zero6575\AppData\Local\Temp\ccaV7qZB.s:4364   .debug_str:00000000000012cb .LASF800
C:\Users\zero6575\AppData\Local\Temp\ccaV7qZB.s:5242   .debug_str:00000000000045d9 .LASF801
C:\Users\zero6575\AppData\Local\Temp\ccaV7qZB.s:5352   .debug_str:0000000000004c19 .LASF802
C:\Users\zero6575\AppData\Local\Temp\ccaV7qZB.s:5016   .debug_str:0000000000003a59 .LASF803
C:\Users\zero6575\AppData\Local\Temp\ccaV7qZB.s:5166   .debug_str:0000000000004219 .LASF804
C:\Users\zero6575\AppData\Local\Temp\ccaV7qZB.s:4152   .debug_str:0000000000000727 .LASF805
C:\Users\zero6575\AppData\Local\Temp\ccaV7qZB.s:4188   .debug_str:0000000000000903 .LASF806
C:\Users\zero6575\AppData\Local\Temp\ccaV7qZB.s:4284   .debug_str:0000000000000e26 .LASF807
C:\Users\zero6575\AppData\Local\Temp\ccaV7qZB.s:5246   .debug_str:00000000000045ff .LASF808
C:\Users\zero6575\AppData\Local\Temp\ccaV7qZB.s:5610   .debug_str:0000000000005abc .LASF809
C:\Users\zero6575\AppData\Local\Temp\ccaV7qZB.s:4986   .debug_str:000000000000391d .LASF810
C:\Users\zero6575\AppData\Local\Temp\ccaV7qZB.s:4138   .debug_str:000000000000067b .LASF811
C:\Users\zero6575\AppData\Local\Temp\ccaV7qZB.s:4052   .debug_str:0000000000000149 .LASF822
C:\Users\zero6575\AppData\Local\Temp\ccaV7qZB.s:4390   .debug_str:00000000000014f5 .LASF812
C:\Users\zero6575\AppData\Local\Temp\ccaV7qZB.s:4942   .debug_str:00000000000036ab .LASF813
C:\Users\zero6575\AppData\Local\Temp\ccaV7qZB.s:4752   .debug_str:0000000000002951 .LASF814
C:\Users\zero6575\AppData\Local\Temp\ccaV7qZB.s:4288   .debug_str:0000000000000e3d .LASF815
C:\Users\zero6575\AppData\Local\Temp\ccaV7qZB.s:4466   .debug_str:00000000000019d3 .LASF816
C:\Users\zero6575\AppData\Local\Temp\ccaV7qZB.s:4114   .debug_str:0000000000000455 .LASF817
C:\Users\zero6575\AppData\Local\Temp\ccaV7qZB.s:5400   .debug_str:0000000000004f2e .LASF818
C:\Users\zero6575\AppData\Local\Temp\ccaV7qZB.s:16     .debug_info:0000000000000000 .Ldebug_info0
C:\Users\zero6575\AppData\Local\Temp\ccaV7qZB.s:1809   .debug_macro:0000000000000000 .Ldebug_macro2
C:\Users\zero6575\AppData\Local\Temp\ccaV7qZB.s:2840   .debug_macro:0000000000000000 .Ldebug_macro3
C:\Users\zero6575\AppData\Local\Temp\ccaV7qZB.s:5354   .debug_str:0000000000004c26 .LASF347
C:\Users\zero6575\AppData\Local\Temp\ccaV7qZB.s:4936   .debug_str:0000000000003666 .LASF348
C:\Users\zero6575\AppData\Local\Temp\ccaV7qZB.s:4244   .debug_str:0000000000000b7b .LASF349
C:\Users\zero6575\AppData\Local\Temp\ccaV7qZB.s:2860   .debug_macro:0000000000000000 .Ldebug_macro4
C:\Users\zero6575\AppData\Local\Temp\ccaV7qZB.s:2880   .debug_macro:0000000000000000 .Ldebug_macro5
C:\Users\zero6575\AppData\Local\Temp\ccaV7qZB.s:4890   .debug_str:00000000000034a4 .LASF364
C:\Users\zero6575\AppData\Local\Temp\ccaV7qZB.s:2912   .debug_macro:0000000000000000 .Ldebug_macro6
C:\Users\zero6575\AppData\Local\Temp\ccaV7qZB.s:2926   .debug_macro:0000000000000000 .Ldebug_macro7
C:\Users\zero6575\AppData\Local\Temp\ccaV7qZB.s:2994   .debug_macro:0000000000000000 .Ldebug_macro8
C:\Users\zero6575\AppData\Local\Temp\ccaV7qZB.s:3023   .debug_macro:0000000000000000 .Ldebug_macro9
C:\Users\zero6575\AppData\Local\Temp\ccaV7qZB.s:4966   .debug_str:00000000000037c4 .LASF405
C:\Users\zero6575\AppData\Local\Temp\ccaV7qZB.s:3052   .debug_macro:0000000000000000 .Ldebug_macro10
C:\Users\zero6575\AppData\Local\Temp\ccaV7qZB.s:3216   .debug_macro:0000000000000000 .Ldebug_macro11
C:\Users\zero6575\AppData\Local\Temp\ccaV7qZB.s:3230   .debug_macro:0000000000000000 .Ldebug_macro12
C:\Users\zero6575\AppData\Local\Temp\ccaV7qZB.s:5482   .debug_str:0000000000005403 .LASF464
C:\Users\zero6575\AppData\Local\Temp\ccaV7qZB.s:3262   .debug_macro:0000000000000000 .Ldebug_macro13
C:\Users\zero6575\AppData\Local\Temp\ccaV7qZB.s:3306   .debug_macro:0000000000000000 .Ldebug_macro14
C:\Users\zero6575\AppData\Local\Temp\ccaV7qZB.s:3332   .debug_macro:0000000000000000 .Ldebug_macro15
C:\Users\zero6575\AppData\Local\Temp\ccaV7qZB.s:3343   .debug_macro:0000000000000000 .Ldebug_macro16
C:\Users\zero6575\AppData\Local\Temp\ccaV7qZB.s:3387   .debug_macro:0000000000000000 .Ldebug_macro17
C:\Users\zero6575\AppData\Local\Temp\ccaV7qZB.s:5488   .debug_str:000000000000544d .LASF558
C:\Users\zero6575\AppData\Local\Temp\ccaV7qZB.s:3566   .debug_macro:0000000000000000 .Ldebug_macro18
C:\Users\zero6575\AppData\Local\Temp\ccaV7qZB.s:3934   .debug_macro:0000000000000000 .Ldebug_macro19
C:\Users\zero6575\AppData\Local\Temp\ccaV7qZB.s:3945   .debug_macro:0000000000000000 .Ldebug_macro20
C:\Users\zero6575\AppData\Local\Temp\ccaV7qZB.s:4326   .debug_str:0000000000001040 .LASF681
C:\Users\zero6575\AppData\Local\Temp\ccaV7qZB.s:4384   .debug_str:000000000000148f .LASF682
C:\Users\zero6575\AppData\Local\Temp\ccaV7qZB.s:5566   .debug_str:0000000000005856 .LASF683
C:\Users\zero6575\AppData\Local\Temp\ccaV7qZB.s:5310   .debug_str:000000000000498a .LASF684
C:\Users\zero6575\AppData\Local\Temp\ccaV7qZB.s:3971   .debug_macro:0000000000000000 .Ldebug_macro21
C:\Users\zero6575\AppData\Local\Temp\ccaV7qZB.s:4490   .debug_str:0000000000001af6 .LASF686
C:\Users\zero6575\AppData\Local\Temp\ccaV7qZB.s:3985   .debug_macro:0000000000000000 .Ldebug_macro22
C:\Users\zero6575\AppData\Local\Temp\ccaV7qZB.s:3999   .debug_macro:0000000000000000 .Ldebug_macro23
C:\Users\zero6575\AppData\Local\Temp\ccaV7qZB.s:5464   .debug_str:0000000000005300 .LASF0
C:\Users\zero6575\AppData\Local\Temp\ccaV7qZB.s:4654   .debug_str:0000000000002445 .LASF1
C:\Users\zero6575\AppData\Local\Temp\ccaV7qZB.s:4132   .debug_str:0000000000000644 .LASF2
C:\Users\zero6575\AppData\Local\Temp\ccaV7qZB.s:4432   .debug_str:0000000000001784 .LASF3
C:\Users\zero6575\AppData\Local\Temp\ccaV7qZB.s:4158   .debug_str:0000000000000783 .LASF4
C:\Users\zero6575\AppData\Local\Temp\ccaV7qZB.s:4706   .debug_str:00000000000026f2 .LASF5
C:\Users\zero6575\AppData\Local\Temp\ccaV7qZB.s:5292   .debug_str:0000000000004851 .LASF6
C:\Users\zero6575\AppData\Local\Temp\ccaV7qZB.s:4402   .debug_str:0000000000001597 .LASF7
C:\Users\zero6575\AppData\Local\Temp\ccaV7qZB.s:5516   .debug_str:00000000000055c6 .LASF8
C:\Users\zero6575\AppData\Local\Temp\ccaV7qZB.s:5382   .debug_str:0000000000004dbe .LASF9
C:\Users\zero6575\AppData\Local\Temp\ccaV7qZB.s:4448   .debug_str:00000000000018b4 .LASF10
C:\Users\zero6575\AppData\Local\Temp\ccaV7qZB.s:4664   .debug_str:00000000000024fc .LASF11
C:\Users\zero6575\AppData\Local\Temp\ccaV7qZB.s:4778   .debug_str:0000000000002a8a .LASF12
C:\Users\zero6575\AppData\Local\Temp\ccaV7qZB.s:5644   .debug_str:0000000000005d3a .LASF13
C:\Users\zero6575\AppData\Local\Temp\ccaV7qZB.s:4082   .debug_str:0000000000000295 .LASF14
C:\Users\zero6575\AppData\Local\Temp\ccaV7qZB.s:4802   .debug_str:0000000000002bbf .LASF15
C:\Users\zero6575\AppData\Local\Temp\ccaV7qZB.s:4904   .debug_str:0000000000003553 .LASF16
C:\Users\zero6575\AppData\Local\Temp\ccaV7qZB.s:4068   .debug_str:000000000000020a .LASF17
C:\Users\zero6575\AppData\Local\Temp\ccaV7qZB.s:5530   .debug_str:0000000000005678 .LASF18
C:\Users\zero6575\AppData\Local\Temp\ccaV7qZB.s:4352   .debug_str:000000000000122b .LASF19
C:\Users\zero6575\AppData\Local\Temp\ccaV7qZB.s:4094   .debug_str:000000000000033f .LASF20
C:\Users\zero6575\AppData\Local\Temp\ccaV7qZB.s:4476   .debug_str:0000000000001a3b .LASF21
C:\Users\zero6575\AppData\Local\Temp\ccaV7qZB.s:5402   .debug_str:0000000000004f38 .LASF22
C:\Users\zero6575\AppData\Local\Temp\ccaV7qZB.s:4356   .debug_str:000000000000126d .LASF23
C:\Users\zero6575\AppData\Local\Temp\ccaV7qZB.s:5496   .debug_str:0000000000005499 .LASF24
C:\Users\zero6575\AppData\Local\Temp\ccaV7qZB.s:5340   .debug_str:0000000000004b69 .LASF25
C:\Users\zero6575\AppData\Local\Temp\ccaV7qZB.s:4906   .debug_str:000000000000355b .LASF26
C:\Users\zero6575\AppData\Local\Temp\ccaV7qZB.s:4518   .debug_str:0000000000001c36 .LASF27
C:\Users\zero6575\AppData\Local\Temp\ccaV7qZB.s:5174   .debug_str:0000000000004271 .LASF28
C:\Users\zero6575\AppData\Local\Temp\ccaV7qZB.s:4214   .debug_str:00000000000009e4 .LASF29
C:\Users\zero6575\AppData\Local\Temp\ccaV7qZB.s:5024   .debug_str:0000000000003a9c .LASF30
C:\Users\zero6575\AppData\Local\Temp\ccaV7qZB.s:4928   .debug_str:00000000000035fa .LASF31
C:\Users\zero6575\AppData\Local\Temp\ccaV7qZB.s:5008   .debug_str:00000000000039dc .LASF32
C:\Users\zero6575\AppData\Local\Temp\ccaV7qZB.s:5538   .debug_str:00000000000056c1 .LASF33
C:\Users\zero6575\AppData\Local\Temp\ccaV7qZB.s:4134   .debug_str:0000000000000656 .LASF34
C:\Users\zero6575\AppData\Local\Temp\ccaV7qZB.s:5502   .debug_str:00000000000054d9 .LASF35
C:\Users\zero6575\AppData\Local\Temp\ccaV7qZB.s:4932   .debug_str:0000000000003630 .LASF36
C:\Users\zero6575\AppData\Local\Temp\ccaV7qZB.s:4938   .debug_str:0000000000003674 .LASF37
C:\Users\zero6575\AppData\Local\Temp\ccaV7qZB.s:4586   .debug_str:00000000000020c7 .LASF38
C:\Users\zero6575\AppData\Local\Temp\ccaV7qZB.s:4900   .debug_str:000000000000351e .LASF39
C:\Users\zero6575\AppData\Local\Temp\ccaV7qZB.s:5216   .debug_str:0000000000004462 .LASF40
C:\Users\zero6575\AppData\Local\Temp\ccaV7qZB.s:4848   .debug_str:0000000000002eb0 .LASF41
C:\Users\zero6575\AppData\Local\Temp\ccaV7qZB.s:4748   .debug_str:0000000000002902 .LASF42
C:\Users\zero6575\AppData\Local\Temp\ccaV7qZB.s:4120   .debug_str:000000000000048f .LASF43
C:\Users\zero6575\AppData\Local\Temp\ccaV7qZB.s:4146   .debug_str:00000000000006c6 .LASF44
C:\Users\zero6575\AppData\Local\Temp\ccaV7qZB.s:5130   .debug_str:0000000000004075 .LASF45
C:\Users\zero6575\AppData\Local\Temp\ccaV7qZB.s:5170   .debug_str:0000000000004241 .LASF46
C:\Users\zero6575\AppData\Local\Temp\ccaV7qZB.s:5624   .debug_str:0000000000005bdb .LASF47
C:\Users\zero6575\AppData\Local\Temp\ccaV7qZB.s:4708   .debug_str:00000000000026fd .LASF48
C:\Users\zero6575\AppData\Local\Temp\ccaV7qZB.s:4040   .debug_str:00000000000000a7 .LASF49
C:\Users\zero6575\AppData\Local\Temp\ccaV7qZB.s:5480   .debug_str:00000000000053e1 .LASF50
C:\Users\zero6575\AppData\Local\Temp\ccaV7qZB.s:4312   .debug_str:0000000000000f7b .LASF51
C:\Users\zero6575\AppData\Local\Temp\ccaV7qZB.s:5582   .debug_str:0000000000005911 .LASF52
C:\Users\zero6575\AppData\Local\Temp\ccaV7qZB.s:5420   .debug_str:0000000000004fd2 .LASF53
C:\Users\zero6575\AppData\Local\Temp\ccaV7qZB.s:4648   .debug_str:0000000000002412 .LASF54
C:\Users\zero6575\AppData\Local\Temp\ccaV7qZB.s:4280   .debug_str:0000000000000db6 .LASF55
C:\Users\zero6575\AppData\Local\Temp\ccaV7qZB.s:5212   .debug_str:0000000000004430 .LASF56
C:\Users\zero6575\AppData\Local\Temp\ccaV7qZB.s:4944   .debug_str:00000000000036bc .LASF57
C:\Users\zero6575\AppData\Local\Temp\ccaV7qZB.s:5272   .debug_str:000000000000471f .LASF58
C:\Users\zero6575\AppData\Local\Temp\ccaV7qZB.s:4302   .debug_str:0000000000000eec .LASF59
C:\Users\zero6575\AppData\Local\Temp\ccaV7qZB.s:5206   .debug_str:00000000000043f8 .LASF60
C:\Users\zero6575\AppData\Local\Temp\ccaV7qZB.s:4786   .debug_str:0000000000002ae1 .LASF61
C:\Users\zero6575\AppData\Local\Temp\ccaV7qZB.s:4506   .debug_str:0000000000001bd7 .LASF62
C:\Users\zero6575\AppData\Local\Temp\ccaV7qZB.s:4734   .debug_str:000000000000282e .LASF63
C:\Users\zero6575\AppData\Local\Temp\ccaV7qZB.s:5556   .debug_str:00000000000057b0 .LASF64
C:\Users\zero6575\AppData\Local\Temp\ccaV7qZB.s:4428   .debug_str:0000000000001751 .LASF65
C:\Users\zero6575\AppData\Local\Temp\ccaV7qZB.s:4310   .debug_str:0000000000000f54 .LASF66
C:\Users\zero6575\AppData\Local\Temp\ccaV7qZB.s:5202   .debug_str:00000000000043d3 .LASF67
C:\Users\zero6575\AppData\Local\Temp\ccaV7qZB.s:4934   .debug_str:0000000000003643 .LASF68
C:\Users\zero6575\AppData\Local\Temp\ccaV7qZB.s:4672   .debug_str:0000000000002545 .LASF69
C:\Users\zero6575\AppData\Local\Temp\ccaV7qZB.s:4570   .debug_str:0000000000001fd1 .LASF70
C:\Users\zero6575\AppData\Local\Temp\ccaV7qZB.s:4556   .debug_str:0000000000001ebd .LASF71
C:\Users\zero6575\AppData\Local\Temp\ccaV7qZB.s:4972   .debug_str:0000000000003820 .LASF72
C:\Users\zero6575\AppData\Local\Temp\ccaV7qZB.s:5192   .debug_str:0000000000004378 .LASF73
C:\Users\zero6575\AppData\Local\Temp\ccaV7qZB.s:5674   .debug_str:0000000000005edd .LASF74
C:\Users\zero6575\AppData\Local\Temp\ccaV7qZB.s:5526   .debug_str:0000000000005637 .LASF75
C:\Users\zero6575\AppData\Local\Temp\ccaV7qZB.s:5100   .debug_str:0000000000003e52 .LASF76
C:\Users\zero6575\AppData\Local\Temp\ccaV7qZB.s:5286   .debug_str:000000000000480b .LASF77
C:\Users\zero6575\AppData\Local\Temp\ccaV7qZB.s:4588   .debug_str:00000000000020e0 .LASF78
C:\Users\zero6575\AppData\Local\Temp\ccaV7qZB.s:5196   .debug_str:000000000000439d .LASF79
C:\Users\zero6575\AppData\Local\Temp\ccaV7qZB.s:5568   .debug_str:0000000000005865 .LASF80
C:\Users\zero6575\AppData\Local\Temp\ccaV7qZB.s:5542   .debug_str:00000000000056ea .LASF81
C:\Users\zero6575\AppData\Local\Temp\ccaV7qZB.s:4994   .debug_str:0000000000003965 .LASF82
C:\Users\zero6575\AppData\Local\Temp\ccaV7qZB.s:4242   .debug_str:0000000000000b69 .LASF83
C:\Users\zero6575\AppData\Local\Temp\ccaV7qZB.s:5022   .debug_str:0000000000003a8a .LASF84
C:\Users\zero6575\AppData\Local\Temp\ccaV7qZB.s:5436   .debug_str:000000000000516d .LASF85
C:\Users\zero6575\AppData\Local\Temp\ccaV7qZB.s:4984   .debug_str:000000000000390b .LASF86
C:\Users\zero6575\AppData\Local\Temp\ccaV7qZB.s:4866   .debug_str:0000000000003224 .LASF87
C:\Users\zero6575\AppData\Local\Temp\ccaV7qZB.s:5628   .debug_str:0000000000005c0f .LASF88
C:\Users\zero6575\AppData\Local\Temp\ccaV7qZB.s:4902   .debug_str:0000000000003541 .LASF89
C:\Users\zero6575\AppData\Local\Temp\ccaV7qZB.s:4460   .debug_str:0000000000001970 .LASF90
C:\Users\zero6575\AppData\Local\Temp\ccaV7qZB.s:4060   .debug_str:00000000000001a0 .LASF91
C:\Users\zero6575\AppData\Local\Temp\ccaV7qZB.s:4796   .debug_str:0000000000002b58 .LASF92
C:\Users\zero6575\AppData\Local\Temp\ccaV7qZB.s:4472   .debug_str:0000000000001a0f .LASF93
C:\Users\zero6575\AppData\Local\Temp\ccaV7qZB.s:4810   .debug_str:0000000000002c02 .LASF94
C:\Users\zero6575\AppData\Local\Temp\ccaV7qZB.s:4492   .debug_str:0000000000001b06 .LASF95
C:\Users\zero6575\AppData\Local\Temp\ccaV7qZB.s:4110   .debug_str:0000000000000432 .LASF96
C:\Users\zero6575\AppData\Local\Temp\ccaV7qZB.s:5392   .debug_str:0000000000004e37 .LASF97
C:\Users\zero6575\AppData\Local\Temp\ccaV7qZB.s:4608   .debug_str:00000000000021cd .LASF98
C:\Users\zero6575\AppData\Local\Temp\ccaV7qZB.s:5446   .debug_str:0000000000005211 .LASF99
C:\Users\zero6575\AppData\Local\Temp\ccaV7qZB.s:4690   .debug_str:0000000000002629 .LASF100
C:\Users\zero6575\AppData\Local\Temp\ccaV7qZB.s:5428   .debug_str:00000000000050b3 .LASF101
C:\Users\zero6575\AppData\Local\Temp\ccaV7qZB.s:5060   .debug_str:0000000000003c1b .LASF102
C:\Users\zero6575\AppData\Local\Temp\ccaV7qZB.s:4180   .debug_str:0000000000000850 .LASF103
C:\Users\zero6575\AppData\Local\Temp\ccaV7qZB.s:4534   .debug_str:0000000000001da1 .LASF104
C:\Users\zero6575\AppData\Local\Temp\ccaV7qZB.s:5678   .debug_str:0000000000005f1e .LASF105
C:\Users\zero6575\AppData\Local\Temp\ccaV7qZB.s:4044   .debug_str:00000000000000e5 .LASF106
C:\Users\zero6575\AppData\Local\Temp\ccaV7qZB.s:5348   .debug_str:0000000000004bec .LASF107
C:\Users\zero6575\AppData\Local\Temp\ccaV7qZB.s:4658   .debug_str:00000000000024ab .LASF108
C:\Users\zero6575\AppData\Local\Temp\ccaV7qZB.s:5116   .debug_str:0000000000003f5b .LASF109
C:\Users\zero6575\AppData\Local\Temp\ccaV7qZB.s:5578   .debug_str:00000000000058de .LASF110
C:\Users\zero6575\AppData\Local\Temp\ccaV7qZB.s:4558   .debug_str:0000000000001ed4 .LASF111
C:\Users\zero6575\AppData\Local\Temp\ccaV7qZB.s:5632   .debug_str:0000000000005c2a .LASF112
C:\Users\zero6575\AppData\Local\Temp\ccaV7qZB.s:4628   .debug_str:00000000000022fb .LASF113
C:\Users\zero6575\AppData\Local\Temp\ccaV7qZB.s:4826   .debug_str:0000000000002cdf .LASF114
C:\Users\zero6575\AppData\Local\Temp\ccaV7qZB.s:4930   .debug_str:0000000000003621 .LASF115
C:\Users\zero6575\AppData\Local\Temp\ccaV7qZB.s:4358   .debug_str:0000000000001281 .LASF116
C:\Users\zero6575\AppData\Local\Temp\ccaV7qZB.s:5248   .debug_str:000000000000460e .LASF117
C:\Users\zero6575\AppData\Local\Temp\ccaV7qZB.s:4482   .debug_str:0000000000001a6a .LASF118
C:\Users\zero6575\AppData\Local\Temp\ccaV7qZB.s:4682   .debug_str:00000000000025cc .LASF119
C:\Users\zero6575\AppData\Local\Temp\ccaV7qZB.s:5244   .debug_str:00000000000045e6 .LASF120
C:\Users\zero6575\AppData\Local\Temp\ccaV7qZB.s:4144   .debug_str:00000000000006b7 .LASF121
C:\Users\zero6575\AppData\Local\Temp\ccaV7qZB.s:4410   .debug_str:0000000000001612 .LASF122
C:\Users\zero6575\AppData\Local\Temp\ccaV7qZB.s:5364   .debug_str:0000000000004cab .LASF123
C:\Users\zero6575\AppData\Local\Temp\ccaV7qZB.s:5612   .debug_str:0000000000005acd .LASF124
C:\Users\zero6575\AppData\Local\Temp\ccaV7qZB.s:4468   .debug_str:00000000000019e6 .LASF125
C:\Users\zero6575\AppData\Local\Temp\ccaV7qZB.s:5676   .debug_str:0000000000005ef4 .LASF126
C:\Users\zero6575\AppData\Local\Temp\ccaV7qZB.s:5068   .debug_str:0000000000003ce3 .LASF127
C:\Users\zero6575\AppData\Local\Temp\ccaV7qZB.s:5474   .debug_str:000000000000539f .LASF128
C:\Users\zero6575\AppData\Local\Temp\ccaV7qZB.s:4976   .debug_str:000000000000385b .LASF129
C:\Users\zero6575\AppData\Local\Temp\ccaV7qZB.s:5226   .debug_str:00000000000044ee .LASF130
C:\Users\zero6575\AppData\Local\Temp\ccaV7qZB.s:4246   .debug_str:0000000000000b8a .LASF131
C:\Users\zero6575\AppData\Local\Temp\ccaV7qZB.s:4446   .debug_str:0000000000001896 .LASF132
C:\Users\zero6575\AppData\Local\Temp\ccaV7qZB.s:4422   .debug_str:0000000000001700 .LASF133
C:\Users\zero6575\AppData\Local\Temp\ccaV7qZB.s:4776   .debug_str:0000000000002a63 .LASF134
C:\Users\zero6575\AppData\Local\Temp\ccaV7qZB.s:4200   .debug_str:0000000000000959 .LASF135
C:\Users\zero6575\AppData\Local\Temp\ccaV7qZB.s:4228   .debug_str:0000000000000ad7 .LASF136
C:\Users\zero6575\AppData\Local\Temp\ccaV7qZB.s:4254   .debug_str:0000000000000bec .LASF137
C:\Users\zero6575\AppData\Local\Temp\ccaV7qZB.s:4346   .debug_str:00000000000011ee .LASF138
C:\Users\zero6575\AppData\Local\Temp\ccaV7qZB.s:4342   .debug_str:00000000000011a2 .LASF139
C:\Users\zero6575\AppData\Local\Temp\ccaV7qZB.s:5222   .debug_str:00000000000044a7 .LASF140
C:\Users\zero6575\AppData\Local\Temp\ccaV7qZB.s:5646   .debug_str:0000000000005d4d .LASF141
C:\Users\zero6575\AppData\Local\Temp\ccaV7qZB.s:5544   .debug_str:000000000000570e .LASF142
C:\Users\zero6575\AppData\Local\Temp\ccaV7qZB.s:4990   .debug_str:0000000000003947 .LASF143
C:\Users\zero6575\AppData\Local\Temp\ccaV7qZB.s:4702   .debug_str:00000000000026af .LASF144
C:\Users\zero6575\AppData\Local\Temp\ccaV7qZB.s:4968   .debug_str:00000000000037d3 .LASF145
C:\Users\zero6575\AppData\Local\Temp\ccaV7qZB.s:4726   .debug_str:00000000000027b3 .LASF146
C:\Users\zero6575\AppData\Local\Temp\ccaV7qZB.s:4630   .debug_str:0000000000002314 .LASF147
C:\Users\zero6575\AppData\Local\Temp\ccaV7qZB.s:4844   .debug_str:0000000000002e76 .LASF148
C:\Users\zero6575\AppData\Local\Temp\ccaV7qZB.s:4782   .debug_str:0000000000002ab5 .LASF149
C:\Users\zero6575\AppData\Local\Temp\ccaV7qZB.s:4960   .debug_str:0000000000003797 .LASF150
C:\Users\zero6575\AppData\Local\Temp\ccaV7qZB.s:4952   .debug_str:0000000000003711 .LASF151
C:\Users\zero6575\AppData\Local\Temp\ccaV7qZB.s:4380   .debug_str:0000000000001460 .LASF152
C:\Users\zero6575\AppData\Local\Temp\ccaV7qZB.s:4350   .debug_str:0000000000001217 .LASF153
C:\Users\zero6575\AppData\Local\Temp\ccaV7qZB.s:4438   .debug_str:00000000000017f4 .LASF154
C:\Users\zero6575\AppData\Local\Temp\ccaV7qZB.s:4382   .debug_str:0000000000001479 .LASF155
C:\Users\zero6575\AppData\Local\Temp\ccaV7qZB.s:4970   .debug_str:00000000000037e9 .LASF156
C:\Users\zero6575\AppData\Local\Temp\ccaV7qZB.s:5576   .debug_str:00000000000058a7 .LASF157
C:\Users\zero6575\AppData\Local\Temp\ccaV7qZB.s:4538   .debug_str:0000000000001dc9 .LASF158
C:\Users\zero6575\AppData\Local\Temp\ccaV7qZB.s:5078   .debug_str:0000000000003d3c .LASF159
C:\Users\zero6575\AppData\Local\Temp\ccaV7qZB.s:4118   .debug_str:000000000000047a .LASF160
C:\Users\zero6575\AppData\Local\Temp\ccaV7qZB.s:4684   .debug_str:00000000000025e5 .LASF161
C:\Users\zero6575\AppData\Local\Temp\ccaV7qZB.s:4400   .debug_str:000000000000157f .LASF162
C:\Users\zero6575\AppData\Local\Temp\ccaV7qZB.s:4220   .debug_str:0000000000000a3a .LASF163
C:\Users\zero6575\AppData\Local\Temp\ccaV7qZB.s:5330   .debug_str:0000000000004ad2 .LASF164
C:\Users\zero6575\AppData\Local\Temp\ccaV7qZB.s:5126   .debug_str:0000000000004053 .LASF165
C:\Users\zero6575\AppData\Local\Temp\ccaV7qZB.s:4212   .debug_str:00000000000009ca .LASF166
C:\Users\zero6575\AppData\Local\Temp\ccaV7qZB.s:4464   .debug_str:00000000000019be .LASF167
C:\Users\zero6575\AppData\Local\Temp\ccaV7qZB.s:4098   .debug_str:0000000000000363 .LASF168
C:\Users\zero6575\AppData\Local\Temp\ccaV7qZB.s:5410   .debug_str:0000000000004f90 .LASF169
C:\Users\zero6575\AppData\Local\Temp\ccaV7qZB.s:4622   .debug_str:00000000000022a7 .LASF170
C:\Users\zero6575\AppData\Local\Temp\ccaV7qZB.s:5276   .debug_str:0000000000004757 .LASF171
C:\Users\zero6575\AppData\Local\Temp\ccaV7qZB.s:5604   .debug_str:0000000000005a3a .LASF172
C:\Users\zero6575\AppData\Local\Temp\ccaV7qZB.s:5652   .debug_str:0000000000005d95 .LASF173
C:\Users\zero6575\AppData\Local\Temp\ccaV7qZB.s:4550   .debug_str:0000000000001e80 .LASF174
C:\Users\zero6575\AppData\Local\Temp\ccaV7qZB.s:5390   .debug_str:0000000000004e20 .LASF175
C:\Users\zero6575\AppData\Local\Temp\ccaV7qZB.s:5312   .debug_str:0000000000004996 .LASF176
C:\Users\zero6575\AppData\Local\Temp\ccaV7qZB.s:5086   .debug_str:0000000000003dba .LASF177
C:\Users\zero6575\AppData\Local\Temp\ccaV7qZB.s:5656   .debug_str:0000000000005e1f .LASF178
C:\Users\zero6575\AppData\Local\Temp\ccaV7qZB.s:4456   .debug_str:0000000000001908 .LASF179
C:\Users\zero6575\AppData\Local\Temp\ccaV7qZB.s:5296   .debug_str:000000000000488c .LASF180
C:\Users\zero6575\AppData\Local\Temp\ccaV7qZB.s:4474   .debug_str:0000000000001a24 .LASF181
C:\Users\zero6575\AppData\Local\Temp\ccaV7qZB.s:4362   .debug_str:00000000000012b2 .LASF182
C:\Users\zero6575\AppData\Local\Temp\ccaV7qZB.s:4156   .debug_str:0000000000000770 .LASF183
C:\Users\zero6575\AppData\Local\Temp\ccaV7qZB.s:4714   .debug_str:0000000000002745 .LASF184
C:\Users\zero6575\AppData\Local\Temp\ccaV7qZB.s:5014   .debug_str:0000000000003a1f .LASF185
C:\Users\zero6575\AppData\Local\Temp\ccaV7qZB.s:5552   .debug_str:0000000000005770 .LASF186
C:\Users\zero6575\AppData\Local\Temp\ccaV7qZB.s:5614   .debug_str:0000000000005aee .LASF187
C:\Users\zero6575\AppData\Local\Temp\ccaV7qZB.s:4332   .debug_str:0000000000001069 .LASF188
C:\Users\zero6575\AppData\Local\Temp\ccaV7qZB.s:5154   .debug_str:000000000000416b .LASF189
C:\Users\zero6575\AppData\Local\Temp\ccaV7qZB.s:4594   .debug_str:0000000000002145 .LASF190
C:\Users\zero6575\AppData\Local\Temp\ccaV7qZB.s:4272   .debug_str:0000000000000d59 .LASF191
C:\Users\zero6575\AppData\Local\Temp\ccaV7qZB.s:4758   .debug_str:0000000000002981 .LASF192
C:\Users\zero6575\AppData\Local\Temp\ccaV7qZB.s:5140   .debug_str:00000000000040e8 .LASF193
C:\Users\zero6575\AppData\Local\Temp\ccaV7qZB.s:4186   .debug_str:00000000000008ea .LASF194
C:\Users\zero6575\AppData\Local\Temp\ccaV7qZB.s:4718   .debug_str:000000000000277b .LASF195
C:\Users\zero6575\AppData\Local\Temp\ccaV7qZB.s:4324   .debug_str:000000000000102a .LASF196
C:\Users\zero6575\AppData\Local\Temp\ccaV7qZB.s:4176   .debug_str:000000000000082d .LASF197
C:\Users\zero6575\AppData\Local\Temp\ccaV7qZB.s:4122   .debug_str:00000000000004a9 .LASF198
C:\Users\zero6575\AppData\Local\Temp\ccaV7qZB.s:5120   .debug_str:0000000000003fc6 .LASF199
C:\Users\zero6575\AppData\Local\Temp\ccaV7qZB.s:4172   .debug_str:00000000000007eb .LASF200
C:\Users\zero6575\AppData\Local\Temp\ccaV7qZB.s:4434   .debug_str:0000000000001796 .LASF201
C:\Users\zero6575\AppData\Local\Temp\ccaV7qZB.s:5064   .debug_str:0000000000003c43 .LASF202
C:\Users\zero6575\AppData\Local\Temp\ccaV7qZB.s:5476   .debug_str:00000000000053bc .LASF203
C:\Users\zero6575\AppData\Local\Temp\ccaV7qZB.s:5588   .debug_str:0000000000005948 .LASF204
C:\Users\zero6575\AppData\Local\Temp\ccaV7qZB.s:4590   .debug_str:0000000000002103 .LASF205
C:\Users\zero6575\AppData\Local\Temp\ccaV7qZB.s:5592   .debug_str:0000000000005969 .LASF206
C:\Users\zero6575\AppData\Local\Temp\ccaV7qZB.s:5572   .debug_str:000000000000587c .LASF207
C:\Users\zero6575\AppData\Local\Temp\ccaV7qZB.s:5366   .debug_str:0000000000004cbb .LASF208
C:\Users\zero6575\AppData\Local\Temp\ccaV7qZB.s:4194   .debug_str:0000000000000928 .LASF209
C:\Users\zero6575\AppData\Local\Temp\ccaV7qZB.s:4884   .debug_str:000000000000344f .LASF210
C:\Users\zero6575\AppData\Local\Temp\ccaV7qZB.s:4420   .debug_str:00000000000016e7 .LASF211
C:\Users\zero6575\AppData\Local\Temp\ccaV7qZB.s:4076   .debug_str:0000000000000249 .LASF212
C:\Users\zero6575\AppData\Local\Temp\ccaV7qZB.s:5512   .debug_str:000000000000557d .LASF213
C:\Users\zero6575\AppData\Local\Temp\ccaV7qZB.s:4800   .debug_str:0000000000002b83 .LASF214
C:\Users\zero6575\AppData\Local\Temp\ccaV7qZB.s:5344   .debug_str:0000000000004ba0 .LASF215
C:\Users\zero6575\AppData\Local\Temp\ccaV7qZB.s:5602   .debug_str:00000000000059f7 .LASF216
C:\Users\zero6575\AppData\Local\Temp\ccaV7qZB.s:4958   .debug_str:0000000000003780 .LASF217
C:\Users\zero6575\AppData\Local\Temp\ccaV7qZB.s:4054   .debug_str:0000000000000154 .LASF218
C:\Users\zero6575\AppData\Local\Temp\ccaV7qZB.s:4954   .debug_str:0000000000003728 .LASF219
C:\Users\zero6575\AppData\Local\Temp\ccaV7qZB.s:5442   .debug_str:00000000000051c9 .LASF220
C:\Users\zero6575\AppData\Local\Temp\ccaV7qZB.s:4736   .debug_str:000000000000284f .LASF221
C:\Users\zero6575\AppData\Local\Temp\ccaV7qZB.s:4308   .debug_str:0000000000000f38 .LASF222
C:\Users\zero6575\AppData\Local\Temp\ccaV7qZB.s:4032   .debug_str:000000000000004b .LASF223
C:\Users\zero6575\AppData\Local\Temp\ccaV7qZB.s:4560   .debug_str:0000000000001eef .LASF224
C:\Users\zero6575\AppData\Local\Temp\ccaV7qZB.s:4988   .debug_str:000000000000392c .LASF225
C:\Users\zero6575\AppData\Local\Temp\ccaV7qZB.s:4552   .debug_str:0000000000001e95 .LASF226
C:\Users\zero6575\AppData\Local\Temp\ccaV7qZB.s:5504   .debug_str:00000000000054f3 .LASF227
C:\Users\zero6575\AppData\Local\Temp\ccaV7qZB.s:4496   .debug_str:0000000000001b3b .LASF228
C:\Users\zero6575\AppData\Local\Temp\ccaV7qZB.s:5304   .debug_str:000000000000492e .LASF229
C:\Users\zero6575\AppData\Local\Temp\ccaV7qZB.s:5322   .debug_str:0000000000004a11 .LASF230
C:\Users\zero6575\AppData\Local\Temp\ccaV7qZB.s:4820   .debug_str:0000000000002c83 .LASF231
C:\Users\zero6575\AppData\Local\Temp\ccaV7qZB.s:5168   .debug_str:0000000000004227 .LASF232
C:\Users\zero6575\AppData\Local\Temp\ccaV7qZB.s:4150   .debug_str:000000000000070c .LASF233
C:\Users\zero6575\AppData\Local\Temp\ccaV7qZB.s:5626   .debug_str:0000000000005bf8 .LASF234
C:\Users\zero6575\AppData\Local\Temp\ccaV7qZB.s:5218   .debug_str:0000000000004485 .LASF235
C:\Users\zero6575\AppData\Local\Temp\ccaV7qZB.s:5042   .debug_str:0000000000003b2f .LASF236
C:\Users\zero6575\AppData\Local\Temp\ccaV7qZB.s:4812   .debug_str:0000000000002c27 .LASF237
C:\Users\zero6575\AppData\Local\Temp\ccaV7qZB.s:4670   .debug_str:000000000000252d .LASF238
C:\Users\zero6575\AppData\Local\Temp\ccaV7qZB.s:4832   .debug_str:0000000000002e05 .LASF239
C:\Users\zero6575\AppData\Local\Temp\ccaV7qZB.s:4290   .debug_str:0000000000000e49 .LASF240
C:\Users\zero6575\AppData\Local\Temp\ccaV7qZB.s:4956   .debug_str:0000000000003742 .LASF241
C:\Users\zero6575\AppData\Local\Temp\ccaV7qZB.s:5160   .debug_str:00000000000041ad .LASF242
C:\Users\zero6575\AppData\Local\Temp\ccaV7qZB.s:5654   .debug_str:0000000000005dde .LASF243
C:\Users\zero6575\AppData\Local\Temp\ccaV7qZB.s:4418   .debug_str:00000000000016a2 .LASF244
C:\Users\zero6575\AppData\Local\Temp\ccaV7qZB.s:4780   .debug_str:0000000000002a9d .LASF245
C:\Users\zero6575\AppData\Local\Temp\ccaV7qZB.s:4274   .debug_str:0000000000000d72 .LASF246
C:\Users\zero6575\AppData\Local\Temp\ccaV7qZB.s:4294   .debug_str:0000000000000e6d .LASF247
C:\Users\zero6575\AppData\Local\Temp\ccaV7qZB.s:4768   .debug_str:0000000000002a02 .LASF248
C:\Users\zero6575\AppData\Local\Temp\ccaV7qZB.s:4088   .debug_str:00000000000002d6 .LASF249
C:\Users\zero6575\AppData\Local\Temp\ccaV7qZB.s:5138   .debug_str:00000000000040cc .LASF250
C:\Users\zero6575\AppData\Local\Temp\ccaV7qZB.s:4716   .debug_str:000000000000275d .LASF251
C:\Users\zero6575\AppData\Local\Temp\ccaV7qZB.s:5378   .debug_str:0000000000004d98 .LASF252
C:\Users\zero6575\AppData\Local\Temp\ccaV7qZB.s:4240   .debug_str:0000000000000b4e .LASF253
C:\Users\zero6575\AppData\Local\Temp\ccaV7qZB.s:4126   .debug_str:00000000000004d0 .LASF254
C:\Users\zero6575\AppData\Local\Temp\ccaV7qZB.s:4154   .debug_str:0000000000000731 .LASF255
C:\Users\zero6575\AppData\Local\Temp\ccaV7qZB.s:5280   .debug_str:00000000000047aa .LASF256
C:\Users\zero6575\AppData\Local\Temp\ccaV7qZB.s:4090   .debug_str:00000000000002e8 .LASF257
C:\Users\zero6575\AppData\Local\Temp\ccaV7qZB.s:5124   .debug_str:000000000000400d .LASF258
C:\Users\zero6575\AppData\Local\Temp\ccaV7qZB.s:4322   .debug_str:0000000000001012 .LASF259
C:\Users\zero6575\AppData\Local\Temp\ccaV7qZB.s:4616   .debug_str:000000000000225f .LASF260
C:\Users\zero6575\AppData\Local\Temp\ccaV7qZB.s:5112   .debug_str:0000000000003f3b .LASF261
C:\Users\zero6575\AppData\Local\Temp\ccaV7qZB.s:5080   .debug_str:0000000000003d7a .LASF262
C:\Users\zero6575\AppData\Local\Temp\ccaV7qZB.s:4526   .debug_str:0000000000001d0f .LASF263
C:\Users\zero6575\AppData\Local\Temp\ccaV7qZB.s:5096   .debug_str:0000000000003e28 .LASF264
C:\Users\zero6575\AppData\Local\Temp\ccaV7qZB.s:4108   .debug_str:000000000000041c .LASF265
C:\Users\zero6575\AppData\Local\Temp\ccaV7qZB.s:4596   .debug_str:000000000000215d .LASF266
C:\Users\zero6575\AppData\Local\Temp\ccaV7qZB.s:4232   .debug_str:0000000000000b00 .LASF267
C:\Users\zero6575\AppData\Local\Temp\ccaV7qZB.s:4074   .debug_str:0000000000000222 .LASF268
C:\Users\zero6575\AppData\Local\Temp\ccaV7qZB.s:5182   .debug_str:00000000000042cb .LASF269
C:\Users\zero6575\AppData\Local\Temp\ccaV7qZB.s:4612   .debug_str:0000000000002237 .LASF270
C:\Users\zero6575\AppData\Local\Temp\ccaV7qZB.s:4116   .debug_str:0000000000000464 .LASF271
C:\Users\zero6575\AppData\Local\Temp\ccaV7qZB.s:5406   .debug_str:0000000000004f68 .LASF272
C:\Users\zero6575\AppData\Local\Temp\ccaV7qZB.s:4370   .debug_str:000000000000131a .LASF273
C:\Users\zero6575\AppData\Local\Temp\ccaV7qZB.s:5574   .debug_str:000000000000588d .LASF274
C:\Users\zero6575\AppData\Local\Temp\ccaV7qZB.s:4636   .debug_str:000000000000238e .LASF275
C:\Users\zero6575\AppData\Local\Temp\ccaV7qZB.s:5028   .debug_str:0000000000003ac1 .LASF276
C:\Users\zero6575\AppData\Local\Temp\ccaV7qZB.s:4300   .debug_str:0000000000000ed1 .LASF277
C:\Users\zero6575\AppData\Local\Temp\ccaV7qZB.s:5318   .debug_str:00000000000049dc .LASF278
C:\Users\zero6575\AppData\Local\Temp\ccaV7qZB.s:4216   .debug_str:00000000000009fe .LASF279
C:\Users\zero6575\AppData\Local\Temp\ccaV7qZB.s:4064   .debug_str:00000000000001b7 .LASF280
C:\Users\zero6575\AppData\Local\Temp\ccaV7qZB.s:4034   .debug_str:0000000000000069 .LASF281
C:\Users\zero6575\AppData\Local\Temp\ccaV7qZB.s:5328   .debug_str:0000000000004a8d .LASF282
C:\Users\zero6575\AppData\Local\Temp\ccaV7qZB.s:5326   .debug_str:0000000000004a78 .LASF283
C:\Users\zero6575\AppData\Local\Temp\ccaV7qZB.s:4646   .debug_str:00000000000023fb .LASF284
C:\Users\zero6575\AppData\Local\Temp\ccaV7qZB.s:4396   .debug_str:000000000000152a .LASF285
C:\Users\zero6575\AppData\Local\Temp\ccaV7qZB.s:5374   .debug_str:0000000000004d5f .LASF286
C:\Users\zero6575\AppData\Local\Temp\ccaV7qZB.s:5158   .debug_str:0000000000004188 .LASF287
C:\Users\zero6575\AppData\Local\Temp\ccaV7qZB.s:4818   .debug_str:0000000000002c5e .LASF288
C:\Users\zero6575\AppData\Local\Temp\ccaV7qZB.s:4316   .debug_str:0000000000000faa .LASF289
C:\Users\zero6575\AppData\Local\Temp\ccaV7qZB.s:5044   .debug_str:0000000000003b4a .LASF290
C:\Users\zero6575\AppData\Local\Temp\ccaV7qZB.s:4770   .debug_str:0000000000002a1a .LASF291
C:\Users\zero6575\AppData\Local\Temp\ccaV7qZB.s:4404   .debug_str:00000000000015ad .LASF292
C:\Users\zero6575\AppData\Local\Temp\ccaV7qZB.s:4042   .debug_str:00000000000000c4 .LASF293
C:\Users\zero6575\AppData\Local\Temp\ccaV7qZB.s:4580   .debug_str:000000000000207c .LASF294
C:\Users\zero6575\AppData\Local\Temp\ccaV7qZB.s:5300   .debug_str:00000000000048f9 .LASF295
C:\Users\zero6575\AppData\Local\Temp\ccaV7qZB.s:4836   .debug_str:0000000000002e35 .LASF296
C:\Users\zero6575\AppData\Local\Temp\ccaV7qZB.s:4876   .debug_str:000000000000336d .LASF297
C:\Users\zero6575\AppData\Local\Temp\ccaV7qZB.s:4584   .debug_str:00000000000020a3 .LASF298
C:\Users\zero6575\AppData\Local\Temp\ccaV7qZB.s:4660   .debug_str:00000000000024c3 .LASF299
C:\Users\zero6575\AppData\Local\Temp\ccaV7qZB.s:4692   .debug_str:000000000000263b .LASF300
C:\Users\zero6575\AppData\Local\Temp\ccaV7qZB.s:4498   .debug_str:0000000000001b7a .LASF301
C:\Users\zero6575\AppData\Local\Temp\ccaV7qZB.s:5238   .debug_str:0000000000004594 .LASF302
C:\Users\zero6575\AppData\Local\Temp\ccaV7qZB.s:4908   .debug_str:000000000000356a .LASF303
C:\Users\zero6575\AppData\Local\Temp\ccaV7qZB.s:5460   .debug_str:00000000000052e7 .LASF304
C:\Users\zero6575\AppData\Local\Temp\ccaV7qZB.s:5002   .debug_str:00000000000039a5 .LASF305
C:\Users\zero6575\AppData\Local\Temp\ccaV7qZB.s:4030   .debug_str:0000000000000041 .LASF306
C:\Users\zero6575\AppData\Local\Temp\ccaV7qZB.s:5594   .debug_str:000000000000597f .LASF307
C:\Users\zero6575\AppData\Local\Temp\ccaV7qZB.s:5278   .debug_str:0000000000004799 .LASF308
C:\Users\zero6575\AppData\Local\Temp\ccaV7qZB.s:4408   .debug_str:0000000000001604 .LASF309
C:\Users\zero6575\AppData\Local\Temp\ccaV7qZB.s:4376   .debug_str:0000000000001443 .LASF310
C:\Users\zero6575\AppData\Local\Temp\ccaV7qZB.s:4084   .debug_str:00000000000002a8 .LASF311
C:\Users\zero6575\AppData\Local\Temp\ccaV7qZB.s:4524   .debug_str:0000000000001cff .LASF312
C:\Users\zero6575\AppData\Local\Temp\ccaV7qZB.s:4036   .debug_str:0000000000000084 .LASF313
C:\Users\zero6575\AppData\Local\Temp\ccaV7qZB.s:4222   .debug_str:0000000000000a4e .LASF314
C:\Users\zero6575\AppData\Local\Temp\ccaV7qZB.s:4048   .debug_str:0000000000000117 .LASF315
C:\Users\zero6575\AppData\Local\Temp\ccaV7qZB.s:4168   .debug_str:00000000000007d9 .LASF316
C:\Users\zero6575\AppData\Local\Temp\ccaV7qZB.s:5468   .debug_str:0000000000005352 .LASF317
C:\Users\zero6575\AppData\Local\Temp\ccaV7qZB.s:4688   .debug_str:0000000000002613 .LASF318
C:\Users\zero6575\AppData\Local\Temp\ccaV7qZB.s:5050   .debug_str:0000000000003b83 .LASF319
C:\Users\zero6575\AppData\Local\Temp\ccaV7qZB.s:4026   .debug_str:0000000000000017 .LASF320
C:\Users\zero6575\AppData\Local\Temp\ccaV7qZB.s:4140   .debug_str:000000000000068c .LASF321
C:\Users\zero6575\AppData\Local\Temp\ccaV7qZB.s:4038   .debug_str:000000000000009d .LASF322
C:\Users\zero6575\AppData\Local\Temp\ccaV7qZB.s:5180   .debug_str:00000000000042b8 .LASF323
C:\Users\zero6575\AppData\Local\Temp\ccaV7qZB.s:5098   .debug_str:0000000000003e3d .LASF324
C:\Users\zero6575\AppData\Local\Temp\ccaV7qZB.s:4870   .debug_str:0000000000003247 .LASF325
C:\Users\zero6575\AppData\Local\Temp\ccaV7qZB.s:5110   .debug_str:0000000000003f16 .LASF326
C:\Users\zero6575\AppData\Local\Temp\ccaV7qZB.s:5424   .debug_str:0000000000004ff5 .LASF327
C:\Users\zero6575\AppData\Local\Temp\ccaV7qZB.s:4806   .debug_str:0000000000002be3 .LASF328
C:\Users\zero6575\AppData\Local\Temp\ccaV7qZB.s:4392   .debug_str:0000000000001505 .LASF329
C:\Users\zero6575\AppData\Local\Temp\ccaV7qZB.s:5636   .debug_str:0000000000005c70 .LASF330
C:\Users\zero6575\AppData\Local\Temp\ccaV7qZB.s:4574   .debug_str:000000000000203a .LASF331
C:\Users\zero6575\AppData\Local\Temp\ccaV7qZB.s:4744   .debug_str:00000000000028d8 .LASF332
C:\Users\zero6575\AppData\Local\Temp\ccaV7qZB.s:4602   .debug_str:00000000000021a4 .LASF333
C:\Users\zero6575\AppData\Local\Temp\ccaV7qZB.s:4112   .debug_str:0000000000000446 .LASF334
C:\Users\zero6575\AppData\Local\Temp\ccaV7qZB.s:4334   .debug_str:00000000000010aa .LASF335
C:\Users\zero6575\AppData\Local\Temp\ccaV7qZB.s:4450   .debug_str:00000000000018c7 .LASF336
C:\Users\zero6575\AppData\Local\Temp\ccaV7qZB.s:5562   .debug_str:000000000000580f .LASF337
C:\Users\zero6575\AppData\Local\Temp\ccaV7qZB.s:5136   .debug_str:00000000000040b1 .LASF338
C:\Users\zero6575\AppData\Local\Temp\ccaV7qZB.s:4766   .debug_str:00000000000029ec .LASF339
C:\Users\zero6575\AppData\Local\Temp\ccaV7qZB.s:5650   .debug_str:0000000000005d86 .LASF340
C:\Users\zero6575\AppData\Local\Temp\ccaV7qZB.s:4712   .debug_str:000000000000272e .LASF341
C:\Users\zero6575\AppData\Local\Temp\ccaV7qZB.s:4962   .debug_str:00000000000037a5 .LASF342
C:\Users\zero6575\AppData\Local\Temp\ccaV7qZB.s:4604   .debug_str:00000000000021b1 .LASF343
C:\Users\zero6575\AppData\Local\Temp\ccaV7qZB.s:5034   .debug_str:0000000000003ae9 .LASF344
C:\Users\zero6575\AppData\Local\Temp\ccaV7qZB.s:4582   .debug_str:000000000000209b .LASF345
C:\Users\zero6575\AppData\Local\Temp\ccaV7qZB.s:5600   .debug_str:00000000000059d7 .LASF346
C:\Users\zero6575\AppData\Local\Temp\ccaV7qZB.s:4834   .debug_str:0000000000002e1f .LASF350
C:\Users\zero6575\AppData\Local\Temp\ccaV7qZB.s:5490   .debug_str:000000000000545c .LASF351
C:\Users\zero6575\AppData\Local\Temp\ccaV7qZB.s:4372   .debug_str:0000000000001340 .LASF352
C:\Users\zero6575\AppData\Local\Temp\ccaV7qZB.s:4950   .debug_str:00000000000036fe .LASF353
C:\Users\zero6575\AppData\Local\Temp\ccaV7qZB.s:5172   .debug_str:0000000000004259 .LASF354
C:\Users\zero6575\AppData\Local\Temp\ccaV7qZB.s:5430   .debug_str:00000000000050c8 .LASF355
C:\Users\zero6575\AppData\Local\Temp\ccaV7qZB.s:4600   .debug_str:0000000000002190 .LASF356
C:\Users\zero6575\AppData\Local\Temp\ccaV7qZB.s:4554   .debug_str:0000000000001eaf .LASF357
C:\Users\zero6575\AppData\Local\Temp\ccaV7qZB.s:4764   .debug_str:00000000000029d6 .LASF358
C:\Users\zero6575\AppData\Local\Temp\ccaV7qZB.s:4470   .debug_str:00000000000019fb .LASF359
C:\Users\zero6575\AppData\Local\Temp\ccaV7qZB.s:4898   .debug_str:00000000000034fb .LASF360
C:\Users\zero6575\AppData\Local\Temp\ccaV7qZB.s:5380   .debug_str:0000000000004db1 .LASF361
C:\Users\zero6575\AppData\Local\Temp\ccaV7qZB.s:4686   .debug_str:00000000000025fc .LASF362
C:\Users\zero6575\AppData\Local\Temp\ccaV7qZB.s:5658   .debug_str:0000000000005e2f .LASF363
C:\Users\zero6575\AppData\Local\Temp\ccaV7qZB.s:5040   .debug_str:0000000000003b19 .LASF365
C:\Users\zero6575\AppData\Local\Temp\ccaV7qZB.s:5018   .debug_str:0000000000003a67 .LASF366
C:\Users\zero6575\AppData\Local\Temp\ccaV7qZB.s:4592   .debug_str:000000000000211d .LASF367
C:\Users\zero6575\AppData\Local\Temp\ccaV7qZB.s:4486   .debug_str:0000000000001abb .LASF368
C:\Users\zero6575\AppData\Local\Temp\ccaV7qZB.s:4268   .debug_str:0000000000000cfb .LASF369
C:\Users\zero6575\AppData\Local\Temp\ccaV7qZB.s:5450   .debug_str:000000000000523d .LASF370
C:\Users\zero6575\AppData\Local\Temp\ccaV7qZB.s:4562   .debug_str:0000000000001f08 .LASF371
C:\Users\zero6575\AppData\Local\Temp\ccaV7qZB.s:4756   .debug_str:000000000000296f .LASF372
C:\Users\zero6575\AppData\Local\Temp\ccaV7qZB.s:4710   .debug_str:0000000000002720 .LASF373
C:\Users\zero6575\AppData\Local\Temp\ccaV7qZB.s:5550   .debug_str:0000000000005760 .LASF374
C:\Users\zero6575\AppData\Local\Temp\ccaV7qZB.s:5662   .debug_str:0000000000005e4d .LASF375
C:\Users\zero6575\AppData\Local\Temp\ccaV7qZB.s:5208   .debug_str:0000000000004410 .LASF376
C:\Users\zero6575\AppData\Local\Temp\ccaV7qZB.s:4652   .debug_str:0000000000002436 .LASF377
C:\Users\zero6575\AppData\Local\Temp\ccaV7qZB.s:4924   .debug_str:00000000000035d4 .LASF378
C:\Users\zero6575\AppData\Local\Temp\ccaV7qZB.s:5046   .debug_str:0000000000003b68 .LASF379
C:\Users\zero6575\AppData\Local\Temp\ccaV7qZB.s:4910   .debug_str:000000000000357f .LASF380
C:\Users\zero6575\AppData\Local\Temp\ccaV7qZB.s:5198   .debug_str:00000000000043b6 .LASF381
C:\Users\zero6575\AppData\Local\Temp\ccaV7qZB.s:5074   .debug_str:0000000000003d1d .LASF382
C:\Users\zero6575\AppData\Local\Temp\ccaV7qZB.s:4368   .debug_str:0000000000001304 .LASF383
C:\Users\zero6575\AppData\Local\Temp\ccaV7qZB.s:5148   .debug_str:000000000000413b .LASF384
C:\Users\zero6575\AppData\Local\Temp\ccaV7qZB.s:4104   .debug_str:00000000000003a2 .LASF385
C:\Users\zero6575\AppData\Local\Temp\ccaV7qZB.s:4028   .debug_str:0000000000000030 .LASF386
C:\Users\zero6575\AppData\Local\Temp\ccaV7qZB.s:5440   .debug_str:00000000000051b9 .LASF387
C:\Users\zero6575\AppData\Local\Temp\ccaV7qZB.s:4164   .debug_str:00000000000007bb .LASF388
C:\Users\zero6575\AppData\Local\Temp\ccaV7qZB.s:5368   .debug_str:0000000000004cd5 .LASF389
C:\Users\zero6575\AppData\Local\Temp\ccaV7qZB.s:4206   .debug_str:0000000000000989 .LASF390
C:\Users\zero6575\AppData\Local\Temp\ccaV7qZB.s:4252   .debug_str:0000000000000be1 .LASF391
C:\Users\zero6575\AppData\Local\Temp\ccaV7qZB.s:5088   .debug_str:0000000000003dd0 .LASF392
C:\Users\zero6575\AppData\Local\Temp\ccaV7qZB.s:4808   .debug_str:0000000000002bf8 .LASF393
C:\Users\zero6575\AppData\Local\Temp\ccaV7qZB.s:5032   .debug_str:0000000000003adf .LASF394
C:\Users\zero6575\AppData\Local\Temp\ccaV7qZB.s:4732   .debug_str:0000000000002811 .LASF395
C:\Users\zero6575\AppData\Local\Temp\ccaV7qZB.s:5478   .debug_str:00000000000053d3 .LASF396
C:\Users\zero6575\AppData\Local\Temp\ccaV7qZB.s:5056   .debug_str:0000000000003be3 .LASF397
C:\Users\zero6575\AppData\Local\Temp\ccaV7qZB.s:4568   .debug_str:0000000000001fc5 .LASF398
C:\Users\zero6575\AppData\Local\Temp\ccaV7qZB.s:4230   .debug_str:0000000000000af6 .LASF399
C:\Users\zero6575\AppData\Local\Temp\ccaV7qZB.s:4066   .debug_str:00000000000001f1 .LASF400
C:\Users\zero6575\AppData\Local\Temp\ccaV7qZB.s:5384   .debug_str:0000000000004dd1 .LASF401
C:\Users\zero6575\AppData\Local\Temp\ccaV7qZB.s:4218   .debug_str:0000000000000a17 .LASF402
C:\Users\zero6575\AppData\Local\Temp\ccaV7qZB.s:4304   .debug_str:0000000000000f03 .LASF403
C:\Users\zero6575\AppData\Local\Temp\ccaV7qZB.s:5316   .debug_str:00000000000049ba .LASF404
C:\Users\zero6575\AppData\Local\Temp\ccaV7qZB.s:5358   .debug_str:0000000000004c3c .LASF406
C:\Users\zero6575\AppData\Local\Temp\ccaV7qZB.s:5122   .debug_str:0000000000004001 .LASF407
C:\Users\zero6575\AppData\Local\Temp\ccaV7qZB.s:4814   .debug_str:0000000000002c44 .LASF408
C:\Users\zero6575\AppData\Local\Temp\ccaV7qZB.s:4868   .debug_str:000000000000323b .LASF409
C:\Users\zero6575\AppData\Local\Temp\ccaV7qZB.s:4804   .debug_str:0000000000002bd6 .LASF410
C:\Users\zero6575\AppData\Local\Temp\ccaV7qZB.s:4982   .debug_str:00000000000038ff .LASF411
C:\Users\zero6575\AppData\Local\Temp\ccaV7qZB.s:5200   .debug_str:00000000000043c6 .LASF412
C:\Users\zero6575\AppData\Local\Temp\ccaV7qZB.s:5414   .debug_str:0000000000004faf .LASF413
C:\Users\zero6575\AppData\Local\Temp\ccaV7qZB.s:4190   .debug_str:0000000000000910 .LASF414
C:\Users\zero6575\AppData\Local\Temp\ccaV7qZB.s:4790   .debug_str:0000000000002b17 .LASF415
C:\Users\zero6575\AppData\Local\Temp\ccaV7qZB.s:5084   .debug_str:0000000000003daa .LASF416
C:\Users\zero6575\AppData\Local\Temp\ccaV7qZB.s:5036   .debug_str:0000000000003af0 .LASF417
C:\Users\zero6575\AppData\Local\Temp\ccaV7qZB.s:5408   .debug_str:0000000000004f7f .LASF418
C:\Users\zero6575\AppData\Local\Temp\ccaV7qZB.s:4306   .debug_str:0000000000000f2c .LASF419
C:\Users\zero6575\AppData\Local\Temp\ccaV7qZB.s:4170   .debug_str:00000000000007df .LASF420
C:\Users\zero6575\AppData\Local\Temp\ccaV7qZB.s:5092   .debug_str:0000000000003e13 .LASF421
C:\Users\zero6575\AppData\Local\Temp\ccaV7qZB.s:4278   .debug_str:0000000000000da7 .LASF422
C:\Users\zero6575\AppData\Local\Temp\ccaV7qZB.s:4724   .debug_str:00000000000027a9 .LASF423
C:\Users\zero6575\AppData\Local\Temp\ccaV7qZB.s:5214   .debug_str:0000000000004459 .LASF424
C:\Users\zero6575\AppData\Local\Temp\ccaV7qZB.s:5128   .debug_str:000000000000406b .LASF425
C:\Users\zero6575\AppData\Local\Temp\ccaV7qZB.s:4842   .debug_str:0000000000002e6c .LASF426
C:\Users\zero6575\AppData\Local\Temp\ccaV7qZB.s:5250   .debug_str:0000000000004636 .LASF427
C:\Users\zero6575\AppData\Local\Temp\ccaV7qZB.s:4948   .debug_str:00000000000036ec .LASF428
C:\Users\zero6575\AppData\Local\Temp\ccaV7qZB.s:5194   .debug_str:000000000000438c .LASF429
C:\Users\zero6575\AppData\Local\Temp\ccaV7qZB.s:4426   .debug_str:000000000000173b .LASF430
C:\Users\zero6575\AppData\Local\Temp\ccaV7qZB.s:4338   .debug_str:00000000000010c8 .LASF431
C:\Users\zero6575\AppData\Local\Temp\ccaV7qZB.s:4430   .debug_str:0000000000001773 .LASF432
C:\Users\zero6575\AppData\Local\Temp\ccaV7qZB.s:5514   .debug_str:00000000000055b9 .LASF433
C:\Users\zero6575\AppData\Local\Temp\ccaV7qZB.s:5308   .debug_str:0000000000004981 .LASF434
C:\Users\zero6575\AppData\Local\Temp\ccaV7qZB.s:4196   .debug_str:0000000000000944 .LASF435
C:\Users\zero6575\AppData\Local\Temp\ccaV7qZB.s:4838   .debug_str:0000000000002e53 .LASF436
C:\Users\zero6575\AppData\Local\Temp\ccaV7qZB.s:4850   .debug_str:0000000000002ecd .LASF437
C:\Users\zero6575\AppData\Local\Temp\ccaV7qZB.s:5000   .debug_str:0000000000003998 .LASF438
C:\Users\zero6575\AppData\Local\Temp\ccaV7qZB.s:5076   .debug_str:0000000000003d32 .LASF439
C:\Users\zero6575\AppData\Local\Temp\ccaV7qZB.s:4824   .debug_str:0000000000002cd4 .LASF440
C:\Users\zero6575\AppData\Local\Temp\ccaV7qZB.s:4270   .debug_str:0000000000000d4f .LASF441
C:\Users\zero6575\AppData\Local\Temp\ccaV7qZB.s:4888   .debug_str:0000000000003499 .LASF442
C:\Users\zero6575\AppData\Local\Temp\ccaV7qZB.s:5252   .debug_str:0000000000004644 .LASF443
C:\Users\zero6575\AppData\Local\Temp\ccaV7qZB.s:4614   .debug_str:0000000000002250 .LASF444
C:\Users\zero6575\AppData\Local\Temp\ccaV7qZB.s:5472   .debug_str:000000000000538c .LASF445
C:\Users\zero6575\AppData\Local\Temp\ccaV7qZB.s:5232   .debug_str:0000000000004529 .LASF446
C:\Users\zero6575\AppData\Local\Temp\ccaV7qZB.s:5094   .debug_str:0000000000003e1c .LASF447
C:\Users\zero6575\AppData\Local\Temp\ccaV7qZB.s:4202   .debug_str:0000000000000971 .LASF448
C:\Users\zero6575\AppData\Local\Temp\ccaV7qZB.s:5264   .debug_str:00000000000046c9 .LASF449
C:\Users\zero6575\AppData\Local\Temp\ccaV7qZB.s:5010   .debug_str:0000000000003a09 .LASF450
C:\Users\zero6575\AppData\Local\Temp\ccaV7qZB.s:4964   .debug_str:00000000000037b1 .LASF451
C:\Users\zero6575\AppData\Local\Temp\ccaV7qZB.s:5532   .debug_str:0000000000005689 .LASF452
C:\Users\zero6575\AppData\Local\Temp\ccaV7qZB.s:4184   .debug_str:00000000000008db .LASF453
C:\Users\zero6575\AppData\Local\Temp\ccaV7qZB.s:4236   .debug_str:0000000000000b37 .LASF454
C:\Users\zero6575\AppData\Local\Temp\ccaV7qZB.s:4638   .debug_str:00000000000023bf .LASF455
C:\Users\zero6575\AppData\Local\Temp\ccaV7qZB.s:4864   .debug_str:0000000000003218 .LASF456
C:\Users\zero6575\AppData\Local\Temp\ccaV7qZB.s:4762   .debug_str:000000000000299e .LASF457
C:\Users\zero6575\AppData\Local\Temp\ccaV7qZB.s:5306   .debug_str:000000000000496f .LASF458
C:\Users\zero6575\AppData\Local\Temp\ccaV7qZB.s:5484   .debug_str:0000000000005416 .LASF459
C:\Users\zero6575\AppData\Local\Temp\ccaV7qZB.s:4516   .debug_str:0000000000001c27 .LASF460
C:\Users\zero6575\AppData\Local\Temp\ccaV7qZB.s:5608   .debug_str:0000000000005aad .LASF461
C:\Users\zero6575\AppData\Local\Temp\ccaV7qZB.s:4510   .debug_str:0000000000001bf9 .LASF462
C:\Users\zero6575\AppData\Local\Temp\ccaV7qZB.s:4454   .debug_str:00000000000018fa .LASF463
C:\Users\zero6575\AppData\Local\Temp\ccaV7qZB.s:5082   .debug_str:0000000000003d8f .LASF465
C:\Users\zero6575\AppData\Local\Temp\ccaV7qZB.s:4926   .debug_str:00000000000035e5 .LASF466
C:\Users\zero6575\AppData\Local\Temp\ccaV7qZB.s:5228   .debug_str:000000000000450c .LASF467
C:\Users\zero6575\AppData\Local\Temp\ccaV7qZB.s:5274   .debug_str:0000000000004747 .LASF468
C:\Users\zero6575\AppData\Local\Temp\ccaV7qZB.s:4694   .debug_str:0000000000002657 .LASF469
C:\Users\zero6575\AppData\Local\Temp\ccaV7qZB.s:4536   .debug_str:0000000000001db4 .LASF470
C:\Users\zero6575\AppData\Local\Temp\ccaV7qZB.s:4894   .debug_str:00000000000034d7 .LASF471
C:\Users\zero6575\AppData\Local\Temp\ccaV7qZB.s:4320   .debug_str:0000000000000ffd .LASF472
C:\Users\zero6575\AppData\Local\Temp\ccaV7qZB.s:5004   .debug_str:00000000000039bc .LASF473
C:\Users\zero6575\AppData\Local\Temp\ccaV7qZB.s:4298   .debug_str:0000000000000eb6 .LASF474
C:\Users\zero6575\AppData\Local\Temp\ccaV7qZB.s:4640   .debug_str:00000000000023d0 .LASF475
C:\Users\zero6575\AppData\Local\Temp\ccaV7qZB.s:4914   .debug_str:0000000000003599 .LASF476
C:\Users\zero6575\AppData\Local\Temp\ccaV7qZB.s:5150   .debug_str:000000000000414c .LASF477
C:\Users\zero6575\AppData\Local\Temp\ccaV7qZB.s:5176   .debug_str:000000000000428e .LASF478
C:\Users\zero6575\AppData\Local\Temp\ccaV7qZB.s:4668   .debug_str:000000000000251d .LASF479
C:\Users\zero6575\AppData\Local\Temp\ccaV7qZB.s:5350   .debug_str:0000000000004c10 .LASF480
C:\Users\zero6575\AppData\Local\Temp\ccaV7qZB.s:4360   .debug_str:000000000000129a .LASF481
C:\Users\zero6575\AppData\Local\Temp\ccaV7qZB.s:4992   .debug_str:0000000000003957 .LASF482
C:\Users\zero6575\AppData\Local\Temp\ccaV7qZB.s:5258   .debug_str:000000000000465f .LASF483
C:\Users\zero6575\AppData\Local\Temp\ccaV7qZB.s:4742   .debug_str:00000000000028c0 .LASF484
C:\Users\zero6575\AppData\Local\Temp\ccaV7qZB.s:5416   .debug_str:0000000000004fbc .LASF485
C:\Users\zero6575\AppData\Local\Temp\ccaV7qZB.s:4674   .debug_str:000000000000256d .LASF486
C:\Users\zero6575\AppData\Local\Temp\ccaV7qZB.s:5670   .debug_str:0000000000005e9a .LASF487
C:\Users\zero6575\AppData\Local\Temp\ccaV7qZB.s:5090   .debug_str:0000000000003de6 .LASF488
C:\Users\zero6575\AppData\Local\Temp\ccaV7qZB.s:5458   .debug_str:00000000000052b0 .LASF489
C:\Users\zero6575\AppData\Local\Temp\ccaV7qZB.s:5404   .debug_str:0000000000004f4b .LASF490
C:\Users\zero6575\AppData\Local\Temp\ccaV7qZB.s:4730   .debug_str:00000000000027ea .LASF491
C:\Users\zero6575\AppData\Local\Temp\ccaV7qZB.s:4512   .debug_str:0000000000001c02 .LASF492
C:\Users\zero6575\AppData\Local\Temp\ccaV7qZB.s:5336   .debug_str:0000000000004b29 .LASF493
C:\Users\zero6575\AppData\Local\Temp\ccaV7qZB.s:4678   .debug_str:000000000000257f .LASF494
C:\Users\zero6575\AppData\Local\Temp\ccaV7qZB.s:4846   .debug_str:0000000000002e86 .LASF495
C:\Users\zero6575\AppData\Local\Temp\ccaV7qZB.s:5224   .debug_str:00000000000044ca .LASF496
C:\Users\zero6575\AppData\Local\Temp\ccaV7qZB.s:5606   .debug_str:0000000000005a7f .LASF497
C:\Users\zero6575\AppData\Local\Temp\ccaV7qZB.s:5528   .debug_str:0000000000005658 .LASF498
C:\Users\zero6575\AppData\Local\Temp\ccaV7qZB.s:5294   .debug_str:0000000000004862 .LASF499
C:\Users\zero6575\AppData\Local\Temp\ccaV7qZB.s:4328   .debug_str:0000000000001050 .LASF500
C:\Users\zero6575\AppData\Local\Temp\ccaV7qZB.s:5486   .debug_str:0000000000005425 .LASF501
C:\Users\zero6575\AppData\Local\Temp\ccaV7qZB.s:5448   .debug_str:0000000000005229 .LASF502
C:\Users\zero6575\AppData\Local\Temp\ccaV7qZB.s:5066   .debug_str:0000000000003c85 .LASF503
C:\Users\zero6575\AppData\Local\Temp\ccaV7qZB.s:5302   .debug_str:0000000000004916 .LASF504
C:\Users\zero6575\AppData\Local\Temp\ccaV7qZB.s:4784   .debug_str:0000000000002ac9 .LASF505
C:\Users\zero6575\AppData\Local\Temp\ccaV7qZB.s:5668   .debug_str:0000000000005e82 .LASF506
C:\Users\zero6575\AppData\Local\Temp\ccaV7qZB.s:5394   .debug_str:0000000000004e55 .LASF507
C:\Users\zero6575\AppData\Local\Temp\ccaV7qZB.s:5664   .debug_str:0000000000005e5d .LASF508
C:\Users\zero6575\AppData\Local\Temp\ccaV7qZB.s:4978   .debug_str:0000000000003872 .LASF509
C:\Users\zero6575\AppData\Local\Temp\ccaV7qZB.s:5618   .debug_str:0000000000005b56 .LASF510
C:\Users\zero6575\AppData\Local\Temp\ccaV7qZB.s:4224   .debug_str:0000000000000a66 .LASF511
C:\Users\zero6575\AppData\Local\Temp\ccaV7qZB.s:4046   .debug_str:0000000000000100 .LASF512
C:\Users\zero6575\AppData\Local\Temp\ccaV7qZB.s:4078   .debug_str:0000000000000262 .LASF513
C:\Users\zero6575\AppData\Local\Temp\ccaV7qZB.s:4374   .debug_str:000000000000134d .LASF514
C:\Users\zero6575\AppData\Local\Temp\ccaV7qZB.s:5426   .debug_str:000000000000500b .LASF515
C:\Users\zero6575\AppData\Local\Temp\ccaV7qZB.s:5282   .debug_str:00000000000047e9 .LASF516
C:\Users\zero6575\AppData\Local\Temp\ccaV7qZB.s:4262   .debug_str:0000000000000c40 .LASF517
C:\Users\zero6575\AppData\Local\Temp\ccaV7qZB.s:4182   .debug_str:0000000000000872 .LASF518
C:\Users\zero6575\AppData\Local\Temp\ccaV7qZB.s:4830   .debug_str:0000000000002d75 .LASF519
C:\Users\zero6575\AppData\Local\Temp\ccaV7qZB.s:4128   .debug_str:00000000000004ea .LASF520
C:\Users\zero6575\AppData\Local\Temp\ccaV7qZB.s:5396   .debug_str:0000000000004e6d .LASF521
C:\Users\zero6575\AppData\Local\Temp\ccaV7qZB.s:4874   .debug_str:00000000000032cf .LASF522
C:\Users\zero6575\AppData\Local\Temp\ccaV7qZB.s:4880   .debug_str:00000000000033ba .LASF523
C:\Users\zero6575\AppData\Local\Temp\ccaV7qZB.s:4872   .debug_str:0000000000003274 .LASF524
C:\Users\zero6575\AppData\Local\Temp\ccaV7qZB.s:4852   .debug_str:0000000000002eda .LASF525
C:\Users\zero6575\AppData\Local\Temp\ccaV7qZB.s:4980   .debug_str:000000000000388a .LASF526
C:\Users\zero6575\AppData\Local\Temp\ccaV7qZB.s:4632   .debug_str:000000000000232a .LASF527
C:\Users\zero6575\AppData\Local\Temp\ccaV7qZB.s:4500   .debug_str:0000000000001b96 .LASF528
C:\Users\zero6575\AppData\Local\Temp\ccaV7qZB.s:5240   .debug_str:00000000000045a9 .LASF529
C:\Users\zero6575\AppData\Local\Temp\ccaV7qZB.s:4366   .debug_str:00000000000012d7 .LASF530
C:\Users\zero6575\AppData\Local\Temp\ccaV7qZB.s:4882   .debug_str:0000000000003422 .LASF531
C:\Users\zero6575\AppData\Local\Temp\ccaV7qZB.s:4058   .debug_str:0000000000000175 .LASF532
C:\Users\zero6575\AppData\Local\Temp\ccaV7qZB.s:5564   .debug_str:000000000000582a .LASF533
C:\Users\zero6575\AppData\Local\Temp\ccaV7qZB.s:4354   .debug_str:000000000000123d .LASF534
C:\Users\zero6575\AppData\Local\Temp\ccaV7qZB.s:4618   .debug_str:0000000000002279 .LASF535
C:\Users\zero6575\AppData\Local\Temp\ccaV7qZB.s:5444   .debug_str:00000000000051e1 .LASF536
C:\Users\zero6575\AppData\Local\Temp\ccaV7qZB.s:4878   .debug_str:000000000000338c .LASF537
C:\Users\zero6575\AppData\Local\Temp\ccaV7qZB.s:5290   .debug_str:000000000000482a .LASF538
C:\Users\zero6575\AppData\Local\Temp\ccaV7qZB.s:4530   .debug_str:0000000000001d53 .LASF539
C:\Users\zero6575\AppData\Local\Temp\ccaV7qZB.s:4318   .debug_str:0000000000000fc8 .LASF540
C:\Users\zero6575\AppData\Local\Temp\ccaV7qZB.s:5558   .debug_str:00000000000057d2 .LASF541
C:\Users\zero6575\AppData\Local\Temp\ccaV7qZB.s:4572   .debug_str:0000000000002003 .LASF542
C:\Users\zero6575\AppData\Local\Temp\ccaV7qZB.s:5634   .debug_str:0000000000005c39 .LASF543
C:\Users\zero6575\AppData\Local\Temp\ccaV7qZB.s:4750   .debug_str:000000000000291a .LASF544
C:\Users\zero6575\AppData\Local\Temp\ccaV7qZB.s:4248   .debug_str:0000000000000ba2 .LASF545
C:\Users\zero6575\AppData\Local\Temp\ccaV7qZB.s:4442   .debug_str:000000000000181b .LASF546
C:\Users\zero6575\AppData\Local\Temp\ccaV7qZB.s:4822   .debug_str:0000000000002c9b .LASF547
C:\Users\zero6575\AppData\Local\Temp\ccaV7qZB.s:5260   .debug_str:0000000000004679 .LASF548
C:\Users\zero6575\AppData\Local\Temp\ccaV7qZB.s:5334   .debug_str:0000000000004afa .LASF549
C:\Users\zero6575\AppData\Local\Temp\ccaV7qZB.s:5186   .debug_str:00000000000042f8 .LASF550
C:\Users\zero6575\AppData\Local\Temp\ccaV7qZB.s:4528   .debug_str:0000000000001d27 .LASF551
C:\Users\zero6575\AppData\Local\Temp\ccaV7qZB.s:5108   .debug_str:0000000000003ebe .LASF552
C:\Users\zero6575\AppData\Local\Temp\ccaV7qZB.s:4080   .debug_str:0000000000000278 .LASF553
C:\Users\zero6575\AppData\Local\Temp\ccaV7qZB.s:5388   .debug_str:0000000000004e06 .LASF554
C:\Users\zero6575\AppData\Local\Temp\ccaV7qZB.s:4540   .debug_str:0000000000001e03 .LASF555
C:\Users\zero6575\AppData\Local\Temp\ccaV7qZB.s:5324   .debug_str:0000000000004a57 .LASF556
C:\Users\zero6575\AppData\Local\Temp\ccaV7qZB.s:4788   .debug_str:0000000000002af9 .LASF557
C:\Users\zero6575\AppData\Local\Temp\ccaV7qZB.s:4440   .debug_str:000000000000180a .LASF559
C:\Users\zero6575\AppData\Local\Temp\ccaV7qZB.s:5386   .debug_str:0000000000004df9 .LASF560
C:\Users\zero6575\AppData\Local\Temp\ccaV7qZB.s:4916   .debug_str:00000000000035b4 .LASF561
C:\Users\zero6575\AppData\Local\Temp\ccaV7qZB.s:5268   .debug_str:00000000000046df .LASF562
C:\Users\zero6575\AppData\Local\Temp\ccaV7qZB.s:4394   .debug_str:000000000000151b .LASF563
C:\Users\zero6575\AppData\Local\Temp\ccaV7qZB.s:5580   .debug_str:00000000000058f5 .LASF564
C:\Users\zero6575\AppData\Local\Temp\ccaV7qZB.s:4728   .debug_str:00000000000027d4 .LASF565
C:\Users\zero6575\AppData\Local\Temp\ccaV7qZB.s:4576   .debug_str:000000000000204b .LASF566
C:\Users\zero6575\AppData\Local\Temp\ccaV7qZB.s:4424   .debug_str:0000000000001718 .LASF567
C:\Users\zero6575\AppData\Local\Temp\ccaV7qZB.s:5418   .debug_str:0000000000004fc4 .LASF568
C:\Users\zero6575\AppData\Local\Temp\ccaV7qZB.s:4198   .debug_str:000000000000094e .LASF569
C:\Users\zero6575\AppData\Local\Temp\ccaV7qZB.s:5666   .debug_str:0000000000005e75 .LASF570
C:\Users\zero6575\AppData\Local\Temp\ccaV7qZB.s:5314   .debug_str:00000000000049ae .LASF571
C:\Users\zero6575\AppData\Local\Temp\ccaV7qZB.s:4234   .debug_str:0000000000000b19 .LASF572
C:\Users\zero6575\AppData\Local\Temp\ccaV7qZB.s:4542   .debug_str:0000000000001e16 .LASF573
C:\Users\zero6575\AppData\Local\Temp\ccaV7qZB.s:5262   .debug_str:00000000000046b6 .LASF574
C:\Users\zero6575\AppData\Local\Temp\ccaV7qZB.s:5162   .debug_str:00000000000041eb .LASF575
C:\Users\zero6575\AppData\Local\Temp\ccaV7qZB.s:5346   .debug_str:0000000000004bdf .LASF576
C:\Users\zero6575\AppData\Local\Temp\ccaV7qZB.s:4606   .debug_str:00000000000021bc .LASF577
C:\Users\zero6575\AppData\Local\Temp\ccaV7qZB.s:5506   .debug_str:0000000000005532 .LASF578
C:\Users\zero6575\AppData\Local\Temp\ccaV7qZB.s:4092   .debug_str:0000000000000329 .LASF579
C:\Users\zero6575\AppData\Local\Temp\ccaV7qZB.s:5338   .debug_str:0000000000004b51 .LASF580
C:\Users\zero6575\AppData\Local\Temp\ccaV7qZB.s:4024   .debug_str:0000000000000000 .LASF581
C:\Users\zero6575\AppData\Local\Temp\ccaV7qZB.s:5342   .debug_str:0000000000004b7d .LASF582
C:\Users\zero6575\AppData\Local\Temp\ccaV7qZB.s:4260   .debug_str:0000000000000c20 .LASF583
C:\Users\zero6575\AppData\Local\Temp\ccaV7qZB.s:4578   .debug_str:000000000000205f .LASF584
C:\Users\zero6575\AppData\Local\Temp\ccaV7qZB.s:5070   .debug_str:0000000000003cf9 .LASF585
C:\Users\zero6575\AppData\Local\Temp\ccaV7qZB.s:5494   .debug_str:000000000000547c .LASF586
C:\Users\zero6575\AppData\Local\Temp\ccaV7qZB.s:5164   .debug_str:00000000000041fa .LASF587
C:\Users\zero6575\AppData\Local\Temp\ccaV7qZB.s:5598   .debug_str:000000000000599e .LASF588
C:\Users\zero6575\AppData\Local\Temp\ccaV7qZB.s:4494   .debug_str:0000000000001b1d .LASF589
C:\Users\zero6575\AppData\Local\Temp\ccaV7qZB.s:4436   .debug_str:00000000000017d4 .LASF590
C:\Users\zero6575\AppData\Local\Temp\ccaV7qZB.s:4940   .debug_str:000000000000368f .LASF591
C:\Users\zero6575\AppData\Local\Temp\ccaV7qZB.s:4598   .debug_str:0000000000002179 .LASF592
C:\Users\zero6575\AppData\Local\Temp\ccaV7qZB.s:4210   .debug_str:00000000000009b1 .LASF593
C:\Users\zero6575\AppData\Local\Temp\ccaV7qZB.s:4276   .debug_str:0000000000000d8c .LASF594
C:\Users\zero6575\AppData\Local\Temp\ccaV7qZB.s:4792   .debug_str:0000000000002b2b .LASF595
C:\Users\zero6575\AppData\Local\Temp\ccaV7qZB.s:4662   .debug_str:00000000000024e4 .LASF596
C:\Users\zero6575\AppData\Local\Temp\ccaV7qZB.s:5536   .debug_str:00000000000056a5 .LASF597
C:\Users\zero6575\AppData\Local\Temp\ccaV7qZB.s:4344   .debug_str:00000000000011cb .LASF598
C:\Users\zero6575\AppData\Local\Temp\ccaV7qZB.s:4478   .debug_str:0000000000001a4e .LASF599
C:\Users\zero6575\AppData\Local\Temp\ccaV7qZB.s:4208   .debug_str:000000000000099b .LASF600
C:\Users\zero6575\AppData\Local\Temp\ccaV7qZB.s:4086   .debug_str:00000000000002b9 .LASF601
C:\Users\zero6575\AppData\Local\Temp\ccaV7qZB.s:5062   .debug_str:0000000000003c34 .LASF602
C:\Users\zero6575\AppData\Local\Temp\ccaV7qZB.s:5152   .debug_str:0000000000004152 .LASF603
C:\Users\zero6575\AppData\Local\Temp\ccaV7qZB.s:4336   .debug_str:00000000000010ba .LASF604
C:\Users\zero6575\AppData\Local\Temp\ccaV7qZB.s:5220   .debug_str:0000000000004497 .LASF605
C:\Users\zero6575\AppData\Local\Temp\ccaV7qZB.s:5038   .debug_str:0000000000003b05 .LASF606
C:\Users\zero6575\AppData\Local\Temp\ccaV7qZB.s:4050   .debug_str:0000000000000121 .LASF607
C:\Users\zero6575\AppData\Local\Temp\ccaV7qZB.s:5144   .debug_str:00000000000040fe .LASF608
C:\Users\zero6575\AppData\Local\Temp\ccaV7qZB.s:5452   .debug_str:000000000000526a .LASF609
C:\Users\zero6575\AppData\Local\Temp\ccaV7qZB.s:5470   .debug_str:0000000000005367 .LASF610
C:\Users\zero6575\AppData\Local\Temp\ccaV7qZB.s:5178   .debug_str:0000000000004297 .LASF611
C:\Users\zero6575\AppData\Local\Temp\ccaV7qZB.s:5648   .debug_str:0000000000005d61 .LASF612
C:\Users\zero6575\AppData\Local\Temp\ccaV7qZB.s:4148   .debug_str:00000000000006df .LASF613
C:\Users\zero6575\AppData\Local\Temp\ccaV7qZB.s:4680   .debug_str:000000000000259f .LASF614
C:\Users\zero6575\AppData\Local\Temp\ccaV7qZB.s:5188   .debug_str:0000000000004332 .LASF615
C:\Users\zero6575\AppData\Local\Temp\ccaV7qZB.s:4462   .debug_str:0000000000001985 .LASF616
C:\Users\zero6575\AppData\Local\Temp\ccaV7qZB.s:4406   .debug_str:00000000000015cf .LASF617
C:\Users\zero6575\AppData\Local\Temp\ccaV7qZB.s:4610   .debug_str:00000000000021fa .LASF618
C:\Users\zero6575\AppData\Local\Temp\ccaV7qZB.s:4740   .debug_str:00000000000028a7 .LASF619
C:\Users\zero6575\AppData\Local\Temp\ccaV7qZB.s:5058   .debug_str:0000000000003bf1 .LASF620
C:\Users\zero6575\AppData\Local\Temp\ccaV7qZB.s:5510   .debug_str:000000000000555c .LASF621
C:\Users\zero6575\AppData\Local\Temp\ccaV7qZB.s:5680   .debug_str:0000000000005f34 .LASF622
C:\Users\zero6575\AppData\Local\Temp\ccaV7qZB.s:4488   .debug_str:0000000000001acc .LASF623
C:\Users\zero6575\AppData\Local\Temp\ccaV7qZB.s:5616   .debug_str:0000000000005b2a .LASF624
C:\Users\zero6575\AppData\Local\Temp\ccaV7qZB.s:4704   .debug_str:00000000000026c7 .LASF625
C:\Users\zero6575\AppData\Local\Temp\ccaV7qZB.s:5376   .debug_str:0000000000004d6f .LASF626
C:\Users\zero6575\AppData\Local\Temp\ccaV7qZB.s:5438   .debug_str:000000000000517e .LASF627
C:\Users\zero6575\AppData\Local\Temp\ccaV7qZB.s:4886   .debug_str:0000000000003466 .LASF628
C:\Users\zero6575\AppData\Local\Temp\ccaV7qZB.s:4974   .debug_str:0000000000003833 .LASF629
C:\Users\zero6575\AppData\Local\Temp\ccaV7qZB.s:5540   .debug_str:00000000000056d6 .LASF630
C:\Users\zero6575\AppData\Local\Temp\ccaV7qZB.s:4416   .debug_str:0000000000001673 .LASF631
C:\Users\zero6575\AppData\Local\Temp\ccaV7qZB.s:5054   .debug_str:0000000000003bb3 .LASF632
C:\Users\zero6575\AppData\Local\Temp\ccaV7qZB.s:4296   .debug_str:0000000000000e88 .LASF633
C:\Users\zero6575\AppData\Local\Temp\ccaV7qZB.s:4546   .debug_str:0000000000001e30 .LASF634
C:\Users\zero6575\AppData\Local\Temp\ccaV7qZB.s:5672   .debug_str:0000000000005eaa .LASF635
C:\Users\zero6575\AppData\Local\Temp\ccaV7qZB.s:4700   .debug_str:0000000000002682 .LASF636
C:\Users\zero6575\AppData\Local\Temp\ccaV7qZB.s:5398   .debug_str:0000000000004ee2 .LASF637
C:\Users\zero6575\AppData\Local\Temp\ccaV7qZB.s:4520   .debug_str:0000000000001c4f .LASF638
C:\Users\zero6575\AppData\Local\Temp\ccaV7qZB.s:5372   .debug_str:0000000000004d00 .LASF639
C:\Users\zero6575\AppData\Local\Temp\ccaV7qZB.s:5118   .debug_str:0000000000003f69 .LASF640
C:\Users\zero6575\AppData\Local\Temp\ccaV7qZB.s:4444   .debug_str:0000000000001858 .LASF641
C:\Users\zero6575\AppData\Local\Temp\ccaV7qZB.s:5622   .debug_str:0000000000005b7a .LASF642
C:\Users\zero6575\AppData\Local\Temp\ccaV7qZB.s:5638   .debug_str:0000000000005c84 .LASF643
C:\Users\zero6575\AppData\Local\Temp\ccaV7qZB.s:5134   .debug_str:000000000000408e .LASF644
C:\Users\zero6575\AppData\Local\Temp\ccaV7qZB.s:4106   .debug_str:00000000000003b9 .LASF645
C:\Users\zero6575\AppData\Local\Temp\ccaV7qZB.s:4226   .debug_str:0000000000000a7f .LASF646
C:\Users\zero6575\AppData\Local\Temp\ccaV7qZB.s:4828   .debug_str:0000000000002cfe .LASF647
C:\Users\zero6575\AppData\Local\Temp\ccaV7qZB.s:5434   .debug_str:0000000000005121 .LASF648
C:\Users\zero6575\AppData\Local\Temp\ccaV7qZB.s:4458   .debug_str:0000000000001922 .LASF649
C:\Users\zero6575\AppData\Local\Temp\ccaV7qZB.s:5454   .debug_str:000000000000528d .LASF650
C:\Users\zero6575\AppData\Local\Temp\ccaV7qZB.s:5332   .debug_str:0000000000004ae1 .LASF651
C:\Users\zero6575\AppData\Local\Temp\ccaV7qZB.s:4102   .debug_str:0000000000000382 .LASF652
C:\Users\zero6575\AppData\Local\Temp\ccaV7qZB.s:4548   .debug_str:0000000000001e66 .LASF653
C:\Users\zero6575\AppData\Local\Temp\ccaV7qZB.s:5320   .debug_str:00000000000049f4 .LASF654
C:\Users\zero6575\AppData\Local\Temp\ccaV7qZB.s:4484   .debug_str:0000000000001a7e .LASF655
C:\Users\zero6575\AppData\Local\Temp\ccaV7qZB.s:5432   .debug_str:00000000000050de .LASF656
C:\Users\zero6575\AppData\Local\Temp\ccaV7qZB.s:5642   .debug_str:0000000000005cf2 .LASF657
C:\Users\zero6575\AppData\Local\Temp\ccaV7qZB.s:4264   .debug_str:0000000000000ceb .LASF658
C:\Users\zero6575\AppData\Local\Temp\ccaV7qZB.s:4178   .debug_str:0000000000000845 .LASF659
C:\Users\zero6575\AppData\Local\Temp\ccaV7qZB.s:5190   .debug_str:0000000000004365 .LASF660
C:\Users\zero6575\AppData\Local\Temp\ccaV7qZB.s:4772   .debug_str:0000000000002a3c .LASF661
C:\Users\zero6575\AppData\Local\Temp\ccaV7qZB.s:5052   .debug_str:0000000000003b99 .LASF662
C:\Users\zero6575\AppData\Local\Temp\ccaV7qZB.s:5104   .debug_str:0000000000003e85 .LASF663
C:\Users\zero6575\AppData\Local\Temp\ccaV7qZB.s:4162   .debug_str:000000000000079b .LASF664
C:\Users\zero6575\AppData\Local\Temp\ccaV7qZB.s:5500   .debug_str:00000000000054c5 .LASF665
C:\Users\zero6575\AppData\Local\Temp\ccaV7qZB.s:5548   .debug_str:000000000000573b .LASF666
C:\Users\zero6575\AppData\Local\Temp\ccaV7qZB.s:4282   .debug_str:0000000000000dd9 .LASF667
C:\Users\zero6575\AppData\Local\Temp\ccaV7qZB.s:5466   .debug_str:000000000000530b .LASF668
C:\Users\zero6575\AppData\Local\Temp\ccaV7qZB.s:5236   .debug_str:0000000000004541 .LASF669
C:\Users\zero6575\AppData\Local\Temp\ccaV7qZB.s:4656   .debug_str:000000000000245e .LASF670
C:\Users\zero6575\AppData\Local\Temp\ccaV7qZB.s:4414   .debug_str:0000000000001636 .LASF671
C:\Users\zero6575\AppData\Local\Temp\ccaV7qZB.s:4388   .debug_str:00000000000014a8 .LASF672
C:\Users\zero6575\AppData\Local\Temp\ccaV7qZB.s:5524   .debug_str:00000000000055f0 .LASF673
C:\Users\zero6575\AppData\Local\Temp\ccaV7qZB.s:5298   .debug_str:00000000000048a8 .LASF674
C:\Users\zero6575\AppData\Local\Temp\ccaV7qZB.s:4566   .debug_str:0000000000001f7a .LASF675
C:\Users\zero6575\AppData\Local\Temp\ccaV7qZB.s:4738   .debug_str:0000000000002861 .LASF676
C:\Users\zero6575\AppData\Local\Temp\ccaV7qZB.s:4398   .debug_str:0000000000001541 .LASF677
C:\Users\zero6575\AppData\Local\Temp\ccaV7qZB.s:5362   .debug_str:0000000000004c7c .LASF678
C:\Users\zero6575\AppData\Local\Temp\ccaV7qZB.s:5360   .debug_str:0000000000004c47 .LASF679
C:\Users\zero6575\AppData\Local\Temp\ccaV7qZB.s:4754   .debug_str:0000000000002962 .LASF680
C:\Users\zero6575\AppData\Local\Temp\ccaV7qZB.s:4504   .debug_str:0000000000001bc7 .LASF685
C:\Users\zero6575\AppData\Local\Temp\ccaV7qZB.s:5498   .debug_str:00000000000054b3 .LASF687
C:\Users\zero6575\AppData\Local\Temp\ccaV7qZB.s:4998   .debug_str:0000000000003991 .LASF688
C:\Users\zero6575\AppData\Local\Temp\ccaV7qZB.s:4532   .debug_str:0000000000001d7d .LASF689
C:\Users\zero6575\AppData\Local\Temp\ccaV7qZB.s:5146   .debug_str:0000000000004124 .LASF690
C:\Users\zero6575\AppData\Local\Temp\ccaV7qZB.s:5620   .debug_str:0000000000005b6b .LASF691
C:\Users\zero6575\AppData\Local\Temp\ccaV7qZB.s:4378   .debug_str:0000000000001451 .LASF692
C:\Users\zero6575\AppData\Local\Temp\ccaV7qZB.s:4794   .debug_str:0000000000002b44 .LASF693
C:\Users\zero6575\AppData\Local\Temp\ccaV7qZB.s:4892   .debug_str:00000000000034b6 .LASF694
C:\Users\zero6575\AppData\Local\Temp\ccaV7qZB.s:4124   .debug_str:00000000000004c1 .LASF695
                           .group:0000000000000000 wm4.0.29db371e8b94e604acd9f4c2cef2c360
                           .group:0000000000000000 wm4.stdbool.h.29.07dce69c3b78884144b7f7bd19483461
                           .group:0000000000000000 wm4._newlib_version.h.4.9ba035841e762c3308916a0ce96032e7
                           .group:0000000000000000 wm4.newlib.h.24.c310527e65dab9224e8fef4278ad2129
                           .group:0000000000000000 wm4.ieeefp.h.195.a810689bf65b84f4ad2c33b483468c94
                           .group:0000000000000000 wm4.features.h.22.fad1cec3bc7ff06488171438dbdcfd02
                           .group:0000000000000000 wm4.config.h.83.0359905d884ebfe41c79e1d7c780ef62
                           .group:0000000000000000 wm4._ansi.h.31.de524f58584151836e90d8620a16f8e8
                           .group:0000000000000000 wm4.stddef.h.39.a38874c8f8a57e66301090908ec2a69f
                           .group:0000000000000000 wm4._types.h.20.dd0d04dca3800a0d2a6129b87f3adbb2
                           .group:0000000000000000 wm4.stddef.h.161.5349cb105733e8777bfb0cf53c4e3f34
                           .group:0000000000000000 wm4._default_types.h.6.74c1620e62c751216328238764a7f2e5
                           .group:0000000000000000 wm4._types.h.127.c5cfac939eadb83d223592dbacad7524
                           .group:0000000000000000 wm4.reent.h.17.487f8c1f76499d088b190f62530a0034
                           .group:0000000000000000 wm4.lock.h.2.c0958401bd0ce484d507ee19aacab817
                           .group:0000000000000000 wm4.reent.h.77.1187f1075ff88452c642b29ed9a9030d
                           .group:0000000000000000 wm4.cdefs.h.49.6260d97adb8d27534cbdc0f868b8ea87
                           .group:0000000000000000 wm4.string.h.15.dab3980bf35408a4c507182805e2de3a
                           .group:0000000000000000 wm4.stddef.h.161.19e15733342b50ead2919490b095303e
                           .group:0000000000000000 wm4.stdlib.h.13.4ed386f5c1a80d71e72172885d946ef2
                           .group:0000000000000000 wm4.alloca.h.8.dfc0c703c47ec3e69746825b17d9e66d
                           .group:0000000000000000 wm4.stdlib.h.56.f4862cfbf4363a1db01842d5bdf72c18

NO UNDEFINED SYMBOLS
