   1              		.file	"version.c"
   2              		.option nopic
   3              		.attribute arch, "rv64i2p0_m2p0_a2p0_c2p0"
   4              		.attribute unaligned_access, 0
   5              		.attribute stack_align, 16
   6              		.text
   7              	.Ltext0:
   8              		.cfi_sections	.debug_frame
   9              		.globl	BACnet_Version
  10              		.section	.rodata
  11              		.align	3
  12              	.LC0:
  13 0000 302E392E 		.string	"0.9.1"
  13      3100
  14              		.section	.sdata.BACnet_Version,"aw"
  15              		.align	3
  18              	BACnet_Version:
  19 0000 00000000 		.dword	.LC0
  19      00000000 
  20              		.text
  21              	.Letext0:
  22              		.file 1 "C:\\Users\\zero6575\\Libero\\fpga_labor\\fpga_labor\\software\\mpfs-mac-mcc-stack\\src\\m
  23              		.file 2 "../src/middleware/bacnet/src/version.c"
DEFINED SYMBOLS
                            *ABS*:0000000000000000 version.c
C:\Users\zero6575\AppData\Local\Temp\ccYEoqWN.s:18     .sdata.BACnet_Version:0000000000000000 BACnet_Version
C:\Users\zero6575\AppData\Local\Temp\ccYEoqWN.s:12     .rodata:0000000000000000 .LC0
C:\Users\zero6575\AppData\Local\Temp\ccYEoqWN.s:60     .debug_abbrev:0000000000000000 .Ldebug_abbrev0
C:\Users\zero6575\AppData\Local\Temp\ccYEoqWN.s:1723   .debug_str:0000000000001cd7 .LASF349
C:\Users\zero6575\AppData\Local\Temp\ccYEoqWN.s:1763   .debug_str:0000000000001fa3 .LASF350
C:\Users\zero6575\AppData\Local\Temp\ccYEoqWN.s:1689   .debug_str:0000000000001a8d .LASF351
C:\Users\zero6575\AppData\Local\Temp\ccYEoqWN.s:1219   .debug_line:0000000000000000 .Ldebug_line0
C:\Users\zero6575\AppData\Local\Temp\ccYEoqWN.s:144    .debug_macro:0000000000000000 .Ldebug_macro0
C:\Users\zero6575\AppData\Local\Temp\ccYEoqWN.s:1533   .debug_str:000000000000128e .LASF352
C:\Users\zero6575\AppData\Local\Temp\ccYEoqWN.s:1759   .debug_str:0000000000001f84 .LASF353
C:\Users\zero6575\AppData\Local\Temp\ccYEoqWN.s:25     .debug_info:0000000000000000 .Ldebug_info0
C:\Users\zero6575\AppData\Local\Temp\ccYEoqWN.s:162    .debug_macro:0000000000000000 .Ldebug_macro2
C:\Users\zero6575\AppData\Local\Temp\ccYEoqWN.s:1193   .debug_macro:0000000000000000 .Ldebug_macro3
C:\Users\zero6575\AppData\Local\Temp\ccYEoqWN.s:1713   .debug_str:0000000000001c52 .LASF0
C:\Users\zero6575\AppData\Local\Temp\ccYEoqWN.s:1241   .debug_str:00000000000000f7 .LASF1
C:\Users\zero6575\AppData\Local\Temp\ccYEoqWN.s:1795   .debug_str:00000000000021a8 .LASF2
C:\Users\zero6575\AppData\Local\Temp\ccYEoqWN.s:1817   .debug_str:00000000000022c3 .LASF3
C:\Users\zero6575\AppData\Local\Temp\ccYEoqWN.s:1305   .debug_str:000000000000051d .LASF4
C:\Users\zero6575\AppData\Local\Temp\ccYEoqWN.s:1595   .debug_str:0000000000001586 .LASF5
C:\Users\zero6575\AppData\Local\Temp\ccYEoqWN.s:1471   .debug_str:0000000000000f24 .LASF6
C:\Users\zero6575\AppData\Local\Temp\ccYEoqWN.s:1551   .debug_str:000000000000136e .LASF7
C:\Users\zero6575\AppData\Local\Temp\ccYEoqWN.s:1719   .debug_str:0000000000001ca6 .LASF8
C:\Users\zero6575\AppData\Local\Temp\ccYEoqWN.s:1725   .debug_str:0000000000001d9f .LASF9
C:\Users\zero6575\AppData\Local\Temp\ccYEoqWN.s:1565   .debug_str:0000000000001406 .LASF10
C:\Users\zero6575\AppData\Local\Temp\ccYEoqWN.s:1627   .debug_str:000000000000175e .LASF11
C:\Users\zero6575\AppData\Local\Temp\ccYEoqWN.s:1553   .debug_str:0000000000001384 .LASF12
C:\Users\zero6575\AppData\Local\Temp\ccYEoqWN.s:1873   .debug_str:0000000000002638 .LASF13
C:\Users\zero6575\AppData\Local\Temp\ccYEoqWN.s:1813   .debug_str:000000000000228c .LASF14
C:\Users\zero6575\AppData\Local\Temp\ccYEoqWN.s:1879   .debug_str:0000000000002676 .LASF15
C:\Users\zero6575\AppData\Local\Temp\ccYEoqWN.s:1351   .debug_str:000000000000080c .LASF16
C:\Users\zero6575\AppData\Local\Temp\ccYEoqWN.s:1393   .debug_str:0000000000000a89 .LASF17
C:\Users\zero6575\AppData\Local\Temp\ccYEoqWN.s:1913   .debug_str:000000000000281d .LASF18
C:\Users\zero6575\AppData\Local\Temp\ccYEoqWN.s:1365   .debug_str:00000000000008f1 .LASF19
C:\Users\zero6575\AppData\Local\Temp\ccYEoqWN.s:1439   .debug_str:0000000000000d38 .LASF20
C:\Users\zero6575\AppData\Local\Temp\ccYEoqWN.s:1517   .debug_str:00000000000011d9 .LASF21
C:\Users\zero6575\AppData\Local\Temp\ccYEoqWN.s:1705   .debug_str:0000000000001bbb .LASF22
C:\Users\zero6575\AppData\Local\Temp\ccYEoqWN.s:1405   .debug_str:0000000000000b7f .LASF23
C:\Users\zero6575\AppData\Local\Temp\ccYEoqWN.s:1459   .debug_str:0000000000000e72 .LASF24
C:\Users\zero6575\AppData\Local\Temp\ccYEoqWN.s:1235   .debug_str:00000000000000b5 .LASF25
C:\Users\zero6575\AppData\Local\Temp\ccYEoqWN.s:1639   .debug_str:00000000000017f5 .LASF26
C:\Users\zero6575\AppData\Local\Temp\ccYEoqWN.s:1569   .debug_str:0000000000001432 .LASF27
C:\Users\zero6575\AppData\Local\Temp\ccYEoqWN.s:1721   .debug_str:0000000000001cba .LASF28
C:\Users\zero6575\AppData\Local\Temp\ccYEoqWN.s:1505   .debug_str:0000000000001137 .LASF29
C:\Users\zero6575\AppData\Local\Temp\ccYEoqWN.s:1715   .debug_str:0000000000001c5d .LASF30
C:\Users\zero6575\AppData\Local\Temp\ccYEoqWN.s:1379   .debug_str:00000000000009ac .LASF31
C:\Users\zero6575\AppData\Local\Temp\ccYEoqWN.s:1385   .debug_str:0000000000000a05 .LASF32
C:\Users\zero6575\AppData\Local\Temp\ccYEoqWN.s:1243   .debug_str:0000000000000110 .LASF33
C:\Users\zero6575\AppData\Local\Temp\ccYEoqWN.s:1483   .debug_str:0000000000000fdd .LASF34
C:\Users\zero6575\AppData\Local\Temp\ccYEoqWN.s:1433   .debug_str:0000000000000ceb .LASF35
C:\Users\zero6575\AppData\Local\Temp\ccYEoqWN.s:1875   .debug_str:000000000000264b .LASF36
C:\Users\zero6575\AppData\Local\Temp\ccYEoqWN.s:1283   .debug_str:000000000000039f .LASF37
C:\Users\zero6575\AppData\Local\Temp\ccYEoqWN.s:1797   .debug_str:00000000000021ba .LASF38
C:\Users\zero6575\AppData\Local\Temp\ccYEoqWN.s:1593   .debug_str:0000000000001563 .LASF39
C:\Users\zero6575\AppData\Local\Temp\ccYEoqWN.s:1893   .debug_str:000000000000271d .LASF40
C:\Users\zero6575\AppData\Local\Temp\ccYEoqWN.s:1687   .debug_str:0000000000001a70 .LASF41
C:\Users\zero6575\AppData\Local\Temp\ccYEoqWN.s:1345   .debug_str:00000000000007a4 .LASF42
C:\Users\zero6575\AppData\Local\Temp\ccYEoqWN.s:1585   .debug_str:0000000000001507 .LASF43
C:\Users\zero6575\AppData\Local\Temp\ccYEoqWN.s:1601   .debug_str:00000000000015c5 .LASF44
C:\Users\zero6575\AppData\Local\Temp\ccYEoqWN.s:1343   .debug_str:0000000000000791 .LASF45
C:\Users\zero6575\AppData\Local\Temp\ccYEoqWN.s:1901   .debug_str:0000000000002784 .LASF46
C:\Users\zero6575\AppData\Local\Temp\ccYEoqWN.s:1589   .debug_str:0000000000001532 .LASF47
C:\Users\zero6575\AppData\Local\Temp\ccYEoqWN.s:1819   .debug_str:00000000000022d5 .LASF48
C:\Users\zero6575\AppData\Local\Temp\ccYEoqWN.s:1319   .debug_str:00000000000005fa .LASF49
C:\Users\zero6575\AppData\Local\Temp\ccYEoqWN.s:1415   .debug_str:0000000000000bcc .LASF50
C:\Users\zero6575\AppData\Local\Temp\ccYEoqWN.s:1699   .debug_str:0000000000001b77 .LASF51
C:\Users\zero6575\AppData\Local\Temp\ccYEoqWN.s:1391   .debug_str:0000000000000a6a .LASF52
C:\Users\zero6575\AppData\Local\Temp\ccYEoqWN.s:1417   .debug_str:0000000000000bee .LASF53
C:\Users\zero6575\AppData\Local\Temp\ccYEoqWN.s:1469   .debug_str:0000000000000f06 .LASF54
C:\Users\zero6575\AppData\Local\Temp\ccYEoqWN.s:1899   .debug_str:0000000000002761 .LASF55
C:\Users\zero6575\AppData\Local\Temp\ccYEoqWN.s:1611   .debug_str:0000000000001664 .LASF56
C:\Users\zero6575\AppData\Local\Temp\ccYEoqWN.s:1847   .debug_str:00000000000024bd .LASF57
C:\Users\zero6575\AppData\Local\Temp\ccYEoqWN.s:1457   .debug_str:0000000000000e4a .LASF58
C:\Users\zero6575\AppData\Local\Temp\ccYEoqWN.s:1397   .debug_str:0000000000000ac6 .LASF59
C:\Users\zero6575\AppData\Local\Temp\ccYEoqWN.s:1883   .debug_str:00000000000026a8 .LASF60
C:\Users\zero6575\AppData\Local\Temp\ccYEoqWN.s:1849   .debug_str:00000000000024e0 .LASF61
C:\Users\zero6575\AppData\Local\Temp\ccYEoqWN.s:1449   .debug_str:0000000000000df6 .LASF62
C:\Users\zero6575\AppData\Local\Temp\ccYEoqWN.s:1799   .debug_str:00000000000021d3 .LASF63
C:\Users\zero6575\AppData\Local\Temp\ccYEoqWN.s:1851   .debug_str:00000000000024f8 .LASF64
C:\Users\zero6575\AppData\Local\Temp\ccYEoqWN.s:1571   .debug_str:000000000000144b .LASF65
C:\Users\zero6575\AppData\Local\Temp\ccYEoqWN.s:1377   .debug_str:0000000000000985 .LASF66
C:\Users\zero6575\AppData\Local\Temp\ccYEoqWN.s:1507   .debug_str:0000000000001151 .LASF67
C:\Users\zero6575\AppData\Local\Temp\ccYEoqWN.s:1613   .debug_str:000000000000168d .LASF68
C:\Users\zero6575\AppData\Local\Temp\ccYEoqWN.s:1807   .debug_str:0000000000002231 .LASF69
C:\Users\zero6575\AppData\Local\Temp\ccYEoqWN.s:1395   .debug_str:0000000000000a94 .LASF70
C:\Users\zero6575\AppData\Local\Temp\ccYEoqWN.s:1833   .debug_str:00000000000023d0 .LASF71
C:\Users\zero6575\AppData\Local\Temp\ccYEoqWN.s:1547   .debug_str:0000000000001333 .LASF72
C:\Users\zero6575\AppData\Local\Temp\ccYEoqWN.s:1703   .debug_str:0000000000001ba7 .LASF73
C:\Users\zero6575\AppData\Local\Temp\ccYEoqWN.s:1541   .debug_str:00000000000012e5 .LASF74
C:\Users\zero6575\AppData\Local\Temp\ccYEoqWN.s:1695   .debug_str:0000000000001b40 .LASF75
C:\Users\zero6575\AppData\Local\Temp\ccYEoqWN.s:1481   .debug_str:0000000000000fb6 .LASF76
C:\Users\zero6575\AppData\Local\Temp\ccYEoqWN.s:1709   .debug_str:0000000000001bf3 .LASF77
C:\Users\zero6575\AppData\Local\Temp\ccYEoqWN.s:1677   .debug_str:00000000000019ea .LASF78
C:\Users\zero6575\AppData\Local\Temp\ccYEoqWN.s:1729   .debug_str:0000000000001dc1 .LASF79
C:\Users\zero6575\AppData\Local\Temp\ccYEoqWN.s:1307   .debug_str:000000000000052f .LASF80
C:\Users\zero6575\AppData\Local\Temp\ccYEoqWN.s:1749   .debug_str:0000000000001f00 .LASF81
C:\Users\zero6575\AppData\Local\Temp\ccYEoqWN.s:1497   .debug_str:00000000000010ab .LASF82
C:\Users\zero6575\AppData\Local\Temp\ccYEoqWN.s:1325   .debug_str:0000000000000662 .LASF83
C:\Users\zero6575\AppData\Local\Temp\ccYEoqWN.s:1339   .debug_str:000000000000076a .LASF84
C:\Users\zero6575\AppData\Local\Temp\ccYEoqWN.s:1587   .debug_str:0000000000001521 .LASF85
C:\Users\zero6575\AppData\Local\Temp\ccYEoqWN.s:1671   .debug_str:00000000000019ac .LASF86
C:\Users\zero6575\AppData\Local\Temp\ccYEoqWN.s:1781   .debug_str:0000000000002074 .LASF87
C:\Users\zero6575\AppData\Local\Temp\ccYEoqWN.s:1247   .debug_str:0000000000000140 .LASF88
C:\Users\zero6575\AppData\Local\Temp\ccYEoqWN.s:1413   .debug_str:0000000000000bba .LASF89
C:\Users\zero6575\AppData\Local\Temp\ccYEoqWN.s:1463   .debug_str:0000000000000ea8 .LASF90
C:\Users\zero6575\AppData\Local\Temp\ccYEoqWN.s:1673   .debug_str:00000000000019be .LASF91
C:\Users\zero6575\AppData\Local\Temp\ccYEoqWN.s:1625   .debug_str:000000000000173b .LASF92
C:\Users\zero6575\AppData\Local\Temp\ccYEoqWN.s:1427   .debug_str:0000000000000c9f .LASF93
C:\Users\zero6575\AppData\Local\Temp\ccYEoqWN.s:1857   .debug_str:0000000000002535 .LASF94
C:\Users\zero6575\AppData\Local\Temp\ccYEoqWN.s:1787   .debug_str:000000000000210c .LASF95
C:\Users\zero6575\AppData\Local\Temp\ccYEoqWN.s:1591   .debug_str:000000000000154f .LASF96
C:\Users\zero6575\AppData\Local\Temp\ccYEoqWN.s:1753   .debug_str:0000000000001f3d .LASF97
C:\Users\zero6575\AppData\Local\Temp\ccYEoqWN.s:1839   .debug_str:0000000000002420 .LASF98
C:\Users\zero6575\AppData\Local\Temp\ccYEoqWN.s:1775   .debug_str:0000000000002033 .LASF99
C:\Users\zero6575\AppData\Local\Temp\ccYEoqWN.s:1865   .debug_str:00000000000025cc .LASF100
C:\Users\zero6575\AppData\Local\Temp\ccYEoqWN.s:1579   .debug_str:00000000000014b8 .LASF101
C:\Users\zero6575\AppData\Local\Temp\ccYEoqWN.s:1651   .debug_str:00000000000018a0 .LASF102
C:\Users\zero6575\AppData\Local\Temp\ccYEoqWN.s:1743   .debug_str:0000000000001eba .LASF103
C:\Users\zero6575\AppData\Local\Temp\ccYEoqWN.s:1411   .debug_str:0000000000000ba7 .LASF104
C:\Users\zero6575\AppData\Local\Temp\ccYEoqWN.s:1373   .debug_str:0000000000000954 .LASF105
C:\Users\zero6575\AppData\Local\Temp\ccYEoqWN.s:1907   .debug_str:00000000000027d2 .LASF106
C:\Users\zero6575\AppData\Local\Temp\ccYEoqWN.s:1815   .debug_str:000000000000229f .LASF107
C:\Users\zero6575\AppData\Local\Temp\ccYEoqWN.s:1915   .debug_str:000000000000282e .LASF108
C:\Users\zero6575\AppData\Local\Temp\ccYEoqWN.s:1465   .debug_str:0000000000000ebd .LASF109
C:\Users\zero6575\AppData\Local\Temp\ccYEoqWN.s:1609   .debug_str:000000000000164d .LASF110
C:\Users\zero6575\AppData\Local\Temp\ccYEoqWN.s:1667   .debug_str:000000000000197a .LASF111
C:\Users\zero6575\AppData\Local\Temp\ccYEoqWN.s:1527   .debug_str:0000000000001251 .LASF112
C:\Users\zero6575\AppData\Local\Temp\ccYEoqWN.s:1353   .debug_str:0000000000000814 .LASF113
C:\Users\zero6575\AppData\Local\Temp\ccYEoqWN.s:1633   .debug_str:00000000000017a3 .LASF114
C:\Users\zero6575\AppData\Local\Temp\ccYEoqWN.s:1295   .debug_str:0000000000000460 .LASF115
C:\Users\zero6575\AppData\Local\Temp\ccYEoqWN.s:1279   .debug_str:0000000000000361 .LASF116
C:\Users\zero6575\AppData\Local\Temp\ccYEoqWN.s:1549   .debug_str:0000000000001346 .LASF117
C:\Users\zero6575\AppData\Local\Temp\ccYEoqWN.s:1447   .debug_str:0000000000000de2 .LASF118
C:\Users\zero6575\AppData\Local\Temp\ccYEoqWN.s:1903   .debug_str:000000000000279c .LASF119
C:\Users\zero6575\AppData\Local\Temp\ccYEoqWN.s:1573   .debug_str:000000000000146d .LASF120
C:\Users\zero6575\AppData\Local\Temp\ccYEoqWN.s:1895   .debug_str:0000000000002740 .LASF121
C:\Users\zero6575\AppData\Local\Temp\ccYEoqWN.s:1387   .debug_str:0000000000000a32 .LASF122
C:\Users\zero6575\AppData\Local\Temp\ccYEoqWN.s:1701   .debug_str:0000000000001b97 .LASF123
C:\Users\zero6575\AppData\Local\Temp\ccYEoqWN.s:1233   .debug_str:0000000000000094 .LASF124
C:\Users\zero6575\AppData\Local\Temp\ccYEoqWN.s:1583   .debug_str:00000000000014f2 .LASF125
C:\Users\zero6575\AppData\Local\Temp\ccYEoqWN.s:1499   .debug_str:00000000000010cd .LASF126
C:\Users\zero6575\AppData\Local\Temp\ccYEoqWN.s:1287   .debug_str:00000000000003fb .LASF127
C:\Users\zero6575\AppData\Local\Temp\ccYEoqWN.s:1905   .debug_str:00000000000027b5 .LASF128
C:\Users\zero6575\AppData\Local\Temp\ccYEoqWN.s:1871   .debug_str:0000000000002621 .LASF129
C:\Users\zero6575\AppData\Local\Temp\ccYEoqWN.s:1835   .debug_str:00000000000023e7 .LASF130
C:\Users\zero6575\AppData\Local\Temp\ccYEoqWN.s:1487   .debug_str:0000000000001010 .LASF131
C:\Users\zero6575\AppData\Local\Temp\ccYEoqWN.s:1809   .debug_str:0000000000002259 .LASF132
C:\Users\zero6575\AppData\Local\Temp\ccYEoqWN.s:1225   .debug_str:0000000000000038 .LASF133
C:\Users\zero6575\AppData\Local\Temp\ccYEoqWN.s:1501   .debug_str:00000000000010f7 .LASF134
C:\Users\zero6575\AppData\Local\Temp\ccYEoqWN.s:1841   .debug_str:000000000000244d .LASF135
C:\Users\zero6575\AppData\Local\Temp\ccYEoqWN.s:1221   .debug_str:0000000000000000 .LASF136
C:\Users\zero6575\AppData\Local\Temp\ccYEoqWN.s:1371   .debug_str:0000000000000934 .LASF137
C:\Users\zero6575\AppData\Local\Temp\ccYEoqWN.s:1793   .debug_str:0000000000002188 .LASF138
C:\Users\zero6575\AppData\Local\Temp\ccYEoqWN.s:1257   .debug_str:00000000000001df .LASF139
C:\Users\zero6575\AppData\Local\Temp\ccYEoqWN.s:1399   .debug_str:0000000000000add .LASF140
C:\Users\zero6575\AppData\Local\Temp\ccYEoqWN.s:1303   .debug_str:0000000000000509 .LASF141
C:\Users\zero6575\AppData\Local\Temp\ccYEoqWN.s:1281   .debug_str:000000000000037a .LASF142
C:\Users\zero6575\AppData\Local\Temp\ccYEoqWN.s:1733   .debug_str:0000000000001def .LASF143
C:\Users\zero6575\AppData\Local\Temp\ccYEoqWN.s:1623   .debug_str:0000000000001723 .LASF144
C:\Users\zero6575\AppData\Local\Temp\ccYEoqWN.s:1697   .debug_str:0000000000001b61 .LASF145
C:\Users\zero6575\AppData\Local\Temp\ccYEoqWN.s:1309   .debug_str:000000000000053f .LASF146
C:\Users\zero6575\AppData\Local\Temp\ccYEoqWN.s:1477   .debug_str:0000000000000f84 .LASF147
C:\Users\zero6575\AppData\Local\Temp\ccYEoqWN.s:1767   .debug_str:0000000000001fe1 .LASF148
C:\Users\zero6575\AppData\Local\Temp\ccYEoqWN.s:1927   .debug_str:00000000000028c5 .LASF149
C:\Users\zero6575\AppData\Local\Temp\ccYEoqWN.s:1441   .debug_str:0000000000000d4f .LASF150
C:\Users\zero6575\AppData\Local\Temp\ccYEoqWN.s:1493   .debug_str:0000000000001056 .LASF151
C:\Users\zero6575\AppData\Local\Temp\ccYEoqWN.s:1867   .debug_str:00000000000025de .LASF152
C:\Users\zero6575\AppData\Local\Temp\ccYEoqWN.s:1531   .debug_str:000000000000127a .LASF153
C:\Users\zero6575\AppData\Local\Temp\ccYEoqWN.s:1451   .debug_str:0000000000000e13 .LASF154
C:\Users\zero6575\AppData\Local\Temp\ccYEoqWN.s:1563   .debug_str:00000000000013f0 .LASF155
C:\Users\zero6575\AppData\Local\Temp\ccYEoqWN.s:1641   .debug_str:0000000000001804 .LASF156
C:\Users\zero6575\AppData\Local\Temp\ccYEoqWN.s:1519   .debug_str:00000000000011ec .LASF157
C:\Users\zero6575\AppData\Local\Temp\ccYEoqWN.s:1349   .debug_str:00000000000007d2 .LASF158
C:\Users\zero6575\AppData\Local\Temp\ccYEoqWN.s:1401   .debug_str:0000000000000b00 .LASF159
C:\Users\zero6575\AppData\Local\Temp\ccYEoqWN.s:1367   .debug_str:0000000000000903 .LASF160
C:\Users\zero6575\AppData\Local\Temp\ccYEoqWN.s:1773   .debug_str:000000000000201c .LASF161
C:\Users\zero6575\AppData\Local\Temp\ccYEoqWN.s:1491   .debug_str:000000000000103e .LASF162
C:\Users\zero6575\AppData\Local\Temp\ccYEoqWN.s:1327   .debug_str:0000000000000674 .LASF163
C:\Users\zero6575\AppData\Local\Temp\ccYEoqWN.s:1561   .debug_str:00000000000013e1 .LASF164
C:\Users\zero6575\AppData\Local\Temp\ccYEoqWN.s:1755   .debug_str:0000000000001f5b .LASF165
C:\Users\zero6575\AppData\Local\Temp\ccYEoqWN.s:1921   .debug_str:000000000000287b .LASF166
C:\Users\zero6575\AppData\Local\Temp\ccYEoqWN.s:1615   .debug_str:00000000000016b0 .LASF167
C:\Users\zero6575\AppData\Local\Temp\ccYEoqWN.s:1273   .debug_str:00000000000002d4 .LASF168
C:\Users\zero6575\AppData\Local\Temp\ccYEoqWN.s:1559   .debug_str:00000000000013ca .LASF169
C:\Users\zero6575\AppData\Local\Temp\ccYEoqWN.s:1861   .debug_str:0000000000002578 .LASF170
C:\Users\zero6575\AppData\Local\Temp\ccYEoqWN.s:1255   .debug_str:000000000000019d .LASF171
C:\Users\zero6575\AppData\Local\Temp\ccYEoqWN.s:1311   .debug_str:0000000000000560 .LASF172
C:\Users\zero6575\AppData\Local\Temp\ccYEoqWN.s:1445   .debug_str:0000000000000d99 .LASF173
C:\Users\zero6575\AppData\Local\Temp\ccYEoqWN.s:1535   .debug_str:000000000000129d .LASF174
C:\Users\zero6575\AppData\Local\Temp\ccYEoqWN.s:1289   .debug_str:0000000000000411 .LASF175
C:\Users\zero6575\AppData\Local\Temp\ccYEoqWN.s:1335   .debug_str:0000000000000713 .LASF176
C:\Users\zero6575\AppData\Local\Temp\ccYEoqWN.s:1265   .debug_str:0000000000000253 .LASF177
C:\Users\zero6575\AppData\Local\Temp\ccYEoqWN.s:1823   .debug_str:0000000000002313 .LASF178
C:\Users\zero6575\AppData\Local\Temp\ccYEoqWN.s:1437   .debug_str:0000000000000d1e .LASF179
C:\Users\zero6575\AppData\Local\Temp\ccYEoqWN.s:1509   .debug_str:000000000000116a .LASF180
C:\Users\zero6575\AppData\Local\Temp\ccYEoqWN.s:1683   .debug_str:0000000000001a47 .LASF181
C:\Users\zero6575\AppData\Local\Temp\ccYEoqWN.s:1263   .debug_str:000000000000023a .LASF182
C:\Users\zero6575\AppData\Local\Temp\ccYEoqWN.s:1485   .debug_str:0000000000000ffd .LASF183
C:\Users\zero6575\AppData\Local\Temp\ccYEoqWN.s:1877   .debug_str:000000000000265e .LASF184
C:\Users\zero6575\AppData\Local\Temp\ccYEoqWN.s:1357   .debug_str:0000000000000851 .LASF185
C:\Users\zero6575\AppData\Local\Temp\ccYEoqWN.s:1277   .debug_str:0000000000000327 .LASF186
C:\Users\zero6575\AppData\Local\Temp\ccYEoqWN.s:1443   .debug_str:0000000000000d5d .LASF187
C:\Users\zero6575\AppData\Local\Temp\ccYEoqWN.s:1403   .debug_str:0000000000000b3e .LASF188
C:\Users\zero6575\AppData\Local\Temp\ccYEoqWN.s:1803   .debug_str:0000000000002201 .LASF189
C:\Users\zero6575\AppData\Local\Temp\ccYEoqWN.s:1363   .debug_str:00000000000008d9 .LASF190
C:\Users\zero6575\AppData\Local\Temp\ccYEoqWN.s:1751   .debug_str:0000000000001f24 .LASF191
C:\Users\zero6575\AppData\Local\Temp\ccYEoqWN.s:1489   .debug_str:0000000000001028 .LASF192
C:\Users\zero6575\AppData\Local\Temp\ccYEoqWN.s:1227   .debug_str:0000000000000050 .LASF193
C:\Users\zero6575\AppData\Local\Temp\ccYEoqWN.s:1891   .debug_str:0000000000002704 .LASF194
C:\Users\zero6575\AppData\Local\Temp\ccYEoqWN.s:1555   .debug_str:0000000000001397 .LASF195
C:\Users\zero6575\AppData\Local\Temp\ccYEoqWN.s:1419   .debug_str:0000000000000c07 .LASF196
C:\Users\zero6575\AppData\Local\Temp\ccYEoqWN.s:1513   .debug_str:00000000000011a7 .LASF197
C:\Users\zero6575\AppData\Local\Temp\ccYEoqWN.s:1631   .debug_str:000000000000178b .LASF198
C:\Users\zero6575\AppData\Local\Temp\ccYEoqWN.s:1691   .debug_str:0000000000001aef .LASF199
C:\Users\zero6575\AppData\Local\Temp\ccYEoqWN.s:1467   .debug_str:0000000000000ecb .LASF200
C:\Users\zero6575\AppData\Local\Temp\ccYEoqWN.s:1329   .debug_str:0000000000000688 .LASF201
C:\Users\zero6575\AppData\Local\Temp\ccYEoqWN.s:1331   .debug_str:00000000000006c6 .LASF202
C:\Users\zero6575\AppData\Local\Temp\ccYEoqWN.s:1765   .debug_str:0000000000001fca .LASF203
C:\Users\zero6575\AppData\Local\Temp\ccYEoqWN.s:1359   .debug_str:000000000000088b .LASF204
C:\Users\zero6575\AppData\Local\Temp\ccYEoqWN.s:1827   .debug_str:0000000000002350 .LASF205
C:\Users\zero6575\AppData\Local\Temp\ccYEoqWN.s:1771   .debug_str:0000000000002006 .LASF206
C:\Users\zero6575\AppData\Local\Temp\ccYEoqWN.s:1853   .debug_str:000000000000251a .LASF207
C:\Users\zero6575\AppData\Local\Temp\ccYEoqWN.s:1805   .debug_str:0000000000002217 .LASF208
C:\Users\zero6575\AppData\Local\Temp\ccYEoqWN.s:1655   .debug_str:00000000000018c7 .LASF209
C:\Users\zero6575\AppData\Local\Temp\ccYEoqWN.s:1421   .debug_str:0000000000000c1d .LASF210
C:\Users\zero6575\AppData\Local\Temp\ccYEoqWN.s:1925   .debug_str:00000000000028ac .LASF211
C:\Users\zero6575\AppData\Local\Temp\ccYEoqWN.s:1779   .debug_str:000000000000205b .LASF212
C:\Users\zero6575\AppData\Local\Temp\ccYEoqWN.s:1267   .debug_str:0000000000000269 .LASF213
C:\Users\zero6575\AppData\Local\Temp\ccYEoqWN.s:1275   .debug_str:00000000000002eb .LASF214
C:\Users\zero6575\AppData\Local\Temp\ccYEoqWN.s:1337   .debug_str:000000000000072b .LASF215
C:\Users\zero6575\AppData\Local\Temp\ccYEoqWN.s:1783   .debug_str:000000000000208b .LASF216
C:\Users\zero6575\AppData\Local\Temp\ccYEoqWN.s:1665   .debug_str:0000000000001963 .LASF217
C:\Users\zero6575\AppData\Local\Temp\ccYEoqWN.s:1523   .debug_str:0000000000001229 .LASF218
C:\Users\zero6575\AppData\Local\Temp\ccYEoqWN.s:1321   .debug_str:0000000000000617 .LASF219
C:\Users\zero6575\AppData\Local\Temp\ccYEoqWN.s:1229   .debug_str:0000000000000060 .LASF220
C:\Users\zero6575\AppData\Local\Temp\ccYEoqWN.s:1897   .debug_str:000000000000274f .LASF221
C:\Users\zero6575\AppData\Local\Temp\ccYEoqWN.s:1369   .debug_str:0000000000000918 .LASF222
C:\Users\zero6575\AppData\Local\Temp\ccYEoqWN.s:1539   .debug_str:00000000000012c7 .LASF223
C:\Users\zero6575\AppData\Local\Temp\ccYEoqWN.s:1223   .debug_str:000000000000001f .LASF224
C:\Users\zero6575\AppData\Local\Temp\ccYEoqWN.s:1881   .debug_str:000000000000268d .LASF225
C:\Users\zero6575\AppData\Local\Temp\ccYEoqWN.s:1675   .debug_str:00000000000019d0 .LASF226
C:\Users\zero6575\AppData\Local\Temp\ccYEoqWN.s:1831   .debug_str:0000000000002391 .LASF227
C:\Users\zero6575\AppData\Local\Temp\ccYEoqWN.s:1845   .debug_str:000000000000247e .LASF228
C:\Users\zero6575\AppData\Local\Temp\ccYEoqWN.s:1299   .debug_str:00000000000004b0 .LASF229
C:\Users\zero6575\AppData\Local\Temp\ccYEoqWN.s:1711   .debug_str:0000000000001c0c .LASF230
C:\Users\zero6575\AppData\Local\Temp\ccYEoqWN.s:1543   .debug_str:00000000000012fc .LASF231
C:\Users\zero6575\AppData\Local\Temp\ccYEoqWN.s:1515   .debug_str:00000000000011bf .LASF232
C:\Users\zero6575\AppData\Local\Temp\ccYEoqWN.s:1291   .debug_str:0000000000000428 .LASF233
C:\Users\zero6575\AppData\Local\Temp\ccYEoqWN.s:1619   .debug_str:00000000000016fb .LASF234
C:\Users\zero6575\AppData\Local\Temp\ccYEoqWN.s:1685   .debug_str:0000000000001a5e .LASF235
C:\Users\zero6575\AppData\Local\Temp\ccYEoqWN.s:1383   .debug_str:00000000000009ea .LASF236
C:\Users\zero6575\AppData\Local\Temp\ccYEoqWN.s:1293   .debug_str:0000000000000443 .LASF237
C:\Users\zero6575\AppData\Local\Temp\ccYEoqWN.s:1261   .debug_str:0000000000000222 .LASF238
C:\Users\zero6575\AppData\Local\Temp\ccYEoqWN.s:1575   .debug_str:0000000000001486 .LASF239
C:\Users\zero6575\AppData\Local\Temp\ccYEoqWN.s:1645   .debug_str:0000000000001850 .LASF240
C:\Users\zero6575\AppData\Local\Temp\ccYEoqWN.s:1785   .debug_str:00000000000020ce .LASF241
C:\Users\zero6575\AppData\Local\Temp\ccYEoqWN.s:1495   .debug_str:000000000000106d .LASF242
C:\Users\zero6575\AppData\Local\Temp\ccYEoqWN.s:1297   .debug_str:000000000000046f .LASF243
C:\Users\zero6575\AppData\Local\Temp\ccYEoqWN.s:1739   .debug_str:0000000000001e5d .LASF244
C:\Users\zero6575\AppData\Local\Temp\ccYEoqWN.s:1237   .debug_str:00000000000000c9 .LASF245
C:\Users\zero6575\AppData\Local\Temp\ccYEoqWN.s:1761   .debug_str:0000000000001f89 .LASF246
C:\Users\zero6575\AppData\Local\Temp\ccYEoqWN.s:1269   .debug_str:00000000000002a5 .LASF247
C:\Users\zero6575\AppData\Local\Temp\ccYEoqWN.s:1741   .debug_str:0000000000001ea2 .LASF248
C:\Users\zero6575\AppData\Local\Temp\ccYEoqWN.s:1863   .debug_str:00000000000025ba .LASF249
C:\Users\zero6575\AppData\Local\Temp\ccYEoqWN.s:1231   .debug_str:0000000000000078 .LASF250
C:\Users\zero6575\AppData\Local\Temp\ccYEoqWN.s:1313   .debug_str:00000000000005a5 .LASF251
C:\Users\zero6575\AppData\Local\Temp\ccYEoqWN.s:1435   .debug_str:0000000000000d05 .LASF252
C:\Users\zero6575\AppData\Local\Temp\ccYEoqWN.s:1821   .debug_str:00000000000022f8 .LASF253
C:\Users\zero6575\AppData\Local\Temp\ccYEoqWN.s:1259   .debug_str:0000000000000208 .LASF254
C:\Users\zero6575\AppData\Local\Temp\ccYEoqWN.s:1789   .debug_str:0000000000002123 .LASF255
C:\Users\zero6575\AppData\Local\Temp\ccYEoqWN.s:1473   .debug_str:0000000000000f35 .LASF256
C:\Users\zero6575\AppData\Local\Temp\ccYEoqWN.s:1285   .debug_str:00000000000003ba .LASF257
C:\Users\zero6575\AppData\Local\Temp\ccYEoqWN.s:1423   .debug_str:0000000000000c34 .LASF258
C:\Users\zero6575\AppData\Local\Temp\ccYEoqWN.s:1301   .debug_str:00000000000004f1 .LASF259
C:\Users\zero6575\AppData\Local\Temp\ccYEoqWN.s:1529   .debug_str:0000000000001260 .LASF260
C:\Users\zero6575\AppData\Local\Temp\ccYEoqWN.s:1375   .debug_str:000000000000096a .LASF261
C:\Users\zero6575\AppData\Local\Temp\ccYEoqWN.s:1731   .debug_str:0000000000001dda .LASF262
C:\Users\zero6575\AppData\Local\Temp\ccYEoqWN.s:1649   .debug_str:0000000000001888 .LASF263
C:\Users\zero6575\AppData\Local\Temp\ccYEoqWN.s:1341   .debug_str:000000000000077c .LASF264
C:\Users\zero6575\AppData\Local\Temp\ccYEoqWN.s:1637   .debug_str:00000000000017df .LASF265
C:\Users\zero6575\AppData\Local\Temp\ccYEoqWN.s:1479   .debug_str:0000000000000f9a .LASF266
C:\Users\zero6575\AppData\Local\Temp\ccYEoqWN.s:1843   .debug_str:0000000000002465 .LASF267
C:\Users\zero6575\AppData\Local\Temp\ccYEoqWN.s:1829   .debug_str:000000000000236a .LASF268
C:\Users\zero6575\AppData\Local\Temp\ccYEoqWN.s:1251   .debug_str:000000000000016e .LASF269
C:\Users\zero6575\AppData\Local\Temp\ccYEoqWN.s:1253   .debug_str:0000000000000184 .LASF270
C:\Users\zero6575\AppData\Local\Temp\ccYEoqWN.s:1347   .debug_str:00000000000007bc .LASF271
C:\Users\zero6575\AppData\Local\Temp\ccYEoqWN.s:1919   .debug_str:0000000000002864 .LASF272
C:\Users\zero6575\AppData\Local\Temp\ccYEoqWN.s:1791   .debug_str:0000000000002162 .LASF273
C:\Users\zero6575\AppData\Local\Temp\ccYEoqWN.s:1629   .debug_str:0000000000001771 .LASF274
C:\Users\zero6575\AppData\Local\Temp\ccYEoqWN.s:1323   .debug_str:0000000000000631 .LASF275
C:\Users\zero6575\AppData\Local\Temp\ccYEoqWN.s:1669   .debug_str:0000000000001995 .LASF276
C:\Users\zero6575\AppData\Local\Temp\ccYEoqWN.s:1249   .debug_str:0000000000000153 .LASF277
C:\Users\zero6575\AppData\Local\Temp\ccYEoqWN.s:1577   .debug_str:00000000000014a0 .LASF278
C:\Users\zero6575\AppData\Local\Temp\ccYEoqWN.s:1567   .debug_str:0000000000001419 .LASF279
C:\Users\zero6575\AppData\Local\Temp\ccYEoqWN.s:1607   .debug_str:0000000000001613 .LASF280
C:\Users\zero6575\AppData\Local\Temp\ccYEoqWN.s:1245   .debug_str:0000000000000125 .LASF281
C:\Users\zero6575\AppData\Local\Temp\ccYEoqWN.s:1737   .debug_str:0000000000001e18 .LASF282
C:\Users\zero6575\AppData\Local\Temp\ccYEoqWN.s:1811   .debug_str:0000000000002277 .LASF283
C:\Users\zero6575\AppData\Local\Temp\ccYEoqWN.s:1887   .debug_str:00000000000026d6 .LASF284
C:\Users\zero6575\AppData\Local\Temp\ccYEoqWN.s:1923   .debug_str:0000000000002895 .LASF285
C:\Users\zero6575\AppData\Local\Temp\ccYEoqWN.s:1453   .debug_str:0000000000000e29 .LASF286
C:\Users\zero6575\AppData\Local\Temp\ccYEoqWN.s:1581   .debug_str:00000000000014cd .LASF287
C:\Users\zero6575\AppData\Local\Temp\ccYEoqWN.s:1707   .debug_str:0000000000001bce .LASF288
C:\Users\zero6575\AppData\Local\Temp\ccYEoqWN.s:1917   .debug_str:0000000000002846 .LASF289
C:\Users\zero6575\AppData\Local\Temp\ccYEoqWN.s:1647   .debug_str:000000000000186a .LASF290
C:\Users\zero6575\AppData\Local\Temp\ccYEoqWN.s:1679   .debug_str:0000000000001a0d .LASF291
C:\Users\zero6575\AppData\Local\Temp\ccYEoqWN.s:1429   .debug_str:0000000000000cb4 .LASF292
C:\Users\zero6575\AppData\Local\Temp\ccYEoqWN.s:1317   .debug_str:00000000000005d9 .LASF293
C:\Users\zero6575\AppData\Local\Temp\ccYEoqWN.s:1599   .debug_str:00000000000015a6 .LASF294
C:\Users\zero6575\AppData\Local\Temp\ccYEoqWN.s:1635   .debug_str:00000000000017c2 .LASF295
C:\Users\zero6575\AppData\Local\Temp\ccYEoqWN.s:1859   .debug_str:000000000000255a .LASF296
C:\Users\zero6575\AppData\Local\Temp\ccYEoqWN.s:1545   .debug_str:0000000000001314 .LASF297
C:\Users\zero6575\AppData\Local\Temp\ccYEoqWN.s:1355   .debug_str:000000000000082d .LASF298
C:\Users\zero6575\AppData\Local\Temp\ccYEoqWN.s:1511   .debug_str:0000000000001186 .LASF299
C:\Users\zero6575\AppData\Local\Temp\ccYEoqWN.s:1909   .debug_str:00000000000027ed .LASF300
C:\Users\zero6575\AppData\Local\Temp\ccYEoqWN.s:1389   .debug_str:0000000000000a4e .LASF301
C:\Users\zero6575\AppData\Local\Temp\ccYEoqWN.s:1431   .debug_str:0000000000000cd6 .LASF302
C:\Users\zero6575\AppData\Local\Temp\ccYEoqWN.s:1643   .debug_str:000000000000183b .LASF303
C:\Users\zero6575\AppData\Local\Temp\ccYEoqWN.s:1271   .debug_str:00000000000002c0 .LASF304
C:\Users\zero6575\AppData\Local\Temp\ccYEoqWN.s:1381   .debug_str:00000000000009d3 .LASF305
C:\Users\zero6575\AppData\Local\Temp\ccYEoqWN.s:1855   .debug_str:000000000000252b .LASF306
C:\Users\zero6575\AppData\Local\Temp\ccYEoqWN.s:1597   .debug_str:0000000000001591 .LASF307
C:\Users\zero6575\AppData\Local\Temp\ccYEoqWN.s:1757   .debug_str:0000000000001f73 .LASF308
C:\Users\zero6575\AppData\Local\Temp\ccYEoqWN.s:1745   .debug_str:0000000000001edc .LASF309
C:\Users\zero6575\AppData\Local\Temp\ccYEoqWN.s:1653   .debug_str:00000000000018b9 .LASF310
C:\Users\zero6575\AppData\Local\Temp\ccYEoqWN.s:1621   .debug_str:0000000000001712 .LASF311
C:\Users\zero6575\AppData\Local\Temp\ccYEoqWN.s:1475   .debug_str:0000000000000f74 .LASF312
C:\Users\zero6575\AppData\Local\Temp\ccYEoqWN.s:1503   .debug_str:000000000000111e .LASF313
C:\Users\zero6575\AppData\Local\Temp\ccYEoqWN.s:1681   .debug_str:0000000000001a2f .LASF314
C:\Users\zero6575\AppData\Local\Temp\ccYEoqWN.s:1409   .debug_str:0000000000000b9d .LASF315
C:\Users\zero6575\AppData\Local\Temp\ccYEoqWN.s:1521   .debug_str:0000000000001223 .LASF316
C:\Users\zero6575\AppData\Local\Temp\ccYEoqWN.s:1537   .debug_str:00000000000012b2 .LASF317
C:\Users\zero6575\AppData\Local\Temp\ccYEoqWN.s:1239   .debug_str:00000000000000e1 .LASF318
C:\Users\zero6575\AppData\Local\Temp\ccYEoqWN.s:1693   .debug_str:0000000000001b2a .LASF319
C:\Users\zero6575\AppData\Local\Temp\ccYEoqWN.s:1735   .debug_str:0000000000001dff .LASF320
C:\Users\zero6575\AppData\Local\Temp\ccYEoqWN.s:1603   .debug_str:00000000000015de .LASF321
C:\Users\zero6575\AppData\Local\Temp\ccYEoqWN.s:1407   .debug_str:0000000000000b93 .LASF322
C:\Users\zero6575\AppData\Local\Temp\ccYEoqWN.s:1605   .debug_str:0000000000001600 .LASF323
C:\Users\zero6575\AppData\Local\Temp\ccYEoqWN.s:1769   .debug_str:0000000000001ff1 .LASF324
C:\Users\zero6575\AppData\Local\Temp\ccYEoqWN.s:1825   .debug_str:0000000000002323 .LASF325
C:\Users\zero6575\AppData\Local\Temp\ccYEoqWN.s:1425   .debug_str:0000000000000c7a .LASF326
C:\Users\zero6575\AppData\Local\Temp\ccYEoqWN.s:1885   .debug_str:00000000000026c0 .LASF327
C:\Users\zero6575\AppData\Local\Temp\ccYEoqWN.s:1659   .debug_str:0000000000001919 .LASF328
C:\Users\zero6575\AppData\Local\Temp\ccYEoqWN.s:1747   .debug_str:0000000000001eea .LASF329
C:\Users\zero6575\AppData\Local\Temp\ccYEoqWN.s:1911   .debug_str:0000000000002809 .LASF330
C:\Users\zero6575\AppData\Local\Temp\ccYEoqWN.s:1455   .debug_str:0000000000000e39 .LASF331
C:\Users\zero6575\AppData\Local\Temp\ccYEoqWN.s:1557   .debug_str:00000000000013b2 .LASF332
C:\Users\zero6575\AppData\Local\Temp\ccYEoqWN.s:1801   .debug_str:00000000000021f4 .LASF333
C:\Users\zero6575\AppData\Local\Temp\ccYEoqWN.s:1525   .debug_str:0000000000001242 .LASF334
C:\Users\zero6575\AppData\Local\Temp\ccYEoqWN.s:1777   .debug_str:000000000000204b .LASF335
C:\Users\zero6575\AppData\Local\Temp\ccYEoqWN.s:1661   .debug_str:000000000000192e .LASF336
C:\Users\zero6575\AppData\Local\Temp\ccYEoqWN.s:1663   .debug_str:0000000000001948 .LASF337
C:\Users\zero6575\AppData\Local\Temp\ccYEoqWN.s:1837   .debug_str:0000000000002405 .LASF338
C:\Users\zero6575\AppData\Local\Temp\ccYEoqWN.s:1315   .debug_str:00000000000005c3 .LASF339
C:\Users\zero6575\AppData\Local\Temp\ccYEoqWN.s:1727   .debug_str:0000000000001db2 .LASF340
C:\Users\zero6575\AppData\Local\Temp\ccYEoqWN.s:1889   .debug_str:00000000000026ed .LASF341
C:\Users\zero6575\AppData\Local\Temp\ccYEoqWN.s:1333   .debug_str:0000000000000708 .LASF342
C:\Users\zero6575\AppData\Local\Temp\ccYEoqWN.s:1717   .debug_str:0000000000001c77 .LASF343
C:\Users\zero6575\AppData\Local\Temp\ccYEoqWN.s:1461   .debug_str:0000000000000e8c .LASF344
C:\Users\zero6575\AppData\Local\Temp\ccYEoqWN.s:1869   .debug_str:00000000000025f7 .LASF345
C:\Users\zero6575\AppData\Local\Temp\ccYEoqWN.s:1617   .debug_str:00000000000016c5 .LASF346
C:\Users\zero6575\AppData\Local\Temp\ccYEoqWN.s:1361   .debug_str:00000000000008a4 .LASF347
C:\Users\zero6575\AppData\Local\Temp\ccYEoqWN.s:1657   .debug_str:00000000000018e3 .LASF348
                           .group:0000000000000000 wm4.0.29db371e8b94e604acd9f4c2cef2c360
                           .group:0000000000000000 wm4.version.h.25.02f7ae4a336508fa421ce2ed8b3a4b71

NO UNDEFINED SYMBOLS
