   1              		.file	"bacaddr.c"
   2              		.option nopic
   3              		.attribute arch, "rv64i2p0_m2p0_a2p0_c2p0"
   4              		.attribute unaligned_access, 0
   5              		.attribute stack_align, 16
   6              		.text
   7              	.Ltext0:
   8              		.cfi_sections	.debug_frame
   9              		.section	.text.bacnet_address_copy,"ax",@progbits
  10              		.align	1
  11              		.globl	bacnet_address_copy
  13              	bacnet_address_copy:
  14              	.LFB0:
  15              		.file 1 "../src/middleware/bacnet/src/bacaddr.c"
   1:../src/middleware/bacnet/src/bacaddr.c **** /*####COPYRIGHTBEGIN####
   2:../src/middleware/bacnet/src/bacaddr.c ****  -------------------------------------------
   3:../src/middleware/bacnet/src/bacaddr.c ****  Copyright (C) 2007 Steve Karg
   4:../src/middleware/bacnet/src/bacaddr.c **** 
   5:../src/middleware/bacnet/src/bacaddr.c ****  This program is free software; you can redistribute it and/or
   6:../src/middleware/bacnet/src/bacaddr.c ****  modify it under the terms of the GNU General Public License
   7:../src/middleware/bacnet/src/bacaddr.c ****  as published by the Free Software Foundation; either version 2
   8:../src/middleware/bacnet/src/bacaddr.c ****  of the License, or (at your option) any later version.
   9:../src/middleware/bacnet/src/bacaddr.c **** 
  10:../src/middleware/bacnet/src/bacaddr.c ****  This program is distributed in the hope that it will be useful,
  11:../src/middleware/bacnet/src/bacaddr.c ****  but WITHOUT ANY WARRANTY; without even the implied warranty of
  12:../src/middleware/bacnet/src/bacaddr.c ****  MERCHANTABILITY or FITNESS FOR A PARTICULAR PURPOSE.  See the
  13:../src/middleware/bacnet/src/bacaddr.c ****  GNU General Public License for more details.
  14:../src/middleware/bacnet/src/bacaddr.c **** 
  15:../src/middleware/bacnet/src/bacaddr.c ****  You should have received a copy of the GNU General Public License
  16:../src/middleware/bacnet/src/bacaddr.c ****  along with this program; if not, write to:
  17:../src/middleware/bacnet/src/bacaddr.c ****  The Free Software Foundation, Inc.
  18:../src/middleware/bacnet/src/bacaddr.c ****  59 Temple Place - Suite 330
  19:../src/middleware/bacnet/src/bacaddr.c ****  Boston, MA  02111-1307, USA.
  20:../src/middleware/bacnet/src/bacaddr.c **** 
  21:../src/middleware/bacnet/src/bacaddr.c ****  As a special exception, if other files instantiate templates or
  22:../src/middleware/bacnet/src/bacaddr.c ****  use macros or inline functions from this file, or you compile
  23:../src/middleware/bacnet/src/bacaddr.c ****  this file and link it with other works to produce a work based
  24:../src/middleware/bacnet/src/bacaddr.c ****  on this file, this file does not by itself cause the resulting
  25:../src/middleware/bacnet/src/bacaddr.c ****  work to be covered by the GNU General Public License. However
  26:../src/middleware/bacnet/src/bacaddr.c ****  the source code for this file must still be made available in
  27:../src/middleware/bacnet/src/bacaddr.c ****  accordance with section (3) of the GNU General Public License.
  28:../src/middleware/bacnet/src/bacaddr.c **** 
  29:../src/middleware/bacnet/src/bacaddr.c ****  This exception does not invalidate any other reasons why a work
  30:../src/middleware/bacnet/src/bacaddr.c ****  based on this file might be covered by the GNU General Public
  31:../src/middleware/bacnet/src/bacaddr.c ****  License.
  32:../src/middleware/bacnet/src/bacaddr.c ****  -------------------------------------------
  33:../src/middleware/bacnet/src/bacaddr.c **** ####COPYRIGHTEND####*/
  34:../src/middleware/bacnet/src/bacaddr.c **** #include <stddef.h>
  35:../src/middleware/bacnet/src/bacaddr.c **** #include <stdint.h>
  36:../src/middleware/bacnet/src/bacaddr.c **** #include <stdbool.h>
  37:../src/middleware/bacnet/src/bacaddr.c **** #include "config.h"
  38:../src/middleware/bacnet/src/bacaddr.c **** #include "bacdef.h"
  39:../src/middleware/bacnet/src/bacaddr.c **** #include "bacaddr.h"
  40:../src/middleware/bacnet/src/bacaddr.c **** 
  41:../src/middleware/bacnet/src/bacaddr.c **** /** @file bacaddr.c  BACnet Address structure utilities */
  42:../src/middleware/bacnet/src/bacaddr.c **** 
  43:../src/middleware/bacnet/src/bacaddr.c **** void bacnet_address_copy(
  44:../src/middleware/bacnet/src/bacaddr.c ****     BACNET_ADDRESS * dest,
  45:../src/middleware/bacnet/src/bacaddr.c ****     BACNET_ADDRESS * src)
  46:../src/middleware/bacnet/src/bacaddr.c **** {
  16              		.loc 1 46 1
  17              		.cfi_startproc
  18 0000 7971     		addi	sp,sp,-48
  19              		.cfi_def_cfa_offset 48
  20 0002 22F4     		sd	s0,40(sp)
  21              		.cfi_offset 8, -8
  22 0004 0018     		addi	s0,sp,48
  23              		.cfi_def_cfa 8, 0
  24 0006 233CA4FC 		sd	a0,-40(s0)
  25 000a 2338B4FC 		sd	a1,-48(s0)
  47:../src/middleware/bacnet/src/bacaddr.c ****     int i = 0;
  26              		.loc 1 47 9
  27 000e 232604FE 		sw	zero,-20(s0)
  48:../src/middleware/bacnet/src/bacaddr.c **** 
  49:../src/middleware/bacnet/src/bacaddr.c ****     if (dest && src) {
  28              		.loc 1 49 8
  29 0012 833784FD 		ld	a5,-40(s0)
  30 0016 D5C7     		beq	a5,zero,.L7
  31              		.loc 1 49 14 discriminator 1
  32 0018 833704FD 		ld	a5,-48(s0)
  33 001c DDC3     		beq	a5,zero,.L7
  50:../src/middleware/bacnet/src/bacaddr.c ****         dest->mac_len = src->mac_len;
  34              		.loc 1 50 28
  35 001e 833704FD 		ld	a5,-48(s0)
  36 0022 03C70700 		lbu	a4,0(a5)
  37              		.loc 1 50 23
  38 0026 833784FD 		ld	a5,-40(s0)
  39 002a 2380E700 		sb	a4,0(a5)
  51:../src/middleware/bacnet/src/bacaddr.c ****         for (i = 0; i < MAX_MAC_LEN; i++) {
  40              		.loc 1 51 16
  41 002e 232604FE 		sw	zero,-20(s0)
  42              		.loc 1 51 9
  43 0032 25A0     		j	.L3
  44              	.L4:
  52:../src/middleware/bacnet/src/bacaddr.c ****             dest->mac[i] = src->mac[i];
  45              		.loc 1 52 36 discriminator 3
  46 0034 033704FD 		ld	a4,-48(s0)
  47 0038 8327C4FE 		lw	a5,-20(s0)
  48 003c BA97     		add	a5,a4,a5
  49 003e 03C71700 		lbu	a4,1(a5)
  50              		.loc 1 52 26 discriminator 3
  51 0042 833684FD 		ld	a3,-40(s0)
  52 0046 8327C4FE 		lw	a5,-20(s0)
  53 004a B697     		add	a5,a3,a5
  54 004c A380E700 		sb	a4,1(a5)
  51:../src/middleware/bacnet/src/bacaddr.c ****         for (i = 0; i < MAX_MAC_LEN; i++) {
  55              		.loc 1 51 39 discriminator 3
  56 0050 8327C4FE 		lw	a5,-20(s0)
  57 0054 8527     		addiw	a5,a5,1
  58 0056 2326F4FE 		sw	a5,-20(s0)
  59              	.L3:
  51:../src/middleware/bacnet/src/bacaddr.c ****         for (i = 0; i < MAX_MAC_LEN; i++) {
  60              		.loc 1 51 9 discriminator 1
  61 005a 8327C4FE 		lw	a5,-20(s0)
  62 005e 1B870700 		sext.w	a4,a5
  63 0062 9947     		li	a5,6
  64 0064 E3D8E7FC 		ble	a4,a5,.L4
  53:../src/middleware/bacnet/src/bacaddr.c ****         }
  54:../src/middleware/bacnet/src/bacaddr.c ****         dest->net = src->net;
  65              		.loc 1 54 24
  66 0068 833704FD 		ld	a5,-48(s0)
  67 006c 03D78700 		lhu	a4,8(a5)
  68              		.loc 1 54 19
  69 0070 833784FD 		ld	a5,-40(s0)
  70 0074 2394E700 		sh	a4,8(a5)
  55:../src/middleware/bacnet/src/bacaddr.c ****         dest->len = src->len;
  71              		.loc 1 55 24
  72 0078 833704FD 		ld	a5,-48(s0)
  73 007c 03C7A700 		lbu	a4,10(a5)
  74              		.loc 1 55 19
  75 0080 833784FD 		ld	a5,-40(s0)
  76 0084 2385E700 		sb	a4,10(a5)
  56:../src/middleware/bacnet/src/bacaddr.c ****         for (i = 0; i < MAX_MAC_LEN; i++) {
  77              		.loc 1 56 16
  78 0088 232604FE 		sw	zero,-20(s0)
  79              		.loc 1 56 9
  80 008c 25A0     		j	.L5
  81              	.L6:
  57:../src/middleware/bacnet/src/bacaddr.c ****             dest->adr[i] = src->adr[i];
  82              		.loc 1 57 36 discriminator 3
  83 008e 033704FD 		ld	a4,-48(s0)
  84 0092 8327C4FE 		lw	a5,-20(s0)
  85 0096 BA97     		add	a5,a4,a5
  86 0098 03C7B700 		lbu	a4,11(a5)
  87              		.loc 1 57 26 discriminator 3
  88 009c 833684FD 		ld	a3,-40(s0)
  89 00a0 8327C4FE 		lw	a5,-20(s0)
  90 00a4 B697     		add	a5,a3,a5
  91 00a6 A385E700 		sb	a4,11(a5)
  56:../src/middleware/bacnet/src/bacaddr.c ****         for (i = 0; i < MAX_MAC_LEN; i++) {
  92              		.loc 1 56 39 discriminator 3
  93 00aa 8327C4FE 		lw	a5,-20(s0)
  94 00ae 8527     		addiw	a5,a5,1
  95 00b0 2326F4FE 		sw	a5,-20(s0)
  96              	.L5:
  56:../src/middleware/bacnet/src/bacaddr.c ****         for (i = 0; i < MAX_MAC_LEN; i++) {
  97              		.loc 1 56 9 discriminator 1
  98 00b4 8327C4FE 		lw	a5,-20(s0)
  99 00b8 1B870700 		sext.w	a4,a5
 100 00bc 9947     		li	a5,6
 101 00be E3D8E7FC 		ble	a4,a5,.L6
 102              	.L7:
  58:../src/middleware/bacnet/src/bacaddr.c ****         }
  59:../src/middleware/bacnet/src/bacaddr.c ****     }
  60:../src/middleware/bacnet/src/bacaddr.c **** }
 103              		.loc 1 60 1
 104 00c2 0100     		nop
 105 00c4 2274     		ld	s0,40(sp)
 106              		.cfi_restore 8
 107              		.cfi_def_cfa 2, 48
 108 00c6 4561     		addi	sp,sp,48
 109              		.cfi_def_cfa_offset 0
 110 00c8 8280     		jr	ra
 111              		.cfi_endproc
 112              	.LFE0:
 114              		.section	.text.bacnet_address_same,"ax",@progbits
 115              		.align	1
 116              		.globl	bacnet_address_same
 118              	bacnet_address_same:
 119              	.LFB1:
  61:../src/middleware/bacnet/src/bacaddr.c **** 
  62:../src/middleware/bacnet/src/bacaddr.c **** bool bacnet_address_same(
  63:../src/middleware/bacnet/src/bacaddr.c ****     BACNET_ADDRESS * dest,
  64:../src/middleware/bacnet/src/bacaddr.c ****     BACNET_ADDRESS * src)
  65:../src/middleware/bacnet/src/bacaddr.c **** {
 120              		.loc 1 65 1
 121              		.cfi_startproc
 122 0000 7971     		addi	sp,sp,-48
 123              		.cfi_def_cfa_offset 48
 124 0002 22F4     		sd	s0,40(sp)
 125              		.cfi_offset 8, -8
 126 0004 0018     		addi	s0,sp,48
 127              		.cfi_def_cfa 8, 0
 128 0006 233CA4FC 		sd	a0,-40(s0)
 129 000a 2338B4FC 		sd	a1,-48(s0)
  66:../src/middleware/bacnet/src/bacaddr.c ****     uint8_t i = 0;      /* loop counter */
 130              		.loc 1 66 13
 131 000e A30704FE 		sb	zero,-17(s0)
  67:../src/middleware/bacnet/src/bacaddr.c ****     uint8_t max_len = 0;        /* used for dynamic max */
 132              		.loc 1 67 13
 133 0012 230704FE 		sb	zero,-18(s0)
  68:../src/middleware/bacnet/src/bacaddr.c **** 
  69:../src/middleware/bacnet/src/bacaddr.c ****     if (dest == src)    /* same ? */
 134              		.loc 1 69 8
 135 0016 033784FD 		ld	a4,-40(s0)
 136 001a 833704FD 		ld	a5,-48(s0)
 137 001e 6314F700 		bne	a4,a5,.L9
  70:../src/middleware/bacnet/src/bacaddr.c ****         return true;
 138              		.loc 1 70 16
 139 0022 8547     		li	a5,1
 140 0024 1DAA     		j	.L10
 141              	.L9:
  71:../src/middleware/bacnet/src/bacaddr.c **** 
  72:../src/middleware/bacnet/src/bacaddr.c ****     if (dest->net != src->net)
 142              		.loc 1 72 13
 143 0026 833784FD 		ld	a5,-40(s0)
 144 002a 03D78700 		lhu	a4,8(a5)
 145              		.loc 1 72 25
 146 002e 833704FD 		ld	a5,-48(s0)
 147 0032 83D78700 		lhu	a5,8(a5)
 148              		.loc 1 72 8
 149 0036 0127     		sext.w	a4,a4
 150 0038 8127     		sext.w	a5,a5
 151 003a 6304F700 		beq	a4,a5,.L11
  73:../src/middleware/bacnet/src/bacaddr.c ****         return false;
 152              		.loc 1 73 16
 153 003e 8147     		li	a5,0
 154 0040 29AA     		j	.L10
 155              	.L11:
  74:../src/middleware/bacnet/src/bacaddr.c **** 
  75:../src/middleware/bacnet/src/bacaddr.c ****     if (dest->len != src->len)
 156              		.loc 1 75 13
 157 0042 833784FD 		ld	a5,-40(s0)
 158 0046 03C7A700 		lbu	a4,10(a5)
 159              		.loc 1 75 25
 160 004a 833704FD 		ld	a5,-48(s0)
 161 004e 83C7A700 		lbu	a5,10(a5)
 162              		.loc 1 75 8
 163 0052 6304F700 		beq	a4,a5,.L12
  76:../src/middleware/bacnet/src/bacaddr.c ****         return false;
 164              		.loc 1 76 16
 165 0056 8147     		li	a5,0
 166 0058 09A2     		j	.L10
 167              	.L12:
  77:../src/middleware/bacnet/src/bacaddr.c **** 
  78:../src/middleware/bacnet/src/bacaddr.c ****     max_len = dest->len;
 168              		.loc 1 78 13
 169 005a 833784FD 		ld	a5,-40(s0)
 170 005e 83C7A700 		lbu	a5,10(a5)
 171 0062 2307F4FE 		sb	a5,-18(s0)
  79:../src/middleware/bacnet/src/bacaddr.c ****     if (max_len > MAX_MAC_LEN)
 172              		.loc 1 79 8
 173 0066 8347E4FE 		lbu	a5,-18(s0)
 174 006a 13F7F70F 		andi	a4,a5,0xff
 175 006e 9D47     		li	a5,7
 176 0070 63F5E700 		bleu	a4,a5,.L13
  80:../src/middleware/bacnet/src/bacaddr.c ****         max_len = MAX_MAC_LEN;
 177              		.loc 1 80 17
 178 0074 9D47     		li	a5,7
 179 0076 2307F4FE 		sb	a5,-18(s0)
 180              	.L13:
  81:../src/middleware/bacnet/src/bacaddr.c ****     for (i = 0; i < max_len; i++) {
 181              		.loc 1 81 12
 182 007a A30704FE 		sb	zero,-17(s0)
 183              		.loc 1 81 5
 184 007e 1DA8     		j	.L14
 185              	.L16:
  82:../src/middleware/bacnet/src/bacaddr.c ****         if (dest->adr[i] != src->adr[i])
 186              		.loc 1 82 22
 187 0080 8347F4FE 		lbu	a5,-17(s0)
 188 0084 8127     		sext.w	a5,a5
 189 0086 033784FD 		ld	a4,-40(s0)
 190 008a BA97     		add	a5,a4,a5
 191 008c 83C6B700 		lbu	a3,11(a5)
 192              		.loc 1 82 37
 193 0090 8347F4FE 		lbu	a5,-17(s0)
 194 0094 8127     		sext.w	a5,a5
 195 0096 033704FD 		ld	a4,-48(s0)
 196 009a BA97     		add	a5,a4,a5
 197 009c 83C7B700 		lbu	a5,11(a5)
 198              		.loc 1 82 12
 199 00a0 3687     		mv	a4,a3
 200 00a2 6304F700 		beq	a4,a5,.L15
  83:../src/middleware/bacnet/src/bacaddr.c ****             return false;
 201              		.loc 1 83 20
 202 00a6 8147     		li	a5,0
 203 00a8 4DA8     		j	.L10
 204              	.L15:
  81:../src/middleware/bacnet/src/bacaddr.c ****     for (i = 0; i < max_len; i++) {
 205              		.loc 1 81 31 discriminator 2
 206 00aa 8347F4FE 		lbu	a5,-17(s0)
 207 00ae 8527     		addiw	a5,a5,1
 208 00b0 A307F4FE 		sb	a5,-17(s0)
 209              	.L14:
  81:../src/middleware/bacnet/src/bacaddr.c ****     for (i = 0; i < max_len; i++) {
 210              		.loc 1 81 5 discriminator 1
 211 00b4 0347F4FE 		lbu	a4,-17(s0)
 212 00b8 8347E4FE 		lbu	a5,-18(s0)
 213 00bc 1377F70F 		andi	a4,a4,0xff
 214 00c0 93F7F70F 		andi	a5,a5,0xff
 215 00c4 E36EF7FA 		bltu	a4,a5,.L16
  84:../src/middleware/bacnet/src/bacaddr.c ****     }
  85:../src/middleware/bacnet/src/bacaddr.c ****     if (dest->net == 0) {
 216              		.loc 1 85 13
 217 00c8 833784FD 		ld	a5,-40(s0)
 218 00cc 83D78700 		lhu	a5,8(a5)
 219              		.loc 1 85 8
 220 00d0 C1E7     		bne	a5,zero,.L17
  86:../src/middleware/bacnet/src/bacaddr.c ****         if (dest->mac_len != src->mac_len)
 221              		.loc 1 86 17
 222 00d2 833784FD 		ld	a5,-40(s0)
 223 00d6 03C70700 		lbu	a4,0(a5)
 224              		.loc 1 86 33
 225 00da 833704FD 		ld	a5,-48(s0)
 226 00de 83C70700 		lbu	a5,0(a5)
 227              		.loc 1 86 12
 228 00e2 6304F700 		beq	a4,a5,.L18
  87:../src/middleware/bacnet/src/bacaddr.c ****             return false;
 229              		.loc 1 87 20
 230 00e6 8147     		li	a5,0
 231 00e8 8DA8     		j	.L10
 232              	.L18:
  88:../src/middleware/bacnet/src/bacaddr.c ****         max_len = dest->mac_len;
 233              		.loc 1 88 17
 234 00ea 833784FD 		ld	a5,-40(s0)
 235 00ee 83C70700 		lbu	a5,0(a5)
 236 00f2 2307F4FE 		sb	a5,-18(s0)
  89:../src/middleware/bacnet/src/bacaddr.c ****         if (max_len > MAX_MAC_LEN)
 237              		.loc 1 89 12
 238 00f6 8347E4FE 		lbu	a5,-18(s0)
 239 00fa 13F7F70F 		andi	a4,a5,0xff
 240 00fe 9D47     		li	a5,7
 241 0100 63F5E700 		bleu	a4,a5,.L19
  90:../src/middleware/bacnet/src/bacaddr.c ****             max_len = MAX_MAC_LEN;
 242              		.loc 1 90 21
 243 0104 9D47     		li	a5,7
 244 0106 2307F4FE 		sb	a5,-18(s0)
 245              	.L19:
  91:../src/middleware/bacnet/src/bacaddr.c ****         for (i = 0; i < max_len; i++) {
 246              		.loc 1 91 16
 247 010a A30704FE 		sb	zero,-17(s0)
 248              		.loc 1 91 9
 249 010e 1DA8     		j	.L20
 250              	.L22:
  92:../src/middleware/bacnet/src/bacaddr.c ****             if (dest->mac[i] != src->mac[i])
 251              		.loc 1 92 26
 252 0110 8347F4FE 		lbu	a5,-17(s0)
 253 0114 8127     		sext.w	a5,a5
 254 0116 033784FD 		ld	a4,-40(s0)
 255 011a BA97     		add	a5,a4,a5
 256 011c 83C61700 		lbu	a3,1(a5)
 257              		.loc 1 92 41
 258 0120 8347F4FE 		lbu	a5,-17(s0)
 259 0124 8127     		sext.w	a5,a5
 260 0126 033704FD 		ld	a4,-48(s0)
 261 012a BA97     		add	a5,a4,a5
 262 012c 83C71700 		lbu	a5,1(a5)
 263              		.loc 1 92 16
 264 0130 3687     		mv	a4,a3
 265 0132 6304F700 		beq	a4,a5,.L21
  93:../src/middleware/bacnet/src/bacaddr.c ****                 return false;
 266              		.loc 1 93 24
 267 0136 8147     		li	a5,0
 268 0138 0DA0     		j	.L10
 269              	.L21:
  91:../src/middleware/bacnet/src/bacaddr.c ****         for (i = 0; i < max_len; i++) {
 270              		.loc 1 91 35 discriminator 2
 271 013a 8347F4FE 		lbu	a5,-17(s0)
 272 013e 8527     		addiw	a5,a5,1
 273 0140 A307F4FE 		sb	a5,-17(s0)
 274              	.L20:
  91:../src/middleware/bacnet/src/bacaddr.c ****         for (i = 0; i < max_len; i++) {
 275              		.loc 1 91 9 discriminator 1
 276 0144 0347F4FE 		lbu	a4,-17(s0)
 277 0148 8347E4FE 		lbu	a5,-18(s0)
 278 014c 1377F70F 		andi	a4,a4,0xff
 279 0150 93F7F70F 		andi	a5,a5,0xff
 280 0154 E36EF7FA 		bltu	a4,a5,.L22
 281              	.L17:
  94:../src/middleware/bacnet/src/bacaddr.c ****         }
  95:../src/middleware/bacnet/src/bacaddr.c ****     }
  96:../src/middleware/bacnet/src/bacaddr.c ****     return true;
 282              		.loc 1 96 12
 283 0158 8547     		li	a5,1
 284              	.L10:
  97:../src/middleware/bacnet/src/bacaddr.c **** }
 285              		.loc 1 97 1
 286 015a 3E85     		mv	a0,a5
 287 015c 2274     		ld	s0,40(sp)
 288              		.cfi_restore 8
 289              		.cfi_def_cfa 2, 48
 290 015e 4561     		addi	sp,sp,48
 291              		.cfi_def_cfa_offset 0
 292 0160 8280     		jr	ra
 293              		.cfi_endproc
 294              	.LFE1:
 296              		.text
 297              	.Letext0:
 298              		.file 2 "c:\\microchip\\softconsole-v2022.2-risc-v-747\\riscv-unknown-elf-gcc\\riscv64-unknown-elf
 299              		.file 3 "c:\\microchip\\softconsole-v2022.2-risc-v-747\\riscv-unknown-elf-gcc\\riscv64-unknown-elf
 300              		.file 4 "C:\\Users\\zero6575\\Libero\\fpga_labor\\fpga_labor\\software\\mpfs-mac-mcc-stack\\src\\m
DEFINED SYMBOLS
                            *ABS*:0000000000000000 bacaddr.c
C:\Users\zero6575\AppData\Local\Temp\ccNaBAyN.s:13     .text.bacnet_address_copy:0000000000000000 bacnet_address_copy
C:\Users\zero6575\AppData\Local\Temp\ccNaBAyN.s:17     .text.bacnet_address_copy:0000000000000000 .L0 
C:\Users\zero6575\AppData\Local\Temp\ccNaBAyN.s:18     .text.bacnet_address_copy:0000000000000000 .L0 
C:\Users\zero6575\AppData\Local\Temp\ccNaBAyN.s:19     .text.bacnet_address_copy:0000000000000002 .L0 
C:\Users\zero6575\AppData\Local\Temp\ccNaBAyN.s:21     .text.bacnet_address_copy:0000000000000004 .L0 
C:\Users\zero6575\AppData\Local\Temp\ccNaBAyN.s:23     .text.bacnet_address_copy:0000000000000006 .L0 
C:\Users\zero6575\AppData\Local\Temp\ccNaBAyN.s:27     .text.bacnet_address_copy:000000000000000e .L0 
C:\Users\zero6575\AppData\Local\Temp\ccNaBAyN.s:29     .text.bacnet_address_copy:0000000000000012 .L0 
C:\Users\zero6575\AppData\Local\Temp\ccNaBAyN.s:32     .text.bacnet_address_copy:0000000000000018 .L0 
C:\Users\zero6575\AppData\Local\Temp\ccNaBAyN.s:35     .text.bacnet_address_copy:000000000000001e .L0 
C:\Users\zero6575\AppData\Local\Temp\ccNaBAyN.s:38     .text.bacnet_address_copy:0000000000000026 .L0 
C:\Users\zero6575\AppData\Local\Temp\ccNaBAyN.s:41     .text.bacnet_address_copy:000000000000002e .L0 
C:\Users\zero6575\AppData\Local\Temp\ccNaBAyN.s:43     .text.bacnet_address_copy:0000000000000032 .L0 
C:\Users\zero6575\AppData\Local\Temp\ccNaBAyN.s:46     .text.bacnet_address_copy:0000000000000034 .L0 
C:\Users\zero6575\AppData\Local\Temp\ccNaBAyN.s:51     .text.bacnet_address_copy:0000000000000042 .L0 
C:\Users\zero6575\AppData\Local\Temp\ccNaBAyN.s:56     .text.bacnet_address_copy:0000000000000050 .L0 
C:\Users\zero6575\AppData\Local\Temp\ccNaBAyN.s:61     .text.bacnet_address_copy:000000000000005a .L0 
C:\Users\zero6575\AppData\Local\Temp\ccNaBAyN.s:66     .text.bacnet_address_copy:0000000000000068 .L0 
C:\Users\zero6575\AppData\Local\Temp\ccNaBAyN.s:69     .text.bacnet_address_copy:0000000000000070 .L0 
C:\Users\zero6575\AppData\Local\Temp\ccNaBAyN.s:72     .text.bacnet_address_copy:0000000000000078 .L0 
C:\Users\zero6575\AppData\Local\Temp\ccNaBAyN.s:75     .text.bacnet_address_copy:0000000000000080 .L0 
C:\Users\zero6575\AppData\Local\Temp\ccNaBAyN.s:78     .text.bacnet_address_copy:0000000000000088 .L0 
C:\Users\zero6575\AppData\Local\Temp\ccNaBAyN.s:80     .text.bacnet_address_copy:000000000000008c .L0 
C:\Users\zero6575\AppData\Local\Temp\ccNaBAyN.s:83     .text.bacnet_address_copy:000000000000008e .L0 
C:\Users\zero6575\AppData\Local\Temp\ccNaBAyN.s:88     .text.bacnet_address_copy:000000000000009c .L0 
C:\Users\zero6575\AppData\Local\Temp\ccNaBAyN.s:93     .text.bacnet_address_copy:00000000000000aa .L0 
C:\Users\zero6575\AppData\Local\Temp\ccNaBAyN.s:98     .text.bacnet_address_copy:00000000000000b4 .L0 
C:\Users\zero6575\AppData\Local\Temp\ccNaBAyN.s:104    .text.bacnet_address_copy:00000000000000c2 .L0 
C:\Users\zero6575\AppData\Local\Temp\ccNaBAyN.s:106    .text.bacnet_address_copy:00000000000000c6 .L0 
C:\Users\zero6575\AppData\Local\Temp\ccNaBAyN.s:107    .text.bacnet_address_copy:00000000000000c6 .L0 
C:\Users\zero6575\AppData\Local\Temp\ccNaBAyN.s:109    .text.bacnet_address_copy:00000000000000c8 .L0 
C:\Users\zero6575\AppData\Local\Temp\ccNaBAyN.s:111    .text.bacnet_address_copy:00000000000000ca .L0 
C:\Users\zero6575\AppData\Local\Temp\ccNaBAyN.s:118    .text.bacnet_address_same:0000000000000000 bacnet_address_same
C:\Users\zero6575\AppData\Local\Temp\ccNaBAyN.s:121    .text.bacnet_address_same:0000000000000000 .L0 
C:\Users\zero6575\AppData\Local\Temp\ccNaBAyN.s:122    .text.bacnet_address_same:0000000000000000 .L0 
C:\Users\zero6575\AppData\Local\Temp\ccNaBAyN.s:123    .text.bacnet_address_same:0000000000000002 .L0 
C:\Users\zero6575\AppData\Local\Temp\ccNaBAyN.s:125    .text.bacnet_address_same:0000000000000004 .L0 
C:\Users\zero6575\AppData\Local\Temp\ccNaBAyN.s:127    .text.bacnet_address_same:0000000000000006 .L0 
C:\Users\zero6575\AppData\Local\Temp\ccNaBAyN.s:131    .text.bacnet_address_same:000000000000000e .L0 
C:\Users\zero6575\AppData\Local\Temp\ccNaBAyN.s:133    .text.bacnet_address_same:0000000000000012 .L0 
C:\Users\zero6575\AppData\Local\Temp\ccNaBAyN.s:135    .text.bacnet_address_same:0000000000000016 .L0 
C:\Users\zero6575\AppData\Local\Temp\ccNaBAyN.s:139    .text.bacnet_address_same:0000000000000022 .L0 
C:\Users\zero6575\AppData\Local\Temp\ccNaBAyN.s:143    .text.bacnet_address_same:0000000000000026 .L0 
C:\Users\zero6575\AppData\Local\Temp\ccNaBAyN.s:146    .text.bacnet_address_same:000000000000002e .L0 
C:\Users\zero6575\AppData\Local\Temp\ccNaBAyN.s:149    .text.bacnet_address_same:0000000000000036 .L0 
C:\Users\zero6575\AppData\Local\Temp\ccNaBAyN.s:153    .text.bacnet_address_same:000000000000003e .L0 
C:\Users\zero6575\AppData\Local\Temp\ccNaBAyN.s:157    .text.bacnet_address_same:0000000000000042 .L0 
C:\Users\zero6575\AppData\Local\Temp\ccNaBAyN.s:160    .text.bacnet_address_same:000000000000004a .L0 
C:\Users\zero6575\AppData\Local\Temp\ccNaBAyN.s:163    .text.bacnet_address_same:0000000000000052 .L0 
C:\Users\zero6575\AppData\Local\Temp\ccNaBAyN.s:165    .text.bacnet_address_same:0000000000000056 .L0 
C:\Users\zero6575\AppData\Local\Temp\ccNaBAyN.s:169    .text.bacnet_address_same:000000000000005a .L0 
C:\Users\zero6575\AppData\Local\Temp\ccNaBAyN.s:173    .text.bacnet_address_same:0000000000000066 .L0 
C:\Users\zero6575\AppData\Local\Temp\ccNaBAyN.s:178    .text.bacnet_address_same:0000000000000074 .L0 
C:\Users\zero6575\AppData\Local\Temp\ccNaBAyN.s:182    .text.bacnet_address_same:000000000000007a .L0 
C:\Users\zero6575\AppData\Local\Temp\ccNaBAyN.s:184    .text.bacnet_address_same:000000000000007e .L0 
C:\Users\zero6575\AppData\Local\Temp\ccNaBAyN.s:187    .text.bacnet_address_same:0000000000000080 .L0 
C:\Users\zero6575\AppData\Local\Temp\ccNaBAyN.s:193    .text.bacnet_address_same:0000000000000090 .L0 
C:\Users\zero6575\AppData\Local\Temp\ccNaBAyN.s:199    .text.bacnet_address_same:00000000000000a0 .L0 
C:\Users\zero6575\AppData\Local\Temp\ccNaBAyN.s:202    .text.bacnet_address_same:00000000000000a6 .L0 
C:\Users\zero6575\AppData\Local\Temp\ccNaBAyN.s:206    .text.bacnet_address_same:00000000000000aa .L0 
C:\Users\zero6575\AppData\Local\Temp\ccNaBAyN.s:211    .text.bacnet_address_same:00000000000000b4 .L0 
C:\Users\zero6575\AppData\Local\Temp\ccNaBAyN.s:217    .text.bacnet_address_same:00000000000000c8 .L0 
C:\Users\zero6575\AppData\Local\Temp\ccNaBAyN.s:220    .text.bacnet_address_same:00000000000000d0 .L0 
C:\Users\zero6575\AppData\Local\Temp\ccNaBAyN.s:222    .text.bacnet_address_same:00000000000000d2 .L0 
C:\Users\zero6575\AppData\Local\Temp\ccNaBAyN.s:225    .text.bacnet_address_same:00000000000000da .L0 
C:\Users\zero6575\AppData\Local\Temp\ccNaBAyN.s:228    .text.bacnet_address_same:00000000000000e2 .L0 
C:\Users\zero6575\AppData\Local\Temp\ccNaBAyN.s:230    .text.bacnet_address_same:00000000000000e6 .L0 
C:\Users\zero6575\AppData\Local\Temp\ccNaBAyN.s:234    .text.bacnet_address_same:00000000000000ea .L0 
C:\Users\zero6575\AppData\Local\Temp\ccNaBAyN.s:238    .text.bacnet_address_same:00000000000000f6 .L0 
C:\Users\zero6575\AppData\Local\Temp\ccNaBAyN.s:243    .text.bacnet_address_same:0000000000000104 .L0 
C:\Users\zero6575\AppData\Local\Temp\ccNaBAyN.s:247    .text.bacnet_address_same:000000000000010a .L0 
C:\Users\zero6575\AppData\Local\Temp\ccNaBAyN.s:249    .text.bacnet_address_same:000000000000010e .L0 
C:\Users\zero6575\AppData\Local\Temp\ccNaBAyN.s:252    .text.bacnet_address_same:0000000000000110 .L0 
C:\Users\zero6575\AppData\Local\Temp\ccNaBAyN.s:258    .text.bacnet_address_same:0000000000000120 .L0 
C:\Users\zero6575\AppData\Local\Temp\ccNaBAyN.s:264    .text.bacnet_address_same:0000000000000130 .L0 
C:\Users\zero6575\AppData\Local\Temp\ccNaBAyN.s:267    .text.bacnet_address_same:0000000000000136 .L0 
C:\Users\zero6575\AppData\Local\Temp\ccNaBAyN.s:271    .text.bacnet_address_same:000000000000013a .L0 
C:\Users\zero6575\AppData\Local\Temp\ccNaBAyN.s:276    .text.bacnet_address_same:0000000000000144 .L0 
C:\Users\zero6575\AppData\Local\Temp\ccNaBAyN.s:283    .text.bacnet_address_same:0000000000000158 .L0 
C:\Users\zero6575\AppData\Local\Temp\ccNaBAyN.s:286    .text.bacnet_address_same:000000000000015a .L0 
C:\Users\zero6575\AppData\Local\Temp\ccNaBAyN.s:288    .text.bacnet_address_same:000000000000015e .L0 
C:\Users\zero6575\AppData\Local\Temp\ccNaBAyN.s:289    .text.bacnet_address_same:000000000000015e .L0 
C:\Users\zero6575\AppData\Local\Temp\ccNaBAyN.s:291    .text.bacnet_address_same:0000000000000160 .L0 
C:\Users\zero6575\AppData\Local\Temp\ccNaBAyN.s:293    .text.bacnet_address_same:0000000000000162 .L0 
C:\Users\zero6575\AppData\Local\Temp\ccNaBAyN.s:114    .text.bacnet_address_copy:00000000000000ca .L0 
C:\Users\zero6575\AppData\Local\Temp\ccNaBAyN.s:296    .text.bacnet_address_same:0000000000000162 .L0 
                     .debug_frame:0000000000000000 .L0 
C:\Users\zero6575\AppData\Local\Temp\ccNaBAyN.s:102    .text.bacnet_address_copy:00000000000000c2 .L7
C:\Users\zero6575\AppData\Local\Temp\ccNaBAyN.s:59     .text.bacnet_address_copy:000000000000005a .L3
C:\Users\zero6575\AppData\Local\Temp\ccNaBAyN.s:44     .text.bacnet_address_copy:0000000000000034 .L4
C:\Users\zero6575\AppData\Local\Temp\ccNaBAyN.s:96     .text.bacnet_address_copy:00000000000000b4 .L5
C:\Users\zero6575\AppData\Local\Temp\ccNaBAyN.s:81     .text.bacnet_address_copy:000000000000008e .L6
C:\Users\zero6575\AppData\Local\Temp\ccNaBAyN.s:141    .text.bacnet_address_same:0000000000000026 .L9
C:\Users\zero6575\AppData\Local\Temp\ccNaBAyN.s:284    .text.bacnet_address_same:000000000000015a .L10
C:\Users\zero6575\AppData\Local\Temp\ccNaBAyN.s:155    .text.bacnet_address_same:0000000000000042 .L11
C:\Users\zero6575\AppData\Local\Temp\ccNaBAyN.s:167    .text.bacnet_address_same:000000000000005a .L12
C:\Users\zero6575\AppData\Local\Temp\ccNaBAyN.s:180    .text.bacnet_address_same:000000000000007a .L13
C:\Users\zero6575\AppData\Local\Temp\ccNaBAyN.s:209    .text.bacnet_address_same:00000000000000b4 .L14
C:\Users\zero6575\AppData\Local\Temp\ccNaBAyN.s:204    .text.bacnet_address_same:00000000000000aa .L15
C:\Users\zero6575\AppData\Local\Temp\ccNaBAyN.s:185    .text.bacnet_address_same:0000000000000080 .L16
C:\Users\zero6575\AppData\Local\Temp\ccNaBAyN.s:281    .text.bacnet_address_same:0000000000000158 .L17
C:\Users\zero6575\AppData\Local\Temp\ccNaBAyN.s:232    .text.bacnet_address_same:00000000000000ea .L18
C:\Users\zero6575\AppData\Local\Temp\ccNaBAyN.s:245    .text.bacnet_address_same:000000000000010a .L19
C:\Users\zero6575\AppData\Local\Temp\ccNaBAyN.s:274    .text.bacnet_address_same:0000000000000144 .L20
C:\Users\zero6575\AppData\Local\Temp\ccNaBAyN.s:269    .text.bacnet_address_same:000000000000013a .L21
C:\Users\zero6575\AppData\Local\Temp\ccNaBAyN.s:250    .text.bacnet_address_same:0000000000000110 .L22
C:\Users\zero6575\AppData\Local\Temp\ccNaBAyN.s:530    .debug_abbrev:0000000000000000 .Ldebug_abbrev0
C:\Users\zero6575\AppData\Local\Temp\ccNaBAyN.s:3356   .debug_str:0000000000001678 .LASF643
C:\Users\zero6575\AppData\Local\Temp\ccNaBAyN.s:3736   .debug_str:0000000000002a10 .LASF644
C:\Users\zero6575\AppData\Local\Temp\ccNaBAyN.s:3626   .debug_str:00000000000024cb .LASF645
C:\Users\zero6575\AppData\Local\Temp\ccNaBAyN.s:805    .debug_ranges:0000000000000000 .Ldebug_ranges0
C:\Users\zero6575\AppData\Local\Temp\ccNaBAyN.s:2880   .debug_line:0000000000000000 .Ldebug_line0
C:\Users\zero6575\AppData\Local\Temp\ccNaBAyN.s:813    .debug_macro:0000000000000000 .Ldebug_macro0
C:\Users\zero6575\AppData\Local\Temp\ccNaBAyN.s:3674   .debug_str:000000000000271d .LASF625
C:\Users\zero6575\AppData\Local\Temp\ccNaBAyN.s:3742   .debug_str:0000000000002aa4 .LASF626
C:\Users\zero6575\AppData\Local\Temp\ccNaBAyN.s:4066   .debug_str:0000000000003b78 .LASF627
C:\Users\zero6575\AppData\Local\Temp\ccNaBAyN.s:3728   .debug_str:00000000000029cc .LASF628
C:\Users\zero6575\AppData\Local\Temp\ccNaBAyN.s:3586   .debug_str:00000000000022f2 .LASF629
C:\Users\zero6575\AppData\Local\Temp\ccNaBAyN.s:2910   .debug_str:0000000000000143 .LASF632
C:\Users\zero6575\AppData\Local\Temp\ccNaBAyN.s:3196   .debug_str:0000000000000f0f .LASF630
C:\Users\zero6575\AppData\Local\Temp\ccNaBAyN.s:4146   .debug_str:0000000000003fc8 .LASF631
C:\Users\zero6575\AppData\Local\Temp\ccNaBAyN.s:3150   .debug_str:0000000000000c8f .LASF633
C:\Users\zero6575\AppData\Local\Temp\ccNaBAyN.s:3584   .debug_str:00000000000022df .LASF634
C:\Users\zero6575\AppData\Local\Temp\ccNaBAyN.s:4136   .debug_str:0000000000003f33 .LASF635
C:\Users\zero6575\AppData\Local\Temp\ccNaBAyN.s:3362   .debug_str:0000000000001777 .LASF636
C:\Users\zero6575\AppData\Local\Temp\ccNaBAyN.s:2954   .debug_str:0000000000000304 .LASF637
C:\Users\zero6575\AppData\Local\Temp\ccNaBAyN.s:3366   .debug_str:000000000000179c .LASF646
C:\Users\zero6575\AppData\Local\Temp\ccNaBAyN.s:2886   .debug_str:0000000000000048 .LASF638
C:\Users\zero6575\AppData\Local\Temp\ccNaBAyN.s:3370   .debug_str:00000000000017ca .LASF639
C:\Users\zero6575\AppData\Local\Temp\ccNaBAyN.s:3648   .debug_str:00000000000025fc .LASF647
C:\Users\zero6575\AppData\Local\Temp\ccNaBAyN.s:119    .text.bacnet_address_same:0000000000000000 .LFB1
C:\Users\zero6575\AppData\Local\Temp\ccNaBAyN.s:294    .text.bacnet_address_same:0000000000000162 .LFE1
C:\Users\zero6575\AppData\Local\Temp\ccNaBAyN.s:3096   .debug_str:0000000000000a31 .LASF640
C:\Users\zero6575\AppData\Local\Temp\ccNaBAyN.s:3650   .debug_str:0000000000002610 .LASF641
C:\Users\zero6575\AppData\Local\Temp\ccNaBAyN.s:2918   .debug_str:000000000000017d .LASF642
C:\Users\zero6575\AppData\Local\Temp\ccNaBAyN.s:3242   .debug_str:000000000000114e .LASF648
C:\Users\zero6575\AppData\Local\Temp\ccNaBAyN.s:14     .text.bacnet_address_copy:0000000000000000 .LFB0
C:\Users\zero6575\AppData\Local\Temp\ccNaBAyN.s:112    .text.bacnet_address_copy:00000000000000ca .LFE0
C:\Users\zero6575\AppData\Local\Temp\ccNaBAyN.s:302    .debug_info:0000000000000000 .Ldebug_info0
C:\Users\zero6575\AppData\Local\Temp\ccNaBAyN.s:944    .debug_macro:0000000000000000 .Ldebug_macro2
C:\Users\zero6575\AppData\Local\Temp\ccNaBAyN.s:1975   .debug_macro:0000000000000000 .Ldebug_macro3
C:\Users\zero6575\AppData\Local\Temp\ccNaBAyN.s:3898   .debug_str:0000000000003366 .LASF395
C:\Users\zero6575\AppData\Local\Temp\ccNaBAyN.s:3838   .debug_str:0000000000002fe4 .LASF396
C:\Users\zero6575\AppData\Local\Temp\ccNaBAyN.s:3930   .debug_str:0000000000003503 .LASF397
C:\Users\zero6575\AppData\Local\Temp\ccNaBAyN.s:2139   .debug_macro:0000000000000000 .Ldebug_macro4
C:\Users\zero6575\AppData\Local\Temp\ccNaBAyN.s:2159   .debug_macro:0000000000000000 .Ldebug_macro5
C:\Users\zero6575\AppData\Local\Temp\ccNaBAyN.s:2224   .debug_macro:0000000000000000 .Ldebug_macro6
C:\Users\zero6575\AppData\Local\Temp\ccNaBAyN.s:2265   .debug_macro:0000000000000000 .Ldebug_macro7
C:\Users\zero6575\AppData\Local\Temp\ccNaBAyN.s:2387   .debug_macro:0000000000000000 .Ldebug_macro8
C:\Users\zero6575\AppData\Local\Temp\ccNaBAyN.s:2443   .debug_macro:0000000000000000 .Ldebug_macro9
C:\Users\zero6575\AppData\Local\Temp\ccNaBAyN.s:3412   .debug_str:0000000000001994 .LASF551
C:\Users\zero6575\AppData\Local\Temp\ccNaBAyN.s:2655   .debug_macro:0000000000000000 .Ldebug_macro10
C:\Users\zero6575\AppData\Local\Temp\ccNaBAyN.s:2675   .debug_macro:0000000000000000 .Ldebug_macro11
C:\Users\zero6575\AppData\Local\Temp\ccNaBAyN.s:3712   .debug_str:00000000000028fe .LASF598
C:\Users\zero6575\AppData\Local\Temp\ccNaBAyN.s:4114   .debug_str:0000000000003e3b .LASF599
C:\Users\zero6575\AppData\Local\Temp\ccNaBAyN.s:2803   .debug_macro:0000000000000000 .Ldebug_macro12
C:\Users\zero6575\AppData\Local\Temp\ccNaBAyN.s:2892   .debug_str:0000000000000073 .LASF624
C:\Users\zero6575\AppData\Local\Temp\ccNaBAyN.s:2916   .debug_str:0000000000000172 .LASF0
C:\Users\zero6575\AppData\Local\Temp\ccNaBAyN.s:4040   .debug_str:0000000000003a4c .LASF1
C:\Users\zero6575\AppData\Local\Temp\ccNaBAyN.s:4154   .debug_str:0000000000004016 .LASF2
C:\Users\zero6575\AppData\Local\Temp\ccNaBAyN.s:3060   .debug_str:00000000000008ea .LASF3
C:\Users\zero6575\AppData\Local\Temp\ccNaBAyN.s:3664   .debug_str:0000000000002690 .LASF4
C:\Users\zero6575\AppData\Local\Temp\ccNaBAyN.s:4158   .debug_str:0000000000004030 .LASF5
C:\Users\zero6575\AppData\Local\Temp\ccNaBAyN.s:4150   .debug_str:0000000000003ff1 .LASF6
C:\Users\zero6575\AppData\Local\Temp\ccNaBAyN.s:4176   .debug_str:0000000000004143 .LASF7
C:\Users\zero6575\AppData\Local\Temp\ccNaBAyN.s:3906   .debug_str:00000000000033b8 .LASF8
C:\Users\zero6575\AppData\Local\Temp\ccNaBAyN.s:3450   .debug_str:0000000000001b3c .LASF9
C:\Users\zero6575\AppData\Local\Temp\ccNaBAyN.s:3092   .debug_str:0000000000000a10 .LASF10
C:\Users\zero6575\AppData\Local\Temp\ccNaBAyN.s:3424   .debug_str:0000000000001a0a .LASF11
C:\Users\zero6575\AppData\Local\Temp\ccNaBAyN.s:3478   .debug_str:0000000000001c85 .LASF12
C:\Users\zero6575\AppData\Local\Temp\ccNaBAyN.s:3938   .debug_str:000000000000355b .LASF13
C:\Users\zero6575\AppData\Local\Temp\ccNaBAyN.s:4002   .debug_str:000000000000384f .LASF14
C:\Users\zero6575\AppData\Local\Temp\ccNaBAyN.s:3866   .debug_str:00000000000031b5 .LASF15
C:\Users\zero6575\AppData\Local\Temp\ccNaBAyN.s:4156   .debug_str:0000000000004028 .LASF16
C:\Users\zero6575\AppData\Local\Temp\ccNaBAyN.s:3322   .debug_str:000000000000150d .LASF17
C:\Users\zero6575\AppData\Local\Temp\ccNaBAyN.s:3008   .debug_str:0000000000000633 .LASF18
C:\Users\zero6575\AppData\Local\Temp\ccNaBAyN.s:2934   .debug_str:0000000000000238 .LASF19
C:\Users\zero6575\AppData\Local\Temp\ccNaBAyN.s:3240   .debug_str:0000000000001137 .LASF20
C:\Users\zero6575\AppData\Local\Temp\ccNaBAyN.s:3982   .debug_str:0000000000003758 .LASF21
C:\Users\zero6575\AppData\Local\Temp\ccNaBAyN.s:4118   .debug_str:0000000000003e58 .LASF22
C:\Users\zero6575\AppData\Local\Temp\ccNaBAyN.s:3910   .debug_str:00000000000033e2 .LASF23
C:\Users\zero6575\AppData\Local\Temp\ccNaBAyN.s:4106   .debug_str:0000000000003ddb .LASF24
C:\Users\zero6575\AppData\Local\Temp\ccNaBAyN.s:3218   .debug_str:0000000000000ff1 .LASF25
C:\Users\zero6575\AppData\Local\Temp\ccNaBAyN.s:3596   .debug_str:0000000000002359 .LASF26
C:\Users\zero6575\AppData\Local\Temp\ccNaBAyN.s:3020   .debug_str:00000000000006a3 .LASF27
C:\Users\zero6575\AppData\Local\Temp\ccNaBAyN.s:3198   .debug_str:0000000000000f1d .LASF28
C:\Users\zero6575\AppData\Local\Temp\ccNaBAyN.s:3832   .debug_str:0000000000002f8a .LASF29
C:\Users\zero6575\AppData\Local\Temp\ccNaBAyN.s:3420   .debug_str:00000000000019dd .LASF30
C:\Users\zero6575\AppData\Local\Temp\ccNaBAyN.s:3282   .debug_str:0000000000001315 .LASF31
C:\Users\zero6575\AppData\Local\Temp\ccNaBAyN.s:2884   .debug_str:000000000000001b .LASF32
C:\Users\zero6575\AppData\Local\Temp\ccNaBAyN.s:3724   .debug_str:00000000000029a3 .LASF33
C:\Users\zero6575\AppData\Local\Temp\ccNaBAyN.s:4142   .debug_str:0000000000003f91 .LASF34
C:\Users\zero6575\AppData\Local\Temp\ccNaBAyN.s:4162   .debug_str:0000000000004052 .LASF35
C:\Users\zero6575\AppData\Local\Temp\ccNaBAyN.s:2914   .debug_str:000000000000015f .LASF36
C:\Users\zero6575\AppData\Local\Temp\ccNaBAyN.s:3254   .debug_str:00000000000011cd .LASF37
C:\Users\zero6575\AppData\Local\Temp\ccNaBAyN.s:3194   .debug_str:0000000000000ef6 .LASF38
C:\Users\zero6575\AppData\Local\Temp\ccNaBAyN.s:3302   .debug_str:0000000000001415 .LASF39
C:\Users\zero6575\AppData\Local\Temp\ccNaBAyN.s:4134   .debug_str:0000000000003f10 .LASF40
C:\Users\zero6575\AppData\Local\Temp\ccNaBAyN.s:3730   .debug_str:00000000000029d8 .LASF41
C:\Users\zero6575\AppData\Local\Temp\ccNaBAyN.s:3016   .debug_str:0000000000000675 .LASF42
C:\Users\zero6575\AppData\Local\Temp\ccNaBAyN.s:3944   .debug_str:0000000000003581 .LASF43
C:\Users\zero6575\AppData\Local\Temp\ccNaBAyN.s:3340   .debug_str:00000000000015b7 .LASF44
C:\Users\zero6575\AppData\Local\Temp\ccNaBAyN.s:3606   .debug_str:00000000000023c7 .LASF45
C:\Users\zero6575\AppData\Local\Temp\ccNaBAyN.s:3972   .debug_str:00000000000036d4 .LASF46
C:\Users\zero6575\AppData\Local\Temp\ccNaBAyN.s:3052   .debug_str:000000000000086e .LASF47
C:\Users\zero6575\AppData\Local\Temp\ccNaBAyN.s:3070   .debug_str:000000000000094b .LASF48
C:\Users\zero6575\AppData\Local\Temp\ccNaBAyN.s:3560   .debug_str:00000000000020fe .LASF49
C:\Users\zero6575\AppData\Local\Temp\ccNaBAyN.s:3312   .debug_str:000000000000148b .LASF50
C:\Users\zero6575\AppData\Local\Temp\ccNaBAyN.s:3502   .debug_str:0000000000001dbf .LASF51
C:\Users\zero6575\AppData\Local\Temp\ccNaBAyN.s:4004   .debug_str:0000000000003862 .LASF52
C:\Users\zero6575\AppData\Local\Temp\ccNaBAyN.s:4014   .debug_str:00000000000038f5 .LASF53
C:\Users\zero6575\AppData\Local\Temp\ccNaBAyN.s:2998   .debug_str:000000000000057d .LASF54
C:\Users\zero6575\AppData\Local\Temp\ccNaBAyN.s:4128   .debug_str:0000000000003ec1 .LASF55
C:\Users\zero6575\AppData\Local\Temp\ccNaBAyN.s:3778   .debug_str:0000000000002cb9 .LASF56
C:\Users\zero6575\AppData\Local\Temp\ccNaBAyN.s:3352   .debug_str:0000000000001643 .LASF57
C:\Users\zero6575\AppData\Local\Temp\ccNaBAyN.s:3234   .debug_str:00000000000010d9 .LASF58
C:\Users\zero6575\AppData\Local\Temp\ccNaBAyN.s:3656   .debug_str:000000000000263e .LASF59
C:\Users\zero6575\AppData\Local\Temp\ccNaBAyN.s:3484   .debug_str:0000000000001cd1 .LASF60
C:\Users\zero6575\AppData\Local\Temp\ccNaBAyN.s:3956   .debug_str:0000000000003624 .LASF61
C:\Users\zero6575\AppData\Local\Temp\ccNaBAyN.s:3814   .debug_str:0000000000002e86 .LASF62
C:\Users\zero6575\AppData\Local\Temp\ccNaBAyN.s:3100   .debug_str:0000000000000a4c .LASF63
C:\Users\zero6575\AppData\Local\Temp\ccNaBAyN.s:3006   .debug_str:0000000000000611 .LASF64
C:\Users\zero6575\AppData\Local\Temp\ccNaBAyN.s:3840   .debug_str:0000000000002fff .LASF65
C:\Users\zero6575\AppData\Local\Temp\ccNaBAyN.s:3518   .debug_str:0000000000001ea6 .LASF66
C:\Users\zero6575\AppData\Local\Temp\ccNaBAyN.s:2990   .debug_str:00000000000004f1 .LASF67
C:\Users\zero6575\AppData\Local\Temp\ccNaBAyN.s:3042   .debug_str:00000000000007ac .LASF68
C:\Users\zero6575\AppData\Local\Temp\ccNaBAyN.s:3400   .debug_str:0000000000001905 .LASF69
C:\Users\zero6575\AppData\Local\Temp\ccNaBAyN.s:3604   .debug_str:0000000000002395 .LASF70
C:\Users\zero6575\AppData\Local\Temp\ccNaBAyN.s:3500   .debug_str:0000000000001da8 .LASF71
C:\Users\zero6575\AppData\Local\Temp\ccNaBAyN.s:3388   .debug_str:000000000000187a .LASF72
C:\Users\zero6575\AppData\Local\Temp\ccNaBAyN.s:2988   .debug_str:00000000000004dd .LASF73
C:\Users\zero6575\AppData\Local\Temp\ccNaBAyN.s:3498   .debug_str:0000000000001d91 .LASF74
C:\Users\zero6575\AppData\Local\Temp\ccNaBAyN.s:3562   .debug_str:000000000000211b .LASF75
C:\Users\zero6575\AppData\Local\Temp\ccNaBAyN.s:3744   .debug_str:0000000000002ab6 .LASF76
C:\Users\zero6575\AppData\Local\Temp\ccNaBAyN.s:3738   .debug_str:0000000000002a37 .LASF77
C:\Users\zero6575\AppData\Local\Temp\ccNaBAyN.s:2956   .debug_str:000000000000030d .LASF78
C:\Users\zero6575\AppData\Local\Temp\ccNaBAyN.s:3170   .debug_str:0000000000000d6c .LASF79
C:\Users\zero6575\AppData\Local\Temp\ccNaBAyN.s:3520   .debug_str:0000000000001ecd .LASF80
C:\Users\zero6575\AppData\Local\Temp\ccNaBAyN.s:2908   .debug_str:000000000000011f .LASF81
C:\Users\zero6575\AppData\Local\Temp\ccNaBAyN.s:3048   .debug_str:0000000000000833 .LASF82
C:\Users\zero6575\AppData\Local\Temp\ccNaBAyN.s:3418   .debug_str:00000000000019cb .LASF83
C:\Users\zero6575\AppData\Local\Temp\ccNaBAyN.s:2944   .debug_str:000000000000028a .LASF84
C:\Users\zero6575\AppData\Local\Temp\ccNaBAyN.s:3310   .debug_str:000000000000147a .LASF85
C:\Users\zero6575\AppData\Local\Temp\ccNaBAyN.s:3984   .debug_str:000000000000376b .LASF86
C:\Users\zero6575\AppData\Local\Temp\ccNaBAyN.s:3772   .debug_str:0000000000002c77 .LASF87
C:\Users\zero6575\AppData\Local\Temp\ccNaBAyN.s:3698   .debug_str:000000000000285f .LASF88
C:\Users\zero6575\AppData\Local\Temp\ccNaBAyN.s:3624   .debug_str:00000000000024b9 .LASF89
C:\Users\zero6575\AppData\Local\Temp\ccNaBAyN.s:3226   .debug_str:000000000000108a .LASF90
C:\Users\zero6575\AppData\Local\Temp\ccNaBAyN.s:3272   .debug_str:00000000000012b0 .LASF91
C:\Users\zero6575\AppData\Local\Temp\ccNaBAyN.s:4072   .debug_str:0000000000003bd0 .LASF92
C:\Users\zero6575\AppData\Local\Temp\ccNaBAyN.s:3108   .debug_str:0000000000000a9d .LASF93
C:\Users\zero6575\AppData\Local\Temp\ccNaBAyN.s:3454   .debug_str:0000000000001b70 .LASF94
C:\Users\zero6575\AppData\Local\Temp\ccNaBAyN.s:4160   .debug_str:000000000000403b .LASF95
C:\Users\zero6575\AppData\Local\Temp\ccNaBAyN.s:3440   .debug_str:0000000000001ab3 .LASF96
C:\Users\zero6575\AppData\Local\Temp\ccNaBAyN.s:3216   .debug_str:0000000000000fd3 .LASF97
C:\Users\zero6575\AppData\Local\Temp\ccNaBAyN.s:3844   .debug_str:0000000000003035 .LASF98
C:\Users\zero6575\AppData\Local\Temp\ccNaBAyN.s:3808   .debug_str:0000000000002e45 .LASF99
C:\Users\zero6575\AppData\Local\Temp\ccNaBAyN.s:3522   .debug_str:0000000000001edd .LASF100
C:\Users\zero6575\AppData\Local\Temp\ccNaBAyN.s:3130   .debug_str:0000000000000bb3 .LASF101
C:\Users\zero6575\AppData\Local\Temp\ccNaBAyN.s:3000   .debug_str:000000000000059b .LASF102
C:\Users\zero6575\AppData\Local\Temp\ccNaBAyN.s:3480   .debug_str:0000000000001c98 .LASF103
C:\Users\zero6575\AppData\Local\Temp\ccNaBAyN.s:3986   .debug_str:000000000000377d .LASF104
C:\Users\zero6575\AppData\Local\Temp\ccNaBAyN.s:4076   .debug_str:0000000000003c19 .LASF105
C:\Users\zero6575\AppData\Local\Temp\ccNaBAyN.s:3680   .debug_str:000000000000274e .LASF106
C:\Users\zero6575\AppData\Local\Temp\ccNaBAyN.s:3080   .debug_str:00000000000009a4 .LASF107
C:\Users\zero6575\AppData\Local\Temp\ccNaBAyN.s:3278   .debug_str:00000000000012e6 .LASF108
C:\Users\zero6575\AppData\Local\Temp\ccNaBAyN.s:3082   .debug_str:00000000000009c8 .LASF109
C:\Users\zero6575\AppData\Local\Temp\ccNaBAyN.s:3482   .debug_str:0000000000001cba .LASF110
C:\Users\zero6575\AppData\Local\Temp\ccNaBAyN.s:3062   .debug_str:00000000000008fc .LASF111
C:\Users\zero6575\AppData\Local\Temp\ccNaBAyN.s:3976   .debug_str:0000000000003703 .LASF112
C:\Users\zero6575\AppData\Local\Temp\ccNaBAyN.s:2974   .debug_str:0000000000000422 .LASF113
C:\Users\zero6575\AppData\Local\Temp\ccNaBAyN.s:3670   .debug_str:00000000000026e4 .LASF114
C:\Users\zero6575\AppData\Local\Temp\ccNaBAyN.s:3286   .debug_str:000000000000134c .LASF115
C:\Users\zero6575\AppData\Local\Temp\ccNaBAyN.s:3488   .debug_str:0000000000001d03 .LASF116
C:\Users\zero6575\AppData\Local\Temp\ccNaBAyN.s:3442   .debug_str:0000000000001ac7 .LASF117
C:\Users\zero6575\AppData\Local\Temp\ccNaBAyN.s:4170   .debug_str:00000000000040cf .LASF118
C:\Users\zero6575\AppData\Local\Temp\ccNaBAyN.s:3444   .debug_str:0000000000001aef .LASF119
C:\Users\zero6575\AppData\Local\Temp\ccNaBAyN.s:4164   .debug_str:000000000000406c .LASF120
C:\Users\zero6575\AppData\Local\Temp\ccNaBAyN.s:3188   .debug_str:0000000000000e90 .LASF121
C:\Users\zero6575\AppData\Local\Temp\ccNaBAyN.s:3208   .debug_str:0000000000000f7b .LASF122
C:\Users\zero6575\AppData\Local\Temp\ccNaBAyN.s:3028   .debug_str:00000000000006fe .LASF123
C:\Users\zero6575\AppData\Local\Temp\ccNaBAyN.s:3122   .debug_str:0000000000000b42 .LASF124
C:\Users\zero6575\AppData\Local\Temp\ccNaBAyN.s:3640   .debug_str:00000000000025b0 .LASF125
C:\Users\zero6575\AppData\Local\Temp\ccNaBAyN.s:3184   .debug_str:0000000000000e4c .LASF126
C:\Users\zero6575\AppData\Local\Temp\ccNaBAyN.s:4120   .debug_str:0000000000003e6b .LASF127
C:\Users\zero6575\AppData\Local\Temp\ccNaBAyN.s:3128   .debug_str:0000000000000b96 .LASF128
C:\Users\zero6575\AppData\Local\Temp\ccNaBAyN.s:3132   .debug_str:0000000000000bc8 .LASF129
C:\Users\zero6575\AppData\Local\Temp\ccNaBAyN.s:2894   .debug_str:000000000000007e .LASF130
C:\Users\zero6575\AppData\Local\Temp\ccNaBAyN.s:2948   .debug_str:00000000000002b7 .LASF131
C:\Users\zero6575\AppData\Local\Temp\ccNaBAyN.s:3890   .debug_str:00000000000032eb .LASF132
C:\Users\zero6575\AppData\Local\Temp\ccNaBAyN.s:3428   .debug_str:0000000000001a31 .LASF133
C:\Users\zero6575\AppData\Local\Temp\ccNaBAyN.s:3152   .debug_str:0000000000000c9a .LASF134
C:\Users\zero6575\AppData\Local\Temp\ccNaBAyN.s:3380   .debug_str:0000000000001828 .LASF135
C:\Users\zero6575\AppData\Local\Temp\ccNaBAyN.s:3546   .debug_str:000000000000201d .LASF136
C:\Users\zero6575\AppData\Local\Temp\ccNaBAyN.s:3534   .debug_str:0000000000001f58 .LASF137
C:\Users\zero6575\AppData\Local\Temp\ccNaBAyN.s:3912   .debug_str:00000000000033f6 .LASF138
C:\Users\zero6575\AppData\Local\Temp\ccNaBAyN.s:2980   .debug_str:000000000000046a .LASF139
C:\Users\zero6575\AppData\Local\Temp\ccNaBAyN.s:3164   .debug_str:0000000000000d31 .LASF140
C:\Users\zero6575\AppData\Local\Temp\ccNaBAyN.s:3830   .debug_str:0000000000002f76 .LASF141
C:\Users\zero6575\AppData\Local\Temp\ccNaBAyN.s:3760   .debug_str:0000000000002b6a .LASF142
C:\Users\zero6575\AppData\Local\Temp\ccNaBAyN.s:3464   .debug_str:0000000000001c12 .LASF143
C:\Users\zero6575\AppData\Local\Temp\ccNaBAyN.s:3114   .debug_str:0000000000000ae7 .LASF144
C:\Users\zero6575\AppData\Local\Temp\ccNaBAyN.s:3516   .debug_str:0000000000001e90 .LASF145
C:\Users\zero6575\AppData\Local\Temp\ccNaBAyN.s:3294   .debug_str:000000000000137e .LASF146
C:\Users\zero6575\AppData\Local\Temp\ccNaBAyN.s:4096   .debug_str:0000000000003d68 .LASF147
C:\Users\zero6575\AppData\Local\Temp\ccNaBAyN.s:3284   .debug_str:000000000000133c .LASF148
C:\Users\zero6575\AppData\Local\Temp\ccNaBAyN.s:3262   .debug_str:000000000000123e .LASF149
C:\Users\zero6575\AppData\Local\Temp\ccNaBAyN.s:3202   .debug_str:0000000000000f4f .LASF150
C:\Users\zero6575\AppData\Local\Temp\ccNaBAyN.s:3280   .debug_str:00000000000012fe .LASF151
C:\Users\zero6575\AppData\Local\Temp\ccNaBAyN.s:3148   .debug_str:0000000000000c76 .LASF152
C:\Users\zero6575\AppData\Local\Temp\ccNaBAyN.s:3090   .debug_str:00000000000009fc .LASF153
C:\Users\zero6575\AppData\Local\Temp\ccNaBAyN.s:2900   .debug_str:00000000000000c0 .LASF154
C:\Users\zero6575\AppData\Local\Temp\ccNaBAyN.s:3852   .debug_str:00000000000030cb .LASF155
C:\Users\zero6575\AppData\Local\Temp\ccNaBAyN.s:3770   .debug_str:0000000000002c40 .LASF156
C:\Users\zero6575\AppData\Local\Temp\ccNaBAyN.s:4140   .debug_str:0000000000003f5a .LASF157
C:\Users\zero6575\AppData\Local\Temp\ccNaBAyN.s:3172   .debug_str:0000000000000d85 .LASF158
C:\Users\zero6575\AppData\Local\Temp\ccNaBAyN.s:4088   .debug_str:0000000000003cbb .LASF159
C:\Users\zero6575\AppData\Local\Temp\ccNaBAyN.s:4112   .debug_str:0000000000003e26 .LASF160
C:\Users\zero6575\AppData\Local\Temp\ccNaBAyN.s:2950   .debug_str:00000000000002cf .LASF161
C:\Users\zero6575\AppData\Local\Temp\ccNaBAyN.s:3410   .debug_str:000000000000197c .LASF162
C:\Users\zero6575\AppData\Local\Temp\ccNaBAyN.s:3154   .debug_str:0000000000000cc1 .LASF163
C:\Users\zero6575\AppData\Local\Temp\ccNaBAyN.s:3102   .debug_str:0000000000000a6d .LASF164
C:\Users\zero6575\AppData\Local\Temp\ccNaBAyN.s:4030   .debug_str:0000000000003999 .LASF165
C:\Users\zero6575\AppData\Local\Temp\ccNaBAyN.s:3138   .debug_str:0000000000000c0b .LASF166
C:\Users\zero6575\AppData\Local\Temp\ccNaBAyN.s:3206   .debug_str:0000000000000f66 .LASF167
C:\Users\zero6575\AppData\Local\Temp\ccNaBAyN.s:2924   .debug_str:00000000000001b4 .LASF168
C:\Users\zero6575\AppData\Local\Temp\ccNaBAyN.s:3238   .debug_str:0000000000001120 .LASF169
C:\Users\zero6575\AppData\Local\Temp\ccNaBAyN.s:4078   .debug_str:0000000000003c2f .LASF170
C:\Users\zero6575\AppData\Local\Temp\ccNaBAyN.s:3894   .debug_str:000000000000331c .LASF171
C:\Users\zero6575\AppData\Local\Temp\ccNaBAyN.s:3044   .debug_str:00000000000007cf .LASF172
C:\Users\zero6575\AppData\Local\Temp\ccNaBAyN.s:3462   .debug_str:0000000000001bc9 .LASF173
C:\Users\zero6575\AppData\Local\Temp\ccNaBAyN.s:3676   .debug_str:0000000000002726 .LASF174
C:\Users\zero6575\AppData\Local\Temp\ccNaBAyN.s:2978   .debug_str:0000000000000453 .LASF175
C:\Users\zero6575\AppData\Local\Temp\ccNaBAyN.s:4080   .debug_str:0000000000003c71 .LASF176
C:\Users\zero6575\AppData\Local\Temp\ccNaBAyN.s:4126   .debug_str:0000000000003eab .LASF177
C:\Users\zero6575\AppData\Local\Temp\ccNaBAyN.s:2970   .debug_str:00000000000003f8 .LASF178
C:\Users\zero6575\AppData\Local\Temp\ccNaBAyN.s:3384   .debug_str:0000000000001852 .LASF179
C:\Users\zero6575\AppData\Local\Temp\ccNaBAyN.s:4130   .debug_str:0000000000003ee4 .LASF180
C:\Users\zero6575\AppData\Local\Temp\ccNaBAyN.s:4144   .debug_str:0000000000003fb1 .LASF181
C:\Users\zero6575\AppData\Local\Temp\ccNaBAyN.s:3564   .debug_str:000000000000213c .LASF182
C:\Users\zero6575\AppData\Local\Temp\ccNaBAyN.s:3136   .debug_str:0000000000000bf8 .LASF183
C:\Users\zero6575\AppData\Local\Temp\ccNaBAyN.s:3084   .debug_str:00000000000009d6 .LASF184
C:\Users\zero6575\AppData\Local\Temp\ccNaBAyN.s:3714   .debug_str:0000000000002908 .LASF185
C:\Users\zero6575\AppData\Local\Temp\ccNaBAyN.s:3512   .debug_str:0000000000001e41 .LASF186
C:\Users\zero6575\AppData\Local\Temp\ccNaBAyN.s:4090   .debug_str:0000000000003cf9 .LASF187
C:\Users\zero6575\AppData\Local\Temp\ccNaBAyN.s:3922   .debug_str:0000000000003486 .LASF188
C:\Users\zero6575\AppData\Local\Temp\ccNaBAyN.s:3628   .debug_str:0000000000002527 .LASF189
C:\Users\zero6575\AppData\Local\Temp\ccNaBAyN.s:4098   .debug_str:0000000000003d7e .LASF190
C:\Users\zero6575\AppData\Local\Temp\ccNaBAyN.s:3780   .debug_str:0000000000002ce2 .LASF191
C:\Users\zero6575\AppData\Local\Temp\ccNaBAyN.s:3098   .debug_str:0000000000000a36 .LASF192
C:\Users\zero6575\AppData\Local\Temp\ccNaBAyN.s:3076   .debug_str:000000000000098d .LASF193
C:\Users\zero6575\AppData\Local\Temp\ccNaBAyN.s:3134   .debug_str:0000000000000bdf .LASF194
C:\Users\zero6575\AppData\Local\Temp\ccNaBAyN.s:3056   .debug_str:00000000000008b3 .LASF195
C:\Users\zero6575\AppData\Local\Temp\ccNaBAyN.s:2920   .debug_str:0000000000000183 .LASF196
C:\Users\zero6575\AppData\Local\Temp\ccNaBAyN.s:3612   .debug_str:0000000000002408 .LASF197
C:\Users\zero6575\AppData\Local\Temp\ccNaBAyN.s:3246   .debug_str:000000000000117d .LASF198
C:\Users\zero6575\AppData\Local\Temp\ccNaBAyN.s:3190   .debug_str:0000000000000e9f .LASF199
C:\Users\zero6575\AppData\Local\Temp\ccNaBAyN.s:3914   .debug_str:0000000000003416 .LASF200
C:\Users\zero6575\AppData\Local\Temp\ccNaBAyN.s:4000   .debug_str:0000000000003811 .LASF201
C:\Users\zero6575\AppData\Local\Temp\ccNaBAyN.s:2994   .debug_str:0000000000000517 .LASF202
C:\Users\zero6575\AppData\Local\Temp\ccNaBAyN.s:3710   .debug_str:00000000000028e7 .LASF203
C:\Users\zero6575\AppData\Local\Temp\ccNaBAyN.s:2902   .debug_str:00000000000000d6 .LASF204
C:\Users\zero6575\AppData\Local\Temp\ccNaBAyN.s:4062   .debug_str:0000000000003b44 .LASF205
C:\Users\zero6575\AppData\Local\Temp\ccNaBAyN.s:2898   .debug_str:00000000000000aa .LASF206
C:\Users\zero6575\AppData\Local\Temp\ccNaBAyN.s:3884   .debug_str:0000000000003296 .LASF207
C:\Users\zero6575\AppData\Local\Temp\ccNaBAyN.s:3954   .debug_str:000000000000360a .LASF208
C:\Users\zero6575\AppData\Local\Temp\ccNaBAyN.s:2906   .debug_str:0000000000000103 .LASF209
C:\Users\zero6575\AppData\Local\Temp\ccNaBAyN.s:3642   .debug_str:00000000000025c5 .LASF210
C:\Users\zero6575\AppData\Local\Temp\ccNaBAyN.s:3682   .debug_str:0000000000002769 .LASF211
C:\Users\zero6575\AppData\Local\Temp\ccNaBAyN.s:3996   .debug_str:00000000000037ef .LASF212
C:\Users\zero6575\AppData\Local\Temp\ccNaBAyN.s:3540   .debug_str:0000000000001fb9 .LASF213
C:\Users\zero6575\AppData\Local\Temp\ccNaBAyN.s:3700   .debug_str:0000000000002872 .LASF214
C:\Users\zero6575\AppData\Local\Temp\ccNaBAyN.s:3614   .debug_str:0000000000002420 .LASF215
C:\Users\zero6575\AppData\Local\Temp\ccNaBAyN.s:3782   .debug_str:0000000000002cfb .LASF216
C:\Users\zero6575\AppData\Local\Temp\ccNaBAyN.s:4108   .debug_str:0000000000003df5 .LASF217
C:\Users\zero6575\AppData\Local\Temp\ccNaBAyN.s:3416   .debug_str:00000000000019b2 .LASF218
C:\Users\zero6575\AppData\Local\Temp\ccNaBAyN.s:3266   .debug_str:000000000000126d .LASF219
C:\Users\zero6575\AppData\Local\Temp\ccNaBAyN.s:3990   .debug_str:00000000000037a6 .LASF220
C:\Users\zero6575\AppData\Local\Temp\ccNaBAyN.s:3342   .debug_str:00000000000015d0 .LASF221
C:\Users\zero6575\AppData\Local\Temp\ccNaBAyN.s:3058   .debug_str:00000000000008ce .LASF222
C:\Users\zero6575\AppData\Local\Temp\ccNaBAyN.s:2952   .debug_str:00000000000002e6 .LASF223
C:\Users\zero6575\AppData\Local\Temp\ccNaBAyN.s:3860   .debug_str:0000000000003145 .LASF224
C:\Users\zero6575\AppData\Local\Temp\ccNaBAyN.s:3256   .debug_str:00000000000011e8 .LASF225
C:\Users\zero6575\AppData\Local\Temp\ccNaBAyN.s:4110   .debug_str:0000000000003e0c .LASF226
C:\Users\zero6575\AppData\Local\Temp\ccNaBAyN.s:3296   .debug_str:000000000000139f .LASF227
C:\Users\zero6575\AppData\Local\Temp\ccNaBAyN.s:3002   .debug_str:00000000000005b4 .LASF228
C:\Users\zero6575\AppData\Local\Temp\ccNaBAyN.s:3580   .debug_str:0000000000002289 .LASF229
C:\Users\zero6575\AppData\Local\Temp\ccNaBAyN.s:3864   .debug_str:000000000000316f .LASF230
C:\Users\zero6575\AppData\Local\Temp\ccNaBAyN.s:3492   .debug_str:0000000000001d26 .LASF231
C:\Users\zero6575\AppData\Local\Temp\ccNaBAyN.s:3980   .debug_str:000000000000373e .LASF232
C:\Users\zero6575\AppData\Local\Temp\ccNaBAyN.s:4056   .debug_str:0000000000003aed .LASF233
C:\Users\zero6575\AppData\Local\Temp\ccNaBAyN.s:3304   .debug_str:0000000000001438 .LASF234
C:\Users\zero6575\AppData\Local\Temp\ccNaBAyN.s:3290   .debug_str:0000000000001362 .LASF235
C:\Users\zero6575\AppData\Local\Temp\ccNaBAyN.s:3964   .debug_str:000000000000368b .LASF236
C:\Users\zero6575\AppData\Local\Temp\ccNaBAyN.s:4094   .debug_str:0000000000003d4b .LASF237
C:\Users\zero6575\AppData\Local\Temp\ccNaBAyN.s:3212   .debug_str:0000000000000fa5 .LASF238
C:\Users\zero6575\AppData\Local\Temp\ccNaBAyN.s:3010   .debug_str:0000000000000644 .LASF239
C:\Users\zero6575\AppData\Local\Temp\ccNaBAyN.s:3334   .debug_str:0000000000001572 .LASF240
C:\Users\zero6575\AppData\Local\Temp\ccNaBAyN.s:3848   .debug_str:000000000000307e .LASF241
C:\Users\zero6575\AppData\Local\Temp\ccNaBAyN.s:4168   .debug_str:0000000000004091 .LASF242
C:\Users\zero6575\AppData\Local\Temp\ccNaBAyN.s:3692   .debug_str:00000000000027ed .LASF243
C:\Users\zero6575\AppData\Local\Temp\ccNaBAyN.s:3818   .debug_str:0000000000002eb3 .LASF244
C:\Users\zero6575\AppData\Local\Temp\ccNaBAyN.s:3688   .debug_str:00000000000027be .LASF245
C:\Users\zero6575\AppData\Local\Temp\ccNaBAyN.s:2966   .debug_str:00000000000003d1 .LASF246
C:\Users\zero6575\AppData\Local\Temp\ccNaBAyN.s:4026   .debug_str:000000000000396f .LASF247
C:\Users\zero6575\AppData\Local\Temp\ccNaBAyN.s:3794   .debug_str:0000000000002da4 .LASF248
C:\Users\zero6575\AppData\Local\Temp\ccNaBAyN.s:3600   .debug_str:0000000000002375 .LASF249
C:\Users\zero6575\AppData\Local\Temp\ccNaBAyN.s:4032   .debug_str:00000000000039b1 .LASF250
C:\Users\zero6575\AppData\Local\Temp\ccNaBAyN.s:3176   .debug_str:0000000000000dd0 .LASF251
C:\Users\zero6575\AppData\Local\Temp\ccNaBAyN.s:3748   .debug_str:0000000000002afa .LASF252
C:\Users\zero6575\AppData\Local\Temp\ccNaBAyN.s:3244   .debug_str:0000000000001162 .LASF253
C:\Users\zero6575\AppData\Local\Temp\ccNaBAyN.s:3904   .debug_str:000000000000339e .LASF254
C:\Users\zero6575\AppData\Local\Temp\ccNaBAyN.s:3224   .debug_str:000000000000104b .LASF255
C:\Users\zero6575\AppData\Local\Temp\ccNaBAyN.s:3496   .debug_str:0000000000001d52 .LASF256
C:\Users\zero6575\AppData\Local\Temp\ccNaBAyN.s:3858   .debug_str:0000000000003104 .LASF257
C:\Users\zero6575\AppData\Local\Temp\ccNaBAyN.s:4172   .debug_str:00000000000040e3 .LASF258
C:\Users\zero6575\AppData\Local\Temp\ccNaBAyN.s:3836   .debug_str:0000000000002fcc .LASF259
C:\Users\zero6575\AppData\Local\Temp\ccNaBAyN.s:3594   .debug_str:000000000000233f .LASF260
C:\Users\zero6575\AppData\Local\Temp\ccNaBAyN.s:2882   .debug_str:0000000000000000 .LASF261
C:\Users\zero6575\AppData\Local\Temp\ccNaBAyN.s:4084   .debug_str:0000000000003c96 .LASF262
C:\Users\zero6575\AppData\Local\Temp\ccNaBAyN.s:3558   .debug_str:00000000000020e6 .LASF263
C:\Users\zero6575\AppData\Local\Temp\ccNaBAyN.s:3576   .debug_str:00000000000021bf .LASF264
C:\Users\zero6575\AppData\Local\Temp\ccNaBAyN.s:3994   .debug_str:00000000000037d9 .LASF265
C:\Users\zero6575\AppData\Local\Temp\ccNaBAyN.s:4048   .debug_str:0000000000003a9f .LASF266
C:\Users\zero6575\AppData\Local\Temp\ccNaBAyN.s:3162   .debug_str:0000000000000d18 .LASF267
C:\Users\zero6575\AppData\Local\Temp\ccNaBAyN.s:3300   .debug_str:00000000000013ee .LASF268
C:\Users\zero6575\AppData\Local\Temp\ccNaBAyN.s:3408   .debug_str:0000000000001966 .LASF269
C:\Users\zero6575\AppData\Local\Temp\ccNaBAyN.s:2960   .debug_str:000000000000033c .LASF270
C:\Users\zero6575\AppData\Local\Temp\ccNaBAyN.s:3620   .debug_str:000000000000247e .LASF271
C:\Users\zero6575\AppData\Local\Temp\ccNaBAyN.s:3974   .debug_str:00000000000036ec .LASF272
C:\Users\zero6575\AppData\Local\Temp\ccNaBAyN.s:3888   .debug_str:00000000000032c5 .LASF273
C:\Users\zero6575\AppData\Local\Temp\ccNaBAyN.s:3570   .debug_str:0000000000002183 .LASF274
C:\Users\zero6575\AppData\Local\Temp\ccNaBAyN.s:3666   .debug_str:00000000000026a2 .LASF275
C:\Users\zero6575\AppData\Local\Temp\ccNaBAyN.s:2984   .debug_str:000000000000049d .LASF276
C:\Users\zero6575\AppData\Local\Temp\ccNaBAyN.s:2922   .debug_str:0000000000000199 .LASF277
C:\Users\zero6575\AppData\Local\Temp\ccNaBAyN.s:3368   .debug_str:00000000000017b2 .LASF278
C:\Users\zero6575\AppData\Local\Temp\ccNaBAyN.s:3406   .debug_str:000000000000194d .LASF279
C:\Users\zero6575\AppData\Local\Temp\ccNaBAyN.s:3220   .debug_str:0000000000001005 .LASF280
C:\Users\zero6575\AppData\Local\Temp\ccNaBAyN.s:3264   .debug_str:0000000000001252 .LASF281
C:\Users\zero6575\AppData\Local\Temp\ccNaBAyN.s:4070   .debug_str:0000000000003b8b .LASF282
C:\Users\zero6575\AppData\Local\Temp\ccNaBAyN.s:3644   .debug_str:00000000000025dc .LASF283
C:\Users\zero6575\AppData\Local\Temp\ccNaBAyN.s:3118   .debug_str:0000000000000b19 .LASF284
C:\Users\zero6575\AppData\Local\Temp\ccNaBAyN.s:3690   .debug_str:00000000000027d6 .LASF285
C:\Users\zero6575\AppData\Local\Temp\ccNaBAyN.s:4086   .debug_str:0000000000003cab .LASF286
C:\Users\zero6575\AppData\Local\Temp\ccNaBAyN.s:3946   .debug_str:000000000000359b .LASF287
C:\Users\zero6575\AppData\Local\Temp\ccNaBAyN.s:3622   .debug_str:0000000000002494 .LASF288
C:\Users\zero6575\AppData\Local\Temp\ccNaBAyN.s:3886   .debug_str:00000000000032a7 .LASF289
C:\Users\zero6575\AppData\Local\Temp\ccNaBAyN.s:3004   .debug_str:00000000000005f3 .LASF290
C:\Users\zero6575\AppData\Local\Temp\ccNaBAyN.s:3686   .debug_str:000000000000279c .LASF291
C:\Users\zero6575\AppData\Local\Temp\ccNaBAyN.s:3336   .debug_str:000000000000158c .LASF292
C:\Users\zero6575\AppData\Local\Temp\ccNaBAyN.s:4012   .debug_str:00000000000038d4 .LASF293
C:\Users\zero6575\AppData\Local\Temp\ccNaBAyN.s:3718   .debug_str:000000000000294c .LASF294
C:\Users\zero6575\AppData\Local\Temp\ccNaBAyN.s:3638   .debug_str:0000000000002593 .LASF295
C:\Users\zero6575\AppData\Local\Temp\ccNaBAyN.s:3358   .debug_str:0000000000001740 .LASF296
C:\Users\zero6575\AppData\Local\Temp\ccNaBAyN.s:3764   .debug_str:0000000000002ba8 .LASF297
C:\Users\zero6575\AppData\Local\Temp\ccNaBAyN.s:3180   .debug_str:0000000000000dfd .LASF298
C:\Users\zero6575\AppData\Local\Temp\ccNaBAyN.s:3608   .debug_str:00000000000023da .LASF299
C:\Users\zero6575\AppData\Local\Temp\ccNaBAyN.s:3390   .debug_str:000000000000188d .LASF300
C:\Users\zero6575\AppData\Local\Temp\ccNaBAyN.s:3030   .debug_str:000000000000070e .LASF301
C:\Users\zero6575\AppData\Local\Temp\ccNaBAyN.s:3582   .debug_str:00000000000022ca .LASF302
C:\Users\zero6575\AppData\Local\Temp\ccNaBAyN.s:3514   .debug_str:0000000000001e7b .LASF303
C:\Users\zero6575\AppData\Local\Temp\ccNaBAyN.s:3494   .debug_str:0000000000001d3e .LASF304
C:\Users\zero6575\AppData\Local\Temp\ccNaBAyN.s:4016   .debug_str:000000000000390e .LASF305
C:\Users\zero6575\AppData\Local\Temp\ccNaBAyN.s:3812   .debug_str:0000000000002e7c .LASF306
C:\Users\zero6575\AppData\Local\Temp\ccNaBAyN.s:3902   .debug_str:0000000000003389 .LASF307
C:\Users\zero6575\AppData\Local\Temp\ccNaBAyN.s:3332   .debug_str:0000000000001561 .LASF308
C:\Users\zero6575\AppData\Local\Temp\ccNaBAyN.s:3936   .debug_str:000000000000354d .LASF309
C:\Users\zero6575\AppData\Local\Temp\ccNaBAyN.s:3094   .debug_str:0000000000000a23 .LASF310
C:\Users\zero6575\AppData\Local\Temp\ccNaBAyN.s:3862   .debug_str:000000000000315e .LASF311
C:\Users\zero6575\AppData\Local\Temp\ccNaBAyN.s:4132   .debug_str:0000000000003f00 .LASF312
C:\Users\zero6575\AppData\Local\Temp\ccNaBAyN.s:3618   .debug_str:0000000000002465 .LASF313
C:\Users\zero6575\AppData\Local\Temp\ccNaBAyN.s:2976   .debug_str:000000000000043b .LASF314
C:\Users\zero6575\AppData\Local\Temp\ccNaBAyN.s:2930   .debug_str:00000000000001f9 .LASF315
C:\Users\zero6575\AppData\Local\Temp\ccNaBAyN.s:3086   .debug_str:00000000000009ee .LASF316
C:\Users\zero6575\AppData\Local\Temp\ccNaBAyN.s:3404   .debug_str:0000000000001938 .LASF317
C:\Users\zero6575\AppData\Local\Temp\ccNaBAyN.s:3988   .debug_str:0000000000003790 .LASF318
C:\Users\zero6575\AppData\Local\Temp\ccNaBAyN.s:2926   .debug_str:00000000000001cb .LASF319
C:\Users\zero6575\AppData\Local\Temp\ccNaBAyN.s:3112   .debug_str:0000000000000ace .LASF320
C:\Users\zero6575\AppData\Local\Temp\ccNaBAyN.s:3870   .debug_str:00000000000031d9 .LASF321
C:\Users\zero6575\AppData\Local\Temp\ccNaBAyN.s:2982   .debug_str:0000000000000493 .LASF322
C:\Users\zero6575\AppData\Local\Temp\ccNaBAyN.s:3732   .debug_str:00000000000029f5 .LASF323
C:\Users\zero6575\AppData\Local\Temp\ccNaBAyN.s:3960   .debug_str:000000000000365d .LASF324
C:\Users\zero6575\AppData\Local\Temp\ccNaBAyN.s:4036   .debug_str:00000000000039f8 .LASF325
C:\Users\zero6575\AppData\Local\Temp\ccNaBAyN.s:3394   .debug_str:00000000000018b3 .LASF326
C:\Users\zero6575\AppData\Local\Temp\ccNaBAyN.s:4092   .debug_str:0000000000003d35 .LASF327
C:\Users\zero6575\AppData\Local\Temp\ccNaBAyN.s:3258   .debug_str:0000000000001203 .LASF328
C:\Users\zero6575\AppData\Local\Temp\ccNaBAyN.s:3908   .debug_str:00000000000033cc .LASF329
C:\Users\zero6575\AppData\Local\Temp\ccNaBAyN.s:3842   .debug_str:0000000000003021 .LASF330
C:\Users\zero6575\AppData\Local\Temp\ccNaBAyN.s:3434   .debug_str:0000000000001a6f .LASF331
C:\Users\zero6575\AppData\Local\Temp\ccNaBAyN.s:3026   .debug_str:00000000000006e6 .LASF332
C:\Users\zero6575\AppData\Local\Temp\ccNaBAyN.s:3014   .debug_str:0000000000000668 .LASF333
C:\Users\zero6575\AppData\Local\Temp\ccNaBAyN.s:2936   .debug_str:000000000000024a .LASF334
C:\Users\zero6575\AppData\Local\Temp\ccNaBAyN.s:3140   .debug_str:0000000000000c25 .LASF335
C:\Users\zero6575\AppData\Local\Temp\ccNaBAyN.s:3786   .debug_str:0000000000002d47 .LASF336
C:\Users\zero6575\AppData\Local\Temp\ccNaBAyN.s:3588   .debug_str:00000000000022fe .LASF337
C:\Users\zero6575\AppData\Local\Temp\ccNaBAyN.s:3992   .debug_str:00000000000037be .LASF338
C:\Users\zero6575\AppData\Local\Temp\ccNaBAyN.s:3214   .debug_str:0000000000000fbd .LASF339
C:\Users\zero6575\AppData\Local\Temp\ccNaBAyN.s:3472   .debug_str:0000000000001c50 .LASF340
C:\Users\zero6575\AppData\Local\Temp\ccNaBAyN.s:3348   .debug_str:000000000000161b .LASF341
C:\Users\zero6575\AppData\Local\Temp\ccNaBAyN.s:3402   .debug_str:000000000000192d .LASF342
C:\Users\zero6575\AppData\Local\Temp\ccNaBAyN.s:3948   .debug_str:00000000000035c0 .LASF343
C:\Users\zero6575\AppData\Local\Temp\ccNaBAyN.s:3630   .debug_str:000000000000253d .LASF344
C:\Users\zero6575\AppData\Local\Temp\ccNaBAyN.s:3222   .debug_str:000000000000103f .LASF345
C:\Users\zero6575\AppData\Local\Temp\ccNaBAyN.s:2968   .debug_str:00000000000003eb .LASF346
C:\Users\zero6575\AppData\Local\Temp\ccNaBAyN.s:3856   .debug_str:00000000000030f8 .LASF347
C:\Users\zero6575\AppData\Local\Temp\ccNaBAyN.s:3704   .debug_str:00000000000028be .LASF348
C:\Users\zero6575\AppData\Local\Temp\ccNaBAyN.s:3696   .debug_str:0000000000002852 .LASF349
C:\Users\zero6575\AppData\Local\Temp\ccNaBAyN.s:3966   .debug_str:00000000000036a6 .LASF350
C:\Users\zero6575\AppData\Local\Temp\ccNaBAyN.s:4052   .debug_str:0000000000003ac6 .LASF351
C:\Users\zero6575\AppData\Local\Temp\ccNaBAyN.s:3144   .debug_str:0000000000000c40 .LASF352
C:\Users\zero6575\AppData\Local\Temp\ccNaBAyN.s:3200   .debug_str:0000000000000f3a .LASF353
C:\Users\zero6575\AppData\Local\Temp\ccNaBAyN.s:3668   .debug_str:00000000000026d3 .LASF354
C:\Users\zero6575\AppData\Local\Temp\ccNaBAyN.s:3590   .debug_str:0000000000002319 .LASF355
C:\Users\zero6575\AppData\Local\Temp\ccNaBAyN.s:4122   .debug_str:0000000000003e81 .LASF356
C:\Users\zero6575\AppData\Local\Temp\ccNaBAyN.s:3784   .debug_str:0000000000002d3e .LASF357
C:\Users\zero6575\AppData\Local\Temp\ccNaBAyN.s:3532   .debug_str:0000000000001f49 .LASF358
C:\Users\zero6575\AppData\Local\Temp\ccNaBAyN.s:3072   .debug_str:000000000000096e .LASF359
C:\Users\zero6575\AppData\Local\Temp\ccNaBAyN.s:3998   .debug_str:0000000000003808 .LASF360
C:\Users\zero6575\AppData\Local\Temp\ccNaBAyN.s:3716   .debug_str:0000000000002942 .LASF361
C:\Users\zero6575\AppData\Local\Temp\ccNaBAyN.s:3392   .debug_str:00000000000018a9 .LASF362
C:\Users\zero6575\AppData\Local\Temp\ccNaBAyN.s:3602   .debug_str:0000000000002387 .LASF363
C:\Users\zero6575\AppData\Local\Temp\ccNaBAyN.s:3354   .debug_str:0000000000001666 .LASF364
C:\Users\zero6575\AppData\Local\Temp\ccNaBAyN.s:3802   .debug_str:0000000000002e08 .LASF365
C:\Users\zero6575\AppData\Local\Temp\ccNaBAyN.s:3018   .debug_str:000000000000068d .LASF366
C:\Users\zero6575\AppData\Local\Temp\ccNaBAyN.s:3120   .debug_str:0000000000000b30 .LASF367
C:\Users\zero6575\AppData\Local\Temp\ccNaBAyN.s:3350   .debug_str:0000000000001632 .LASF368
C:\Users\zero6575\AppData\Local\Temp\ccNaBAyN.s:4102   .debug_str:0000000000003daa .LASF369
C:\Users\zero6575\AppData\Local\Temp\ccNaBAyN.s:3942   .debug_str:0000000000003578 .LASF370
C:\Users\zero6575\AppData\Local\Temp\ccNaBAyN.s:3168   .debug_str:0000000000000d62 .LASF371
C:\Users\zero6575\AppData\Local\Temp\ccNaBAyN.s:3396   .debug_str:00000000000018d8 .LASF372
C:\Users\zero6575\AppData\Local\Temp\ccNaBAyN.s:2992   .debug_str:000000000000050a .LASF373
C:\Users\zero6575\AppData\Local\Temp\ccNaBAyN.s:2940   .debug_str:0000000000000271 .LASF374
C:\Users\zero6575\AppData\Local\Temp\ccNaBAyN.s:3508   .debug_str:0000000000001e1b .LASF375
C:\Users\zero6575\AppData\Local\Temp\ccNaBAyN.s:3752   .debug_str:0000000000002b28 .LASF376
C:\Users\zero6575\AppData\Local\Temp\ccNaBAyN.s:3940   .debug_str:000000000000356e .LASF377
C:\Users\zero6575\AppData\Local\Temp\ccNaBAyN.s:3968   .debug_str:00000000000036b7 .LASF378
C:\Users\zero6575\AppData\Local\Temp\ccNaBAyN.s:3524   .debug_str:0000000000001eef .LASF379
C:\Users\zero6575\AppData\Local\Temp\ccNaBAyN.s:3916   .debug_str:0000000000003451 .LASF380
C:\Users\zero6575\AppData\Local\Temp\ccNaBAyN.s:3252   .debug_str:00000000000011ba .LASF381
C:\Users\zero6575\AppData\Local\Temp\ccNaBAyN.s:2888   .debug_str:0000000000000050 .LASF382
C:\Users\zero6575\AppData\Local\Temp\ccNaBAyN.s:3276   .debug_str:00000000000012da .LASF383
C:\Users\zero6575\AppData\Local\Temp\ccNaBAyN.s:3038   .debug_str:000000000000077d .LASF384
C:\Users\zero6575\AppData\Local\Temp\ccNaBAyN.s:3158   .debug_str:0000000000000ce8 .LASF385
C:\Users\zero6575\AppData\Local\Temp\ccNaBAyN.s:3374   .debug_str:00000000000017ea .LASF386
C:\Users\zero6575\AppData\Local\Temp\ccNaBAyN.s:3474   .debug_str:0000000000001c5f .LASF387
C:\Users\zero6575\AppData\Local\Temp\ccNaBAyN.s:3386   .debug_str:000000000000186c .LASF388
C:\Users\zero6575\AppData\Local\Temp\ccNaBAyN.s:3850   .debug_str:00000000000030bc .LASF389
C:\Users\zero6575\AppData\Local\Temp\ccNaBAyN.s:3466   .debug_str:0000000000001c22 .LASF390
C:\Users\zero6575\AppData\Local\Temp\ccNaBAyN.s:3828   .debug_str:0000000000002f65 .LASF391
C:\Users\zero6575\AppData\Local\Temp\ccNaBAyN.s:3554   .debug_str:00000000000020a2 .LASF392
C:\Users\zero6575\AppData\Local\Temp\ccNaBAyN.s:3556   .debug_str:00000000000020ae .LASF393
C:\Users\zero6575\AppData\Local\Temp\ccNaBAyN.s:4116   .debug_str:0000000000003e46 .LASF394
C:\Users\zero6575\AppData\Local\Temp\ccNaBAyN.s:3446   .debug_str:0000000000001b08 .LASF398
C:\Users\zero6575\AppData\Local\Temp\ccNaBAyN.s:3536   .debug_str:0000000000001f78 .LASF399
C:\Users\zero6575\AppData\Local\Temp\ccNaBAyN.s:3460   .debug_str:0000000000001bbc .LASF400
C:\Users\zero6575\AppData\Local\Temp\ccNaBAyN.s:3248   .debug_str:0000000000001195 .LASF401
C:\Users\zero6575\AppData\Local\Temp\ccNaBAyN.s:3306   .debug_str:000000000000144f .LASF402
C:\Users\zero6575\AppData\Local\Temp\ccNaBAyN.s:3740   .debug_str:0000000000002a50 .LASF403
C:\Users\zero6575\AppData\Local\Temp\ccNaBAyN.s:3952   .debug_str:00000000000035dd .LASF404
C:\Users\zero6575\AppData\Local\Temp\ccNaBAyN.s:3230   .debug_str:00000000000010b1 .LASF405
C:\Users\zero6575\AppData\Local\Temp\ccNaBAyN.s:3250   .debug_str:00000000000011a8 .LASF406
C:\Users\zero6575\AppData\Local\Temp\ccNaBAyN.s:3166   .debug_str:0000000000000d54 .LASF407
C:\Users\zero6575\AppData\Local\Temp\ccNaBAyN.s:4046   .debug_str:0000000000003a8f .LASF408
C:\Users\zero6575\AppData\Local\Temp\ccNaBAyN.s:3756   .debug_str:0000000000002b4d .LASF409
C:\Users\zero6575\AppData\Local\Temp\ccNaBAyN.s:3788   .debug_str:0000000000002d61 .LASF410
C:\Users\zero6575\AppData\Local\Temp\ccNaBAyN.s:4028   .debug_str:000000000000398a .LASF411
C:\Users\zero6575\AppData\Local\Temp\ccNaBAyN.s:3950   .debug_str:00000000000035cc .LASF412
C:\Users\zero6575\AppData\Local\Temp\ccNaBAyN.s:3678   .debug_str:000000000000273b .LASF413
C:\Users\zero6575\AppData\Local\Temp\ccNaBAyN.s:3816   .debug_str:0000000000002ea3 .LASF414
C:\Users\zero6575\AppData\Local\Temp\ccNaBAyN.s:3918   .debug_str:0000000000003460 .LASF415
C:\Users\zero6575\AppData\Local\Temp\ccNaBAyN.s:3074   .debug_str:0000000000000978 .LASF416
C:\Users\zero6575\AppData\Local\Temp\ccNaBAyN.s:3920   .debug_str:0000000000003470 .LASF417
C:\Users\zero6575\AppData\Local\Temp\ccNaBAyN.s:2890   .debug_str:0000000000000062 .LASF418
C:\Users\zero6575\AppData\Local\Temp\ccNaBAyN.s:3458   .debug_str:0000000000001ba5 .LASF419
C:\Users\zero6575\AppData\Local\Temp\ccNaBAyN.s:3372   .debug_str:00000000000017d9 .LASF420
C:\Users\zero6575\AppData\Local\Temp\ccNaBAyN.s:3702   .debug_str:00000000000028ae .LASF421
C:\Users\zero6575\AppData\Local\Temp\ccNaBAyN.s:3660   .debug_str:0000000000002671 .LASF422
C:\Users\zero6575\AppData\Local\Temp\ccNaBAyN.s:3106   .debug_str:0000000000000a88 .LASF423
C:\Users\zero6575\AppData\Local\Temp\ccNaBAyN.s:4100   .debug_str:0000000000003d96 .LASF424
C:\Users\zero6575\AppData\Local\Temp\ccNaBAyN.s:4008   .debug_str:000000000000389d .LASF425
C:\Users\zero6575\AppData\Local\Temp\ccNaBAyN.s:3806   .debug_str:0000000000002e31 .LASF426
C:\Users\zero6575\AppData\Local\Temp\ccNaBAyN.s:3268   .debug_str:0000000000001287 .LASF427
C:\Users\zero6575\AppData\Local\Temp\ccNaBAyN.s:4020   .debug_str:000000000000393e .LASF428
C:\Users\zero6575\AppData\Local\Temp\ccNaBAyN.s:3328   .debug_str:0000000000001538 .LASF429
C:\Users\zero6575\AppData\Local\Temp\ccNaBAyN.s:2972   .debug_str:0000000000000408 .LASF430
C:\Users\zero6575\AppData\Local\Temp\ccNaBAyN.s:3530   .debug_str:0000000000001f2e .LASF431
C:\Users\zero6575\AppData\Local\Temp\ccNaBAyN.s:2946   .debug_str:000000000000029c .LASF432
C:\Users\zero6575\AppData\Local\Temp\ccNaBAyN.s:3568   .debug_str:0000000000002168 .LASF433
C:\Users\zero6575\AppData\Local\Temp\ccNaBAyN.s:3616   .debug_str:000000000000245f .LASF434
C:\Users\zero6575\AppData\Local\Temp\ccNaBAyN.s:3456   .debug_str:0000000000001b95 .LASF435
C:\Users\zero6575\AppData\Local\Temp\ccNaBAyN.s:3880   .debug_str:000000000000326a .LASF436
C:\Users\zero6575\AppData\Local\Temp\ccNaBAyN.s:3078   .debug_str:000000000000099d .LASF437
C:\Users\zero6575\AppData\Local\Temp\ccNaBAyN.s:3662   .debug_str:0000000000002687 .LASF438
C:\Users\zero6575\AppData\Local\Temp\ccNaBAyN.s:3774   .debug_str:0000000000002c8e .LASF439
C:\Users\zero6575\AppData\Local\Temp\ccNaBAyN.s:3022   .debug_str:00000000000006bc .LASF440
C:\Users\zero6575\AppData\Local\Temp\ccNaBAyN.s:3734   .debug_str:0000000000002a08 .LASF441
C:\Users\zero6575\AppData\Local\Temp\ccNaBAyN.s:3012   .debug_str:000000000000065e .LASF442
C:\Users\zero6575\AppData\Local\Temp\ccNaBAyN.s:4068   .debug_str:0000000000003b86 .LASF443
C:\Users\zero6575\AppData\Local\Temp\ccNaBAyN.s:3414   .debug_str:00000000000019a8 .LASF444
C:\Users\zero6575\AppData\Local\Temp\ccNaBAyN.s:2958   .debug_str:0000000000000330 .LASF445
C:\Users\zero6575\AppData\Local\Temp\ccNaBAyN.s:4022   .debug_str:0000000000003953 .LASF446
C:\Users\zero6575\AppData\Local\Temp\ccNaBAyN.s:3572   .debug_str:000000000000219d .LASF447
C:\Users\zero6575\AppData\Local\Temp\ccNaBAyN.s:3142   .debug_str:0000000000000c35 .LASF448
C:\Users\zero6575\AppData\Local\Temp\ccNaBAyN.s:3610   .debug_str:00000000000023fb .LASF449
C:\Users\zero6575\AppData\Local\Temp\ccNaBAyN.s:3288   .debug_str:000000000000135b .LASF450
C:\Users\zero6575\AppData\Local\Temp\ccNaBAyN.s:3896   .debug_str:000000000000335e .LASF451
C:\Users\zero6575\AppData\Local\Temp\ccNaBAyN.s:3174   .debug_str:0000000000000dbf .LASF452
C:\Users\zero6575\AppData\Local\Temp\ccNaBAyN.s:3378   .debug_str:000000000000181c .LASF453
C:\Users\zero6575\AppData\Local\Temp\ccNaBAyN.s:3878   .debug_str:000000000000325e .LASF454
C:\Users\zero6575\AppData\Local\Temp\ccNaBAyN.s:3338   .debug_str:00000000000015ae .LASF455
C:\Users\zero6575\AppData\Local\Temp\ccNaBAyN.s:4166   .debug_str:0000000000004085 .LASF456
C:\Users\zero6575\AppData\Local\Temp\ccNaBAyN.s:3204   .debug_str:0000000000000f5d .LASF457
C:\Users\zero6575\AppData\Local\Temp\ccNaBAyN.s:3324   .debug_str:0000000000001518 .LASF458
C:\Users\zero6575\AppData\Local\Temp\ccNaBAyN.s:3490   .debug_str:0000000000001d1c .LASF459
C:\Users\zero6575\AppData\Local\Temp\ccNaBAyN.s:3032   .debug_str:000000000000072a .LASF460
C:\Users\zero6575\AppData\Local\Temp\ccNaBAyN.s:3708   .debug_str:00000000000028d9 .LASF461
C:\Users\zero6575\AppData\Local\Temp\ccNaBAyN.s:2896   .debug_str:000000000000009c .LASF462
C:\Users\zero6575\AppData\Local\Temp\ccNaBAyN.s:3646   .debug_str:00000000000025f1 .LASF463
C:\Users\zero6575\AppData\Local\Temp\ccNaBAyN.s:3210   .debug_str:0000000000000f97 .LASF464
C:\Users\zero6575\AppData\Local\Temp\ccNaBAyN.s:3882   .debug_str:0000000000003286 .LASF465
C:\Users\zero6575\AppData\Local\Temp\ccNaBAyN.s:3542   .debug_str:0000000000001ff5 .LASF466
C:\Users\zero6575\AppData\Local\Temp\ccNaBAyN.s:3156   .debug_str:0000000000000cd5 .LASF467
C:\Users\zero6575\AppData\Local\Temp\ccNaBAyN.s:3566   .debug_str:0000000000002155 .LASF468
C:\Users\zero6575\AppData\Local\Temp\ccNaBAyN.s:3892   .debug_str:0000000000003309 .LASF469
C:\Users\zero6575\AppData\Local\Temp\ccNaBAyN.s:3270   .debug_str:000000000000129c .LASF470
C:\Users\zero6575\AppData\Local\Temp\ccNaBAyN.s:3426   .debug_str:0000000000001a1d .LASF471
C:\Users\zero6575\AppData\Local\Temp\ccNaBAyN.s:3308   .debug_str:0000000000001467 .LASF472
C:\Users\zero6575\AppData\Local\Temp\ccNaBAyN.s:4024   .debug_str:000000000000395b .LASF473
C:\Users\zero6575\AppData\Local\Temp\ccNaBAyN.s:4152   .debug_str:0000000000004002 .LASF474
C:\Users\zero6575\AppData\Local\Temp\ccNaBAyN.s:3932   .debug_str:0000000000003514 .LASF475
C:\Users\zero6575\AppData\Local\Temp\ccNaBAyN.s:3330   .debug_str:000000000000154d .LASF476
C:\Users\zero6575\AppData\Local\Temp\ccNaBAyN.s:3468   .debug_str:0000000000001c27 .LASF477
C:\Users\zero6575\AppData\Local\Temp\ccNaBAyN.s:2904   .debug_str:00000000000000ef .LASF478
C:\Users\zero6575\AppData\Local\Temp\ccNaBAyN.s:3320   .debug_str:00000000000014f8 .LASF479
C:\Users\zero6575\AppData\Local\Temp\ccNaBAyN.s:3826   .debug_str:0000000000002f51 .LASF480
C:\Users\zero6575\AppData\Local\Temp\ccNaBAyN.s:3470   .debug_str:0000000000001c3b .LASF481
C:\Users\zero6575\AppData\Local\Temp\ccNaBAyN.s:3574   .debug_str:00000000000021a6 .LASF482
C:\Users\zero6575\AppData\Local\Temp\ccNaBAyN.s:4064   .debug_str:0000000000003b5e .LASF483
C:\Users\zero6575\AppData\Local\Temp\ccNaBAyN.s:4174   .debug_str:0000000000004129 .LASF484
C:\Users\zero6575\AppData\Local\Temp\ccNaBAyN.s:3874   .debug_str:0000000000003219 .LASF485
C:\Users\zero6575\AppData\Local\Temp\ccNaBAyN.s:3318   .debug_str:00000000000014e0 .LASF486
C:\Users\zero6575\AppData\Local\Temp\ccNaBAyN.s:3344   .debug_str:00000000000015e2 .LASF487
C:\Users\zero6575\AppData\Local\Temp\ccNaBAyN.s:3360   .debug_str:000000000000175e .LASF488
C:\Users\zero6575\AppData\Local\Temp\ccNaBAyN.s:3962   .debug_str:0000000000003672 .LASF489
C:\Users\zero6575\AppData\Local\Temp\ccNaBAyN.s:3958   .debug_str:000000000000363c .LASF490
C:\Users\zero6575\AppData\Local\Temp\ccNaBAyN.s:3792   .debug_str:0000000000002d88 .LASF491
C:\Users\zero6575\AppData\Local\Temp\ccNaBAyN.s:3448   .debug_str:0000000000001b1e .LASF492
C:\Users\zero6575\AppData\Local\Temp\ccNaBAyN.s:3746   .debug_str:0000000000002add .LASF493
C:\Users\zero6575\AppData\Local\Temp\ccNaBAyN.s:3804   .debug_str:0000000000002e19 .LASF494
C:\Users\zero6575\AppData\Local\Temp\ccNaBAyN.s:3672   .debug_str:0000000000002703 .LASF495
C:\Users\zero6575\AppData\Local\Temp\ccNaBAyN.s:3824   .debug_str:0000000000002f28 .LASF496
C:\Users\zero6575\AppData\Local\Temp\ccNaBAyN.s:3504   .debug_str:0000000000001ddf .LASF497
C:\Users\zero6575\AppData\Local\Temp\ccNaBAyN.s:3260   .debug_str:0000000000001218 .LASF498
C:\Users\zero6575\AppData\Local\Temp\ccNaBAyN.s:3160   .debug_str:0000000000000cf9 .LASF499
C:\Users\zero6575\AppData\Local\Temp\ccNaBAyN.s:3486   .debug_str:0000000000001ce9 .LASF500
C:\Users\zero6575\AppData\Local\Temp\ccNaBAyN.s:3110   .debug_str:0000000000000ab2 .LASF501
C:\Users\zero6575\AppData\Local\Temp\ccNaBAyN.s:3182   .debug_str:0000000000000e21 .LASF502
C:\Users\zero6575\AppData\Local\Temp\ccNaBAyN.s:4074   .debug_str:0000000000003bf3 .LASF503
C:\Users\zero6575\AppData\Local\Temp\ccNaBAyN.s:3800   .debug_str:0000000000002de0 .LASF504
C:\Users\zero6575\AppData\Local\Temp\ccNaBAyN.s:3398   .debug_str:00000000000018e6 .LASF505
C:\Users\zero6575\AppData\Local\Temp\ccNaBAyN.s:4178   .debug_str:0000000000004159 .LASF506
C:\Users\zero6575\AppData\Local\Temp\ccNaBAyN.s:3846   .debug_str:0000000000003062 .LASF507
C:\Users\zero6575\AppData\Local\Temp\ccNaBAyN.s:3876   .debug_str:0000000000003233 .LASF508
C:\Users\zero6575\AppData\Local\Temp\ccNaBAyN.s:3548   .debug_str:000000000000203c .LASF509
C:\Users\zero6575\AppData\Local\Temp\ccNaBAyN.s:3054   .debug_str:000000000000088b .LASF510
C:\Users\zero6575\AppData\Local\Temp\ccNaBAyN.s:3046   .debug_str:0000000000000814 .LASF511
C:\Users\zero6575\AppData\Local\Temp\ccNaBAyN.s:3116   .debug_str:0000000000000aff .LASF512
C:\Users\zero6575\AppData\Local\Temp\ccNaBAyN.s:3510   .debug_str:0000000000001e25 .LASF513
C:\Users\zero6575\AppData\Local\Temp\ccNaBAyN.s:4034   .debug_str:00000000000039cd .LASF514
C:\Users\zero6575\AppData\Local\Temp\ccNaBAyN.s:3146   .debug_str:0000000000000c50 .LASF515
C:\Users\zero6575\AppData\Local\Temp\ccNaBAyN.s:3834   .debug_str:0000000000002fa4 .LASF516
C:\Users\zero6575\AppData\Local\Temp\ccNaBAyN.s:4010   .debug_str:00000000000038ad .LASF517
C:\Users\zero6575\AppData\Local\Temp\ccNaBAyN.s:3314   .debug_str:00000000000014ad .LASF518
C:\Users\zero6575\AppData\Local\Temp\ccNaBAyN.s:3694   .debug_str:000000000000282e .LASF519
C:\Users\zero6575\AppData\Local\Temp\ccNaBAyN.s:3538   .debug_str:0000000000001f90 .LASF520
C:\Users\zero6575\AppData\Local\Temp\ccNaBAyN.s:2996   .debug_str:0000000000000559 .LASF521
C:\Users\zero6575\AppData\Local\Temp\ccNaBAyN.s:3552   .debug_str:000000000000207c .LASF522
C:\Users\zero6575\AppData\Local\Temp\ccNaBAyN.s:2986   .debug_str:00000000000004b4 .LASF523
C:\Users\zero6575\AppData\Local\Temp\ccNaBAyN.s:4104   .debug_str:0000000000003db7 .LASF524
C:\Users\zero6575\AppData\Local\Temp\ccNaBAyN.s:3776   .debug_str:0000000000002c93 .LASF525
C:\Users\zero6575\AppData\Local\Temp\ccNaBAyN.s:2962   .debug_str:0000000000000355 .LASF526
C:\Users\zero6575\AppData\Local\Temp\ccNaBAyN.s:3376   .debug_str:00000000000017f8 .LASF527
C:\Users\zero6575\AppData\Local\Temp\ccNaBAyN.s:3934   .debug_str:0000000000003527 .LASF528
C:\Users\zero6575\AppData\Local\Temp\ccNaBAyN.s:4006   .debug_str:0000000000003881 .LASF529
C:\Users\zero6575\AppData\Local\Temp\ccNaBAyN.s:3364   .debug_str:000000000000177f .LASF530
C:\Users\zero6575\AppData\Local\Temp\ccNaBAyN.s:4124   .debug_str:0000000000003e8d .LASF531
C:\Users\zero6575\AppData\Local\Temp\ccNaBAyN.s:3900   .debug_str:0000000000003371 .LASF532
C:\Users\zero6575\AppData\Local\Temp\ccNaBAyN.s:3978   .debug_str:0000000000003712 .LASF533
C:\Users\zero6575\AppData\Local\Temp\ccNaBAyN.s:4038   .debug_str:0000000000003a25 .LASF534
C:\Users\zero6575\AppData\Local\Temp\ccNaBAyN.s:3872   .debug_str:00000000000031fb .LASF535
C:\Users\zero6575\AppData\Local\Temp\ccNaBAyN.s:3236   .debug_str:0000000000001101 .LASF536
C:\Users\zero6575\AppData\Local\Temp\ccNaBAyN.s:4138   .debug_str:0000000000003f40 .LASF537
C:\Users\zero6575\AppData\Local\Temp\ccNaBAyN.s:3438   .debug_str:0000000000001a99 .LASF538
C:\Users\zero6575\AppData\Local\Temp\ccNaBAyN.s:3506   .debug_str:0000000000001e03 .LASF539
C:\Users\zero6575\AppData\Local\Temp\ccNaBAyN.s:3632   .debug_str:000000000000254d .LASF540
C:\Users\zero6575\AppData\Local\Temp\ccNaBAyN.s:3722   .debug_str:000000000000298d .LASF541
C:\Users\zero6575\AppData\Local\Temp\ccNaBAyN.s:3432   .debug_str:0000000000001a57 .LASF542
C:\Users\zero6575\AppData\Local\Temp\ccNaBAyN.s:3232   .debug_str:00000000000010c1 .LASF543
C:\Users\zero6575\AppData\Local\Temp\ccNaBAyN.s:3550   .debug_str:0000000000002062 .LASF544
C:\Users\zero6575\AppData\Local\Temp\ccNaBAyN.s:2928   .debug_str:00000000000001e1 .LASF545
C:\Users\zero6575\AppData\Local\Temp\ccNaBAyN.s:3526   .debug_str:0000000000001efa .LASF546
C:\Users\zero6575\AppData\Local\Temp\ccNaBAyN.s:2938   .debug_str:0000000000000259 .LASF547
C:\Users\zero6575\AppData\Local\Temp\ccNaBAyN.s:3754   .debug_str:0000000000002b33 .LASF548
C:\Users\zero6575\AppData\Local\Temp\ccNaBAyN.s:3684   .debug_str:0000000000002782 .LASF549
C:\Users\zero6575\AppData\Local\Temp\ccNaBAyN.s:3658   .debug_str:0000000000002655 .LASF550
C:\Users\zero6575\AppData\Local\Temp\ccNaBAyN.s:2942   .debug_str:000000000000027e .LASF552
C:\Users\zero6575\AppData\Local\Temp\ccNaBAyN.s:4050   .debug_str:0000000000003abb .LASF553
C:\Users\zero6575\AppData\Local\Temp\ccNaBAyN.s:3798   .debug_str:0000000000002dd9 .LASF554
C:\Users\zero6575\AppData\Local\Temp\ccNaBAyN.s:3088   .debug_str:00000000000009f4 .LASF555
C:\Users\zero6575\AppData\Local\Temp\ccNaBAyN.s:3346   .debug_str:00000000000015fb .LASF556
C:\Users\zero6575\AppData\Local\Temp\ccNaBAyN.s:3292   .debug_str:0000000000001374 .LASF557
C:\Users\zero6575\AppData\Local\Temp\ccNaBAyN.s:3652   .debug_str:0000000000002618 .LASF558
C:\Users\zero6575\AppData\Local\Temp\ccNaBAyN.s:3790   .debug_str:0000000000002d79 .LASF559
C:\Users\zero6575\AppData\Local\Temp\ccNaBAyN.s:3066   .debug_str:0000000000000924 .LASF560
C:\Users\zero6575\AppData\Local\Temp\ccNaBAyN.s:4082   .debug_str:0000000000003c89 .LASF561
C:\Users\zero6575\AppData\Local\Temp\ccNaBAyN.s:3068   .debug_str:0000000000000936 .LASF562
C:\Users\zero6575\AppData\Local\Temp\ccNaBAyN.s:3036   .debug_str:000000000000074c .LASF563
C:\Users\zero6575\AppData\Local\Temp\ccNaBAyN.s:3706   .debug_str:00000000000028cb .LASF564
C:\Users\zero6575\AppData\Local\Temp\ccNaBAyN.s:3762   .debug_str:0000000000002b8f .LASF565
C:\Users\zero6575\AppData\Local\Temp\ccNaBAyN.s:4044   .debug_str:0000000000003a79 .LASF566
C:\Users\zero6575\AppData\Local\Temp\ccNaBAyN.s:3298   .debug_str:00000000000013de .LASF567
C:\Users\zero6575\AppData\Local\Temp\ccNaBAyN.s:3104   .debug_str:0000000000000a7c .LASF568
C:\Users\zero6575\AppData\Local\Temp\ccNaBAyN.s:3758   .debug_str:0000000000002b5d .LASF569
C:\Users\zero6575\AppData\Local\Temp\ccNaBAyN.s:3928   .debug_str:00000000000034f3 .LASF570
C:\Users\zero6575\AppData\Local\Temp\ccNaBAyN.s:3316   .debug_str:00000000000014cf .LASF571
C:\Users\zero6575\AppData\Local\Temp\ccNaBAyN.s:3178   .debug_str:0000000000000dee .LASF572
C:\Users\zero6575\AppData\Local\Temp\ccNaBAyN.s:3064   .debug_str:0000000000000917 .LASF573
C:\Users\zero6575\AppData\Local\Temp\ccNaBAyN.s:3768   .debug_str:0000000000002c31 .LASF574
C:\Users\zero6575\AppData\Local\Temp\ccNaBAyN.s:3750   .debug_str:0000000000002b13 .LASF575
C:\Users\zero6575\AppData\Local\Temp\ccNaBAyN.s:4018   .debug_str:0000000000003925 .LASF576
C:\Users\zero6575\AppData\Local\Temp\ccNaBAyN.s:3924   .debug_str:00000000000034c7 .LASF577
C:\Users\zero6575\AppData\Local\Temp\ccNaBAyN.s:3422   .debug_str:00000000000019f7 .LASF578
C:\Users\zero6575\AppData\Local\Temp\ccNaBAyN.s:3598   .debug_str:0000000000002368 .LASF579
C:\Users\zero6575\AppData\Local\Temp\ccNaBAyN.s:3868   .debug_str:00000000000031cc .LASF580
C:\Users\zero6575\AppData\Local\Temp\ccNaBAyN.s:3822   .debug_str:0000000000002f16 .LASF581
C:\Users\zero6575\AppData\Local\Temp\ccNaBAyN.s:4148   .debug_str:0000000000003fd2 .LASF582
C:\Users\zero6575\AppData\Local\Temp\ccNaBAyN.s:3636   .debug_str:000000000000257a .LASF583
C:\Users\zero6575\AppData\Local\Temp\ccNaBAyN.s:3926   .debug_str:00000000000034da .LASF584
C:\Users\zero6575\AppData\Local\Temp\ccNaBAyN.s:4058   .debug_str:0000000000003b08 .LASF585
C:\Users\zero6575\AppData\Local\Temp\ccNaBAyN.s:3024   .debug_str:00000000000006c2 .LASF586
C:\Users\zero6575\AppData\Local\Temp\ccNaBAyN.s:3544   .debug_str:0000000000002007 .LASF587
C:\Users\zero6575\AppData\Local\Temp\ccNaBAyN.s:3970   .debug_str:00000000000036c2 .LASF588
C:\Users\zero6575\AppData\Local\Temp\ccNaBAyN.s:2912   .debug_str:000000000000014d .LASF589
C:\Users\zero6575\AppData\Local\Temp\ccNaBAyN.s:4054   .debug_str:0000000000003ada .LASF590
C:\Users\zero6575\AppData\Local\Temp\ccNaBAyN.s:3476   .debug_str:0000000000001c72 .LASF591
C:\Users\zero6575\AppData\Local\Temp\ccNaBAyN.s:3228   .debug_str:000000000000109f .LASF592
C:\Users\zero6575\AppData\Local\Temp\ccNaBAyN.s:3382   .debug_str:0000000000001840 .LASF593
C:\Users\zero6575\AppData\Local\Temp\ccNaBAyN.s:4060   .debug_str:0000000000003b30 .LASF594
C:\Users\zero6575\AppData\Local\Temp\ccNaBAyN.s:3050   .debug_str:0000000000000855 .LASF595
C:\Users\zero6575\AppData\Local\Temp\ccNaBAyN.s:3726   .debug_str:00000000000029b8 .LASF596
C:\Users\zero6575\AppData\Local\Temp\ccNaBAyN.s:4042   .debug_str:0000000000003a65 .LASF597
C:\Users\zero6575\AppData\Local\Temp\ccNaBAyN.s:3592   .debug_str:0000000000002325 .LASF600
C:\Users\zero6575\AppData\Local\Temp\ccNaBAyN.s:3192   .debug_str:0000000000000eda .LASF601
C:\Users\zero6575\AppData\Local\Temp\ccNaBAyN.s:3126   .debug_str:0000000000000b7c .LASF602
C:\Users\zero6575\AppData\Local\Temp\ccNaBAyN.s:3452   .debug_str:0000000000001b4f .LASF603
C:\Users\zero6575\AppData\Local\Temp\ccNaBAyN.s:3810   .debug_str:0000000000002e5d .LASF604
C:\Users\zero6575\AppData\Local\Temp\ccNaBAyN.s:3274   .debug_str:00000000000012c2 .LASF605
C:\Users\zero6575\AppData\Local\Temp\ccNaBAyN.s:3528   .debug_str:0000000000001f14 .LASF606
C:\Users\zero6575\AppData\Local\Temp\ccNaBAyN.s:3040   .debug_str:000000000000078f .LASF607
C:\Users\zero6575\AppData\Local\Temp\ccNaBAyN.s:3796   .debug_str:0000000000002dbc .LASF608
C:\Users\zero6575\AppData\Local\Temp\ccNaBAyN.s:3654   .debug_str:0000000000002623 .LASF609
C:\Users\zero6575\AppData\Local\Temp\ccNaBAyN.s:3634   .debug_str:0000000000002565 .LASF610
C:\Users\zero6575\AppData\Local\Temp\ccNaBAyN.s:3326   .debug_str:0000000000001522 .LASF611
C:\Users\zero6575\AppData\Local\Temp\ccNaBAyN.s:3854   .debug_str:00000000000030e1 .LASF612
C:\Users\zero6575\AppData\Local\Temp\ccNaBAyN.s:3720   .debug_str:000000000000296b .LASF613
C:\Users\zero6575\AppData\Local\Temp\ccNaBAyN.s:3430   .debug_str:0000000000001a49 .LASF614
C:\Users\zero6575\AppData\Local\Temp\ccNaBAyN.s:2932   .debug_str:0000000000000203 .LASF615
C:\Users\zero6575\AppData\Local\Temp\ccNaBAyN.s:3820   .debug_str:0000000000002ef8 .LASF616
C:\Users\zero6575\AppData\Local\Temp\ccNaBAyN.s:3578   .debug_str:00000000000021d4 .LASF617
C:\Users\zero6575\AppData\Local\Temp\ccNaBAyN.s:2964   .debug_str:000000000000037e .LASF618
C:\Users\zero6575\AppData\Local\Temp\ccNaBAyN.s:3766   .debug_str:0000000000002bc7 .LASF619
C:\Users\zero6575\AppData\Local\Temp\ccNaBAyN.s:3034   .debug_str:0000000000000737 .LASF620
C:\Users\zero6575\AppData\Local\Temp\ccNaBAyN.s:3124   .debug_str:0000000000000b63 .LASF621
C:\Users\zero6575\AppData\Local\Temp\ccNaBAyN.s:3436   .debug_str:0000000000001a80 .LASF622
C:\Users\zero6575\AppData\Local\Temp\ccNaBAyN.s:3186   .debug_str:0000000000000e76 .LASF623
                           .group:0000000000000000 wm4.0.29db371e8b94e604acd9f4c2cef2c360
                           .group:0000000000000000 wm4.stddef.h.39.a38874c8f8a57e66301090908ec2a69f
                           .group:0000000000000000 wm4._newlib_version.h.4.9ba035841e762c3308916a0ce96032e7
                           .group:0000000000000000 wm4.features.h.33.318b64d71e0957639cfb30f1db1f7ec8
                           .group:0000000000000000 wm4._default_types.h.15.61e9869194cab90bdfa4c7fc42203a0e
                           .group:0000000000000000 wm4._intsup.h.10.b28b45fc63caeb010c3f7ee592257700
                           .group:0000000000000000 wm4._stdint.h.10.c24fa3af3bc1706662bb5593a907e841
                           .group:0000000000000000 wm4.stdint.h.23.d53047a68f4a85177f80b422d52785ed
                           .group:0000000000000000 wm4.stdbool.h.29.07dce69c3b78884144b7f7bd19483461
                           .group:0000000000000000 wm4.config.h.26.7d29d642a1ea34b87c56286f7235559f
                           .group:0000000000000000 wm4.bacdef.h.39.fcafd78d88dce17b2448edf8931b63fd

NO UNDEFINED SYMBOLS
