   1              		.file	"key.c"
   2              		.option nopic
   3              		.attribute arch, "rv64i2p0_m2p0_a2p0_c2p0"
   4              		.attribute unaligned_access, 0
   5              		.attribute stack_align, 16
   6              		.text
   7              	.Ltext0:
   8              		.cfi_sections	.debug_frame
   9              	.Letext0:
DEFINED SYMBOLS
                            *ABS*:0000000000000000 key.c
C:\Users\zero6575\AppData\Local\Temp\ccy548Yv.s:57     .debug_abbrev:0000000000000000 .Ldebug_abbrev0
C:\Users\zero6575\AppData\Local\Temp\ccy548Yv.s:2662   .debug_str:0000000000002f63 .LASF516
C:\Users\zero6575\AppData\Local\Temp\ccy548Yv.s:2726   .debug_str:0000000000003362 .LASF517
C:\Users\zero6575\AppData\Local\Temp\ccy548Yv.s:2342   .debug_str:0000000000001efa .LASF518
C:\Users\zero6575\AppData\Local\Temp\ccy548Yv.s:1770   .debug_line:0000000000000000 .Ldebug_line0
C:\Users\zero6575\AppData\Local\Temp\ccy548Yv.s:109    .debug_macro:0000000000000000 .Ldebug_macro0
C:\Users\zero6575\AppData\Local\Temp\ccy548Yv.s:2716   .debug_str:00000000000032f5 .LASF509
C:\Users\zero6575\AppData\Local\Temp\ccy548Yv.s:2632   .debug_str:0000000000002daf .LASF510
C:\Users\zero6575\AppData\Local\Temp\ccy548Yv.s:2476   .debug_str:00000000000025df .LASF511
C:\Users\zero6575\AppData\Local\Temp\ccy548Yv.s:2728   .debug_str:0000000000003385 .LASF512
C:\Users\zero6575\AppData\Local\Temp\ccy548Yv.s:1854   .debug_str:00000000000004f2 .LASF513
C:\Users\zero6575\AppData\Local\Temp\ccy548Yv.s:2486   .debug_str:000000000000265f .LASF514
C:\Users\zero6575\AppData\Local\Temp\ccy548Yv.s:2592   .debug_str:0000000000002bac .LASF515
C:\Users\zero6575\AppData\Local\Temp\ccy548Yv.s:11     .debug_info:0000000000000000 .Ldebug_info0
C:\Users\zero6575\AppData\Local\Temp\ccy548Yv.s:191    .debug_macro:0000000000000000 .Ldebug_macro2
C:\Users\zero6575\AppData\Local\Temp\ccy548Yv.s:2566   .debug_str:0000000000002a32 .LASF342
C:\Users\zero6575\AppData\Local\Temp\ccy548Yv.s:2106   .debug_str:00000000000011d0 .LASF343
C:\Users\zero6575\AppData\Local\Temp\ccy548Yv.s:2278   .debug_str:0000000000001b64 .LASF344
C:\Users\zero6575\AppData\Local\Temp\ccy548Yv.s:2034   .debug_str:0000000000000e1a .LASF345
C:\Users\zero6575\AppData\Local\Temp\ccy548Yv.s:1222   .debug_macro:0000000000000000 .Ldebug_macro3
C:\Users\zero6575\AppData\Local\Temp\ccy548Yv.s:1242   .debug_macro:0000000000000000 .Ldebug_macro4
C:\Users\zero6575\AppData\Local\Temp\ccy548Yv.s:1307   .debug_macro:0000000000000000 .Ldebug_macro5
C:\Users\zero6575\AppData\Local\Temp\ccy548Yv.s:1348   .debug_macro:0000000000000000 .Ldebug_macro6
C:\Users\zero6575\AppData\Local\Temp\ccy548Yv.s:1470   .debug_macro:0000000000000000 .Ldebug_macro7
C:\Users\zero6575\AppData\Local\Temp\ccy548Yv.s:1526   .debug_macro:0000000000000000 .Ldebug_macro8
C:\Users\zero6575\AppData\Local\Temp\ccy548Yv.s:2098   .debug_str:0000000000001178 .LASF499
C:\Users\zero6575\AppData\Local\Temp\ccy548Yv.s:1738   .debug_macro:0000000000000000 .Ldebug_macro9
C:\Users\zero6575\AppData\Local\Temp\ccy548Yv.s:2346   .debug_str:0000000000001f94 .LASF0
C:\Users\zero6575\AppData\Local\Temp\ccy548Yv.s:2242   .debug_str:00000000000019b0 .LASF1
C:\Users\zero6575\AppData\Local\Temp\ccy548Yv.s:2392   .debug_str:0000000000002166 .LASF2
C:\Users\zero6575\AppData\Local\Temp\ccy548Yv.s:1938   .debug_str:000000000000092d .LASF3
C:\Users\zero6575\AppData\Local\Temp\ccy548Yv.s:2608   .debug_str:0000000000002c93 .LASF4
C:\Users\zero6575\AppData\Local\Temp\ccy548Yv.s:1874   .debug_str:0000000000000633 .LASF5
C:\Users\zero6575\AppData\Local\Temp\ccy548Yv.s:1848   .debug_str:00000000000004a5 .LASF6
C:\Users\zero6575\AppData\Local\Temp\ccy548Yv.s:2378   .debug_str:00000000000020e1 .LASF7
C:\Users\zero6575\AppData\Local\Temp\ccy548Yv.s:2548   .debug_str:000000000000293c .LASF8
C:\Users\zero6575\AppData\Local\Temp\ccy548Yv.s:1956   .debug_str:0000000000000a07 .LASF9
C:\Users\zero6575\AppData\Local\Temp\ccy548Yv.s:1902   .debug_str:000000000000075b .LASF10
C:\Users\zero6575\AppData\Local\Temp\ccy548Yv.s:2422   .debug_str:000000000000230b .LASF11
C:\Users\zero6575\AppData\Local\Temp\ccy548Yv.s:1888   .debug_str:00000000000006d2 .LASF12
C:\Users\zero6575\AppData\Local\Temp\ccy548Yv.s:2628   .debug_str:0000000000002d8c .LASF13
C:\Users\zero6575\AppData\Local\Temp\ccy548Yv.s:2354   .debug_str:0000000000001fd1 .LASF14
C:\Users\zero6575\AppData\Local\Temp\ccy548Yv.s:2300   .debug_str:0000000000001c8d .LASF15
C:\Users\zero6575\AppData\Local\Temp\ccy548Yv.s:2282   .debug_str:0000000000001b93 .LASF16
C:\Users\zero6575\AppData\Local\Temp\ccy548Yv.s:2270   .debug_str:0000000000001af7 .LASF17
C:\Users\zero6575\AppData\Local\Temp\ccy548Yv.s:2004   .debug_str:0000000000000cb2 .LASF18
C:\Users\zero6575\AppData\Local\Temp\ccy548Yv.s:2352   .debug_str:0000000000001fbf .LASF19
C:\Users\zero6575\AppData\Local\Temp\ccy548Yv.s:2542   .debug_str:00000000000028f6 .LASF20
C:\Users\zero6575\AppData\Local\Temp\ccy548Yv.s:1906   .debug_str:000000000000077d .LASF21
C:\Users\zero6575\AppData\Local\Temp\ccy548Yv.s:2326   .debug_str:0000000000001e2c .LASF22
C:\Users\zero6575\AppData\Local\Temp\ccy548Yv.s:2376   .debug_str:00000000000020cd .LASF23
C:\Users\zero6575\AppData\Local\Temp\ccy548Yv.s:2054   .debug_str:0000000000000f1b .LASF24
C:\Users\zero6575\AppData\Local\Temp\ccy548Yv.s:1868   .debug_str:00000000000005e8 .LASF25
C:\Users\zero6575\AppData\Local\Temp\ccy548Yv.s:2286   .debug_str:0000000000001bb5 .LASF26
C:\Users\zero6575\AppData\Local\Temp\ccy548Yv.s:2736   .debug_str:00000000000033f6 .LASF27
C:\Users\zero6575\AppData\Local\Temp\ccy548Yv.s:2092   .debug_str:000000000000112c .LASF28
C:\Users\zero6575\AppData\Local\Temp\ccy548Yv.s:1872   .debug_str:0000000000000619 .LASF29
C:\Users\zero6575\AppData\Local\Temp\ccy548Yv.s:2456   .debug_str:00000000000024b1 .LASF30
C:\Users\zero6575\AppData\Local\Temp\ccy548Yv.s:1922   .debug_str:0000000000000846 .LASF31
C:\Users\zero6575\AppData\Local\Temp\ccy548Yv.s:2410   .debug_str:0000000000002233 .LASF32
C:\Users\zero6575\AppData\Local\Temp\ccy548Yv.s:2560   .debug_str:00000000000029ce .LASF33
C:\Users\zero6575\AppData\Local\Temp\ccy548Yv.s:2184   .debug_str:000000000000169e .LASF34
C:\Users\zero6575\AppData\Local\Temp\ccy548Yv.s:2702   .debug_str:000000000000322d .LASF35
C:\Users\zero6575\AppData\Local\Temp\ccy548Yv.s:2040   .debug_str:0000000000000e5f .LASF36
C:\Users\zero6575\AppData\Local\Temp\ccy548Yv.s:2364   .debug_str:0000000000002042 .LASF37
C:\Users\zero6575\AppData\Local\Temp\ccy548Yv.s:2066   .debug_str:0000000000000fb6 .LASF38
C:\Users\zero6575\AppData\Local\Temp\ccy548Yv.s:2434   .debug_str:0000000000002398 .LASF39
C:\Users\zero6575\AppData\Local\Temp\ccy548Yv.s:1866   .debug_str:00000000000005c5 .LASF40
C:\Users\zero6575\AppData\Local\Temp\ccy548Yv.s:2490   .debug_str:000000000000267f .LASF41
C:\Users\zero6575\AppData\Local\Temp\ccy548Yv.s:2790   .debug_str:000000000000376c .LASF42
C:\Users\zero6575\AppData\Local\Temp\ccy548Yv.s:2514   .debug_str:0000000000002782 .LASF43
C:\Users\zero6575\AppData\Local\Temp\ccy548Yv.s:1892   .debug_str:00000000000006f5 .LASF44
C:\Users\zero6575\AppData\Local\Temp\ccy548Yv.s:2108   .debug_str:00000000000011db .LASF45
C:\Users\zero6575\AppData\Local\Temp\ccy548Yv.s:2638   .debug_str:0000000000002df7 .LASF46
C:\Users\zero6575\AppData\Local\Temp\ccy548Yv.s:2544   .debug_str:000000000000290d .LASF47
C:\Users\zero6575\AppData\Local\Temp\ccy548Yv.s:2146   .debug_str:00000000000013f1 .LASF48
C:\Users\zero6575\AppData\Local\Temp\ccy548Yv.s:2526   .debug_str:000000000000281f .LASF49
C:\Users\zero6575\AppData\Local\Temp\ccy548Yv.s:1910   .debug_str:00000000000007a6 .LASF50
C:\Users\zero6575\AppData\Local\Temp\ccy548Yv.s:1912   .debug_str:00000000000007c8 .LASF51
C:\Users\zero6575\AppData\Local\Temp\ccy548Yv.s:2252   .debug_str:0000000000001a2d .LASF52
C:\Users\zero6575\AppData\Local\Temp\ccy548Yv.s:1984   .debug_str:0000000000000ba9 .LASF53
C:\Users\zero6575\AppData\Local\Temp\ccy548Yv.s:1930   .debug_str:00000000000008d0 .LASF54
C:\Users\zero6575\AppData\Local\Temp\ccy548Yv.s:2296   .debug_str:0000000000001c62 .LASF55
C:\Users\zero6575\AppData\Local\Temp\ccy548Yv.s:2158   .debug_str:00000000000014ca .LASF56
C:\Users\zero6575\AppData\Local\Temp\ccy548Yv.s:1916   .debug_str:00000000000007fe .LASF57
C:\Users\zero6575\AppData\Local\Temp\ccy548Yv.s:2660   .debug_str:0000000000002f3b .LASF58
C:\Users\zero6575\AppData\Local\Temp\ccy548Yv.s:2058   .debug_str:0000000000000f4d .LASF59
C:\Users\zero6575\AppData\Local\Temp\ccy548Yv.s:2140   .debug_str:00000000000013af .LASF60
C:\Users\zero6575\AppData\Local\Temp\ccy548Yv.s:2698   .debug_str:00000000000031fd .LASF61
C:\Users\zero6575\AppData\Local\Temp\ccy548Yv.s:2238   .debug_str:0000000000001978 .LASF62
C:\Users\zero6575\AppData\Local\Temp\ccy548Yv.s:2214   .debug_str:0000000000001832 .LASF63
C:\Users\zero6575\AppData\Local\Temp\ccy548Yv.s:2478   .debug_str:00000000000025e9 .LASF64
C:\Users\zero6575\AppData\Local\Temp\ccy548Yv.s:2658   .debug_str:0000000000002f19 .LASF65
C:\Users\zero6575\AppData\Local\Temp\ccy548Yv.s:2772   .debug_str:000000000000363b .LASF66
C:\Users\zero6575\AppData\Local\Temp\ccy548Yv.s:2072   .debug_str:0000000000001007 .LASF67
C:\Users\zero6575\AppData\Local\Temp\ccy548Yv.s:2320   .debug_str:0000000000001dc9 .LASF68
C:\Users\zero6575\AppData\Local\Temp\ccy548Yv.s:2618   .debug_str:0000000000002d06 .LASF69
C:\Users\zero6575\AppData\Local\Temp\ccy548Yv.s:1832   .debug_str:000000000000037e .LASF70
C:\Users\zero6575\AppData\Local\Temp\ccy548Yv.s:2198   .debug_str:000000000000177a .LASF71
C:\Users\zero6575\AppData\Local\Temp\ccy548Yv.s:1944   .debug_str:0000000000000976 .LASF72
C:\Users\zero6575\AppData\Local\Temp\ccy548Yv.s:2452   .debug_str:000000000000247c .LASF73
C:\Users\zero6575\AppData\Local\Temp\ccy548Yv.s:1886   .debug_str:00000000000006bb .LASF74
C:\Users\zero6575\AppData\Local\Temp\ccy548Yv.s:2480   .debug_str:000000000000260b .LASF75
C:\Users\zero6575\AppData\Local\Temp\ccy548Yv.s:2156   .debug_str:00000000000014a3 .LASF76
C:\Users\zero6575\AppData\Local\Temp\ccy548Yv.s:1780   .debug_str:000000000000007f .LASF77
C:\Users\zero6575\AppData\Local\Temp\ccy548Yv.s:1932   .debug_str:00000000000008ee .LASF78
C:\Users\zero6575\AppData\Local\Temp\ccy548Yv.s:2516   .debug_str:000000000000279c .LASF79
C:\Users\zero6575\AppData\Local\Temp\ccy548Yv.s:2382   .debug_str:0000000000002106 .LASF80
C:\Users\zero6575\AppData\Local\Temp\ccy548Yv.s:2250   .debug_str:0000000000001a09 .LASF81
C:\Users\zero6575\AppData\Local\Temp\ccy548Yv.s:2668   .debug_str:0000000000003067 .LASF82
C:\Users\zero6575\AppData\Local\Temp\ccy548Yv.s:2370   .debug_str:000000000000208a .LASF83
C:\Users\zero6575\AppData\Local\Temp\ccy548Yv.s:2546   .debug_str:000000000000292a .LASF84
C:\Users\zero6575\AppData\Local\Temp\ccy548Yv.s:2574   .debug_str:0000000000002a77 .LASF85
C:\Users\zero6575\AppData\Local\Temp\ccy548Yv.s:2620   .debug_str:0000000000002d2e .LASF86
C:\Users\zero6575\AppData\Local\Temp\ccy548Yv.s:1860   .debug_str:0000000000000562 .LASF87
C:\Users\zero6575\AppData\Local\Temp\ccy548Yv.s:2150   .debug_str:000000000000144e .LASF88
C:\Users\zero6575\AppData\Local\Temp\ccy548Yv.s:2464   .debug_str:0000000000002514 .LASF89
C:\Users\zero6575\AppData\Local\Temp\ccy548Yv.s:2768   .debug_str:0000000000003607 .LASF90
C:\Users\zero6575\AppData\Local\Temp\ccy548Yv.s:2612   .debug_str:0000000000002cba .LASF91
C:\Users\zero6575\AppData\Local\Temp\ccy548Yv.s:2176   .debug_str:0000000000001616 .LASF92
C:\Users\zero6575\AppData\Local\Temp\ccy548Yv.s:2212   .debug_str:000000000000181d .LASF93
C:\Users\zero6575\AppData\Local\Temp\ccy548Yv.s:2656   .debug_str:0000000000002ef4 .LASF94
C:\Users\zero6575\AppData\Local\Temp\ccy548Yv.s:2488   .debug_str:0000000000002668 .LASF95
C:\Users\zero6575\AppData\Local\Temp\ccy548Yv.s:2244   .debug_str:00000000000019c9 .LASF96
C:\Users\zero6575\AppData\Local\Temp\ccy548Yv.s:1774   .debug_str:0000000000000016 .LASF97
C:\Users\zero6575\AppData\Local\Temp\ccy548Yv.s:2416   .debug_str:00000000000022b7 .LASF98
C:\Users\zero6575\AppData\Local\Temp\ccy548Yv.s:2444   .debug_str:000000000000240d .LASF99
C:\Users\zero6575\AppData\Local\Temp\ccy548Yv.s:2042   .debug_str:0000000000000e72 .LASF100
C:\Users\zero6575\AppData\Local\Temp\ccy548Yv.s:2366   .debug_str:000000000000205d .LASF101
C:\Users\zero6575\AppData\Local\Temp\ccy548Yv.s:2418   .debug_str:00000000000022e4 .LASF102
C:\Users\zero6575\AppData\Local\Temp\ccy548Yv.s:2426   .debug_str:000000000000232e .LASF103
C:\Users\zero6575\AppData\Local\Temp\ccy548Yv.s:2230   .debug_str:00000000000018f7 .LASF104
C:\Users\zero6575\AppData\Local\Temp\ccy548Yv.s:2232   .debug_str:000000000000190a .LASF105
C:\Users\zero6575\AppData\Local\Temp\ccy548Yv.s:2118   .debug_str:0000000000001249 .LASF106
C:\Users\zero6575\AppData\Local\Temp\ccy548Yv.s:1852   .debug_str:00000000000004ce .LASF107
C:\Users\zero6575\AppData\Local\Temp\ccy548Yv.s:2264   .debug_str:0000000000001ac4 .LASF108
C:\Users\zero6575\AppData\Local\Temp\ccy548Yv.s:2556   .debug_str:00000000000029b0 .LASF109
C:\Users\zero6575\AppData\Local\Temp\ccy548Yv.s:2228   .debug_str:00000000000018e0 .LASF110
C:\Users\zero6575\AppData\Local\Temp\ccy548Yv.s:1940   .debug_str:000000000000093f .LASF111
C:\Users\zero6575\AppData\Local\Temp\ccy548Yv.s:1904   .debug_str:000000000000076e .LASF112
C:\Users\zero6575\AppData\Local\Temp\ccy548Yv.s:1986   .debug_str:0000000000000bc2 .LASF113
C:\Users\zero6575\AppData\Local\Temp\ccy548Yv.s:2770   .debug_str:000000000000361c .LASF114
C:\Users\zero6575\AppData\Local\Temp\ccy548Yv.s:2508   .debug_str:0000000000002753 .LASF115
C:\Users\zero6575\AppData\Local\Temp\ccy548Yv.s:2652   .debug_str:0000000000002eb3 .LASF116
C:\Users\zero6575\AppData\Local\Temp\ccy548Yv.s:2226   .debug_str:00000000000018b8 .LASF117
C:\Users\zero6575\AppData\Local\Temp\ccy548Yv.s:2696   .debug_str:00000000000031e9 .LASF118
C:\Users\zero6575\AppData\Local\Temp\ccy548Yv.s:2086   .debug_str:00000000000010bc .LASF119
C:\Users\zero6575\AppData\Local\Temp\ccy548Yv.s:2036   .debug_str:0000000000000e2b .LASF120
C:\Users\zero6575\AppData\Local\Temp\ccy548Yv.s:2380   .debug_str:00000000000020f7 .LASF121
C:\Users\zero6575\AppData\Local\Temp\ccy548Yv.s:2030   .debug_str:0000000000000dd5 .LASF122
C:\Users\zero6575\AppData\Local\Temp\ccy548Yv.s:2424   .debug_str:000000000000231e .LASF123
C:\Users\zero6575\AppData\Local\Temp\ccy548Yv.s:2756   .debug_str:0000000000003542 .LASF124
C:\Users\zero6575\AppData\Local\Temp\ccy548Yv.s:2372   .debug_str:000000000000209c .LASF125
C:\Users\zero6575\AppData\Local\Temp\ccy548Yv.s:2310   .debug_str:0000000000001d1b .LASF126
C:\Users\zero6575\AppData\Local\Temp\ccy548Yv.s:1880   .debug_str:0000000000000656 .LASF127
C:\Users\zero6575\AppData\Local\Temp\ccy548Yv.s:1870   .debug_str:00000000000005fc .LASF128
C:\Users\zero6575\AppData\Local\Temp\ccy548Yv.s:2744   .debug_str:0000000000003490 .LASF129
C:\Users\zero6575\AppData\Local\Temp\ccy548Yv.s:2012   .debug_str:0000000000000cf8 .LASF130
C:\Users\zero6575\AppData\Local\Temp\ccy548Yv.s:1794   .debug_str:000000000000014c .LASF131
C:\Users\zero6575\AppData\Local\Temp\ccy548Yv.s:2330   .debug_str:0000000000001e66 .LASF132
C:\Users\zero6575\AppData\Local\Temp\ccy548Yv.s:2360   .debug_str:0000000000002012 .LASF133
C:\Users\zero6575\AppData\Local\Temp\ccy548Yv.s:1828   .debug_str:0000000000000335 .LASF134
C:\Users\zero6575\AppData\Local\Temp\ccy548Yv.s:2806   .debug_str:0000000000003820 .LASF135
C:\Users\zero6575\AppData\Local\Temp\ccy548Yv.s:2124   .debug_str:00000000000012a8 .LASF136
C:\Users\zero6575\AppData\Local\Temp\ccy548Yv.s:2186   .debug_str:00000000000016be .LASF137
C:\Users\zero6575\AppData\Local\Temp\ccy548Yv.s:2530   .debug_str:0000000000002852 .LASF138
C:\Users\zero6575\AppData\Local\Temp\ccy548Yv.s:2032   .debug_str:0000000000000df1 .LASF139
C:\Users\zero6575\AppData\Local\Temp\ccy548Yv.s:1804   .debug_str:000000000000020e .LASF140
C:\Users\zero6575\AppData\Local\Temp\ccy548Yv.s:2502   .debug_str:0000000000002713 .LASF141
C:\Users\zero6575\AppData\Local\Temp\ccy548Yv.s:2018   .debug_str:0000000000000d44 .LASF142
C:\Users\zero6575\AppData\Local\Temp\ccy548Yv.s:2248   .debug_str:00000000000019f9 .LASF143
C:\Users\zero6575\AppData\Local\Temp\ccy548Yv.s:2400   .debug_str:00000000000021ba .LASF144
C:\Users\zero6575\AppData\Local\Temp\ccy548Yv.s:2208   .debug_str:00000000000017ef .LASF145
C:\Users\zero6575\AppData\Local\Temp\ccy548Yv.s:2692   .debug_str:00000000000031b1 .LASF146
C:\Users\zero6575\AppData\Local\Temp\ccy548Yv.s:2644   .debug_str:0000000000002e57 .LASF147
C:\Users\zero6575\AppData\Local\Temp\ccy548Yv.s:2050   .debug_str:0000000000000ec6 .LASF148
C:\Users\zero6575\AppData\Local\Temp\ccy548Yv.s:2570   .debug_str:0000000000002a4e .LASF149
C:\Users\zero6575\AppData\Local\Temp\ccy548Yv.s:2010   .debug_str:0000000000000cea .LASF150
C:\Users\zero6575\AppData\Local\Temp\ccy548Yv.s:2748   .debug_str:00000000000034c6 .LASF151
C:\Users\zero6575\AppData\Local\Temp\ccy548Yv.s:1788   .debug_str:00000000000000d5 .LASF152
C:\Users\zero6575\AppData\Local\Temp\ccy548Yv.s:2626   .debug_str:0000000000002d78 .LASF153
C:\Users\zero6575\AppData\Local\Temp\ccy548Yv.s:2160   .debug_str:00000000000014f3 .LASF154
C:\Users\zero6575\AppData\Local\Temp\ccy548Yv.s:2458   .debug_str:00000000000024cb .LASF155
C:\Users\zero6575\AppData\Local\Temp\ccy548Yv.s:2190   .debug_str:00000000000016f8 .LASF156
C:\Users\zero6575\AppData\Local\Temp\ccy548Yv.s:2640   .debug_str:0000000000002e0f .LASF157
C:\Users\zero6575\AppData\Local\Temp\ccy548Yv.s:2686   .debug_str:0000000000003149 .LASF158
C:\Users\zero6575\AppData\Local\Temp\ccy548Yv.s:1864   .debug_str:0000000000000587 .LASF159
C:\Users\zero6575\AppData\Local\Temp\ccy548Yv.s:2804   .debug_str:000000000000380b .LASF160
C:\Users\zero6575\AppData\Local\Temp\ccy548Yv.s:2334   .debug_str:0000000000001e9f .LASF161
C:\Users\zero6575\AppData\Local\Temp\ccy548Yv.s:2700   .debug_str:0000000000003215 .LASF162
C:\Users\zero6575\AppData\Local\Temp\ccy548Yv.s:1882   .debug_str:000000000000066c .LASF163
C:\Users\zero6575\AppData\Local\Temp\ccy548Yv.s:2800   .debug_str:00000000000037e6 .LASF164
C:\Users\zero6575\AppData\Local\Temp\ccy548Yv.s:1826   .debug_str:000000000000031d .LASF165
C:\Users\zero6575\AppData\Local\Temp\ccy548Yv.s:2192   .debug_str:000000000000172f .LASF166
C:\Users\zero6575\AppData\Local\Temp\ccy548Yv.s:2350   .debug_str:0000000000001faa .LASF167
C:\Users\zero6575\AppData\Local\Temp\ccy548Yv.s:2722   .debug_str:0000000000003338 .LASF168
C:\Users\zero6575\AppData\Local\Temp\ccy548Yv.s:2808   .debug_str:0000000000003838 .LASF169
C:\Users\zero6575\AppData\Local\Temp\ccy548Yv.s:2134   .debug_str:0000000000001346 .LASF170
C:\Users\zero6575\AppData\Local\Temp\ccy548Yv.s:2288   .debug_str:0000000000001bc4 .LASF171
C:\Users\zero6575\AppData\Local\Temp\ccy548Yv.s:2784   .debug_str:00000000000036fd .LASF172
C:\Users\zero6575\AppData\Local\Temp\ccy548Yv.s:1800   .debug_str:00000000000001bf .LASF173
C:\Users\zero6575\AppData\Local\Temp\ccy548Yv.s:2760   .debug_str:000000000000357d .LASF174
C:\Users\zero6575\AppData\Local\Temp\ccy548Yv.s:2694   .debug_str:00000000000031d2 .LASF175
C:\Users\zero6575\AppData\Local\Temp\ccy548Yv.s:2056   .debug_str:0000000000000f35 .LASF176
C:\Users\zero6575\AppData\Local\Temp\ccy548Yv.s:1816   .debug_str:00000000000002b1 .LASF177
C:\Users\zero6575\AppData\Local\Temp\ccy548Yv.s:2630   .debug_str:0000000000002d9f .LASF178
C:\Users\zero6575\AppData\Local\Temp\ccy548Yv.s:2462   .debug_str:00000000000024fa .LASF179
C:\Users\zero6575\AppData\Local\Temp\ccy548Yv.s:2200   .debug_str:0000000000001791 .LASF180
C:\Users\zero6575\AppData\Local\Temp\ccy548Yv.s:2064   .debug_str:0000000000000f9f .LASF181
C:\Users\zero6575\AppData\Local\Temp\ccy548Yv.s:2778   .debug_str:0000000000003692 .LASF182
C:\Users\zero6575\AppData\Local\Temp\ccy548Yv.s:2580   .debug_str:0000000000002ac3 .LASF183
C:\Users\zero6575\AppData\Local\Temp\ccy548Yv.s:2648   .debug_str:0000000000002e75 .LASF184
C:\Users\zero6575\AppData\Local\Temp\ccy548Yv.s:2148   .debug_str:0000000000001414 .LASF185
C:\Users\zero6575\AppData\Local\Temp\ccy548Yv.s:1924   .debug_str:000000000000086d .LASF186
C:\Users\zero6575\AppData\Local\Temp\ccy548Yv.s:2162   .debug_str:0000000000001509 .LASF187
C:\Users\zero6575\AppData\Local\Temp\ccy548Yv.s:1946   .debug_str:0000000000000989 .LASF188
C:\Users\zero6575\AppData\Local\Temp\ccy548Yv.s:2796   .debug_str:00000000000037b8 .LASF189
C:\Users\zero6575\AppData\Local\Temp\ccy548Yv.s:2398   .debug_str:00000000000021a2 .LASF190
C:\Users\zero6575\AppData\Local\Temp\ccy548Yv.s:2512   .debug_str:0000000000002769 .LASF191
C:\Users\zero6575\AppData\Local\Temp\ccy548Yv.s:1806   .debug_str:0000000000000231 .LASF192
C:\Users\zero6575\AppData\Local\Temp\ccy548Yv.s:2202   .debug_str:00000000000017ad .LASF193
C:\Users\zero6575\AppData\Local\Temp\ccy548Yv.s:2194   .debug_str:0000000000001749 .LASF194
C:\Users\zero6575\AppData\Local\Temp\ccy548Yv.s:1926   .debug_str:00000000000008a7 .LASF195
C:\Users\zero6575\AppData\Local\Temp\ccy548Yv.s:2254   .debug_str:0000000000001a4c .LASF196
C:\Users\zero6575\AppData\Local\Temp\ccy548Yv.s:2766   .debug_str:00000000000035ef .LASF197
C:\Users\zero6575\AppData\Local\Temp\ccy548Yv.s:2142   .debug_str:00000000000013c7 .LASF198
C:\Users\zero6575\AppData\Local\Temp\ccy548Yv.s:1884   .debug_str:0000000000000680 .LASF199
C:\Users\zero6575\AppData\Local\Temp\ccy548Yv.s:2782   .debug_str:00000000000036c2 .LASF200
C:\Users\zero6575\AppData\Local\Temp\ccy548Yv.s:2472   .debug_str:0000000000002595 .LASF201
C:\Users\zero6575\AppData\Local\Temp\ccy548Yv.s:2414   .debug_str:0000000000002275 .LASF202
C:\Users\zero6575\AppData\Local\Temp\ccy548Yv.s:1996   .debug_str:0000000000000c4a .LASF203
C:\Users\zero6575\AppData\Local\Temp\ccy548Yv.s:1782   .debug_str:0000000000000098 .LASF204
C:\Users\zero6575\AppData\Local\Temp\ccy548Yv.s:2026   .debug_str:0000000000000d9f .LASF205
C:\Users\zero6575\AppData\Local\Temp\ccy548Yv.s:1914   .debug_str:00000000000007e8 .LASF206
C:\Users\zero6575\AppData\Local\Temp\ccy548Yv.s:1952   .debug_str:00000000000009ec .LASF207
C:\Users\zero6575\AppData\Local\Temp\ccy548Yv.s:2688   .debug_str:0000000000003183 .LASF208
C:\Users\zero6575\AppData\Local\Temp\ccy548Yv.s:2116   .debug_str:000000000000122d .LASF209
C:\Users\zero6575\AppData\Local\Temp\ccy548Yv.s:1786   .debug_str:00000000000000be .LASF210
C:\Users\zero6575\AppData\Local\Temp\ccy548Yv.s:2460   .debug_str:00000000000024e1 .LASF211
C:\Users\zero6575\AppData\Local\Temp\ccy548Yv.s:2178   .debug_str:0000000000001639 .LASF212
C:\Users\zero6575\AppData\Local\Temp\ccy548Yv.s:2306   .debug_str:0000000000001cd0 .LASF213
C:\Users\zero6575\AppData\Local\Temp\ccy548Yv.s:1858   .debug_str:0000000000000526 .LASF214
C:\Users\zero6575\AppData\Local\Temp\ccy548Yv.s:2562   .debug_str:00000000000029e3 .LASF215
C:\Users\zero6575\AppData\Local\Temp\ccy548Yv.s:2762   .debug_str:0000000000003592 .LASF216
C:\Users\zero6575\AppData\Local\Temp\ccy548Yv.s:2204   .debug_str:00000000000017bd .LASF217
C:\Users\zero6575\AppData\Local\Temp\ccy548Yv.s:2060   .debug_str:0000000000000f64 .LASF218
C:\Users\zero6575\AppData\Local\Temp\ccy548Yv.s:1776   .debug_str:0000000000000034 .LASF219
C:\Users\zero6575\AppData\Local\Temp\ccy548Yv.s:2090   .debug_str:0000000000001114 .LASF220
C:\Users\zero6575\AppData\Local\Temp\ccy548Yv.s:2144   .debug_str:00000000000013df .LASF221
C:\Users\zero6575\AppData\Local\Temp\ccy548Yv.s:2022   .debug_str:0000000000000d73 .LASF222
C:\Users\zero6575\AppData\Local\Temp\ccy548Yv.s:2408   .debug_str:0000000000002215 .LASF223
C:\Users\zero6575\AppData\Local\Temp\ccy548Yv.s:2048   .debug_str:0000000000000ead .LASF224
C:\Users\zero6575\AppData\Local\Temp\ccy548Yv.s:2128   .debug_str:00000000000012d7 .LASF225
C:\Users\zero6575\AppData\Local\Temp\ccy548Yv.s:2576   .debug_str:0000000000002a88 .LASF226
C:\Users\zero6575\AppData\Local\Temp\ccy548Yv.s:1980   .debug_str:0000000000000b59 .LASF227
C:\Users\zero6575\AppData\Local\Temp\ccy548Yv.s:2130   .debug_str:00000000000012f2 .LASF228
C:\Users\zero6575\AppData\Local\Temp\ccy548Yv.s:2538   .debug_str:00000000000028a5 .LASF229
C:\Users\zero6575\AppData\Local\Temp\ccy548Yv.s:2740   .debug_str:0000000000003428 .LASF230
C:\Users\zero6575\AppData\Local\Temp\ccy548Yv.s:2792   .debug_str:0000000000003784 .LASF231
C:\Users\zero6575\AppData\Local\Temp\ccy548Yv.s:1970   .debug_str:0000000000000aed .LASF232
C:\Users\zero6575\AppData\Local\Temp\ccy548Yv.s:1978   .debug_str:0000000000000b3e .LASF233
C:\Users\zero6575\AppData\Local\Temp\ccy548Yv.s:2170   .debug_str:00000000000015c9 .LASF234
C:\Users\zero6575\AppData\Local\Temp\ccy548Yv.s:2276   .debug_str:0000000000001b52 .LASF235
C:\Users\zero6575\AppData\Local\Temp\ccy548Yv.s:2498   .debug_str:00000000000026e4 .LASF236
C:\Users\zero6575\AppData\Local\Temp\ccy548Yv.s:2484   .debug_str:0000000000002642 .LASF237
C:\Users\zero6575\AppData\Local\Temp\ccy548Yv.s:1792   .debug_str:0000000000000134 .LASF238
C:\Users\zero6575\AppData\Local\Temp\ccy548Yv.s:2758   .debug_str:0000000000003563 .LASF239
C:\Users\zero6575\AppData\Local\Temp\ccy548Yv.s:1824   .debug_str:0000000000000303 .LASF240
C:\Users\zero6575\AppData\Local\Temp\ccy548Yv.s:2344   .debug_str:0000000000001f56 .LASF241
C:\Users\zero6575\AppData\Local\Temp\ccy548Yv.s:2318   .debug_str:0000000000001d8b .LASF242
C:\Users\zero6575\AppData\Local\Temp\ccy548Yv.s:2166   .debug_str:000000000000156e .LASF243
C:\Users\zero6575\AppData\Local\Temp\ccy548Yv.s:2052   .debug_str:0000000000000ed6 .LASF244
C:\Users\zero6575\AppData\Local\Temp\ccy548Yv.s:2210   .debug_str:0000000000001805 .LASF245
C:\Users\zero6575\AppData\Local\Temp\ccy548Yv.s:1966   .debug_str:0000000000000a7c .LASF246
C:\Users\zero6575\AppData\Local\Temp\ccy548Yv.s:2720   .debug_str:000000000000331d .LASF247
C:\Users\zero6575\AppData\Local\Temp\ccy548Yv.s:2362   .debug_str:000000000000202a .LASF248
C:\Users\zero6575\AppData\Local\Temp\ccy548Yv.s:2110   .debug_str:00000000000011ee .LASF249
C:\Users\zero6575\AppData\Local\Temp\ccy548Yv.s:2002   .debug_str:0000000000000c96 .LASF250
C:\Users\zero6575\AppData\Local\Temp\ccy548Yv.s:2122   .debug_str:000000000000128a .LASF251
C:\Users\zero6575\AppData\Local\Temp\ccy548Yv.s:1900   .debug_str:0000000000000742 .LASF252
C:\Users\zero6575\AppData\Local\Temp\ccy548Yv.s:2402   .debug_str:00000000000021d2 .LASF253
C:\Users\zero6575\AppData\Local\Temp\ccy548Yv.s:2428   .debug_str:0000000000002350 .LASF254
C:\Users\zero6575\AppData\Local\Temp\ccy548Yv.s:2088   .debug_str:00000000000010d5 .LASF255
C:\Users\zero6575\AppData\Local\Temp\ccy548Yv.s:2466   .debug_str:0000000000002526 .LASF256
C:\Users\zero6575\AppData\Local\Temp\ccy548Yv.s:1796   .debug_str:0000000000000164 .LASF257
C:\Users\zero6575\AppData\Local\Temp\ccy548Yv.s:1790   .debug_str:00000000000000ee .LASF258
C:\Users\zero6575\AppData\Local\Temp\ccy548Yv.s:2112   .debug_str:0000000000001200 .LASF259
C:\Users\zero6575\AppData\Local\Temp\ccy548Yv.s:2494   .debug_str:00000000000026b1 .LASF260
C:\Users\zero6575\AppData\Local\Temp\ccy548Yv.s:2332   .debug_str:0000000000001e84 .LASF261
C:\Users\zero6575\AppData\Local\Temp\ccy548Yv.s:2412   .debug_str:0000000000002260 .LASF262
C:\Users\zero6575\AppData\Local\Temp\ccy548Yv.s:2634   .debug_str:0000000000002dbd .LASF263
C:\Users\zero6575\AppData\Local\Temp\ccy548Yv.s:2114   .debug_str:0000000000001218 .LASF264
C:\Users\zero6575\AppData\Local\Temp\ccy548Yv.s:2528   .debug_str:000000000000283c .LASF265
C:\Users\zero6575\AppData\Local\Temp\ccy548Yv.s:2246   .debug_str:00000000000019dd .LASF266
C:\Users\zero6575\AppData\Local\Temp\ccy548Yv.s:1896   .debug_str:0000000000000720 .LASF267
C:\Users\zero6575\AppData\Local\Temp\ccy548Yv.s:2328   .debug_str:0000000000001e3f .LASF268
C:\Users\zero6575\AppData\Local\Temp\ccy548Yv.s:2802   .debug_str:00000000000037f5 .LASF269
C:\Users\zero6575\AppData\Local\Temp\ccy548Yv.s:2218   .debug_str:0000000000001863 .LASF270
C:\Users\zero6575\AppData\Local\Temp\ccy548Yv.s:2482   .debug_str:000000000000262c .LASF271
C:\Users\zero6575\AppData\Local\Temp\ccy548Yv.s:2780   .debug_str:00000000000036ab .LASF272
C:\Users\zero6575\AppData\Local\Temp\ccy548Yv.s:2074   .debug_str:0000000000001020 .LASF273
C:\Users\zero6575\AppData\Local\Temp\ccy548Yv.s:1798   .debug_str:00000000000001a5 .LASF274
C:\Users\zero6575\AppData\Local\Temp\ccy548Yv.s:1778   .debug_str:000000000000004e .LASF275
C:\Users\zero6575\AppData\Local\Temp\ccy548Yv.s:2102   .debug_str:00000000000011a1 .LASF276
C:\Users\zero6575\AppData\Local\Temp\ccy548Yv.s:2038   .debug_str:0000000000000e44 .LASF277
C:\Users\zero6575\AppData\Local\Temp\ccy548Yv.s:2440   .debug_str:00000000000023e2 .LASF278
C:\Users\zero6575\AppData\Local\Temp\ccy548Yv.s:2496   .debug_str:00000000000026cb .LASF279
C:\Users\zero6575\AppData\Local\Temp\ccy548Yv.s:2750   .debug_str:00000000000034dd .LASF280
C:\Users\zero6575\AppData\Local\Temp\ccy548Yv.s:2044   .debug_str:0000000000000e84 .LASF281
C:\Users\zero6575\AppData\Local\Temp\ccy548Yv.s:2708   .debug_str:000000000000326e .LASF282
C:\Users\zero6575\AppData\Local\Temp\ccy548Yv.s:2470   .debug_str:0000000000002580 .LASF283
C:\Users\zero6575\AppData\Local\Temp\ccy548Yv.s:2590   .debug_str:0000000000002b95 .LASF284
C:\Users\zero6575\AppData\Local\Temp\ccy548Yv.s:2152   .debug_str:0000000000001461 .LASF285
C:\Users\zero6575\AppData\Local\Temp\ccy548Yv.s:2172   .debug_str:00000000000015e0 .LASF286
C:\Users\zero6575\AppData\Local\Temp\ccy548Yv.s:2180   .debug_str:0000000000001652 .LASF287
C:\Users\zero6575\AppData\Local\Temp\ccy548Yv.s:1812   .debug_str:0000000000000277 .LASF288
C:\Users\zero6575\AppData\Local\Temp\ccy548Yv.s:2294   .debug_str:0000000000001c44 .LASF289
C:\Users\zero6575\AppData\Local\Temp\ccy548Yv.s:2256   .debug_str:0000000000001a62 .LASF290
C:\Users\zero6575\AppData\Local\Temp\ccy548Yv.s:1830   .debug_str:000000000000035c .LASF291
C:\Users\zero6575\AppData\Local\Temp\ccy548Yv.s:2596   .debug_str:0000000000002bdc .LASF292
C:\Users\zero6575\AppData\Local\Temp\ccy548Yv.s:2454   .debug_str:0000000000002490 .LASF293
C:\Users\zero6575\AppData\Local\Temp\ccy548Yv.s:2676   .debug_str:00000000000030d0 .LASF294
C:\Users\zero6575\AppData\Local\Temp\ccy548Yv.s:2076   .debug_str:0000000000001046 .LASF295
C:\Users\zero6575\AppData\Local\Temp\ccy548Yv.s:2274   .debug_str:0000000000001b34 .LASF296
C:\Users\zero6575\AppData\Local\Temp\ccy548Yv.s:2624   .debug_str:0000000000002d59 .LASF297
C:\Users\zero6575\AppData\Local\Temp\ccy548Yv.s:2322   .debug_str:0000000000001dec .LASF298
C:\Users\zero6575\AppData\Local\Temp\ccy548Yv.s:2578   .debug_str:0000000000002aa2 .LASF299
C:\Users\zero6575\AppData\Local\Temp\ccy548Yv.s:2324   .debug_str:0000000000001e10 .LASF300
C:\Users\zero6575\AppData\Local\Temp\ccy548Yv.s:2788   .debug_str:0000000000003750 .LASF301
C:\Users\zero6575\AppData\Local\Temp\ccy548Yv.s:1974   .debug_str:0000000000000b16 .LASF302
C:\Users\zero6575\AppData\Local\Temp\ccy548Yv.s:2406   .debug_str:0000000000002200 .LASF303
C:\Users\zero6575\AppData\Local\Temp\ccy548Yv.s:1838   .debug_str:00000000000003e1 .LASF304
C:\Users\zero6575\AppData\Local\Temp\ccy548Yv.s:2096   .debug_str:0000000000001161 .LASF305
C:\Users\zero6575\AppData\Local\Temp\ccy548Yv.s:2706   .debug_str:0000000000003264 .LASF306
C:\Users\zero6575\AppData\Local\Temp\ccy548Yv.s:2132   .debug_str:0000000000001331 .LASF307
C:\Users\zero6575\AppData\Local\Temp\ccy548Yv.s:2224   .debug_str:00000000000018a7 .LASF308
C:\Users\zero6575\AppData\Local\Temp\ccy548Yv.s:1928   .debug_str:00000000000008c2 .LASF309
C:\Users\zero6575\AppData\Local\Temp\ccy548Yv.s:2506   .debug_str:0000000000002745 .LASF310
C:\Users\zero6575\AppData\Local\Temp\ccy548Yv.s:1948   .debug_str:00000000000009ca .LASF311
C:\Users\zero6575\AppData\Local\Temp\ccy548Yv.s:2396   .debug_str:0000000000002192 .LASF312
C:\Users\zero6575\AppData\Local\Temp\ccy548Yv.s:2586   .debug_str:0000000000002b72 .LASF313
C:\Users\zero6575\AppData\Local\Temp\ccy548Yv.s:1822   .debug_str:00000000000002eb .LASF314
C:\Users\zero6575\AppData\Local\Temp\ccy548Yv.s:2316   .debug_str:0000000000001d81 .LASF315
C:\Users\zero6575\AppData\Local\Temp\ccy548Yv.s:2266   .debug_str:0000000000001adc .LASF316
C:\Users\zero6575\AppData\Local\Temp\ccy548Yv.s:2584   .debug_str:0000000000002b5d .LASF317
C:\Users\zero6575\AppData\Local\Temp\ccy548Yv.s:2258   .debug_str:0000000000001a80 .LASF318
C:\Users\zero6575\AppData\Local\Temp\ccy548Yv.s:2666   .debug_str:0000000000003051 .LASF319
C:\Users\zero6575\AppData\Local\Temp\ccy548Yv.s:1958   .debug_str:0000000000000a1a .LASF320
C:\Users\zero6575\AppData\Local\Temp\ccy548Yv.s:2062   .debug_str:0000000000000f7d .LASF321
C:\Users\zero6575\AppData\Local\Temp\ccy548Yv.s:2084   .debug_str:00000000000010b2 .LASF322
C:\Users\zero6575\AppData\Local\Temp\ccy548Yv.s:2386   .debug_str:0000000000002134 .LASF323
C:\Users\zero6575\AppData\Local\Temp\ccy548Yv.s:1814   .debug_str:000000000000029c .LASF324
C:\Users\zero6575\AppData\Local\Temp\ccy548Yv.s:2236   .debug_str:000000000000194b .LASF325
C:\Users\zero6575\AppData\Local\Temp\ccy548Yv.s:2000   .debug_str:0000000000000c71 .LASF326
C:\Users\zero6575\AppData\Local\Temp\ccy548Yv.s:2614   .debug_str:0000000000002ccc .LASF327
C:\Users\zero6575\AppData\Local\Temp\ccy548Yv.s:2430   .debug_str:000000000000236a .LASF328
C:\Users\zero6575\AppData\Local\Temp\ccy548Yv.s:1990   .debug_str:0000000000000bef .LASF329
C:\Users\zero6575\AppData\Local\Temp\ccy548Yv.s:2690   .debug_str:000000000000319d .LASF330
C:\Users\zero6575\AppData\Local\Temp\ccy548Yv.s:2008   .debug_str:0000000000000cd9 .LASF331
C:\Users\zero6575\AppData\Local\Temp\ccy548Yv.s:2302   .debug_str:0000000000001ca4 .LASF332
C:\Users\zero6575\AppData\Local\Temp\ccy548Yv.s:1842   .debug_str:0000000000000449 .LASF333
C:\Users\zero6575\AppData\Local\Temp\ccy548Yv.s:2308   .debug_str:0000000000001d0c .LASF334
C:\Users\zero6575\AppData\Local\Temp\ccy548Yv.s:2558   .debug_str:00000000000029be .LASF335
C:\Users\zero6575\AppData\Local\Temp\ccy548Yv.s:2188   .debug_str:00000000000016de .LASF336
C:\Users\zero6575\AppData\Local\Temp\ccy548Yv.s:2468   .debug_str:0000000000002565 .LASF337
C:\Users\zero6575\AppData\Local\Temp\ccy548Yv.s:2600   .debug_str:0000000000002c24 .LASF338
C:\Users\zero6575\AppData\Local\Temp\ccy548Yv.s:1772   .debug_str:0000000000000000 .LASF339
C:\Users\zero6575\AppData\Local\Temp\ccy548Yv.s:1876   .debug_str:000000000000063e .LASF340
C:\Users\zero6575\AppData\Local\Temp\ccy548Yv.s:2536   .debug_str:000000000000288e .LASF341
C:\Users\zero6575\AppData\Local\Temp\ccy548Yv.s:1908   .debug_str:0000000000000790 .LASF346
C:\Users\zero6575\AppData\Local\Temp\ccy548Yv.s:1850   .debug_str:00000000000004b6 .LASF347
C:\Users\zero6575\AppData\Local\Temp\ccy548Yv.s:1920   .debug_str:0000000000000839 .LASF348
C:\Users\zero6575\AppData\Local\Temp\ccy548Yv.s:2442   .debug_str:00000000000023fa .LASF349
C:\Users\zero6575\AppData\Local\Temp\ccy548Yv.s:2196   .debug_str:0000000000001762 .LASF350
C:\Users\zero6575\AppData\Local\Temp\ccy548Yv.s:1840   .debug_str:00000000000003f5 .LASF351
C:\Users\zero6575\AppData\Local\Temp\ccy548Yv.s:2448   .debug_str:0000000000002446 .LASF352
C:\Users\zero6575\AppData\Local\Temp\ccy548Yv.s:2564   .debug_str:0000000000002a22 .LASF353
C:\Users\zero6575\AppData\Local\Temp\ccy548Yv.s:2136   .debug_str:0000000000001388 .LASF354
C:\Users\zero6575\AppData\Local\Temp\ccy548Yv.s:1862   .debug_str:0000000000000579 .LASF355
C:\Users\zero6575\AppData\Local\Temp\ccy548Yv.s:2678   .debug_str:00000000000030ef .LASF356
C:\Users\zero6575\AppData\Local\Temp\ccy548Yv.s:2540   .debug_str:00000000000028e6 .LASF357
C:\Users\zero6575\AppData\Local\Temp\ccy548Yv.s:2368   .debug_str:0000000000002072 .LASF358
C:\Users\zero6575\AppData\Local\Temp\ccy548Yv.s:1972   .debug_str:0000000000000b07 .LASF359
C:\Users\zero6575\AppData\Local\Temp\ccy548Yv.s:1982   .debug_str:0000000000000b98 .LASF360
C:\Users\zero6575\AppData\Local\Temp\ccy548Yv.s:2260   .debug_str:0000000000001a96 .LASF361
C:\Users\zero6575\AppData\Local\Temp\ccy548Yv.s:2126   .debug_str:00000000000012c7 .LASF362
C:\Users\zero6575\AppData\Local\Temp\ccy548Yv.s:2534   .debug_str:000000000000287e .LASF363
C:\Users\zero6575\AppData\Local\Temp\ccy548Yv.s:2572   .debug_str:0000000000002a62 .LASF364
C:\Users\zero6575\AppData\Local\Temp\ccy548Yv.s:2520   .debug_str:00000000000027cd .LASF365
C:\Users\zero6575\AppData\Local\Temp\ccy548Yv.s:2642   .debug_str:0000000000002e46 .LASF366
C:\Users\zero6575\AppData\Local\Temp\ccy548Yv.s:1834   .debug_str:00000000000003b0 .LASF367
C:\Users\zero6575\AppData\Local\Temp\ccy548Yv.s:2220   .debug_str:000000000000187c .LASF368
C:\Users\zero6575\AppData\Local\Temp\ccy548Yv.s:2024   .debug_str:0000000000000d8f .LASF369
C:\Users\zero6575\AppData\Local\Temp\ccy548Yv.s:2006   .debug_str:0000000000000cc3 .LASF370
C:\Users\zero6575\AppData\Local\Temp\ccy548Yv.s:2492   .debug_str:000000000000269c .LASF371
C:\Users\zero6575\AppData\Local\Temp\ccy548Yv.s:1988   .debug_str:0000000000000bdb .LASF372
C:\Users\zero6575\AppData\Local\Temp\ccy548Yv.s:1890   .debug_str:00000000000006e5 .LASF373
C:\Users\zero6575\AppData\Local\Temp\ccy548Yv.s:2500   .debug_str:00000000000026ff .LASF374
C:\Users\zero6575\AppData\Local\Temp\ccy548Yv.s:2268   .debug_str:0000000000001ae2 .LASF375
C:\Users\zero6575\AppData\Local\Temp\ccy548Yv.s:2138   .debug_str:000000000000139a .LASF376
C:\Users\zero6575\AppData\Local\Temp\ccy548Yv.s:2100   .debug_str:000000000000118c .LASF377
C:\Users\zero6575\AppData\Local\Temp\ccy548Yv.s:2680   .debug_str:00000000000030ff .LASF378
C:\Users\zero6575\AppData\Local\Temp\ccy548Yv.s:2240   .debug_str:0000000000001995 .LASF379
C:\Users\zero6575\AppData\Local\Temp\ccy548Yv.s:2262   .debug_str:0000000000001aa9 .LASF380
C:\Users\zero6575\AppData\Local\Temp\ccy548Yv.s:2206   .debug_str:00000000000017d4 .LASF381
C:\Users\zero6575\AppData\Local\Temp\ccy548Yv.s:2672   .debug_str:00000000000030b2 .LASF382
C:\Users\zero6575\AppData\Local\Temp\ccy548Yv.s:2216   .debug_str:0000000000001853 .LASF383
C:\Users\zero6575\AppData\Local\Temp\ccy548Yv.s:2374   .debug_str:00000000000020b1 .LASF384
C:\Users\zero6575\AppData\Local\Temp\ccy548Yv.s:2510   .debug_str:0000000000002762 .LASF385
C:\Users\zero6575\AppData\Local\Temp\ccy548Yv.s:1898   .debug_str:0000000000000739 .LASF386
C:\Users\zero6575\AppData\Local\Temp\ccy548Yv.s:1808   .debug_str:0000000000000247 .LASF387
C:\Users\zero6575\AppData\Local\Temp\ccy548Yv.s:1802   .debug_str:0000000000000208 .LASF388
C:\Users\zero6575\AppData\Local\Temp\ccy548Yv.s:2646   .debug_str:0000000000002e6d .LASF389
C:\Users\zero6575\AppData\Local\Temp\ccy548Yv.s:1818   .debug_str:00000000000002c7 .LASF390
C:\Users\zero6575\AppData\Local\Temp\ccy548Yv.s:2014   .debug_str:0000000000000d16 .LASF391
C:\Users\zero6575\AppData\Local\Temp\ccy548Yv.s:2020   .debug_str:0000000000000d69 .LASF392
C:\Users\zero6575\AppData\Local\Temp\ccy548Yv.s:2684   .debug_str:000000000000313d .LASF393
C:\Users\zero6575\AppData\Local\Temp\ccy548Yv.s:1934   .debug_str:0000000000000911 .LASF394
C:\Users\zero6575\AppData\Local\Temp\ccy548Yv.s:1878   .debug_str:000000000000064d .LASF395
C:\Users\zero6575\AppData\Local\Temp\ccy548Yv.s:2348   .debug_str:0000000000001f9f .LASF396
C:\Users\zero6575\AppData\Local\Temp\ccy548Yv.s:1962   .debug_str:0000000000000a5b .LASF397
C:\Users\zero6575\AppData\Local\Temp\ccy548Yv.s:1992   .debug_str:0000000000000c05 .LASF398
C:\Users\zero6575\AppData\Local\Temp\ccy548Yv.s:2298   .debug_str:0000000000001c85 .LASF399
C:\Users\zero6575\AppData\Local\Temp\ccy548Yv.s:1950   .debug_str:00000000000009db .LASF400
C:\Users\zero6575\AppData\Local\Temp\ccy548Yv.s:2388   .debug_str:0000000000002147 .LASF401
C:\Users\zero6575\AppData\Local\Temp\ccy548Yv.s:2532   .debug_str:0000000000002872 .LASF402
C:\Users\zero6575\AppData\Local\Temp\ccy548Yv.s:2714   .debug_str:00000000000032ec .LASF403
C:\Users\zero6575\AppData\Local\Temp\ccy548Yv.s:2474   .debug_str:00000000000025d3 .LASF404
C:\Users\zero6575\AppData\Local\Temp\ccy548Yv.s:2450   .debug_str:0000000000002473 .LASF405
C:\Users\zero6575\AppData\Local\Temp\ccy548Yv.s:2588   .debug_str:0000000000002b8b .LASF406
C:\Users\zero6575\AppData\Local\Temp\ccy548Yv.s:1954   .debug_str:00000000000009fd .LASF407
C:\Users\zero6575\AppData\Local\Temp\ccy548Yv.s:1784   .debug_str:00000000000000b1 .LASF408
C:\Users\zero6575\AppData\Local\Temp\ccy548Yv.s:2420   .debug_str:00000000000022fd .LASF409
C:\Users\zero6575\AppData\Local\Temp\ccy548Yv.s:2046   .debug_str:0000000000000e9f .LASF410
C:\Users\zero6575\AppData\Local\Temp\ccy548Yv.s:2338   .debug_str:0000000000001ed0 .LASF411
C:\Users\zero6575\AppData\Local\Temp\ccy548Yv.s:2786   .debug_str:0000000000003742 .LASF412
C:\Users\zero6575\AppData\Local\Temp\ccy548Yv.s:1998   .debug_str:0000000000000c61 .LASF413
C:\Users\zero6575\AppData\Local\Temp\ccy548Yv.s:1894   .debug_str:000000000000070e .LASF414
C:\Users\zero6575\AppData\Local\Temp\ccy548Yv.s:1976   .debug_str:0000000000000b2b .LASF415
C:\Users\zero6575\AppData\Local\Temp\ccy548Yv.s:2436   .debug_str:00000000000023bb .LASF416
C:\Users\zero6575\AppData\Local\Temp\ccy548Yv.s:2390   .debug_str:0000000000002153 .LASF417
C:\Users\zero6575\AppData\Local\Temp\ccy548Yv.s:1936   .debug_str:0000000000000919 .LASF418
C:\Users\zero6575\AppData\Local\Temp\ccy548Yv.s:2604   .debug_str:0000000000002c59 .LASF419
C:\Users\zero6575\AppData\Local\Temp\ccy548Yv.s:2404   .debug_str:00000000000021ed .LASF420
C:\Users\zero6575\AppData\Local\Temp\ccy548Yv.s:1964   .debug_str:0000000000000a68 .LASF421
C:\Users\zero6575\AppData\Local\Temp\ccy548Yv.s:2356   .debug_str:0000000000001fe4 .LASF422
C:\Users\zero6575\AppData\Local\Temp\ccy548Yv.s:2754   .debug_str:000000000000352f .LASF423
C:\Users\zero6575\AppData\Local\Temp\ccy548Yv.s:2078   .debug_str:0000000000001063 .LASF424
C:\Users\zero6575\AppData\Local\Temp\ccy548Yv.s:2438   .debug_str:00000000000023ce .LASF425
C:\Users\zero6575\AppData\Local\Temp\ccy548Yv.s:2304   .debug_str:0000000000001cbc .LASF426
C:\Users\zero6575\AppData\Local\Temp\ccy548Yv.s:2568   .debug_str:0000000000002a39 .LASF427
C:\Users\zero6575\AppData\Local\Temp\ccy548Yv.s:2280   .debug_str:0000000000001b7f .LASF428
C:\Users\zero6575\AppData\Local\Temp\ccy548Yv.s:2610   .debug_str:0000000000002ca5 .LASF429
C:\Users\zero6575\AppData\Local\Temp\ccy548Yv.s:2622   .debug_str:0000000000002d40 .LASF430
C:\Users\zero6575\AppData\Local\Temp\ccy548Yv.s:2336   .debug_str:0000000000001eb6 .LASF431
C:\Users\zero6575\AppData\Local\Temp\ccy548Yv.s:2358   .debug_str:0000000000001ff8 .LASF432
C:\Users\zero6575\AppData\Local\Temp\ccy548Yv.s:2292   .debug_str:0000000000001c2a .LASF433
C:\Users\zero6575\AppData\Local\Temp\ccy548Yv.s:2524   .debug_str:0000000000002807 .LASF434
C:\Users\zero6575\AppData\Local\Temp\ccy548Yv.s:2432   .debug_str:000000000000237f .LASF435
C:\Users\zero6575\AppData\Local\Temp\ccy548Yv.s:2734   .debug_str:00000000000033dd .LASF436
C:\Users\zero6575\AppData\Local\Temp\ccy548Yv.s:2738   .debug_str:000000000000340f .LASF437
C:\Users\zero6575\AppData\Local\Temp\ccy548Yv.s:2446   .debug_str:0000000000002425 .LASF438
C:\Users\zero6575\AppData\Local\Temp\ccy548Yv.s:1942   .debug_str:000000000000095a .LASF439
C:\Users\zero6575\AppData\Local\Temp\ccy548Yv.s:2384   .debug_str:0000000000002116 .LASF440
C:\Users\zero6575\AppData\Local\Temp\ccy548Yv.s:2730   .debug_str:0000000000003398 .LASF441
C:\Users\zero6575\AppData\Local\Temp\ccy548Yv.s:2094   .debug_str:0000000000001149 .LASF442
C:\Users\zero6575\AppData\Local\Temp\ccy548Yv.s:2764   .debug_str:00000000000035d5 .LASF443
C:\Users\zero6575\AppData\Local\Temp\ccy548Yv.s:2164   .debug_str:0000000000001545 .LASF444
C:\Users\zero6575\AppData\Local\Temp\ccy548Yv.s:2290   .debug_str:0000000000001c06 .LASF445
C:\Users\zero6575\AppData\Local\Temp\ccy548Yv.s:2664   .debug_str:000000000000302b .LASF446
C:\Users\zero6575\AppData\Local\Temp\ccy548Yv.s:2080   .debug_str:0000000000001077 .LASF447
C:\Users\zero6575\AppData\Local\Temp\ccy548Yv.s:1836   .debug_str:00000000000003c7 .LASF448
C:\Users\zero6575\AppData\Local\Temp\ccy548Yv.s:2082   .debug_str:0000000000001096 .LASF449
C:\Users\zero6575\AppData\Local\Temp\ccy548Yv.s:2154   .debug_str:0000000000001478 .LASF450
C:\Users\zero6575\AppData\Local\Temp\ccy548Yv.s:2606   .debug_str:0000000000002c6d .LASF451
C:\Users\zero6575\AppData\Local\Temp\ccy548Yv.s:2654   .debug_str:0000000000002ecc .LASF452
C:\Users\zero6575\AppData\Local\Temp\ccy548Yv.s:2340   .debug_str:0000000000001edb .LASF453
C:\Users\zero6575\AppData\Local\Temp\ccy548Yv.s:2776   .debug_str:0000000000003678 .LASF454
C:\Users\zero6575\AppData\Local\Temp\ccy548Yv.s:2028   .debug_str:0000000000000db9 .LASF455
C:\Users\zero6575\AppData\Local\Temp\ccy548Yv.s:2234   .debug_str:0000000000001920 .LASF456
C:\Users\zero6575\AppData\Local\Temp\ccy548Yv.s:2120   .debug_str:0000000000001264 .LASF457
C:\Users\zero6575\AppData\Local\Temp\ccy548Yv.s:2732   .debug_str:00000000000033b5 .LASF458
C:\Users\zero6575\AppData\Local\Temp\ccy548Yv.s:2710   .debug_str:00000000000032b3 .LASF459
C:\Users\zero6575\AppData\Local\Temp\ccy548Yv.s:2168   .debug_str:00000000000015af .LASF460
C:\Users\zero6575\AppData\Local\Temp\ccy548Yv.s:2794   .debug_str:000000000000379c .LASF461
C:\Users\zero6575\AppData\Local\Temp\ccy548Yv.s:1810   .debug_str:000000000000024c .LASF462
C:\Users\zero6575\AppData\Local\Temp\ccy548Yv.s:2174   .debug_str:00000000000015f0 .LASF463
C:\Users\zero6575\AppData\Local\Temp\ccy548Yv.s:1960   .debug_str:0000000000000a33 .LASF464
C:\Users\zero6575\AppData\Local\Temp\ccy548Yv.s:2182   .debug_str:0000000000001677 .LASF465
C:\Users\zero6575\AppData\Local\Temp\ccy548Yv.s:2742   .debug_str:000000000000346e .LASF466
C:\Users\zero6575\AppData\Local\Temp\ccy548Yv.s:2616   .debug_str:0000000000002ce2 .LASF467
C:\Users\zero6575\AppData\Local\Temp\ccy548Yv.s:2670   .debug_str:0000000000003089 .LASF468
C:\Users\zero6575\AppData\Local\Temp\ccy548Yv.s:2314   .debug_str:0000000000001d5d .LASF469
C:\Users\zero6575\AppData\Local\Temp\ccy548Yv.s:1846   .debug_str:000000000000047f .LASF470
C:\Users\zero6575\AppData\Local\Temp\ccy548Yv.s:2016   .debug_str:0000000000000d1b .LASF471
C:\Users\zero6575\AppData\Local\Temp\ccy548Yv.s:2682   .debug_str:0000000000003119 .LASF472
C:\Users\zero6575\AppData\Local\Temp\ccy548Yv.s:2598   .debug_str:0000000000002bfe .LASF473
C:\Users\zero6575\AppData\Local\Temp\ccy548Yv.s:1844   .debug_str:0000000000000456 .LASF474
C:\Users\zero6575\AppData\Local\Temp\ccy548Yv.s:2522   .debug_str:00000000000027e3 .LASF475
C:\Users\zero6575\AppData\Local\Temp\ccy548Yv.s:2650   .debug_str:0000000000002e8d .LASF476
C:\Users\zero6575\AppData\Local\Temp\ccy548Yv.s:2718   .debug_str:0000000000003301 .LASF477
C:\Users\zero6575\AppData\Local\Temp\ccy548Yv.s:2704   .debug_str:0000000000003247 .LASF478
C:\Users\zero6575\AppData\Local\Temp\ccy548Yv.s:2068   .debug_str:0000000000000fcf .LASF479
C:\Users\zero6575\AppData\Local\Temp\ccy548Yv.s:2550   .debug_str:0000000000002950 .LASF480
C:\Users\zero6575\AppData\Local\Temp\ccy548Yv.s:2554   .debug_str:0000000000002984 .LASF481
C:\Users\zero6575\AppData\Local\Temp\ccy548Yv.s:1856   .debug_str:00000000000004ff .LASF482
C:\Users\zero6575\AppData\Local\Temp\ccy548Yv.s:2594   .debug_str:0000000000002bbe .LASF483
C:\Users\zero6575\AppData\Local\Temp\ccy548Yv.s:2746   .debug_str:00000000000034a7 .LASF484
C:\Users\zero6575\AppData\Local\Temp\ccy548Yv.s:2602   .debug_str:0000000000002c3f .LASF485
C:\Users\zero6575\AppData\Local\Temp\ccy548Yv.s:2222   .debug_str:000000000000188d .LASF486
C:\Users\zero6575\AppData\Local\Temp\ccy548Yv.s:2752   .debug_str:0000000000003517 .LASF487
C:\Users\zero6575\AppData\Local\Temp\ccy548Yv.s:2518   .debug_str:00000000000027b5 .LASF488
C:\Users\zero6575\AppData\Local\Temp\ccy548Yv.s:2774   .debug_str:0000000000003662 .LASF489
C:\Users\zero6575\AppData\Local\Temp\ccy548Yv.s:2312   .debug_str:0000000000001d45 .LASF490
C:\Users\zero6575\AppData\Local\Temp\ccy548Yv.s:2104   .debug_str:00000000000011b8 .LASF491
C:\Users\zero6575\AppData\Local\Temp\ccy548Yv.s:2284   .debug_str:0000000000001b9b .LASF492
C:\Users\zero6575\AppData\Local\Temp\ccy548Yv.s:1918   .debug_str:0000000000000821 .LASF493
C:\Users\zero6575\AppData\Local\Temp\ccy548Yv.s:2394   .debug_str:0000000000002178 .LASF494
C:\Users\zero6575\AppData\Local\Temp\ccy548Yv.s:2674   .debug_str:00000000000030b8 .LASF495
C:\Users\zero6575\AppData\Local\Temp\ccy548Yv.s:1820   .debug_str:00000000000002d1 .LASF496
C:\Users\zero6575\AppData\Local\Temp\ccy548Yv.s:2712   .debug_str:00000000000032d2 .LASF497
C:\Users\zero6575\AppData\Local\Temp\ccy548Yv.s:2552   .debug_str:0000000000002968 .LASF498
C:\Users\zero6575\AppData\Local\Temp\ccy548Yv.s:2724   .debug_str:000000000000334f .LASF500
C:\Users\zero6575\AppData\Local\Temp\ccy548Yv.s:2070   .debug_str:0000000000000fed .LASF501
C:\Users\zero6575\AppData\Local\Temp\ccy548Yv.s:2798   .debug_str:00000000000037ce .LASF502
C:\Users\zero6575\AppData\Local\Temp\ccy548Yv.s:2504   .debug_str:0000000000002727 .LASF503
C:\Users\zero6575\AppData\Local\Temp\ccy548Yv.s:2636   .debug_str:0000000000002dd5 .LASF504
C:\Users\zero6575\AppData\Local\Temp\ccy548Yv.s:2272   .debug_str:0000000000001b02 .LASF505
C:\Users\zero6575\AppData\Local\Temp\ccy548Yv.s:2582   .debug_str:0000000000002ad6 .LASF506
C:\Users\zero6575\AppData\Local\Temp\ccy548Yv.s:1968   .debug_str:0000000000000a96 .LASF507
C:\Users\zero6575\AppData\Local\Temp\ccy548Yv.s:1994   .debug_str:0000000000000c0c .LASF508
                           .group:0000000000000000 wm4.0.29db371e8b94e604acd9f4c2cef2c360
                           .group:0000000000000000 wm4._newlib_version.h.4.9ba035841e762c3308916a0ce96032e7
                           .group:0000000000000000 wm4.features.h.33.318b64d71e0957639cfb30f1db1f7ec8
                           .group:0000000000000000 wm4._default_types.h.15.61e9869194cab90bdfa4c7fc42203a0e
                           .group:0000000000000000 wm4._intsup.h.10.b28b45fc63caeb010c3f7ee592257700
                           .group:0000000000000000 wm4._stdint.h.10.c24fa3af3bc1706662bb5593a907e841
                           .group:0000000000000000 wm4.stdint.h.23.d53047a68f4a85177f80b422d52785ed
                           .group:0000000000000000 wm4.key.h.34.4f583cdf848c737ea8afaea31654163d

NO UNDEFINED SYMBOLS
