   1              		.file	"sbuf.c"
   2              		.option nopic
   3              		.attribute arch, "rv64i2p0_m2p0_a2p0_c2p0"
   4              		.attribute unaligned_access, 0
   5              		.attribute stack_align, 16
   6              		.text
   7              	.Ltext0:
   8              		.cfi_sections	.debug_frame
   9              		.section	.text.sbuf_init,"ax",@progbits
  10              		.align	1
  11              		.globl	sbuf_init
  13              	sbuf_init:
  14              	.LFB0:
  15              		.file 1 "../src/middleware/bacnet/src/sbuf.c"
   1:../src/middleware/bacnet/src/sbuf.c **** /*####COPYRIGHTBEGIN####
   2:../src/middleware/bacnet/src/sbuf.c ****  -------------------------------------------
   3:../src/middleware/bacnet/src/sbuf.c ****  Copyright (C) 2005 by Steve Karg
   4:../src/middleware/bacnet/src/sbuf.c **** 
   5:../src/middleware/bacnet/src/sbuf.c ****  This program is free software; you can redistribute it and/or
   6:../src/middleware/bacnet/src/sbuf.c ****  modify it under the terms of the GNU General Public License
   7:../src/middleware/bacnet/src/sbuf.c ****  as published by the Free Software Foundation; either version 2
   8:../src/middleware/bacnet/src/sbuf.c ****  of the License, or (at your option) any later version.
   9:../src/middleware/bacnet/src/sbuf.c **** 
  10:../src/middleware/bacnet/src/sbuf.c ****  This program is distributed in the hope that it will be useful,
  11:../src/middleware/bacnet/src/sbuf.c ****  but WITHOUT ANY WARRANTY; without even the implied warranty of
  12:../src/middleware/bacnet/src/sbuf.c ****  MERCHANTABILITY or FITNESS FOR A PARTICULAR PURPOSE.  See the
  13:../src/middleware/bacnet/src/sbuf.c ****  GNU General Public License for more details.
  14:../src/middleware/bacnet/src/sbuf.c **** 
  15:../src/middleware/bacnet/src/sbuf.c ****  You should have received a copy of the GNU General Public License
  16:../src/middleware/bacnet/src/sbuf.c ****  along with this program; if not, write to:
  17:../src/middleware/bacnet/src/sbuf.c ****  The Free Software Foundation, Inc.
  18:../src/middleware/bacnet/src/sbuf.c ****  59 Temple Place - Suite 330
  19:../src/middleware/bacnet/src/sbuf.c ****  Boston, MA  02111-1307
  20:../src/middleware/bacnet/src/sbuf.c ****  USA.
  21:../src/middleware/bacnet/src/sbuf.c **** 
  22:../src/middleware/bacnet/src/sbuf.c ****  As a special exception, if other files instantiate templates or
  23:../src/middleware/bacnet/src/sbuf.c ****  use macros or inline functions from this file, or you compile
  24:../src/middleware/bacnet/src/sbuf.c ****  this file and link it with other works to produce a work based
  25:../src/middleware/bacnet/src/sbuf.c ****  on this file, this file does not by itself cause the resulting
  26:../src/middleware/bacnet/src/sbuf.c ****  work to be covered by the GNU General Public License. However
  27:../src/middleware/bacnet/src/sbuf.c ****  the source code for this file must still be made available in
  28:../src/middleware/bacnet/src/sbuf.c ****  accordance with section (3) of the GNU General Public License.
  29:../src/middleware/bacnet/src/sbuf.c **** 
  30:../src/middleware/bacnet/src/sbuf.c ****  This exception does not invalidate any other reasons why a work
  31:../src/middleware/bacnet/src/sbuf.c ****  based on this file might be covered by the GNU General Public
  32:../src/middleware/bacnet/src/sbuf.c ****  License.
  33:../src/middleware/bacnet/src/sbuf.c ****  -------------------------------------------
  34:../src/middleware/bacnet/src/sbuf.c **** ####COPYRIGHTEND####*/
  35:../src/middleware/bacnet/src/sbuf.c **** 
  36:../src/middleware/bacnet/src/sbuf.c **** /** @file sbuf.c  Static buffer library for deeply embedded system. */
  37:../src/middleware/bacnet/src/sbuf.c **** 
  38:../src/middleware/bacnet/src/sbuf.c **** /* Functional Description: Static buffer library for deeply
  39:../src/middleware/bacnet/src/sbuf.c ****    embedded system. See the unit tests for usage examples. */
  40:../src/middleware/bacnet/src/sbuf.c **** #include <stdint.h>
  41:../src/middleware/bacnet/src/sbuf.c **** #include <stdbool.h>
  42:../src/middleware/bacnet/src/sbuf.c **** #include <stddef.h>
  43:../src/middleware/bacnet/src/sbuf.c **** #include "sbuf.h"
  44:../src/middleware/bacnet/src/sbuf.c **** 
  45:../src/middleware/bacnet/src/sbuf.c **** void sbuf_init(
  46:../src/middleware/bacnet/src/sbuf.c ****     STATIC_BUFFER * b,  /* static buffer structure */
  47:../src/middleware/bacnet/src/sbuf.c ****     char *data, /* data block */
  48:../src/middleware/bacnet/src/sbuf.c ****     unsigned size)
  49:../src/middleware/bacnet/src/sbuf.c **** {       /* actual size, in bytes, of the data block or array of data */
  16              		.loc 1 49 1
  17              		.cfi_startproc
  18 0000 7971     		addi	sp,sp,-48
  19              		.cfi_def_cfa_offset 48
  20 0002 22F4     		sd	s0,40(sp)
  21              		.cfi_offset 8, -8
  22 0004 0018     		addi	s0,sp,48
  23              		.cfi_def_cfa 8, 0
  24 0006 2334A4FE 		sd	a0,-24(s0)
  25 000a 2330B4FE 		sd	a1,-32(s0)
  26 000e B287     		mv	a5,a2
  27 0010 232EF4FC 		sw	a5,-36(s0)
  50:../src/middleware/bacnet/src/sbuf.c ****     if (b) {
  28              		.loc 1 50 8
  29 0014 833784FE 		ld	a5,-24(s0)
  30 0018 85C3     		beq	a5,zero,.L4
  51:../src/middleware/bacnet/src/sbuf.c ****         b->data = data;
  31              		.loc 1 51 17
  32 001a 833784FE 		ld	a5,-24(s0)
  33 001e 033704FE 		ld	a4,-32(s0)
  34 0022 98E3     		sd	a4,0(a5)
  52:../src/middleware/bacnet/src/sbuf.c ****         b->size = size;
  35              		.loc 1 52 17
  36 0024 833784FE 		ld	a5,-24(s0)
  37 0028 0327C4FD 		lw	a4,-36(s0)
  38 002c 98C7     		sw	a4,8(a5)
  53:../src/middleware/bacnet/src/sbuf.c ****         b->count = 0;
  39              		.loc 1 53 18
  40 002e 833784FE 		ld	a5,-24(s0)
  41 0032 23A60700 		sw	zero,12(a5)
  54:../src/middleware/bacnet/src/sbuf.c ****     }
  55:../src/middleware/bacnet/src/sbuf.c **** 
  56:../src/middleware/bacnet/src/sbuf.c ****     return;
  42              		.loc 1 56 5
  43 0036 0100     		nop
  44              	.L4:
  45 0038 0100     		nop
  57:../src/middleware/bacnet/src/sbuf.c **** }
  46              		.loc 1 57 1
  47 003a 2274     		ld	s0,40(sp)
  48              		.cfi_restore 8
  49              		.cfi_def_cfa 2, 48
  50 003c 4561     		addi	sp,sp,48
  51              		.cfi_def_cfa_offset 0
  52 003e 8280     		jr	ra
  53              		.cfi_endproc
  54              	.LFE0:
  56              		.section	.text.sbuf_empty,"ax",@progbits
  57              		.align	1
  58              		.globl	sbuf_empty
  60              	sbuf_empty:
  61              	.LFB1:
  58:../src/middleware/bacnet/src/sbuf.c **** 
  59:../src/middleware/bacnet/src/sbuf.c **** /* returns true if count==0, false if count > 0 */
  60:../src/middleware/bacnet/src/sbuf.c **** bool sbuf_empty(
  61:../src/middleware/bacnet/src/sbuf.c ****     STATIC_BUFFER const *b)
  62:../src/middleware/bacnet/src/sbuf.c **** {
  62              		.loc 1 62 1
  63              		.cfi_startproc
  64 0000 0111     		addi	sp,sp,-32
  65              		.cfi_def_cfa_offset 32
  66 0002 22EC     		sd	s0,24(sp)
  67              		.cfi_offset 8, -8
  68 0004 0010     		addi	s0,sp,32
  69              		.cfi_def_cfa 8, 0
  70 0006 2334A4FE 		sd	a0,-24(s0)
  63:../src/middleware/bacnet/src/sbuf.c ****     return (b ? (b->count == 0) : false);
  71              		.loc 1 63 33
  72 000a 833784FE 		ld	a5,-24(s0)
  73 000e 99C7     		beq	a5,zero,.L6
  74              		.loc 1 63 19 discriminator 1
  75 0010 833784FE 		ld	a5,-24(s0)
  76 0014 DC47     		lw	a5,12(a5)
  77              		.loc 1 63 33 discriminator 1
  78 0016 99E3     		bne	a5,zero,.L6
  79              		.loc 1 63 33 is_stmt 0 discriminator 3
  80 0018 8547     		li	a5,1
  81 001a 11A0     		j	.L7
  82              	.L6:
  83              		.loc 1 63 33 discriminator 4
  84 001c 8147     		li	a5,0
  85              	.L7:
  86              		.loc 1 63 33 discriminator 6
  87 001e 858B     		andi	a5,a5,1
  88 0020 93F7F70F 		andi	a5,a5,0xff
  64:../src/middleware/bacnet/src/sbuf.c **** }
  89              		.loc 1 64 1 is_stmt 1 discriminator 6
  90 0024 3E85     		mv	a0,a5
  91 0026 6264     		ld	s0,24(sp)
  92              		.cfi_restore 8
  93              		.cfi_def_cfa 2, 32
  94 0028 0561     		addi	sp,sp,32
  95              		.cfi_def_cfa_offset 0
  96 002a 8280     		jr	ra
  97              		.cfi_endproc
  98              	.LFE1:
 100              		.section	.text.sbuf_data,"ax",@progbits
 101              		.align	1
 102              		.globl	sbuf_data
 104              	sbuf_data:
 105              	.LFB2:
  65:../src/middleware/bacnet/src/sbuf.c **** 
  66:../src/middleware/bacnet/src/sbuf.c **** char *sbuf_data(
  67:../src/middleware/bacnet/src/sbuf.c ****     STATIC_BUFFER const *b)
  68:../src/middleware/bacnet/src/sbuf.c **** {
 106              		.loc 1 68 1
 107              		.cfi_startproc
 108 0000 0111     		addi	sp,sp,-32
 109              		.cfi_def_cfa_offset 32
 110 0002 22EC     		sd	s0,24(sp)
 111              		.cfi_offset 8, -8
 112 0004 0010     		addi	s0,sp,32
 113              		.cfi_def_cfa 8, 0
 114 0006 2334A4FE 		sd	a0,-24(s0)
  69:../src/middleware/bacnet/src/sbuf.c ****     return (b ? b->data : NULL);
 115              		.loc 1 69 25
 116 000a 833784FE 		ld	a5,-24(s0)
 117 000e 89C7     		beq	a5,zero,.L10
 118              		.loc 1 69 25 is_stmt 0 discriminator 1
 119 0010 833784FE 		ld	a5,-24(s0)
 120 0014 9C63     		ld	a5,0(a5)
 121 0016 11A0     		j	.L12
 122              	.L10:
 123              		.loc 1 69 25 discriminator 2
 124 0018 8147     		li	a5,0
 125              	.L12:
  70:../src/middleware/bacnet/src/sbuf.c **** }
 126              		.loc 1 70 1 is_stmt 1 discriminator 5
 127 001a 3E85     		mv	a0,a5
 128 001c 6264     		ld	s0,24(sp)
 129              		.cfi_restore 8
 130              		.cfi_def_cfa 2, 32
 131 001e 0561     		addi	sp,sp,32
 132              		.cfi_def_cfa_offset 0
 133 0020 8280     		jr	ra
 134              		.cfi_endproc
 135              	.LFE2:
 137              		.section	.text.sbuf_size,"ax",@progbits
 138              		.align	1
 139              		.globl	sbuf_size
 141              	sbuf_size:
 142              	.LFB3:
  71:../src/middleware/bacnet/src/sbuf.c **** 
  72:../src/middleware/bacnet/src/sbuf.c **** unsigned sbuf_size(
  73:../src/middleware/bacnet/src/sbuf.c ****     STATIC_BUFFER * b)
  74:../src/middleware/bacnet/src/sbuf.c **** {
 143              		.loc 1 74 1
 144              		.cfi_startproc
 145 0000 0111     		addi	sp,sp,-32
 146              		.cfi_def_cfa_offset 32
 147 0002 22EC     		sd	s0,24(sp)
 148              		.cfi_offset 8, -8
 149 0004 0010     		addi	s0,sp,32
 150              		.cfi_def_cfa 8, 0
 151 0006 2334A4FE 		sd	a0,-24(s0)
  75:../src/middleware/bacnet/src/sbuf.c ****     return (b ? b->size : 0);
 152              		.loc 1 75 25
 153 000a 833784FE 		ld	a5,-24(s0)
 154 000e 89C7     		beq	a5,zero,.L14
 155              		.loc 1 75 25 is_stmt 0 discriminator 1
 156 0010 833784FE 		ld	a5,-24(s0)
 157 0014 9C47     		lw	a5,8(a5)
 158 0016 11A0     		j	.L15
 159              	.L14:
 160              		.loc 1 75 25 discriminator 2
 161 0018 8147     		li	a5,0
 162              	.L15:
 163              		.loc 1 75 25 discriminator 4
 164 001a 8127     		sext.w	a5,a5
  76:../src/middleware/bacnet/src/sbuf.c **** }
 165              		.loc 1 76 1 is_stmt 1 discriminator 4
 166 001c 3E85     		mv	a0,a5
 167 001e 6264     		ld	s0,24(sp)
 168              		.cfi_restore 8
 169              		.cfi_def_cfa 2, 32
 170 0020 0561     		addi	sp,sp,32
 171              		.cfi_def_cfa_offset 0
 172 0022 8280     		jr	ra
 173              		.cfi_endproc
 174              	.LFE3:
 176              		.section	.text.sbuf_count,"ax",@progbits
 177              		.align	1
 178              		.globl	sbuf_count
 180              	sbuf_count:
 181              	.LFB4:
  77:../src/middleware/bacnet/src/sbuf.c **** 
  78:../src/middleware/bacnet/src/sbuf.c **** unsigned sbuf_count(
  79:../src/middleware/bacnet/src/sbuf.c ****     STATIC_BUFFER * b)
  80:../src/middleware/bacnet/src/sbuf.c **** {
 182              		.loc 1 80 1
 183              		.cfi_startproc
 184 0000 0111     		addi	sp,sp,-32
 185              		.cfi_def_cfa_offset 32
 186 0002 22EC     		sd	s0,24(sp)
 187              		.cfi_offset 8, -8
 188 0004 0010     		addi	s0,sp,32
 189              		.cfi_def_cfa 8, 0
 190 0006 2334A4FE 		sd	a0,-24(s0)
  81:../src/middleware/bacnet/src/sbuf.c ****     return (b ? b->count : 0);
 191              		.loc 1 81 26
 192 000a 833784FE 		ld	a5,-24(s0)
 193 000e 89C7     		beq	a5,zero,.L18
 194              		.loc 1 81 26 is_stmt 0 discriminator 1
 195 0010 833784FE 		ld	a5,-24(s0)
 196 0014 DC47     		lw	a5,12(a5)
 197 0016 11A0     		j	.L19
 198              	.L18:
 199              		.loc 1 81 26 discriminator 2
 200 0018 8147     		li	a5,0
 201              	.L19:
 202              		.loc 1 81 26 discriminator 4
 203 001a 8127     		sext.w	a5,a5
  82:../src/middleware/bacnet/src/sbuf.c **** }
 204              		.loc 1 82 1 is_stmt 1 discriminator 4
 205 001c 3E85     		mv	a0,a5
 206 001e 6264     		ld	s0,24(sp)
 207              		.cfi_restore 8
 208              		.cfi_def_cfa 2, 32
 209 0020 0561     		addi	sp,sp,32
 210              		.cfi_def_cfa_offset 0
 211 0022 8280     		jr	ra
 212              		.cfi_endproc
 213              	.LFE4:
 215              		.section	.text.sbuf_put,"ax",@progbits
 216              		.align	1
 217              		.globl	sbuf_put
 219              	sbuf_put:
 220              	.LFB5:
  83:../src/middleware/bacnet/src/sbuf.c **** 
  84:../src/middleware/bacnet/src/sbuf.c **** /* returns true if successful, false if not enough room to append data */
  85:../src/middleware/bacnet/src/sbuf.c **** bool sbuf_put(
  86:../src/middleware/bacnet/src/sbuf.c ****     STATIC_BUFFER * b,  /* static buffer structure */
  87:../src/middleware/bacnet/src/sbuf.c ****     unsigned offset,    /* where to start */
  88:../src/middleware/bacnet/src/sbuf.c ****     char *data, /* data to place in buffer */
  89:../src/middleware/bacnet/src/sbuf.c ****     unsigned data_size)
  90:../src/middleware/bacnet/src/sbuf.c **** {       /* how many bytes to add */
 221              		.loc 1 90 1
 222              		.cfi_startproc
 223 0000 3971     		addi	sp,sp,-64
 224              		.cfi_def_cfa_offset 64
 225 0002 22FC     		sd	s0,56(sp)
 226              		.cfi_offset 8, -8
 227 0004 8000     		addi	s0,sp,64
 228              		.cfi_def_cfa 8, 0
 229 0006 233CA4FC 		sd	a0,-40(s0)
 230 000a AE87     		mv	a5,a1
 231 000c 2334C4FC 		sd	a2,-56(s0)
 232 0010 3687     		mv	a4,a3
 233 0012 232AF4FC 		sw	a5,-44(s0)
 234 0016 BA87     		mv	a5,a4
 235 0018 2328F4FC 		sw	a5,-48(s0)
  91:../src/middleware/bacnet/src/sbuf.c ****     bool status = false;        /* return value */
 236              		.loc 1 91 10
 237 001c A30704FE 		sb	zero,-17(s0)
  92:../src/middleware/bacnet/src/sbuf.c **** 
  93:../src/middleware/bacnet/src/sbuf.c ****     if (b && b->data) {
 238              		.loc 1 93 8
 239 0020 833784FD 		ld	a5,-40(s0)
 240 0024 B5CF     		beq	a5,zero,.L22
 241              		.loc 1 93 15 discriminator 1
 242 0026 833784FD 		ld	a5,-40(s0)
 243 002a 9C63     		ld	a5,0(a5)
 244              		.loc 1 93 11 discriminator 1
 245 002c B5CB     		beq	a5,zero,.L22
  94:../src/middleware/bacnet/src/sbuf.c ****         if (((offset + data_size) < b->size)) {
 246              		.loc 1 94 22
 247 002e 032744FD 		lw	a4,-44(s0)
 248 0032 832704FD 		lw	a5,-48(s0)
 249 0036 B99F     		addw	a5,a4,a5
 250 0038 1B870700 		sext.w	a4,a5
 251              		.loc 1 94 38
 252 003c 833784FD 		ld	a5,-40(s0)
 253 0040 9C47     		lw	a5,8(a5)
 254              		.loc 1 94 12
 255 0042 637FF704 		bgeu	a4,a5,.L22
  95:../src/middleware/bacnet/src/sbuf.c ****             b->count = offset + data_size;
 256              		.loc 1 95 31
 257 0046 032744FD 		lw	a4,-44(s0)
 258 004a 832704FD 		lw	a5,-48(s0)
 259 004e B99F     		addw	a5,a4,a5
 260 0050 1B870700 		sext.w	a4,a5
 261              		.loc 1 95 22
 262 0054 833784FD 		ld	a5,-40(s0)
 263 0058 D8C7     		sw	a4,12(a5)
  96:../src/middleware/bacnet/src/sbuf.c ****             while (data_size) {
 264              		.loc 1 96 19
 265 005a 25A8     		j	.L23
 266              	.L24:
  97:../src/middleware/bacnet/src/sbuf.c ****                 b->data[offset] = *data;
 267              		.loc 1 97 18
 268 005c 833784FD 		ld	a5,-40(s0)
 269 0060 9863     		ld	a4,0(a5)
 270              		.loc 1 97 24
 271 0062 836744FD 		lwu	a5,-44(s0)
 272 0066 BA97     		add	a5,a4,a5
 273              		.loc 1 97 35
 274 0068 033784FC 		ld	a4,-56(s0)
 275 006c 03070700 		lb	a4,0(a4)
 276              		.loc 1 97 33
 277 0070 2380E700 		sb	a4,0(a5)
  98:../src/middleware/bacnet/src/sbuf.c ****                 offset++;
 278              		.loc 1 98 23
 279 0074 832744FD 		lw	a5,-44(s0)
 280 0078 8527     		addiw	a5,a5,1
 281 007a 232AF4FC 		sw	a5,-44(s0)
  99:../src/middleware/bacnet/src/sbuf.c ****                 data++;
 282              		.loc 1 99 21
 283 007e 833784FC 		ld	a5,-56(s0)
 284 0082 8507     		addi	a5,a5,1
 285 0084 2334F4FC 		sd	a5,-56(s0)
 100:../src/middleware/bacnet/src/sbuf.c ****                 data_size--;
 286              		.loc 1 100 26
 287 0088 832704FD 		lw	a5,-48(s0)
 288 008c FD37     		addiw	a5,a5,-1
 289 008e 2328F4FC 		sw	a5,-48(s0)
 290              	.L23:
  96:../src/middleware/bacnet/src/sbuf.c ****                 b->data[offset] = *data;
 291              		.loc 1 96 19
 292 0092 832704FD 		lw	a5,-48(s0)
 293 0096 8127     		sext.w	a5,a5
 294 0098 F1F3     		bne	a5,zero,.L24
 101:../src/middleware/bacnet/src/sbuf.c ****             }
 102:../src/middleware/bacnet/src/sbuf.c ****             status = true;
 295              		.loc 1 102 20
 296 009a 8547     		li	a5,1
 297 009c A307F4FE 		sb	a5,-17(s0)
 298              	.L22:
 103:../src/middleware/bacnet/src/sbuf.c ****         }
 104:../src/middleware/bacnet/src/sbuf.c ****     }
 105:../src/middleware/bacnet/src/sbuf.c **** 
 106:../src/middleware/bacnet/src/sbuf.c ****     return status;
 299              		.loc 1 106 12
 300 00a0 8347F4FE 		lbu	a5,-17(s0)
 107:../src/middleware/bacnet/src/sbuf.c **** }
 301              		.loc 1 107 1
 302 00a4 3E85     		mv	a0,a5
 303 00a6 6274     		ld	s0,56(sp)
 304              		.cfi_restore 8
 305              		.cfi_def_cfa 2, 64
 306 00a8 2161     		addi	sp,sp,64
 307              		.cfi_def_cfa_offset 0
 308 00aa 8280     		jr	ra
 309              		.cfi_endproc
 310              	.LFE5:
 312              		.section	.text.sbuf_append,"ax",@progbits
 313              		.align	1
 314              		.globl	sbuf_append
 316              	sbuf_append:
 317              	.LFB6:
 108:../src/middleware/bacnet/src/sbuf.c **** 
 109:../src/middleware/bacnet/src/sbuf.c **** /* returns true if successful, false if not enough room to append data */
 110:../src/middleware/bacnet/src/sbuf.c **** bool sbuf_append(
 111:../src/middleware/bacnet/src/sbuf.c ****     STATIC_BUFFER * b,  /* static buffer structure */
 112:../src/middleware/bacnet/src/sbuf.c ****     char *data, /* data to place in buffer */
 113:../src/middleware/bacnet/src/sbuf.c ****     unsigned data_size)
 114:../src/middleware/bacnet/src/sbuf.c **** {       /* how many bytes to add */
 318              		.loc 1 114 1
 319              		.cfi_startproc
 320 0000 3971     		addi	sp,sp,-64
 321              		.cfi_def_cfa_offset 64
 322 0002 06FC     		sd	ra,56(sp)
 323 0004 22F8     		sd	s0,48(sp)
 324              		.cfi_offset 1, -8
 325              		.cfi_offset 8, -16
 326 0006 8000     		addi	s0,sp,64
 327              		.cfi_def_cfa 8, 0
 328 0008 233CA4FC 		sd	a0,-40(s0)
 329 000c 2338B4FC 		sd	a1,-48(s0)
 330 0010 B287     		mv	a5,a2
 331 0012 2326F4FC 		sw	a5,-52(s0)
 115:../src/middleware/bacnet/src/sbuf.c ****     unsigned count = 0;
 332              		.loc 1 115 14
 333 0016 232604FE 		sw	zero,-20(s0)
 116:../src/middleware/bacnet/src/sbuf.c **** 
 117:../src/middleware/bacnet/src/sbuf.c ****     if (b) {
 334              		.loc 1 117 8
 335 001a 833784FD 		ld	a5,-40(s0)
 336 001e 91C7     		beq	a5,zero,.L27
 118:../src/middleware/bacnet/src/sbuf.c ****         count = b->count;
 337              		.loc 1 118 15
 338 0020 833784FD 		ld	a5,-40(s0)
 339 0024 DC47     		lw	a5,12(a5)
 340 0026 2326F4FE 		sw	a5,-20(s0)
 341              	.L27:
 119:../src/middleware/bacnet/src/sbuf.c ****     }
 120:../src/middleware/bacnet/src/sbuf.c **** 
 121:../src/middleware/bacnet/src/sbuf.c ****     return sbuf_put(b, count, data, data_size);
 342              		.loc 1 121 12
 343 002a 0327C4FC 		lw	a4,-52(s0)
 344 002e 8327C4FE 		lw	a5,-20(s0)
 345 0032 BA86     		mv	a3,a4
 346 0034 033604FD 		ld	a2,-48(s0)
 347 0038 BE85     		mv	a1,a5
 348 003a 033584FD 		ld	a0,-40(s0)
 349 003e 97000000 		call	sbuf_put
 349      E7800000 
 350 0046 AA87     		mv	a5,a0
 122:../src/middleware/bacnet/src/sbuf.c **** }
 351              		.loc 1 122 1
 352 0048 3E85     		mv	a0,a5
 353 004a E270     		ld	ra,56(sp)
 354              		.cfi_restore 1
 355 004c 4274     		ld	s0,48(sp)
 356              		.cfi_restore 8
 357              		.cfi_def_cfa 2, 64
 358 004e 2161     		addi	sp,sp,64
 359              		.cfi_def_cfa_offset 0
 360 0050 8280     		jr	ra
 361              		.cfi_endproc
 362              	.LFE6:
 364              		.section	.text.sbuf_truncate,"ax",@progbits
 365              		.align	1
 366              		.globl	sbuf_truncate
 368              	sbuf_truncate:
 369              	.LFB7:
 123:../src/middleware/bacnet/src/sbuf.c **** 
 124:../src/middleware/bacnet/src/sbuf.c **** /* returns true if successful, false if not enough room to append data */
 125:../src/middleware/bacnet/src/sbuf.c **** bool sbuf_truncate(
 126:../src/middleware/bacnet/src/sbuf.c ****     STATIC_BUFFER * b,  /* static buffer structure */
 127:../src/middleware/bacnet/src/sbuf.c ****     unsigned count)
 128:../src/middleware/bacnet/src/sbuf.c **** {       /* total number of bytes in to remove */
 370              		.loc 1 128 1
 371              		.cfi_startproc
 372 0000 7971     		addi	sp,sp,-48
 373              		.cfi_def_cfa_offset 48
 374 0002 22F4     		sd	s0,40(sp)
 375              		.cfi_offset 8, -8
 376 0004 0018     		addi	s0,sp,48
 377              		.cfi_def_cfa 8, 0
 378 0006 233CA4FC 		sd	a0,-40(s0)
 379 000a AE87     		mv	a5,a1
 380 000c 232AF4FC 		sw	a5,-44(s0)
 129:../src/middleware/bacnet/src/sbuf.c ****     bool status = false;        /* return value */
 381              		.loc 1 129 10
 382 0010 A30704FE 		sb	zero,-17(s0)
 130:../src/middleware/bacnet/src/sbuf.c **** 
 131:../src/middleware/bacnet/src/sbuf.c ****     if (b) {
 383              		.loc 1 131 8
 384 0014 833784FD 		ld	a5,-40(s0)
 385 0018 8DC3     		beq	a5,zero,.L30
 132:../src/middleware/bacnet/src/sbuf.c ****         if (count < b->size) {
 386              		.loc 1 132 22
 387 001a 833784FD 		ld	a5,-40(s0)
 388 001e 9847     		lw	a4,8(a5)
 389              		.loc 1 132 12
 390 0020 832744FD 		lw	a5,-44(s0)
 391 0024 8127     		sext.w	a5,a5
 392 0026 63FAE700 		bgeu	a5,a4,.L30
 133:../src/middleware/bacnet/src/sbuf.c ****             b->count = count;
 393              		.loc 1 133 22
 394 002a 833784FD 		ld	a5,-40(s0)
 395 002e 032744FD 		lw	a4,-44(s0)
 396 0032 D8C7     		sw	a4,12(a5)
 134:../src/middleware/bacnet/src/sbuf.c ****             status = true;
 397              		.loc 1 134 20
 398 0034 8547     		li	a5,1
 399 0036 A307F4FE 		sb	a5,-17(s0)
 400              	.L30:
 135:../src/middleware/bacnet/src/sbuf.c ****         }
 136:../src/middleware/bacnet/src/sbuf.c ****     }
 137:../src/middleware/bacnet/src/sbuf.c **** 
 138:../src/middleware/bacnet/src/sbuf.c ****     return status;
 401              		.loc 1 138 12
 402 003a 8347F4FE 		lbu	a5,-17(s0)
 139:../src/middleware/bacnet/src/sbuf.c **** }
 403              		.loc 1 139 1
 404 003e 3E85     		mv	a0,a5
 405 0040 2274     		ld	s0,40(sp)
 406              		.cfi_restore 8
 407              		.cfi_def_cfa 2, 48
 408 0042 4561     		addi	sp,sp,48
 409              		.cfi_def_cfa_offset 0
 410 0044 8280     		jr	ra
 411              		.cfi_endproc
 412              	.LFE7:
 414              		.text
 415              	.Letext0:
 416              		.file 2 "C:\\Users\\zero6575\\Libero\\fpga_labor\\fpga_labor\\software\\mpfs-mac-mcc-stack\\src\\m
DEFINED SYMBOLS
                            *ABS*:0000000000000000 sbuf.c
C:\Users\zero6575\AppData\Local\Temp\cc5MPIsB.s:13     .text.sbuf_init:0000000000000000 sbuf_init
C:\Users\zero6575\AppData\Local\Temp\cc5MPIsB.s:17     .text.sbuf_init:0000000000000000 .L0 
C:\Users\zero6575\AppData\Local\Temp\cc5MPIsB.s:18     .text.sbuf_init:0000000000000000 .L0 
C:\Users\zero6575\AppData\Local\Temp\cc5MPIsB.s:19     .text.sbuf_init:0000000000000002 .L0 
C:\Users\zero6575\AppData\Local\Temp\cc5MPIsB.s:21     .text.sbuf_init:0000000000000004 .L0 
C:\Users\zero6575\AppData\Local\Temp\cc5MPIsB.s:23     .text.sbuf_init:0000000000000006 .L0 
C:\Users\zero6575\AppData\Local\Temp\cc5MPIsB.s:29     .text.sbuf_init:0000000000000014 .L0 
C:\Users\zero6575\AppData\Local\Temp\cc5MPIsB.s:32     .text.sbuf_init:000000000000001a .L0 
C:\Users\zero6575\AppData\Local\Temp\cc5MPIsB.s:36     .text.sbuf_init:0000000000000024 .L0 
C:\Users\zero6575\AppData\Local\Temp\cc5MPIsB.s:40     .text.sbuf_init:000000000000002e .L0 
C:\Users\zero6575\AppData\Local\Temp\cc5MPIsB.s:43     .text.sbuf_init:0000000000000036 .L0 
C:\Users\zero6575\AppData\Local\Temp\cc5MPIsB.s:47     .text.sbuf_init:000000000000003a .L0 
C:\Users\zero6575\AppData\Local\Temp\cc5MPIsB.s:48     .text.sbuf_init:000000000000003c .L0 
C:\Users\zero6575\AppData\Local\Temp\cc5MPIsB.s:49     .text.sbuf_init:000000000000003c .L0 
C:\Users\zero6575\AppData\Local\Temp\cc5MPIsB.s:51     .text.sbuf_init:000000000000003e .L0 
C:\Users\zero6575\AppData\Local\Temp\cc5MPIsB.s:53     .text.sbuf_init:0000000000000040 .L0 
C:\Users\zero6575\AppData\Local\Temp\cc5MPIsB.s:60     .text.sbuf_empty:0000000000000000 sbuf_empty
C:\Users\zero6575\AppData\Local\Temp\cc5MPIsB.s:63     .text.sbuf_empty:0000000000000000 .L0 
C:\Users\zero6575\AppData\Local\Temp\cc5MPIsB.s:64     .text.sbuf_empty:0000000000000000 .L0 
C:\Users\zero6575\AppData\Local\Temp\cc5MPIsB.s:65     .text.sbuf_empty:0000000000000002 .L0 
C:\Users\zero6575\AppData\Local\Temp\cc5MPIsB.s:67     .text.sbuf_empty:0000000000000004 .L0 
C:\Users\zero6575\AppData\Local\Temp\cc5MPIsB.s:69     .text.sbuf_empty:0000000000000006 .L0 
C:\Users\zero6575\AppData\Local\Temp\cc5MPIsB.s:72     .text.sbuf_empty:000000000000000a .L0 
C:\Users\zero6575\AppData\Local\Temp\cc5MPIsB.s:75     .text.sbuf_empty:0000000000000010 .L0 
C:\Users\zero6575\AppData\Local\Temp\cc5MPIsB.s:78     .text.sbuf_empty:0000000000000016 .L0 
C:\Users\zero6575\AppData\Local\Temp\cc5MPIsB.s:80     .text.sbuf_empty:0000000000000018 .L0 
C:\Users\zero6575\AppData\Local\Temp\cc5MPIsB.s:84     .text.sbuf_empty:000000000000001c .L0 
C:\Users\zero6575\AppData\Local\Temp\cc5MPIsB.s:87     .text.sbuf_empty:000000000000001e .L0 
C:\Users\zero6575\AppData\Local\Temp\cc5MPIsB.s:90     .text.sbuf_empty:0000000000000024 .L0 
C:\Users\zero6575\AppData\Local\Temp\cc5MPIsB.s:92     .text.sbuf_empty:0000000000000028 .L0 
C:\Users\zero6575\AppData\Local\Temp\cc5MPIsB.s:93     .text.sbuf_empty:0000000000000028 .L0 
C:\Users\zero6575\AppData\Local\Temp\cc5MPIsB.s:95     .text.sbuf_empty:000000000000002a .L0 
C:\Users\zero6575\AppData\Local\Temp\cc5MPIsB.s:97     .text.sbuf_empty:000000000000002c .L0 
C:\Users\zero6575\AppData\Local\Temp\cc5MPIsB.s:104    .text.sbuf_data:0000000000000000 sbuf_data
C:\Users\zero6575\AppData\Local\Temp\cc5MPIsB.s:107    .text.sbuf_data:0000000000000000 .L0 
C:\Users\zero6575\AppData\Local\Temp\cc5MPIsB.s:108    .text.sbuf_data:0000000000000000 .L0 
C:\Users\zero6575\AppData\Local\Temp\cc5MPIsB.s:109    .text.sbuf_data:0000000000000002 .L0 
C:\Users\zero6575\AppData\Local\Temp\cc5MPIsB.s:111    .text.sbuf_data:0000000000000004 .L0 
C:\Users\zero6575\AppData\Local\Temp\cc5MPIsB.s:113    .text.sbuf_data:0000000000000006 .L0 
C:\Users\zero6575\AppData\Local\Temp\cc5MPIsB.s:116    .text.sbuf_data:000000000000000a .L0 
C:\Users\zero6575\AppData\Local\Temp\cc5MPIsB.s:119    .text.sbuf_data:0000000000000010 .L0 
C:\Users\zero6575\AppData\Local\Temp\cc5MPIsB.s:124    .text.sbuf_data:0000000000000018 .L0 
C:\Users\zero6575\AppData\Local\Temp\cc5MPIsB.s:127    .text.sbuf_data:000000000000001a .L0 
C:\Users\zero6575\AppData\Local\Temp\cc5MPIsB.s:129    .text.sbuf_data:000000000000001e .L0 
C:\Users\zero6575\AppData\Local\Temp\cc5MPIsB.s:130    .text.sbuf_data:000000000000001e .L0 
C:\Users\zero6575\AppData\Local\Temp\cc5MPIsB.s:132    .text.sbuf_data:0000000000000020 .L0 
C:\Users\zero6575\AppData\Local\Temp\cc5MPIsB.s:134    .text.sbuf_data:0000000000000022 .L0 
C:\Users\zero6575\AppData\Local\Temp\cc5MPIsB.s:141    .text.sbuf_size:0000000000000000 sbuf_size
C:\Users\zero6575\AppData\Local\Temp\cc5MPIsB.s:144    .text.sbuf_size:0000000000000000 .L0 
C:\Users\zero6575\AppData\Local\Temp\cc5MPIsB.s:145    .text.sbuf_size:0000000000000000 .L0 
C:\Users\zero6575\AppData\Local\Temp\cc5MPIsB.s:146    .text.sbuf_size:0000000000000002 .L0 
C:\Users\zero6575\AppData\Local\Temp\cc5MPIsB.s:148    .text.sbuf_size:0000000000000004 .L0 
C:\Users\zero6575\AppData\Local\Temp\cc5MPIsB.s:150    .text.sbuf_size:0000000000000006 .L0 
C:\Users\zero6575\AppData\Local\Temp\cc5MPIsB.s:153    .text.sbuf_size:000000000000000a .L0 
C:\Users\zero6575\AppData\Local\Temp\cc5MPIsB.s:156    .text.sbuf_size:0000000000000010 .L0 
C:\Users\zero6575\AppData\Local\Temp\cc5MPIsB.s:161    .text.sbuf_size:0000000000000018 .L0 
C:\Users\zero6575\AppData\Local\Temp\cc5MPIsB.s:164    .text.sbuf_size:000000000000001a .L0 
C:\Users\zero6575\AppData\Local\Temp\cc5MPIsB.s:166    .text.sbuf_size:000000000000001c .L0 
C:\Users\zero6575\AppData\Local\Temp\cc5MPIsB.s:168    .text.sbuf_size:0000000000000020 .L0 
C:\Users\zero6575\AppData\Local\Temp\cc5MPIsB.s:169    .text.sbuf_size:0000000000000020 .L0 
C:\Users\zero6575\AppData\Local\Temp\cc5MPIsB.s:171    .text.sbuf_size:0000000000000022 .L0 
C:\Users\zero6575\AppData\Local\Temp\cc5MPIsB.s:173    .text.sbuf_size:0000000000000024 .L0 
C:\Users\zero6575\AppData\Local\Temp\cc5MPIsB.s:180    .text.sbuf_count:0000000000000000 sbuf_count
C:\Users\zero6575\AppData\Local\Temp\cc5MPIsB.s:183    .text.sbuf_count:0000000000000000 .L0 
C:\Users\zero6575\AppData\Local\Temp\cc5MPIsB.s:184    .text.sbuf_count:0000000000000000 .L0 
C:\Users\zero6575\AppData\Local\Temp\cc5MPIsB.s:185    .text.sbuf_count:0000000000000002 .L0 
C:\Users\zero6575\AppData\Local\Temp\cc5MPIsB.s:187    .text.sbuf_count:0000000000000004 .L0 
C:\Users\zero6575\AppData\Local\Temp\cc5MPIsB.s:189    .text.sbuf_count:0000000000000006 .L0 
C:\Users\zero6575\AppData\Local\Temp\cc5MPIsB.s:192    .text.sbuf_count:000000000000000a .L0 
C:\Users\zero6575\AppData\Local\Temp\cc5MPIsB.s:195    .text.sbuf_count:0000000000000010 .L0 
C:\Users\zero6575\AppData\Local\Temp\cc5MPIsB.s:200    .text.sbuf_count:0000000000000018 .L0 
C:\Users\zero6575\AppData\Local\Temp\cc5MPIsB.s:203    .text.sbuf_count:000000000000001a .L0 
C:\Users\zero6575\AppData\Local\Temp\cc5MPIsB.s:205    .text.sbuf_count:000000000000001c .L0 
C:\Users\zero6575\AppData\Local\Temp\cc5MPIsB.s:207    .text.sbuf_count:0000000000000020 .L0 
C:\Users\zero6575\AppData\Local\Temp\cc5MPIsB.s:208    .text.sbuf_count:0000000000000020 .L0 
C:\Users\zero6575\AppData\Local\Temp\cc5MPIsB.s:210    .text.sbuf_count:0000000000000022 .L0 
C:\Users\zero6575\AppData\Local\Temp\cc5MPIsB.s:212    .text.sbuf_count:0000000000000024 .L0 
C:\Users\zero6575\AppData\Local\Temp\cc5MPIsB.s:219    .text.sbuf_put:0000000000000000 sbuf_put
C:\Users\zero6575\AppData\Local\Temp\cc5MPIsB.s:222    .text.sbuf_put:0000000000000000 .L0 
C:\Users\zero6575\AppData\Local\Temp\cc5MPIsB.s:223    .text.sbuf_put:0000000000000000 .L0 
C:\Users\zero6575\AppData\Local\Temp\cc5MPIsB.s:224    .text.sbuf_put:0000000000000002 .L0 
C:\Users\zero6575\AppData\Local\Temp\cc5MPIsB.s:226    .text.sbuf_put:0000000000000004 .L0 
C:\Users\zero6575\AppData\Local\Temp\cc5MPIsB.s:228    .text.sbuf_put:0000000000000006 .L0 
C:\Users\zero6575\AppData\Local\Temp\cc5MPIsB.s:237    .text.sbuf_put:000000000000001c .L0 
C:\Users\zero6575\AppData\Local\Temp\cc5MPIsB.s:239    .text.sbuf_put:0000000000000020 .L0 
C:\Users\zero6575\AppData\Local\Temp\cc5MPIsB.s:242    .text.sbuf_put:0000000000000026 .L0 
C:\Users\zero6575\AppData\Local\Temp\cc5MPIsB.s:245    .text.sbuf_put:000000000000002c .L0 
C:\Users\zero6575\AppData\Local\Temp\cc5MPIsB.s:247    .text.sbuf_put:000000000000002e .L0 
C:\Users\zero6575\AppData\Local\Temp\cc5MPIsB.s:252    .text.sbuf_put:000000000000003c .L0 
C:\Users\zero6575\AppData\Local\Temp\cc5MPIsB.s:255    .text.sbuf_put:0000000000000042 .L0 
C:\Users\zero6575\AppData\Local\Temp\cc5MPIsB.s:257    .text.sbuf_put:0000000000000046 .L0 
C:\Users\zero6575\AppData\Local\Temp\cc5MPIsB.s:262    .text.sbuf_put:0000000000000054 .L0 
C:\Users\zero6575\AppData\Local\Temp\cc5MPIsB.s:265    .text.sbuf_put:000000000000005a .L0 
C:\Users\zero6575\AppData\Local\Temp\cc5MPIsB.s:268    .text.sbuf_put:000000000000005c .L0 
C:\Users\zero6575\AppData\Local\Temp\cc5MPIsB.s:271    .text.sbuf_put:0000000000000062 .L0 
C:\Users\zero6575\AppData\Local\Temp\cc5MPIsB.s:274    .text.sbuf_put:0000000000000068 .L0 
C:\Users\zero6575\AppData\Local\Temp\cc5MPIsB.s:277    .text.sbuf_put:0000000000000070 .L0 
C:\Users\zero6575\AppData\Local\Temp\cc5MPIsB.s:279    .text.sbuf_put:0000000000000074 .L0 
C:\Users\zero6575\AppData\Local\Temp\cc5MPIsB.s:283    .text.sbuf_put:000000000000007e .L0 
C:\Users\zero6575\AppData\Local\Temp\cc5MPIsB.s:287    .text.sbuf_put:0000000000000088 .L0 
C:\Users\zero6575\AppData\Local\Temp\cc5MPIsB.s:292    .text.sbuf_put:0000000000000092 .L0 
C:\Users\zero6575\AppData\Local\Temp\cc5MPIsB.s:296    .text.sbuf_put:000000000000009a .L0 
C:\Users\zero6575\AppData\Local\Temp\cc5MPIsB.s:300    .text.sbuf_put:00000000000000a0 .L0 
C:\Users\zero6575\AppData\Local\Temp\cc5MPIsB.s:302    .text.sbuf_put:00000000000000a4 .L0 
C:\Users\zero6575\AppData\Local\Temp\cc5MPIsB.s:304    .text.sbuf_put:00000000000000a8 .L0 
C:\Users\zero6575\AppData\Local\Temp\cc5MPIsB.s:305    .text.sbuf_put:00000000000000a8 .L0 
C:\Users\zero6575\AppData\Local\Temp\cc5MPIsB.s:307    .text.sbuf_put:00000000000000aa .L0 
C:\Users\zero6575\AppData\Local\Temp\cc5MPIsB.s:309    .text.sbuf_put:00000000000000ac .L0 
C:\Users\zero6575\AppData\Local\Temp\cc5MPIsB.s:316    .text.sbuf_append:0000000000000000 sbuf_append
C:\Users\zero6575\AppData\Local\Temp\cc5MPIsB.s:319    .text.sbuf_append:0000000000000000 .L0 
C:\Users\zero6575\AppData\Local\Temp\cc5MPIsB.s:320    .text.sbuf_append:0000000000000000 .L0 
C:\Users\zero6575\AppData\Local\Temp\cc5MPIsB.s:321    .text.sbuf_append:0000000000000002 .L0 
C:\Users\zero6575\AppData\Local\Temp\cc5MPIsB.s:324    .text.sbuf_append:0000000000000006 .L0 
C:\Users\zero6575\AppData\Local\Temp\cc5MPIsB.s:325    .text.sbuf_append:0000000000000006 .L0 
C:\Users\zero6575\AppData\Local\Temp\cc5MPIsB.s:327    .text.sbuf_append:0000000000000008 .L0 
C:\Users\zero6575\AppData\Local\Temp\cc5MPIsB.s:333    .text.sbuf_append:0000000000000016 .L0 
C:\Users\zero6575\AppData\Local\Temp\cc5MPIsB.s:335    .text.sbuf_append:000000000000001a .L0 
C:\Users\zero6575\AppData\Local\Temp\cc5MPIsB.s:338    .text.sbuf_append:0000000000000020 .L0 
C:\Users\zero6575\AppData\Local\Temp\cc5MPIsB.s:343    .text.sbuf_append:000000000000002a .L0 
C:\Users\zero6575\AppData\Local\Temp\cc5MPIsB.s:352    .text.sbuf_append:0000000000000048 .L0 
C:\Users\zero6575\AppData\Local\Temp\cc5MPIsB.s:354    .text.sbuf_append:000000000000004c .L0 
C:\Users\zero6575\AppData\Local\Temp\cc5MPIsB.s:356    .text.sbuf_append:000000000000004e .L0 
C:\Users\zero6575\AppData\Local\Temp\cc5MPIsB.s:357    .text.sbuf_append:000000000000004e .L0 
C:\Users\zero6575\AppData\Local\Temp\cc5MPIsB.s:359    .text.sbuf_append:0000000000000050 .L0 
C:\Users\zero6575\AppData\Local\Temp\cc5MPIsB.s:361    .text.sbuf_append:0000000000000052 .L0 
C:\Users\zero6575\AppData\Local\Temp\cc5MPIsB.s:368    .text.sbuf_truncate:0000000000000000 sbuf_truncate
C:\Users\zero6575\AppData\Local\Temp\cc5MPIsB.s:371    .text.sbuf_truncate:0000000000000000 .L0 
C:\Users\zero6575\AppData\Local\Temp\cc5MPIsB.s:372    .text.sbuf_truncate:0000000000000000 .L0 
C:\Users\zero6575\AppData\Local\Temp\cc5MPIsB.s:373    .text.sbuf_truncate:0000000000000002 .L0 
C:\Users\zero6575\AppData\Local\Temp\cc5MPIsB.s:375    .text.sbuf_truncate:0000000000000004 .L0 
C:\Users\zero6575\AppData\Local\Temp\cc5MPIsB.s:377    .text.sbuf_truncate:0000000000000006 .L0 
C:\Users\zero6575\AppData\Local\Temp\cc5MPIsB.s:382    .text.sbuf_truncate:0000000000000010 .L0 
C:\Users\zero6575\AppData\Local\Temp\cc5MPIsB.s:384    .text.sbuf_truncate:0000000000000014 .L0 
C:\Users\zero6575\AppData\Local\Temp\cc5MPIsB.s:387    .text.sbuf_truncate:000000000000001a .L0 
C:\Users\zero6575\AppData\Local\Temp\cc5MPIsB.s:390    .text.sbuf_truncate:0000000000000020 .L0 
C:\Users\zero6575\AppData\Local\Temp\cc5MPIsB.s:394    .text.sbuf_truncate:000000000000002a .L0 
C:\Users\zero6575\AppData\Local\Temp\cc5MPIsB.s:398    .text.sbuf_truncate:0000000000000034 .L0 
C:\Users\zero6575\AppData\Local\Temp\cc5MPIsB.s:402    .text.sbuf_truncate:000000000000003a .L0 
C:\Users\zero6575\AppData\Local\Temp\cc5MPIsB.s:404    .text.sbuf_truncate:000000000000003e .L0 
C:\Users\zero6575\AppData\Local\Temp\cc5MPIsB.s:406    .text.sbuf_truncate:0000000000000042 .L0 
C:\Users\zero6575\AppData\Local\Temp\cc5MPIsB.s:407    .text.sbuf_truncate:0000000000000042 .L0 
C:\Users\zero6575\AppData\Local\Temp\cc5MPIsB.s:409    .text.sbuf_truncate:0000000000000044 .L0 
C:\Users\zero6575\AppData\Local\Temp\cc5MPIsB.s:411    .text.sbuf_truncate:0000000000000046 .L0 
C:\Users\zero6575\AppData\Local\Temp\cc5MPIsB.s:56     .text.sbuf_init:0000000000000040 .L0 
C:\Users\zero6575\AppData\Local\Temp\cc5MPIsB.s:100    .text.sbuf_empty:000000000000002c .L0 
C:\Users\zero6575\AppData\Local\Temp\cc5MPIsB.s:137    .text.sbuf_data:0000000000000022 .L0 
C:\Users\zero6575\AppData\Local\Temp\cc5MPIsB.s:176    .text.sbuf_size:0000000000000024 .L0 
C:\Users\zero6575\AppData\Local\Temp\cc5MPIsB.s:215    .text.sbuf_count:0000000000000024 .L0 
C:\Users\zero6575\AppData\Local\Temp\cc5MPIsB.s:312    .text.sbuf_put:00000000000000ac .L0 
C:\Users\zero6575\AppData\Local\Temp\cc5MPIsB.s:364    .text.sbuf_append:0000000000000052 .L0 
C:\Users\zero6575\AppData\Local\Temp\cc5MPIsB.s:414    .text.sbuf_truncate:0000000000000046 .L0 
                     .debug_frame:0000000000000000 .L0 
C:\Users\zero6575\AppData\Local\Temp\cc5MPIsB.s:44     .text.sbuf_init:0000000000000038 .L4
C:\Users\zero6575\AppData\Local\Temp\cc5MPIsB.s:82     .text.sbuf_empty:000000000000001c .L6
C:\Users\zero6575\AppData\Local\Temp\cc5MPIsB.s:85     .text.sbuf_empty:000000000000001e .L7
C:\Users\zero6575\AppData\Local\Temp\cc5MPIsB.s:122    .text.sbuf_data:0000000000000018 .L10
C:\Users\zero6575\AppData\Local\Temp\cc5MPIsB.s:125    .text.sbuf_data:000000000000001a .L12
C:\Users\zero6575\AppData\Local\Temp\cc5MPIsB.s:159    .text.sbuf_size:0000000000000018 .L14
C:\Users\zero6575\AppData\Local\Temp\cc5MPIsB.s:162    .text.sbuf_size:000000000000001a .L15
C:\Users\zero6575\AppData\Local\Temp\cc5MPIsB.s:198    .text.sbuf_count:0000000000000018 .L18
C:\Users\zero6575\AppData\Local\Temp\cc5MPIsB.s:201    .text.sbuf_count:000000000000001a .L19
C:\Users\zero6575\AppData\Local\Temp\cc5MPIsB.s:298    .text.sbuf_put:00000000000000a0 .L22
C:\Users\zero6575\AppData\Local\Temp\cc5MPIsB.s:290    .text.sbuf_put:0000000000000092 .L23
C:\Users\zero6575\AppData\Local\Temp\cc5MPIsB.s:266    .text.sbuf_put:000000000000005c .L24
C:\Users\zero6575\AppData\Local\Temp\cc5MPIsB.s:341    .text.sbuf_append:000000000000002a .L27
C:\Users\zero6575\AppData\Local\Temp\cc5MPIsB.s:400    .text.sbuf_truncate:000000000000003a .L30
C:\Users\zero6575\AppData\Local\Temp\cc5MPIsB.s:793    .debug_abbrev:0000000000000000 .Ldebug_abbrev0
C:\Users\zero6575\AppData\Local\Temp\cc5MPIsB.s:3919   .debug_str:0000000000003189 .LASF581
C:\Users\zero6575\AppData\Local\Temp\cc5MPIsB.s:3427   .debug_str:0000000000001a0a .LASF582
C:\Users\zero6575\AppData\Local\Temp\cc5MPIsB.s:3563   .debug_str:0000000000002088 .LASF583
C:\Users\zero6575\AppData\Local\Temp\cc5MPIsB.s:1064   .debug_ranges:0000000000000000 .Ldebug_ranges0
C:\Users\zero6575\AppData\Local\Temp\cc5MPIsB.s:2907   .debug_line:0000000000000000 .Ldebug_line0
C:\Users\zero6575\AppData\Local\Temp\cc5MPIsB.s:1084   .debug_macro:0000000000000000 .Ldebug_macro0
C:\Users\zero6575\AppData\Local\Temp\cc5MPIsB.s:3973   .debug_str:00000000000034fa .LASF558
C:\Users\zero6575\AppData\Local\Temp\cc5MPIsB.s:3887   .debug_str:0000000000002fe7 .LASF559
C:\Users\zero6575\AppData\Local\Temp\cc5MPIsB.s:3719   .debug_str:0000000000002802 .LASF560
C:\Users\zero6575\AppData\Local\Temp\cc5MPIsB.s:3983   .debug_str:0000000000003560 .LASF561
C:\Users\zero6575\AppData\Local\Temp\cc5MPIsB.s:3009   .debug_str:00000000000005a3 .LASF562
C:\Users\zero6575\AppData\Local\Temp\cc5MPIsB.s:2911   .debug_str:0000000000000016 .LASF563
C:\Users\zero6575\AppData\Local\Temp\cc5MPIsB.s:3841   .debug_str:0000000000002dad .LASF564
C:\Users\zero6575\AppData\Local\Temp\cc5MPIsB.s:3501   .debug_str:0000000000001d35 .LASF565
C:\Users\zero6575\AppData\Local\Temp\cc5MPIsB.s:3665   .debug_str:000000000000253f .LASF566
C:\Users\zero6575\AppData\Local\Temp\cc5MPIsB.s:3231   .debug_str:0000000000001015 .LASF584
C:\Users\zero6575\AppData\Local\Temp\cc5MPIsB.s:3433   .debug_str:0000000000001a59 .LASF567
C:\Users\zero6575\AppData\Local\Temp\cc5MPIsB.s:3165   .debug_str:0000000000000d0d .LASF568
C:\Users\zero6575\AppData\Local\Temp\cc5MPIsB.s:3187   .debug_str:0000000000000df6 .LASF569
C:\Users\zero6575\AppData\Local\Temp\cc5MPIsB.s:3397   .debug_str:00000000000018d7 .LASF386
C:\Users\zero6575\AppData\Local\Temp\cc5MPIsB.s:4015   .debug_str:0000000000003712 .LASF585
C:\Users\zero6575\AppData\Local\Temp\cc5MPIsB.s:3163   .debug_str:0000000000000cff .LASF571
C:\Users\zero6575\AppData\Local\Temp\cc5MPIsB.s:369    .text.sbuf_truncate:0000000000000000 .LFB7
C:\Users\zero6575\AppData\Local\Temp\cc5MPIsB.s:412    .text.sbuf_truncate:0000000000000046 .LFE7
C:\Users\zero6575\AppData\Local\Temp\cc5MPIsB.s:3449   .debug_str:0000000000001b2e .LASF574
C:\Users\zero6575\AppData\Local\Temp\cc5MPIsB.s:3315   .debug_str:0000000000001409 .LASF570
C:\Users\zero6575\AppData\Local\Temp\cc5MPIsB.s:4065   .debug_str:00000000000039da .LASF572
C:\Users\zero6575\AppData\Local\Temp\cc5MPIsB.s:317    .text.sbuf_append:0000000000000000 .LFB6
C:\Users\zero6575\AppData\Local\Temp\cc5MPIsB.s:362    .text.sbuf_append:0000000000000052 .LFE6
C:\Users\zero6575\AppData\Local\Temp\cc5MPIsB.s:3291   .debug_str:00000000000012f7 .LASF573
C:\Users\zero6575\AppData\Local\Temp\cc5MPIsB.s:3125   .debug_str:0000000000000b6b .LASF575
C:\Users\zero6575\AppData\Local\Temp\cc5MPIsB.s:220    .text.sbuf_put:0000000000000000 .LFB5
C:\Users\zero6575\AppData\Local\Temp\cc5MPIsB.s:310    .text.sbuf_put:00000000000000ac .LFE5
C:\Users\zero6575\AppData\Local\Temp\cc5MPIsB.s:3301   .debug_str:0000000000001350 .LASF576
C:\Users\zero6575\AppData\Local\Temp\cc5MPIsB.s:3873   .debug_str:0000000000002f5b .LASF577
C:\Users\zero6575\AppData\Local\Temp\cc5MPIsB.s:181    .text.sbuf_count:0000000000000000 .LFB4
C:\Users\zero6575\AppData\Local\Temp\cc5MPIsB.s:213    .text.sbuf_count:0000000000000024 .LFE4
C:\Users\zero6575\AppData\Local\Temp\cc5MPIsB.s:3407   .debug_str:0000000000001937 .LASF578
C:\Users\zero6575\AppData\Local\Temp\cc5MPIsB.s:142    .text.sbuf_size:0000000000000000 .LFB3
C:\Users\zero6575\AppData\Local\Temp\cc5MPIsB.s:174    .text.sbuf_size:0000000000000024 .LFE3
C:\Users\zero6575\AppData\Local\Temp\cc5MPIsB.s:3417   .debug_str:00000000000019a1 .LASF579
C:\Users\zero6575\AppData\Local\Temp\cc5MPIsB.s:105    .text.sbuf_data:0000000000000000 .LFB2
C:\Users\zero6575\AppData\Local\Temp\cc5MPIsB.s:135    .text.sbuf_data:0000000000000022 .LFE2
C:\Users\zero6575\AppData\Local\Temp\cc5MPIsB.s:3353   .debug_str:000000000000162e .LASF580
C:\Users\zero6575\AppData\Local\Temp\cc5MPIsB.s:61     .text.sbuf_empty:0000000000000000 .LFB1
C:\Users\zero6575\AppData\Local\Temp\cc5MPIsB.s:98     .text.sbuf_empty:000000000000002c .LFE1
C:\Users\zero6575\AppData\Local\Temp\cc5MPIsB.s:3813   .debug_str:0000000000002c8e .LASF586
C:\Users\zero6575\AppData\Local\Temp\cc5MPIsB.s:14     .text.sbuf_init:0000000000000000 .LFB0
C:\Users\zero6575\AppData\Local\Temp\cc5MPIsB.s:54     .text.sbuf_init:0000000000000040 .LFE0
C:\Users\zero6575\AppData\Local\Temp\cc5MPIsB.s:418    .debug_info:0000000000000000 .Ldebug_info0
C:\Users\zero6575\AppData\Local\Temp\cc5MPIsB.s:1176   .debug_macro:0000000000000000 .Ldebug_macro2
C:\Users\zero6575\AppData\Local\Temp\cc5MPIsB.s:3281   .debug_str:000000000000129a .LASF342
C:\Users\zero6575\AppData\Local\Temp\cc5MPIsB.s:3489   .debug_str:0000000000001ccf .LASF343
C:\Users\zero6575\AppData\Local\Temp\cc5MPIsB.s:3205   .debug_str:0000000000000ed2 .LASF344
C:\Users\zero6575\AppData\Local\Temp\cc5MPIsB.s:2207   .debug_macro:0000000000000000 .Ldebug_macro3
C:\Users\zero6575\AppData\Local\Temp\cc5MPIsB.s:2227   .debug_macro:0000000000000000 .Ldebug_macro4
C:\Users\zero6575\AppData\Local\Temp\cc5MPIsB.s:2292   .debug_macro:0000000000000000 .Ldebug_macro5
C:\Users\zero6575\AppData\Local\Temp\cc5MPIsB.s:2333   .debug_macro:0000000000000000 .Ldebug_macro6
C:\Users\zero6575\AppData\Local\Temp\cc5MPIsB.s:2455   .debug_macro:0000000000000000 .Ldebug_macro7
C:\Users\zero6575\AppData\Local\Temp\cc5MPIsB.s:2511   .debug_macro:0000000000000000 .Ldebug_macro8
C:\Users\zero6575\AppData\Local\Temp\cc5MPIsB.s:3273   .debug_str:0000000000001242 .LASF498
C:\Users\zero6575\AppData\Local\Temp\cc5MPIsB.s:2723   .debug_macro:0000000000000000 .Ldebug_macro9
C:\Users\zero6575\AppData\Local\Temp\cc5MPIsB.s:2743   .debug_macro:0000000000000000 .Ldebug_macro10
C:\Users\zero6575\AppData\Local\Temp\cc5MPIsB.s:2969   .debug_str:0000000000000347 .LASF557
C:\Users\zero6575\AppData\Local\Temp\cc5MPIsB.s:3567   .debug_str:00000000000020fd .LASF0
C:\Users\zero6575\AppData\Local\Temp\cc5MPIsB.s:3451   .debug_str:0000000000001b35 .LASF1
C:\Users\zero6575\AppData\Local\Temp\cc5MPIsB.s:3615   .debug_str:00000000000022e7 .LASF2
C:\Users\zero6575\AppData\Local\Temp\cc5MPIsB.s:3099   .debug_str:0000000000000a18 .LASF3
C:\Users\zero6575\AppData\Local\Temp\cc5MPIsB.s:3857   .debug_str:0000000000002e94 .LASF4
C:\Users\zero6575\AppData\Local\Temp\cc5MPIsB.s:3029   .debug_str:00000000000006fb .LASF5
C:\Users\zero6575\AppData\Local\Temp\cc5MPIsB.s:3001   .debug_str:0000000000000549 .LASF6
C:\Users\zero6575\AppData\Local\Temp\cc5MPIsB.s:3599   .debug_str:000000000000224a .LASF7
C:\Users\zero6575\AppData\Local\Temp\cc5MPIsB.s:3791   .debug_str:0000000000002b7d .LASF8
C:\Users\zero6575\AppData\Local\Temp\cc5MPIsB.s:3121   .debug_str:0000000000000b4f .LASF9
C:\Users\zero6575\AppData\Local\Temp\cc5MPIsB.s:3065   .debug_str:000000000000085a .LASF10
C:\Users\zero6575\AppData\Local\Temp\cc5MPIsB.s:3655   .debug_str:00000000000024d4 .LASF11
C:\Users\zero6575\AppData\Local\Temp\cc5MPIsB.s:3047   .debug_str:00000000000007b5 .LASF12
C:\Users\zero6575\AppData\Local\Temp\cc5MPIsB.s:3883   .debug_str:0000000000002fc4 .LASF13
C:\Users\zero6575\AppData\Local\Temp\cc5MPIsB.s:3575   .debug_str:000000000000213a .LASF14
C:\Users\zero6575\AppData\Local\Temp\cc5MPIsB.s:3515   .debug_str:0000000000001df7 .LASF15
C:\Users\zero6575\AppData\Local\Temp\cc5MPIsB.s:3493   .debug_str:0000000000001cfe .LASF16
C:\Users\zero6575\AppData\Local\Temp\cc5MPIsB.s:3483   .debug_str:0000000000001c94 .LASF17
C:\Users\zero6575\AppData\Local\Temp\cc5MPIsB.s:3713   .debug_str:00000000000027a7 .LASF18
C:\Users\zero6575\AppData\Local\Temp\cc5MPIsB.s:3573   .debug_str:0000000000002128 .LASF19
C:\Users\zero6575\AppData\Local\Temp\cc5MPIsB.s:3785   .debug_str:0000000000002b37 .LASF20
C:\Users\zero6575\AppData\Local\Temp\cc5MPIsB.s:3067   .debug_str:000000000000086d .LASF21
C:\Users\zero6575\AppData\Local\Temp\cc5MPIsB.s:3987   .debug_str:0000000000003590 .LASF22
C:\Users\zero6575\AppData\Local\Temp\cc5MPIsB.s:3597   .debug_str:0000000000002236 .LASF23
C:\Users\zero6575\AppData\Local\Temp\cc5MPIsB.s:3227   .debug_str:0000000000000fe3 .LASF24
C:\Users\zero6575\AppData\Local\Temp\cc5MPIsB.s:3023   .debug_str:00000000000006b0 .LASF25
C:\Users\zero6575\AppData\Local\Temp\cc5MPIsB.s:3503   .debug_str:0000000000001d43 .LASF26
C:\Users\zero6575\AppData\Local\Temp\cc5MPIsB.s:3989   .debug_str:00000000000035a3 .LASF27
C:\Users\zero6575\AppData\Local\Temp\cc5MPIsB.s:3267   .debug_str:00000000000011f6 .LASF28
C:\Users\zero6575\AppData\Local\Temp\cc5MPIsB.s:3027   .debug_str:00000000000006e1 .LASF29
C:\Users\zero6575\AppData\Local\Temp\cc5MPIsB.s:3697   .debug_str:00000000000026cc .LASF30
C:\Users\zero6575\AppData\Local\Temp\cc5MPIsB.s:3083   .debug_str:0000000000000937 .LASF31
C:\Users\zero6575\AppData\Local\Temp\cc5MPIsB.s:3637   .debug_str:00000000000023d1 .LASF32
C:\Users\zero6575\AppData\Local\Temp\cc5MPIsB.s:3809   .debug_str:0000000000002c3a .LASF33
C:\Users\zero6575\AppData\Local\Temp\cc5MPIsB.s:3385   .debug_str:000000000000181d .LASF34
C:\Users\zero6575\AppData\Local\Temp\cc5MPIsB.s:3959   .debug_str:0000000000003432 .LASF35
C:\Users\zero6575\AppData\Local\Temp\cc5MPIsB.s:3211   .debug_str:0000000000000f17 .LASF36
C:\Users\zero6575\AppData\Local\Temp\cc5MPIsB.s:3585   .debug_str:00000000000021ab .LASF37
C:\Users\zero6575\AppData\Local\Temp\cc5MPIsB.s:3241   .debug_str:000000000000108e .LASF38
C:\Users\zero6575\AppData\Local\Temp\cc5MPIsB.s:3671   .debug_str:0000000000002579 .LASF39
C:\Users\zero6575\AppData\Local\Temp\cc5MPIsB.s:3021   .debug_str:000000000000068d .LASF40
C:\Users\zero6575\AppData\Local\Temp\cc5MPIsB.s:3733   .debug_str:00000000000028b7 .LASF41
C:\Users\zero6575\AppData\Local\Temp\cc5MPIsB.s:4059   .debug_str:0000000000003982 .LASF42
C:\Users\zero6575\AppData\Local\Temp\cc5MPIsB.s:3755   .debug_str:000000000000299c .LASF43
C:\Users\zero6575\AppData\Local\Temp\cc5MPIsB.s:3051   .debug_str:00000000000007d8 .LASF44
C:\Users\zero6575\AppData\Local\Temp\cc5MPIsB.s:3283   .debug_str:00000000000012a5 .LASF45
C:\Users\zero6575\AppData\Local\Temp\cc5MPIsB.s:3893   .debug_str:0000000000003023 .LASF46
C:\Users\zero6575\AppData\Local\Temp\cc5MPIsB.s:3787   .debug_str:0000000000002b4e .LASF47
C:\Users\zero6575\AppData\Local\Temp\cc5MPIsB.s:3341   .debug_str:0000000000001555 .LASF48
C:\Users\zero6575\AppData\Local\Temp\cc5MPIsB.s:3767   .debug_str:0000000000002a39 .LASF49
C:\Users\zero6575\AppData\Local\Temp\cc5MPIsB.s:3071   .debug_str:0000000000000896 .LASF50
C:\Users\zero6575\AppData\Local\Temp\cc5MPIsB.s:3073   .debug_str:00000000000008b8 .LASF51
C:\Users\zero6575\AppData\Local\Temp\cc5MPIsB.s:3461   .debug_str:0000000000001bb2 .LASF52
C:\Users\zero6575\AppData\Local\Temp\cc5MPIsB.s:3147   .debug_str:0000000000000c6b .LASF53
C:\Users\zero6575\AppData\Local\Temp\cc5MPIsB.s:3091   .debug_str:00000000000009bb .LASF54
C:\Users\zero6575\AppData\Local\Temp\cc5MPIsB.s:3511   .debug_str:0000000000001dcc .LASF55
C:\Users\zero6575\AppData\Local\Temp\cc5MPIsB.s:3355   .debug_str:0000000000001639 .LASF56
C:\Users\zero6575\AppData\Local\Temp\cc5MPIsB.s:3079   .debug_str:00000000000008fc .LASF57
C:\Users\zero6575\AppData\Local\Temp\cc5MPIsB.s:3917   .debug_str:0000000000003161 .LASF58
C:\Users\zero6575\AppData\Local\Temp\cc5MPIsB.s:3233   .debug_str:0000000000001025 .LASF59
C:\Users\zero6575\AppData\Local\Temp\cc5MPIsB.s:3335   .debug_str:0000000000001513 .LASF60
C:\Users\zero6575\AppData\Local\Temp\cc5MPIsB.s:3955   .debug_str:0000000000003402 .LASF61
C:\Users\zero6575\AppData\Local\Temp\cc5MPIsB.s:3445   .debug_str:0000000000001af6 .LASF62
C:\Users\zero6575\AppData\Local\Temp\cc5MPIsB.s:3421   .debug_str:00000000000019c0 .LASF63
C:\Users\zero6575\AppData\Local\Temp\cc5MPIsB.s:3869   .debug_str:0000000000002f11 .LASF64
C:\Users\zero6575\AppData\Local\Temp\cc5MPIsB.s:3729   .debug_str:000000000000287e .LASF65
C:\Users\zero6575\AppData\Local\Temp\cc5MPIsB.s:4037   .debug_str:0000000000003839 .LASF66
C:\Users\zero6575\AppData\Local\Temp\cc5MPIsB.s:3245   .debug_str:00000000000010c5 .LASF67
C:\Users\zero6575\AppData\Local\Temp\cc5MPIsB.s:3541   .debug_str:0000000000001f66 .LASF68
C:\Users\zero6575\AppData\Local\Temp\cc5MPIsB.s:3871   .debug_str:0000000000002f33 .LASF69
C:\Users\zero6575\AppData\Local\Temp\cc5MPIsB.s:2977   .debug_str:00000000000003b0 .LASF70
C:\Users\zero6575\AppData\Local\Temp\cc5MPIsB.s:3401   .debug_str:00000000000018f4 .LASF71
C:\Users\zero6575\AppData\Local\Temp\cc5MPIsB.s:3107   .debug_str:0000000000000a84 .LASF72
C:\Users\zero6575\AppData\Local\Temp\cc5MPIsB.s:3693   .debug_str:0000000000002697 .LASF73
C:\Users\zero6575\AppData\Local\Temp\cc5MPIsB.s:3045   .debug_str:000000000000079e .LASF74
C:\Users\zero6575\AppData\Local\Temp\cc5MPIsB.s:3723   .debug_str:000000000000282a .LASF75
C:\Users\zero6575\AppData\Local\Temp\cc5MPIsB.s:3351   .debug_str:0000000000001607 .LASF76
C:\Users\zero6575\AppData\Local\Temp\cc5MPIsB.s:3817   .debug_str:0000000000002ca8 .LASF77
C:\Users\zero6575\AppData\Local\Temp\cc5MPIsB.s:3093   .debug_str:00000000000009d9 .LASF78
C:\Users\zero6575\AppData\Local\Temp\cc5MPIsB.s:3757   .debug_str:00000000000029b6 .LASF79
C:\Users\zero6575\AppData\Local\Temp\cc5MPIsB.s:3605   .debug_str:0000000000002287 .LASF80
C:\Users\zero6575\AppData\Local\Temp\cc5MPIsB.s:3459   .debug_str:0000000000001b8e .LASF81
C:\Users\zero6575\AppData\Local\Temp\cc5MPIsB.s:3925   .debug_str:000000000000328d .LASF82
C:\Users\zero6575\AppData\Local\Temp\cc5MPIsB.s:3591   .debug_str:00000000000021f3 .LASF83
C:\Users\zero6575\AppData\Local\Temp\cc5MPIsB.s:3789   .debug_str:0000000000002b6b .LASF84
C:\Users\zero6575\AppData\Local\Temp\cc5MPIsB.s:3825   .debug_str:0000000000002cff .LASF85
C:\Users\zero6575\AppData\Local\Temp\cc5MPIsB.s:3875   .debug_str:0000000000002f66 .LASF86
C:\Users\zero6575\AppData\Local\Temp\cc5MPIsB.s:3015   .debug_str:0000000000000613 .LASF87
C:\Users\zero6575\AppData\Local\Temp\cc5MPIsB.s:3345   .debug_str:00000000000015b2 .LASF88
C:\Users\zero6575\AppData\Local\Temp\cc5MPIsB.s:3703   .debug_str:0000000000002716 .LASF89
C:\Users\zero6575\AppData\Local\Temp\cc5MPIsB.s:4033   .debug_str:0000000000003805 .LASF90
C:\Users\zero6575\AppData\Local\Temp\cc5MPIsB.s:3861   .debug_str:0000000000002ebb .LASF91
C:\Users\zero6575\AppData\Local\Temp\cc5MPIsB.s:3375   .debug_str:0000000000001796 .LASF92
C:\Users\zero6575\AppData\Local\Temp\cc5MPIsB.s:3419   .debug_str:00000000000019ab .LASF93
C:\Users\zero6575\AppData\Local\Temp\cc5MPIsB.s:3911   .debug_str:0000000000003123 .LASF94
C:\Users\zero6575\AppData\Local\Temp\cc5MPIsB.s:3731   .debug_str:00000000000028a0 .LASF95
C:\Users\zero6575\AppData\Local\Temp\cc5MPIsB.s:3453   .debug_str:0000000000001b4e .LASF96
C:\Users\zero6575\AppData\Local\Temp\cc5MPIsB.s:3721   .debug_str:000000000000280c .LASF97
C:\Users\zero6575\AppData\Local\Temp\cc5MPIsB.s:3649   .debug_str:0000000000002477 .LASF98
C:\Users\zero6575\AppData\Local\Temp\cc5MPIsB.s:3685   .debug_str:0000000000002628 .LASF99
C:\Users\zero6575\AppData\Local\Temp\cc5MPIsB.s:3213   .debug_str:0000000000000f2a .LASF100
C:\Users\zero6575\AppData\Local\Temp\cc5MPIsB.s:3587   .debug_str:00000000000021c6 .LASF101
C:\Users\zero6575\AppData\Local\Temp\cc5MPIsB.s:3651   .debug_str:00000000000024a4 .LASF102
C:\Users\zero6575\AppData\Local\Temp\cc5MPIsB.s:3659   .debug_str:00000000000024f7 .LASF103
C:\Users\zero6575\AppData\Local\Temp\cc5MPIsB.s:3437   .debug_str:0000000000001a75 .LASF104
C:\Users\zero6575\AppData\Local\Temp\cc5MPIsB.s:3439   .debug_str:0000000000001a88 .LASF105
C:\Users\zero6575\AppData\Local\Temp\cc5MPIsB.s:3297   .debug_str:0000000000001329 .LASF106
C:\Users\zero6575\AppData\Local\Temp\cc5MPIsB.s:3007   .debug_str:000000000000057f .LASF107
C:\Users\zero6575\AppData\Local\Temp\cc5MPIsB.s:3475   .debug_str:0000000000001c54 .LASF108
C:\Users\zero6575\AppData\Local\Temp\cc5MPIsB.s:3471   .debug_str:0000000000001c2b .LASF109
C:\Users\zero6575\AppData\Local\Temp\cc5MPIsB.s:3435   .debug_str:0000000000001a5e .LASF110
C:\Users\zero6575\AppData\Local\Temp\cc5MPIsB.s:3103   .debug_str:0000000000000a52 .LASF111
C:\Users\zero6575\AppData\Local\Temp\cc5MPIsB.s:3543   .debug_str:0000000000001f89 .LASF112
C:\Users\zero6575\AppData\Local\Temp\cc5MPIsB.s:3149   .debug_str:0000000000000c84 .LASF113
C:\Users\zero6575\AppData\Local\Temp\cc5MPIsB.s:4035   .debug_str:000000000000381a .LASF114
C:\Users\zero6575\AppData\Local\Temp\cc5MPIsB.s:3749   .debug_str:000000000000296d .LASF115
C:\Users\zero6575\AppData\Local\Temp\cc5MPIsB.s:3907   .debug_str:00000000000030e2 .LASF116
C:\Users\zero6575\AppData\Local\Temp\cc5MPIsB.s:3681   .debug_str:00000000000025ed .LASF117
C:\Users\zero6575\AppData\Local\Temp\cc5MPIsB.s:3953   .debug_str:00000000000033ee .LASF118
C:\Users\zero6575\AppData\Local\Temp\cc5MPIsB.s:3261   .debug_str:0000000000001185 .LASF119
C:\Users\zero6575\AppData\Local\Temp\cc5MPIsB.s:3207   .debug_str:0000000000000ee3 .LASF120
C:\Users\zero6575\AppData\Local\Temp\cc5MPIsB.s:3601   .debug_str:0000000000002260 .LASF121
C:\Users\zero6575\AppData\Local\Temp\cc5MPIsB.s:3201   .debug_str:0000000000000e8d .LASF122
C:\Users\zero6575\AppData\Local\Temp\cc5MPIsB.s:3657   .debug_str:00000000000024e7 .LASF123
C:\Users\zero6575\AppData\Local\Temp\cc5MPIsB.s:4017   .debug_str:0000000000003720 .LASF124
C:\Users\zero6575\AppData\Local\Temp\cc5MPIsB.s:3593   .debug_str:0000000000002205 .LASF125
C:\Users\zero6575\AppData\Local\Temp\cc5MPIsB.s:3531   .debug_str:0000000000001eb4 .LASF126
C:\Users\zero6575\AppData\Local\Temp\cc5MPIsB.s:3037   .debug_str:0000000000000728 .LASF127
C:\Users\zero6575\AppData\Local\Temp\cc5MPIsB.s:3025   .debug_str:00000000000006c4 .LASF128
C:\Users\zero6575\AppData\Local\Temp\cc5MPIsB.s:3999   .debug_str:000000000000364c .LASF129
C:\Users\zero6575\AppData\Local\Temp\cc5MPIsB.s:3179   .debug_str:0000000000000d9c .LASF130
C:\Users\zero6575\AppData\Local\Temp\cc5MPIsB.s:2935   .debug_str:0000000000000159 .LASF131
C:\Users\zero6575\AppData\Local\Temp\cc5MPIsB.s:3551   .debug_str:0000000000001ff4 .LASF132
C:\Users\zero6575\AppData\Local\Temp\cc5MPIsB.s:3581   .debug_str:000000000000217b .LASF133
C:\Users\zero6575\AppData\Local\Temp\cc5MPIsB.s:2973   .debug_str:0000000000000367 .LASF134
C:\Users\zero6575\AppData\Local\Temp\cc5MPIsB.s:4079   .debug_str:0000000000003a5e .LASF135
C:\Users\zero6575\AppData\Local\Temp\cc5MPIsB.s:3317   .debug_str:000000000000140f .LASF136
C:\Users\zero6575\AppData\Local\Temp\cc5MPIsB.s:3387   .debug_str:000000000000183d .LASF137
C:\Users\zero6575\AppData\Local\Temp\cc5MPIsB.s:3773   .debug_str:0000000000002a93 .LASF138
C:\Users\zero6575\AppData\Local\Temp\cc5MPIsB.s:3203   .debug_str:0000000000000ea9 .LASF139
C:\Users\zero6575\AppData\Local\Temp\cc5MPIsB.s:2947   .debug_str:000000000000023f .LASF140
C:\Users\zero6575\AppData\Local\Temp\cc5MPIsB.s:3745   .debug_str:000000000000294b .LASF141
C:\Users\zero6575\AppData\Local\Temp\cc5MPIsB.s:3189   .debug_str:0000000000000dfc .LASF142
C:\Users\zero6575\AppData\Local\Temp\cc5MPIsB.s:3457   .debug_str:0000000000001b7e .LASF143
C:\Users\zero6575\AppData\Local\Temp\cc5MPIsB.s:3627   .debug_str:0000000000002358 .LASF144
C:\Users\zero6575\AppData\Local\Temp\cc5MPIsB.s:3413   .debug_str:0000000000001973 .LASF145
C:\Users\zero6575\AppData\Local\Temp\cc5MPIsB.s:3949   .debug_str:00000000000033b6 .LASF146
C:\Users\zero6575\AppData\Local\Temp\cc5MPIsB.s:3899   .debug_str:0000000000003083 .LASF147
C:\Users\zero6575\AppData\Local\Temp\cc5MPIsB.s:3223   .debug_str:0000000000000f8e .LASF148
C:\Users\zero6575\AppData\Local\Temp\cc5MPIsB.s:3821   .debug_str:0000000000002cd6 .LASF149
C:\Users\zero6575\AppData\Local\Temp\cc5MPIsB.s:3177   .debug_str:0000000000000d8e .LASF150
C:\Users\zero6575\AppData\Local\Temp\cc5MPIsB.s:4003   .debug_str:0000000000003682 .LASF151
C:\Users\zero6575\AppData\Local\Temp\cc5MPIsB.s:3943   .debug_str:000000000000336f .LASF152
C:\Users\zero6575\AppData\Local\Temp\cc5MPIsB.s:3881   .debug_str:0000000000002fb0 .LASF153
C:\Users\zero6575\AppData\Local\Temp\cc5MPIsB.s:3357   .debug_str:0000000000001662 .LASF154
C:\Users\zero6575\AppData\Local\Temp\cc5MPIsB.s:3699   .debug_str:00000000000026e6 .LASF155
C:\Users\zero6575\AppData\Local\Temp\cc5MPIsB.s:3391   .debug_str:0000000000001877 .LASF156
C:\Users\zero6575\AppData\Local\Temp\cc5MPIsB.s:3895   .debug_str:000000000000303b .LASF157
C:\Users\zero6575\AppData\Local\Temp\cc5MPIsB.s:3111   .debug_str:0000000000000ad8 .LASF158
C:\Users\zero6575\AppData\Local\Temp\cc5MPIsB.s:3019   .debug_str:000000000000064f .LASF159
C:\Users\zero6575\AppData\Local\Temp\cc5MPIsB.s:4077   .debug_str:0000000000003a49 .LASF160
C:\Users\zero6575\AppData\Local\Temp\cc5MPIsB.s:3555   .debug_str:000000000000202d .LASF161
C:\Users\zero6575\AppData\Local\Temp\cc5MPIsB.s:3957   .debug_str:000000000000341a .LASF162
C:\Users\zero6575\AppData\Local\Temp\cc5MPIsB.s:3041   .debug_str:000000000000074f .LASF163
C:\Users\zero6575\AppData\Local\Temp\cc5MPIsB.s:4073   .debug_str:0000000000003a24 .LASF164
C:\Users\zero6575\AppData\Local\Temp\cc5MPIsB.s:2971   .debug_str:000000000000034f .LASF165
C:\Users\zero6575\AppData\Local\Temp\cc5MPIsB.s:3395   .debug_str:00000000000018bd .LASF166
C:\Users\zero6575\AppData\Local\Temp\cc5MPIsB.s:3571   .debug_str:0000000000002113 .LASF167
C:\Users\zero6575\AppData\Local\Temp\cc5MPIsB.s:3979   .debug_str:000000000000353d .LASF168
C:\Users\zero6575\AppData\Local\Temp\cc5MPIsB.s:4081   .debug_str:0000000000003a76 .LASF169
C:\Users\zero6575\AppData\Local\Temp\cc5MPIsB.s:3329   .debug_str:00000000000014b2 .LASF170
C:\Users\zero6575\AppData\Local\Temp\cc5MPIsB.s:3505   .debug_str:0000000000001d52 .LASF171
C:\Users\zero6575\AppData\Local\Temp\cc5MPIsB.s:4053   .debug_str:0000000000003913 .LASF172
C:\Users\zero6575\AppData\Local\Temp\cc5MPIsB.s:2943   .debug_str:00000000000001f0 .LASF173
C:\Users\zero6575\AppData\Local\Temp\cc5MPIsB.s:4021   .debug_str:000000000000375b .LASF174
C:\Users\zero6575\AppData\Local\Temp\cc5MPIsB.s:3951   .debug_str:00000000000033d7 .LASF175
C:\Users\zero6575\AppData\Local\Temp\cc5MPIsB.s:3229   .debug_str:0000000000000ffd .LASF176
C:\Users\zero6575\AppData\Local\Temp\cc5MPIsB.s:2957   .debug_str:00000000000002d0 .LASF177
C:\Users\zero6575\AppData\Local\Temp\cc5MPIsB.s:3885   .debug_str:0000000000002fd7 .LASF178
C:\Users\zero6575\AppData\Local\Temp\cc5MPIsB.s:3701   .debug_str:00000000000026fc .LASF179
C:\Users\zero6575\AppData\Local\Temp\cc5MPIsB.s:3403   .debug_str:000000000000190b .LASF180
C:\Users\zero6575\AppData\Local\Temp\cc5MPIsB.s:3239   .debug_str:0000000000001077 .LASF181
C:\Users\zero6575\AppData\Local\Temp\cc5MPIsB.s:4047   .debug_str:00000000000038a8 .LASF182
C:\Users\zero6575\AppData\Local\Temp\cc5MPIsB.s:3831   .debug_str:0000000000002d4b .LASF183
C:\Users\zero6575\AppData\Local\Temp\cc5MPIsB.s:3903   .debug_str:00000000000030a4 .LASF184
C:\Users\zero6575\AppData\Local\Temp\cc5MPIsB.s:3343   .debug_str:0000000000001578 .LASF185
C:\Users\zero6575\AppData\Local\Temp\cc5MPIsB.s:3085   .debug_str:000000000000095e .LASF186
C:\Users\zero6575\AppData\Local\Temp\cc5MPIsB.s:3359   .debug_str:0000000000001678 .LASF187
C:\Users\zero6575\AppData\Local\Temp\cc5MPIsB.s:3109   .debug_str:0000000000000a97 .LASF188
C:\Users\zero6575\AppData\Local\Temp\cc5MPIsB.s:4069   .debug_str:0000000000003a02 .LASF189
C:\Users\zero6575\AppData\Local\Temp\cc5MPIsB.s:3625   .debug_str:0000000000002340 .LASF190
C:\Users\zero6575\AppData\Local\Temp\cc5MPIsB.s:3753   .debug_str:0000000000002983 .LASF191
C:\Users\zero6575\AppData\Local\Temp\cc5MPIsB.s:2949   .debug_str:0000000000000262 .LASF192
C:\Users\zero6575\AppData\Local\Temp\cc5MPIsB.s:3405   .debug_str:0000000000001927 .LASF193
C:\Users\zero6575\AppData\Local\Temp\cc5MPIsB.s:3383   .debug_str:0000000000001804 .LASF194
C:\Users\zero6575\AppData\Local\Temp\cc5MPIsB.s:3087   .debug_str:0000000000000998 .LASF195
C:\Users\zero6575\AppData\Local\Temp\cc5MPIsB.s:3463   .debug_str:0000000000001bd1 .LASF196
C:\Users\zero6575\AppData\Local\Temp\cc5MPIsB.s:4029   .debug_str:00000000000037df .LASF197
C:\Users\zero6575\AppData\Local\Temp\cc5MPIsB.s:3337   .debug_str:000000000000152b .LASF198
C:\Users\zero6575\AppData\Local\Temp\cc5MPIsB.s:3043   .debug_str:0000000000000763 .LASF199
C:\Users\zero6575\AppData\Local\Temp\cc5MPIsB.s:4051   .debug_str:00000000000038d8 .LASF200
C:\Users\zero6575\AppData\Local\Temp\cc5MPIsB.s:3715   .debug_str:00000000000027b8 .LASF201
C:\Users\zero6575\AppData\Local\Temp\cc5MPIsB.s:3645   .debug_str:0000000000002427 .LASF202
C:\Users\zero6575\AppData\Local\Temp\cc5MPIsB.s:3105   .debug_str:0000000000000a6d .LASF203
C:\Users\zero6575\AppData\Local\Temp\cc5MPIsB.s:2919   .debug_str:000000000000007b .LASF204
C:\Users\zero6575\AppData\Local\Temp\cc5MPIsB.s:3197   .debug_str:0000000000000e57 .LASF205
C:\Users\zero6575\AppData\Local\Temp\cc5MPIsB.s:3075   .debug_str:00000000000008d8 .LASF206
C:\Users\zero6575\AppData\Local\Temp\cc5MPIsB.s:3117   .debug_str:0000000000000b34 .LASF207
C:\Users\zero6575\AppData\Local\Temp\cc5MPIsB.s:3945   .debug_str:0000000000003388 .LASF208
C:\Users\zero6575\AppData\Local\Temp\cc5MPIsB.s:3293   .debug_str:0000000000001301 .LASF209
C:\Users\zero6575\AppData\Local\Temp\cc5MPIsB.s:2925   .debug_str:00000000000000b2 .LASF210
C:\Users\zero6575\AppData\Local\Temp\cc5MPIsB.s:3265   .debug_str:00000000000011dd .LASF211
C:\Users\zero6575\AppData\Local\Temp\cc5MPIsB.s:3377   .debug_str:00000000000017b9 .LASF212
C:\Users\zero6575\AppData\Local\Temp\cc5MPIsB.s:3521   .debug_str:0000000000001e3a .LASF213
C:\Users\zero6575\AppData\Local\Temp\cc5MPIsB.s:3013   .debug_str:00000000000005d7 .LASF214
C:\Users\zero6575\AppData\Local\Temp\cc5MPIsB.s:3811   .debug_str:0000000000002c4f .LASF215
C:\Users\zero6575\AppData\Local\Temp\cc5MPIsB.s:4025   .debug_str:0000000000003782 .LASF216
C:\Users\zero6575\AppData\Local\Temp\cc5MPIsB.s:3409   .debug_str:0000000000001941 .LASF217
C:\Users\zero6575\AppData\Local\Temp\cc5MPIsB.s:3235   .debug_str:000000000000103c .LASF218
C:\Users\zero6575\AppData\Local\Temp\cc5MPIsB.s:2913   .debug_str:000000000000001f .LASF219
C:\Users\zero6575\AppData\Local\Temp\cc5MPIsB.s:2953   .debug_str:00000000000002a3 .LASF220
C:\Users\zero6575\AppData\Local\Temp\cc5MPIsB.s:3339   .debug_str:0000000000001543 .LASF221
C:\Users\zero6575\AppData\Local\Temp\cc5MPIsB.s:3193   .debug_str:0000000000000e2b .LASF222
C:\Users\zero6575\AppData\Local\Temp\cc5MPIsB.s:3635   .debug_str:00000000000023b3 .LASF223
C:\Users\zero6575\AppData\Local\Temp\cc5MPIsB.s:3305   .debug_str:000000000000138f .LASF224
C:\Users\zero6575\AppData\Local\Temp\cc5MPIsB.s:3323   .debug_str:0000000000001443 .LASF225
C:\Users\zero6575\AppData\Local\Temp\cc5MPIsB.s:3827   .debug_str:0000000000002d10 .LASF226
C:\Users\zero6575\AppData\Local\Temp\cc5MPIsB.s:3143   .debug_str:0000000000000c1b .LASF227
C:\Users\zero6575\AppData\Local\Temp\cc5MPIsB.s:3325   .debug_str:000000000000145e .LASF228
C:\Users\zero6575\AppData\Local\Temp\cc5MPIsB.s:3781   .debug_str:0000000000002ae6 .LASF229
C:\Users\zero6575\AppData\Local\Temp\cc5MPIsB.s:3993   .debug_str:00000000000035d5 .LASF230
C:\Users\zero6575\AppData\Local\Temp\cc5MPIsB.s:4063   .debug_str:00000000000039c2 .LASF231
C:\Users\zero6575\AppData\Local\Temp\cc5MPIsB.s:3133   .debug_str:0000000000000baf .LASF232
C:\Users\zero6575\AppData\Local\Temp\cc5MPIsB.s:3141   .debug_str:0000000000000c00 .LASF233
C:\Users\zero6575\AppData\Local\Temp\cc5MPIsB.s:3369   .debug_str:0000000000001749 .LASF234
C:\Users\zero6575\AppData\Local\Temp\cc5MPIsB.s:3487   .debug_str:0000000000001cbd .LASF235
C:\Users\zero6575\AppData\Local\Temp\cc5MPIsB.s:3741   .debug_str:000000000000291c .LASF236
C:\Users\zero6575\AppData\Local\Temp\cc5MPIsB.s:3727   .debug_str:0000000000002861 .LASF237
C:\Users\zero6575\AppData\Local\Temp\cc5MPIsB.s:2933   .debug_str:0000000000000141 .LASF238
C:\Users\zero6575\AppData\Local\Temp\cc5MPIsB.s:4019   .debug_str:0000000000003741 .LASF239
C:\Users\zero6575\AppData\Local\Temp\cc5MPIsB.s:2967   .debug_str:000000000000032d .LASF240
C:\Users\zero6575\AppData\Local\Temp\cc5MPIsB.s:2981   .debug_str:00000000000003f8 .LASF241
C:\Users\zero6575\AppData\Local\Temp\cc5MPIsB.s:3539   .debug_str:0000000000001f28 .LASF242
C:\Users\zero6575\AppData\Local\Temp\cc5MPIsB.s:3363   .debug_str:00000000000016dd .LASF243
C:\Users\zero6575\AppData\Local\Temp\cc5MPIsB.s:3225   .debug_str:0000000000000f9e .LASF244
C:\Users\zero6575\AppData\Local\Temp\cc5MPIsB.s:3415   .debug_str:0000000000001989 .LASF245
C:\Users\zero6575\AppData\Local\Temp\cc5MPIsB.s:3131   .debug_str:0000000000000b95 .LASF246
C:\Users\zero6575\AppData\Local\Temp\cc5MPIsB.s:3977   .debug_str:0000000000003522 .LASF247
C:\Users\zero6575\AppData\Local\Temp\cc5MPIsB.s:3583   .debug_str:0000000000002193 .LASF248
C:\Users\zero6575\AppData\Local\Temp\cc5MPIsB.s:3285   .debug_str:00000000000012b8 .LASF249
C:\Users\zero6575\AppData\Local\Temp\cc5MPIsB.s:3171   .debug_str:0000000000000d48 .LASF250
C:\Users\zero6575\AppData\Local\Temp\cc5MPIsB.s:3311   .debug_str:00000000000013db .LASF251
C:\Users\zero6575\AppData\Local\Temp\cc5MPIsB.s:3063   .debug_str:0000000000000841 .LASF252
C:\Users\zero6575\AppData\Local\Temp\cc5MPIsB.s:3629   .debug_str:0000000000002370 .LASF253
C:\Users\zero6575\AppData\Local\Temp\cc5MPIsB.s:3663   .debug_str:0000000000002525 .LASF254
C:\Users\zero6575\AppData\Local\Temp\cc5MPIsB.s:3263   .debug_str:000000000000119e .LASF255
C:\Users\zero6575\AppData\Local\Temp\cc5MPIsB.s:3705   .debug_str:0000000000002728 .LASF256
C:\Users\zero6575\AppData\Local\Temp\cc5MPIsB.s:2939   .debug_str:0000000000000195 .LASF257
C:\Users\zero6575\AppData\Local\Temp\cc5MPIsB.s:2929   .debug_str:00000000000000ed .LASF258
C:\Users\zero6575\AppData\Local\Temp\cc5MPIsB.s:3287   .debug_str:00000000000012ca .LASF259
C:\Users\zero6575\AppData\Local\Temp\cc5MPIsB.s:3737   .debug_str:00000000000028e9 .LASF260
C:\Users\zero6575\AppData\Local\Temp\cc5MPIsB.s:3553   .debug_str:0000000000002012 .LASF261
C:\Users\zero6575\AppData\Local\Temp\cc5MPIsB.s:3641   .debug_str:0000000000002405 .LASF262
C:\Users\zero6575\AppData\Local\Temp\cc5MPIsB.s:3889   .debug_str:0000000000002ff5 .LASF263
C:\Users\zero6575\AppData\Local\Temp\cc5MPIsB.s:3289   .debug_str:00000000000012e2 .LASF264
C:\Users\zero6575\AppData\Local\Temp\cc5MPIsB.s:3771   .debug_str:0000000000002a7d .LASF265
C:\Users\zero6575\AppData\Local\Temp\cc5MPIsB.s:3455   .debug_str:0000000000001b62 .LASF266
C:\Users\zero6575\AppData\Local\Temp\cc5MPIsB.s:3547   .debug_str:0000000000001fb4 .LASF267
C:\Users\zero6575\AppData\Local\Temp\cc5MPIsB.s:3549   .debug_str:0000000000001fcd .LASF268
C:\Users\zero6575\AppData\Local\Temp\cc5MPIsB.s:4075   .debug_str:0000000000003a33 .LASF269
C:\Users\zero6575\AppData\Local\Temp\cc5MPIsB.s:3425   .debug_str:00000000000019f1 .LASF270
C:\Users\zero6575\AppData\Local\Temp\cc5MPIsB.s:3725   .debug_str:000000000000284b .LASF271
C:\Users\zero6575\AppData\Local\Temp\cc5MPIsB.s:4049   .debug_str:00000000000038c1 .LASF272
C:\Users\zero6575\AppData\Local\Temp\cc5MPIsB.s:3247   .debug_str:00000000000010de .LASF273
C:\Users\zero6575\AppData\Local\Temp\cc5MPIsB.s:2941   .debug_str:00000000000001d6 .LASF274
C:\Users\zero6575\AppData\Local\Temp\cc5MPIsB.s:2917   .debug_str:000000000000004a .LASF275
C:\Users\zero6575\AppData\Local\Temp\cc5MPIsB.s:3277   .debug_str:000000000000126b .LASF276
C:\Users\zero6575\AppData\Local\Temp\cc5MPIsB.s:3209   .debug_str:0000000000000efc .LASF277
C:\Users\zero6575\AppData\Local\Temp\cc5MPIsB.s:3677   .debug_str:00000000000025c3 .LASF278
C:\Users\zero6575\AppData\Local\Temp\cc5MPIsB.s:3739   .debug_str:0000000000002903 .LASF279
C:\Users\zero6575\AppData\Local\Temp\cc5MPIsB.s:4009   .debug_str:00000000000036b0 .LASF280
C:\Users\zero6575\AppData\Local\Temp\cc5MPIsB.s:3215   .debug_str:0000000000000f3c .LASF281
C:\Users\zero6575\AppData\Local\Temp\cc5MPIsB.s:3965   .debug_str:0000000000003473 .LASF282
C:\Users\zero6575\AppData\Local\Temp\cc5MPIsB.s:4011   .debug_str:00000000000036ea .LASF283
C:\Users\zero6575\AppData\Local\Temp\cc5MPIsB.s:3839   .debug_str:0000000000002d96 .LASF284
C:\Users\zero6575\AppData\Local\Temp\cc5MPIsB.s:3347   .debug_str:00000000000015c5 .LASF285
C:\Users\zero6575\AppData\Local\Temp\cc5MPIsB.s:3371   .debug_str:0000000000001760 .LASF286
C:\Users\zero6575\AppData\Local\Temp\cc5MPIsB.s:3379   .debug_str:00000000000017d2 .LASF287
C:\Users\zero6575\AppData\Local\Temp\cc5MPIsB.s:3017   .debug_str:000000000000062a .LASF288
C:\Users\zero6575\AppData\Local\Temp\cc5MPIsB.s:3509   .debug_str:0000000000001dae .LASF289
C:\Users\zero6575\AppData\Local\Temp\cc5MPIsB.s:3465   .debug_str:0000000000001be7 .LASF290
C:\Users\zero6575\AppData\Local\Temp\cc5MPIsB.s:2975   .debug_str:000000000000038e .LASF291
C:\Users\zero6575\AppData\Local\Temp\cc5MPIsB.s:3845   .debug_str:0000000000002ddd .LASF292
C:\Users\zero6575\AppData\Local\Temp\cc5MPIsB.s:3695   .debug_str:00000000000026ab .LASF293
C:\Users\zero6575\AppData\Local\Temp\cc5MPIsB.s:3933   .debug_str:00000000000032f6 .LASF294
C:\Users\zero6575\AppData\Local\Temp\cc5MPIsB.s:3249   .debug_str:0000000000001104 .LASF295
C:\Users\zero6575\AppData\Local\Temp\cc5MPIsB.s:3485   .debug_str:0000000000001c9f .LASF296
C:\Users\zero6575\AppData\Local\Temp\cc5MPIsB.s:3879   .debug_str:0000000000002f91 .LASF297
C:\Users\zero6575\AppData\Local\Temp\cc5MPIsB.s:2937   .debug_str:0000000000000171 .LASF298
C:\Users\zero6575\AppData\Local\Temp\cc5MPIsB.s:3829   .debug_str:0000000000002d2a .LASF299
C:\Users\zero6575\AppData\Local\Temp\cc5MPIsB.s:3545   .debug_str:0000000000001f98 .LASF300
C:\Users\zero6575\AppData\Local\Temp\cc5MPIsB.s:4057   .debug_str:0000000000003966 .LASF301
C:\Users\zero6575\AppData\Local\Temp\cc5MPIsB.s:3137   .debug_str:0000000000000bd8 .LASF302
C:\Users\zero6575\AppData\Local\Temp\cc5MPIsB.s:3633   .debug_str:000000000000239e .LASF303
C:\Users\zero6575\AppData\Local\Temp\cc5MPIsB.s:2985   .debug_str:0000000000000450 .LASF304
C:\Users\zero6575\AppData\Local\Temp\cc5MPIsB.s:3271   .debug_str:000000000000122b .LASF305
C:\Users\zero6575\AppData\Local\Temp\cc5MPIsB.s:3963   .debug_str:0000000000003469 .LASF306
C:\Users\zero6575\AppData\Local\Temp\cc5MPIsB.s:3327   .debug_str:000000000000149d .LASF307
C:\Users\zero6575\AppData\Local\Temp\cc5MPIsB.s:3431   .debug_str:0000000000001a48 .LASF308
C:\Users\zero6575\AppData\Local\Temp\cc5MPIsB.s:3537   .debug_str:0000000000001f1a .LASF309
C:\Users\zero6575\AppData\Local\Temp\cc5MPIsB.s:3747   .debug_str:000000000000295f .LASF310
C:\Users\zero6575\AppData\Local\Temp\cc5MPIsB.s:3113   .debug_str:0000000000000b12 .LASF311
C:\Users\zero6575\AppData\Local\Temp\cc5MPIsB.s:3621   .debug_str:000000000000231f .LASF312
C:\Users\zero6575\AppData\Local\Temp\cc5MPIsB.s:3835   .debug_str:0000000000002d73 .LASF313
C:\Users\zero6575\AppData\Local\Temp\cc5MPIsB.s:2965   .debug_str:0000000000000315 .LASF314
C:\Users\zero6575\AppData\Local\Temp\cc5MPIsB.s:3331   .debug_str:00000000000014f4 .LASF315
C:\Users\zero6575\AppData\Local\Temp\cc5MPIsB.s:3477   .debug_str:0000000000001c6c .LASF316
C:\Users\zero6575\AppData\Local\Temp\cc5MPIsB.s:3833   .debug_str:0000000000002d5e .LASF317
C:\Users\zero6575\AppData\Local\Temp\cc5MPIsB.s:3469   .debug_str:0000000000001c15 .LASF318
C:\Users\zero6575\AppData\Local\Temp\cc5MPIsB.s:3923   .debug_str:0000000000003277 .LASF319
C:\Users\zero6575\AppData\Local\Temp\cc5MPIsB.s:3173   .debug_str:0000000000000d64 .LASF320
C:\Users\zero6575\AppData\Local\Temp\cc5MPIsB.s:3237   .debug_str:0000000000001055 .LASF321
C:\Users\zero6575\AppData\Local\Temp\cc5MPIsB.s:3259   .debug_str:000000000000117b .LASF322
C:\Users\zero6575\AppData\Local\Temp\cc5MPIsB.s:3609   .debug_str:00000000000022b5 .LASF323
C:\Users\zero6575\AppData\Local\Temp\cc5MPIsB.s:2955   .debug_str:00000000000002bb .LASF324
C:\Users\zero6575\AppData\Local\Temp\cc5MPIsB.s:3443   .debug_str:0000000000001ac9 .LASF325
C:\Users\zero6575\AppData\Local\Temp\cc5MPIsB.s:3169   .debug_str:0000000000000d23 .LASF326
C:\Users\zero6575\AppData\Local\Temp\cc5MPIsB.s:3863   .debug_str:0000000000002ecd .LASF327
C:\Users\zero6575\AppData\Local\Temp\cc5MPIsB.s:3667   .debug_str:000000000000254b .LASF328
C:\Users\zero6575\AppData\Local\Temp\cc5MPIsB.s:3153   .debug_str:0000000000000cb1 .LASF329
C:\Users\zero6575\AppData\Local\Temp\cc5MPIsB.s:3947   .debug_str:00000000000033a2 .LASF330
C:\Users\zero6575\AppData\Local\Temp\cc5MPIsB.s:3175   .debug_str:0000000000000d7d .LASF331
C:\Users\zero6575\AppData\Local\Temp\cc5MPIsB.s:3517   .debug_str:0000000000001e0e .LASF332
C:\Users\zero6575\AppData\Local\Temp\cc5MPIsB.s:2989   .debug_str:00000000000004b8 .LASF333
C:\Users\zero6575\AppData\Local\Temp\cc5MPIsB.s:3525   .debug_str:0000000000001e82 .LASF334
C:\Users\zero6575\AppData\Local\Temp\cc5MPIsB.s:3807   .debug_str:0000000000002c2a .LASF335
C:\Users\zero6575\AppData\Local\Temp\cc5MPIsB.s:3389   .debug_str:000000000000185d .LASF336
C:\Users\zero6575\AppData\Local\Temp\cc5MPIsB.s:3709   .debug_str:0000000000002779 .LASF337
C:\Users\zero6575\AppData\Local\Temp\cc5MPIsB.s:3849   .debug_str:0000000000002e25 .LASF338
C:\Users\zero6575\AppData\Local\Temp\cc5MPIsB.s:2909   .debug_str:0000000000000000 .LASF339
C:\Users\zero6575\AppData\Local\Temp\cc5MPIsB.s:3031   .debug_str:0000000000000706 .LASF340
C:\Users\zero6575\AppData\Local\Temp\cc5MPIsB.s:3779   .debug_str:0000000000002acf .LASF341
C:\Users\zero6575\AppData\Local\Temp\cc5MPIsB.s:3069   .debug_str:0000000000000880 .LASF345
C:\Users\zero6575\AppData\Local\Temp\cc5MPIsB.s:3003   .debug_str:000000000000055a .LASF346
C:\Users\zero6575\AppData\Local\Temp\cc5MPIsB.s:3221   .debug_str:0000000000000f81 .LASF347
C:\Users\zero6575\AppData\Local\Temp\cc5MPIsB.s:3683   .debug_str:0000000000002615 .LASF348
C:\Users\zero6575\AppData\Local\Temp\cc5MPIsB.s:3399   .debug_str:00000000000018dc .LASF349
C:\Users\zero6575\AppData\Local\Temp\cc5MPIsB.s:2987   .debug_str:0000000000000464 .LASF350
C:\Users\zero6575\AppData\Local\Temp\cc5MPIsB.s:3689   .debug_str:0000000000002661 .LASF351
C:\Users\zero6575\AppData\Local\Temp\cc5MPIsB.s:3815   .debug_str:0000000000002c98 .LASF352
C:\Users\zero6575\AppData\Local\Temp\cc5MPIsB.s:3803   .debug_str:0000000000002c0e .LASF353
C:\Users\zero6575\AppData\Local\Temp\cc5MPIsB.s:4031   .debug_str:00000000000037f7 .LASF354
C:\Users\zero6575\AppData\Local\Temp\cc5MPIsB.s:3935   .debug_str:0000000000003315 .LASF355
C:\Users\zero6575\AppData\Local\Temp\cc5MPIsB.s:3783   .debug_str:0000000000002b27 .LASF356
C:\Users\zero6575\AppData\Local\Temp\cc5MPIsB.s:3589   .debug_str:00000000000021db .LASF357
C:\Users\zero6575\AppData\Local\Temp\cc5MPIsB.s:3135   .debug_str:0000000000000bc9 .LASF358
C:\Users\zero6575\AppData\Local\Temp\cc5MPIsB.s:3145   .debug_str:0000000000000c5a .LASF359
C:\Users\zero6575\AppData\Local\Temp\cc5MPIsB.s:3711   .debug_str:0000000000002794 .LASF360
C:\Users\zero6575\AppData\Local\Temp\cc5MPIsB.s:3319   .debug_str:000000000000142e .LASF361
C:\Users\zero6575\AppData\Local\Temp\cc5MPIsB.s:3777   .debug_str:0000000000002abf .LASF362
C:\Users\zero6575\AppData\Local\Temp\cc5MPIsB.s:3823   .debug_str:0000000000002cea .LASF363
C:\Users\zero6575\AppData\Local\Temp\cc5MPIsB.s:3761   .debug_str:00000000000029e7 .LASF364
C:\Users\zero6575\AppData\Local\Temp\cc5MPIsB.s:3897   .debug_str:0000000000003072 .LASF365
C:\Users\zero6575\AppData\Local\Temp\cc5MPIsB.s:3653   .debug_str:00000000000024bd .LASF366
C:\Users\zero6575\AppData\Local\Temp\cc5MPIsB.s:3527   .debug_str:0000000000001e91 .LASF367
C:\Users\zero6575\AppData\Local\Temp\cc5MPIsB.s:3195   .debug_str:0000000000000e47 .LASF368
C:\Users\zero6575\AppData\Local\Temp\cc5MPIsB.s:3891   .debug_str:000000000000300d .LASF369
C:\Users\zero6575\AppData\Local\Temp\cc5MPIsB.s:3735   .debug_str:00000000000028d4 .LASF370
C:\Users\zero6575\AppData\Local\Temp\cc5MPIsB.s:3151   .debug_str:0000000000000c9d .LASF371
C:\Users\zero6575\AppData\Local\Temp\cc5MPIsB.s:3049   .debug_str:00000000000007c8 .LASF372
C:\Users\zero6575\AppData\Local\Temp\cc5MPIsB.s:3743   .debug_str:0000000000002937 .LASF373
C:\Users\zero6575\AppData\Local\Temp\cc5MPIsB.s:3481   .debug_str:0000000000001c7f .LASF374
C:\Users\zero6575\AppData\Local\Temp\cc5MPIsB.s:3333   .debug_str:00000000000014fe .LASF375
C:\Users\zero6575\AppData\Local\Temp\cc5MPIsB.s:3275   .debug_str:0000000000001256 .LASF376
C:\Users\zero6575\AppData\Local\Temp\cc5MPIsB.s:3937   .debug_str:0000000000003325 .LASF377
C:\Users\zero6575\AppData\Local\Temp\cc5MPIsB.s:3447   .debug_str:0000000000001b13 .LASF378
C:\Users\zero6575\AppData\Local\Temp\cc5MPIsB.s:3473   .debug_str:0000000000001c39 .LASF379
C:\Users\zero6575\AppData\Local\Temp\cc5MPIsB.s:3411   .debug_str:0000000000001958 .LASF380
C:\Users\zero6575\AppData\Local\Temp\cc5MPIsB.s:3929   .debug_str:00000000000032d8 .LASF381
C:\Users\zero6575\AppData\Local\Temp\cc5MPIsB.s:3423   .debug_str:00000000000019e1 .LASF382
C:\Users\zero6575\AppData\Local\Temp\cc5MPIsB.s:3595   .debug_str:000000000000221a .LASF383
C:\Users\zero6575\AppData\Local\Temp\cc5MPIsB.s:3751   .debug_str:000000000000297c .LASF384
C:\Users\zero6575\AppData\Local\Temp\cc5MPIsB.s:3059   .debug_str:0000000000000823 .LASF385
C:\Users\zero6575\AppData\Local\Temp\cc5MPIsB.s:2945   .debug_str:0000000000000239 .LASF387
C:\Users\zero6575\AppData\Local\Temp\cc5MPIsB.s:3089   .debug_str:00000000000009b3 .LASF388
C:\Users\zero6575\AppData\Local\Temp\cc5MPIsB.s:2961   .debug_str:00000000000002f1 .LASF389
C:\Users\zero6575\AppData\Local\Temp\cc5MPIsB.s:3183   .debug_str:0000000000000dc8 .LASF390
C:\Users\zero6575\AppData\Local\Temp\cc5MPIsB.s:3191   .debug_str:0000000000000e21 .LASF391
C:\Users\zero6575\AppData\Local\Temp\cc5MPIsB.s:3941   .debug_str:0000000000003363 .LASF392
C:\Users\zero6575\AppData\Local\Temp\cc5MPIsB.s:3095   .debug_str:00000000000009fc .LASF393
C:\Users\zero6575\AppData\Local\Temp\cc5MPIsB.s:3035   .debug_str:000000000000071f .LASF394
C:\Users\zero6575\AppData\Local\Temp\cc5MPIsB.s:3569   .debug_str:0000000000002108 .LASF395
C:\Users\zero6575\AppData\Local\Temp\cc5MPIsB.s:3127   .debug_str:0000000000000b74 .LASF396
C:\Users\zero6575\AppData\Local\Temp\cc5MPIsB.s:3155   .debug_str:0000000000000cc7 .LASF397
C:\Users\zero6575\AppData\Local\Temp\cc5MPIsB.s:3513   .debug_str:0000000000001def .LASF398
C:\Users\zero6575\AppData\Local\Temp\cc5MPIsB.s:3115   .debug_str:0000000000000b23 .LASF399
C:\Users\zero6575\AppData\Local\Temp\cc5MPIsB.s:3611   .debug_str:00000000000022c8 .LASF400
C:\Users\zero6575\AppData\Local\Temp\cc5MPIsB.s:3775   .debug_str:0000000000002ab3 .LASF401
C:\Users\zero6575\AppData\Local\Temp\cc5MPIsB.s:3971   .debug_str:00000000000034f1 .LASF402
C:\Users\zero6575\AppData\Local\Temp\cc5MPIsB.s:3717   .debug_str:00000000000027f6 .LASF403
C:\Users\zero6575\AppData\Local\Temp\cc5MPIsB.s:3691   .debug_str:000000000000268e .LASF404
C:\Users\zero6575\AppData\Local\Temp\cc5MPIsB.s:3837   .debug_str:0000000000002d8c .LASF405
C:\Users\zero6575\AppData\Local\Temp\cc5MPIsB.s:3119   .debug_str:0000000000000b45 .LASF406
C:\Users\zero6575\AppData\Local\Temp\cc5MPIsB.s:2921   .debug_str:0000000000000094 .LASF407
C:\Users\zero6575\AppData\Local\Temp\cc5MPIsB.s:3055   .debug_str:0000000000000803 .LASF408
C:\Users\zero6575\AppData\Local\Temp\cc5MPIsB.s:3217   .debug_str:0000000000000f57 .LASF409
C:\Users\zero6575\AppData\Local\Temp\cc5MPIsB.s:3559   .debug_str:000000000000205e .LASF410
C:\Users\zero6575\AppData\Local\Temp\cc5MPIsB.s:4055   .debug_str:0000000000003958 .LASF411
C:\Users\zero6575\AppData\Local\Temp\cc5MPIsB.s:3313   .debug_str:00000000000013f9 .LASF412
C:\Users\zero6575\AppData\Local\Temp\cc5MPIsB.s:3053   .debug_str:00000000000007f1 .LASF413
C:\Users\zero6575\AppData\Local\Temp\cc5MPIsB.s:3139   .debug_str:0000000000000bed .LASF414
C:\Users\zero6575\AppData\Local\Temp\cc5MPIsB.s:3673   .debug_str:000000000000259c .LASF415
C:\Users\zero6575\AppData\Local\Temp\cc5MPIsB.s:3613   .debug_str:00000000000022d4 .LASF416
C:\Users\zero6575\AppData\Local\Temp\cc5MPIsB.s:3097   .debug_str:0000000000000a04 .LASF417
C:\Users\zero6575\AppData\Local\Temp\cc5MPIsB.s:3853   .debug_str:0000000000002e5a .LASF418
C:\Users\zero6575\AppData\Local\Temp\cc5MPIsB.s:3631   .debug_str:000000000000238b .LASF419
C:\Users\zero6575\AppData\Local\Temp\cc5MPIsB.s:3129   .debug_str:0000000000000b81 .LASF420
C:\Users\zero6575\AppData\Local\Temp\cc5MPIsB.s:3577   .debug_str:000000000000214d .LASF421
C:\Users\zero6575\AppData\Local\Temp\cc5MPIsB.s:4013   .debug_str:00000000000036ff .LASF422
C:\Users\zero6575\AppData\Local\Temp\cc5MPIsB.s:3251   .debug_str:0000000000001121 .LASF423
C:\Users\zero6575\AppData\Local\Temp\cc5MPIsB.s:3675   .debug_str:00000000000025af .LASF424
C:\Users\zero6575\AppData\Local\Temp\cc5MPIsB.s:3519   .debug_str:0000000000001e26 .LASF425
C:\Users\zero6575\AppData\Local\Temp\cc5MPIsB.s:3819   .debug_str:0000000000002cc1 .LASF426
C:\Users\zero6575\AppData\Local\Temp\cc5MPIsB.s:3491   .debug_str:0000000000001cea .LASF427
C:\Users\zero6575\AppData\Local\Temp\cc5MPIsB.s:3859   .debug_str:0000000000002ea6 .LASF428
C:\Users\zero6575\AppData\Local\Temp\cc5MPIsB.s:3877   .debug_str:0000000000002f78 .LASF429
C:\Users\zero6575\AppData\Local\Temp\cc5MPIsB.s:3557   .debug_str:0000000000002044 .LASF430
C:\Users\zero6575\AppData\Local\Temp\cc5MPIsB.s:3579   .debug_str:0000000000002161 .LASF431
C:\Users\zero6575\AppData\Local\Temp\cc5MPIsB.s:3507   .debug_str:0000000000001d94 .LASF432
C:\Users\zero6575\AppData\Local\Temp\cc5MPIsB.s:3765   .debug_str:0000000000002a21 .LASF433
C:\Users\zero6575\AppData\Local\Temp\cc5MPIsB.s:3669   .debug_str:0000000000002560 .LASF434
C:\Users\zero6575\AppData\Local\Temp\cc5MPIsB.s:3565   .debug_str:00000000000020e4 .LASF435
C:\Users\zero6575\AppData\Local\Temp\cc5MPIsB.s:3991   .debug_str:00000000000035bc .LASF436
C:\Users\zero6575\AppData\Local\Temp\cc5MPIsB.s:3687   .debug_str:0000000000002640 .LASF437
C:\Users\zero6575\AppData\Local\Temp\cc5MPIsB.s:3219   .debug_str:0000000000000f65 .LASF438
C:\Users\zero6575\AppData\Local\Temp\cc5MPIsB.s:3607   .debug_str:0000000000002297 .LASF439
C:\Users\zero6575\AppData\Local\Temp\cc5MPIsB.s:3985   .debug_str:0000000000003573 .LASF440
C:\Users\zero6575\AppData\Local\Temp\cc5MPIsB.s:3269   .debug_str:0000000000001213 .LASF441
C:\Users\zero6575\AppData\Local\Temp\cc5MPIsB.s:4027   .debug_str:00000000000037c5 .LASF442
C:\Users\zero6575\AppData\Local\Temp\cc5MPIsB.s:3361   .debug_str:00000000000016b4 .LASF443
C:\Users\zero6575\AppData\Local\Temp\cc5MPIsB.s:2927   .debug_str:00000000000000c9 .LASF444
C:\Users\zero6575\AppData\Local\Temp\cc5MPIsB.s:3921   .debug_str:0000000000003251 .LASF445
C:\Users\zero6575\AppData\Local\Temp\cc5MPIsB.s:3253   .debug_str:0000000000001135 .LASF446
C:\Users\zero6575\AppData\Local\Temp\cc5MPIsB.s:2983   .debug_str:0000000000000436 .LASF447
C:\Users\zero6575\AppData\Local\Temp\cc5MPIsB.s:3257   .debug_str:000000000000115f .LASF448
C:\Users\zero6575\AppData\Local\Temp\cc5MPIsB.s:3349   .debug_str:00000000000015dc .LASF449
C:\Users\zero6575\AppData\Local\Temp\cc5MPIsB.s:3855   .debug_str:0000000000002e6e .LASF450
C:\Users\zero6575\AppData\Local\Temp\cc5MPIsB.s:3909   .debug_str:00000000000030fb .LASF451
C:\Users\zero6575\AppData\Local\Temp\cc5MPIsB.s:3561   .debug_str:0000000000002069 .LASF452
C:\Users\zero6575\AppData\Local\Temp\cc5MPIsB.s:4045   .debug_str:000000000000388e .LASF453
C:\Users\zero6575\AppData\Local\Temp\cc5MPIsB.s:3199   .debug_str:0000000000000e71 .LASF454
C:\Users\zero6575\AppData\Local\Temp\cc5MPIsB.s:3441   .debug_str:0000000000001a9e .LASF455
C:\Users\zero6575\AppData\Local\Temp\cc5MPIsB.s:3309   .debug_str:00000000000013b5 .LASF456
C:\Users\zero6575\AppData\Local\Temp\cc5MPIsB.s:4061   .debug_str:000000000000399a .LASF457
C:\Users\zero6575\AppData\Local\Temp\cc5MPIsB.s:3967   .debug_str:00000000000034b8 .LASF458
C:\Users\zero6575\AppData\Local\Temp\cc5MPIsB.s:3367   .debug_str:000000000000172f .LASF459
C:\Users\zero6575\AppData\Local\Temp\cc5MPIsB.s:4067   .debug_str:00000000000039e6 .LASF460
C:\Users\zero6575\AppData\Local\Temp\cc5MPIsB.s:2951   .debug_str:0000000000000278 .LASF461
C:\Users\zero6575\AppData\Local\Temp\cc5MPIsB.s:3373   .debug_str:0000000000001770 .LASF462
C:\Users\zero6575\AppData\Local\Temp\cc5MPIsB.s:3101   .debug_str:0000000000000a2a .LASF463
C:\Users\zero6575\AppData\Local\Temp\cc5MPIsB.s:3769   .debug_str:0000000000002a56 .LASF464
C:\Users\zero6575\AppData\Local\Temp\cc5MPIsB.s:3997   .debug_str:000000000000362a .LASF465
C:\Users\zero6575\AppData\Local\Temp\cc5MPIsB.s:3867   .debug_str:0000000000002eed .LASF466
C:\Users\zero6575\AppData\Local\Temp\cc5MPIsB.s:3927   .debug_str:00000000000032af .LASF467
C:\Users\zero6575\AppData\Local\Temp\cc5MPIsB.s:3535   .debug_str:0000000000001ef6 .LASF468
C:\Users\zero6575\AppData\Local\Temp\cc5MPIsB.s:2999   .debug_str:0000000000000523 .LASF469
C:\Users\zero6575\AppData\Local\Temp\cc5MPIsB.s:3185   .debug_str:0000000000000dcd .LASF470
C:\Users\zero6575\AppData\Local\Temp\cc5MPIsB.s:3939   .debug_str:000000000000333f .LASF471
C:\Users\zero6575\AppData\Local\Temp\cc5MPIsB.s:3847   .debug_str:0000000000002dff .LASF472
C:\Users\zero6575\AppData\Local\Temp\cc5MPIsB.s:2995   .debug_str:00000000000004da .LASF473
C:\Users\zero6575\AppData\Local\Temp\cc5MPIsB.s:3763   .debug_str:00000000000029fd .LASF474
C:\Users\zero6575\AppData\Local\Temp\cc5MPIsB.s:3905   .debug_str:00000000000030bc .LASF475
C:\Users\zero6575\AppData\Local\Temp\cc5MPIsB.s:3975   .debug_str:0000000000003506 .LASF476
C:\Users\zero6575\AppData\Local\Temp\cc5MPIsB.s:3961   .debug_str:000000000000344c .LASF477
C:\Users\zero6575\AppData\Local\Temp\cc5MPIsB.s:3243   .debug_str:00000000000010a7 .LASF478
C:\Users\zero6575\AppData\Local\Temp\cc5MPIsB.s:3795   .debug_str:0000000000002b9a .LASF479
C:\Users\zero6575\AppData\Local\Temp\cc5MPIsB.s:3801   .debug_str:0000000000002be2 .LASF480
C:\Users\zero6575\AppData\Local\Temp\cc5MPIsB.s:3011   .debug_str:00000000000005b0 .LASF481
C:\Users\zero6575\AppData\Local\Temp\cc5MPIsB.s:3843   .debug_str:0000000000002dbf .LASF482
C:\Users\zero6575\AppData\Local\Temp\cc5MPIsB.s:4001   .debug_str:0000000000003663 .LASF483
C:\Users\zero6575\AppData\Local\Temp\cc5MPIsB.s:3851   .debug_str:0000000000002e40 .LASF484
C:\Users\zero6575\AppData\Local\Temp\cc5MPIsB.s:3429   .debug_str:0000000000001a2e .LASF485
C:\Users\zero6575\AppData\Local\Temp\cc5MPIsB.s:3603   .debug_str:000000000000226f .LASF486
C:\Users\zero6575\AppData\Local\Temp\cc5MPIsB.s:3759   .debug_str:00000000000029cf .LASF487
C:\Users\zero6575\AppData\Local\Temp\cc5MPIsB.s:4041   .debug_str:0000000000003868 .LASF488
C:\Users\zero6575\AppData\Local\Temp\cc5MPIsB.s:3533   .debug_str:0000000000001ede .LASF489
C:\Users\zero6575\AppData\Local\Temp\cc5MPIsB.s:3279   .debug_str:0000000000001282 .LASF490
C:\Users\zero6575\AppData\Local\Temp\cc5MPIsB.s:3497   .debug_str:0000000000001d10 .LASF491
C:\Users\zero6575\AppData\Local\Temp\cc5MPIsB.s:3081   .debug_str:000000000000091f .LASF492
C:\Users\zero6575\AppData\Local\Temp\cc5MPIsB.s:3619   .debug_str:0000000000002305 .LASF493
C:\Users\zero6575\AppData\Local\Temp\cc5MPIsB.s:3931   .debug_str:00000000000032de .LASF494
C:\Users\zero6575\AppData\Local\Temp\cc5MPIsB.s:2963   .debug_str:00000000000002fb .LASF495
C:\Users\zero6575\AppData\Local\Temp\cc5MPIsB.s:3969   .debug_str:00000000000034d7 .LASF496
C:\Users\zero6575\AppData\Local\Temp\cc5MPIsB.s:3799   .debug_str:0000000000002bc6 .LASF497
C:\Users\zero6575\AppData\Local\Temp\cc5MPIsB.s:3299   .debug_str:0000000000001344 .LASF499
C:\Users\zero6575\AppData\Local\Temp\cc5MPIsB.s:3157   .debug_str:0000000000000cce .LASF500
C:\Users\zero6575\AppData\Local\Temp\cc5MPIsB.s:3639   .debug_str:00000000000023fe .LASF501
C:\Users\zero6575\AppData\Local\Temp\cc5MPIsB.s:4039   .debug_str:0000000000003860 .LASF502
C:\Users\zero6575\AppData\Local\Temp\cc5MPIsB.s:2997   .debug_str:0000000000000503 .LASF503
C:\Users\zero6575\AppData\Local\Temp\cc5MPIsB.s:2959   .debug_str:00000000000002e6 .LASF504
C:\Users\zero6575\AppData\Local\Temp\cc5MPIsB.s:4071   .debug_str:0000000000003a18 .LASF505
C:\Users\zero6575\AppData\Local\Temp\cc5MPIsB.s:4043   .debug_str:000000000000387e .LASF506
C:\Users\zero6575\AppData\Local\Temp\cc5MPIsB.s:3661   .debug_str:0000000000002519 .LASF507
C:\Users\zero6575\AppData\Local\Temp\cc5MPIsB.s:3381   .debug_str:00000000000017f7 .LASF508
C:\Users\zero6575\AppData\Local\Temp\cc5MPIsB.s:3981   .debug_str:0000000000003554 .LASF509
C:\Users\zero6575\AppData\Local\Temp\cc5MPIsB.s:3643   .debug_str:000000000000241a .LASF510
C:\Users\zero6575\AppData\Local\Temp\cc5MPIsB.s:4005   .debug_str:0000000000003699 .LASF511
C:\Users\zero6575\AppData\Local\Temp\cc5MPIsB.s:3623   .debug_str:000000000000232f .LASF512
C:\Users\zero6575\AppData\Local\Temp\cc5MPIsB.s:3797   .debug_str:0000000000002bb2 .LASF513
C:\Users\zero6575\AppData\Local\Temp\cc5MPIsB.s:3467   .debug_str:0000000000001c05 .LASF514
C:\Users\zero6575\AppData\Local\Temp\cc5MPIsB.s:3061   .debug_str:000000000000082c .LASF515
C:\Users\zero6575\AppData\Local\Temp\cc5MPIsB.s:3039   .debug_str:000000000000073e .LASF516
C:\Users\zero6575\AppData\Local\Temp\cc5MPIsB.s:3523   .debug_str:0000000000001e76 .LASF517
C:\Users\zero6575\AppData\Local\Temp\cc5MPIsB.s:3295   .debug_str:000000000000131d .LASF518
C:\Users\zero6575\AppData\Local\Temp\cc5MPIsB.s:2991   .debug_str:00000000000004c5 .LASF519
C:\Users\zero6575\AppData\Local\Temp\cc5MPIsB.s:3995   .debug_str:000000000000361b .LASF520
C:\Users\zero6575\AppData\Local\Temp\cc5MPIsB.s:3805   .debug_str:0000000000002c20 .LASF521
C:\Users\zero6575\AppData\Local\Temp\cc5MPIsB.s:3793   .debug_str:0000000000002b91 .LASF522
C:\Users\zero6575\AppData\Local\Temp\cc5MPIsB.s:3033   .debug_str:0000000000000715 .LASF523
C:\Users\zero6575\AppData\Local\Temp\cc5MPIsB.s:3913   .debug_str:0000000000003148 .LASF524
C:\Users\zero6575\AppData\Local\Temp\cc5MPIsB.s:3181   .debug_str:0000000000000dba .LASF525
C:\Users\zero6575\AppData\Local\Temp\cc5MPIsB.s:3707   .debug_str:0000000000002767 .LASF526
C:\Users\zero6575\AppData\Local\Temp\cc5MPIsB.s:2915   .debug_str:0000000000000039 .LASF527
C:\Users\zero6575\AppData\Local\Temp\cc5MPIsB.s:2979   .debug_str:00000000000003e2 .LASF528
C:\Users\zero6575\AppData\Local\Temp\cc5MPIsB.s:3057   .debug_str:0000000000000811 .LASF529
C:\Users\zero6575\AppData\Local\Temp\cc5MPIsB.s:3167   .debug_str:0000000000000d12 .LASF530
C:\Users\zero6575\AppData\Local\Temp\cc5MPIsB.s:3005   .debug_str:0000000000000572 .LASF531
C:\Users\zero6575\AppData\Local\Temp\cc5MPIsB.s:3123   .debug_str:0000000000000b62 .LASF532
C:\Users\zero6575\AppData\Local\Temp\cc5MPIsB.s:4007   .debug_str:00000000000036a6 .LASF533
C:\Users\zero6575\AppData\Local\Temp\cc5MPIsB.s:3647   .debug_str:0000000000002469 .LASF534
C:\Users\zero6575\AppData\Local\Temp\cc5MPIsB.s:3307   .debug_str:00000000000013a8 .LASF535
C:\Users\zero6575\AppData\Local\Temp\cc5MPIsB.s:3479   .debug_str:0000000000001c72 .LASF536
C:\Users\zero6575\AppData\Local\Temp\cc5MPIsB.s:3495   .debug_str:0000000000001d06 .LASF537
C:\Users\zero6575\AppData\Local\Temp\cc5MPIsB.s:3255   .debug_str:0000000000001154 .LASF538
C:\Users\zero6575\AppData\Local\Temp\cc5MPIsB.s:3865   .debug_str:0000000000002ee3 .LASF539
C:\Users\zero6575\AppData\Local\Temp\cc5MPIsB.s:3499   .debug_str:0000000000001d2a .LASF540
C:\Users\zero6575\AppData\Local\Temp\cc5MPIsB.s:3901   .debug_str:0000000000003099 .LASF541
C:\Users\zero6575\AppData\Local\Temp\cc5MPIsB.s:3915   .debug_str:0000000000003152 .LASF542
C:\Users\zero6575\AppData\Local\Temp\cc5MPIsB.s:3159   .debug_str:0000000000000cd9 .LASF543
C:\Users\zero6575\AppData\Local\Temp\cc5MPIsB.s:3529   .debug_str:0000000000001ea2 .LASF544
C:\Users\zero6575\AppData\Local\Temp\cc5MPIsB.s:2993   .debug_str:00000000000004ce .LASF545
C:\Users\zero6575\AppData\Local\Temp\cc5MPIsB.s:3679   .debug_str:00000000000025db .LASF546
C:\Users\zero6575\AppData\Local\Temp\cc5MPIsB.s:2923   .debug_str:00000000000000a1 .LASF547
C:\Users\zero6575\AppData\Local\Temp\cc5MPIsB.s:2931   .debug_str:0000000000000133 .LASF548
C:\Users\zero6575\AppData\Local\Temp\cc5MPIsB.s:3161   .debug_str:0000000000000cec .LASF549
C:\Users\zero6575\AppData\Local\Temp\cc5MPIsB.s:3077   .debug_str:00000000000008ee .LASF550
C:\Users\zero6575\AppData\Local\Temp\cc5MPIsB.s:3393   .debug_str:00000000000018ae .LASF551
C:\Users\zero6575\AppData\Local\Temp\cc5MPIsB.s:3321   .debug_str:000000000000143e .LASF552
C:\Users\zero6575\AppData\Local\Temp\cc5MPIsB.s:3365   .debug_str:000000000000171e .LASF553
C:\Users\zero6575\AppData\Local\Temp\cc5MPIsB.s:3617   .debug_str:00000000000022f9 .LASF554
C:\Users\zero6575\AppData\Local\Temp\cc5MPIsB.s:3303   .debug_str:0000000000001357 .LASF555
C:\Users\zero6575\AppData\Local\Temp\cc5MPIsB.s:4023   .debug_str:0000000000003770 .LASF556
                           .group:0000000000000000 wm4.0.29db371e8b94e604acd9f4c2cef2c360
                           .group:0000000000000000 wm4._newlib_version.h.4.9ba035841e762c3308916a0ce96032e7
                           .group:0000000000000000 wm4.features.h.33.318b64d71e0957639cfb30f1db1f7ec8
                           .group:0000000000000000 wm4._default_types.h.15.61e9869194cab90bdfa4c7fc42203a0e
                           .group:0000000000000000 wm4._intsup.h.10.b28b45fc63caeb010c3f7ee592257700
                           .group:0000000000000000 wm4._stdint.h.10.c24fa3af3bc1706662bb5593a907e841
                           .group:0000000000000000 wm4.stdint.h.23.d53047a68f4a85177f80b422d52785ed
                           .group:0000000000000000 wm4.stdbool.h.29.07dce69c3b78884144b7f7bd19483461
                           .group:0000000000000000 wm4.stddef.h.39.a38874c8f8a57e66301090908ec2a69f

NO UNDEFINED SYMBOLS
