   1              		.file	"ucix.c"
   2              		.option nopic
   3              		.attribute arch, "rv64i2p0_m2p0_a2p0_c2p0"
   4              		.attribute unaligned_access, 0
   5              		.attribute stack_align, 16
   6              		.text
   7              	.Ltext0:
   8              		.cfi_sections	.debug_frame
   9              	.Letext0:
  10              		.file 1 "c:\\microchip\\softconsole-v2022.2-risc-v-747\\riscv-unknown-elf-gcc\\lib\\gcc\\riscv64-u
  11              		.file 2 "c:\\microchip\\softconsole-v2022.2-risc-v-747\\riscv-unknown-elf-gcc\\riscv64-unknown-elf
  12              		.file 3 "c:\\microchip\\softconsole-v2022.2-risc-v-747\\riscv-unknown-elf-gcc\\riscv64-unknown-elf
  13              		.file 4 "c:\\microchip\\softconsole-v2022.2-risc-v-747\\riscv-unknown-elf-gcc\\riscv64-unknown-elf
  14              		.file 5 "c:\\microchip\\softconsole-v2022.2-risc-v-747\\riscv-unknown-elf-gcc\\riscv64-unknown-elf
DEFINED SYMBOLS
                            *ABS*:0000000000000000 ucix.c
C:\Users\zero6575\AppData\Local\Temp\ccmJUzFk.s:1207   .debug_abbrev:0000000000000000 .Ldebug_abbrev0
C:\Users\zero6575\AppData\Local\Temp\ccmJUzFk.s:4342   .debug_str:0000000000001136 .LASF819
C:\Users\zero6575\AppData\Local\Temp\ccmJUzFk.s:4524   .debug_str:0000000000001d37 .LASF820
C:\Users\zero6575\AppData\Local\Temp\ccmJUzFk.s:4284   .debug_str:0000000000000e26 .LASF821
C:\Users\zero6575\AppData\Local\Temp\ccmJUzFk.s:4022   .debug_line:0000000000000000 .Ldebug_line0
C:\Users\zero6575\AppData\Local\Temp\ccmJUzFk.s:1592   .debug_macro:0000000000000000 .Ldebug_macro0
C:\Users\zero6575\AppData\Local\Temp\ccmJUzFk.s:4288   .debug_str:0000000000000e90 .LASF696
C:\Users\zero6575\AppData\Local\Temp\ccmJUzFk.s:4698   .debug_str:000000000000266a .LASF697
C:\Users\zero6575\AppData\Local\Temp\ccmJUzFk.s:5534   .debug_str:0000000000005691 .LASF698
C:\Users\zero6575\AppData\Local\Temp\ccmJUzFk.s:5102   .debug_str:0000000000003e73 .LASF699
C:\Users\zero6575\AppData\Local\Temp\ccmJUzFk.s:5270   .debug_str:0000000000004712 .LASF705
C:\Users\zero6575\AppData\Local\Temp\ccmJUzFk.s:4946   .debug_str:00000000000036d9 .LASF700
C:\Users\zero6575\AppData\Local\Temp\ccmJUzFk.s:4388   .debug_str:00000000000014f8 .LASF701
C:\Users\zero6575\AppData\Local\Temp\ccmJUzFk.s:4666   .debug_str:0000000000002509 .LASF702
C:\Users\zero6575\AppData\Local\Temp\ccmJUzFk.s:5356   .debug_str:0000000000004c2c .LASF703
C:\Users\zero6575\AppData\Local\Temp\ccmJUzFk.s:5586   .debug_str:000000000000592f .LASF704
C:\Users\zero6575\AppData\Local\Temp\ccmJUzFk.s:5570   .debug_str:000000000000586f .LASF706
C:\Users\zero6575\AppData\Local\Temp\ccmJUzFk.s:5560   .debug_str:0000000000005801 .LASF707
C:\Users\zero6575\AppData\Local\Temp\ccmJUzFk.s:4482   .debug_str:0000000000001abd .LASF708
C:\Users\zero6575\AppData\Local\Temp\ccmJUzFk.s:4266   .debug_str:0000000000000cf5 .LASF709
C:\Users\zero6575\AppData\Local\Temp\ccmJUzFk.s:5156   .debug_str:000000000000417b .LASF710
C:\Users\zero6575\AppData\Local\Temp\ccmJUzFk.s:5072   .debug_str:0000000000003d0f .LASF711
C:\Users\zero6575\AppData\Local\Temp\ccmJUzFk.s:4056   .debug_str:000000000000016d .LASF712
C:\Users\zero6575\AppData\Local\Temp\ccmJUzFk.s:4920   .debug_str:00000000000035bd .LASF713
C:\Users\zero6575\AppData\Local\Temp\ccmJUzFk.s:5522   .debug_str:00000000000055e2 .LASF714
C:\Users\zero6575\AppData\Local\Temp\ccmJUzFk.s:4746   .debug_str:00000000000028ea .LASF715
C:\Users\zero6575\AppData\Local\Temp\ccmJUzFk.s:5254   .debug_str:0000000000004649 .LASF716
C:\Users\zero6575\AppData\Local\Temp\ccmJUzFk.s:4798   .debug_str:0000000000002b75 .LASF721
C:\Users\zero6575\AppData\Local\Temp\ccmJUzFk.s:5284   .debug_str:00000000000047ff .LASF717
C:\Users\zero6575\AppData\Local\Temp\ccmJUzFk.s:5412   .debug_str:0000000000004fa1 .LASF718
C:\Users\zero6575\AppData\Local\Temp\ccmJUzFk.s:4922   .debug_str:00000000000035c8 .LASF719
C:\Users\zero6575\AppData\Local\Temp\ccmJUzFk.s:4626   .debug_str:00000000000022f0 .LASF720
C:\Users\zero6575\AppData\Local\Temp\ccmJUzFk.s:4136   .debug_str:0000000000000676 .LASF722
C:\Users\zero6575\AppData\Local\Temp\ccmJUzFk.s:4142   .debug_str:00000000000006ae .LASF723
C:\Users\zero6575\AppData\Local\Temp\ccmJUzFk.s:5660   .debug_str:0000000000005e3e .LASF724
C:\Users\zero6575\AppData\Local\Temp\ccmJUzFk.s:5370   .debug_str:0000000000004cf0 .LASF725
C:\Users\zero6575\AppData\Local\Temp\ccmJUzFk.s:4996   .debug_str:0000000000003981 .LASF726
C:\Users\zero6575\AppData\Local\Temp\ccmJUzFk.s:4350   .debug_str:000000000000126a .LASF727
C:\Users\zero6575\AppData\Local\Temp\ccmJUzFk.s:5422   .debug_str:0000000000004fe5 .LASF728
C:\Users\zero6575\AppData\Local\Temp\ccmJUzFk.s:5596   .debug_str:000000000000598e .LASF729
C:\Users\zero6575\AppData\Local\Temp\ccmJUzFk.s:5106   .debug_str:0000000000003eae .LASF730
C:\Users\zero6575\AppData\Local\Temp\ccmJUzFk.s:5640   .debug_str:0000000000005ce1 .LASF731
C:\Users\zero6575\AppData\Local\Temp\ccmJUzFk.s:4256   .debug_str:0000000000000c0c .LASF732
C:\Users\zero6575\AppData\Local\Temp\ccmJUzFk.s:4166   .debug_str:00000000000007d1 .LASF733
C:\Users\zero6575\AppData\Local\Temp\ccmJUzFk.s:5204   .debug_str:00000000000043e6 .LASF734
C:\Users\zero6575\AppData\Local\Temp\ccmJUzFk.s:4332   .debug_str:00000000000010bc .LASF735
C:\Users\zero6575\AppData\Local\Temp\ccmJUzFk.s:5492   .debug_str:000000000000546e .LASF736
C:\Users\zero6575\AppData\Local\Temp\ccmJUzFk.s:5048   .debug_str:0000000000003b75 .LASF737
C:\Users\zero6575\AppData\Local\Temp\ccmJUzFk.s:5462   .debug_str:00000000000052f5 .LASF738
C:\Users\zero6575\AppData\Local\Temp\ccmJUzFk.s:4510   .debug_str:0000000000001c50 .LASF739
C:\Users\zero6575\AppData\Local\Temp\ccmJUzFk.s:4238   .debug_str:0000000000000b3c .LASF740
C:\Users\zero6575\AppData\Local\Temp\ccmJUzFk.s:4070   .debug_str:0000000000000215 .LASF741
C:\Users\zero6575\AppData\Local\Temp\ccmJUzFk.s:5234   .debug_str:0000000000004535 .LASF742
C:\Users\zero6575\AppData\Local\Temp\ccmJUzFk.s:4160   .debug_str:0000000000000795 .LASF743
C:\Users\zero6575\AppData\Local\Temp\ccmJUzFk.s:4624   .debug_str:00000000000022e3 .LASF744
C:\Users\zero6575\AppData\Local\Temp\ccmJUzFk.s:5030   .debug_str:0000000000003ad2 .LASF745
C:\Users\zero6575\AppData\Local\Temp\ccmJUzFk.s:4250   .debug_str:0000000000000bdb .LASF746
C:\Users\zero6575\AppData\Local\Temp\ccmJUzFk.s:5456   .debug_str:00000000000052a1 .LASF747
C:\Users\zero6575\AppData\Local\Temp\ccmJUzFk.s:5288   .debug_str:000000000000481e .LASF748
C:\Users\zero6575\AppData\Local\Temp\ccmJUzFk.s:4192   .debug_str:0000000000000921 .LASF749
C:\Users\zero6575\AppData\Local\Temp\ccmJUzFk.s:4760   .debug_str:0000000000002991 .LASF750
C:\Users\zero6575\AppData\Local\Temp\ccmJUzFk.s:4546   .debug_str:0000000000001e85 .LASF751
C:\Users\zero6575\AppData\Local\Temp\ccmJUzFk.s:4414   .debug_str:000000000000168a .LASF752
C:\Users\zero6575\AppData\Local\Temp\ccmJUzFk.s:5012   .debug_str:0000000000003a11 .LASF753
C:\Users\zero6575\AppData\Local\Temp\ccmJUzFk.s:5114   .debug_str:0000000000003f50 .LASF754
C:\Users\zero6575\AppData\Local\Temp\ccmJUzFk.s:4840   .debug_str:0000000000002e5b .LASF755
C:\Users\zero6575\AppData\Local\Temp\ccmJUzFk.s:4720   .debug_str:0000000000002790 .LASF756
C:\Users\zero6575\AppData\Local\Temp\ccmJUzFk.s:4454   .debug_str:000000000000193d .LASF757
C:\Users\zero6575\AppData\Local\Temp\ccmJUzFk.s:5520   .debug_str:00000000000055da .LASF758
C:\Users\zero6575\AppData\Local\Temp\ccmJUzFk.s:4816   .debug_str:0000000000002c4e .LASF759
C:\Users\zero6575\AppData\Local\Temp\ccmJUzFk.s:4896   .debug_str:00000000000034e6 .LASF760
C:\Users\zero6575\AppData\Local\Temp\ccmJUzFk.s:4100   .debug_str:000000000000037a .LASF761
C:\Users\zero6575\AppData\Local\Temp\ccmJUzFk.s:4644   .debug_str:00000000000023ed .LASF762
C:\Users\zero6575\AppData\Local\Temp\ccmJUzFk.s:5266   .debug_str:00000000000046d4 .LASF763
C:\Users\zero6575\AppData\Local\Temp\ccmJUzFk.s:4316   .debug_str:0000000000000ff7 .LASF764
C:\Users\zero6575\AppData\Local\Temp\ccmJUzFk.s:4096   .debug_str:0000000000000356 .LASF765
C:\Users\zero6575\AppData\Local\Temp\ccmJUzFk.s:4634   .debug_str:000000000000237e .LASF766
C:\Users\zero6575\AppData\Local\Temp\ccmJUzFk.s:5630   .debug_str:0000000000005c1c .LASF767
C:\Users\zero6575\AppData\Local\Temp\ccmJUzFk.s:4062   .debug_str:00000000000001b2 .LASF768
C:\Users\zero6575\AppData\Local\Temp\ccmJUzFk.s:5518   .debug_str:00000000000055d4 .LASF769
C:\Users\zero6575\AppData\Local\Temp\ccmJUzFk.s:4774   .debug_str:0000000000002a51 .LASF770
C:\Users\zero6575\AppData\Local\Temp\ccmJUzFk.s:5590   .debug_str:000000000000595b .LASF771
C:\Users\zero6575\AppData\Local\Temp\ccmJUzFk.s:4620   .debug_str:0000000000002299 .LASF772
C:\Users\zero6575\AppData\Local\Temp\ccmJUzFk.s:4072   .debug_str:000000000000021c .LASF773
C:\Users\zero6575\AppData\Local\Temp\ccmJUzFk.s:4174   .debug_str:0000000000000826 .LASF774
C:\Users\zero6575\AppData\Local\Temp\ccmJUzFk.s:5142   .debug_str:00000000000040f2 .LASF775
C:\Users\zero6575\AppData\Local\Temp\ccmJUzFk.s:4516   .debug_str:0000000000001c7c .LASF776
C:\Users\zero6575\AppData\Local\Temp\ccmJUzFk.s:5006   .debug_str:00000000000039d0 .LASF777
C:\Users\zero6575\AppData\Local\Temp\ccmJUzFk.s:4258   .debug_str:0000000000000c1a .LASF778
C:\Users\zero6575\AppData\Local\Temp\ccmJUzFk.s:5230   .debug_str:000000000000451a .LASF779
C:\Users\zero6575\AppData\Local\Temp\ccmJUzFk.s:4642   .debug_str:00000000000023e5 .LASF780
C:\Users\zero6575\AppData\Local\Temp\ccmJUzFk.s:5554   .debug_str:00000000000057a4 .LASF781
C:\Users\zero6575\AppData\Local\Temp\ccmJUzFk.s:5020   .debug_str:0000000000003a7b .LASF782
C:\Users\zero6575\AppData\Local\Temp\ccmJUzFk.s:4722   .debug_str:000000000000279b .LASF783
C:\Users\zero6575\AppData\Local\Temp\ccmJUzFk.s:4504   .debug_str:0000000000001c1e .LASF784
C:\Users\zero6575\AppData\Local\Temp\ccmJUzFk.s:5256   .debug_str:0000000000004652 .LASF785
C:\Users\zero6575\AppData\Local\Temp\ccmJUzFk.s:4918   .debug_str:00000000000035b7 .LASF786
C:\Users\zero6575\AppData\Local\Temp\ccmJUzFk.s:4676   .debug_str:0000000000002572 .LASF787
C:\Users\zero6575\AppData\Local\Temp\ccmJUzFk.s:4650   .debug_str:000000000000242a .LASF788
C:\Users\zero6575\AppData\Local\Temp\ccmJUzFk.s:5210   .debug_str:0000000000004422 .LASF789
C:\Users\zero6575\AppData\Local\Temp\ccmJUzFk.s:5132   .debug_str:0000000000004082 .LASF790
C:\Users\zero6575\AppData\Local\Temp\ccmJUzFk.s:4204   .debug_str:0000000000000983 .LASF791
C:\Users\zero6575\AppData\Local\Temp\ccmJUzFk.s:5584   .debug_str:000000000000592a .LASF792
C:\Users\zero6575\AppData\Local\Temp\ccmJUzFk.s:5026   .debug_str:0000000000003ab0 .LASF793
C:\Users\zero6575\AppData\Local\Temp\ccmJUzFk.s:5184   .debug_str:00000000000042db .LASF794
C:\Users\zero6575\AppData\Local\Temp\ccmJUzFk.s:5508   .debug_str:000000000000554f .LASF795
C:\Users\zero6575\AppData\Local\Temp\ccmJUzFk.s:5546   .debug_str:000000000000572d .LASF796
C:\Users\zero6575\AppData\Local\Temp\ccmJUzFk.s:4294   .debug_str:0000000000000ebf .LASF797
C:\Users\zero6575\AppData\Local\Temp\ccmJUzFk.s:4696   .debug_str:0000000000002665 .LASF798
C:\Users\zero6575\AppData\Local\Temp\ccmJUzFk.s:4912   .debug_str:0000000000003589 .LASF799
C:\Users\zero6575\AppData\Local\Temp\ccmJUzFk.s:4366   .debug_str:0000000000001327 .LASF800
C:\Users\zero6575\AppData\Local\Temp\ccmJUzFk.s:5242   .debug_str:00000000000045d3 .LASF801
C:\Users\zero6575\AppData\Local\Temp\ccmJUzFk.s:5352   .debug_str:0000000000004c13 .LASF802
C:\Users\zero6575\AppData\Local\Temp\ccmJUzFk.s:5016   .debug_str:0000000000003a53 .LASF803
C:\Users\zero6575\AppData\Local\Temp\ccmJUzFk.s:5166   .debug_str:0000000000004213 .LASF804
C:\Users\zero6575\AppData\Local\Temp\ccmJUzFk.s:4152   .debug_str:0000000000000727 .LASF805
C:\Users\zero6575\AppData\Local\Temp\ccmJUzFk.s:4188   .debug_str:0000000000000903 .LASF806
C:\Users\zero6575\AppData\Local\Temp\ccmJUzFk.s:4286   .debug_str:0000000000000e82 .LASF807
C:\Users\zero6575\AppData\Local\Temp\ccmJUzFk.s:5246   .debug_str:00000000000045f9 .LASF808
C:\Users\zero6575\AppData\Local\Temp\ccmJUzFk.s:5610   .debug_str:0000000000005ab6 .LASF809
C:\Users\zero6575\AppData\Local\Temp\ccmJUzFk.s:4986   .debug_str:0000000000003917 .LASF810
C:\Users\zero6575\AppData\Local\Temp\ccmJUzFk.s:4138   .debug_str:000000000000067b .LASF811
C:\Users\zero6575\AppData\Local\Temp\ccmJUzFk.s:4052   .debug_str:0000000000000149 .LASF822
C:\Users\zero6575\AppData\Local\Temp\ccmJUzFk.s:4392   .debug_str:0000000000001551 .LASF812
C:\Users\zero6575\AppData\Local\Temp\ccmJUzFk.s:4942   .debug_str:00000000000036a5 .LASF813
C:\Users\zero6575\AppData\Local\Temp\ccmJUzFk.s:4752   .debug_str:000000000000294b .LASF814
C:\Users\zero6575\AppData\Local\Temp\ccmJUzFk.s:4290   .debug_str:0000000000000e99 .LASF815
C:\Users\zero6575\AppData\Local\Temp\ccmJUzFk.s:4468   .debug_str:0000000000001a2f .LASF816
C:\Users\zero6575\AppData\Local\Temp\ccmJUzFk.s:4114   .debug_str:0000000000000455 .LASF817
C:\Users\zero6575\AppData\Local\Temp\ccmJUzFk.s:5400   .debug_str:0000000000004f28 .LASF818
C:\Users\zero6575\AppData\Local\Temp\ccmJUzFk.s:16     .debug_info:0000000000000000 .Ldebug_info0
C:\Users\zero6575\AppData\Local\Temp\ccmJUzFk.s:1809   .debug_macro:0000000000000000 .Ldebug_macro2
C:\Users\zero6575\AppData\Local\Temp\ccmJUzFk.s:2840   .debug_macro:0000000000000000 .Ldebug_macro3
C:\Users\zero6575\AppData\Local\Temp\ccmJUzFk.s:5354   .debug_str:0000000000004c20 .LASF347
C:\Users\zero6575\AppData\Local\Temp\ccmJUzFk.s:4936   .debug_str:0000000000003660 .LASF348
C:\Users\zero6575\AppData\Local\Temp\ccmJUzFk.s:4244   .debug_str:0000000000000b7b .LASF349
C:\Users\zero6575\AppData\Local\Temp\ccmJUzFk.s:2860   .debug_macro:0000000000000000 .Ldebug_macro4
C:\Users\zero6575\AppData\Local\Temp\ccmJUzFk.s:2880   .debug_macro:0000000000000000 .Ldebug_macro5
C:\Users\zero6575\AppData\Local\Temp\ccmJUzFk.s:4890   .debug_str:000000000000349e .LASF364
C:\Users\zero6575\AppData\Local\Temp\ccmJUzFk.s:2912   .debug_macro:0000000000000000 .Ldebug_macro6
C:\Users\zero6575\AppData\Local\Temp\ccmJUzFk.s:2926   .debug_macro:0000000000000000 .Ldebug_macro7
C:\Users\zero6575\AppData\Local\Temp\ccmJUzFk.s:2994   .debug_macro:0000000000000000 .Ldebug_macro8
C:\Users\zero6575\AppData\Local\Temp\ccmJUzFk.s:3023   .debug_macro:0000000000000000 .Ldebug_macro9
C:\Users\zero6575\AppData\Local\Temp\ccmJUzFk.s:4966   .debug_str:00000000000037be .LASF405
C:\Users\zero6575\AppData\Local\Temp\ccmJUzFk.s:3052   .debug_macro:0000000000000000 .Ldebug_macro10
C:\Users\zero6575\AppData\Local\Temp\ccmJUzFk.s:3216   .debug_macro:0000000000000000 .Ldebug_macro11
C:\Users\zero6575\AppData\Local\Temp\ccmJUzFk.s:3230   .debug_macro:0000000000000000 .Ldebug_macro12
C:\Users\zero6575\AppData\Local\Temp\ccmJUzFk.s:5482   .debug_str:00000000000053fd .LASF464
C:\Users\zero6575\AppData\Local\Temp\ccmJUzFk.s:3262   .debug_macro:0000000000000000 .Ldebug_macro13
C:\Users\zero6575\AppData\Local\Temp\ccmJUzFk.s:3306   .debug_macro:0000000000000000 .Ldebug_macro14
C:\Users\zero6575\AppData\Local\Temp\ccmJUzFk.s:3332   .debug_macro:0000000000000000 .Ldebug_macro15
C:\Users\zero6575\AppData\Local\Temp\ccmJUzFk.s:3343   .debug_macro:0000000000000000 .Ldebug_macro16
C:\Users\zero6575\AppData\Local\Temp\ccmJUzFk.s:3387   .debug_macro:0000000000000000 .Ldebug_macro17
C:\Users\zero6575\AppData\Local\Temp\ccmJUzFk.s:5488   .debug_str:0000000000005447 .LASF558
C:\Users\zero6575\AppData\Local\Temp\ccmJUzFk.s:3566   .debug_macro:0000000000000000 .Ldebug_macro18
C:\Users\zero6575\AppData\Local\Temp\ccmJUzFk.s:3934   .debug_macro:0000000000000000 .Ldebug_macro19
C:\Users\zero6575\AppData\Local\Temp\ccmJUzFk.s:3945   .debug_macro:0000000000000000 .Ldebug_macro20
C:\Users\zero6575\AppData\Local\Temp\ccmJUzFk.s:4328   .debug_str:000000000000109c .LASF681
C:\Users\zero6575\AppData\Local\Temp\ccmJUzFk.s:4386   .debug_str:00000000000014eb .LASF682
C:\Users\zero6575\AppData\Local\Temp\ccmJUzFk.s:5566   .debug_str:0000000000005850 .LASF683
C:\Users\zero6575\AppData\Local\Temp\ccmJUzFk.s:5310   .debug_str:0000000000004984 .LASF684
C:\Users\zero6575\AppData\Local\Temp\ccmJUzFk.s:3971   .debug_macro:0000000000000000 .Ldebug_macro21
C:\Users\zero6575\AppData\Local\Temp\ccmJUzFk.s:4492   .debug_str:0000000000001b52 .LASF686
C:\Users\zero6575\AppData\Local\Temp\ccmJUzFk.s:3985   .debug_macro:0000000000000000 .Ldebug_macro22
C:\Users\zero6575\AppData\Local\Temp\ccmJUzFk.s:3999   .debug_macro:0000000000000000 .Ldebug_macro23
C:\Users\zero6575\AppData\Local\Temp\ccmJUzFk.s:5464   .debug_str:00000000000052fa .LASF0
C:\Users\zero6575\AppData\Local\Temp\ccmJUzFk.s:4654   .debug_str:000000000000243f .LASF1
C:\Users\zero6575\AppData\Local\Temp\ccmJUzFk.s:4132   .debug_str:0000000000000644 .LASF2
C:\Users\zero6575\AppData\Local\Temp\ccmJUzFk.s:4434   .debug_str:00000000000017e0 .LASF3
C:\Users\zero6575\AppData\Local\Temp\ccmJUzFk.s:4158   .debug_str:0000000000000783 .LASF4
C:\Users\zero6575\AppData\Local\Temp\ccmJUzFk.s:4706   .debug_str:00000000000026ec .LASF5
C:\Users\zero6575\AppData\Local\Temp\ccmJUzFk.s:5292   .debug_str:000000000000484b .LASF6
C:\Users\zero6575\AppData\Local\Temp\ccmJUzFk.s:4404   .debug_str:00000000000015f3 .LASF7
C:\Users\zero6575\AppData\Local\Temp\ccmJUzFk.s:5516   .debug_str:00000000000055c0 .LASF8
C:\Users\zero6575\AppData\Local\Temp\ccmJUzFk.s:5382   .debug_str:0000000000004db8 .LASF9
C:\Users\zero6575\AppData\Local\Temp\ccmJUzFk.s:4450   .debug_str:0000000000001910 .LASF10
C:\Users\zero6575\AppData\Local\Temp\ccmJUzFk.s:4664   .debug_str:00000000000024f6 .LASF11
C:\Users\zero6575\AppData\Local\Temp\ccmJUzFk.s:4778   .debug_str:0000000000002a84 .LASF12
C:\Users\zero6575\AppData\Local\Temp\ccmJUzFk.s:5644   .debug_str:0000000000005d34 .LASF13
C:\Users\zero6575\AppData\Local\Temp\ccmJUzFk.s:4082   .debug_str:0000000000000295 .LASF14
C:\Users\zero6575\AppData\Local\Temp\ccmJUzFk.s:4802   .debug_str:0000000000002bb9 .LASF15
C:\Users\zero6575\AppData\Local\Temp\ccmJUzFk.s:4904   .debug_str:000000000000354d .LASF16
C:\Users\zero6575\AppData\Local\Temp\ccmJUzFk.s:4068   .debug_str:000000000000020a .LASF17
C:\Users\zero6575\AppData\Local\Temp\ccmJUzFk.s:5530   .debug_str:0000000000005672 .LASF18
C:\Users\zero6575\AppData\Local\Temp\ccmJUzFk.s:4354   .debug_str:0000000000001287 .LASF19
C:\Users\zero6575\AppData\Local\Temp\ccmJUzFk.s:4094   .debug_str:000000000000033f .LASF20
C:\Users\zero6575\AppData\Local\Temp\ccmJUzFk.s:4478   .debug_str:0000000000001a97 .LASF21
C:\Users\zero6575\AppData\Local\Temp\ccmJUzFk.s:5402   .debug_str:0000000000004f32 .LASF22
C:\Users\zero6575\AppData\Local\Temp\ccmJUzFk.s:4358   .debug_str:00000000000012c9 .LASF23
C:\Users\zero6575\AppData\Local\Temp\ccmJUzFk.s:5496   .debug_str:0000000000005493 .LASF24
C:\Users\zero6575\AppData\Local\Temp\ccmJUzFk.s:5340   .debug_str:0000000000004b63 .LASF25
C:\Users\zero6575\AppData\Local\Temp\ccmJUzFk.s:4906   .debug_str:0000000000003555 .LASF26
C:\Users\zero6575\AppData\Local\Temp\ccmJUzFk.s:4520   .debug_str:0000000000001c92 .LASF27
C:\Users\zero6575\AppData\Local\Temp\ccmJUzFk.s:5174   .debug_str:000000000000426b .LASF28
C:\Users\zero6575\AppData\Local\Temp\ccmJUzFk.s:4214   .debug_str:00000000000009e4 .LASF29
C:\Users\zero6575\AppData\Local\Temp\ccmJUzFk.s:5024   .debug_str:0000000000003a96 .LASF30
C:\Users\zero6575\AppData\Local\Temp\ccmJUzFk.s:4928   .debug_str:00000000000035f4 .LASF31
C:\Users\zero6575\AppData\Local\Temp\ccmJUzFk.s:5008   .debug_str:00000000000039d6 .LASF32
C:\Users\zero6575\AppData\Local\Temp\ccmJUzFk.s:5538   .debug_str:00000000000056bb .LASF33
C:\Users\zero6575\AppData\Local\Temp\ccmJUzFk.s:4134   .debug_str:0000000000000656 .LASF34
C:\Users\zero6575\AppData\Local\Temp\ccmJUzFk.s:5502   .debug_str:00000000000054d3 .LASF35
C:\Users\zero6575\AppData\Local\Temp\ccmJUzFk.s:4932   .debug_str:000000000000362a .LASF36
C:\Users\zero6575\AppData\Local\Temp\ccmJUzFk.s:4938   .debug_str:000000000000366e .LASF37
C:\Users\zero6575\AppData\Local\Temp\ccmJUzFk.s:4586   .debug_str:00000000000020c1 .LASF38
C:\Users\zero6575\AppData\Local\Temp\ccmJUzFk.s:4900   .debug_str:0000000000003518 .LASF39
C:\Users\zero6575\AppData\Local\Temp\ccmJUzFk.s:5216   .debug_str:000000000000445c .LASF40
C:\Users\zero6575\AppData\Local\Temp\ccmJUzFk.s:4848   .debug_str:0000000000002eaa .LASF41
C:\Users\zero6575\AppData\Local\Temp\ccmJUzFk.s:4748   .debug_str:00000000000028fc .LASF42
C:\Users\zero6575\AppData\Local\Temp\ccmJUzFk.s:4120   .debug_str:000000000000048f .LASF43
C:\Users\zero6575\AppData\Local\Temp\ccmJUzFk.s:4146   .debug_str:00000000000006c6 .LASF44
C:\Users\zero6575\AppData\Local\Temp\ccmJUzFk.s:5130   .debug_str:000000000000406f .LASF45
C:\Users\zero6575\AppData\Local\Temp\ccmJUzFk.s:5170   .debug_str:000000000000423b .LASF46
C:\Users\zero6575\AppData\Local\Temp\ccmJUzFk.s:5624   .debug_str:0000000000005bd5 .LASF47
C:\Users\zero6575\AppData\Local\Temp\ccmJUzFk.s:4708   .debug_str:00000000000026f7 .LASF48
C:\Users\zero6575\AppData\Local\Temp\ccmJUzFk.s:4040   .debug_str:00000000000000a7 .LASF49
C:\Users\zero6575\AppData\Local\Temp\ccmJUzFk.s:5480   .debug_str:00000000000053db .LASF50
C:\Users\zero6575\AppData\Local\Temp\ccmJUzFk.s:4314   .debug_str:0000000000000fd7 .LASF51
C:\Users\zero6575\AppData\Local\Temp\ccmJUzFk.s:5582   .debug_str:000000000000590b .LASF52
C:\Users\zero6575\AppData\Local\Temp\ccmJUzFk.s:5420   .debug_str:0000000000004fcc .LASF53
C:\Users\zero6575\AppData\Local\Temp\ccmJUzFk.s:4648   .debug_str:000000000000240c .LASF54
C:\Users\zero6575\AppData\Local\Temp\ccmJUzFk.s:4280   .debug_str:0000000000000db6 .LASF55
C:\Users\zero6575\AppData\Local\Temp\ccmJUzFk.s:5212   .debug_str:000000000000442a .LASF56
C:\Users\zero6575\AppData\Local\Temp\ccmJUzFk.s:4944   .debug_str:00000000000036b6 .LASF57
C:\Users\zero6575\AppData\Local\Temp\ccmJUzFk.s:5272   .debug_str:0000000000004719 .LASF58
C:\Users\zero6575\AppData\Local\Temp\ccmJUzFk.s:4304   .debug_str:0000000000000f48 .LASF59
C:\Users\zero6575\AppData\Local\Temp\ccmJUzFk.s:5206   .debug_str:00000000000043f2 .LASF60
C:\Users\zero6575\AppData\Local\Temp\ccmJUzFk.s:4786   .debug_str:0000000000002adb .LASF61
C:\Users\zero6575\AppData\Local\Temp\ccmJUzFk.s:4508   .debug_str:0000000000001c33 .LASF62
C:\Users\zero6575\AppData\Local\Temp\ccmJUzFk.s:4734   .debug_str:0000000000002828 .LASF63
C:\Users\zero6575\AppData\Local\Temp\ccmJUzFk.s:5556   .debug_str:00000000000057aa .LASF64
C:\Users\zero6575\AppData\Local\Temp\ccmJUzFk.s:4430   .debug_str:00000000000017ad .LASF65
C:\Users\zero6575\AppData\Local\Temp\ccmJUzFk.s:4312   .debug_str:0000000000000fb0 .LASF66
C:\Users\zero6575\AppData\Local\Temp\ccmJUzFk.s:5202   .debug_str:00000000000043cd .LASF67
C:\Users\zero6575\AppData\Local\Temp\ccmJUzFk.s:4934   .debug_str:000000000000363d .LASF68
C:\Users\zero6575\AppData\Local\Temp\ccmJUzFk.s:4672   .debug_str:000000000000253f .LASF69
C:\Users\zero6575\AppData\Local\Temp\ccmJUzFk.s:4570   .debug_str:0000000000001fcb .LASF70
C:\Users\zero6575\AppData\Local\Temp\ccmJUzFk.s:4558   .debug_str:0000000000001f19 .LASF71
C:\Users\zero6575\AppData\Local\Temp\ccmJUzFk.s:4972   .debug_str:000000000000381a .LASF72
C:\Users\zero6575\AppData\Local\Temp\ccmJUzFk.s:5192   .debug_str:0000000000004372 .LASF73
C:\Users\zero6575\AppData\Local\Temp\ccmJUzFk.s:5674   .debug_str:0000000000005ed7 .LASF74
C:\Users\zero6575\AppData\Local\Temp\ccmJUzFk.s:5526   .debug_str:0000000000005631 .LASF75
C:\Users\zero6575\AppData\Local\Temp\ccmJUzFk.s:5100   .debug_str:0000000000003e4c .LASF76
C:\Users\zero6575\AppData\Local\Temp\ccmJUzFk.s:5286   .debug_str:0000000000004805 .LASF77
C:\Users\zero6575\AppData\Local\Temp\ccmJUzFk.s:4588   .debug_str:00000000000020da .LASF78
C:\Users\zero6575\AppData\Local\Temp\ccmJUzFk.s:5196   .debug_str:0000000000004397 .LASF79
C:\Users\zero6575\AppData\Local\Temp\ccmJUzFk.s:5568   .debug_str:000000000000585f .LASF80
C:\Users\zero6575\AppData\Local\Temp\ccmJUzFk.s:5542   .debug_str:00000000000056e4 .LASF81
C:\Users\zero6575\AppData\Local\Temp\ccmJUzFk.s:4994   .debug_str:000000000000395f .LASF82
C:\Users\zero6575\AppData\Local\Temp\ccmJUzFk.s:4242   .debug_str:0000000000000b69 .LASF83
C:\Users\zero6575\AppData\Local\Temp\ccmJUzFk.s:5022   .debug_str:0000000000003a84 .LASF84
C:\Users\zero6575\AppData\Local\Temp\ccmJUzFk.s:5436   .debug_str:0000000000005167 .LASF85
C:\Users\zero6575\AppData\Local\Temp\ccmJUzFk.s:4984   .debug_str:0000000000003905 .LASF86
C:\Users\zero6575\AppData\Local\Temp\ccmJUzFk.s:4866   .debug_str:000000000000321e .LASF87
C:\Users\zero6575\AppData\Local\Temp\ccmJUzFk.s:5628   .debug_str:0000000000005c09 .LASF88
C:\Users\zero6575\AppData\Local\Temp\ccmJUzFk.s:4902   .debug_str:000000000000353b .LASF89
C:\Users\zero6575\AppData\Local\Temp\ccmJUzFk.s:4462   .debug_str:00000000000019cc .LASF90
C:\Users\zero6575\AppData\Local\Temp\ccmJUzFk.s:4060   .debug_str:00000000000001a0 .LASF91
C:\Users\zero6575\AppData\Local\Temp\ccmJUzFk.s:4796   .debug_str:0000000000002b52 .LASF92
C:\Users\zero6575\AppData\Local\Temp\ccmJUzFk.s:4474   .debug_str:0000000000001a6b .LASF93
C:\Users\zero6575\AppData\Local\Temp\ccmJUzFk.s:4810   .debug_str:0000000000002bfc .LASF94
C:\Users\zero6575\AppData\Local\Temp\ccmJUzFk.s:4494   .debug_str:0000000000001b62 .LASF95
C:\Users\zero6575\AppData\Local\Temp\ccmJUzFk.s:4110   .debug_str:0000000000000432 .LASF96
C:\Users\zero6575\AppData\Local\Temp\ccmJUzFk.s:5392   .debug_str:0000000000004e31 .LASF97
C:\Users\zero6575\AppData\Local\Temp\ccmJUzFk.s:4608   .debug_str:00000000000021c7 .LASF98
C:\Users\zero6575\AppData\Local\Temp\ccmJUzFk.s:5446   .debug_str:000000000000520b .LASF99
C:\Users\zero6575\AppData\Local\Temp\ccmJUzFk.s:4690   .debug_str:0000000000002623 .LASF100
C:\Users\zero6575\AppData\Local\Temp\ccmJUzFk.s:5428   .debug_str:00000000000050ad .LASF101
C:\Users\zero6575\AppData\Local\Temp\ccmJUzFk.s:5060   .debug_str:0000000000003c15 .LASF102
C:\Users\zero6575\AppData\Local\Temp\ccmJUzFk.s:4180   .debug_str:0000000000000850 .LASF103
C:\Users\zero6575\AppData\Local\Temp\ccmJUzFk.s:4536   .debug_str:0000000000001dfd .LASF104
C:\Users\zero6575\AppData\Local\Temp\ccmJUzFk.s:5678   .debug_str:0000000000005f18 .LASF105
C:\Users\zero6575\AppData\Local\Temp\ccmJUzFk.s:4044   .debug_str:00000000000000e5 .LASF106
C:\Users\zero6575\AppData\Local\Temp\ccmJUzFk.s:5348   .debug_str:0000000000004be6 .LASF107
C:\Users\zero6575\AppData\Local\Temp\ccmJUzFk.s:4658   .debug_str:00000000000024a5 .LASF108
C:\Users\zero6575\AppData\Local\Temp\ccmJUzFk.s:5116   .debug_str:0000000000003f55 .LASF109
C:\Users\zero6575\AppData\Local\Temp\ccmJUzFk.s:5578   .debug_str:00000000000058d8 .LASF110
C:\Users\zero6575\AppData\Local\Temp\ccmJUzFk.s:4560   .debug_str:0000000000001f30 .LASF111
C:\Users\zero6575\AppData\Local\Temp\ccmJUzFk.s:5632   .debug_str:0000000000005c24 .LASF112
C:\Users\zero6575\AppData\Local\Temp\ccmJUzFk.s:4628   .debug_str:00000000000022f5 .LASF113
C:\Users\zero6575\AppData\Local\Temp\ccmJUzFk.s:4826   .debug_str:0000000000002cd9 .LASF114
C:\Users\zero6575\AppData\Local\Temp\ccmJUzFk.s:4930   .debug_str:000000000000361b .LASF115
C:\Users\zero6575\AppData\Local\Temp\ccmJUzFk.s:4360   .debug_str:00000000000012dd .LASF116
C:\Users\zero6575\AppData\Local\Temp\ccmJUzFk.s:5248   .debug_str:0000000000004608 .LASF117
C:\Users\zero6575\AppData\Local\Temp\ccmJUzFk.s:4484   .debug_str:0000000000001ac6 .LASF118
C:\Users\zero6575\AppData\Local\Temp\ccmJUzFk.s:4682   .debug_str:00000000000025c6 .LASF119
C:\Users\zero6575\AppData\Local\Temp\ccmJUzFk.s:5244   .debug_str:00000000000045e0 .LASF120
C:\Users\zero6575\AppData\Local\Temp\ccmJUzFk.s:4144   .debug_str:00000000000006b7 .LASF121
C:\Users\zero6575\AppData\Local\Temp\ccmJUzFk.s:4412   .debug_str:000000000000166e .LASF122
C:\Users\zero6575\AppData\Local\Temp\ccmJUzFk.s:5364   .debug_str:0000000000004ca5 .LASF123
C:\Users\zero6575\AppData\Local\Temp\ccmJUzFk.s:5612   .debug_str:0000000000005ac7 .LASF124
C:\Users\zero6575\AppData\Local\Temp\ccmJUzFk.s:4470   .debug_str:0000000000001a42 .LASF125
C:\Users\zero6575\AppData\Local\Temp\ccmJUzFk.s:5676   .debug_str:0000000000005eee .LASF126
C:\Users\zero6575\AppData\Local\Temp\ccmJUzFk.s:5068   .debug_str:0000000000003cdd .LASF127
C:\Users\zero6575\AppData\Local\Temp\ccmJUzFk.s:5474   .debug_str:0000000000005399 .LASF128
C:\Users\zero6575\AppData\Local\Temp\ccmJUzFk.s:4976   .debug_str:0000000000003855 .LASF129
C:\Users\zero6575\AppData\Local\Temp\ccmJUzFk.s:5226   .debug_str:00000000000044e8 .LASF130
C:\Users\zero6575\AppData\Local\Temp\ccmJUzFk.s:4246   .debug_str:0000000000000b8a .LASF131
C:\Users\zero6575\AppData\Local\Temp\ccmJUzFk.s:4448   .debug_str:00000000000018f2 .LASF132
C:\Users\zero6575\AppData\Local\Temp\ccmJUzFk.s:4424   .debug_str:000000000000175c .LASF133
C:\Users\zero6575\AppData\Local\Temp\ccmJUzFk.s:4776   .debug_str:0000000000002a5d .LASF134
C:\Users\zero6575\AppData\Local\Temp\ccmJUzFk.s:4200   .debug_str:0000000000000959 .LASF135
C:\Users\zero6575\AppData\Local\Temp\ccmJUzFk.s:4228   .debug_str:0000000000000ad7 .LASF136
C:\Users\zero6575\AppData\Local\Temp\ccmJUzFk.s:4254   .debug_str:0000000000000bec .LASF137
C:\Users\zero6575\AppData\Local\Temp\ccmJUzFk.s:4348   .debug_str:000000000000124a .LASF138
C:\Users\zero6575\AppData\Local\Temp\ccmJUzFk.s:4344   .debug_str:00000000000011fe .LASF139
C:\Users\zero6575\AppData\Local\Temp\ccmJUzFk.s:5222   .debug_str:00000000000044a1 .LASF140
C:\Users\zero6575\AppData\Local\Temp\ccmJUzFk.s:5646   .debug_str:0000000000005d47 .LASF141
C:\Users\zero6575\AppData\Local\Temp\ccmJUzFk.s:5544   .debug_str:0000000000005708 .LASF142
C:\Users\zero6575\AppData\Local\Temp\ccmJUzFk.s:4990   .debug_str:0000000000003941 .LASF143
C:\Users\zero6575\AppData\Local\Temp\ccmJUzFk.s:4702   .debug_str:00000000000026a9 .LASF144
C:\Users\zero6575\AppData\Local\Temp\ccmJUzFk.s:4968   .debug_str:00000000000037cd .LASF145
C:\Users\zero6575\AppData\Local\Temp\ccmJUzFk.s:4726   .debug_str:00000000000027ad .LASF146
C:\Users\zero6575\AppData\Local\Temp\ccmJUzFk.s:4630   .debug_str:000000000000230e .LASF147
C:\Users\zero6575\AppData\Local\Temp\ccmJUzFk.s:4844   .debug_str:0000000000002e70 .LASF148
C:\Users\zero6575\AppData\Local\Temp\ccmJUzFk.s:4782   .debug_str:0000000000002aaf .LASF149
C:\Users\zero6575\AppData\Local\Temp\ccmJUzFk.s:4960   .debug_str:0000000000003791 .LASF150
C:\Users\zero6575\AppData\Local\Temp\ccmJUzFk.s:4952   .debug_str:000000000000370b .LASF151
C:\Users\zero6575\AppData\Local\Temp\ccmJUzFk.s:4382   .debug_str:00000000000014bc .LASF152
C:\Users\zero6575\AppData\Local\Temp\ccmJUzFk.s:4352   .debug_str:0000000000001273 .LASF153
C:\Users\zero6575\AppData\Local\Temp\ccmJUzFk.s:4440   .debug_str:0000000000001850 .LASF154
C:\Users\zero6575\AppData\Local\Temp\ccmJUzFk.s:4384   .debug_str:00000000000014d5 .LASF155
C:\Users\zero6575\AppData\Local\Temp\ccmJUzFk.s:4970   .debug_str:00000000000037e3 .LASF156
C:\Users\zero6575\AppData\Local\Temp\ccmJUzFk.s:5576   .debug_str:00000000000058a1 .LASF157
C:\Users\zero6575\AppData\Local\Temp\ccmJUzFk.s:4540   .debug_str:0000000000001e25 .LASF158
C:\Users\zero6575\AppData\Local\Temp\ccmJUzFk.s:5078   .debug_str:0000000000003d36 .LASF159
C:\Users\zero6575\AppData\Local\Temp\ccmJUzFk.s:4118   .debug_str:000000000000047a .LASF160
C:\Users\zero6575\AppData\Local\Temp\ccmJUzFk.s:4684   .debug_str:00000000000025df .LASF161
C:\Users\zero6575\AppData\Local\Temp\ccmJUzFk.s:4402   .debug_str:00000000000015db .LASF162
C:\Users\zero6575\AppData\Local\Temp\ccmJUzFk.s:4220   .debug_str:0000000000000a3a .LASF163
C:\Users\zero6575\AppData\Local\Temp\ccmJUzFk.s:5330   .debug_str:0000000000004acc .LASF164
C:\Users\zero6575\AppData\Local\Temp\ccmJUzFk.s:5126   .debug_str:000000000000404d .LASF165
C:\Users\zero6575\AppData\Local\Temp\ccmJUzFk.s:4212   .debug_str:00000000000009ca .LASF166
C:\Users\zero6575\AppData\Local\Temp\ccmJUzFk.s:4466   .debug_str:0000000000001a1a .LASF167
C:\Users\zero6575\AppData\Local\Temp\ccmJUzFk.s:4098   .debug_str:0000000000000363 .LASF168
C:\Users\zero6575\AppData\Local\Temp\ccmJUzFk.s:5410   .debug_str:0000000000004f8a .LASF169
C:\Users\zero6575\AppData\Local\Temp\ccmJUzFk.s:4622   .debug_str:00000000000022a1 .LASF170
C:\Users\zero6575\AppData\Local\Temp\ccmJUzFk.s:5276   .debug_str:0000000000004751 .LASF171
C:\Users\zero6575\AppData\Local\Temp\ccmJUzFk.s:5604   .debug_str:0000000000005a34 .LASF172
C:\Users\zero6575\AppData\Local\Temp\ccmJUzFk.s:5652   .debug_str:0000000000005d8f .LASF173
C:\Users\zero6575\AppData\Local\Temp\ccmJUzFk.s:4552   .debug_str:0000000000001edc .LASF174
C:\Users\zero6575\AppData\Local\Temp\ccmJUzFk.s:5390   .debug_str:0000000000004e1a .LASF175
C:\Users\zero6575\AppData\Local\Temp\ccmJUzFk.s:5312   .debug_str:0000000000004990 .LASF176
C:\Users\zero6575\AppData\Local\Temp\ccmJUzFk.s:5086   .debug_str:0000000000003db4 .LASF177
C:\Users\zero6575\AppData\Local\Temp\ccmJUzFk.s:5656   .debug_str:0000000000005e19 .LASF178
C:\Users\zero6575\AppData\Local\Temp\ccmJUzFk.s:4458   .debug_str:0000000000001964 .LASF179
C:\Users\zero6575\AppData\Local\Temp\ccmJUzFk.s:5296   .debug_str:0000000000004886 .LASF180
C:\Users\zero6575\AppData\Local\Temp\ccmJUzFk.s:4476   .debug_str:0000000000001a80 .LASF181
C:\Users\zero6575\AppData\Local\Temp\ccmJUzFk.s:4364   .debug_str:000000000000130e .LASF182
C:\Users\zero6575\AppData\Local\Temp\ccmJUzFk.s:4156   .debug_str:0000000000000770 .LASF183
C:\Users\zero6575\AppData\Local\Temp\ccmJUzFk.s:4714   .debug_str:000000000000273f .LASF184
C:\Users\zero6575\AppData\Local\Temp\ccmJUzFk.s:5014   .debug_str:0000000000003a19 .LASF185
C:\Users\zero6575\AppData\Local\Temp\ccmJUzFk.s:5552   .debug_str:000000000000576a .LASF186
C:\Users\zero6575\AppData\Local\Temp\ccmJUzFk.s:5614   .debug_str:0000000000005ae8 .LASF187
C:\Users\zero6575\AppData\Local\Temp\ccmJUzFk.s:4334   .debug_str:00000000000010c5 .LASF188
C:\Users\zero6575\AppData\Local\Temp\ccmJUzFk.s:5154   .debug_str:0000000000004165 .LASF189
C:\Users\zero6575\AppData\Local\Temp\ccmJUzFk.s:4594   .debug_str:000000000000213f .LASF190
C:\Users\zero6575\AppData\Local\Temp\ccmJUzFk.s:4272   .debug_str:0000000000000d59 .LASF191
C:\Users\zero6575\AppData\Local\Temp\ccmJUzFk.s:4758   .debug_str:000000000000297b .LASF192
C:\Users\zero6575\AppData\Local\Temp\ccmJUzFk.s:5140   .debug_str:00000000000040e2 .LASF193
C:\Users\zero6575\AppData\Local\Temp\ccmJUzFk.s:4186   .debug_str:00000000000008ea .LASF194
C:\Users\zero6575\AppData\Local\Temp\ccmJUzFk.s:4718   .debug_str:0000000000002775 .LASF195
C:\Users\zero6575\AppData\Local\Temp\ccmJUzFk.s:4326   .debug_str:0000000000001086 .LASF196
C:\Users\zero6575\AppData\Local\Temp\ccmJUzFk.s:4176   .debug_str:000000000000082d .LASF197
C:\Users\zero6575\AppData\Local\Temp\ccmJUzFk.s:4122   .debug_str:00000000000004a9 .LASF198
C:\Users\zero6575\AppData\Local\Temp\ccmJUzFk.s:5120   .debug_str:0000000000003fc0 .LASF199
C:\Users\zero6575\AppData\Local\Temp\ccmJUzFk.s:4172   .debug_str:00000000000007eb .LASF200
C:\Users\zero6575\AppData\Local\Temp\ccmJUzFk.s:4436   .debug_str:00000000000017f2 .LASF201
C:\Users\zero6575\AppData\Local\Temp\ccmJUzFk.s:5064   .debug_str:0000000000003c3d .LASF202
C:\Users\zero6575\AppData\Local\Temp\ccmJUzFk.s:5476   .debug_str:00000000000053b6 .LASF203
C:\Users\zero6575\AppData\Local\Temp\ccmJUzFk.s:5588   .debug_str:0000000000005942 .LASF204
C:\Users\zero6575\AppData\Local\Temp\ccmJUzFk.s:4590   .debug_str:00000000000020fd .LASF205
C:\Users\zero6575\AppData\Local\Temp\ccmJUzFk.s:5592   .debug_str:0000000000005963 .LASF206
C:\Users\zero6575\AppData\Local\Temp\ccmJUzFk.s:5572   .debug_str:0000000000005876 .LASF207
C:\Users\zero6575\AppData\Local\Temp\ccmJUzFk.s:5366   .debug_str:0000000000004cb5 .LASF208
C:\Users\zero6575\AppData\Local\Temp\ccmJUzFk.s:4194   .debug_str:0000000000000928 .LASF209
C:\Users\zero6575\AppData\Local\Temp\ccmJUzFk.s:4884   .debug_str:0000000000003449 .LASF210
C:\Users\zero6575\AppData\Local\Temp\ccmJUzFk.s:4422   .debug_str:0000000000001743 .LASF211
C:\Users\zero6575\AppData\Local\Temp\ccmJUzFk.s:4076   .debug_str:0000000000000249 .LASF212
C:\Users\zero6575\AppData\Local\Temp\ccmJUzFk.s:5512   .debug_str:0000000000005577 .LASF213
C:\Users\zero6575\AppData\Local\Temp\ccmJUzFk.s:4800   .debug_str:0000000000002b7d .LASF214
C:\Users\zero6575\AppData\Local\Temp\ccmJUzFk.s:5344   .debug_str:0000000000004b9a .LASF215
C:\Users\zero6575\AppData\Local\Temp\ccmJUzFk.s:5602   .debug_str:00000000000059f1 .LASF216
C:\Users\zero6575\AppData\Local\Temp\ccmJUzFk.s:4958   .debug_str:000000000000377a .LASF217
C:\Users\zero6575\AppData\Local\Temp\ccmJUzFk.s:4054   .debug_str:0000000000000154 .LASF218
C:\Users\zero6575\AppData\Local\Temp\ccmJUzFk.s:4954   .debug_str:0000000000003722 .LASF219
C:\Users\zero6575\AppData\Local\Temp\ccmJUzFk.s:5442   .debug_str:00000000000051c3 .LASF220
C:\Users\zero6575\AppData\Local\Temp\ccmJUzFk.s:4736   .debug_str:0000000000002849 .LASF221
C:\Users\zero6575\AppData\Local\Temp\ccmJUzFk.s:4310   .debug_str:0000000000000f94 .LASF222
C:\Users\zero6575\AppData\Local\Temp\ccmJUzFk.s:4032   .debug_str:000000000000004b .LASF223
C:\Users\zero6575\AppData\Local\Temp\ccmJUzFk.s:4562   .debug_str:0000000000001f4b .LASF224
C:\Users\zero6575\AppData\Local\Temp\ccmJUzFk.s:4988   .debug_str:0000000000003926 .LASF225
C:\Users\zero6575\AppData\Local\Temp\ccmJUzFk.s:4554   .debug_str:0000000000001ef1 .LASF226
C:\Users\zero6575\AppData\Local\Temp\ccmJUzFk.s:5504   .debug_str:00000000000054ed .LASF227
C:\Users\zero6575\AppData\Local\Temp\ccmJUzFk.s:4498   .debug_str:0000000000001b97 .LASF228
C:\Users\zero6575\AppData\Local\Temp\ccmJUzFk.s:5304   .debug_str:0000000000004928 .LASF229
C:\Users\zero6575\AppData\Local\Temp\ccmJUzFk.s:5322   .debug_str:0000000000004a0b .LASF230
C:\Users\zero6575\AppData\Local\Temp\ccmJUzFk.s:4820   .debug_str:0000000000002c7d .LASF231
C:\Users\zero6575\AppData\Local\Temp\ccmJUzFk.s:5168   .debug_str:0000000000004221 .LASF232
C:\Users\zero6575\AppData\Local\Temp\ccmJUzFk.s:4150   .debug_str:000000000000070c .LASF233
C:\Users\zero6575\AppData\Local\Temp\ccmJUzFk.s:5626   .debug_str:0000000000005bf2 .LASF234
C:\Users\zero6575\AppData\Local\Temp\ccmJUzFk.s:5218   .debug_str:000000000000447f .LASF235
C:\Users\zero6575\AppData\Local\Temp\ccmJUzFk.s:5042   .debug_str:0000000000003b29 .LASF236
C:\Users\zero6575\AppData\Local\Temp\ccmJUzFk.s:4812   .debug_str:0000000000002c21 .LASF237
C:\Users\zero6575\AppData\Local\Temp\ccmJUzFk.s:4670   .debug_str:0000000000002527 .LASF238
C:\Users\zero6575\AppData\Local\Temp\ccmJUzFk.s:4832   .debug_str:0000000000002dff .LASF239
C:\Users\zero6575\AppData\Local\Temp\ccmJUzFk.s:4292   .debug_str:0000000000000ea5 .LASF240
C:\Users\zero6575\AppData\Local\Temp\ccmJUzFk.s:4956   .debug_str:000000000000373c .LASF241
C:\Users\zero6575\AppData\Local\Temp\ccmJUzFk.s:5160   .debug_str:00000000000041a7 .LASF242
C:\Users\zero6575\AppData\Local\Temp\ccmJUzFk.s:5654   .debug_str:0000000000005dd8 .LASF243
C:\Users\zero6575\AppData\Local\Temp\ccmJUzFk.s:4420   .debug_str:00000000000016fe .LASF244
C:\Users\zero6575\AppData\Local\Temp\ccmJUzFk.s:4780   .debug_str:0000000000002a97 .LASF245
C:\Users\zero6575\AppData\Local\Temp\ccmJUzFk.s:4274   .debug_str:0000000000000d72 .LASF246
C:\Users\zero6575\AppData\Local\Temp\ccmJUzFk.s:4296   .debug_str:0000000000000ec9 .LASF247
C:\Users\zero6575\AppData\Local\Temp\ccmJUzFk.s:4768   .debug_str:00000000000029fc .LASF248
C:\Users\zero6575\AppData\Local\Temp\ccmJUzFk.s:4088   .debug_str:00000000000002d6 .LASF249
C:\Users\zero6575\AppData\Local\Temp\ccmJUzFk.s:5138   .debug_str:00000000000040c6 .LASF250
C:\Users\zero6575\AppData\Local\Temp\ccmJUzFk.s:4716   .debug_str:0000000000002757 .LASF251
C:\Users\zero6575\AppData\Local\Temp\ccmJUzFk.s:5378   .debug_str:0000000000004d92 .LASF252
C:\Users\zero6575\AppData\Local\Temp\ccmJUzFk.s:4240   .debug_str:0000000000000b4e .LASF253
C:\Users\zero6575\AppData\Local\Temp\ccmJUzFk.s:4126   .debug_str:00000000000004d0 .LASF254
C:\Users\zero6575\AppData\Local\Temp\ccmJUzFk.s:4154   .debug_str:0000000000000731 .LASF255
C:\Users\zero6575\AppData\Local\Temp\ccmJUzFk.s:5280   .debug_str:00000000000047a4 .LASF256
C:\Users\zero6575\AppData\Local\Temp\ccmJUzFk.s:4090   .debug_str:00000000000002e8 .LASF257
C:\Users\zero6575\AppData\Local\Temp\ccmJUzFk.s:5124   .debug_str:0000000000004007 .LASF258
C:\Users\zero6575\AppData\Local\Temp\ccmJUzFk.s:4324   .debug_str:000000000000106e .LASF259
C:\Users\zero6575\AppData\Local\Temp\ccmJUzFk.s:4616   .debug_str:0000000000002259 .LASF260
C:\Users\zero6575\AppData\Local\Temp\ccmJUzFk.s:5112   .debug_str:0000000000003f35 .LASF261
C:\Users\zero6575\AppData\Local\Temp\ccmJUzFk.s:5080   .debug_str:0000000000003d74 .LASF262
C:\Users\zero6575\AppData\Local\Temp\ccmJUzFk.s:4528   .debug_str:0000000000001d6b .LASF263
C:\Users\zero6575\AppData\Local\Temp\ccmJUzFk.s:5096   .debug_str:0000000000003e22 .LASF264
C:\Users\zero6575\AppData\Local\Temp\ccmJUzFk.s:4108   .debug_str:000000000000041c .LASF265
C:\Users\zero6575\AppData\Local\Temp\ccmJUzFk.s:4596   .debug_str:0000000000002157 .LASF266
C:\Users\zero6575\AppData\Local\Temp\ccmJUzFk.s:4232   .debug_str:0000000000000b00 .LASF267
C:\Users\zero6575\AppData\Local\Temp\ccmJUzFk.s:4074   .debug_str:0000000000000222 .LASF268
C:\Users\zero6575\AppData\Local\Temp\ccmJUzFk.s:5182   .debug_str:00000000000042c5 .LASF269
C:\Users\zero6575\AppData\Local\Temp\ccmJUzFk.s:4612   .debug_str:0000000000002231 .LASF270
C:\Users\zero6575\AppData\Local\Temp\ccmJUzFk.s:4116   .debug_str:0000000000000464 .LASF271
C:\Users\zero6575\AppData\Local\Temp\ccmJUzFk.s:5406   .debug_str:0000000000004f62 .LASF272
C:\Users\zero6575\AppData\Local\Temp\ccmJUzFk.s:4372   .debug_str:0000000000001376 .LASF273
C:\Users\zero6575\AppData\Local\Temp\ccmJUzFk.s:5574   .debug_str:0000000000005887 .LASF274
C:\Users\zero6575\AppData\Local\Temp\ccmJUzFk.s:4636   .debug_str:0000000000002388 .LASF275
C:\Users\zero6575\AppData\Local\Temp\ccmJUzFk.s:5028   .debug_str:0000000000003abb .LASF276
C:\Users\zero6575\AppData\Local\Temp\ccmJUzFk.s:4302   .debug_str:0000000000000f2d .LASF277
C:\Users\zero6575\AppData\Local\Temp\ccmJUzFk.s:5318   .debug_str:00000000000049d6 .LASF278
C:\Users\zero6575\AppData\Local\Temp\ccmJUzFk.s:4216   .debug_str:00000000000009fe .LASF279
C:\Users\zero6575\AppData\Local\Temp\ccmJUzFk.s:4064   .debug_str:00000000000001b7 .LASF280
C:\Users\zero6575\AppData\Local\Temp\ccmJUzFk.s:4034   .debug_str:0000000000000069 .LASF281
C:\Users\zero6575\AppData\Local\Temp\ccmJUzFk.s:5328   .debug_str:0000000000004a87 .LASF282
C:\Users\zero6575\AppData\Local\Temp\ccmJUzFk.s:5326   .debug_str:0000000000004a72 .LASF283
C:\Users\zero6575\AppData\Local\Temp\ccmJUzFk.s:4646   .debug_str:00000000000023f5 .LASF284
C:\Users\zero6575\AppData\Local\Temp\ccmJUzFk.s:4398   .debug_str:0000000000001586 .LASF285
C:\Users\zero6575\AppData\Local\Temp\ccmJUzFk.s:5374   .debug_str:0000000000004d59 .LASF286
C:\Users\zero6575\AppData\Local\Temp\ccmJUzFk.s:5158   .debug_str:0000000000004182 .LASF287
C:\Users\zero6575\AppData\Local\Temp\ccmJUzFk.s:4818   .debug_str:0000000000002c58 .LASF288
C:\Users\zero6575\AppData\Local\Temp\ccmJUzFk.s:4318   .debug_str:0000000000001006 .LASF289
C:\Users\zero6575\AppData\Local\Temp\ccmJUzFk.s:5044   .debug_str:0000000000003b44 .LASF290
C:\Users\zero6575\AppData\Local\Temp\ccmJUzFk.s:4770   .debug_str:0000000000002a14 .LASF291
C:\Users\zero6575\AppData\Local\Temp\ccmJUzFk.s:4406   .debug_str:0000000000001609 .LASF292
C:\Users\zero6575\AppData\Local\Temp\ccmJUzFk.s:4042   .debug_str:00000000000000c4 .LASF293
C:\Users\zero6575\AppData\Local\Temp\ccmJUzFk.s:4580   .debug_str:0000000000002076 .LASF294
C:\Users\zero6575\AppData\Local\Temp\ccmJUzFk.s:5300   .debug_str:00000000000048f3 .LASF295
C:\Users\zero6575\AppData\Local\Temp\ccmJUzFk.s:4836   .debug_str:0000000000002e2f .LASF296
C:\Users\zero6575\AppData\Local\Temp\ccmJUzFk.s:4876   .debug_str:0000000000003367 .LASF297
C:\Users\zero6575\AppData\Local\Temp\ccmJUzFk.s:4584   .debug_str:000000000000209d .LASF298
C:\Users\zero6575\AppData\Local\Temp\ccmJUzFk.s:4660   .debug_str:00000000000024bd .LASF299
C:\Users\zero6575\AppData\Local\Temp\ccmJUzFk.s:4692   .debug_str:0000000000002635 .LASF300
C:\Users\zero6575\AppData\Local\Temp\ccmJUzFk.s:4500   .debug_str:0000000000001bd6 .LASF301
C:\Users\zero6575\AppData\Local\Temp\ccmJUzFk.s:5238   .debug_str:000000000000458e .LASF302
C:\Users\zero6575\AppData\Local\Temp\ccmJUzFk.s:4908   .debug_str:0000000000003564 .LASF303
C:\Users\zero6575\AppData\Local\Temp\ccmJUzFk.s:5460   .debug_str:00000000000052e1 .LASF304
C:\Users\zero6575\AppData\Local\Temp\ccmJUzFk.s:5002   .debug_str:000000000000399f .LASF305
C:\Users\zero6575\AppData\Local\Temp\ccmJUzFk.s:4030   .debug_str:0000000000000041 .LASF306
C:\Users\zero6575\AppData\Local\Temp\ccmJUzFk.s:5594   .debug_str:0000000000005979 .LASF307
C:\Users\zero6575\AppData\Local\Temp\ccmJUzFk.s:5278   .debug_str:0000000000004793 .LASF308
C:\Users\zero6575\AppData\Local\Temp\ccmJUzFk.s:4410   .debug_str:0000000000001660 .LASF309
C:\Users\zero6575\AppData\Local\Temp\ccmJUzFk.s:4378   .debug_str:000000000000149f .LASF310
C:\Users\zero6575\AppData\Local\Temp\ccmJUzFk.s:4084   .debug_str:00000000000002a8 .LASF311
C:\Users\zero6575\AppData\Local\Temp\ccmJUzFk.s:4526   .debug_str:0000000000001d5b .LASF312
C:\Users\zero6575\AppData\Local\Temp\ccmJUzFk.s:4036   .debug_str:0000000000000084 .LASF313
C:\Users\zero6575\AppData\Local\Temp\ccmJUzFk.s:4222   .debug_str:0000000000000a4e .LASF314
C:\Users\zero6575\AppData\Local\Temp\ccmJUzFk.s:4048   .debug_str:0000000000000117 .LASF315
C:\Users\zero6575\AppData\Local\Temp\ccmJUzFk.s:4168   .debug_str:00000000000007d9 .LASF316
C:\Users\zero6575\AppData\Local\Temp\ccmJUzFk.s:5468   .debug_str:000000000000534c .LASF317
C:\Users\zero6575\AppData\Local\Temp\ccmJUzFk.s:4688   .debug_str:000000000000260d .LASF318
C:\Users\zero6575\AppData\Local\Temp\ccmJUzFk.s:5050   .debug_str:0000000000003b7d .LASF319
C:\Users\zero6575\AppData\Local\Temp\ccmJUzFk.s:4026   .debug_str:0000000000000017 .LASF320
C:\Users\zero6575\AppData\Local\Temp\ccmJUzFk.s:4140   .debug_str:000000000000068c .LASF321
C:\Users\zero6575\AppData\Local\Temp\ccmJUzFk.s:4038   .debug_str:000000000000009d .LASF322
C:\Users\zero6575\AppData\Local\Temp\ccmJUzFk.s:5180   .debug_str:00000000000042b2 .LASF323
C:\Users\zero6575\AppData\Local\Temp\ccmJUzFk.s:5098   .debug_str:0000000000003e37 .LASF324
C:\Users\zero6575\AppData\Local\Temp\ccmJUzFk.s:4870   .debug_str:0000000000003241 .LASF325
C:\Users\zero6575\AppData\Local\Temp\ccmJUzFk.s:5110   .debug_str:0000000000003f10 .LASF326
C:\Users\zero6575\AppData\Local\Temp\ccmJUzFk.s:5424   .debug_str:0000000000004fef .LASF327
C:\Users\zero6575\AppData\Local\Temp\ccmJUzFk.s:4806   .debug_str:0000000000002bdd .LASF328
C:\Users\zero6575\AppData\Local\Temp\ccmJUzFk.s:4394   .debug_str:0000000000001561 .LASF329
C:\Users\zero6575\AppData\Local\Temp\ccmJUzFk.s:5636   .debug_str:0000000000005c6a .LASF330
C:\Users\zero6575\AppData\Local\Temp\ccmJUzFk.s:4574   .debug_str:0000000000002034 .LASF331
C:\Users\zero6575\AppData\Local\Temp\ccmJUzFk.s:4744   .debug_str:00000000000028d2 .LASF332
C:\Users\zero6575\AppData\Local\Temp\ccmJUzFk.s:4602   .debug_str:000000000000219e .LASF333
C:\Users\zero6575\AppData\Local\Temp\ccmJUzFk.s:4112   .debug_str:0000000000000446 .LASF334
C:\Users\zero6575\AppData\Local\Temp\ccmJUzFk.s:4336   .debug_str:0000000000001106 .LASF335
C:\Users\zero6575\AppData\Local\Temp\ccmJUzFk.s:4452   .debug_str:0000000000001923 .LASF336
C:\Users\zero6575\AppData\Local\Temp\ccmJUzFk.s:5562   .debug_str:0000000000005809 .LASF337
C:\Users\zero6575\AppData\Local\Temp\ccmJUzFk.s:5136   .debug_str:00000000000040ab .LASF338
C:\Users\zero6575\AppData\Local\Temp\ccmJUzFk.s:4766   .debug_str:00000000000029e6 .LASF339
C:\Users\zero6575\AppData\Local\Temp\ccmJUzFk.s:5650   .debug_str:0000000000005d80 .LASF340
C:\Users\zero6575\AppData\Local\Temp\ccmJUzFk.s:4712   .debug_str:0000000000002728 .LASF341
C:\Users\zero6575\AppData\Local\Temp\ccmJUzFk.s:4962   .debug_str:000000000000379f .LASF342
C:\Users\zero6575\AppData\Local\Temp\ccmJUzFk.s:4604   .debug_str:00000000000021ab .LASF343
C:\Users\zero6575\AppData\Local\Temp\ccmJUzFk.s:5034   .debug_str:0000000000003ae3 .LASF344
C:\Users\zero6575\AppData\Local\Temp\ccmJUzFk.s:4582   .debug_str:0000000000002095 .LASF345
C:\Users\zero6575\AppData\Local\Temp\ccmJUzFk.s:5600   .debug_str:00000000000059d1 .LASF346
C:\Users\zero6575\AppData\Local\Temp\ccmJUzFk.s:4834   .debug_str:0000000000002e19 .LASF350
C:\Users\zero6575\AppData\Local\Temp\ccmJUzFk.s:5490   .debug_str:0000000000005456 .LASF351
C:\Users\zero6575\AppData\Local\Temp\ccmJUzFk.s:4374   .debug_str:000000000000139c .LASF352
C:\Users\zero6575\AppData\Local\Temp\ccmJUzFk.s:4950   .debug_str:00000000000036f8 .LASF353
C:\Users\zero6575\AppData\Local\Temp\ccmJUzFk.s:5172   .debug_str:0000000000004253 .LASF354
C:\Users\zero6575\AppData\Local\Temp\ccmJUzFk.s:5430   .debug_str:00000000000050c2 .LASF355
C:\Users\zero6575\AppData\Local\Temp\ccmJUzFk.s:4600   .debug_str:000000000000218a .LASF356
C:\Users\zero6575\AppData\Local\Temp\ccmJUzFk.s:4556   .debug_str:0000000000001f0b .LASF357
C:\Users\zero6575\AppData\Local\Temp\ccmJUzFk.s:4764   .debug_str:00000000000029d0 .LASF358
C:\Users\zero6575\AppData\Local\Temp\ccmJUzFk.s:4472   .debug_str:0000000000001a57 .LASF359
C:\Users\zero6575\AppData\Local\Temp\ccmJUzFk.s:4898   .debug_str:00000000000034f5 .LASF360
C:\Users\zero6575\AppData\Local\Temp\ccmJUzFk.s:5380   .debug_str:0000000000004dab .LASF361
C:\Users\zero6575\AppData\Local\Temp\ccmJUzFk.s:4686   .debug_str:00000000000025f6 .LASF362
C:\Users\zero6575\AppData\Local\Temp\ccmJUzFk.s:5658   .debug_str:0000000000005e29 .LASF363
C:\Users\zero6575\AppData\Local\Temp\ccmJUzFk.s:5040   .debug_str:0000000000003b13 .LASF365
C:\Users\zero6575\AppData\Local\Temp\ccmJUzFk.s:5018   .debug_str:0000000000003a61 .LASF366
C:\Users\zero6575\AppData\Local\Temp\ccmJUzFk.s:4592   .debug_str:0000000000002117 .LASF367
C:\Users\zero6575\AppData\Local\Temp\ccmJUzFk.s:4488   .debug_str:0000000000001b17 .LASF368
C:\Users\zero6575\AppData\Local\Temp\ccmJUzFk.s:4268   .debug_str:0000000000000cfb .LASF369
C:\Users\zero6575\AppData\Local\Temp\ccmJUzFk.s:5450   .debug_str:0000000000005237 .LASF370
C:\Users\zero6575\AppData\Local\Temp\ccmJUzFk.s:4564   .debug_str:0000000000001f64 .LASF371
C:\Users\zero6575\AppData\Local\Temp\ccmJUzFk.s:4756   .debug_str:0000000000002969 .LASF372
C:\Users\zero6575\AppData\Local\Temp\ccmJUzFk.s:4710   .debug_str:000000000000271a .LASF373
C:\Users\zero6575\AppData\Local\Temp\ccmJUzFk.s:5550   .debug_str:000000000000575a .LASF374
C:\Users\zero6575\AppData\Local\Temp\ccmJUzFk.s:5662   .debug_str:0000000000005e47 .LASF375
C:\Users\zero6575\AppData\Local\Temp\ccmJUzFk.s:5208   .debug_str:000000000000440a .LASF376
C:\Users\zero6575\AppData\Local\Temp\ccmJUzFk.s:4652   .debug_str:0000000000002430 .LASF377
C:\Users\zero6575\AppData\Local\Temp\ccmJUzFk.s:4924   .debug_str:00000000000035ce .LASF378
C:\Users\zero6575\AppData\Local\Temp\ccmJUzFk.s:5046   .debug_str:0000000000003b62 .LASF379
C:\Users\zero6575\AppData\Local\Temp\ccmJUzFk.s:4910   .debug_str:0000000000003579 .LASF380
C:\Users\zero6575\AppData\Local\Temp\ccmJUzFk.s:5198   .debug_str:00000000000043b0 .LASF381
C:\Users\zero6575\AppData\Local\Temp\ccmJUzFk.s:5074   .debug_str:0000000000003d17 .LASF382
C:\Users\zero6575\AppData\Local\Temp\ccmJUzFk.s:4370   .debug_str:0000000000001360 .LASF383
C:\Users\zero6575\AppData\Local\Temp\ccmJUzFk.s:5148   .debug_str:0000000000004135 .LASF384
C:\Users\zero6575\AppData\Local\Temp\ccmJUzFk.s:4104   .debug_str:00000000000003a2 .LASF385
C:\Users\zero6575\AppData\Local\Temp\ccmJUzFk.s:4028   .debug_str:0000000000000030 .LASF386
C:\Users\zero6575\AppData\Local\Temp\ccmJUzFk.s:5440   .debug_str:00000000000051b3 .LASF387
C:\Users\zero6575\AppData\Local\Temp\ccmJUzFk.s:4164   .debug_str:00000000000007bb .LASF388
C:\Users\zero6575\AppData\Local\Temp\ccmJUzFk.s:5368   .debug_str:0000000000004ccf .LASF389
C:\Users\zero6575\AppData\Local\Temp\ccmJUzFk.s:4206   .debug_str:0000000000000989 .LASF390
C:\Users\zero6575\AppData\Local\Temp\ccmJUzFk.s:4252   .debug_str:0000000000000be1 .LASF391
C:\Users\zero6575\AppData\Local\Temp\ccmJUzFk.s:5088   .debug_str:0000000000003dca .LASF392
C:\Users\zero6575\AppData\Local\Temp\ccmJUzFk.s:4808   .debug_str:0000000000002bf2 .LASF393
C:\Users\zero6575\AppData\Local\Temp\ccmJUzFk.s:5032   .debug_str:0000000000003ad9 .LASF394
C:\Users\zero6575\AppData\Local\Temp\ccmJUzFk.s:4732   .debug_str:000000000000280b .LASF395
C:\Users\zero6575\AppData\Local\Temp\ccmJUzFk.s:5478   .debug_str:00000000000053cd .LASF396
C:\Users\zero6575\AppData\Local\Temp\ccmJUzFk.s:5056   .debug_str:0000000000003bdd .LASF397
C:\Users\zero6575\AppData\Local\Temp\ccmJUzFk.s:4568   .debug_str:0000000000001fbf .LASF398
C:\Users\zero6575\AppData\Local\Temp\ccmJUzFk.s:4230   .debug_str:0000000000000af6 .LASF399
C:\Users\zero6575\AppData\Local\Temp\ccmJUzFk.s:4066   .debug_str:00000000000001f1 .LASF400
C:\Users\zero6575\AppData\Local\Temp\ccmJUzFk.s:5384   .debug_str:0000000000004dcb .LASF401
C:\Users\zero6575\AppData\Local\Temp\ccmJUzFk.s:4218   .debug_str:0000000000000a17 .LASF402
C:\Users\zero6575\AppData\Local\Temp\ccmJUzFk.s:4306   .debug_str:0000000000000f5f .LASF403
C:\Users\zero6575\AppData\Local\Temp\ccmJUzFk.s:5316   .debug_str:00000000000049b4 .LASF404
C:\Users\zero6575\AppData\Local\Temp\ccmJUzFk.s:5358   .debug_str:0000000000004c36 .LASF406
C:\Users\zero6575\AppData\Local\Temp\ccmJUzFk.s:5122   .debug_str:0000000000003ffb .LASF407
C:\Users\zero6575\AppData\Local\Temp\ccmJUzFk.s:4814   .debug_str:0000000000002c3e .LASF408
C:\Users\zero6575\AppData\Local\Temp\ccmJUzFk.s:4868   .debug_str:0000000000003235 .LASF409
C:\Users\zero6575\AppData\Local\Temp\ccmJUzFk.s:4804   .debug_str:0000000000002bd0 .LASF410
C:\Users\zero6575\AppData\Local\Temp\ccmJUzFk.s:4982   .debug_str:00000000000038f9 .LASF411
C:\Users\zero6575\AppData\Local\Temp\ccmJUzFk.s:5200   .debug_str:00000000000043c0 .LASF412
C:\Users\zero6575\AppData\Local\Temp\ccmJUzFk.s:5414   .debug_str:0000000000004fa9 .LASF413
C:\Users\zero6575\AppData\Local\Temp\ccmJUzFk.s:4190   .debug_str:0000000000000910 .LASF414
C:\Users\zero6575\AppData\Local\Temp\ccmJUzFk.s:4790   .debug_str:0000000000002b11 .LASF415
C:\Users\zero6575\AppData\Local\Temp\ccmJUzFk.s:5084   .debug_str:0000000000003da4 .LASF416
C:\Users\zero6575\AppData\Local\Temp\ccmJUzFk.s:5036   .debug_str:0000000000003aea .LASF417
C:\Users\zero6575\AppData\Local\Temp\ccmJUzFk.s:5408   .debug_str:0000000000004f79 .LASF418
C:\Users\zero6575\AppData\Local\Temp\ccmJUzFk.s:4308   .debug_str:0000000000000f88 .LASF419
C:\Users\zero6575\AppData\Local\Temp\ccmJUzFk.s:4170   .debug_str:00000000000007df .LASF420
C:\Users\zero6575\AppData\Local\Temp\ccmJUzFk.s:5092   .debug_str:0000000000003e0d .LASF421
C:\Users\zero6575\AppData\Local\Temp\ccmJUzFk.s:4278   .debug_str:0000000000000da7 .LASF422
C:\Users\zero6575\AppData\Local\Temp\ccmJUzFk.s:4724   .debug_str:00000000000027a3 .LASF423
C:\Users\zero6575\AppData\Local\Temp\ccmJUzFk.s:5214   .debug_str:0000000000004453 .LASF424
C:\Users\zero6575\AppData\Local\Temp\ccmJUzFk.s:5128   .debug_str:0000000000004065 .LASF425
C:\Users\zero6575\AppData\Local\Temp\ccmJUzFk.s:4842   .debug_str:0000000000002e66 .LASF426
C:\Users\zero6575\AppData\Local\Temp\ccmJUzFk.s:5250   .debug_str:0000000000004630 .LASF427
C:\Users\zero6575\AppData\Local\Temp\ccmJUzFk.s:4948   .debug_str:00000000000036e6 .LASF428
C:\Users\zero6575\AppData\Local\Temp\ccmJUzFk.s:5194   .debug_str:0000000000004386 .LASF429
C:\Users\zero6575\AppData\Local\Temp\ccmJUzFk.s:4428   .debug_str:0000000000001797 .LASF430
C:\Users\zero6575\AppData\Local\Temp\ccmJUzFk.s:4340   .debug_str:0000000000001124 .LASF431
C:\Users\zero6575\AppData\Local\Temp\ccmJUzFk.s:4432   .debug_str:00000000000017cf .LASF432
C:\Users\zero6575\AppData\Local\Temp\ccmJUzFk.s:5514   .debug_str:00000000000055b3 .LASF433
C:\Users\zero6575\AppData\Local\Temp\ccmJUzFk.s:5308   .debug_str:000000000000497b .LASF434
C:\Users\zero6575\AppData\Local\Temp\ccmJUzFk.s:4196   .debug_str:0000000000000944 .LASF435
C:\Users\zero6575\AppData\Local\Temp\ccmJUzFk.s:4838   .debug_str:0000000000002e4d .LASF436
C:\Users\zero6575\AppData\Local\Temp\ccmJUzFk.s:4850   .debug_str:0000000000002ec7 .LASF437
C:\Users\zero6575\AppData\Local\Temp\ccmJUzFk.s:5000   .debug_str:0000000000003992 .LASF438
C:\Users\zero6575\AppData\Local\Temp\ccmJUzFk.s:5076   .debug_str:0000000000003d2c .LASF439
C:\Users\zero6575\AppData\Local\Temp\ccmJUzFk.s:4824   .debug_str:0000000000002cce .LASF440
C:\Users\zero6575\AppData\Local\Temp\ccmJUzFk.s:4270   .debug_str:0000000000000d4f .LASF441
C:\Users\zero6575\AppData\Local\Temp\ccmJUzFk.s:4888   .debug_str:0000000000003493 .LASF442
C:\Users\zero6575\AppData\Local\Temp\ccmJUzFk.s:5252   .debug_str:000000000000463e .LASF443
C:\Users\zero6575\AppData\Local\Temp\ccmJUzFk.s:4614   .debug_str:000000000000224a .LASF444
C:\Users\zero6575\AppData\Local\Temp\ccmJUzFk.s:5472   .debug_str:0000000000005386 .LASF445
C:\Users\zero6575\AppData\Local\Temp\ccmJUzFk.s:5232   .debug_str:0000000000004523 .LASF446
C:\Users\zero6575\AppData\Local\Temp\ccmJUzFk.s:5094   .debug_str:0000000000003e16 .LASF447
C:\Users\zero6575\AppData\Local\Temp\ccmJUzFk.s:4202   .debug_str:0000000000000971 .LASF448
C:\Users\zero6575\AppData\Local\Temp\ccmJUzFk.s:5264   .debug_str:00000000000046c3 .LASF449
C:\Users\zero6575\AppData\Local\Temp\ccmJUzFk.s:5010   .debug_str:0000000000003a03 .LASF450
C:\Users\zero6575\AppData\Local\Temp\ccmJUzFk.s:4964   .debug_str:00000000000037ab .LASF451
C:\Users\zero6575\AppData\Local\Temp\ccmJUzFk.s:5532   .debug_str:0000000000005683 .LASF452
C:\Users\zero6575\AppData\Local\Temp\ccmJUzFk.s:4184   .debug_str:00000000000008db .LASF453
C:\Users\zero6575\AppData\Local\Temp\ccmJUzFk.s:4236   .debug_str:0000000000000b37 .LASF454
C:\Users\zero6575\AppData\Local\Temp\ccmJUzFk.s:4638   .debug_str:00000000000023b9 .LASF455
C:\Users\zero6575\AppData\Local\Temp\ccmJUzFk.s:4864   .debug_str:0000000000003212 .LASF456
C:\Users\zero6575\AppData\Local\Temp\ccmJUzFk.s:4762   .debug_str:0000000000002998 .LASF457
C:\Users\zero6575\AppData\Local\Temp\ccmJUzFk.s:5306   .debug_str:0000000000004969 .LASF458
C:\Users\zero6575\AppData\Local\Temp\ccmJUzFk.s:5484   .debug_str:0000000000005410 .LASF459
C:\Users\zero6575\AppData\Local\Temp\ccmJUzFk.s:4518   .debug_str:0000000000001c83 .LASF460
C:\Users\zero6575\AppData\Local\Temp\ccmJUzFk.s:5608   .debug_str:0000000000005aa7 .LASF461
C:\Users\zero6575\AppData\Local\Temp\ccmJUzFk.s:4512   .debug_str:0000000000001c55 .LASF462
C:\Users\zero6575\AppData\Local\Temp\ccmJUzFk.s:4456   .debug_str:0000000000001956 .LASF463
C:\Users\zero6575\AppData\Local\Temp\ccmJUzFk.s:5082   .debug_str:0000000000003d89 .LASF465
C:\Users\zero6575\AppData\Local\Temp\ccmJUzFk.s:4926   .debug_str:00000000000035df .LASF466
C:\Users\zero6575\AppData\Local\Temp\ccmJUzFk.s:5228   .debug_str:0000000000004506 .LASF467
C:\Users\zero6575\AppData\Local\Temp\ccmJUzFk.s:5274   .debug_str:0000000000004741 .LASF468
C:\Users\zero6575\AppData\Local\Temp\ccmJUzFk.s:4694   .debug_str:0000000000002651 .LASF469
C:\Users\zero6575\AppData\Local\Temp\ccmJUzFk.s:4538   .debug_str:0000000000001e10 .LASF470
C:\Users\zero6575\AppData\Local\Temp\ccmJUzFk.s:4894   .debug_str:00000000000034d1 .LASF471
C:\Users\zero6575\AppData\Local\Temp\ccmJUzFk.s:4322   .debug_str:0000000000001059 .LASF472
C:\Users\zero6575\AppData\Local\Temp\ccmJUzFk.s:5004   .debug_str:00000000000039b6 .LASF473
C:\Users\zero6575\AppData\Local\Temp\ccmJUzFk.s:4300   .debug_str:0000000000000f12 .LASF474
C:\Users\zero6575\AppData\Local\Temp\ccmJUzFk.s:4640   .debug_str:00000000000023ca .LASF475
C:\Users\zero6575\AppData\Local\Temp\ccmJUzFk.s:4914   .debug_str:0000000000003593 .LASF476
C:\Users\zero6575\AppData\Local\Temp\ccmJUzFk.s:5150   .debug_str:0000000000004146 .LASF477
C:\Users\zero6575\AppData\Local\Temp\ccmJUzFk.s:5176   .debug_str:0000000000004288 .LASF478
C:\Users\zero6575\AppData\Local\Temp\ccmJUzFk.s:4668   .debug_str:0000000000002517 .LASF479
C:\Users\zero6575\AppData\Local\Temp\ccmJUzFk.s:5350   .debug_str:0000000000004c0a .LASF480
C:\Users\zero6575\AppData\Local\Temp\ccmJUzFk.s:4362   .debug_str:00000000000012f6 .LASF481
C:\Users\zero6575\AppData\Local\Temp\ccmJUzFk.s:4992   .debug_str:0000000000003951 .LASF482
C:\Users\zero6575\AppData\Local\Temp\ccmJUzFk.s:5258   .debug_str:0000000000004659 .LASF483
C:\Users\zero6575\AppData\Local\Temp\ccmJUzFk.s:4742   .debug_str:00000000000028ba .LASF484
C:\Users\zero6575\AppData\Local\Temp\ccmJUzFk.s:5416   .debug_str:0000000000004fb6 .LASF485
C:\Users\zero6575\AppData\Local\Temp\ccmJUzFk.s:4674   .debug_str:0000000000002567 .LASF486
C:\Users\zero6575\AppData\Local\Temp\ccmJUzFk.s:5670   .debug_str:0000000000005e94 .LASF487
C:\Users\zero6575\AppData\Local\Temp\ccmJUzFk.s:5090   .debug_str:0000000000003de0 .LASF488
C:\Users\zero6575\AppData\Local\Temp\ccmJUzFk.s:5458   .debug_str:00000000000052aa .LASF489
C:\Users\zero6575\AppData\Local\Temp\ccmJUzFk.s:5404   .debug_str:0000000000004f45 .LASF490
C:\Users\zero6575\AppData\Local\Temp\ccmJUzFk.s:4730   .debug_str:00000000000027e4 .LASF491
C:\Users\zero6575\AppData\Local\Temp\ccmJUzFk.s:4514   .debug_str:0000000000001c5e .LASF492
C:\Users\zero6575\AppData\Local\Temp\ccmJUzFk.s:5336   .debug_str:0000000000004b23 .LASF493
C:\Users\zero6575\AppData\Local\Temp\ccmJUzFk.s:4678   .debug_str:0000000000002579 .LASF494
C:\Users\zero6575\AppData\Local\Temp\ccmJUzFk.s:4846   .debug_str:0000000000002e80 .LASF495
C:\Users\zero6575\AppData\Local\Temp\ccmJUzFk.s:5224   .debug_str:00000000000044c4 .LASF496
C:\Users\zero6575\AppData\Local\Temp\ccmJUzFk.s:5606   .debug_str:0000000000005a79 .LASF497
C:\Users\zero6575\AppData\Local\Temp\ccmJUzFk.s:5528   .debug_str:0000000000005652 .LASF498
C:\Users\zero6575\AppData\Local\Temp\ccmJUzFk.s:5294   .debug_str:000000000000485c .LASF499
C:\Users\zero6575\AppData\Local\Temp\ccmJUzFk.s:4330   .debug_str:00000000000010ac .LASF500
C:\Users\zero6575\AppData\Local\Temp\ccmJUzFk.s:5486   .debug_str:000000000000541f .LASF501
C:\Users\zero6575\AppData\Local\Temp\ccmJUzFk.s:5448   .debug_str:0000000000005223 .LASF502
C:\Users\zero6575\AppData\Local\Temp\ccmJUzFk.s:5066   .debug_str:0000000000003c7f .LASF503
C:\Users\zero6575\AppData\Local\Temp\ccmJUzFk.s:5302   .debug_str:0000000000004910 .LASF504
C:\Users\zero6575\AppData\Local\Temp\ccmJUzFk.s:4784   .debug_str:0000000000002ac3 .LASF505
C:\Users\zero6575\AppData\Local\Temp\ccmJUzFk.s:5668   .debug_str:0000000000005e7c .LASF506
C:\Users\zero6575\AppData\Local\Temp\ccmJUzFk.s:5394   .debug_str:0000000000004e4f .LASF507
C:\Users\zero6575\AppData\Local\Temp\ccmJUzFk.s:5664   .debug_str:0000000000005e57 .LASF508
C:\Users\zero6575\AppData\Local\Temp\ccmJUzFk.s:4978   .debug_str:000000000000386c .LASF509
C:\Users\zero6575\AppData\Local\Temp\ccmJUzFk.s:5618   .debug_str:0000000000005b50 .LASF510
C:\Users\zero6575\AppData\Local\Temp\ccmJUzFk.s:4224   .debug_str:0000000000000a66 .LASF511
C:\Users\zero6575\AppData\Local\Temp\ccmJUzFk.s:4046   .debug_str:0000000000000100 .LASF512
C:\Users\zero6575\AppData\Local\Temp\ccmJUzFk.s:4078   .debug_str:0000000000000262 .LASF513
C:\Users\zero6575\AppData\Local\Temp\ccmJUzFk.s:4376   .debug_str:00000000000013a9 .LASF514
C:\Users\zero6575\AppData\Local\Temp\ccmJUzFk.s:5426   .debug_str:0000000000005005 .LASF515
C:\Users\zero6575\AppData\Local\Temp\ccmJUzFk.s:5282   .debug_str:00000000000047e3 .LASF516
C:\Users\zero6575\AppData\Local\Temp\ccmJUzFk.s:4262   .debug_str:0000000000000c40 .LASF517
C:\Users\zero6575\AppData\Local\Temp\ccmJUzFk.s:4182   .debug_str:0000000000000872 .LASF518
C:\Users\zero6575\AppData\Local\Temp\ccmJUzFk.s:4830   .debug_str:0000000000002d6f .LASF519
C:\Users\zero6575\AppData\Local\Temp\ccmJUzFk.s:4128   .debug_str:00000000000004ea .LASF520
C:\Users\zero6575\AppData\Local\Temp\ccmJUzFk.s:5396   .debug_str:0000000000004e67 .LASF521
C:\Users\zero6575\AppData\Local\Temp\ccmJUzFk.s:4874   .debug_str:00000000000032c9 .LASF522
C:\Users\zero6575\AppData\Local\Temp\ccmJUzFk.s:4880   .debug_str:00000000000033b4 .LASF523
C:\Users\zero6575\AppData\Local\Temp\ccmJUzFk.s:4872   .debug_str:000000000000326e .LASF524
C:\Users\zero6575\AppData\Local\Temp\ccmJUzFk.s:4852   .debug_str:0000000000002ed4 .LASF525
C:\Users\zero6575\AppData\Local\Temp\ccmJUzFk.s:4980   .debug_str:0000000000003884 .LASF526
C:\Users\zero6575\AppData\Local\Temp\ccmJUzFk.s:4632   .debug_str:0000000000002324 .LASF527
C:\Users\zero6575\AppData\Local\Temp\ccmJUzFk.s:4502   .debug_str:0000000000001bf2 .LASF528
C:\Users\zero6575\AppData\Local\Temp\ccmJUzFk.s:5240   .debug_str:00000000000045a3 .LASF529
C:\Users\zero6575\AppData\Local\Temp\ccmJUzFk.s:4368   .debug_str:0000000000001333 .LASF530
C:\Users\zero6575\AppData\Local\Temp\ccmJUzFk.s:4882   .debug_str:000000000000341c .LASF531
C:\Users\zero6575\AppData\Local\Temp\ccmJUzFk.s:4058   .debug_str:0000000000000175 .LASF532
C:\Users\zero6575\AppData\Local\Temp\ccmJUzFk.s:5564   .debug_str:0000000000005824 .LASF533
C:\Users\zero6575\AppData\Local\Temp\ccmJUzFk.s:4356   .debug_str:0000000000001299 .LASF534
C:\Users\zero6575\AppData\Local\Temp\ccmJUzFk.s:4618   .debug_str:0000000000002273 .LASF535
C:\Users\zero6575\AppData\Local\Temp\ccmJUzFk.s:5444   .debug_str:00000000000051db .LASF536
C:\Users\zero6575\AppData\Local\Temp\ccmJUzFk.s:4878   .debug_str:0000000000003386 .LASF537
C:\Users\zero6575\AppData\Local\Temp\ccmJUzFk.s:5290   .debug_str:0000000000004824 .LASF538
C:\Users\zero6575\AppData\Local\Temp\ccmJUzFk.s:4532   .debug_str:0000000000001daf .LASF539
C:\Users\zero6575\AppData\Local\Temp\ccmJUzFk.s:4320   .debug_str:0000000000001024 .LASF540
C:\Users\zero6575\AppData\Local\Temp\ccmJUzFk.s:5558   .debug_str:00000000000057cc .LASF541
C:\Users\zero6575\AppData\Local\Temp\ccmJUzFk.s:4572   .debug_str:0000000000001ffd .LASF542
C:\Users\zero6575\AppData\Local\Temp\ccmJUzFk.s:5634   .debug_str:0000000000005c33 .LASF543
C:\Users\zero6575\AppData\Local\Temp\ccmJUzFk.s:4750   .debug_str:0000000000002914 .LASF544
C:\Users\zero6575\AppData\Local\Temp\ccmJUzFk.s:4248   .debug_str:0000000000000ba2 .LASF545
C:\Users\zero6575\AppData\Local\Temp\ccmJUzFk.s:4444   .debug_str:0000000000001877 .LASF546
C:\Users\zero6575\AppData\Local\Temp\ccmJUzFk.s:4822   .debug_str:0000000000002c95 .LASF547
C:\Users\zero6575\AppData\Local\Temp\ccmJUzFk.s:5260   .debug_str:0000000000004673 .LASF548
C:\Users\zero6575\AppData\Local\Temp\ccmJUzFk.s:5334   .debug_str:0000000000004af4 .LASF549
C:\Users\zero6575\AppData\Local\Temp\ccmJUzFk.s:5186   .debug_str:00000000000042f2 .LASF550
C:\Users\zero6575\AppData\Local\Temp\ccmJUzFk.s:4530   .debug_str:0000000000001d83 .LASF551
C:\Users\zero6575\AppData\Local\Temp\ccmJUzFk.s:5108   .debug_str:0000000000003eb8 .LASF552
C:\Users\zero6575\AppData\Local\Temp\ccmJUzFk.s:4080   .debug_str:0000000000000278 .LASF553
C:\Users\zero6575\AppData\Local\Temp\ccmJUzFk.s:5388   .debug_str:0000000000004e00 .LASF554
C:\Users\zero6575\AppData\Local\Temp\ccmJUzFk.s:4542   .debug_str:0000000000001e5f .LASF555
C:\Users\zero6575\AppData\Local\Temp\ccmJUzFk.s:5324   .debug_str:0000000000004a51 .LASF556
C:\Users\zero6575\AppData\Local\Temp\ccmJUzFk.s:4788   .debug_str:0000000000002af3 .LASF557
C:\Users\zero6575\AppData\Local\Temp\ccmJUzFk.s:4442   .debug_str:0000000000001866 .LASF559
C:\Users\zero6575\AppData\Local\Temp\ccmJUzFk.s:5386   .debug_str:0000000000004df3 .LASF560
C:\Users\zero6575\AppData\Local\Temp\ccmJUzFk.s:4916   .debug_str:00000000000035ae .LASF561
C:\Users\zero6575\AppData\Local\Temp\ccmJUzFk.s:5268   .debug_str:00000000000046d9 .LASF562
C:\Users\zero6575\AppData\Local\Temp\ccmJUzFk.s:4396   .debug_str:0000000000001577 .LASF563
C:\Users\zero6575\AppData\Local\Temp\ccmJUzFk.s:5580   .debug_str:00000000000058ef .LASF564
C:\Users\zero6575\AppData\Local\Temp\ccmJUzFk.s:4728   .debug_str:00000000000027ce .LASF565
C:\Users\zero6575\AppData\Local\Temp\ccmJUzFk.s:4576   .debug_str:0000000000002045 .LASF566
C:\Users\zero6575\AppData\Local\Temp\ccmJUzFk.s:4426   .debug_str:0000000000001774 .LASF567
C:\Users\zero6575\AppData\Local\Temp\ccmJUzFk.s:5418   .debug_str:0000000000004fbe .LASF568
C:\Users\zero6575\AppData\Local\Temp\ccmJUzFk.s:4198   .debug_str:000000000000094e .LASF569
C:\Users\zero6575\AppData\Local\Temp\ccmJUzFk.s:5666   .debug_str:0000000000005e6f .LASF570
C:\Users\zero6575\AppData\Local\Temp\ccmJUzFk.s:5314   .debug_str:00000000000049a8 .LASF571
C:\Users\zero6575\AppData\Local\Temp\ccmJUzFk.s:4234   .debug_str:0000000000000b19 .LASF572
C:\Users\zero6575\AppData\Local\Temp\ccmJUzFk.s:4544   .debug_str:0000000000001e72 .LASF573
C:\Users\zero6575\AppData\Local\Temp\ccmJUzFk.s:5262   .debug_str:00000000000046b0 .LASF574
C:\Users\zero6575\AppData\Local\Temp\ccmJUzFk.s:5162   .debug_str:00000000000041e5 .LASF575
C:\Users\zero6575\AppData\Local\Temp\ccmJUzFk.s:5346   .debug_str:0000000000004bd9 .LASF576
C:\Users\zero6575\AppData\Local\Temp\ccmJUzFk.s:4606   .debug_str:00000000000021b6 .LASF577
C:\Users\zero6575\AppData\Local\Temp\ccmJUzFk.s:5506   .debug_str:000000000000552c .LASF578
C:\Users\zero6575\AppData\Local\Temp\ccmJUzFk.s:4092   .debug_str:0000000000000329 .LASF579
C:\Users\zero6575\AppData\Local\Temp\ccmJUzFk.s:5338   .debug_str:0000000000004b4b .LASF580
C:\Users\zero6575\AppData\Local\Temp\ccmJUzFk.s:4024   .debug_str:0000000000000000 .LASF581
C:\Users\zero6575\AppData\Local\Temp\ccmJUzFk.s:5342   .debug_str:0000000000004b77 .LASF582
C:\Users\zero6575\AppData\Local\Temp\ccmJUzFk.s:4260   .debug_str:0000000000000c20 .LASF583
C:\Users\zero6575\AppData\Local\Temp\ccmJUzFk.s:4578   .debug_str:0000000000002059 .LASF584
C:\Users\zero6575\AppData\Local\Temp\ccmJUzFk.s:5070   .debug_str:0000000000003cf3 .LASF585
C:\Users\zero6575\AppData\Local\Temp\ccmJUzFk.s:5494   .debug_str:0000000000005476 .LASF586
C:\Users\zero6575\AppData\Local\Temp\ccmJUzFk.s:5164   .debug_str:00000000000041f4 .LASF587
C:\Users\zero6575\AppData\Local\Temp\ccmJUzFk.s:5598   .debug_str:0000000000005998 .LASF588
C:\Users\zero6575\AppData\Local\Temp\ccmJUzFk.s:4496   .debug_str:0000000000001b79 .LASF589
C:\Users\zero6575\AppData\Local\Temp\ccmJUzFk.s:4438   .debug_str:0000000000001830 .LASF590
C:\Users\zero6575\AppData\Local\Temp\ccmJUzFk.s:4940   .debug_str:0000000000003689 .LASF591
C:\Users\zero6575\AppData\Local\Temp\ccmJUzFk.s:4598   .debug_str:0000000000002173 .LASF592
C:\Users\zero6575\AppData\Local\Temp\ccmJUzFk.s:4210   .debug_str:00000000000009b1 .LASF593
C:\Users\zero6575\AppData\Local\Temp\ccmJUzFk.s:4276   .debug_str:0000000000000d8c .LASF594
C:\Users\zero6575\AppData\Local\Temp\ccmJUzFk.s:4792   .debug_str:0000000000002b25 .LASF595
C:\Users\zero6575\AppData\Local\Temp\ccmJUzFk.s:4662   .debug_str:00000000000024de .LASF596
C:\Users\zero6575\AppData\Local\Temp\ccmJUzFk.s:5536   .debug_str:000000000000569f .LASF597
C:\Users\zero6575\AppData\Local\Temp\ccmJUzFk.s:4346   .debug_str:0000000000001227 .LASF598
C:\Users\zero6575\AppData\Local\Temp\ccmJUzFk.s:4480   .debug_str:0000000000001aaa .LASF599
C:\Users\zero6575\AppData\Local\Temp\ccmJUzFk.s:4208   .debug_str:000000000000099b .LASF600
C:\Users\zero6575\AppData\Local\Temp\ccmJUzFk.s:4086   .debug_str:00000000000002b9 .LASF601
C:\Users\zero6575\AppData\Local\Temp\ccmJUzFk.s:5062   .debug_str:0000000000003c2e .LASF602
C:\Users\zero6575\AppData\Local\Temp\ccmJUzFk.s:5152   .debug_str:000000000000414c .LASF603
C:\Users\zero6575\AppData\Local\Temp\ccmJUzFk.s:4338   .debug_str:0000000000001116 .LASF604
C:\Users\zero6575\AppData\Local\Temp\ccmJUzFk.s:5220   .debug_str:0000000000004491 .LASF605
C:\Users\zero6575\AppData\Local\Temp\ccmJUzFk.s:5038   .debug_str:0000000000003aff .LASF606
C:\Users\zero6575\AppData\Local\Temp\ccmJUzFk.s:4050   .debug_str:0000000000000121 .LASF607
C:\Users\zero6575\AppData\Local\Temp\ccmJUzFk.s:5144   .debug_str:00000000000040f8 .LASF608
C:\Users\zero6575\AppData\Local\Temp\ccmJUzFk.s:5452   .debug_str:0000000000005264 .LASF609
C:\Users\zero6575\AppData\Local\Temp\ccmJUzFk.s:5470   .debug_str:0000000000005361 .LASF610
C:\Users\zero6575\AppData\Local\Temp\ccmJUzFk.s:5178   .debug_str:0000000000004291 .LASF611
C:\Users\zero6575\AppData\Local\Temp\ccmJUzFk.s:5648   .debug_str:0000000000005d5b .LASF612
C:\Users\zero6575\AppData\Local\Temp\ccmJUzFk.s:4148   .debug_str:00000000000006df .LASF613
C:\Users\zero6575\AppData\Local\Temp\ccmJUzFk.s:4680   .debug_str:0000000000002599 .LASF614
C:\Users\zero6575\AppData\Local\Temp\ccmJUzFk.s:5188   .debug_str:000000000000432c .LASF615
C:\Users\zero6575\AppData\Local\Temp\ccmJUzFk.s:4464   .debug_str:00000000000019e1 .LASF616
C:\Users\zero6575\AppData\Local\Temp\ccmJUzFk.s:4408   .debug_str:000000000000162b .LASF617
C:\Users\zero6575\AppData\Local\Temp\ccmJUzFk.s:4610   .debug_str:00000000000021f4 .LASF618
C:\Users\zero6575\AppData\Local\Temp\ccmJUzFk.s:4740   .debug_str:00000000000028a1 .LASF619
C:\Users\zero6575\AppData\Local\Temp\ccmJUzFk.s:5058   .debug_str:0000000000003beb .LASF620
C:\Users\zero6575\AppData\Local\Temp\ccmJUzFk.s:5510   .debug_str:0000000000005556 .LASF621
C:\Users\zero6575\AppData\Local\Temp\ccmJUzFk.s:5680   .debug_str:0000000000005f2e .LASF622
C:\Users\zero6575\AppData\Local\Temp\ccmJUzFk.s:4490   .debug_str:0000000000001b28 .LASF623
C:\Users\zero6575\AppData\Local\Temp\ccmJUzFk.s:5616   .debug_str:0000000000005b24 .LASF624
C:\Users\zero6575\AppData\Local\Temp\ccmJUzFk.s:4704   .debug_str:00000000000026c1 .LASF625
C:\Users\zero6575\AppData\Local\Temp\ccmJUzFk.s:5376   .debug_str:0000000000004d69 .LASF626
C:\Users\zero6575\AppData\Local\Temp\ccmJUzFk.s:5438   .debug_str:0000000000005178 .LASF627
C:\Users\zero6575\AppData\Local\Temp\ccmJUzFk.s:4886   .debug_str:0000000000003460 .LASF628
C:\Users\zero6575\AppData\Local\Temp\ccmJUzFk.s:4974   .debug_str:000000000000382d .LASF629
C:\Users\zero6575\AppData\Local\Temp\ccmJUzFk.s:5540   .debug_str:00000000000056d0 .LASF630
C:\Users\zero6575\AppData\Local\Temp\ccmJUzFk.s:4418   .debug_str:00000000000016cf .LASF631
C:\Users\zero6575\AppData\Local\Temp\ccmJUzFk.s:5054   .debug_str:0000000000003bad .LASF632
C:\Users\zero6575\AppData\Local\Temp\ccmJUzFk.s:4298   .debug_str:0000000000000ee4 .LASF633
C:\Users\zero6575\AppData\Local\Temp\ccmJUzFk.s:4548   .debug_str:0000000000001e8c .LASF634
C:\Users\zero6575\AppData\Local\Temp\ccmJUzFk.s:5672   .debug_str:0000000000005ea4 .LASF635
C:\Users\zero6575\AppData\Local\Temp\ccmJUzFk.s:4700   .debug_str:000000000000267c .LASF636
C:\Users\zero6575\AppData\Local\Temp\ccmJUzFk.s:5398   .debug_str:0000000000004edc .LASF637
C:\Users\zero6575\AppData\Local\Temp\ccmJUzFk.s:4522   .debug_str:0000000000001cab .LASF638
C:\Users\zero6575\AppData\Local\Temp\ccmJUzFk.s:5372   .debug_str:0000000000004cfa .LASF639
C:\Users\zero6575\AppData\Local\Temp\ccmJUzFk.s:5118   .debug_str:0000000000003f63 .LASF640
C:\Users\zero6575\AppData\Local\Temp\ccmJUzFk.s:4446   .debug_str:00000000000018b4 .LASF641
C:\Users\zero6575\AppData\Local\Temp\ccmJUzFk.s:5622   .debug_str:0000000000005b74 .LASF642
C:\Users\zero6575\AppData\Local\Temp\ccmJUzFk.s:5638   .debug_str:0000000000005c7e .LASF643
C:\Users\zero6575\AppData\Local\Temp\ccmJUzFk.s:5134   .debug_str:0000000000004088 .LASF644
C:\Users\zero6575\AppData\Local\Temp\ccmJUzFk.s:4106   .debug_str:00000000000003b9 .LASF645
C:\Users\zero6575\AppData\Local\Temp\ccmJUzFk.s:4226   .debug_str:0000000000000a7f .LASF646
C:\Users\zero6575\AppData\Local\Temp\ccmJUzFk.s:4828   .debug_str:0000000000002cf8 .LASF647
C:\Users\zero6575\AppData\Local\Temp\ccmJUzFk.s:5434   .debug_str:000000000000511b .LASF648
C:\Users\zero6575\AppData\Local\Temp\ccmJUzFk.s:4460   .debug_str:000000000000197e .LASF649
C:\Users\zero6575\AppData\Local\Temp\ccmJUzFk.s:5454   .debug_str:0000000000005287 .LASF650
C:\Users\zero6575\AppData\Local\Temp\ccmJUzFk.s:5332   .debug_str:0000000000004adb .LASF651
C:\Users\zero6575\AppData\Local\Temp\ccmJUzFk.s:4102   .debug_str:0000000000000382 .LASF652
C:\Users\zero6575\AppData\Local\Temp\ccmJUzFk.s:4550   .debug_str:0000000000001ec2 .LASF653
C:\Users\zero6575\AppData\Local\Temp\ccmJUzFk.s:5320   .debug_str:00000000000049ee .LASF654
C:\Users\zero6575\AppData\Local\Temp\ccmJUzFk.s:4486   .debug_str:0000000000001ada .LASF655
C:\Users\zero6575\AppData\Local\Temp\ccmJUzFk.s:5432   .debug_str:00000000000050d8 .LASF656
C:\Users\zero6575\AppData\Local\Temp\ccmJUzFk.s:5642   .debug_str:0000000000005cec .LASF657
C:\Users\zero6575\AppData\Local\Temp\ccmJUzFk.s:4264   .debug_str:0000000000000ceb .LASF658
C:\Users\zero6575\AppData\Local\Temp\ccmJUzFk.s:4178   .debug_str:0000000000000845 .LASF659
C:\Users\zero6575\AppData\Local\Temp\ccmJUzFk.s:5190   .debug_str:000000000000435f .LASF660
C:\Users\zero6575\AppData\Local\Temp\ccmJUzFk.s:4772   .debug_str:0000000000002a36 .LASF661
C:\Users\zero6575\AppData\Local\Temp\ccmJUzFk.s:5052   .debug_str:0000000000003b93 .LASF662
C:\Users\zero6575\AppData\Local\Temp\ccmJUzFk.s:5104   .debug_str:0000000000003e7f .LASF663
C:\Users\zero6575\AppData\Local\Temp\ccmJUzFk.s:4162   .debug_str:000000000000079b .LASF664
C:\Users\zero6575\AppData\Local\Temp\ccmJUzFk.s:5500   .debug_str:00000000000054bf .LASF665
C:\Users\zero6575\AppData\Local\Temp\ccmJUzFk.s:5548   .debug_str:0000000000005735 .LASF666
C:\Users\zero6575\AppData\Local\Temp\ccmJUzFk.s:4282   .debug_str:0000000000000dd9 .LASF667
C:\Users\zero6575\AppData\Local\Temp\ccmJUzFk.s:5466   .debug_str:0000000000005305 .LASF668
C:\Users\zero6575\AppData\Local\Temp\ccmJUzFk.s:5236   .debug_str:000000000000453b .LASF669
C:\Users\zero6575\AppData\Local\Temp\ccmJUzFk.s:4656   .debug_str:0000000000002458 .LASF670
C:\Users\zero6575\AppData\Local\Temp\ccmJUzFk.s:4416   .debug_str:0000000000001692 .LASF671
C:\Users\zero6575\AppData\Local\Temp\ccmJUzFk.s:4390   .debug_str:0000000000001504 .LASF672
C:\Users\zero6575\AppData\Local\Temp\ccmJUzFk.s:5524   .debug_str:00000000000055ea .LASF673
C:\Users\zero6575\AppData\Local\Temp\ccmJUzFk.s:5298   .debug_str:00000000000048a2 .LASF674
C:\Users\zero6575\AppData\Local\Temp\ccmJUzFk.s:4566   .debug_str:0000000000001f74 .LASF675
C:\Users\zero6575\AppData\Local\Temp\ccmJUzFk.s:4738   .debug_str:000000000000285b .LASF676
C:\Users\zero6575\AppData\Local\Temp\ccmJUzFk.s:4400   .debug_str:000000000000159d .LASF677
C:\Users\zero6575\AppData\Local\Temp\ccmJUzFk.s:5362   .debug_str:0000000000004c76 .LASF678
C:\Users\zero6575\AppData\Local\Temp\ccmJUzFk.s:5360   .debug_str:0000000000004c41 .LASF679
C:\Users\zero6575\AppData\Local\Temp\ccmJUzFk.s:4754   .debug_str:000000000000295c .LASF680
C:\Users\zero6575\AppData\Local\Temp\ccmJUzFk.s:4506   .debug_str:0000000000001c23 .LASF685
C:\Users\zero6575\AppData\Local\Temp\ccmJUzFk.s:5498   .debug_str:00000000000054ad .LASF687
C:\Users\zero6575\AppData\Local\Temp\ccmJUzFk.s:4998   .debug_str:000000000000398b .LASF688
C:\Users\zero6575\AppData\Local\Temp\ccmJUzFk.s:4534   .debug_str:0000000000001dd9 .LASF689
C:\Users\zero6575\AppData\Local\Temp\ccmJUzFk.s:5146   .debug_str:000000000000411e .LASF690
C:\Users\zero6575\AppData\Local\Temp\ccmJUzFk.s:5620   .debug_str:0000000000005b65 .LASF691
C:\Users\zero6575\AppData\Local\Temp\ccmJUzFk.s:4380   .debug_str:00000000000014ad .LASF692
C:\Users\zero6575\AppData\Local\Temp\ccmJUzFk.s:4794   .debug_str:0000000000002b3e .LASF693
C:\Users\zero6575\AppData\Local\Temp\ccmJUzFk.s:4892   .debug_str:00000000000034b0 .LASF694
C:\Users\zero6575\AppData\Local\Temp\ccmJUzFk.s:4124   .debug_str:00000000000004c1 .LASF695
                           .group:0000000000000000 wm4.0.29db371e8b94e604acd9f4c2cef2c360
                           .group:0000000000000000 wm4.stdbool.h.29.07dce69c3b78884144b7f7bd19483461
                           .group:0000000000000000 wm4._newlib_version.h.4.9ba035841e762c3308916a0ce96032e7
                           .group:0000000000000000 wm4.newlib.h.24.c310527e65dab9224e8fef4278ad2129
                           .group:0000000000000000 wm4.ieeefp.h.195.a810689bf65b84f4ad2c33b483468c94
                           .group:0000000000000000 wm4.features.h.22.fad1cec3bc7ff06488171438dbdcfd02
                           .group:0000000000000000 wm4.config.h.83.0359905d884ebfe41c79e1d7c780ef62
                           .group:0000000000000000 wm4._ansi.h.31.de524f58584151836e90d8620a16f8e8
                           .group:0000000000000000 wm4.stddef.h.39.a38874c8f8a57e66301090908ec2a69f
                           .group:0000000000000000 wm4._types.h.20.dd0d04dca3800a0d2a6129b87f3adbb2
                           .group:0000000000000000 wm4.stddef.h.161.5349cb105733e8777bfb0cf53c4e3f34
                           .group:0000000000000000 wm4._default_types.h.6.74c1620e62c751216328238764a7f2e5
                           .group:0000000000000000 wm4._types.h.127.c5cfac939eadb83d223592dbacad7524
                           .group:0000000000000000 wm4.reent.h.17.487f8c1f76499d088b190f62530a0034
                           .group:0000000000000000 wm4.lock.h.2.c0958401bd0ce484d507ee19aacab817
                           .group:0000000000000000 wm4.reent.h.77.1187f1075ff88452c642b29ed9a9030d
                           .group:0000000000000000 wm4.cdefs.h.49.6260d97adb8d27534cbdc0f868b8ea87
                           .group:0000000000000000 wm4.string.h.15.dab3980bf35408a4c507182805e2de3a
                           .group:0000000000000000 wm4.stddef.h.161.19e15733342b50ead2919490b095303e
                           .group:0000000000000000 wm4.stdlib.h.13.4ed386f5c1a80d71e72172885d946ef2
                           .group:0000000000000000 wm4.alloca.h.8.dfc0c703c47ec3e69746825b17d9e66d
                           .group:0000000000000000 wm4.stdlib.h.56.f4862cfbf4363a1db01842d5bdf72c18

NO UNDEFINED SYMBOLS
