   1              		.file	"version.c"
   2              		.option nopic
   3              		.attribute arch, "rv64i2p0_m2p0_a2p0_c2p0"
   4              		.attribute unaligned_access, 0
   5              		.attribute stack_align, 16
   6              		.text
   7              	.Ltext0:
   8              		.cfi_sections	.debug_frame
   9              		.globl	BACnet_Version
  10              		.section	.rodata
  11              		.align	3
  12              	.LC0:
  13 0000 302E392E 		.string	"0.9.1"
  13      3100
  14              		.section	.sdata.BACnet_Version,"aw"
  15              		.align	3
  18              	BACnet_Version:
  19 0000 00000000 		.dword	.LC0
  19      00000000 
  20              		.text
  21              	.Letext0:
  22              		.file 1 "C:\\Users\\zero6575\\Libero\\fpga_labor\\fpga_labor\\software\\mpfs-mac-mcc-stack\\src\\m
  23              		.file 2 "../src/middleware/bacnet/src/version.c"
DEFINED SYMBOLS
                            *ABS*:0000000000000000 version.c
C:\Users\zero6575\AppData\Local\Temp\cc8xGCAv.s:18     .sdata.BACnet_Version:0000000000000000 BACnet_Version
C:\Users\zero6575\AppData\Local\Temp\cc8xGCAv.s:12     .rodata:0000000000000000 .LC0
C:\Users\zero6575\AppData\Local\Temp\cc8xGCAv.s:60     .debug_abbrev:0000000000000000 .Ldebug_abbrev0
C:\Users\zero6575\AppData\Local\Temp\cc8xGCAv.s:1721   .debug_str:0000000000001cb6 .LASF349
C:\Users\zero6575\AppData\Local\Temp\cc8xGCAv.s:1761   .debug_str:0000000000001f82 .LASF350
C:\Users\zero6575\AppData\Local\Temp\cc8xGCAv.s:1245   .debug_str:0000000000000125 .LASF351
C:\Users\zero6575\AppData\Local\Temp\cc8xGCAv.s:1219   .debug_line:0000000000000000 .Ldebug_line0
C:\Users\zero6575\AppData\Local\Temp\cc8xGCAv.s:144    .debug_macro:0000000000000000 .Ldebug_macro0
C:\Users\zero6575\AppData\Local\Temp\cc8xGCAv.s:1533   .debug_str:00000000000012cf .LASF352
C:\Users\zero6575\AppData\Local\Temp\cc8xGCAv.s:1757   .debug_str:0000000000001f63 .LASF353
C:\Users\zero6575\AppData\Local\Temp\cc8xGCAv.s:25     .debug_info:0000000000000000 .Ldebug_info0
C:\Users\zero6575\AppData\Local\Temp\cc8xGCAv.s:162    .debug_macro:0000000000000000 .Ldebug_macro2
C:\Users\zero6575\AppData\Local\Temp\cc8xGCAv.s:1193   .debug_macro:0000000000000000 .Ldebug_macro3
C:\Users\zero6575\AppData\Local\Temp\cc8xGCAv.s:1711   .debug_str:0000000000001c31 .LASF0
C:\Users\zero6575\AppData\Local\Temp\cc8xGCAv.s:1241   .debug_str:00000000000000f7 .LASF1
C:\Users\zero6575\AppData\Local\Temp\cc8xGCAv.s:1795   .debug_str:00000000000021a2 .LASF2
C:\Users\zero6575\AppData\Local\Temp\cc8xGCAv.s:1817   .debug_str:00000000000022bd .LASF3
C:\Users\zero6575\AppData\Local\Temp\cc8xGCAv.s:1305   .debug_str:000000000000055e .LASF4
C:\Users\zero6575\AppData\Local\Temp\cc8xGCAv.s:1595   .debug_str:00000000000015c7 .LASF5
C:\Users\zero6575\AppData\Local\Temp\cc8xGCAv.s:1471   .debug_str:0000000000000f65 .LASF6
C:\Users\zero6575\AppData\Local\Temp\cc8xGCAv.s:1551   .debug_str:00000000000013af .LASF7
C:\Users\zero6575\AppData\Local\Temp\cc8xGCAv.s:1717   .debug_str:0000000000001c85 .LASF8
C:\Users\zero6575\AppData\Local\Temp\cc8xGCAv.s:1723   .debug_str:0000000000001d7e .LASF9
C:\Users\zero6575\AppData\Local\Temp\cc8xGCAv.s:1565   .debug_str:0000000000001447 .LASF10
C:\Users\zero6575\AppData\Local\Temp\cc8xGCAv.s:1627   .debug_str:000000000000179f .LASF11
C:\Users\zero6575\AppData\Local\Temp\cc8xGCAv.s:1553   .debug_str:00000000000013c5 .LASF12
C:\Users\zero6575\AppData\Local\Temp\cc8xGCAv.s:1873   .debug_str:0000000000002632 .LASF13
C:\Users\zero6575\AppData\Local\Temp\cc8xGCAv.s:1813   .debug_str:0000000000002286 .LASF14
C:\Users\zero6575\AppData\Local\Temp\cc8xGCAv.s:1879   .debug_str:0000000000002670 .LASF15
C:\Users\zero6575\AppData\Local\Temp\cc8xGCAv.s:1351   .debug_str:000000000000084d .LASF16
C:\Users\zero6575\AppData\Local\Temp\cc8xGCAv.s:1393   .debug_str:0000000000000aca .LASF17
C:\Users\zero6575\AppData\Local\Temp\cc8xGCAv.s:1913   .debug_str:0000000000002817 .LASF18
C:\Users\zero6575\AppData\Local\Temp\cc8xGCAv.s:1365   .debug_str:0000000000000932 .LASF19
C:\Users\zero6575\AppData\Local\Temp\cc8xGCAv.s:1439   .debug_str:0000000000000d79 .LASF20
C:\Users\zero6575\AppData\Local\Temp\cc8xGCAv.s:1517   .debug_str:000000000000121a .LASF21
C:\Users\zero6575\AppData\Local\Temp\cc8xGCAv.s:1703   .debug_str:0000000000001b9a .LASF22
C:\Users\zero6575\AppData\Local\Temp\cc8xGCAv.s:1405   .debug_str:0000000000000bc0 .LASF23
C:\Users\zero6575\AppData\Local\Temp\cc8xGCAv.s:1459   .debug_str:0000000000000eb3 .LASF24
C:\Users\zero6575\AppData\Local\Temp\cc8xGCAv.s:1235   .debug_str:00000000000000b5 .LASF25
C:\Users\zero6575\AppData\Local\Temp\cc8xGCAv.s:1639   .debug_str:0000000000001836 .LASF26
C:\Users\zero6575\AppData\Local\Temp\cc8xGCAv.s:1569   .debug_str:0000000000001473 .LASF27
C:\Users\zero6575\AppData\Local\Temp\cc8xGCAv.s:1719   .debug_str:0000000000001c99 .LASF28
C:\Users\zero6575\AppData\Local\Temp\cc8xGCAv.s:1505   .debug_str:0000000000001178 .LASF29
C:\Users\zero6575\AppData\Local\Temp\cc8xGCAv.s:1713   .debug_str:0000000000001c3c .LASF30
C:\Users\zero6575\AppData\Local\Temp\cc8xGCAv.s:1379   .debug_str:00000000000009ed .LASF31
C:\Users\zero6575\AppData\Local\Temp\cc8xGCAv.s:1385   .debug_str:0000000000000a46 .LASF32
C:\Users\zero6575\AppData\Local\Temp\cc8xGCAv.s:1243   .debug_str:0000000000000110 .LASF33
C:\Users\zero6575\AppData\Local\Temp\cc8xGCAv.s:1483   .debug_str:000000000000101e .LASF34
C:\Users\zero6575\AppData\Local\Temp\cc8xGCAv.s:1433   .debug_str:0000000000000d2c .LASF35
C:\Users\zero6575\AppData\Local\Temp\cc8xGCAv.s:1875   .debug_str:0000000000002645 .LASF36
C:\Users\zero6575\AppData\Local\Temp\cc8xGCAv.s:1283   .debug_str:00000000000003e0 .LASF37
C:\Users\zero6575\AppData\Local\Temp\cc8xGCAv.s:1797   .debug_str:00000000000021b4 .LASF38
C:\Users\zero6575\AppData\Local\Temp\cc8xGCAv.s:1593   .debug_str:00000000000015a4 .LASF39
C:\Users\zero6575\AppData\Local\Temp\cc8xGCAv.s:1893   .debug_str:0000000000002717 .LASF40
C:\Users\zero6575\AppData\Local\Temp\cc8xGCAv.s:1687   .debug_str:0000000000001ab1 .LASF41
C:\Users\zero6575\AppData\Local\Temp\cc8xGCAv.s:1345   .debug_str:00000000000007e5 .LASF42
C:\Users\zero6575\AppData\Local\Temp\cc8xGCAv.s:1585   .debug_str:0000000000001548 .LASF43
C:\Users\zero6575\AppData\Local\Temp\cc8xGCAv.s:1601   .debug_str:0000000000001606 .LASF44
C:\Users\zero6575\AppData\Local\Temp\cc8xGCAv.s:1343   .debug_str:00000000000007d2 .LASF45
C:\Users\zero6575\AppData\Local\Temp\cc8xGCAv.s:1901   .debug_str:000000000000277e .LASF46
C:\Users\zero6575\AppData\Local\Temp\cc8xGCAv.s:1589   .debug_str:0000000000001573 .LASF47
C:\Users\zero6575\AppData\Local\Temp\cc8xGCAv.s:1819   .debug_str:00000000000022cf .LASF48
C:\Users\zero6575\AppData\Local\Temp\cc8xGCAv.s:1319   .debug_str:000000000000063b .LASF49
C:\Users\zero6575\AppData\Local\Temp\cc8xGCAv.s:1415   .debug_str:0000000000000c0d .LASF50
C:\Users\zero6575\AppData\Local\Temp\cc8xGCAv.s:1697   .debug_str:0000000000001b56 .LASF51
C:\Users\zero6575\AppData\Local\Temp\cc8xGCAv.s:1391   .debug_str:0000000000000aab .LASF52
C:\Users\zero6575\AppData\Local\Temp\cc8xGCAv.s:1417   .debug_str:0000000000000c2f .LASF53
C:\Users\zero6575\AppData\Local\Temp\cc8xGCAv.s:1469   .debug_str:0000000000000f47 .LASF54
C:\Users\zero6575\AppData\Local\Temp\cc8xGCAv.s:1899   .debug_str:000000000000275b .LASF55
C:\Users\zero6575\AppData\Local\Temp\cc8xGCAv.s:1611   .debug_str:00000000000016a5 .LASF56
C:\Users\zero6575\AppData\Local\Temp\cc8xGCAv.s:1847   .debug_str:00000000000024b7 .LASF57
C:\Users\zero6575\AppData\Local\Temp\cc8xGCAv.s:1457   .debug_str:0000000000000e8b .LASF58
C:\Users\zero6575\AppData\Local\Temp\cc8xGCAv.s:1397   .debug_str:0000000000000b07 .LASF59
C:\Users\zero6575\AppData\Local\Temp\cc8xGCAv.s:1883   .debug_str:00000000000026a2 .LASF60
C:\Users\zero6575\AppData\Local\Temp\cc8xGCAv.s:1849   .debug_str:00000000000024da .LASF61
C:\Users\zero6575\AppData\Local\Temp\cc8xGCAv.s:1449   .debug_str:0000000000000e37 .LASF62
C:\Users\zero6575\AppData\Local\Temp\cc8xGCAv.s:1799   .debug_str:00000000000021cd .LASF63
C:\Users\zero6575\AppData\Local\Temp\cc8xGCAv.s:1851   .debug_str:00000000000024f2 .LASF64
C:\Users\zero6575\AppData\Local\Temp\cc8xGCAv.s:1571   .debug_str:000000000000148c .LASF65
C:\Users\zero6575\AppData\Local\Temp\cc8xGCAv.s:1377   .debug_str:00000000000009c6 .LASF66
C:\Users\zero6575\AppData\Local\Temp\cc8xGCAv.s:1507   .debug_str:0000000000001192 .LASF67
C:\Users\zero6575\AppData\Local\Temp\cc8xGCAv.s:1613   .debug_str:00000000000016ce .LASF68
C:\Users\zero6575\AppData\Local\Temp\cc8xGCAv.s:1807   .debug_str:000000000000222b .LASF69
C:\Users\zero6575\AppData\Local\Temp\cc8xGCAv.s:1395   .debug_str:0000000000000ad5 .LASF70
C:\Users\zero6575\AppData\Local\Temp\cc8xGCAv.s:1833   .debug_str:00000000000023ca .LASF71
C:\Users\zero6575\AppData\Local\Temp\cc8xGCAv.s:1547   .debug_str:0000000000001374 .LASF72
C:\Users\zero6575\AppData\Local\Temp\cc8xGCAv.s:1701   .debug_str:0000000000001b86 .LASF73
C:\Users\zero6575\AppData\Local\Temp\cc8xGCAv.s:1541   .debug_str:0000000000001326 .LASF74
C:\Users\zero6575\AppData\Local\Temp\cc8xGCAv.s:1693   .debug_str:0000000000001b1f .LASF75
C:\Users\zero6575\AppData\Local\Temp\cc8xGCAv.s:1481   .debug_str:0000000000000ff7 .LASF76
C:\Users\zero6575\AppData\Local\Temp\cc8xGCAv.s:1707   .debug_str:0000000000001bd2 .LASF77
C:\Users\zero6575\AppData\Local\Temp\cc8xGCAv.s:1677   .debug_str:0000000000001a2b .LASF78
C:\Users\zero6575\AppData\Local\Temp\cc8xGCAv.s:1727   .debug_str:0000000000001da0 .LASF79
C:\Users\zero6575\AppData\Local\Temp\cc8xGCAv.s:1307   .debug_str:0000000000000570 .LASF80
C:\Users\zero6575\AppData\Local\Temp\cc8xGCAv.s:1747   .debug_str:0000000000001edf .LASF81
C:\Users\zero6575\AppData\Local\Temp\cc8xGCAv.s:1497   .debug_str:00000000000010ec .LASF82
C:\Users\zero6575\AppData\Local\Temp\cc8xGCAv.s:1325   .debug_str:00000000000006a3 .LASF83
C:\Users\zero6575\AppData\Local\Temp\cc8xGCAv.s:1339   .debug_str:00000000000007ab .LASF84
C:\Users\zero6575\AppData\Local\Temp\cc8xGCAv.s:1587   .debug_str:0000000000001562 .LASF85
C:\Users\zero6575\AppData\Local\Temp\cc8xGCAv.s:1671   .debug_str:00000000000019ed .LASF86
C:\Users\zero6575\AppData\Local\Temp\cc8xGCAv.s:1781   .debug_str:000000000000206e .LASF87
C:\Users\zero6575\AppData\Local\Temp\cc8xGCAv.s:1247   .debug_str:0000000000000181 .LASF88
C:\Users\zero6575\AppData\Local\Temp\cc8xGCAv.s:1413   .debug_str:0000000000000bfb .LASF89
C:\Users\zero6575\AppData\Local\Temp\cc8xGCAv.s:1463   .debug_str:0000000000000ee9 .LASF90
C:\Users\zero6575\AppData\Local\Temp\cc8xGCAv.s:1673   .debug_str:00000000000019ff .LASF91
C:\Users\zero6575\AppData\Local\Temp\cc8xGCAv.s:1625   .debug_str:000000000000177c .LASF92
C:\Users\zero6575\AppData\Local\Temp\cc8xGCAv.s:1427   .debug_str:0000000000000ce0 .LASF93
C:\Users\zero6575\AppData\Local\Temp\cc8xGCAv.s:1857   .debug_str:000000000000252f .LASF94
C:\Users\zero6575\AppData\Local\Temp\cc8xGCAv.s:1787   .debug_str:0000000000002106 .LASF95
C:\Users\zero6575\AppData\Local\Temp\cc8xGCAv.s:1591   .debug_str:0000000000001590 .LASF96
C:\Users\zero6575\AppData\Local\Temp\cc8xGCAv.s:1751   .debug_str:0000000000001f1c .LASF97
C:\Users\zero6575\AppData\Local\Temp\cc8xGCAv.s:1839   .debug_str:000000000000241a .LASF98
C:\Users\zero6575\AppData\Local\Temp\cc8xGCAv.s:1775   .debug_str:000000000000202d .LASF99
C:\Users\zero6575\AppData\Local\Temp\cc8xGCAv.s:1865   .debug_str:00000000000025c6 .LASF100
C:\Users\zero6575\AppData\Local\Temp\cc8xGCAv.s:1579   .debug_str:00000000000014f9 .LASF101
C:\Users\zero6575\AppData\Local\Temp\cc8xGCAv.s:1651   .debug_str:00000000000018e1 .LASF102
C:\Users\zero6575\AppData\Local\Temp\cc8xGCAv.s:1741   .debug_str:0000000000001e99 .LASF103
C:\Users\zero6575\AppData\Local\Temp\cc8xGCAv.s:1411   .debug_str:0000000000000be8 .LASF104
C:\Users\zero6575\AppData\Local\Temp\cc8xGCAv.s:1373   .debug_str:0000000000000995 .LASF105
C:\Users\zero6575\AppData\Local\Temp\cc8xGCAv.s:1907   .debug_str:00000000000027cc .LASF106
C:\Users\zero6575\AppData\Local\Temp\cc8xGCAv.s:1815   .debug_str:0000000000002299 .LASF107
C:\Users\zero6575\AppData\Local\Temp\cc8xGCAv.s:1915   .debug_str:0000000000002828 .LASF108
C:\Users\zero6575\AppData\Local\Temp\cc8xGCAv.s:1465   .debug_str:0000000000000efe .LASF109
C:\Users\zero6575\AppData\Local\Temp\cc8xGCAv.s:1609   .debug_str:000000000000168e .LASF110
C:\Users\zero6575\AppData\Local\Temp\cc8xGCAv.s:1667   .debug_str:00000000000019bb .LASF111
C:\Users\zero6575\AppData\Local\Temp\cc8xGCAv.s:1527   .debug_str:0000000000001292 .LASF112
C:\Users\zero6575\AppData\Local\Temp\cc8xGCAv.s:1353   .debug_str:0000000000000855 .LASF113
C:\Users\zero6575\AppData\Local\Temp\cc8xGCAv.s:1633   .debug_str:00000000000017e4 .LASF114
C:\Users\zero6575\AppData\Local\Temp\cc8xGCAv.s:1295   .debug_str:00000000000004a1 .LASF115
C:\Users\zero6575\AppData\Local\Temp\cc8xGCAv.s:1279   .debug_str:00000000000003a2 .LASF116
C:\Users\zero6575\AppData\Local\Temp\cc8xGCAv.s:1549   .debug_str:0000000000001387 .LASF117
C:\Users\zero6575\AppData\Local\Temp\cc8xGCAv.s:1447   .debug_str:0000000000000e23 .LASF118
C:\Users\zero6575\AppData\Local\Temp\cc8xGCAv.s:1903   .debug_str:0000000000002796 .LASF119
C:\Users\zero6575\AppData\Local\Temp\cc8xGCAv.s:1573   .debug_str:00000000000014ae .LASF120
C:\Users\zero6575\AppData\Local\Temp\cc8xGCAv.s:1895   .debug_str:000000000000273a .LASF121
C:\Users\zero6575\AppData\Local\Temp\cc8xGCAv.s:1387   .debug_str:0000000000000a73 .LASF122
C:\Users\zero6575\AppData\Local\Temp\cc8xGCAv.s:1699   .debug_str:0000000000001b76 .LASF123
C:\Users\zero6575\AppData\Local\Temp\cc8xGCAv.s:1233   .debug_str:0000000000000094 .LASF124
C:\Users\zero6575\AppData\Local\Temp\cc8xGCAv.s:1583   .debug_str:0000000000001533 .LASF125
C:\Users\zero6575\AppData\Local\Temp\cc8xGCAv.s:1499   .debug_str:000000000000110e .LASF126
C:\Users\zero6575\AppData\Local\Temp\cc8xGCAv.s:1287   .debug_str:000000000000043c .LASF127
C:\Users\zero6575\AppData\Local\Temp\cc8xGCAv.s:1905   .debug_str:00000000000027af .LASF128
C:\Users\zero6575\AppData\Local\Temp\cc8xGCAv.s:1871   .debug_str:000000000000261b .LASF129
C:\Users\zero6575\AppData\Local\Temp\cc8xGCAv.s:1835   .debug_str:00000000000023e1 .LASF130
C:\Users\zero6575\AppData\Local\Temp\cc8xGCAv.s:1487   .debug_str:0000000000001051 .LASF131
C:\Users\zero6575\AppData\Local\Temp\cc8xGCAv.s:1809   .debug_str:0000000000002253 .LASF132
C:\Users\zero6575\AppData\Local\Temp\cc8xGCAv.s:1225   .debug_str:0000000000000038 .LASF133
C:\Users\zero6575\AppData\Local\Temp\cc8xGCAv.s:1501   .debug_str:0000000000001138 .LASF134
C:\Users\zero6575\AppData\Local\Temp\cc8xGCAv.s:1841   .debug_str:0000000000002447 .LASF135
C:\Users\zero6575\AppData\Local\Temp\cc8xGCAv.s:1221   .debug_str:0000000000000000 .LASF136
C:\Users\zero6575\AppData\Local\Temp\cc8xGCAv.s:1371   .debug_str:0000000000000975 .LASF137
C:\Users\zero6575\AppData\Local\Temp\cc8xGCAv.s:1793   .debug_str:0000000000002182 .LASF138
C:\Users\zero6575\AppData\Local\Temp\cc8xGCAv.s:1257   .debug_str:0000000000000220 .LASF139
C:\Users\zero6575\AppData\Local\Temp\cc8xGCAv.s:1399   .debug_str:0000000000000b1e .LASF140
C:\Users\zero6575\AppData\Local\Temp\cc8xGCAv.s:1303   .debug_str:000000000000054a .LASF141
C:\Users\zero6575\AppData\Local\Temp\cc8xGCAv.s:1281   .debug_str:00000000000003bb .LASF142
C:\Users\zero6575\AppData\Local\Temp\cc8xGCAv.s:1731   .debug_str:0000000000001dce .LASF143
C:\Users\zero6575\AppData\Local\Temp\cc8xGCAv.s:1623   .debug_str:0000000000001764 .LASF144
C:\Users\zero6575\AppData\Local\Temp\cc8xGCAv.s:1695   .debug_str:0000000000001b40 .LASF145
C:\Users\zero6575\AppData\Local\Temp\cc8xGCAv.s:1309   .debug_str:0000000000000580 .LASF146
C:\Users\zero6575\AppData\Local\Temp\cc8xGCAv.s:1477   .debug_str:0000000000000fc5 .LASF147
C:\Users\zero6575\AppData\Local\Temp\cc8xGCAv.s:1767   .debug_str:0000000000001fdb .LASF148
C:\Users\zero6575\AppData\Local\Temp\cc8xGCAv.s:1927   .debug_str:00000000000028bf .LASF149
C:\Users\zero6575\AppData\Local\Temp\cc8xGCAv.s:1441   .debug_str:0000000000000d90 .LASF150
C:\Users\zero6575\AppData\Local\Temp\cc8xGCAv.s:1493   .debug_str:0000000000001097 .LASF151
C:\Users\zero6575\AppData\Local\Temp\cc8xGCAv.s:1867   .debug_str:00000000000025d8 .LASF152
C:\Users\zero6575\AppData\Local\Temp\cc8xGCAv.s:1531   .debug_str:00000000000012bb .LASF153
C:\Users\zero6575\AppData\Local\Temp\cc8xGCAv.s:1451   .debug_str:0000000000000e54 .LASF154
C:\Users\zero6575\AppData\Local\Temp\cc8xGCAv.s:1563   .debug_str:0000000000001431 .LASF155
C:\Users\zero6575\AppData\Local\Temp\cc8xGCAv.s:1641   .debug_str:0000000000001845 .LASF156
C:\Users\zero6575\AppData\Local\Temp\cc8xGCAv.s:1519   .debug_str:000000000000122d .LASF157
C:\Users\zero6575\AppData\Local\Temp\cc8xGCAv.s:1349   .debug_str:0000000000000813 .LASF158
C:\Users\zero6575\AppData\Local\Temp\cc8xGCAv.s:1401   .debug_str:0000000000000b41 .LASF159
C:\Users\zero6575\AppData\Local\Temp\cc8xGCAv.s:1367   .debug_str:0000000000000944 .LASF160
C:\Users\zero6575\AppData\Local\Temp\cc8xGCAv.s:1773   .debug_str:0000000000002016 .LASF161
C:\Users\zero6575\AppData\Local\Temp\cc8xGCAv.s:1491   .debug_str:000000000000107f .LASF162
C:\Users\zero6575\AppData\Local\Temp\cc8xGCAv.s:1327   .debug_str:00000000000006b5 .LASF163
C:\Users\zero6575\AppData\Local\Temp\cc8xGCAv.s:1561   .debug_str:0000000000001422 .LASF164
C:\Users\zero6575\AppData\Local\Temp\cc8xGCAv.s:1753   .debug_str:0000000000001f3a .LASF165
C:\Users\zero6575\AppData\Local\Temp\cc8xGCAv.s:1921   .debug_str:0000000000002875 .LASF166
C:\Users\zero6575\AppData\Local\Temp\cc8xGCAv.s:1615   .debug_str:00000000000016f1 .LASF167
C:\Users\zero6575\AppData\Local\Temp\cc8xGCAv.s:1273   .debug_str:0000000000000315 .LASF168
C:\Users\zero6575\AppData\Local\Temp\cc8xGCAv.s:1559   .debug_str:000000000000140b .LASF169
C:\Users\zero6575\AppData\Local\Temp\cc8xGCAv.s:1861   .debug_str:0000000000002572 .LASF170
C:\Users\zero6575\AppData\Local\Temp\cc8xGCAv.s:1255   .debug_str:00000000000001de .LASF171
C:\Users\zero6575\AppData\Local\Temp\cc8xGCAv.s:1311   .debug_str:00000000000005a1 .LASF172
C:\Users\zero6575\AppData\Local\Temp\cc8xGCAv.s:1445   .debug_str:0000000000000dda .LASF173
C:\Users\zero6575\AppData\Local\Temp\cc8xGCAv.s:1535   .debug_str:00000000000012de .LASF174
C:\Users\zero6575\AppData\Local\Temp\cc8xGCAv.s:1289   .debug_str:0000000000000452 .LASF175
C:\Users\zero6575\AppData\Local\Temp\cc8xGCAv.s:1335   .debug_str:0000000000000754 .LASF176
C:\Users\zero6575\AppData\Local\Temp\cc8xGCAv.s:1265   .debug_str:0000000000000294 .LASF177
C:\Users\zero6575\AppData\Local\Temp\cc8xGCAv.s:1823   .debug_str:000000000000230d .LASF178
C:\Users\zero6575\AppData\Local\Temp\cc8xGCAv.s:1437   .debug_str:0000000000000d5f .LASF179
C:\Users\zero6575\AppData\Local\Temp\cc8xGCAv.s:1509   .debug_str:00000000000011ab .LASF180
C:\Users\zero6575\AppData\Local\Temp\cc8xGCAv.s:1683   .debug_str:0000000000001a88 .LASF181
C:\Users\zero6575\AppData\Local\Temp\cc8xGCAv.s:1263   .debug_str:000000000000027b .LASF182
C:\Users\zero6575\AppData\Local\Temp\cc8xGCAv.s:1485   .debug_str:000000000000103e .LASF183
C:\Users\zero6575\AppData\Local\Temp\cc8xGCAv.s:1877   .debug_str:0000000000002658 .LASF184
C:\Users\zero6575\AppData\Local\Temp\cc8xGCAv.s:1357   .debug_str:0000000000000892 .LASF185
C:\Users\zero6575\AppData\Local\Temp\cc8xGCAv.s:1277   .debug_str:0000000000000368 .LASF186
C:\Users\zero6575\AppData\Local\Temp\cc8xGCAv.s:1443   .debug_str:0000000000000d9e .LASF187
C:\Users\zero6575\AppData\Local\Temp\cc8xGCAv.s:1403   .debug_str:0000000000000b7f .LASF188
C:\Users\zero6575\AppData\Local\Temp\cc8xGCAv.s:1803   .debug_str:00000000000021fb .LASF189
C:\Users\zero6575\AppData\Local\Temp\cc8xGCAv.s:1363   .debug_str:000000000000091a .LASF190
C:\Users\zero6575\AppData\Local\Temp\cc8xGCAv.s:1749   .debug_str:0000000000001f03 .LASF191
C:\Users\zero6575\AppData\Local\Temp\cc8xGCAv.s:1489   .debug_str:0000000000001069 .LASF192
C:\Users\zero6575\AppData\Local\Temp\cc8xGCAv.s:1227   .debug_str:0000000000000050 .LASF193
C:\Users\zero6575\AppData\Local\Temp\cc8xGCAv.s:1891   .debug_str:00000000000026fe .LASF194
C:\Users\zero6575\AppData\Local\Temp\cc8xGCAv.s:1555   .debug_str:00000000000013d8 .LASF195
C:\Users\zero6575\AppData\Local\Temp\cc8xGCAv.s:1419   .debug_str:0000000000000c48 .LASF196
C:\Users\zero6575\AppData\Local\Temp\cc8xGCAv.s:1513   .debug_str:00000000000011e8 .LASF197
C:\Users\zero6575\AppData\Local\Temp\cc8xGCAv.s:1631   .debug_str:00000000000017cc .LASF198
C:\Users\zero6575\AppData\Local\Temp\cc8xGCAv.s:1689   .debug_str:0000000000001ace .LASF199
C:\Users\zero6575\AppData\Local\Temp\cc8xGCAv.s:1467   .debug_str:0000000000000f0c .LASF200
C:\Users\zero6575\AppData\Local\Temp\cc8xGCAv.s:1329   .debug_str:00000000000006c9 .LASF201
C:\Users\zero6575\AppData\Local\Temp\cc8xGCAv.s:1331   .debug_str:0000000000000707 .LASF202
C:\Users\zero6575\AppData\Local\Temp\cc8xGCAv.s:1765   .debug_str:0000000000001fc4 .LASF203
C:\Users\zero6575\AppData\Local\Temp\cc8xGCAv.s:1359   .debug_str:00000000000008cc .LASF204
C:\Users\zero6575\AppData\Local\Temp\cc8xGCAv.s:1827   .debug_str:000000000000234a .LASF205
C:\Users\zero6575\AppData\Local\Temp\cc8xGCAv.s:1771   .debug_str:0000000000002000 .LASF206
C:\Users\zero6575\AppData\Local\Temp\cc8xGCAv.s:1853   .debug_str:0000000000002514 .LASF207
C:\Users\zero6575\AppData\Local\Temp\cc8xGCAv.s:1805   .debug_str:0000000000002211 .LASF208
C:\Users\zero6575\AppData\Local\Temp\cc8xGCAv.s:1655   .debug_str:0000000000001908 .LASF209
C:\Users\zero6575\AppData\Local\Temp\cc8xGCAv.s:1421   .debug_str:0000000000000c5e .LASF210
C:\Users\zero6575\AppData\Local\Temp\cc8xGCAv.s:1925   .debug_str:00000000000028a6 .LASF211
C:\Users\zero6575\AppData\Local\Temp\cc8xGCAv.s:1779   .debug_str:0000000000002055 .LASF212
C:\Users\zero6575\AppData\Local\Temp\cc8xGCAv.s:1267   .debug_str:00000000000002aa .LASF213
C:\Users\zero6575\AppData\Local\Temp\cc8xGCAv.s:1275   .debug_str:000000000000032c .LASF214
C:\Users\zero6575\AppData\Local\Temp\cc8xGCAv.s:1337   .debug_str:000000000000076c .LASF215
C:\Users\zero6575\AppData\Local\Temp\cc8xGCAv.s:1783   .debug_str:0000000000002085 .LASF216
C:\Users\zero6575\AppData\Local\Temp\cc8xGCAv.s:1665   .debug_str:00000000000019a4 .LASF217
C:\Users\zero6575\AppData\Local\Temp\cc8xGCAv.s:1523   .debug_str:000000000000126a .LASF218
C:\Users\zero6575\AppData\Local\Temp\cc8xGCAv.s:1321   .debug_str:0000000000000658 .LASF219
C:\Users\zero6575\AppData\Local\Temp\cc8xGCAv.s:1229   .debug_str:0000000000000060 .LASF220
C:\Users\zero6575\AppData\Local\Temp\cc8xGCAv.s:1897   .debug_str:0000000000002749 .LASF221
C:\Users\zero6575\AppData\Local\Temp\cc8xGCAv.s:1369   .debug_str:0000000000000959 .LASF222
C:\Users\zero6575\AppData\Local\Temp\cc8xGCAv.s:1539   .debug_str:0000000000001308 .LASF223
C:\Users\zero6575\AppData\Local\Temp\cc8xGCAv.s:1223   .debug_str:000000000000001f .LASF224
C:\Users\zero6575\AppData\Local\Temp\cc8xGCAv.s:1881   .debug_str:0000000000002687 .LASF225
C:\Users\zero6575\AppData\Local\Temp\cc8xGCAv.s:1675   .debug_str:0000000000001a11 .LASF226
C:\Users\zero6575\AppData\Local\Temp\cc8xGCAv.s:1831   .debug_str:000000000000238b .LASF227
C:\Users\zero6575\AppData\Local\Temp\cc8xGCAv.s:1845   .debug_str:0000000000002478 .LASF228
C:\Users\zero6575\AppData\Local\Temp\cc8xGCAv.s:1299   .debug_str:00000000000004f1 .LASF229
C:\Users\zero6575\AppData\Local\Temp\cc8xGCAv.s:1709   .debug_str:0000000000001beb .LASF230
C:\Users\zero6575\AppData\Local\Temp\cc8xGCAv.s:1543   .debug_str:000000000000133d .LASF231
C:\Users\zero6575\AppData\Local\Temp\cc8xGCAv.s:1515   .debug_str:0000000000001200 .LASF232
C:\Users\zero6575\AppData\Local\Temp\cc8xGCAv.s:1291   .debug_str:0000000000000469 .LASF233
C:\Users\zero6575\AppData\Local\Temp\cc8xGCAv.s:1619   .debug_str:000000000000173c .LASF234
C:\Users\zero6575\AppData\Local\Temp\cc8xGCAv.s:1685   .debug_str:0000000000001a9f .LASF235
C:\Users\zero6575\AppData\Local\Temp\cc8xGCAv.s:1383   .debug_str:0000000000000a2b .LASF236
C:\Users\zero6575\AppData\Local\Temp\cc8xGCAv.s:1293   .debug_str:0000000000000484 .LASF237
C:\Users\zero6575\AppData\Local\Temp\cc8xGCAv.s:1261   .debug_str:0000000000000263 .LASF238
C:\Users\zero6575\AppData\Local\Temp\cc8xGCAv.s:1575   .debug_str:00000000000014c7 .LASF239
C:\Users\zero6575\AppData\Local\Temp\cc8xGCAv.s:1645   .debug_str:0000000000001891 .LASF240
C:\Users\zero6575\AppData\Local\Temp\cc8xGCAv.s:1785   .debug_str:00000000000020c8 .LASF241
C:\Users\zero6575\AppData\Local\Temp\cc8xGCAv.s:1495   .debug_str:00000000000010ae .LASF242
C:\Users\zero6575\AppData\Local\Temp\cc8xGCAv.s:1297   .debug_str:00000000000004b0 .LASF243
C:\Users\zero6575\AppData\Local\Temp\cc8xGCAv.s:1737   .debug_str:0000000000001e3c .LASF244
C:\Users\zero6575\AppData\Local\Temp\cc8xGCAv.s:1237   .debug_str:00000000000000c9 .LASF245
C:\Users\zero6575\AppData\Local\Temp\cc8xGCAv.s:1759   .debug_str:0000000000001f68 .LASF246
C:\Users\zero6575\AppData\Local\Temp\cc8xGCAv.s:1269   .debug_str:00000000000002e6 .LASF247
C:\Users\zero6575\AppData\Local\Temp\cc8xGCAv.s:1739   .debug_str:0000000000001e81 .LASF248
C:\Users\zero6575\AppData\Local\Temp\cc8xGCAv.s:1863   .debug_str:00000000000025b4 .LASF249
C:\Users\zero6575\AppData\Local\Temp\cc8xGCAv.s:1231   .debug_str:0000000000000078 .LASF250
C:\Users\zero6575\AppData\Local\Temp\cc8xGCAv.s:1313   .debug_str:00000000000005e6 .LASF251
C:\Users\zero6575\AppData\Local\Temp\cc8xGCAv.s:1435   .debug_str:0000000000000d46 .LASF252
C:\Users\zero6575\AppData\Local\Temp\cc8xGCAv.s:1821   .debug_str:00000000000022f2 .LASF253
C:\Users\zero6575\AppData\Local\Temp\cc8xGCAv.s:1259   .debug_str:0000000000000249 .LASF254
C:\Users\zero6575\AppData\Local\Temp\cc8xGCAv.s:1789   .debug_str:000000000000211d .LASF255
C:\Users\zero6575\AppData\Local\Temp\cc8xGCAv.s:1473   .debug_str:0000000000000f76 .LASF256
C:\Users\zero6575\AppData\Local\Temp\cc8xGCAv.s:1285   .debug_str:00000000000003fb .LASF257
C:\Users\zero6575\AppData\Local\Temp\cc8xGCAv.s:1423   .debug_str:0000000000000c75 .LASF258
C:\Users\zero6575\AppData\Local\Temp\cc8xGCAv.s:1301   .debug_str:0000000000000532 .LASF259
C:\Users\zero6575\AppData\Local\Temp\cc8xGCAv.s:1529   .debug_str:00000000000012a1 .LASF260
C:\Users\zero6575\AppData\Local\Temp\cc8xGCAv.s:1375   .debug_str:00000000000009ab .LASF261
C:\Users\zero6575\AppData\Local\Temp\cc8xGCAv.s:1729   .debug_str:0000000000001db9 .LASF262
C:\Users\zero6575\AppData\Local\Temp\cc8xGCAv.s:1649   .debug_str:00000000000018c9 .LASF263
C:\Users\zero6575\AppData\Local\Temp\cc8xGCAv.s:1341   .debug_str:00000000000007bd .LASF264
C:\Users\zero6575\AppData\Local\Temp\cc8xGCAv.s:1637   .debug_str:0000000000001820 .LASF265
C:\Users\zero6575\AppData\Local\Temp\cc8xGCAv.s:1479   .debug_str:0000000000000fdb .LASF266
C:\Users\zero6575\AppData\Local\Temp\cc8xGCAv.s:1843   .debug_str:000000000000245f .LASF267
C:\Users\zero6575\AppData\Local\Temp\cc8xGCAv.s:1829   .debug_str:0000000000002364 .LASF268
C:\Users\zero6575\AppData\Local\Temp\cc8xGCAv.s:1251   .debug_str:00000000000001af .LASF269
C:\Users\zero6575\AppData\Local\Temp\cc8xGCAv.s:1253   .debug_str:00000000000001c5 .LASF270
C:\Users\zero6575\AppData\Local\Temp\cc8xGCAv.s:1347   .debug_str:00000000000007fd .LASF271
C:\Users\zero6575\AppData\Local\Temp\cc8xGCAv.s:1919   .debug_str:000000000000285e .LASF272
C:\Users\zero6575\AppData\Local\Temp\cc8xGCAv.s:1791   .debug_str:000000000000215c .LASF273
C:\Users\zero6575\AppData\Local\Temp\cc8xGCAv.s:1629   .debug_str:00000000000017b2 .LASF274
C:\Users\zero6575\AppData\Local\Temp\cc8xGCAv.s:1323   .debug_str:0000000000000672 .LASF275
C:\Users\zero6575\AppData\Local\Temp\cc8xGCAv.s:1669   .debug_str:00000000000019d6 .LASF276
C:\Users\zero6575\AppData\Local\Temp\cc8xGCAv.s:1249   .debug_str:0000000000000194 .LASF277
C:\Users\zero6575\AppData\Local\Temp\cc8xGCAv.s:1577   .debug_str:00000000000014e1 .LASF278
C:\Users\zero6575\AppData\Local\Temp\cc8xGCAv.s:1567   .debug_str:000000000000145a .LASF279
C:\Users\zero6575\AppData\Local\Temp\cc8xGCAv.s:1607   .debug_str:0000000000001654 .LASF280
C:\Users\zero6575\AppData\Local\Temp\cc8xGCAv.s:1763   .debug_str:0000000000001fa9 .LASF281
C:\Users\zero6575\AppData\Local\Temp\cc8xGCAv.s:1735   .debug_str:0000000000001df7 .LASF282
C:\Users\zero6575\AppData\Local\Temp\cc8xGCAv.s:1811   .debug_str:0000000000002271 .LASF283
C:\Users\zero6575\AppData\Local\Temp\cc8xGCAv.s:1887   .debug_str:00000000000026d0 .LASF284
C:\Users\zero6575\AppData\Local\Temp\cc8xGCAv.s:1923   .debug_str:000000000000288f .LASF285
C:\Users\zero6575\AppData\Local\Temp\cc8xGCAv.s:1453   .debug_str:0000000000000e6a .LASF286
C:\Users\zero6575\AppData\Local\Temp\cc8xGCAv.s:1581   .debug_str:000000000000150e .LASF287
C:\Users\zero6575\AppData\Local\Temp\cc8xGCAv.s:1705   .debug_str:0000000000001bad .LASF288
C:\Users\zero6575\AppData\Local\Temp\cc8xGCAv.s:1917   .debug_str:0000000000002840 .LASF289
C:\Users\zero6575\AppData\Local\Temp\cc8xGCAv.s:1647   .debug_str:00000000000018ab .LASF290
C:\Users\zero6575\AppData\Local\Temp\cc8xGCAv.s:1679   .debug_str:0000000000001a4e .LASF291
C:\Users\zero6575\AppData\Local\Temp\cc8xGCAv.s:1429   .debug_str:0000000000000cf5 .LASF292
C:\Users\zero6575\AppData\Local\Temp\cc8xGCAv.s:1317   .debug_str:000000000000061a .LASF293
C:\Users\zero6575\AppData\Local\Temp\cc8xGCAv.s:1599   .debug_str:00000000000015e7 .LASF294
C:\Users\zero6575\AppData\Local\Temp\cc8xGCAv.s:1635   .debug_str:0000000000001803 .LASF295
C:\Users\zero6575\AppData\Local\Temp\cc8xGCAv.s:1859   .debug_str:0000000000002554 .LASF296
C:\Users\zero6575\AppData\Local\Temp\cc8xGCAv.s:1545   .debug_str:0000000000001355 .LASF297
C:\Users\zero6575\AppData\Local\Temp\cc8xGCAv.s:1355   .debug_str:000000000000086e .LASF298
C:\Users\zero6575\AppData\Local\Temp\cc8xGCAv.s:1511   .debug_str:00000000000011c7 .LASF299
C:\Users\zero6575\AppData\Local\Temp\cc8xGCAv.s:1909   .debug_str:00000000000027e7 .LASF300
C:\Users\zero6575\AppData\Local\Temp\cc8xGCAv.s:1389   .debug_str:0000000000000a8f .LASF301
C:\Users\zero6575\AppData\Local\Temp\cc8xGCAv.s:1431   .debug_str:0000000000000d17 .LASF302
C:\Users\zero6575\AppData\Local\Temp\cc8xGCAv.s:1643   .debug_str:000000000000187c .LASF303
C:\Users\zero6575\AppData\Local\Temp\cc8xGCAv.s:1271   .debug_str:0000000000000301 .LASF304
C:\Users\zero6575\AppData\Local\Temp\cc8xGCAv.s:1381   .debug_str:0000000000000a14 .LASF305
C:\Users\zero6575\AppData\Local\Temp\cc8xGCAv.s:1855   .debug_str:0000000000002525 .LASF306
C:\Users\zero6575\AppData\Local\Temp\cc8xGCAv.s:1597   .debug_str:00000000000015d2 .LASF307
C:\Users\zero6575\AppData\Local\Temp\cc8xGCAv.s:1755   .debug_str:0000000000001f52 .LASF308
C:\Users\zero6575\AppData\Local\Temp\cc8xGCAv.s:1743   .debug_str:0000000000001ebb .LASF309
C:\Users\zero6575\AppData\Local\Temp\cc8xGCAv.s:1653   .debug_str:00000000000018fa .LASF310
C:\Users\zero6575\AppData\Local\Temp\cc8xGCAv.s:1621   .debug_str:0000000000001753 .LASF311
C:\Users\zero6575\AppData\Local\Temp\cc8xGCAv.s:1475   .debug_str:0000000000000fb5 .LASF312
C:\Users\zero6575\AppData\Local\Temp\cc8xGCAv.s:1503   .debug_str:000000000000115f .LASF313
C:\Users\zero6575\AppData\Local\Temp\cc8xGCAv.s:1681   .debug_str:0000000000001a70 .LASF314
C:\Users\zero6575\AppData\Local\Temp\cc8xGCAv.s:1409   .debug_str:0000000000000bde .LASF315
C:\Users\zero6575\AppData\Local\Temp\cc8xGCAv.s:1521   .debug_str:0000000000001264 .LASF316
C:\Users\zero6575\AppData\Local\Temp\cc8xGCAv.s:1537   .debug_str:00000000000012f3 .LASF317
C:\Users\zero6575\AppData\Local\Temp\cc8xGCAv.s:1239   .debug_str:00000000000000e1 .LASF318
C:\Users\zero6575\AppData\Local\Temp\cc8xGCAv.s:1691   .debug_str:0000000000001b09 .LASF319
C:\Users\zero6575\AppData\Local\Temp\cc8xGCAv.s:1733   .debug_str:0000000000001dde .LASF320
C:\Users\zero6575\AppData\Local\Temp\cc8xGCAv.s:1603   .debug_str:000000000000161f .LASF321
C:\Users\zero6575\AppData\Local\Temp\cc8xGCAv.s:1407   .debug_str:0000000000000bd4 .LASF322
C:\Users\zero6575\AppData\Local\Temp\cc8xGCAv.s:1605   .debug_str:0000000000001641 .LASF323
C:\Users\zero6575\AppData\Local\Temp\cc8xGCAv.s:1769   .debug_str:0000000000001feb .LASF324
C:\Users\zero6575\AppData\Local\Temp\cc8xGCAv.s:1825   .debug_str:000000000000231d .LASF325
C:\Users\zero6575\AppData\Local\Temp\cc8xGCAv.s:1425   .debug_str:0000000000000cbb .LASF326
C:\Users\zero6575\AppData\Local\Temp\cc8xGCAv.s:1885   .debug_str:00000000000026ba .LASF327
C:\Users\zero6575\AppData\Local\Temp\cc8xGCAv.s:1659   .debug_str:000000000000195a .LASF328
C:\Users\zero6575\AppData\Local\Temp\cc8xGCAv.s:1745   .debug_str:0000000000001ec9 .LASF329
C:\Users\zero6575\AppData\Local\Temp\cc8xGCAv.s:1911   .debug_str:0000000000002803 .LASF330
C:\Users\zero6575\AppData\Local\Temp\cc8xGCAv.s:1455   .debug_str:0000000000000e7a .LASF331
C:\Users\zero6575\AppData\Local\Temp\cc8xGCAv.s:1557   .debug_str:00000000000013f3 .LASF332
C:\Users\zero6575\AppData\Local\Temp\cc8xGCAv.s:1801   .debug_str:00000000000021ee .LASF333
C:\Users\zero6575\AppData\Local\Temp\cc8xGCAv.s:1525   .debug_str:0000000000001283 .LASF334
C:\Users\zero6575\AppData\Local\Temp\cc8xGCAv.s:1777   .debug_str:0000000000002045 .LASF335
C:\Users\zero6575\AppData\Local\Temp\cc8xGCAv.s:1661   .debug_str:000000000000196f .LASF336
C:\Users\zero6575\AppData\Local\Temp\cc8xGCAv.s:1663   .debug_str:0000000000001989 .LASF337
C:\Users\zero6575\AppData\Local\Temp\cc8xGCAv.s:1837   .debug_str:00000000000023ff .LASF338
C:\Users\zero6575\AppData\Local\Temp\cc8xGCAv.s:1315   .debug_str:0000000000000604 .LASF339
C:\Users\zero6575\AppData\Local\Temp\cc8xGCAv.s:1725   .debug_str:0000000000001d91 .LASF340
C:\Users\zero6575\AppData\Local\Temp\cc8xGCAv.s:1889   .debug_str:00000000000026e7 .LASF341
C:\Users\zero6575\AppData\Local\Temp\cc8xGCAv.s:1333   .debug_str:0000000000000749 .LASF342
C:\Users\zero6575\AppData\Local\Temp\cc8xGCAv.s:1715   .debug_str:0000000000001c56 .LASF343
C:\Users\zero6575\AppData\Local\Temp\cc8xGCAv.s:1461   .debug_str:0000000000000ecd .LASF344
C:\Users\zero6575\AppData\Local\Temp\cc8xGCAv.s:1869   .debug_str:00000000000025f1 .LASF345
C:\Users\zero6575\AppData\Local\Temp\cc8xGCAv.s:1617   .debug_str:0000000000001706 .LASF346
C:\Users\zero6575\AppData\Local\Temp\cc8xGCAv.s:1361   .debug_str:00000000000008e5 .LASF347
C:\Users\zero6575\AppData\Local\Temp\cc8xGCAv.s:1657   .debug_str:0000000000001924 .LASF348
                           .group:0000000000000000 wm4.0.29db371e8b94e604acd9f4c2cef2c360
                           .group:0000000000000000 wm4.version.h.25.02f7ae4a336508fa421ce2ed8b3a4b71

NO UNDEFINED SYMBOLS
