   1              		.file	"FU540_uart.c"
   2              		.option nopic
   3              		.attribute arch, "rv64i2p0_m2p0_a2p0_c2p0"
   4              		.attribute unaligned_access, 0
   5              		.attribute stack_align, 16
   6              		.text
   7              	.Ltext0:
   8              		.cfi_sections	.debug_frame
   9              	.Letext0:
DEFINED SYMBOLS
                            *ABS*:0000000000000000 FU540_uart.c
C:\Users\zero6575\AppData\Local\Temp\ccNRzNkT.s:24     .debug_abbrev:0000000000000000 .Ldebug_abbrev0
C:\Users\zero6575\AppData\Local\Temp\ccNRzNkT.s:1588   .debug_str:0000000000001be0 .LASF342
C:\Users\zero6575\AppData\Local\Temp\ccNRzNkT.s:1480   .debug_str:0000000000001618 .LASF343
C:\Users\zero6575\AppData\Local\Temp\ccNRzNkT.s:1124   .debug_str:000000000000011c .LASF344
C:\Users\zero6575\AppData\Local\Temp\ccNRzNkT.s:1098   .debug_line:0000000000000000 .Ldebug_line0
C:\Users\zero6575\AppData\Local\Temp\ccNRzNkT.s:54     .debug_macro:0000000000000000 .Ldebug_macro0
C:\Users\zero6575\AppData\Local\Temp\ccNRzNkT.s:11     .debug_info:0000000000000000 .Ldebug_info0
C:\Users\zero6575\AppData\Local\Temp\ccNRzNkT.s:67     .debug_macro:0000000000000000 .Ldebug_macro2
C:\Users\zero6575\AppData\Local\Temp\ccNRzNkT.s:1580   .debug_str:0000000000001b8a .LASF0
C:\Users\zero6575\AppData\Local\Temp\ccNRzNkT.s:1120   .debug_str:00000000000000ee .LASF1
C:\Users\zero6575\AppData\Local\Temp\ccNRzNkT.s:1660   .debug_str:00000000000020b8 .LASF2
C:\Users\zero6575\AppData\Local\Temp\ccNRzNkT.s:1682   .debug_str:00000000000021d3 .LASF3
C:\Users\zero6575\AppData\Local\Temp\ccNRzNkT.s:1184   .debug_str:0000000000000555 .LASF4
C:\Users\zero6575\AppData\Local\Temp\ccNRzNkT.s:1466   .debug_str:0000000000001551 .LASF5
C:\Users\zero6575\AppData\Local\Temp\ccNRzNkT.s:1342   .debug_str:0000000000000ebf .LASF6
C:\Users\zero6575\AppData\Local\Temp\ccNRzNkT.s:1422   .debug_str:0000000000001339 .LASF7
C:\Users\zero6575\AppData\Local\Temp\ccNRzNkT.s:1584   .debug_str:0000000000001baf .LASF8
C:\Users\zero6575\AppData\Local\Temp\ccNRzNkT.s:1590   .debug_str:0000000000001ca8 .LASF9
C:\Users\zero6575\AppData\Local\Temp\ccNRzNkT.s:1436   .debug_str:00000000000013d1 .LASF10
C:\Users\zero6575\AppData\Local\Temp\ccNRzNkT.s:1496   .debug_str:0000000000001710 .LASF11
C:\Users\zero6575\AppData\Local\Temp\ccNRzNkT.s:1424   .debug_str:000000000000134f .LASF12
C:\Users\zero6575\AppData\Local\Temp\ccNRzNkT.s:1736   .debug_str:000000000000251e .LASF13
C:\Users\zero6575\AppData\Local\Temp\ccNRzNkT.s:1678   .debug_str:000000000000219c .LASF14
C:\Users\zero6575\AppData\Local\Temp\ccNRzNkT.s:1742   .debug_str:000000000000255c .LASF15
C:\Users\zero6575\AppData\Local\Temp\ccNRzNkT.s:1228   .debug_str:0000000000000832 .LASF16
C:\Users\zero6575\AppData\Local\Temp\ccNRzNkT.s:1266   .debug_str:0000000000000a40 .LASF17
C:\Users\zero6575\AppData\Local\Temp\ccNRzNkT.s:1774   .debug_str:00000000000026ef .LASF18
C:\Users\zero6575\AppData\Local\Temp\ccNRzNkT.s:1238   .debug_str:00000000000008a8 .LASF19
C:\Users\zero6575\AppData\Local\Temp\ccNRzNkT.s:1312   .debug_str:0000000000000cef .LASF20
C:\Users\zero6575\AppData\Local\Temp\ccNRzNkT.s:1388   .debug_str:0000000000001174 .LASF21
C:\Users\zero6575\AppData\Local\Temp\ccNRzNkT.s:1572   .debug_str:0000000000001af3 .LASF22
C:\Users\zero6575\AppData\Local\Temp\ccNRzNkT.s:1278   .debug_str:0000000000000b36 .LASF23
C:\Users\zero6575\AppData\Local\Temp\ccNRzNkT.s:1332   .debug_str:0000000000000e29 .LASF24
C:\Users\zero6575\AppData\Local\Temp\ccNRzNkT.s:1114   .debug_str:00000000000000ac .LASF25
C:\Users\zero6575\AppData\Local\Temp\ccNRzNkT.s:1508   .debug_str:00000000000017a7 .LASF26
C:\Users\zero6575\AppData\Local\Temp\ccNRzNkT.s:1440   .debug_str:00000000000013fd .LASF27
C:\Users\zero6575\AppData\Local\Temp\ccNRzNkT.s:1586   .debug_str:0000000000001bc3 .LASF28
C:\Users\zero6575\AppData\Local\Temp\ccNRzNkT.s:1376   .debug_str:00000000000010d2 .LASF29
C:\Users\zero6575\AppData\Local\Temp\ccNRzNkT.s:1582   .debug_str:0000000000001b95 .LASF30
C:\Users\zero6575\AppData\Local\Temp\ccNRzNkT.s:1252   .debug_str:0000000000000963 .LASF31
C:\Users\zero6575\AppData\Local\Temp\ccNRzNkT.s:1258   .debug_str:00000000000009bc .LASF32
C:\Users\zero6575\AppData\Local\Temp\ccNRzNkT.s:1122   .debug_str:0000000000000107 .LASF33
C:\Users\zero6575\AppData\Local\Temp\ccNRzNkT.s:1354   .debug_str:0000000000000f78 .LASF34
C:\Users\zero6575\AppData\Local\Temp\ccNRzNkT.s:1306   .debug_str:0000000000000ca2 .LASF35
C:\Users\zero6575\AppData\Local\Temp\ccNRzNkT.s:1738   .debug_str:0000000000002531 .LASF36
C:\Users\zero6575\AppData\Local\Temp\ccNRzNkT.s:1162   .debug_str:00000000000003d7 .LASF37
C:\Users\zero6575\AppData\Local\Temp\ccNRzNkT.s:1662   .debug_str:00000000000020ca .LASF38
C:\Users\zero6575\AppData\Local\Temp\ccNRzNkT.s:1464   .debug_str:000000000000152e .LASF39
C:\Users\zero6575\AppData\Local\Temp\ccNRzNkT.s:1756   .debug_str:0000000000002603 .LASF40
C:\Users\zero6575\AppData\Local\Temp\ccNRzNkT.s:1554   .debug_str:00000000000019ec .LASF41
C:\Users\zero6575\AppData\Local\Temp\ccNRzNkT.s:1222   .debug_str:00000000000007ca .LASF42
C:\Users\zero6575\AppData\Local\Temp\ccNRzNkT.s:1456   .debug_str:00000000000014d2 .LASF43
C:\Users\zero6575\AppData\Local\Temp\ccNRzNkT.s:1472   .debug_str:0000000000001590 .LASF44
C:\Users\zero6575\AppData\Local\Temp\ccNRzNkT.s:1220   .debug_str:00000000000007b7 .LASF45
C:\Users\zero6575\AppData\Local\Temp\ccNRzNkT.s:1764   .debug_str:000000000000266a .LASF46
C:\Users\zero6575\AppData\Local\Temp\ccNRzNkT.s:1460   .debug_str:00000000000014fd .LASF47
C:\Users\zero6575\AppData\Local\Temp\ccNRzNkT.s:1684   .debug_str:00000000000021e5 .LASF48
C:\Users\zero6575\AppData\Local\Temp\ccNRzNkT.s:1198   .debug_str:000000000000062b .LASF49
C:\Users\zero6575\AppData\Local\Temp\ccNRzNkT.s:1288   .debug_str:0000000000000b83 .LASF50
C:\Users\zero6575\AppData\Local\Temp\ccNRzNkT.s:1566   .debug_str:0000000000001aaf .LASF51
C:\Users\zero6575\AppData\Local\Temp\ccNRzNkT.s:1264   .debug_str:0000000000000a21 .LASF52
C:\Users\zero6575\AppData\Local\Temp\ccNRzNkT.s:1290   .debug_str:0000000000000ba5 .LASF53
C:\Users\zero6575\AppData\Local\Temp\ccNRzNkT.s:1340   .debug_str:0000000000000ea1 .LASF54
C:\Users\zero6575\AppData\Local\Temp\ccNRzNkT.s:1762   .debug_str:0000000000002647 .LASF55
C:\Users\zero6575\AppData\Local\Temp\ccNRzNkT.s:1482   .debug_str:000000000000164c .LASF56
C:\Users\zero6575\AppData\Local\Temp\ccNRzNkT.s:1712   .debug_str:00000000000023cd .LASF57
C:\Users\zero6575\AppData\Local\Temp\ccNRzNkT.s:1330   .debug_str:0000000000000e01 .LASF58
C:\Users\zero6575\AppData\Local\Temp\ccNRzNkT.s:1270   .debug_str:0000000000000a7d .LASF59
C:\Users\zero6575\AppData\Local\Temp\ccNRzNkT.s:1746   .debug_str:000000000000258e .LASF60
C:\Users\zero6575\AppData\Local\Temp\ccNRzNkT.s:1714   .debug_str:00000000000023f0 .LASF61
C:\Users\zero6575\AppData\Local\Temp\ccNRzNkT.s:1322   .debug_str:0000000000000dad .LASF62
C:\Users\zero6575\AppData\Local\Temp\ccNRzNkT.s:1664   .debug_str:00000000000020e3 .LASF63
C:\Users\zero6575\AppData\Local\Temp\ccNRzNkT.s:1716   .debug_str:0000000000002408 .LASF64
C:\Users\zero6575\AppData\Local\Temp\ccNRzNkT.s:1442   .debug_str:0000000000001416 .LASF65
C:\Users\zero6575\AppData\Local\Temp\ccNRzNkT.s:1250   .debug_str:000000000000093c .LASF66
C:\Users\zero6575\AppData\Local\Temp\ccNRzNkT.s:1378   .debug_str:00000000000010ec .LASF67
C:\Users\zero6575\AppData\Local\Temp\ccNRzNkT.s:1484   .debug_str:0000000000001675 .LASF68
C:\Users\zero6575\AppData\Local\Temp\ccNRzNkT.s:1672   .debug_str:0000000000002141 .LASF69
C:\Users\zero6575\AppData\Local\Temp\ccNRzNkT.s:1268   .debug_str:0000000000000a4b .LASF70
C:\Users\zero6575\AppData\Local\Temp\ccNRzNkT.s:1698   .debug_str:00000000000022e0 .LASF71
C:\Users\zero6575\AppData\Local\Temp\ccNRzNkT.s:1418   .debug_str:00000000000012fe .LASF72
C:\Users\zero6575\AppData\Local\Temp\ccNRzNkT.s:1570   .debug_str:0000000000001adf .LASF73
C:\Users\zero6575\AppData\Local\Temp\ccNRzNkT.s:1412   .debug_str:00000000000012b0 .LASF74
C:\Users\zero6575\AppData\Local\Temp\ccNRzNkT.s:1562   .debug_str:0000000000001a78 .LASF75
C:\Users\zero6575\AppData\Local\Temp\ccNRzNkT.s:1352   .debug_str:0000000000000f51 .LASF76
C:\Users\zero6575\AppData\Local\Temp\ccNRzNkT.s:1576   .debug_str:0000000000001b2b .LASF77
C:\Users\zero6575\AppData\Local\Temp\ccNRzNkT.s:1544   .debug_str:0000000000001966 .LASF78
C:\Users\zero6575\AppData\Local\Temp\ccNRzNkT.s:1594   .debug_str:0000000000001cca .LASF79
C:\Users\zero6575\AppData\Local\Temp\ccNRzNkT.s:1186   .debug_str:0000000000000567 .LASF80
C:\Users\zero6575\AppData\Local\Temp\ccNRzNkT.s:1614   .debug_str:0000000000001e09 .LASF81
C:\Users\zero6575\AppData\Local\Temp\ccNRzNkT.s:1368   .debug_str:0000000000001046 .LASF82
C:\Users\zero6575\AppData\Local\Temp\ccNRzNkT.s:1204   .debug_str:0000000000000693 .LASF83
C:\Users\zero6575\AppData\Local\Temp\ccNRzNkT.s:1216   .debug_str:0000000000000790 .LASF84
C:\Users\zero6575\AppData\Local\Temp\ccNRzNkT.s:1458   .debug_str:00000000000014ec .LASF85
C:\Users\zero6575\AppData\Local\Temp\ccNRzNkT.s:1538   .debug_str:0000000000001928 .LASF86
C:\Users\zero6575\AppData\Local\Temp\ccNRzNkT.s:1646   .debug_str:0000000000001f84 .LASF87
C:\Users\zero6575\AppData\Local\Temp\ccNRzNkT.s:1126   .debug_str:0000000000000178 .LASF88
C:\Users\zero6575\AppData\Local\Temp\ccNRzNkT.s:1286   .debug_str:0000000000000b71 .LASF89
C:\Users\zero6575\AppData\Local\Temp\ccNRzNkT.s:1334   .debug_str:0000000000000e43 .LASF90
C:\Users\zero6575\AppData\Local\Temp\ccNRzNkT.s:1540   .debug_str:000000000000193a .LASF91
C:\Users\zero6575\AppData\Local\Temp\ccNRzNkT.s:1494   .debug_str:00000000000016ed .LASF92
C:\Users\zero6575\AppData\Local\Temp\ccNRzNkT.s:1300   .debug_str:0000000000000c56 .LASF93
C:\Users\zero6575\AppData\Local\Temp\ccNRzNkT.s:1722   .debug_str:0000000000002445 .LASF94
C:\Users\zero6575\AppData\Local\Temp\ccNRzNkT.s:1652   .debug_str:000000000000201c .LASF95
C:\Users\zero6575\AppData\Local\Temp\ccNRzNkT.s:1462   .debug_str:000000000000151a .LASF96
C:\Users\zero6575\AppData\Local\Temp\ccNRzNkT.s:1618   .debug_str:0000000000001e46 .LASF97
C:\Users\zero6575\AppData\Local\Temp\ccNRzNkT.s:1704   .debug_str:0000000000002330 .LASF98
C:\Users\zero6575\AppData\Local\Temp\ccNRzNkT.s:1640   .debug_str:0000000000001f43 .LASF99
C:\Users\zero6575\AppData\Local\Temp\ccNRzNkT.s:1730   .debug_str:00000000000024dc .LASF100
C:\Users\zero6575\AppData\Local\Temp\ccNRzNkT.s:1450   .debug_str:0000000000001483 .LASF101
C:\Users\zero6575\AppData\Local\Temp\ccNRzNkT.s:1520   .debug_str:0000000000001852 .LASF102
C:\Users\zero6575\AppData\Local\Temp\ccNRzNkT.s:1608   .debug_str:0000000000001dc3 .LASF103
C:\Users\zero6575\AppData\Local\Temp\ccNRzNkT.s:1284   .debug_str:0000000000000b5e .LASF104
C:\Users\zero6575\AppData\Local\Temp\ccNRzNkT.s:1246   .debug_str:000000000000090b .LASF105
C:\Users\zero6575\AppData\Local\Temp\ccNRzNkT.s:1770   .debug_str:00000000000026b8 .LASF106
C:\Users\zero6575\AppData\Local\Temp\ccNRzNkT.s:1680   .debug_str:00000000000021af .LASF107
C:\Users\zero6575\AppData\Local\Temp\ccNRzNkT.s:1776   .debug_str:0000000000002700 .LASF108
C:\Users\zero6575\AppData\Local\Temp\ccNRzNkT.s:1336   .debug_str:0000000000000e58 .LASF109
C:\Users\zero6575\AppData\Local\Temp\ccNRzNkT.s:1192   .debug_str:00000000000005dd .LASF110
C:\Users\zero6575\AppData\Local\Temp\ccNRzNkT.s:1534   .debug_str:00000000000018f6 .LASF111
C:\Users\zero6575\AppData\Local\Temp\ccNRzNkT.s:1106   .debug_str:0000000000000050 .LASF112
C:\Users\zero6575\AppData\Local\Temp\ccNRzNkT.s:1230   .debug_str:000000000000083a .LASF113
C:\Users\zero6575\AppData\Local\Temp\ccNRzNkT.s:1502   .debug_str:0000000000001755 .LASF114
C:\Users\zero6575\AppData\Local\Temp\ccNRzNkT.s:1174   .debug_str:0000000000000498 .LASF115
C:\Users\zero6575\AppData\Local\Temp\ccNRzNkT.s:1158   .debug_str:0000000000000399 .LASF116
C:\Users\zero6575\AppData\Local\Temp\ccNRzNkT.s:1420   .debug_str:0000000000001311 .LASF117
C:\Users\zero6575\AppData\Local\Temp\ccNRzNkT.s:1320   .debug_str:0000000000000d99 .LASF118
C:\Users\zero6575\AppData\Local\Temp\ccNRzNkT.s:1766   .debug_str:0000000000002682 .LASF119
C:\Users\zero6575\AppData\Local\Temp\ccNRzNkT.s:1444   .debug_str:0000000000001438 .LASF120
C:\Users\zero6575\AppData\Local\Temp\ccNRzNkT.s:1758   .debug_str:0000000000002626 .LASF121
C:\Users\zero6575\AppData\Local\Temp\ccNRzNkT.s:1260   .debug_str:00000000000009e9 .LASF122
C:\Users\zero6575\AppData\Local\Temp\ccNRzNkT.s:1568   .debug_str:0000000000001acf .LASF123
C:\Users\zero6575\AppData\Local\Temp\ccNRzNkT.s:1112   .debug_str:000000000000008b .LASF124
C:\Users\zero6575\AppData\Local\Temp\ccNRzNkT.s:1454   .debug_str:00000000000014bd .LASF125
C:\Users\zero6575\AppData\Local\Temp\ccNRzNkT.s:1370   .debug_str:0000000000001068 .LASF126
C:\Users\zero6575\AppData\Local\Temp\ccNRzNkT.s:1166   .debug_str:0000000000000433 .LASF127
C:\Users\zero6575\AppData\Local\Temp\ccNRzNkT.s:1768   .debug_str:000000000000269b .LASF128
C:\Users\zero6575\AppData\Local\Temp\ccNRzNkT.s:1734   .debug_str:0000000000002507 .LASF129
C:\Users\zero6575\AppData\Local\Temp\ccNRzNkT.s:1700   .debug_str:00000000000022f7 .LASF130
C:\Users\zero6575\AppData\Local\Temp\ccNRzNkT.s:1358   .debug_str:0000000000000fab .LASF131
C:\Users\zero6575\AppData\Local\Temp\ccNRzNkT.s:1674   .debug_str:0000000000002169 .LASF132
C:\Users\zero6575\AppData\Local\Temp\ccNRzNkT.s:1104   .debug_str:0000000000000038 .LASF133
C:\Users\zero6575\AppData\Local\Temp\ccNRzNkT.s:1372   .debug_str:0000000000001092 .LASF134
C:\Users\zero6575\AppData\Local\Temp\ccNRzNkT.s:1706   .debug_str:000000000000235d .LASF135
C:\Users\zero6575\AppData\Local\Temp\ccNRzNkT.s:1100   .debug_str:0000000000000000 .LASF136
C:\Users\zero6575\AppData\Local\Temp\ccNRzNkT.s:1244   .debug_str:00000000000008eb .LASF137
C:\Users\zero6575\AppData\Local\Temp\ccNRzNkT.s:1658   .debug_str:0000000000002098 .LASF138
C:\Users\zero6575\AppData\Local\Temp\ccNRzNkT.s:1136   .debug_str:0000000000000217 .LASF139
C:\Users\zero6575\AppData\Local\Temp\ccNRzNkT.s:1272   .debug_str:0000000000000a94 .LASF140
C:\Users\zero6575\AppData\Local\Temp\ccNRzNkT.s:1182   .debug_str:0000000000000541 .LASF141
C:\Users\zero6575\AppData\Local\Temp\ccNRzNkT.s:1160   .debug_str:00000000000003b2 .LASF142
C:\Users\zero6575\AppData\Local\Temp\ccNRzNkT.s:1598   .debug_str:0000000000001cf8 .LASF143
C:\Users\zero6575\AppData\Local\Temp\ccNRzNkT.s:1492   .debug_str:00000000000016d5 .LASF144
C:\Users\zero6575\AppData\Local\Temp\ccNRzNkT.s:1564   .debug_str:0000000000001a99 .LASF145
C:\Users\zero6575\AppData\Local\Temp\ccNRzNkT.s:1188   .debug_str:0000000000000577 .LASF146
C:\Users\zero6575\AppData\Local\Temp\ccNRzNkT.s:1348   .debug_str:0000000000000f1f .LASF147
C:\Users\zero6575\AppData\Local\Temp\ccNRzNkT.s:1632   .debug_str:0000000000001ef1 .LASF148
C:\Users\zero6575\AppData\Local\Temp\ccNRzNkT.s:1788   .debug_str:0000000000002797 .LASF149
C:\Users\zero6575\AppData\Local\Temp\ccNRzNkT.s:1314   .debug_str:0000000000000d06 .LASF150
C:\Users\zero6575\AppData\Local\Temp\ccNRzNkT.s:1364   .debug_str:0000000000000ff1 .LASF151
C:\Users\zero6575\AppData\Local\Temp\ccNRzNkT.s:1732   .debug_str:00000000000024ee .LASF152
C:\Users\zero6575\AppData\Local\Temp\ccNRzNkT.s:1402   .debug_str:0000000000001240 .LASF153
C:\Users\zero6575\AppData\Local\Temp\ccNRzNkT.s:1324   .debug_str:0000000000000dca .LASF154
C:\Users\zero6575\AppData\Local\Temp\ccNRzNkT.s:1434   .debug_str:00000000000013bb .LASF155
C:\Users\zero6575\AppData\Local\Temp\ccNRzNkT.s:1510   .debug_str:00000000000017b6 .LASF156
C:\Users\zero6575\AppData\Local\Temp\ccNRzNkT.s:1390   .debug_str:0000000000001187 .LASF157
C:\Users\zero6575\AppData\Local\Temp\ccNRzNkT.s:1226   .debug_str:00000000000007f8 .LASF158
C:\Users\zero6575\AppData\Local\Temp\ccNRzNkT.s:1274   .debug_str:0000000000000ab7 .LASF159
C:\Users\zero6575\AppData\Local\Temp\ccNRzNkT.s:1240   .debug_str:00000000000008ba .LASF160
C:\Users\zero6575\AppData\Local\Temp\ccNRzNkT.s:1638   .debug_str:0000000000001f2c .LASF161
C:\Users\zero6575\AppData\Local\Temp\ccNRzNkT.s:1362   .debug_str:0000000000000fd9 .LASF162
C:\Users\zero6575\AppData\Local\Temp\ccNRzNkT.s:1206   .debug_str:00000000000006a5 .LASF163
C:\Users\zero6575\AppData\Local\Temp\ccNRzNkT.s:1432   .debug_str:00000000000013ac .LASF164
C:\Users\zero6575\AppData\Local\Temp\ccNRzNkT.s:1620   .debug_str:0000000000001e64 .LASF165
C:\Users\zero6575\AppData\Local\Temp\ccNRzNkT.s:1782   .debug_str:000000000000274d .LASF166
C:\Users\zero6575\AppData\Local\Temp\ccNRzNkT.s:1486   .debug_str:0000000000001698 .LASF167
C:\Users\zero6575\AppData\Local\Temp\ccNRzNkT.s:1152   .debug_str:000000000000030c .LASF168
C:\Users\zero6575\AppData\Local\Temp\ccNRzNkT.s:1430   .debug_str:0000000000001395 .LASF169
C:\Users\zero6575\AppData\Local\Temp\ccNRzNkT.s:1726   .debug_str:0000000000002488 .LASF170
C:\Users\zero6575\AppData\Local\Temp\ccNRzNkT.s:1134   .debug_str:00000000000001d5 .LASF171
C:\Users\zero6575\AppData\Local\Temp\ccNRzNkT.s:1190   .debug_str:0000000000000598 .LASF172
C:\Users\zero6575\AppData\Local\Temp\ccNRzNkT.s:1318   .debug_str:0000000000000d50 .LASF173
C:\Users\zero6575\AppData\Local\Temp\ccNRzNkT.s:1406   .debug_str:0000000000001268 .LASF174
C:\Users\zero6575\AppData\Local\Temp\ccNRzNkT.s:1168   .debug_str:0000000000000449 .LASF175
C:\Users\zero6575\AppData\Local\Temp\ccNRzNkT.s:1212   .debug_str:0000000000000739 .LASF176
C:\Users\zero6575\AppData\Local\Temp\ccNRzNkT.s:1144   .debug_str:000000000000028b .LASF177
C:\Users\zero6575\AppData\Local\Temp\ccNRzNkT.s:1688   .debug_str:0000000000002223 .LASF178
C:\Users\zero6575\AppData\Local\Temp\ccNRzNkT.s:1310   .debug_str:0000000000000cd5 .LASF179
C:\Users\zero6575\AppData\Local\Temp\ccNRzNkT.s:1380   .debug_str:0000000000001105 .LASF180
C:\Users\zero6575\AppData\Local\Temp\ccNRzNkT.s:1550   .debug_str:00000000000019c3 .LASF181
C:\Users\zero6575\AppData\Local\Temp\ccNRzNkT.s:1142   .debug_str:0000000000000272 .LASF182
C:\Users\zero6575\AppData\Local\Temp\ccNRzNkT.s:1356   .debug_str:0000000000000f98 .LASF183
C:\Users\zero6575\AppData\Local\Temp\ccNRzNkT.s:1740   .debug_str:0000000000002544 .LASF184
C:\Users\zero6575\AppData\Local\Temp\ccNRzNkT.s:1398   .debug_str:00000000000011ec .LASF185
C:\Users\zero6575\AppData\Local\Temp\ccNRzNkT.s:1156   .debug_str:000000000000035f .LASF186
C:\Users\zero6575\AppData\Local\Temp\ccNRzNkT.s:1316   .debug_str:0000000000000d14 .LASF187
C:\Users\zero6575\AppData\Local\Temp\ccNRzNkT.s:1276   .debug_str:0000000000000af5 .LASF188
C:\Users\zero6575\AppData\Local\Temp\ccNRzNkT.s:1668   .debug_str:0000000000002111 .LASF189
C:\Users\zero6575\AppData\Local\Temp\ccNRzNkT.s:1236   .debug_str:0000000000000890 .LASF190
C:\Users\zero6575\AppData\Local\Temp\ccNRzNkT.s:1616   .debug_str:0000000000001e2d .LASF191
C:\Users\zero6575\AppData\Local\Temp\ccNRzNkT.s:1360   .debug_str:0000000000000fc3 .LASF192
C:\Users\zero6575\AppData\Local\Temp\ccNRzNkT.s:1108   .debug_str:000000000000005f .LASF193
C:\Users\zero6575\AppData\Local\Temp\ccNRzNkT.s:1754   .debug_str:00000000000025ea .LASF194
C:\Users\zero6575\AppData\Local\Temp\ccNRzNkT.s:1426   .debug_str:0000000000001362 .LASF195
C:\Users\zero6575\AppData\Local\Temp\ccNRzNkT.s:1292   .debug_str:0000000000000bbe .LASF196
C:\Users\zero6575\AppData\Local\Temp\ccNRzNkT.s:1384   .debug_str:0000000000001142 .LASF197
C:\Users\zero6575\AppData\Local\Temp\ccNRzNkT.s:1500   .debug_str:000000000000173d .LASF198
C:\Users\zero6575\AppData\Local\Temp\ccNRzNkT.s:1558   .debug_str:0000000000001a27 .LASF199
C:\Users\zero6575\AppData\Local\Temp\ccNRzNkT.s:1338   .debug_str:0000000000000e66 .LASF200
C:\Users\zero6575\AppData\Local\Temp\ccNRzNkT.s:1208   .debug_str:00000000000006b9 .LASF201
C:\Users\zero6575\AppData\Local\Temp\ccNRzNkT.s:1210   .debug_str:00000000000006f7 .LASF202
C:\Users\zero6575\AppData\Local\Temp\ccNRzNkT.s:1630   .debug_str:0000000000001eda .LASF203
C:\Users\zero6575\AppData\Local\Temp\ccNRzNkT.s:1234   .debug_str:0000000000000877 .LASF204
C:\Users\zero6575\AppData\Local\Temp\ccNRzNkT.s:1692   .debug_str:0000000000002260 .LASF205
C:\Users\zero6575\AppData\Local\Temp\ccNRzNkT.s:1636   .debug_str:0000000000001f16 .LASF206
C:\Users\zero6575\AppData\Local\Temp\ccNRzNkT.s:1718   .debug_str:000000000000242a .LASF207
C:\Users\zero6575\AppData\Local\Temp\ccNRzNkT.s:1670   .debug_str:0000000000002127 .LASF208
C:\Users\zero6575\AppData\Local\Temp\ccNRzNkT.s:1524   .debug_str:0000000000001879 .LASF209
C:\Users\zero6575\AppData\Local\Temp\ccNRzNkT.s:1294   .debug_str:0000000000000bd4 .LASF210
C:\Users\zero6575\AppData\Local\Temp\ccNRzNkT.s:1786   .debug_str:000000000000277e .LASF211
C:\Users\zero6575\AppData\Local\Temp\ccNRzNkT.s:1644   .debug_str:0000000000001f6b .LASF212
C:\Users\zero6575\AppData\Local\Temp\ccNRzNkT.s:1146   .debug_str:00000000000002a1 .LASF213
C:\Users\zero6575\AppData\Local\Temp\ccNRzNkT.s:1154   .debug_str:0000000000000323 .LASF214
C:\Users\zero6575\AppData\Local\Temp\ccNRzNkT.s:1214   .debug_str:0000000000000751 .LASF215
C:\Users\zero6575\AppData\Local\Temp\ccNRzNkT.s:1648   .debug_str:0000000000001f9b .LASF216
C:\Users\zero6575\AppData\Local\Temp\ccNRzNkT.s:1532   .debug_str:00000000000018df .LASF217
C:\Users\zero6575\AppData\Local\Temp\ccNRzNkT.s:1394   .debug_str:00000000000011c4 .LASF218
C:\Users\zero6575\AppData\Local\Temp\ccNRzNkT.s:1200   .debug_str:0000000000000648 .LASF219
C:\Users\zero6575\AppData\Local\Temp\ccNRzNkT.s:1626   .debug_str:0000000000001ea7 .LASF220
C:\Users\zero6575\AppData\Local\Temp\ccNRzNkT.s:1760   .debug_str:0000000000002635 .LASF221
C:\Users\zero6575\AppData\Local\Temp\ccNRzNkT.s:1242   .debug_str:00000000000008cf .LASF222
C:\Users\zero6575\AppData\Local\Temp\ccNRzNkT.s:1410   .debug_str:0000000000001292 .LASF223
C:\Users\zero6575\AppData\Local\Temp\ccNRzNkT.s:1102   .debug_str:000000000000001f .LASF224
C:\Users\zero6575\AppData\Local\Temp\ccNRzNkT.s:1744   .debug_str:0000000000002573 .LASF225
C:\Users\zero6575\AppData\Local\Temp\ccNRzNkT.s:1542   .debug_str:000000000000194c .LASF226
C:\Users\zero6575\AppData\Local\Temp\ccNRzNkT.s:1696   .debug_str:00000000000022a1 .LASF227
C:\Users\zero6575\AppData\Local\Temp\ccNRzNkT.s:1710   .debug_str:000000000000238e .LASF228
C:\Users\zero6575\AppData\Local\Temp\ccNRzNkT.s:1178   .debug_str:00000000000004e8 .LASF229
C:\Users\zero6575\AppData\Local\Temp\ccNRzNkT.s:1578   .debug_str:0000000000001b44 .LASF230
C:\Users\zero6575\AppData\Local\Temp\ccNRzNkT.s:1414   .debug_str:00000000000012c7 .LASF231
C:\Users\zero6575\AppData\Local\Temp\ccNRzNkT.s:1386   .debug_str:000000000000115a .LASF232
C:\Users\zero6575\AppData\Local\Temp\ccNRzNkT.s:1170   .debug_str:0000000000000460 .LASF233
C:\Users\zero6575\AppData\Local\Temp\ccNRzNkT.s:1488   .debug_str:00000000000016ad .LASF234
C:\Users\zero6575\AppData\Local\Temp\ccNRzNkT.s:1552   .debug_str:00000000000019da .LASF235
C:\Users\zero6575\AppData\Local\Temp\ccNRzNkT.s:1256   .debug_str:00000000000009a1 .LASF236
C:\Users\zero6575\AppData\Local\Temp\ccNRzNkT.s:1172   .debug_str:000000000000047b .LASF237
C:\Users\zero6575\AppData\Local\Temp\ccNRzNkT.s:1140   .debug_str:000000000000025a .LASF238
C:\Users\zero6575\AppData\Local\Temp\ccNRzNkT.s:1446   .debug_str:0000000000001451 .LASF239
C:\Users\zero6575\AppData\Local\Temp\ccNRzNkT.s:1514   .debug_str:0000000000001802 .LASF240
C:\Users\zero6575\AppData\Local\Temp\ccNRzNkT.s:1650   .debug_str:0000000000001fde .LASF241
C:\Users\zero6575\AppData\Local\Temp\ccNRzNkT.s:1366   .debug_str:0000000000001008 .LASF242
C:\Users\zero6575\AppData\Local\Temp\ccNRzNkT.s:1176   .debug_str:00000000000004a7 .LASF243
C:\Users\zero6575\AppData\Local\Temp\ccNRzNkT.s:1604   .debug_str:0000000000001d66 .LASF244
C:\Users\zero6575\AppData\Local\Temp\ccNRzNkT.s:1116   .debug_str:00000000000000c0 .LASF245
C:\Users\zero6575\AppData\Local\Temp\ccNRzNkT.s:1624   .debug_str:0000000000001e8d .LASF246
C:\Users\zero6575\AppData\Local\Temp\ccNRzNkT.s:1148   .debug_str:00000000000002dd .LASF247
C:\Users\zero6575\AppData\Local\Temp\ccNRzNkT.s:1606   .debug_str:0000000000001dab .LASF248
C:\Users\zero6575\AppData\Local\Temp\ccNRzNkT.s:1728   .debug_str:00000000000024ca .LASF249
C:\Users\zero6575\AppData\Local\Temp\ccNRzNkT.s:1110   .debug_str:000000000000006f .LASF250
C:\Users\zero6575\AppData\Local\Temp\ccNRzNkT.s:1556   .debug_str:0000000000001a09 .LASF251
C:\Users\zero6575\AppData\Local\Temp\ccNRzNkT.s:1308   .debug_str:0000000000000cbc .LASF252
C:\Users\zero6575\AppData\Local\Temp\ccNRzNkT.s:1686   .debug_str:0000000000002208 .LASF253
C:\Users\zero6575\AppData\Local\Temp\ccNRzNkT.s:1138   .debug_str:0000000000000240 .LASF254
C:\Users\zero6575\AppData\Local\Temp\ccNRzNkT.s:1654   .debug_str:0000000000002033 .LASF255
C:\Users\zero6575\AppData\Local\Temp\ccNRzNkT.s:1344   .debug_str:0000000000000ed0 .LASF256
C:\Users\zero6575\AppData\Local\Temp\ccNRzNkT.s:1164   .debug_str:00000000000003f2 .LASF257
C:\Users\zero6575\AppData\Local\Temp\ccNRzNkT.s:1296   .debug_str:0000000000000beb .LASF258
C:\Users\zero6575\AppData\Local\Temp\ccNRzNkT.s:1180   .debug_str:0000000000000529 .LASF259
C:\Users\zero6575\AppData\Local\Temp\ccNRzNkT.s:1400   .debug_str:0000000000001226 .LASF260
C:\Users\zero6575\AppData\Local\Temp\ccNRzNkT.s:1248   .debug_str:0000000000000921 .LASF261
C:\Users\zero6575\AppData\Local\Temp\ccNRzNkT.s:1596   .debug_str:0000000000001ce3 .LASF262
C:\Users\zero6575\AppData\Local\Temp\ccNRzNkT.s:1518   .debug_str:000000000000183a .LASF263
C:\Users\zero6575\AppData\Local\Temp\ccNRzNkT.s:1218   .debug_str:00000000000007a2 .LASF264
C:\Users\zero6575\AppData\Local\Temp\ccNRzNkT.s:1506   .debug_str:0000000000001791 .LASF265
C:\Users\zero6575\AppData\Local\Temp\ccNRzNkT.s:1350   .debug_str:0000000000000f35 .LASF266
C:\Users\zero6575\AppData\Local\Temp\ccNRzNkT.s:1708   .debug_str:0000000000002375 .LASF267
C:\Users\zero6575\AppData\Local\Temp\ccNRzNkT.s:1694   .debug_str:000000000000227a .LASF268
C:\Users\zero6575\AppData\Local\Temp\ccNRzNkT.s:1130   .debug_str:00000000000001a6 .LASF269
C:\Users\zero6575\AppData\Local\Temp\ccNRzNkT.s:1132   .debug_str:00000000000001bc .LASF270
C:\Users\zero6575\AppData\Local\Temp\ccNRzNkT.s:1224   .debug_str:00000000000007e2 .LASF271
C:\Users\zero6575\AppData\Local\Temp\ccNRzNkT.s:1780   .debug_str:0000000000002736 .LASF272
C:\Users\zero6575\AppData\Local\Temp\ccNRzNkT.s:1656   .debug_str:0000000000002072 .LASF273
C:\Users\zero6575\AppData\Local\Temp\ccNRzNkT.s:1498   .debug_str:0000000000001723 .LASF274
C:\Users\zero6575\AppData\Local\Temp\ccNRzNkT.s:1202   .debug_str:0000000000000662 .LASF275
C:\Users\zero6575\AppData\Local\Temp\ccNRzNkT.s:1536   .debug_str:0000000000001911 .LASF276
C:\Users\zero6575\AppData\Local\Temp\ccNRzNkT.s:1128   .debug_str:000000000000018b .LASF277
C:\Users\zero6575\AppData\Local\Temp\ccNRzNkT.s:1448   .debug_str:000000000000146b .LASF278
C:\Users\zero6575\AppData\Local\Temp\ccNRzNkT.s:1438   .debug_str:00000000000013e4 .LASF279
C:\Users\zero6575\AppData\Local\Temp\ccNRzNkT.s:1478   .debug_str:00000000000015de .LASF280
C:\Users\zero6575\AppData\Local\Temp\ccNRzNkT.s:1628   .debug_str:0000000000001ebf .LASF281
C:\Users\zero6575\AppData\Local\Temp\ccNRzNkT.s:1602   .debug_str:0000000000001d21 .LASF282
C:\Users\zero6575\AppData\Local\Temp\ccNRzNkT.s:1676   .debug_str:0000000000002187 .LASF283
C:\Users\zero6575\AppData\Local\Temp\ccNRzNkT.s:1750   .debug_str:00000000000025bc .LASF284
C:\Users\zero6575\AppData\Local\Temp\ccNRzNkT.s:1784   .debug_str:0000000000002767 .LASF285
C:\Users\zero6575\AppData\Local\Temp\ccNRzNkT.s:1326   .debug_str:0000000000000de0 .LASF286
C:\Users\zero6575\AppData\Local\Temp\ccNRzNkT.s:1452   .debug_str:0000000000001498 .LASF287
C:\Users\zero6575\AppData\Local\Temp\ccNRzNkT.s:1574   .debug_str:0000000000001b06 .LASF288
C:\Users\zero6575\AppData\Local\Temp\ccNRzNkT.s:1778   .debug_str:0000000000002718 .LASF289
C:\Users\zero6575\AppData\Local\Temp\ccNRzNkT.s:1516   .debug_str:000000000000181c .LASF290
C:\Users\zero6575\AppData\Local\Temp\ccNRzNkT.s:1546   .debug_str:0000000000001989 .LASF291
C:\Users\zero6575\AppData\Local\Temp\ccNRzNkT.s:1302   .debug_str:0000000000000c6b .LASF292
C:\Users\zero6575\AppData\Local\Temp\ccNRzNkT.s:1196   .debug_str:000000000000060a .LASF293
C:\Users\zero6575\AppData\Local\Temp\ccNRzNkT.s:1470   .debug_str:0000000000001571 .LASF294
C:\Users\zero6575\AppData\Local\Temp\ccNRzNkT.s:1504   .debug_str:0000000000001774 .LASF295
C:\Users\zero6575\AppData\Local\Temp\ccNRzNkT.s:1724   .debug_str:000000000000246a .LASF296
C:\Users\zero6575\AppData\Local\Temp\ccNRzNkT.s:1416   .debug_str:00000000000012df .LASF297
C:\Users\zero6575\AppData\Local\Temp\ccNRzNkT.s:1232   .debug_str:0000000000000853 .LASF298
C:\Users\zero6575\AppData\Local\Temp\ccNRzNkT.s:1382   .debug_str:0000000000001121 .LASF299
C:\Users\zero6575\AppData\Local\Temp\ccNRzNkT.s:1772   .debug_str:00000000000026d3 .LASF300
C:\Users\zero6575\AppData\Local\Temp\ccNRzNkT.s:1262   .debug_str:0000000000000a05 .LASF301
C:\Users\zero6575\AppData\Local\Temp\ccNRzNkT.s:1304   .debug_str:0000000000000c8d .LASF302
C:\Users\zero6575\AppData\Local\Temp\ccNRzNkT.s:1512   .debug_str:00000000000017ed .LASF303
C:\Users\zero6575\AppData\Local\Temp\ccNRzNkT.s:1150   .debug_str:00000000000002f8 .LASF304
C:\Users\zero6575\AppData\Local\Temp\ccNRzNkT.s:1254   .debug_str:000000000000098a .LASF305
C:\Users\zero6575\AppData\Local\Temp\ccNRzNkT.s:1720   .debug_str:000000000000243b .LASF306
C:\Users\zero6575\AppData\Local\Temp\ccNRzNkT.s:1468   .debug_str:000000000000155c .LASF307
C:\Users\zero6575\AppData\Local\Temp\ccNRzNkT.s:1622   .debug_str:0000000000001e7c .LASF308
C:\Users\zero6575\AppData\Local\Temp\ccNRzNkT.s:1610   .debug_str:0000000000001de5 .LASF309
C:\Users\zero6575\AppData\Local\Temp\ccNRzNkT.s:1522   .debug_str:000000000000186b .LASF310
C:\Users\zero6575\AppData\Local\Temp\ccNRzNkT.s:1490   .debug_str:00000000000016c4 .LASF311
C:\Users\zero6575\AppData\Local\Temp\ccNRzNkT.s:1346   .debug_str:0000000000000f0f .LASF312
C:\Users\zero6575\AppData\Local\Temp\ccNRzNkT.s:1374   .debug_str:00000000000010b9 .LASF313
C:\Users\zero6575\AppData\Local\Temp\ccNRzNkT.s:1548   .debug_str:00000000000019ab .LASF314
C:\Users\zero6575\AppData\Local\Temp\ccNRzNkT.s:1282   .debug_str:0000000000000b54 .LASF315
C:\Users\zero6575\AppData\Local\Temp\ccNRzNkT.s:1392   .debug_str:00000000000011be .LASF316
C:\Users\zero6575\AppData\Local\Temp\ccNRzNkT.s:1408   .debug_str:000000000000127d .LASF317
C:\Users\zero6575\AppData\Local\Temp\ccNRzNkT.s:1118   .debug_str:00000000000000d8 .LASF318
C:\Users\zero6575\AppData\Local\Temp\ccNRzNkT.s:1560   .debug_str:0000000000001a62 .LASF319
C:\Users\zero6575\AppData\Local\Temp\ccNRzNkT.s:1600   .debug_str:0000000000001d08 .LASF320
C:\Users\zero6575\AppData\Local\Temp\ccNRzNkT.s:1474   .debug_str:00000000000015a9 .LASF321
C:\Users\zero6575\AppData\Local\Temp\ccNRzNkT.s:1280   .debug_str:0000000000000b4a .LASF322
C:\Users\zero6575\AppData\Local\Temp\ccNRzNkT.s:1476   .debug_str:00000000000015cb .LASF323
C:\Users\zero6575\AppData\Local\Temp\ccNRzNkT.s:1634   .debug_str:0000000000001f01 .LASF324
C:\Users\zero6575\AppData\Local\Temp\ccNRzNkT.s:1690   .debug_str:0000000000002233 .LASF325
C:\Users\zero6575\AppData\Local\Temp\ccNRzNkT.s:1298   .debug_str:0000000000000c31 .LASF326
C:\Users\zero6575\AppData\Local\Temp\ccNRzNkT.s:1748   .debug_str:00000000000025a6 .LASF327
C:\Users\zero6575\AppData\Local\Temp\ccNRzNkT.s:1526   .debug_str:0000000000001895 .LASF328
C:\Users\zero6575\AppData\Local\Temp\ccNRzNkT.s:1612   .debug_str:0000000000001df3 .LASF329
C:\Users\zero6575\AppData\Local\Temp\ccNRzNkT.s:1404   .debug_str:0000000000001254 .LASF330
C:\Users\zero6575\AppData\Local\Temp\ccNRzNkT.s:1328   .debug_str:0000000000000df0 .LASF331
C:\Users\zero6575\AppData\Local\Temp\ccNRzNkT.s:1428   .debug_str:000000000000137d .LASF332
C:\Users\zero6575\AppData\Local\Temp\ccNRzNkT.s:1666   .debug_str:0000000000002104 .LASF333
C:\Users\zero6575\AppData\Local\Temp\ccNRzNkT.s:1396   .debug_str:00000000000011dd .LASF334
C:\Users\zero6575\AppData\Local\Temp\ccNRzNkT.s:1642   .debug_str:0000000000001f5b .LASF335
C:\Users\zero6575\AppData\Local\Temp\ccNRzNkT.s:1528   .debug_str:00000000000018aa .LASF336
C:\Users\zero6575\AppData\Local\Temp\ccNRzNkT.s:1530   .debug_str:00000000000018c4 .LASF337
C:\Users\zero6575\AppData\Local\Temp\ccNRzNkT.s:1702   .debug_str:0000000000002315 .LASF338
C:\Users\zero6575\AppData\Local\Temp\ccNRzNkT.s:1194   .debug_str:00000000000005f4 .LASF339
C:\Users\zero6575\AppData\Local\Temp\ccNRzNkT.s:1592   .debug_str:0000000000001cbb .LASF340
C:\Users\zero6575\AppData\Local\Temp\ccNRzNkT.s:1752   .debug_str:00000000000025d3 .LASF341
                           .group:0000000000000000 wm4.0.29db371e8b94e604acd9f4c2cef2c360

NO UNDEFINED SYMBOLS
