

================================================================
== Vitis HLS Report for 'bypass_hw'
================================================================
* Date:           Wed May  6 22:28:24 2026

* Version:        2025.2 (Build 6295257 on Nov 12 2025)
* Project:        bypass_hls
* Solution:       hls (Vivado IP Flow Target)
* Product family: zynquplus
* Target device:  xck26-sfvc784-2LV-c


================================================================
== Performance Estimates
================================================================
+ Timing: 
    * Summary: 
    +--------+----------+----------+------------+
    |  Clock |  Target  | Estimated| Uncertainty|
    +--------+----------+----------+------------+
    |ap_clk  |  10.00 ns|  3.420 ns|     2.70 ns|
    +--------+----------+----------+------------+

+ Latency: 
    * Summary: 
    +---------+---------+-----------+-----------+-----+-----+---------+
    |  Latency (cycles) |   Latency (absolute)  |  Interval | Pipeline|
    |   min   |   max   |    min    |    max    | min | max |   Type  |
    +---------+---------+-----------+-----------+-----+-----+---------+
    |        2|        2|  20.000 ns|  20.000 ns|    3|    3|       no|
    +---------+---------+-----------+-----------+-----+-----+---------+

    + Detail: 
        * Instance: 
        N/A

        * Loop: 
        N/A



================================================================
== Utilization Estimates
================================================================
* Summary: 
+-----------------+---------+------+--------+--------+-----+
|       Name      | BRAM_18K|  DSP |   FF   |   LUT  | URAM|
+-----------------+---------+------+--------+--------+-----+
|DSP              |        -|     -|       -|       -|    -|
|Expression       |        -|     -|       0|     128|    -|
|FIFO             |        -|     -|       -|       -|    -|
|Instance         |        0|     -|      52|      72|    0|
|Memory           |        -|     -|       -|       -|    -|
|Multiplexer      |        -|     -|       0|      75|    -|
|Register         |        -|     -|      44|       -|    -|
+-----------------+---------+------+--------+--------+-----+
|Total            |        0|     0|      96|     275|    0|
+-----------------+---------+------+--------+--------+-----+
|Available        |      288|  1248|  234240|  117120|   64|
+-----------------+---------+------+--------+--------+-----+
|Utilization (%)  |        0|     0|      ~0|      ~0|    0|
+-----------------+---------+------+--------+--------+-----+

+ Detail: 
    * Instance: 
    +-----------------+---------------+---------+----+----+----+-----+
    |     Instance    |     Module    | BRAM_18K| DSP| FF | LUT| URAM|
    +-----------------+---------------+---------+----+----+----+-----+
    |control_s_axi_U  |control_s_axi  |        0|   0|  52|  72|    0|
    +-----------------+---------------+---------+----+----+----+-----+
    |Total            |               |        0|   0|  52|  72|    0|
    +-----------------+---------------+---------+----+----+----+-----+

    * DSP: 
    N/A

    * Memory: 
    N/A

    * FIFO: 
    N/A

    * Expression: 
    +---------------------------+----------+----+---+----+------------+------------+
    |       Variable Name       | Operation| DSP| FF| LUT| Bitwidth P0| Bitwidth P1|
    +---------------------------+----------+----+---+----+------------+------------+
    |add_ln22_fu_112_p2         |         +|   0|  0|  23|          16|           1|
    |add_ln33_fu_134_p2         |         +|   0|  0|  23|          16|           2|
    |out_data_last_1_fu_148_p2  |      icmp|   0|  0|  23|          16|          16|
    |out_data_last_fu_127_p2    |      icmp|   0|  0|  23|          16|          16|
    |ap_block_state1            |        or|   0|  0|   2|           1|           1|
    |ap_block_state3            |        or|   0|  0|   2|           1|           1|
    |select_ln33_fu_140_p3      |    select|   0|  0|  16|           1|           1|
    |select_ln39_fu_154_p3      |    select|   0|  0|  16|           1|           1|
    +---------------------------+----------+----+---+----+------------+------------+
    |Total                      |          |   0|  0| 128|          68|          39|
    +---------------------------+----------+----+---+----+------------+------------+

    * Multiplexer: 
    +------------------------+----+-----------+-----+-----------+
    |          Name          | LUT| Input Size| Bits| Total Bits|
    +------------------------+----+-----------+-----+-----------+
    |ap_NS_fsm               |  20|          4|    1|          4|
    |input_l_blk_n           |   9|          2|    1|          2|
    |input_r_blk_n           |   9|          2|    1|          2|
    |res_TDATA_blk_n         |   9|          2|    1|          2|
    |res_TDATA_int_regslice  |  14|          3|   32|         96|
    |res_TLAST_int_regslice  |  14|          3|    1|          3|
    +------------------------+----+-----------+-----+-----------+
    |Total                   |  75|         16|   37|        109|
    +------------------------+----+-----------+-----+-----------+

    * Register: 
    +-------------------------+----+----+-----+-----------+
    |           Name          | FF | LUT| Bits| Const Bits|
    +-------------------------+----+----+-----+-----------+
    |ap_CS_fsm                |   3|   0|    3|          0|
    |cnt                      |  16|   0|   16|          0|
    |input_r_read_reg_186     |  24|   0|   24|          0|
    |out_data_last_1_reg_191  |   1|   0|    1|          0|
    +-------------------------+----+----+-----+-----------+
    |Total                    |  44|   0|   44|          0|
    +-------------------------+----+----+-----+-----------+



================================================================
== Interface
================================================================
* Summary: 
+-----------------------+-----+-----+--------------+--------------+--------------+
|       RTL Ports       | Dir | Bits|   Protocol   | Source Object|    C Type    |
+-----------------------+-----+-----+--------------+--------------+--------------+
|s_axi_control_AWVALID  |   in|    1|         s_axi|       control|        scalar|
|s_axi_control_AWREADY  |  out|    1|         s_axi|       control|        scalar|
|s_axi_control_AWADDR   |   in|    5|         s_axi|       control|        scalar|
|s_axi_control_WVALID   |   in|    1|         s_axi|       control|        scalar|
|s_axi_control_WREADY   |  out|    1|         s_axi|       control|        scalar|
|s_axi_control_WDATA    |   in|   32|         s_axi|       control|        scalar|
|s_axi_control_WSTRB    |   in|    4|         s_axi|       control|        scalar|
|s_axi_control_ARVALID  |   in|    1|         s_axi|       control|        scalar|
|s_axi_control_ARREADY  |  out|    1|         s_axi|       control|        scalar|
|s_axi_control_ARADDR   |   in|    5|         s_axi|       control|        scalar|
|s_axi_control_RVALID   |  out|    1|         s_axi|       control|        scalar|
|s_axi_control_RREADY   |   in|    1|         s_axi|       control|        scalar|
|s_axi_control_RDATA    |  out|   32|         s_axi|       control|        scalar|
|s_axi_control_RRESP    |  out|    2|         s_axi|       control|        scalar|
|s_axi_control_BVALID   |  out|    1|         s_axi|       control|        scalar|
|s_axi_control_BREADY   |   in|    1|         s_axi|       control|        scalar|
|s_axi_control_BRESP    |  out|    2|         s_axi|       control|        scalar|
|ap_clk                 |   in|    1|  ap_ctrl_none|     bypass_hw|  return value|
|ap_rst_n               |   in|    1|  ap_ctrl_none|     bypass_hw|  return value|
|input_l                |   in|   24|         ap_hs|       input_l|       pointer|
|input_l_ap_vld         |   in|    1|         ap_hs|       input_l|       pointer|
|input_l_ap_ack         |  out|    1|         ap_hs|       input_l|       pointer|
|input_r                |   in|   24|         ap_hs|       input_r|       pointer|
|input_r_ap_vld         |   in|    1|         ap_hs|       input_r|       pointer|
|input_r_ap_ack         |  out|    1|         ap_hs|       input_r|       pointer|
|res_TDATA              |  out|   32|          axis|  res_V_data_V|       pointer|
|res_TVALID             |  out|    1|          axis|  res_V_last_V|       pointer|
|res_TREADY             |   in|    1|          axis|  res_V_last_V|       pointer|
|res_TLAST              |  out|    1|          axis|  res_V_last_V|       pointer|
|res_TKEEP              |  out|    4|          axis|  res_V_keep_V|       pointer|
|res_TSTRB              |  out|    4|          axis|  res_V_strb_V|       pointer|
+-----------------------+-----+-----+--------------+--------------+--------------+

