

================================================================
== Synthesis Summary Report of 'bypass_hw'
================================================================
+ General Information: 
    * Date:           Wed May  6 22:28:24 2026
    * Version:        2025.2 (Build 6295257 on Nov 12 2025)
    * Project:        bypass_hls
    * Solution:       hls (Vivado IP Flow Target)
    * Product family: zynquplus
    * Target device:  xck26-sfvc784-2LV-c
    

* Performance & Resource Estimates: 
+-------------+------+---------------+----------+---------+------+----------+---------+--------+------+------+----+----------+-----------+-----+
|   Modules   | Issue|               | Iteration|         | Trip |          |      Latency     |      |      |    |          |           |     |
|   & Loops   | Type | Violation Type|  Latency | Interval| Count| Pipelined| (cycles)|  (ns)  | Slack| BRAM | DSP|    FF    |    LUT    | URAM|
+-------------+------+---------------+----------+---------+------+----------+---------+--------+------+------+----+----------+-----------+-----+
|+ bypass_hw  |     -|              -|         -|        3|     -|        no|        2|  20.000|  3.88|     -|   -|  96 (~0%)|  275 (~0%)|    -|
+-------------+------+---------------+----------+---------+------+----------+---------+--------+------+------+----+----------+-----------+-----+
    Name Prefix: '+' for module, 'o' for loop, '*' for dataflow


================================================================
== HW Interfaces
================================================================
* S_AXILITE Interfaces
+---------------+------------+---------------+--------+----------+
| Interface     | Data Width | Address Width | Offset | Register |
+---------------+------------+---------------+--------+----------+
| s_axi_control | 32         | 5             | 16     | 0        |
+---------------+------------+---------------+--------+----------+

* S_AXILITE Registers
+---------------+------------+--------+-------+--------+---------------------------+
| Interface     | Register   | Offset | Width | Access | Description               |
+---------------+------------+--------+-------+--------+---------------------------+
| s_axi_control | tlast_dnum | 0x10   | 32    | W      | Data signal of tlast_dnum |
+---------------+------------+--------+-------+--------+---------------------------+

* AXIS
+-----------+-----------+---------------+-------+-------+-------+--------+-------+--------+
| Interface | Direction | Register Mode | TDATA | TKEEP | TLAST | TREADY | TSTRB | TVALID |
+-----------+-----------+---------------+-------+-------+-------+--------+-------+--------+
| res       | out       | both          | 32    | 4     | 1     | 1      | 4     | 1      |
+-----------+-----------+---------------+-------+-------+-------+--------+-------+--------+

* Other Ports
+---------+-------+-----------+----------+
| Port    | Mode  | Direction | Bitwidth |
+---------+-------+-----------+----------+
| input_l | ap_hs | in        | 24       |
| input_r | ap_hs | in        | 24       |
+---------+-------+-----------+----------+

* TOP LEVEL CONTROL
+-----------+--------------+----------+
| Interface | Type         | Ports    |
+-----------+--------------+----------+
| ap_clk    | clock        | ap_clk   |
| ap_rst_n  | reset        | ap_rst_n |
| ap_ctrl   | ap_ctrl_none |          |
+-----------+--------------+----------+


================================================================
== SW I/O Information
================================================================
* Top Function Arguments
+------------+-----------+-----------------------------------------------------------------------------------------------------------------+
| Argument   | Direction | Datatype                                                                                                        |
+------------+-----------+-----------------------------------------------------------------------------------------------------------------+
| tlast_dnum | in        | ap_uint<16>                                                                                                     |
| input_l    | in        | ap_fixed<24, 1, (ap_q_mode)5, (ap_o_mode)3, 0>*                                                                 |
| input_r    | in        | ap_fixed<24, 1, (ap_q_mode)5, (ap_o_mode)3, 0>*                                                                 |
| res        | out       | stream<hls::axis<ap_fixed<32, 1, (ap_q_mode)5, (ap_o_mode)3, 0>, 0UL, 0UL, 0UL, (unsigned char)'8', false>, 0>& |
+------------+-----------+-----------------------------------------------------------------------------------------------------------------+

* SW-to-HW Mapping
+------------+----------------+-----------+--------------------------------------+
| Argument   | HW Interface   | HW Type   | HW Info                              |
+------------+----------------+-----------+--------------------------------------+
| tlast_dnum | s_axi_control  | register  | name=tlast_dnum offset=0x10 range=32 |
| input_l    | input_l        | port      |                                      |
| input_l    | input_l_ap_vld | port      |                                      |
| input_l    | input_l_ap_ack | port      |                                      |
| input_r    | input_r        | port      |                                      |
| input_r    | input_r_ap_vld | port      |                                      |
| input_r    | input_r_ap_ack | port      |                                      |
| res        | res            | interface |                                      |
+------------+----------------+-----------+--------------------------------------+


================================================================
== Bind Op Report
================================================================
+-----------------------------+-----+--------+-----------------+--------+----------+---------+
| Name                        | DSP | Pragma | Variable        | Op     | Impl     | Latency |
+-----------------------------+-----+--------+-----------------+--------+----------+---------+
| + bypass_hw                 | 0   |        |                 |        |          |         |
|   add_ln22_fu_112_p2        |     |        | add_ln22        | add    | fabric   | 0       |
|   out_data_last_fu_127_p2   |     |        | out_data_last   | seteq  | auto     | 0       |
|   add_ln33_fu_134_p2        |     |        | add_ln33        | add    | fabric   | 0       |
|   select_ln33_fu_140_p3     |     |        | select_ln33     | select | auto_sel | 0       |
|   out_data_last_1_fu_148_p2 |     |        | out_data_last_1 | seteq  | auto     | 0       |
|   select_ln39_fu_154_p3     |     |        | select_ln39     | select | auto_sel | 0       |
+-----------------------------+-----+--------+-----------------+--------+----------+---------+


================================================================
== Storage Report
================================================================
+-------------------+-----------+-----------+------+------+--------+----------+------+---------+------------------+
| Name              | Usage     | Type      | BRAM | URAM | Pragma | Variable | Impl | Latency | Bitwidth, Depth, |
|                   |           |           |      |      |        |          |      |         | Banks            |
+-------------------+-----------+-----------+------+------+--------+----------+------+---------+------------------+
| + bypass_hw       |           |           | 0    | 0    |        |          |      |         |                  |
|   control_s_axi_U | interface | s_axilite |      |      |        |          |      |         |                  |
+-------------------+-----------+-----------+------+------+--------+----------+------+---------+------------------+


================================================================
== Pragma Report
================================================================
* Valid Pragma Syntax
+-----------+--------------------------------+---------------------------------+
| Type      | Options                        | Location                        |
+-----------+--------------------------------+---------------------------------+
| INTERFACE | mode=s_axilite port=tlast_dnum | in bypass_hw (bypass_hw.cpp:12) |
| INTERFACE | mode=ap_hs port=input_l        | in bypass_hw (bypass_hw.cpp:13) |
| INTERFACE | mode=ap_hs port=input_r        | in bypass_hw (bypass_hw.cpp:14) |
| INTERFACE | mode=axis port=res             | in bypass_hw (bypass_hw.cpp:15) |
| INTERFACE | mode=ap_ctrl_none port=return  | in bypass_hw (bypass_hw.cpp:16) |
+-----------+--------------------------------+---------------------------------+


