   1              		.file	"uart_mapping.c"
   2              		.option nopic
   3              		.attribute arch, "rv64i2p0_m2p0_a2p0_c2p0"
   4              		.attribute unaligned_access, 0
   5              		.attribute stack_align, 16
   6              		.text
   7              	.Ltext0:
   8              		.cfi_sections	.debug_frame
   9              		.globl	p_uartmap_e51
  10              		.section	.sdata.p_uartmap_e51,"aw"
  11              		.align	3
  14              	p_uartmap_e51:
  15 0000 00000000 		.dword	g_mss_uart0_lo
  15      00000000 
  16              		.globl	p_uartmap_u54_1
  17              		.section	.sdata.p_uartmap_u54_1,"aw"
  18              		.align	3
  21              	p_uartmap_u54_1:
  22 0000 00000000 		.dword	g_mss_uart1_lo
  22      00000000 
  23              		.globl	p_uartmap_u54_2
  24              		.section	.sdata.p_uartmap_u54_2,"aw"
  25              		.align	3
  28              	p_uartmap_u54_2:
  29 0000 00000000 		.dword	g_mss_uart2_lo
  29      00000000 
  30              		.globl	p_uartmap_u54_3
  31              		.section	.sdata.p_uartmap_u54_3,"aw"
  32              		.align	3
  35              	p_uartmap_u54_3:
  36 0000 00000000 		.dword	g_mss_uart3_lo
  36      00000000 
  37              		.globl	p_uartmap_u54_4
  38              		.section	.sdata.p_uartmap_u54_4,"aw"
  39              		.align	3
  42              	p_uartmap_u54_4:
  43 0000 00000000 		.dword	g_mss_uart4_lo
  43      00000000 
  44              		.text
  45              	.Letext0:
  46              		.file 1 "c:\\microchip\\softconsole-v2022.2-risc-v-747\\riscv-unknown-elf-gcc\\riscv64-unknown-elf
  47              		.file 2 "c:\\microchip\\softconsole-v2022.2-risc-v-747\\riscv-unknown-elf-gcc\\riscv64-unknown-elf
  48              		.file 3 "C:\\Users\\zero6575\\Libero\\fpga_labor\\fpga_labor\\software\\mpfs-mac-mcc-stack\\src\\p
  49              		.file 4 "../src/application/inc/uart_mapping.c"
DEFINED SYMBOLS
                            *ABS*:0000000000000000 uart_mapping.c
C:\Users\zero6575\AppData\Local\Temp\ccfpVe2p.s:14     .sdata.p_uartmap_e51:0000000000000000 p_uartmap_e51
C:\Users\zero6575\AppData\Local\Temp\ccfpVe2p.s:21     .sdata.p_uartmap_u54_1:0000000000000000 p_uartmap_u54_1
C:\Users\zero6575\AppData\Local\Temp\ccfpVe2p.s:28     .sdata.p_uartmap_u54_2:0000000000000000 p_uartmap_u54_2
C:\Users\zero6575\AppData\Local\Temp\ccfpVe2p.s:35     .sdata.p_uartmap_u54_3:0000000000000000 p_uartmap_u54_3
C:\Users\zero6575\AppData\Local\Temp\ccfpVe2p.s:42     .sdata.p_uartmap_u54_4:0000000000000000 p_uartmap_u54_4
C:\Users\zero6575\AppData\Local\Temp\ccfpVe2p.s:732    .debug_abbrev:0000000000000000 .Ldebug_abbrev0
C:\Users\zero6575\AppData\Local\Temp\ccfpVe2p.s:4296   .debug_str:0000000000003b7e .LASF693
C:\Users\zero6575\AppData\Local\Temp\ccfpVe2p.s:3516   .debug_str:0000000000001554 .LASF694
C:\Users\zero6575\AppData\Local\Temp\ccfpVe2p.s:4394   .debug_str:0000000000004100 .LASF695
C:\Users\zero6575\AppData\Local\Temp\ccfpVe2p.s:3080   .debug_line:0000000000000000 .Ldebug_line0
C:\Users\zero6575\AppData\Local\Temp\ccfpVe2p.s:1036   .debug_macro:0000000000000000 .Ldebug_macro0
C:\Users\zero6575\AppData\Local\Temp\ccfpVe2p.s:4036   .debug_str:0000000000002f2c .LASF626
C:\Users\zero6575\AppData\Local\Temp\ccfpVe2p.s:4182   .debug_str:00000000000035f1 .LASF627
C:\Users\zero6575\AppData\Local\Temp\ccfpVe2p.s:3752   .debug_str:000000000000210d .LASF628
C:\Users\zero6575\AppData\Local\Temp\ccfpVe2p.s:3940   .debug_str:0000000000002aa0 .LASF629
C:\Users\zero6575\AppData\Local\Temp\ccfpVe2p.s:4356   .debug_str:0000000000003f46 .LASF630
C:\Users\zero6575\AppData\Local\Temp\ccfpVe2p.s:4124   .debug_str:000000000000333a .LASF634
C:\Users\zero6575\AppData\Local\Temp\ccfpVe2p.s:4244   .debug_str:0000000000003963 .LASF631
C:\Users\zero6575\AppData\Local\Temp\ccfpVe2p.s:3256   .debug_str:00000000000008c3 .LASF632
C:\Users\zero6575\AppData\Local\Temp\ccfpVe2p.s:4366   .debug_str:0000000000003fac .LASF633
C:\Users\zero6575\AppData\Local\Temp\ccfpVe2p.s:4250   .debug_str:000000000000399f .LASF635
C:\Users\zero6575\AppData\Local\Temp\ccfpVe2p.s:3192   .debug_str:00000000000005cb .LASF636
C:\Users\zero6575\AppData\Local\Temp\ccfpVe2p.s:3558   .debug_str:0000000000001769 .LASF637
C:\Users\zero6575\AppData\Local\Temp\ccfpVe2p.s:3358   .debug_str:0000000000000df7 .LASF638
C:\Users\zero6575\AppData\Local\Temp\ccfpVe2p.s:3172   .debug_str:00000000000004e7 .LASF639
C:\Users\zero6575\AppData\Local\Temp\ccfpVe2p.s:3962   .debug_str:0000000000002b9c .LASF696
C:\Users\zero6575\AppData\Local\Temp\ccfpVe2p.s:4050   .debug_str:0000000000002fe2 .LASF640
C:\Users\zero6575\AppData\Local\Temp\ccfpVe2p.s:3166   .debug_str:00000000000004b0 .LASF641
C:\Users\zero6575\AppData\Local\Temp\ccfpVe2p.s:3668   .debug_str:0000000000001d34 .LASF642
C:\Users\zero6575\AppData\Local\Temp\ccfpVe2p.s:3696   .debug_str:0000000000001ebf .LASF643
C:\Users\zero6575\AppData\Local\Temp\ccfpVe2p.s:3432   .debug_str:000000000000116f .LASF644
C:\Users\zero6575\AppData\Local\Temp\ccfpVe2p.s:4230   .debug_str:00000000000038b1 .LASF645
C:\Users\zero6575\AppData\Local\Temp\ccfpVe2p.s:3184   .debug_str:000000000000057b .LASF646
C:\Users\zero6575\AppData\Local\Temp\ccfpVe2p.s:3456   .debug_str:000000000000125c .LASF647
C:\Users\zero6575\AppData\Local\Temp\ccfpVe2p.s:4222   .debug_str:0000000000003828 .LASF648
C:\Users\zero6575\AppData\Local\Temp\ccfpVe2p.s:3584   .debug_str:000000000000188e .LASF649
C:\Users\zero6575\AppData\Local\Temp\ccfpVe2p.s:3824   .debug_str:0000000000002522 .LASF650
C:\Users\zero6575\AppData\Local\Temp\ccfpVe2p.s:3830   .debug_str:0000000000002557 .LASF651
C:\Users\zero6575\AppData\Local\Temp\ccfpVe2p.s:3446   .debug_str:00000000000011f0 .LASF652
C:\Users\zero6575\AppData\Local\Temp\ccfpVe2p.s:3908   .debug_str:00000000000028b7 .LASF653
C:\Users\zero6575\AppData\Local\Temp\ccfpVe2p.s:3274   .debug_str:00000000000009b4 .LASF654
C:\Users\zero6575\AppData\Local\Temp\ccfpVe2p.s:3356   .debug_str:0000000000000dea .LASF655
C:\Users\zero6575\AppData\Local\Temp\ccfpVe2p.s:3578   .debug_str:0000000000001852 .LASF656
C:\Users\zero6575\AppData\Local\Temp\ccfpVe2p.s:3738   .debug_str:000000000000209d .LASF657
C:\Users\zero6575\AppData\Local\Temp\ccfpVe2p.s:3804   .debug_str:0000000000002421 .LASF658
C:\Users\zero6575\AppData\Local\Temp\ccfpVe2p.s:4006   .debug_str:0000000000002dfa .LASF659
C:\Users\zero6575\AppData\Local\Temp\ccfpVe2p.s:4008   .debug_str:0000000000002e04 .LASF660
C:\Users\zero6575\AppData\Local\Temp\ccfpVe2p.s:4406   .debug_str:00000000000041d0 .LASF661
C:\Users\zero6575\AppData\Local\Temp\ccfpVe2p.s:4410   .debug_str:00000000000041ef .LASF662
C:\Users\zero6575\AppData\Local\Temp\ccfpVe2p.s:4014   .debug_str:0000000000002e5d .LASF663
C:\Users\zero6575\AppData\Local\Temp\ccfpVe2p.s:4016   .debug_str:0000000000002e67 .LASF664
C:\Users\zero6575\AppData\Local\Temp\ccfpVe2p.s:4018   .debug_str:0000000000002e71 .LASF665
C:\Users\zero6575\AppData\Local\Temp\ccfpVe2p.s:4020   .debug_str:0000000000002e7b .LASF666
C:\Users\zero6575\AppData\Local\Temp\ccfpVe2p.s:4022   .debug_str:0000000000002e85 .LASF667
C:\Users\zero6575\AppData\Local\Temp\ccfpVe2p.s:4024   .debug_str:0000000000002e8f .LASF668
C:\Users\zero6575\AppData\Local\Temp\ccfpVe2p.s:4280   .debug_str:0000000000003b26 .LASF669
C:\Users\zero6575\AppData\Local\Temp\ccfpVe2p.s:4282   .debug_str:0000000000003b31 .LASF670
C:\Users\zero6575\AppData\Local\Temp\ccfpVe2p.s:4284   .debug_str:0000000000003b3c .LASF671
C:\Users\zero6575\AppData\Local\Temp\ccfpVe2p.s:4286   .debug_str:0000000000003b47 .LASF672
C:\Users\zero6575\AppData\Local\Temp\ccfpVe2p.s:4288   .debug_str:0000000000003b52 .LASF673
C:\Users\zero6575\AppData\Local\Temp\ccfpVe2p.s:4290   .debug_str:0000000000003b5d .LASF674
C:\Users\zero6575\AppData\Local\Temp\ccfpVe2p.s:4292   .debug_str:0000000000003b68 .LASF675
C:\Users\zero6575\AppData\Local\Temp\ccfpVe2p.s:4294   .debug_str:0000000000003b73 .LASF676
C:\Users\zero6575\AppData\Local\Temp\ccfpVe2p.s:3990   .debug_str:0000000000002d2d .LASF677
C:\Users\zero6575\AppData\Local\Temp\ccfpVe2p.s:3568   .debug_str:00000000000017bc .LASF678
C:\Users\zero6575\AppData\Local\Temp\ccfpVe2p.s:3858   .debug_str:0000000000002668 .LASF679
C:\Users\zero6575\AppData\Local\Temp\ccfpVe2p.s:3366   .debug_str:0000000000000e31 .LASF680
C:\Users\zero6575\AppData\Local\Temp\ccfpVe2p.s:4168   .debug_str:0000000000003570 .LASF681
C:\Users\zero6575\AppData\Local\Temp\ccfpVe2p.s:3560   .debug_str:0000000000001771 .LASF682
C:\Users\zero6575\AppData\Local\Temp\ccfpVe2p.s:4170   .debug_str:000000000000357f .LASF683
C:\Users\zero6575\AppData\Local\Temp\ccfpVe2p.s:3562   .debug_str:0000000000001780 .LASF684
C:\Users\zero6575\AppData\Local\Temp\ccfpVe2p.s:3482   .debug_str:00000000000013bd .LASF685
C:\Users\zero6575\AppData\Local\Temp\ccfpVe2p.s:3780   .debug_str:00000000000022a5 .LASF686
C:\Users\zero6575\AppData\Local\Temp\ccfpVe2p.s:3204   .debug_str:0000000000000688 .LASF687
C:\Users\zero6575\AppData\Local\Temp\ccfpVe2p.s:3746   .debug_str:00000000000020da .LASF688
C:\Users\zero6575\AppData\Local\Temp\ccfpVe2p.s:3644   .debug_str:0000000000001bfd .LASF689
C:\Users\zero6575\AppData\Local\Temp\ccfpVe2p.s:3646   .debug_str:0000000000001c0d .LASF690
C:\Users\zero6575\AppData\Local\Temp\ccfpVe2p.s:3648   .debug_str:0000000000001c1d .LASF691
C:\Users\zero6575\AppData\Local\Temp\ccfpVe2p.s:3650   .debug_str:0000000000001c2d .LASF692
C:\Users\zero6575\AppData\Local\Temp\ccfpVe2p.s:51     .debug_info:0000000000000000 .Ldebug_info0
C:\Users\zero6575\AppData\Local\Temp\ccfpVe2p.s:1138   .debug_macro:0000000000000000 .Ldebug_macro2
C:\Users\zero6575\AppData\Local\Temp\ccfpVe2p.s:4060   .debug_str:0000000000003045 .LASF342
C:\Users\zero6575\AppData\Local\Temp\ccfpVe2p.s:3324   .debug_str:0000000000000c2c .LASF343
C:\Users\zero6575\AppData\Local\Temp\ccfpVe2p.s:2169   .debug_macro:0000000000000000 .Ldebug_macro3
C:\Users\zero6575\AppData\Local\Temp\ccfpVe2p.s:4080   .debug_str:0000000000003118 .LASF397
C:\Users\zero6575\AppData\Local\Temp\ccfpVe2p.s:3462   .debug_str:000000000000129e .LASF398
C:\Users\zero6575\AppData\Local\Temp\ccfpVe2p.s:3868   .debug_str:00000000000026cc .LASF399
C:\Users\zero6575\AppData\Local\Temp\ccfpVe2p.s:2333   .debug_macro:0000000000000000 .Ldebug_macro4
C:\Users\zero6575\AppData\Local\Temp\ccfpVe2p.s:2353   .debug_macro:0000000000000000 .Ldebug_macro5
C:\Users\zero6575\AppData\Local\Temp\ccfpVe2p.s:2418   .debug_macro:0000000000000000 .Ldebug_macro6
C:\Users\zero6575\AppData\Local\Temp\ccfpVe2p.s:2459   .debug_macro:0000000000000000 .Ldebug_macro7
C:\Users\zero6575\AppData\Local\Temp\ccfpVe2p.s:2581   .debug_macro:0000000000000000 .Ldebug_macro8
C:\Users\zero6575\AppData\Local\Temp\ccfpVe2p.s:2637   .debug_macro:0000000000000000 .Ldebug_macro9
C:\Users\zero6575\AppData\Local\Temp\ccfpVe2p.s:3506   .debug_str:00000000000014e0 .LASF553
C:\Users\zero6575\AppData\Local\Temp\ccfpVe2p.s:2849   .debug_macro:0000000000000000 .Ldebug_macro10
C:\Users\zero6575\AppData\Local\Temp\ccfpVe2p.s:3016   .debug_macro:0000000000000000 .Ldebug_macro11
C:\Users\zero6575\AppData\Local\Temp\ccfpVe2p.s:3045   .debug_macro:0000000000000000 .Ldebug_macro12
C:\Users\zero6575\AppData\Local\Temp\ccfpVe2p.s:3828   .debug_str:000000000000254c .LASF0
C:\Users\zero6575\AppData\Local\Temp\ccfpVe2p.s:3698   .debug_str:0000000000001ec6 .LASF1
C:\Users\zero6575\AppData\Local\Temp\ccfpVe2p.s:3886   .debug_str:00000000000027be .LASF2
C:\Users\zero6575\AppData\Local\Temp\ccfpVe2p.s:3292   .debug_str:0000000000000a9b .LASF3
C:\Users\zero6575\AppData\Local\Temp\ccfpVe2p.s:4208   .debug_str:0000000000003783 .LASF4
C:\Users\zero6575\AppData\Local\Temp\ccfpVe2p.s:3212   .debug_str:00000000000006e2 .LASF5
C:\Users\zero6575\AppData\Local\Temp\ccfpVe2p.s:3180   .debug_str:0000000000000551 .LASF6
C:\Users\zero6575\AppData\Local\Temp\ccfpVe2p.s:3864   .debug_str:00000000000026a7 .LASF7
C:\Users\zero6575\AppData\Local\Temp\ccfpVe2p.s:4118   .debug_str:00000000000032f8 .LASF8
C:\Users\zero6575\AppData\Local\Temp\ccfpVe2p.s:3312   .debug_str:0000000000000b9d .LASF9
C:\Users\zero6575\AppData\Local\Temp\ccfpVe2p.s:3250   .debug_str:0000000000000889 .LASF10
C:\Users\zero6575\AppData\Local\Temp\ccfpVe2p.s:3932   .debug_str:0000000000002a38 .LASF11
C:\Users\zero6575\AppData\Local\Temp\ccfpVe2p.s:3230   .debug_str:00000000000007b6 .LASF12
C:\Users\zero6575\AppData\Local\Temp\ccfpVe2p.s:4240   .debug_str:0000000000003936 .LASF13
C:\Users\zero6575\AppData\Local\Temp\ccfpVe2p.s:3840   .debug_str:00000000000025ab .LASF14
C:\Users\zero6575\AppData\Local\Temp\ccfpVe2p.s:3768   .debug_str:00000000000021f7 .LASF15
C:\Users\zero6575\AppData\Local\Temp\ccfpVe2p.s:3744   .debug_str:00000000000020d2 .LASF16
C:\Users\zero6575\AppData\Local\Temp\ccfpVe2p.s:3730   .debug_str:0000000000002043 .LASF17
C:\Users\zero6575\AppData\Local\Temp\ccfpVe2p.s:4010   .debug_str:0000000000002e0e .LASF18
C:\Users\zero6575\AppData\Local\Temp\ccfpVe2p.s:3838   .debug_str:0000000000002599 .LASF19
C:\Users\zero6575\AppData\Local\Temp\ccfpVe2p.s:4112   .debug_str:00000000000032b2 .LASF20
C:\Users\zero6575\AppData\Local\Temp\ccfpVe2p.s:3200   .debug_str:0000000000000652 .LASF21
C:\Users\zero6575\AppData\Local\Temp\ccfpVe2p.s:4370   .debug_str:0000000000003fdc .LASF22
C:\Users\zero6575\AppData\Local\Temp\ccfpVe2p.s:3862   .debug_str:0000000000002693 .LASF23
C:\Users\zero6575\AppData\Local\Temp\ccfpVe2p.s:3450   .debug_str:0000000000001220 .LASF24
C:\Users\zero6575\AppData\Local\Temp\ccfpVe2p.s:3206   .debug_str:0000000000000697 .LASF25
C:\Users\zero6575\AppData\Local\Temp\ccfpVe2p.s:4200   .debug_str:00000000000036e7 .LASF26
C:\Users\zero6575\AppData\Local\Temp\ccfpVe2p.s:4372   .debug_str:0000000000003fef .LASF27
C:\Users\zero6575\AppData\Local\Temp\ccfpVe2p.s:3500   .debug_str:000000000000149f .LASF28
C:\Users\zero6575\AppData\Local\Temp\ccfpVe2p.s:3210   .debug_str:00000000000006c8 .LASF29
C:\Users\zero6575\AppData\Local\Temp\ccfpVe2p.s:3986   .debug_str:0000000000002cea .LASF30
C:\Users\zero6575\AppData\Local\Temp\ccfpVe2p.s:4160   .debug_str:00000000000034fd .LASF31
C:\Users\zero6575\AppData\Local\Temp\ccfpVe2p.s:3912   .debug_str:00000000000028e5 .LASF32
C:\Users\zero6575\AppData\Local\Temp\ccfpVe2p.s:4142   .debug_str:0000000000003413 .LASF33
C:\Users\zero6575\AppData\Local\Temp\ccfpVe2p.s:3622   .debug_str:0000000000001ac1 .LASF34
C:\Users\zero6575\AppData\Local\Temp\ccfpVe2p.s:4340   .debug_str:0000000000003e47 .LASF35
C:\Users\zero6575\AppData\Local\Temp\ccfpVe2p.s:4186   .debug_str:0000000000003621 .LASF36
C:\Users\zero6575\AppData\Local\Temp\ccfpVe2p.s:3850   .debug_str:000000000000260e .LASF37
C:\Users\zero6575\AppData\Local\Temp\ccfpVe2p.s:3470   .debug_str:000000000000130b .LASF38
C:\Users\zero6575\AppData\Local\Temp\ccfpVe2p.s:3950   .debug_str:0000000000002b0e .LASF39
C:\Users\zero6575\AppData\Local\Temp\ccfpVe2p.s:3202   .debug_str:0000000000000665 .LASF40
C:\Users\zero6575\AppData\Local\Temp\ccfpVe2p.s:4044   .debug_str:0000000000002f91 .LASF41
C:\Users\zero6575\AppData\Local\Temp\ccfpVe2p.s:4450   .debug_str:0000000000004454 .LASF42
C:\Users\zero6575\AppData\Local\Temp\ccfpVe2p.s:4072   .debug_str:00000000000030b7 .LASF43
C:\Users\zero6575\AppData\Local\Temp\ccfpVe2p.s:3234   .debug_str:00000000000007dc .LASF44
C:\Users\zero6575\AppData\Local\Temp\ccfpVe2p.s:3518   .debug_str:000000000000157a .LASF45
C:\Users\zero6575\AppData\Local\Temp\ccfpVe2p.s:3216   .debug_str:0000000000000708 .LASF46
C:\Users\zero6575\AppData\Local\Temp\ccfpVe2p.s:4114   .debug_str:00000000000032c9 .LASF47
C:\Users\zero6575\AppData\Local\Temp\ccfpVe2p.s:3574   .debug_str:00000000000017f5 .LASF48
C:\Users\zero6575\AppData\Local\Temp\ccfpVe2p.s:4092   .debug_str:000000000000318e .LASF49
C:\Users\zero6575\AppData\Local\Temp\ccfpVe2p.s:3260   .debug_str:00000000000008e3 .LASF50
C:\Users\zero6575\AppData\Local\Temp\ccfpVe2p.s:3262   .debug_str:0000000000000905 .LASF51
C:\Users\zero6575\AppData\Local\Temp\ccfpVe2p.s:3708   .debug_str:0000000000001f43 .LASF52
C:\Users\zero6575\AppData\Local\Temp\ccfpVe2p.s:3350   .debug_str:0000000000000d9b .LASF53
C:\Users\zero6575\AppData\Local\Temp\ccfpVe2p.s:3284   .debug_str:0000000000000a3e .LASF54
C:\Users\zero6575\AppData\Local\Temp\ccfpVe2p.s:3328   .debug_str:0000000000000c4b .LASF55
C:\Users\zero6575\AppData\Local\Temp\ccfpVe2p.s:3590   .debug_str:00000000000018d5 .LASF56
C:\Users\zero6575\AppData\Local\Temp\ccfpVe2p.s:3266   .debug_str:000000000000094d .LASF57
C:\Users\zero6575\AppData\Local\Temp\ccfpVe2p.s:3296   .debug_str:0000000000000ac8 .LASF58
C:\Users\zero6575\AppData\Local\Temp\ccfpVe2p.s:3460   .debug_str:0000000000001287 .LASF59
C:\Users\zero6575\AppData\Local\Temp\ccfpVe2p.s:3566   .debug_str:00000000000017a4 .LASF60
C:\Users\zero6575\AppData\Local\Temp\ccfpVe2p.s:4334   .debug_str:0000000000003dff .LASF61
C:\Users\zero6575\AppData\Local\Temp\ccfpVe2p.s:3692   .debug_str:0000000000001e87 .LASF62
C:\Users\zero6575\AppData\Local\Temp\ccfpVe2p.s:3658   .debug_str:0000000000001c90 .LASF63
C:\Users\zero6575\AppData\Local\Temp\ccfpVe2p.s:3626   .debug_str:0000000000001b01 .LASF64
C:\Users\zero6575\AppData\Local\Temp\ccfpVe2p.s:4276   .debug_str:0000000000003afa .LASF65
C:\Users\zero6575\AppData\Local\Temp\ccfpVe2p.s:4428   .debug_str:00000000000042e8 .LASF66
C:\Users\zero6575\AppData\Local\Temp\ccfpVe2p.s:3478   .debug_str:000000000000137e .LASF67
C:\Users\zero6575\AppData\Local\Temp\ccfpVe2p.s:3798   .debug_str:00000000000023d3 .LASF68
C:\Users\zero6575\AppData\Local\Temp\ccfpVe2p.s:4220   .debug_str:0000000000003800 .LASF69
C:\Users\zero6575\AppData\Local\Temp\ccfpVe2p.s:3156   .debug_str:00000000000003f3 .LASF70
C:\Users\zero6575\AppData\Local\Temp\ccfpVe2p.s:3636   .debug_str:0000000000001ba5 .LASF71
C:\Users\zero6575\AppData\Local\Temp\ccfpVe2p.s:3300   .debug_str:0000000000000b0c .LASF72
C:\Users\zero6575\AppData\Local\Temp\ccfpVe2p.s:3980   .debug_str:0000000000002c8a .LASF73
C:\Users\zero6575\AppData\Local\Temp\ccfpVe2p.s:3228   .debug_str:000000000000079f .LASF74
C:\Users\zero6575\AppData\Local\Temp\ccfpVe2p.s:4026   .debug_str:0000000000002e99 .LASF75
C:\Users\zero6575\AppData\Local\Temp\ccfpVe2p.s:3588   .debug_str:00000000000018ae .LASF76
C:\Users\zero6575\AppData\Local\Temp\ccfpVe2p.s:4150   .debug_str:0000000000003468 .LASF77
C:\Users\zero6575\AppData\Local\Temp\ccfpVe2p.s:3286   .debug_str:0000000000000a5c .LASF78
C:\Users\zero6575\AppData\Local\Temp\ccfpVe2p.s:4074   .debug_str:00000000000030d1 .LASF79
C:\Users\zero6575\AppData\Local\Temp\ccfpVe2p.s:3872   .debug_str:0000000000002703 .LASF80
C:\Users\zero6575\AppData\Local\Temp\ccfpVe2p.s:3706   .debug_str:0000000000001f1f .LASF81
C:\Users\zero6575\AppData\Local\Temp\ccfpVe2p.s:4304   .debug_str:0000000000003ca0 .LASF82
C:\Users\zero6575\AppData\Local\Temp\ccfpVe2p.s:3856   .debug_str:0000000000002656 .LASF83
C:\Users\zero6575\AppData\Local\Temp\ccfpVe2p.s:4116   .debug_str:00000000000032e6 .LASF84
C:\Users\zero6575\AppData\Local\Temp\ccfpVe2p.s:4162   .debug_str:0000000000003524 .LASF85
C:\Users\zero6575\AppData\Local\Temp\ccfpVe2p.s:4228   .debug_str:000000000000389f .LASF86
C:\Users\zero6575\AppData\Local\Temp\ccfpVe2p.s:3198   .debug_str:000000000000063b .LASF87
C:\Users\zero6575\AppData\Local\Temp\ccfpVe2p.s:3580   .debug_str:0000000000001864 .LASF88
C:\Users\zero6575\AppData\Local\Temp\ccfpVe2p.s:3998   .debug_str:0000000000002d81 .LASF89
C:\Users\zero6575\AppData\Local\Temp\ccfpVe2p.s:4424   .debug_str:00000000000042b4 .LASF90
C:\Users\zero6575\AppData\Local\Temp\ccfpVe2p.s:4212   .debug_str:00000000000037aa .LASF91
C:\Users\zero6575\AppData\Local\Temp\ccfpVe2p.s:3610   .debug_str:0000000000001a0c .LASF92
C:\Users\zero6575\AppData\Local\Temp\ccfpVe2p.s:3656   .debug_str:0000000000001c7b .LASF93
C:\Users\zero6575\AppData\Local\Temp\ccfpVe2p.s:4274   .debug_str:0000000000003ad5 .LASF94
C:\Users\zero6575\AppData\Local\Temp\ccfpVe2p.s:4040   .debug_str:0000000000002f54 .LASF95
C:\Users\zero6575\AppData\Local\Temp\ccfpVe2p.s:3700   .debug_str:0000000000001edf .LASF96
C:\Users\zero6575\AppData\Local\Temp\ccfpVe2p.s:3086   .debug_str:0000000000000023 .LASF97
C:\Users\zero6575\AppData\Local\Temp\ccfpVe2p.s:3922   .debug_str:00000000000029a5 .LASF98
C:\Users\zero6575\AppData\Local\Temp\ccfpVe2p.s:3970   .debug_str:0000000000002c05 .LASF99
C:\Users\zero6575\AppData\Local\Temp\ccfpVe2p.s:3434   .debug_str:0000000000001179 .LASF100
C:\Users\zero6575\AppData\Local\Temp\ccfpVe2p.s:3852   .debug_str:0000000000002629 .LASF101
C:\Users\zero6575\AppData\Local\Temp\ccfpVe2p.s:3926   .debug_str:00000000000029fb .LASF102
C:\Users\zero6575\AppData\Local\Temp\ccfpVe2p.s:4236   .debug_str:0000000000003900 .LASF103
C:\Users\zero6575\AppData\Local\Temp\ccfpVe2p.s:3682   .debug_str:0000000000001dee .LASF104
C:\Users\zero6575\AppData\Local\Temp\ccfpVe2p.s:3684   .debug_str:0000000000001e01 .LASF105
C:\Users\zero6575\AppData\Local\Temp\ccfpVe2p.s:3764   .debug_str:00000000000021d4 .LASF106
C:\Users\zero6575\AppData\Local\Temp\ccfpVe2p.s:3190   .debug_str:00000000000005a7 .LASF107
C:\Users\zero6575\AppData\Local\Temp\ccfpVe2p.s:3724   .debug_str:0000000000002010 .LASF108
C:\Users\zero6575\AppData\Local\Temp\ccfpVe2p.s:4138   .debug_str:00000000000033f5 .LASF109
C:\Users\zero6575\AppData\Local\Temp\ccfpVe2p.s:3678   .debug_str:0000000000001db1 .LASF110
C:\Users\zero6575\AppData\Local\Temp\ccfpVe2p.s:3294   .debug_str:0000000000000aad .LASF111
C:\Users\zero6575\AppData\Local\Temp\ccfpVe2p.s:3802   .debug_str:0000000000002412 .LASF112
C:\Users\zero6575\AppData\Local\Temp\ccfpVe2p.s:3352   .debug_str:0000000000000db4 .LASF113
C:\Users\zero6575\AppData\Local\Temp\ccfpVe2p.s:4426   .debug_str:00000000000042c9 .LASF114
C:\Users\zero6575\AppData\Local\Temp\ccfpVe2p.s:4066   .debug_str:0000000000003088 .LASF115
C:\Users\zero6575\AppData\Local\Temp\ccfpVe2p.s:4270   .debug_str:0000000000003a94 .LASF116
C:\Users\zero6575\AppData\Local\Temp\ccfpVe2p.s:3676   .debug_str:0000000000001d89 .LASF117
C:\Users\zero6575\AppData\Local\Temp\ccfpVe2p.s:4330   .debug_str:0000000000003dcf .LASF118
C:\Users\zero6575\AppData\Local\Temp\ccfpVe2p.s:3496   .debug_str:000000000000146d .LASF119
C:\Users\zero6575\AppData\Local\Temp\ccfpVe2p.s:3426   .debug_str:0000000000001122 .LASF120
C:\Users\zero6575\AppData\Local\Temp\ccfpVe2p.s:3866   .debug_str:00000000000026bd .LASF121
C:\Users\zero6575\AppData\Local\Temp\ccfpVe2p.s:3418   .debug_str:00000000000010b5 .LASF122
C:\Users\zero6575\AppData\Local\Temp\ccfpVe2p.s:3934   .debug_str:0000000000002a4b .LASF123
C:\Users\zero6575\AppData\Local\Temp\ccfpVe2p.s:4400   .debug_str:000000000000417f .LASF124
C:\Users\zero6575\AppData\Local\Temp\ccfpVe2p.s:3318   .debug_str:0000000000000be5 .LASF125
C:\Users\zero6575\AppData\Local\Temp\ccfpVe2p.s:3786   .debug_str:00000000000022d5 .LASF126
C:\Users\zero6575\AppData\Local\Temp\ccfpVe2p.s:3220   .debug_str:0000000000000729 .LASF127
C:\Users\zero6575\AppData\Local\Temp\ccfpVe2p.s:3208   .debug_str:00000000000006ab .LASF128
C:\Users\zero6575\AppData\Local\Temp\ccfpVe2p.s:4382   .debug_str:0000000000004088 .LASF129
C:\Users\zero6575\AppData\Local\Temp\ccfpVe2p.s:3394   .debug_str:0000000000000f63 .LASF130
C:\Users\zero6575\AppData\Local\Temp\ccfpVe2p.s:3110   .debug_str:000000000000017c .LASF131
C:\Users\zero6575\AppData\Local\Temp\ccfpVe2p.s:3812   .debug_str:000000000000249e .LASF132
C:\Users\zero6575\AppData\Local\Temp\ccfpVe2p.s:3846   .debug_str:00000000000025de .LASF133
C:\Users\zero6575\AppData\Local\Temp\ccfpVe2p.s:3152   .debug_str:00000000000003aa .LASF134
C:\Users\zero6575\AppData\Local\Temp\ccfpVe2p.s:4472   .debug_str:000000000000459e .LASF135
C:\Users\zero6575\AppData\Local\Temp\ccfpVe2p.s:3542   .debug_str:00000000000016a1 .LASF136
C:\Users\zero6575\AppData\Local\Temp\ccfpVe2p.s:3624   .debug_str:0000000000001ae1 .LASF137
C:\Users\zero6575\AppData\Local\Temp\ccfpVe2p.s:4098   .debug_str:00000000000031e8 .LASF138
C:\Users\zero6575\AppData\Local\Temp\ccfpVe2p.s:3420   .debug_str:00000000000010d1 .LASF139
C:\Users\zero6575\AppData\Local\Temp\ccfpVe2p.s:3122   .debug_str:0000000000000277 .LASF140
C:\Users\zero6575\AppData\Local\Temp\ccfpVe2p.s:4058   .debug_str:0000000000003031 .LASF141
C:\Users\zero6575\AppData\Local\Temp\ccfpVe2p.s:3168   .debug_str:00000000000004b9 .LASF142
C:\Users\zero6575\AppData\Local\Temp\ccfpVe2p.s:3704   .debug_str:0000000000001f0f .LASF143
C:\Users\zero6575\AppData\Local\Temp\ccfpVe2p.s:3898   .debug_str:000000000000282f .LASF144
C:\Users\zero6575\AppData\Local\Temp\ccfpVe2p.s:4248   .debug_str:0000000000003989 .LASF145
C:\Users\zero6575\AppData\Local\Temp\ccfpVe2p.s:4326   .debug_str:0000000000003d97 .LASF146
C:\Users\zero6575\AppData\Local\Temp\ccfpVe2p.s:4262   .debug_str:0000000000003a25 .LASF147
C:\Users\zero6575\AppData\Local\Temp\ccfpVe2p.s:3444   .debug_str:00000000000011e0 .LASF148
C:\Users\zero6575\AppData\Local\Temp\ccfpVe2p.s:4154   .debug_str:0000000000003496 .LASF149
C:\Users\zero6575\AppData\Local\Temp\ccfpVe2p.s:3392   .debug_str:0000000000000f55 .LASF150
C:\Users\zero6575\AppData\Local\Temp\ccfpVe2p.s:4388   .debug_str:00000000000040d2 .LASF151
C:\Users\zero6575\AppData\Local\Temp\ccfpVe2p.s:3100   .debug_str:00000000000000da .LASF152
C:\Users\zero6575\AppData\Local\Temp\ccfpVe2p.s:4238   .debug_str:0000000000003922 .LASF153
C:\Users\zero6575\AppData\Local\Temp\ccfpVe2p.s:3592   .debug_str:00000000000018fe .LASF154
C:\Users\zero6575\AppData\Local\Temp\ccfpVe2p.s:3992   .debug_str:0000000000002d3e .LASF155
C:\Users\zero6575\AppData\Local\Temp\ccfpVe2p.s:3628   .debug_str:0000000000001b23 .LASF156
C:\Users\zero6575\AppData\Local\Temp\ccfpVe2p.s:4252   .debug_str:00000000000039aa .LASF157
C:\Users\zero6575\AppData\Local\Temp\ccfpVe2p.s:3968   .debug_str:0000000000002bcb .LASF158
C:\Users\zero6575\AppData\Local\Temp\ccfpVe2p.s:4158   .debug_str:00000000000034bf .LASF159
C:\Users\zero6575\AppData\Local\Temp\ccfpVe2p.s:4470   .debug_str:0000000000004589 .LASF160
C:\Users\zero6575\AppData\Local\Temp\ccfpVe2p.s:3816   .debug_str:00000000000024d7 .LASF161
C:\Users\zero6575\AppData\Local\Temp\ccfpVe2p.s:4338   .debug_str:0000000000003e2f .LASF162
C:\Users\zero6575\AppData\Local\Temp\ccfpVe2p.s:3224   .debug_str:0000000000000750 .LASF163
C:\Users\zero6575\AppData\Local\Temp\ccfpVe2p.s:3720   .debug_str:0000000000001fe6 .LASF164
C:\Users\zero6575\AppData\Local\Temp\ccfpVe2p.s:3150   .debug_str:0000000000000392 .LASF165
C:\Users\zero6575\AppData\Local\Temp\ccfpVe2p.s:3630   .debug_str:0000000000001b5a .LASF166
C:\Users\zero6575\AppData\Local\Temp\ccfpVe2p.s:3836   .debug_str:0000000000002584 .LASF167
C:\Users\zero6575\AppData\Local\Temp\ccfpVe2p.s:4362   .debug_str:0000000000003f89 .LASF168
C:\Users\zero6575\AppData\Local\Temp\ccfpVe2p.s:4474   .debug_str:00000000000045b6 .LASF169
C:\Users\zero6575\AppData\Local\Temp\ccfpVe2p.s:3614   .debug_str:0000000000001a46 .LASF170
C:\Users\zero6575\AppData\Local\Temp\ccfpVe2p.s:3756   .debug_str:0000000000002136 .LASF171
C:\Users\zero6575\AppData\Local\Temp\ccfpVe2p.s:4444   .debug_str:00000000000043e5 .LASF172
C:\Users\zero6575\AppData\Local\Temp\ccfpVe2p.s:3120   .debug_str:000000000000022e .LASF173
C:\Users\zero6575\AppData\Local\Temp\ccfpVe2p.s:4408   .debug_str:00000000000041da .LASF174
C:\Users\zero6575\AppData\Local\Temp\ccfpVe2p.s:4328   .debug_str:0000000000003db8 .LASF175
C:\Users\zero6575\AppData\Local\Temp\ccfpVe2p.s:3452   .debug_str:000000000000123a .LASF176
C:\Users\zero6575\AppData\Local\Temp\ccfpVe2p.s:3136   .debug_str:0000000000000306 .LASF177
C:\Users\zero6575\AppData\Local\Temp\ccfpVe2p.s:3424   .debug_str:0000000000001112 .LASF178
C:\Users\zero6575\AppData\Local\Temp\ccfpVe2p.s:3996   .debug_str:0000000000002d67 .LASF179
C:\Users\zero6575\AppData\Local\Temp\ccfpVe2p.s:3860   .debug_str:0000000000002677 .LASF180
C:\Users\zero6575\AppData\Local\Temp\ccfpVe2p.s:3468   .debug_str:00000000000012f4 .LASF181
C:\Users\zero6575\AppData\Local\Temp\ccfpVe2p.s:4438   .debug_str:000000000000437a .LASF182
C:\Users\zero6575\AppData\Local\Temp\ccfpVe2p.s:3360   .debug_str:0000000000000e00 .LASF183
C:\Users\zero6575\AppData\Local\Temp\ccfpVe2p.s:4266   .debug_str:0000000000003a56 .LASF184
C:\Users\zero6575\AppData\Local\Temp\ccfpVe2p.s:3576   .debug_str:0000000000001818 .LASF185
C:\Users\zero6575\AppData\Local\Temp\ccfpVe2p.s:3276   .debug_str:00000000000009c2 .LASF186
C:\Users\zero6575\AppData\Local\Temp\ccfpVe2p.s:3594   .debug_str:0000000000001914 .LASF187
C:\Users\zero6575\AppData\Local\Temp\ccfpVe2p.s:3302   .debug_str:0000000000000b1f .LASF188
C:\Users\zero6575\AppData\Local\Temp\ccfpVe2p.s:4462   .debug_str:000000000000453b .LASF189
C:\Users\zero6575\AppData\Local\Temp\ccfpVe2p.s:3896   .debug_str:0000000000002817 .LASF190
C:\Users\zero6575\AppData\Local\Temp\ccfpVe2p.s:4070   .debug_str:000000000000309e .LASF191
C:\Users\zero6575\AppData\Local\Temp\ccfpVe2p.s:3126   .debug_str:00000000000002b2 .LASF192
C:\Users\zero6575\AppData\Local\Temp\ccfpVe2p.s:3640   .debug_str:0000000000001bd6 .LASF193
C:\Users\zero6575\AppData\Local\Temp\ccfpVe2p.s:3632   .debug_str:0000000000001b74 .LASF194
C:\Users\zero6575\AppData\Local\Temp\ccfpVe2p.s:3278   .debug_str:00000000000009fc .LASF195
C:\Users\zero6575\AppData\Local\Temp\ccfpVe2p.s:3710   .debug_str:0000000000001f62 .LASF196
C:\Users\zero6575\AppData\Local\Temp\ccfpVe2p.s:4420   .debug_str:000000000000428e .LASF197
C:\Users\zero6575\AppData\Local\Temp\ccfpVe2p.s:3570   .debug_str:00000000000017cb .LASF198
C:\Users\zero6575\AppData\Local\Temp\ccfpVe2p.s:3226   .debug_str:0000000000000764 .LASF199
C:\Users\zero6575\AppData\Local\Temp\ccfpVe2p.s:4442   .debug_str:00000000000043aa .LASF200
C:\Users\zero6575\AppData\Local\Temp\ccfpVe2p.s:4012   .debug_str:0000000000002e1f .LASF201
C:\Users\zero6575\AppData\Local\Temp\ccfpVe2p.s:3918   .debug_str:000000000000294a .LASF202
C:\Users\zero6575\AppData\Local\Temp\ccfpVe2p.s:3376   .debug_str:0000000000000ea6 .LASF203
C:\Users\zero6575\AppData\Local\Temp\ccfpVe2p.s:3092   .debug_str:000000000000008c .LASF204
C:\Users\zero6575\AppData\Local\Temp\ccfpVe2p.s:3414   .debug_str:0000000000001085 .LASF205
C:\Users\zero6575\AppData\Local\Temp\ccfpVe2p.s:4466   .debug_str:000000000000455d .LASF206
C:\Users\zero6575\AppData\Local\Temp\ccfpVe2p.s:3308   .debug_str:0000000000000b82 .LASF207
C:\Users\zero6575\AppData\Local\Temp\ccfpVe2p.s:4322   .debug_str:0000000000003d69 .LASF208
C:\Users\zero6575\AppData\Local\Temp\ccfpVe2p.s:3554   .debug_str:000000000000172d .LASF209
C:\Users\zero6575\AppData\Local\Temp\ccfpVe2p.s:3098   .debug_str:00000000000000c3 .LASF210
C:\Users\zero6575\AppData\Local\Temp\ccfpVe2p.s:3498   .debug_str:0000000000001486 .LASF211
C:\Users\zero6575\AppData\Local\Temp\ccfpVe2p.s:3616   .debug_str:0000000000001a88 .LASF212
C:\Users\zero6575\AppData\Local\Temp\ccfpVe2p.s:3776   .debug_str:000000000000224e .LASF213
C:\Users\zero6575\AppData\Local\Temp\ccfpVe2p.s:3196   .debug_str:00000000000005ff .LASF214
C:\Users\zero6575\AppData\Local\Temp\ccfpVe2p.s:3404   .debug_str:0000000000000fec .LASF215
C:\Users\zero6575\AppData\Local\Temp\ccfpVe2p.s:4414   .debug_str:000000000000420b .LASF216
C:\Users\zero6575\AppData\Local\Temp\ccfpVe2p.s:3642   .debug_str:0000000000001be6 .LASF217
C:\Users\zero6575\AppData\Local\Temp\ccfpVe2p.s:3464   .debug_str:00000000000012b9 .LASF218
C:\Users\zero6575\AppData\Local\Temp\ccfpVe2p.s:3088   .debug_str:0000000000000041 .LASF219
C:\Users\zero6575\AppData\Local\Temp\ccfpVe2p.s:3132   .debug_str:00000000000002d9 .LASF220
C:\Users\zero6575\AppData\Local\Temp\ccfpVe2p.s:3572   .debug_str:00000000000017e3 .LASF221
C:\Users\zero6575\AppData\Local\Temp\ccfpVe2p.s:3410   .debug_str:0000000000001059 .LASF222
C:\Users\zero6575\AppData\Local\Temp\ccfpVe2p.s:3910   .debug_str:00000000000028c7 .LASF223
C:\Users\zero6575\AppData\Local\Temp\ccfpVe2p.s:3442   .debug_str:00000000000011c7 .LASF224
C:\Users\zero6575\AppData\Local\Temp\ccfpVe2p.s:3550   .debug_str:00000000000016f3 .LASF225
C:\Users\zero6575\AppData\Local\Temp\ccfpVe2p.s:4164   .debug_str:0000000000003535 .LASF226
C:\Users\zero6575\AppData\Local\Temp\ccfpVe2p.s:3344   .debug_str:0000000000000d22 .LASF227
C:\Users\zero6575\AppData\Local\Temp\ccfpVe2p.s:3664   .debug_str:0000000000001ce4 .LASF228
C:\Users\zero6575\AppData\Local\Temp\ccfpVe2p.s:4106   .debug_str:000000000000323b .LASF229
C:\Users\zero6575\AppData\Local\Temp\ccfpVe2p.s:4376   .debug_str:0000000000004011 .LASF230
C:\Users\zero6575\AppData\Local\Temp\ccfpVe2p.s:4458   .debug_str:0000000000004507 .LASF231
C:\Users\zero6575\AppData\Local\Temp\ccfpVe2p.s:3638   .debug_str:0000000000001bbc .LASF232
C:\Users\zero6575\AppData\Local\Temp\ccfpVe2p.s:3340   .debug_str:0000000000000cef .LASF233
C:\Users\zero6575\AppData\Local\Temp\ccfpVe2p.s:3740   .debug_str:00000000000020a7 .LASF234
C:\Users\zero6575\AppData\Local\Temp\ccfpVe2p.s:3736   .debug_str:000000000000208b .LASF235
C:\Users\zero6575\AppData\Local\Temp\ccfpVe2p.s:4054   .debug_str:0000000000003002 .LASF236
C:\Users\zero6575\AppData\Local\Temp\ccfpVe2p.s:4032   .debug_str:0000000000002ef5 .LASF237
C:\Users\zero6575\AppData\Local\Temp\ccfpVe2p.s:3108   .debug_str:0000000000000164 .LASF238
C:\Users\zero6575\AppData\Local\Temp\ccfpVe2p.s:4404   .debug_str:00000000000041b6 .LASF239
C:\Users\zero6575\AppData\Local\Temp\ccfpVe2p.s:3148   .debug_str:0000000000000378 .LASF240
C:\Users\zero6575\AppData\Local\Temp\ccfpVe2p.s:3158   .debug_str:0000000000000425 .LASF241
C:\Users\zero6575\AppData\Local\Temp\ccfpVe2p.s:3796   .debug_str:0000000000002395 .LASF242
C:\Users\zero6575\AppData\Local\Temp\ccfpVe2p.s:3598   .debug_str:0000000000001979 .LASF243
C:\Users\zero6575\AppData\Local\Temp\ccfpVe2p.s:4226   .debug_str:000000000000385a .LASF244
C:\Users\zero6575\AppData\Local\Temp\ccfpVe2p.s:3652   .debug_str:0000000000001c3d .LASF245
C:\Users\zero6575\AppData\Local\Temp\ccfpVe2p.s:3322   .debug_str:0000000000000c12 .LASF246
C:\Users\zero6575\AppData\Local\Temp\ccfpVe2p.s:4360   .debug_str:0000000000003f6e .LASF247
C:\Users\zero6575\AppData\Local\Temp\ccfpVe2p.s:3848   .debug_str:00000000000025f6 .LASF248
C:\Users\zero6575\AppData\Local\Temp\ccfpVe2p.s:3522   .debug_str:00000000000015ac .LASF249
C:\Users\zero6575\AppData\Local\Temp\ccfpVe2p.s:3386   .debug_str:0000000000000f0f .LASF250
C:\Users\zero6575\AppData\Local\Temp\ccfpVe2p.s:3538   .debug_str:0000000000001678 .LASF251
C:\Users\zero6575\AppData\Local\Temp\ccfpVe2p.s:3248   .debug_str:0000000000000870 .LASF252
C:\Users\zero6575\AppData\Local\Temp\ccfpVe2p.s:3754   .debug_str:000000000000211b .LASF253
C:\Users\zero6575\AppData\Local\Temp\ccfpVe2p.s:3938   .debug_str:0000000000002a86 .LASF254
C:\Users\zero6575\AppData\Local\Temp\ccfpVe2p.s:3794   .debug_str:0000000000002356 .LASF255
C:\Users\zero6575\AppData\Local\Temp\ccfpVe2p.s:4002   .debug_str:0000000000002da9 .LASF256
C:\Users\zero6575\AppData\Local\Temp\ccfpVe2p.s:3116   .debug_str:00000000000001d3 .LASF257
C:\Users\zero6575\AppData\Local\Temp\ccfpVe2p.s:3102   .debug_str:00000000000000f3 .LASF258
C:\Users\zero6575\AppData\Local\Temp\ccfpVe2p.s:3124   .debug_str:000000000000029a .LASF259
C:\Users\zero6575\AppData\Local\Temp\ccfpVe2p.s:4048   .debug_str:0000000000002fc8 .LASF260
C:\Users\zero6575\AppData\Local\Temp\ccfpVe2p.s:3814   .debug_str:00000000000024bc .LASF261
C:\Users\zero6575\AppData\Local\Temp\ccfpVe2p.s:3914   .debug_str:0000000000002912 .LASF262
C:\Users\zero6575\AppData\Local\Temp\ccfpVe2p.s:4246   .debug_str:0000000000003971 .LASF263
C:\Users\zero6575\AppData\Local\Temp\ccfpVe2p.s:3524   .debug_str:00000000000015be .LASF264
C:\Users\zero6575\AppData\Local\Temp\ccfpVe2p.s:4096   .debug_str:00000000000031d2 .LASF265
C:\Users\zero6575\AppData\Local\Temp\ccfpVe2p.s:3702   .debug_str:0000000000001ef3 .LASF266
C:\Users\zero6575\AppData\Local\Temp\ccfpVe2p.s:3808   .debug_str:000000000000245e .LASF267
C:\Users\zero6575\AppData\Local\Temp\ccfpVe2p.s:3810   .debug_str:0000000000002477 .LASF268
C:\Users\zero6575\AppData\Local\Temp\ccfpVe2p.s:4468   .debug_str:0000000000004573 .LASF269
C:\Users\zero6575\AppData\Local\Temp\ccfpVe2p.s:3920   .debug_str:000000000000298c .LASF270
C:\Users\zero6575\AppData\Local\Temp\ccfpVe2p.s:4028   .debug_str:0000000000002eba .LASF271
C:\Users\zero6575\AppData\Local\Temp\ccfpVe2p.s:4440   .debug_str:0000000000004393 .LASF272
C:\Users\zero6575\AppData\Local\Temp\ccfpVe2p.s:3480   .debug_str:0000000000001397 .LASF273
C:\Users\zero6575\AppData\Local\Temp\ccfpVe2p.s:3118   .debug_str:0000000000000214 .LASF274
C:\Users\zero6575\AppData\Local\Temp\ccfpVe2p.s:3090   .debug_str:000000000000005b .LASF275
C:\Users\zero6575\AppData\Local\Temp\ccfpVe2p.s:3510   .debug_str:0000000000001509 .LASF276
C:\Users\zero6575\AppData\Local\Temp\ccfpVe2p.s:3430   .debug_str:0000000000001154 .LASF277
C:\Users\zero6575\AppData\Local\Temp\ccfpVe2p.s:3882   .debug_str:0000000000002793 .LASF278
C:\Users\zero6575\AppData\Local\Temp\ccfpVe2p.s:4052   .debug_str:0000000000002fe9 .LASF279
C:\Users\zero6575\AppData\Local\Temp\ccfpVe2p.s:4204   .debug_str:0000000000003723 .LASF280
C:\Users\zero6575\AppData\Local\Temp\ccfpVe2p.s:3436   .debug_str:000000000000118b .LASF281
C:\Users\zero6575\AppData\Local\Temp\ccfpVe2p.s:4346   .debug_str:0000000000003e88 .LASF282
C:\Users\zero6575\AppData\Local\Temp\ccfpVe2p.s:3618   .debug_str:0000000000001aa1 .LASF283
C:\Users\zero6575\AppData\Local\Temp\ccfpVe2p.s:4180   .debug_str:00000000000035da .LASF284
C:\Users\zero6575\AppData\Local\Temp\ccfpVe2p.s:3582   .debug_str:0000000000001877 .LASF285
C:\Users\zero6575\AppData\Local\Temp\ccfpVe2p.s:3606   .debug_str:00000000000019eb .LASF286
C:\Users\zero6575\AppData\Local\Temp\ccfpVe2p.s:4030   .debug_str:0000000000002ed0 .LASF287
C:\Users\zero6575\AppData\Local\Temp\ccfpVe2p.s:3336   .debug_str:0000000000000cad .LASF288
C:\Users\zero6575\AppData\Local\Temp\ccfpVe2p.s:3762   .debug_str:00000000000021b6 .LASF289
C:\Users\zero6575\AppData\Local\Temp\ccfpVe2p.s:3712   .debug_str:0000000000001f78 .LASF290
C:\Users\zero6575\AppData\Local\Temp\ccfpVe2p.s:3154   .debug_str:00000000000003d1 .LASF291
C:\Users\zero6575\AppData\Local\Temp\ccfpVe2p.s:4188   .debug_str:0000000000003634 .LASF292
C:\Users\zero6575\AppData\Local\Temp\ccfpVe2p.s:3982   .debug_str:0000000000002c9e .LASF293
C:\Users\zero6575\AppData\Local\Temp\ccfpVe2p.s:4310   .debug_str:0000000000003cd4 .LASF294
C:\Users\zero6575\AppData\Local\Temp\ccfpVe2p.s:3484   .debug_str:00000000000013cc .LASF295
C:\Users\zero6575\AppData\Local\Temp\ccfpVe2p.s:3734   .debug_str:000000000000206d .LASF296
C:\Users\zero6575\AppData\Local\Temp\ccfpVe2p.s:3268   .debug_str:0000000000000970 .LASF297
C:\Users\zero6575\AppData\Local\Temp\ccfpVe2p.s:3112   .debug_str:0000000000000194 .LASF298
C:\Users\zero6575\AppData\Local\Temp\ccfpVe2p.s:4166   .debug_str:000000000000354f .LASF299
C:\Users\zero6575\AppData\Local\Temp\ccfpVe2p.s:4332   .debug_str:0000000000003de3 .LASF300
C:\Users\zero6575\AppData\Local\Temp\ccfpVe2p.s:4448   .debug_str:0000000000004438 .LASF301
C:\Users\zero6575\AppData\Local\Temp\ccfpVe2p.s:3330   .debug_str:0000000000000c6e .LASF302
C:\Users\zero6575\AppData\Local\Temp\ccfpVe2p.s:3904   .debug_str:000000000000287e .LASF303
C:\Users\zero6575\AppData\Local\Temp\ccfpVe2p.s:3162   .debug_str:000000000000047d .LASF304
C:\Users\zero6575\AppData\Local\Temp\ccfpVe2p.s:3504   .debug_str:00000000000014c9 .LASF305
C:\Users\zero6575\AppData\Local\Temp\ccfpVe2p.s:4344   .debug_str:0000000000003e7e .LASF306
C:\Users\zero6575\AppData\Local\Temp\ccfpVe2p.s:3138   .debug_str:000000000000031c .LASF307
C:\Users\zero6575\AppData\Local\Temp\ccfpVe2p.s:3672   .debug_str:0000000000001d4b .LASF308
C:\Users\zero6575\AppData\Local\Temp\ccfpVe2p.s:3280   .debug_str:0000000000000a17 .LASF309
C:\Users\zero6575\AppData\Local\Temp\ccfpVe2p.s:4064   .debug_str:000000000000307a .LASF310
C:\Users\zero6575\AppData\Local\Temp\ccfpVe2p.s:3304   .debug_str:0000000000000b60 .LASF311
C:\Users\zero6575\AppData\Local\Temp\ccfpVe2p.s:3892   .debug_str:00000000000027f6 .LASF312
C:\Users\zero6575\AppData\Local\Temp\ccfpVe2p.s:4176   .debug_str:00000000000035b7 .LASF313
C:\Users\zero6575\AppData\Local\Temp\ccfpVe2p.s:3146   .debug_str:0000000000000360 .LASF314
C:\Users\zero6575\AppData\Local\Temp\ccfpVe2p.s:4396   .debug_str:0000000000004162 .LASF315
C:\Users\zero6575\AppData\Local\Temp\ccfpVe2p.s:3726   .debug_str:0000000000002028 .LASF316
C:\Users\zero6575\AppData\Local\Temp\ccfpVe2p.s:4174   .debug_str:00000000000035a2 .LASF317
C:\Users\zero6575\AppData\Local\Temp\ccfpVe2p.s:3718   .debug_str:0000000000001fd0 .LASF318
C:\Users\zero6575\AppData\Local\Temp\ccfpVe2p.s:4300   .debug_str:0000000000003c6c .LASF319
C:\Users\zero6575\AppData\Local\Temp\ccfpVe2p.s:3388   .debug_str:0000000000000f2b .LASF320
C:\Users\zero6575\AppData\Local\Temp\ccfpVe2p.s:3466   .debug_str:00000000000012d2 .LASF321
C:\Users\zero6575\AppData\Local\Temp\ccfpVe2p.s:3494   .debug_str:0000000000001463 .LASF322
C:\Users\zero6575\AppData\Local\Temp\ccfpVe2p.s:3878   .debug_str:000000000000275a .LASF323
C:\Users\zero6575\AppData\Local\Temp\ccfpVe2p.s:3134   .debug_str:00000000000002f1 .LASF324
C:\Users\zero6575\AppData\Local\Temp\ccfpVe2p.s:3688   .debug_str:0000000000001e42 .LASF325
C:\Users\zero6575\AppData\Local\Temp\ccfpVe2p.s:3384   .debug_str:0000000000000eea .LASF326
C:\Users\zero6575\AppData\Local\Temp\ccfpVe2p.s:4214   .debug_str:00000000000037bc .LASF327
C:\Users\zero6575\AppData\Local\Temp\ccfpVe2p.s:3942   .debug_str:0000000000002aac .LASF328
C:\Users\zero6575\AppData\Local\Temp\ccfpVe2p.s:4000   .debug_str:0000000000002d93 .LASF329
C:\Users\zero6575\AppData\Local\Temp\ccfpVe2p.s:4324   .debug_str:0000000000003d83 .LASF330
C:\Users\zero6575\AppData\Local\Temp\ccfpVe2p.s:3390   .debug_str:0000000000000f44 .LASF331
C:\Users\zero6575\AppData\Local\Temp\ccfpVe2p.s:3770   .debug_str:000000000000220e .LASF332
C:\Users\zero6575\AppData\Local\Temp\ccfpVe2p.s:3082   .debug_str:0000000000000000 .LASF333
C:\Users\zero6575\AppData\Local\Temp\ccfpVe2p.s:3782   .debug_str:00000000000022b4 .LASF334
C:\Users\zero6575\AppData\Local\Temp\ccfpVe2p.s:4140   .debug_str:0000000000003403 .LASF335
C:\Users\zero6575\AppData\Local\Temp\ccfpVe2p.s:4046   .debug_str:0000000000002fae .LASF336
C:\Users\zero6575\AppData\Local\Temp\ccfpVe2p.s:4264   .debug_str:0000000000003a3b .LASF337
C:\Users\zero6575\AppData\Local\Temp\ccfpVe2p.s:4194   .debug_str:000000000000369e .LASF338
C:\Users\zero6575\AppData\Local\Temp\ccfpVe2p.s:3084   .debug_str:000000000000000d .LASF339
C:\Users\zero6575\AppData\Local\Temp\ccfpVe2p.s:3254   .debug_str:00000000000008b4 .LASF340
C:\Users\zero6575\AppData\Local\Temp\ccfpVe2p.s:4104   .debug_str:0000000000003224 .LASF341
C:\Users\zero6575\AppData\Local\Temp\ccfpVe2p.s:3140   .debug_str:0000000000000331 .LASF344
C:\Users\zero6575\AppData\Local\Temp\ccfpVe2p.s:4306   .debug_str:0000000000003cc2 .LASF345
C:\Users\zero6575\AppData\Local\Temp\ccfpVe2p.s:4434   .debug_str:0000000000004350 .LASF346
C:\Users\zero6575\AppData\Local\Temp\ccfpVe2p.s:3844   .debug_str:00000000000025d2 .LASF347
C:\Users\zero6575\AppData\Local\Temp\ccfpVe2p.s:3954   .debug_str:0000000000002b54 .LASF348
C:\Users\zero6575\AppData\Local\Temp\ccfpVe2p.s:4364   .debug_str:0000000000003fa0 .LASF349
C:\Users\zero6575\AppData\Local\Temp\ccfpVe2p.s:3514   .debug_str:0000000000001547 .LASF350
C:\Users\zero6575\AppData\Local\Temp\ccfpVe2p.s:4390   .debug_str:00000000000040e9 .LASF351
C:\Users\zero6575\AppData\Local\Temp\ccfpVe2p.s:3894   .debug_str:0000000000002806 .LASF352
C:\Users\zero6575\AppData\Local\Temp\ccfpVe2p.s:4128   .debug_str:000000000000335c .LASF353
C:\Users\zero6575\AppData\Local\Temp\ccfpVe2p.s:4084   .debug_str:000000000000313d .LASF354
C:\Users\zero6575\AppData\Local\Temp\ccfpVe2p.s:3246   .debug_str:000000000000085b .LASF355
C:\Users\zero6575\AppData\Local\Temp\ccfpVe2p.s:3222   .debug_str:000000000000073f .LASF356
C:\Users\zero6575\AppData\Local\Temp\ccfpVe2p.s:4464   .debug_str:0000000000004551 .LASF357
C:\Users\zero6575\AppData\Local\Temp\ccfpVe2p.s:3670   .debug_str:0000000000001d3f .LASF358
C:\Users\zero6575\AppData\Local\Temp\ccfpVe2p.s:3170   .debug_str:00000000000004de .LASF359
C:\Users\zero6575\AppData\Local\Temp\ccfpVe2p.s:4378   .debug_str:0000000000004057 .LASF360
C:\Users\zero6575\AppData\Local\Temp\ccfpVe2p.s:3818   .debug_str:00000000000024ee .LASF361
C:\Users\zero6575\AppData\Local\Temp\ccfpVe2p.s:4120   .debug_str:000000000000330c .LASF362
C:\Users\zero6575\AppData\Local\Temp\ccfpVe2p.s:3454   .debug_str:0000000000001252 .LASF363
C:\Users\zero6575\AppData\Local\Temp\ccfpVe2p.s:4278   .debug_str:0000000000003b1c .LASF364
C:\Users\zero6575\AppData\Local\Temp\ccfpVe2p.s:4086   .debug_str:000000000000314d .LASF365
C:\Users\zero6575\AppData\Local\Temp\ccfpVe2p.s:4004   .debug_str:0000000000002de8 .LASF366
C:\Users\zero6575\AppData\Local\Temp\ccfpVe2p.s:3608   .debug_str:00000000000019fb .LASF367
C:\Users\zero6575\AppData\Local\Temp\ccfpVe2p.s:3416   .debug_str:000000000000109f .LASF368
C:\Users\zero6575\AppData\Local\Temp\ccfpVe2p.s:3242   .debug_str:0000000000000840 .LASF369
C:\Users\zero6575\AppData\Local\Temp\ccfpVe2p.s:3380   .debug_str:0000000000000ecd .LASF370
C:\Users\zero6575\AppData\Local\Temp\ccfpVe2p.s:3188   .debug_str:000000000000059a .LASF371
C:\Users\zero6575\AppData\Local\Temp\ccfpVe2p.s:4374   .debug_str:0000000000004008 .LASF372
C:\Users\zero6575\AppData\Local\Temp\ccfpVe2p.s:4392   .debug_str:00000000000040f6 .LASF373
C:\Users\zero6575\AppData\Local\Temp\ccfpVe2p.s:3956   .debug_str:0000000000002b61 .LASF374
C:\Users\zero6575\AppData\Local\Temp\ccfpVe2p.s:3534   .debug_str:0000000000001645 .LASF375
C:\Users\zero6575\AppData\Local\Temp\ccfpVe2p.s:3502   .debug_str:00000000000014bc .LASF376
C:\Users\zero6575\AppData\Local\Temp\ccfpVe2p.s:4256   .debug_str:00000000000039f2 .LASF377
C:\Users\zero6575\AppData\Local\Temp\ccfpVe2p.s:3966   .debug_str:0000000000002bc0 .LASF378
C:\Users\zero6575\AppData\Local\Temp\ccfpVe2p.s:4216   .debug_str:00000000000037d2 .LASF379
C:\Users\zero6575\AppData\Local\Temp\ccfpVe2p.s:3750   .debug_str:0000000000002102 .LASF380
C:\Users\zero6575\AppData\Local\Temp\ccfpVe2p.s:3620   .debug_str:0000000000001ab6 .LASF381
C:\Users\zero6575\AppData\Local\Temp\ccfpVe2p.s:3368   .debug_str:0000000000000e40 .LASF382
C:\Users\zero6575\AppData\Local\Temp\ccfpVe2p.s:3104   .debug_str:0000000000000139 .LASF383
C:\Users\zero6575\AppData\Local\Temp\ccfpVe2p.s:3784   .debug_str:00000000000022c3 .LASF384
C:\Users\zero6575\AppData\Local\Temp\ccfpVe2p.s:3130   .debug_str:00000000000002cd .LASF385
C:\Users\zero6575\AppData\Local\Temp\ccfpVe2p.s:3964   .debug_str:0000000000002bae .LASF386
C:\Users\zero6575\AppData\Local\Temp\ccfpVe2p.s:3096   .debug_str:00000000000000b2 .LASF387
C:\Users\zero6575\AppData\Local\Temp\ccfpVe2p.s:3930   .debug_str:0000000000002a2a .LASF388
C:\Users\zero6575\AppData\Local\Temp\ccfpVe2p.s:3374   .debug_str:0000000000000e93 .LASF389
C:\Users\zero6575\AppData\Local\Temp\ccfpVe2p.s:3178   .debug_str:0000000000000543 .LASF390
C:\Users\zero6575\AppData\Local\Temp\ccfpVe2p.s:3714   .debug_str:0000000000001f96 .LASF391
C:\Users\zero6575\AppData\Local\Temp\ccfpVe2p.s:3548   .debug_str:00000000000016ee .LASF392
C:\Users\zero6575\AppData\Local\Temp\ccfpVe2p.s:3600   .debug_str:00000000000019ba .LASF393
C:\Users\zero6575\AppData\Local\Temp\ccfpVe2p.s:3888   .debug_str:00000000000027d0 .LASF394
C:\Users\zero6575\AppData\Local\Temp\ccfpVe2p.s:4350   .debug_str:0000000000003eeb .LASF395
C:\Users\zero6575\AppData\Local\Temp\ccfpVe2p.s:4412   .debug_str:00000000000041f9 .LASF396
C:\Users\zero6575\AppData\Local\Temp\ccfpVe2p.s:3258   .debug_str:00000000000008cd .LASF400
C:\Users\zero6575\AppData\Local\Temp\ccfpVe2p.s:3186   .debug_str:0000000000000582 .LASF401
C:\Users\zero6575\AppData\Local\Temp\ccfpVe2p.s:3272   .debug_str:00000000000009a7 .LASF402
C:\Users\zero6575\AppData\Local\Temp\ccfpVe2p.s:3232   .debug_str:00000000000007c9 .LASF403
C:\Users\zero6575\AppData\Local\Temp\ccfpVe2p.s:3634   .debug_str:0000000000001b8d .LASF404
C:\Users\zero6575\AppData\Local\Temp\ccfpVe2p.s:4454   .debug_str:000000000000448b .LASF405
C:\Users\zero6575\AppData\Local\Temp\ccfpVe2p.s:3976   .debug_str:0000000000002c54 .LASF406
C:\Users\zero6575\AppData\Local\Temp\ccfpVe2p.s:4148   .debug_str:0000000000003458 .LASF407
C:\Users\zero6575\AppData\Local\Temp\ccfpVe2p.s:4136   .debug_str:00000000000033e3 .LASF408
C:\Users\zero6575\AppData\Local\Temp\ccfpVe2p.s:4422   .debug_str:00000000000042a6 .LASF409
C:\Users\zero6575\AppData\Local\Temp\ccfpVe2p.s:4312   .debug_str:0000000000003cf3 .LASF410
C:\Users\zero6575\AppData\Local\Temp\ccfpVe2p.s:4108   .debug_str:000000000000327c .LASF411
C:\Users\zero6575\AppData\Local\Temp\ccfpVe2p.s:3854   .debug_str:000000000000263e .LASF412
C:\Users\zero6575\AppData\Local\Temp\ccfpVe2p.s:3326   .debug_str:0000000000000c3c .LASF413
C:\Users\zero6575\AppData\Local\Temp\ccfpVe2p.s:3348   .debug_str:0000000000000d8a .LASF414
C:\Users\zero6575\AppData\Local\Temp\ccfpVe2p.s:3440   .debug_str:00000000000011b4 .LASF415
C:\Users\zero6575\AppData\Local\Temp\ccfpVe2p.s:3544   .debug_str:00000000000016c0 .LASF416
C:\Users\zero6575\AppData\Local\Temp\ccfpVe2p.s:4102   .debug_str:0000000000003214 .LASF417
C:\Users\zero6575\AppData\Local\Temp\ccfpVe2p.s:4156   .debug_str:00000000000034aa .LASF418
C:\Users\zero6575\AppData\Local\Temp\ccfpVe2p.s:4076   .debug_str:00000000000030ea .LASF419
C:\Users\zero6575\AppData\Local\Temp\ccfpVe2p.s:4254   .debug_str:00000000000039e1 .LASF420
C:\Users\zero6575\AppData\Local\Temp\ccfpVe2p.s:4144   .debug_str:0000000000003428 .LASF421
C:\Users\zero6575\AppData\Local\Temp\ccfpVe2p.s:3666   .debug_str:0000000000001d23 .LASF422
C:\Users\zero6575\AppData\Local\Temp\ccfpVe2p.s:3412   .debug_str:0000000000001075 .LASF423
C:\Users\zero6575\AppData\Local\Temp\ccfpVe2p.s:3972   .debug_str:0000000000002c1d .LASF424
C:\Users\zero6575\AppData\Local\Temp\ccfpVe2p.s:3586   .debug_str:0000000000001899 .LASF425
C:\Users\zero6575\AppData\Local\Temp\ccfpVe2p.s:4172   .debug_str:000000000000358e .LASF426
C:\Users\zero6575\AppData\Local\Temp\ccfpVe2p.s:3528   .debug_str:00000000000015f6 .LASF427
C:\Users\zero6575\AppData\Local\Temp\ccfpVe2p.s:4056   .debug_str:000000000000301d .LASF428
C:\Users\zero6575\AppData\Local\Temp\ccfpVe2p.s:3728   .debug_str:000000000000202e .LASF429
C:\Users\zero6575\AppData\Local\Temp\ccfpVe2p.s:3564   .debug_str:000000000000178f .LASF430
C:\Users\zero6575\AppData\Local\Temp\ccfpVe2p.s:3508   .debug_str:00000000000014f4 .LASF431
C:\Users\zero6575\AppData\Local\Temp\ccfpVe2p.s:4314   .debug_str:0000000000003d03 .LASF432
C:\Users\zero6575\AppData\Local\Temp\ccfpVe2p.s:3694   .debug_str:0000000000001ea4 .LASF433
C:\Users\zero6575\AppData\Local\Temp\ccfpVe2p.s:3722   .debug_str:0000000000001ff5 .LASF434
C:\Users\zero6575\AppData\Local\Temp\ccfpVe2p.s:4088   .debug_str:000000000000315b .LASF435
C:\Users\zero6575\AppData\Local\Temp\ccfpVe2p.s:4308   .debug_str:0000000000003cce .LASF436
C:\Users\zero6575\AppData\Local\Temp\ccfpVe2p.s:3662   .debug_str:0000000000001cd4 .LASF437
C:\Users\zero6575\AppData\Local\Temp\ccfpVe2p.s:3800   .debug_str:00000000000023f6 .LASF438
C:\Users\zero6575\AppData\Local\Temp\ccfpVe2p.s:4068   .debug_str:0000000000003097 .LASF439
C:\Users\zero6575\AppData\Local\Temp\ccfpVe2p.s:3244   .debug_str:0000000000000852 .LASF440
C:\Users\zero6575\AppData\Local\Temp\ccfpVe2p.s:3128   .debug_str:00000000000002c8 .LASF441
C:\Users\zero6575\AppData\Local\Temp\ccfpVe2p.s:3604   .debug_str:00000000000019e5 .LASF442
C:\Users\zero6575\AppData\Local\Temp\ccfpVe2p.s:3832   .debug_str:0000000000002563 .LASF443
C:\Users\zero6575\AppData\Local\Temp\ccfpVe2p.s:3142   .debug_str:000000000000033c .LASF444
C:\Users\zero6575\AppData\Local\Temp\ccfpVe2p.s:3396   .debug_str:0000000000000f81 .LASF445
C:\Users\zero6575\AppData\Local\Temp\ccfpVe2p.s:3406   .debug_str:000000000000102b .LASF446
C:\Users\zero6575\AppData\Local\Temp\ccfpVe2p.s:4318   .debug_str:0000000000003d41 .LASF447
C:\Users\zero6575\AppData\Local\Temp\ccfpVe2p.s:3288   .debug_str:0000000000000a7f .LASF448
C:\Users\zero6575\AppData\Local\Temp\ccfpVe2p.s:3218   .debug_str:0000000000000720 .LASF449
C:\Users\zero6575\AppData\Local\Temp\ccfpVe2p.s:3540   .debug_str:0000000000001696 .LASF450
C:\Users\zero6575\AppData\Local\Temp\ccfpVe2p.s:3316   .debug_str:0000000000000bd8 .LASF451
C:\Users\zero6575\AppData\Local\Temp\ccfpVe2p.s:3364   .debug_str:0000000000000e2a .LASF452
C:\Users\zero6575\AppData\Local\Temp\ccfpVe2p.s:3766   .debug_str:00000000000021ef .LASF453
C:\Users\zero6575\AppData\Local\Temp\ccfpVe2p.s:3306   .debug_str:0000000000000b71 .LASF454
C:\Users\zero6575\AppData\Local\Temp\ccfpVe2p.s:4258   .debug_str:00000000000039fc .LASF455
C:\Users\zero6575\AppData\Local\Temp\ccfpVe2p.s:4100   .debug_str:0000000000003208 .LASF456
C:\Users\zero6575\AppData\Local\Temp\ccfpVe2p.s:4354   .debug_str:0000000000003f3d .LASF457
C:\Users\zero6575\AppData\Local\Temp\ccfpVe2p.s:3382   .debug_str:0000000000000ede .LASF458
C:\Users\zero6575\AppData\Local\Temp\ccfpVe2p.s:3978   .debug_str:0000000000002c81 .LASF459
C:\Users\zero6575\AppData\Local\Temp\ccfpVe2p.s:4178   .debug_str:00000000000035d0 .LASF460
C:\Users\zero6575\AppData\Local\Temp\ccfpVe2p.s:3310   .debug_str:0000000000000b93 .LASF461
C:\Users\zero6575\AppData\Local\Temp\ccfpVe2p.s:3094   .debug_str:00000000000000a5 .LASF462
C:\Users\zero6575\AppData\Local\Temp\ccfpVe2p.s:3240   .debug_str:0000000000000832 .LASF463
C:\Users\zero6575\AppData\Local\Temp\ccfpVe2p.s:3438   .debug_str:00000000000011a6 .LASF464
C:\Users\zero6575\AppData\Local\Temp\ccfpVe2p.s:3820   .debug_str:00000000000024f8 .LASF465
C:\Users\zero6575\AppData\Local\Temp\ccfpVe2p.s:4446   .debug_str:000000000000442a .LASF466
C:\Users\zero6575\AppData\Local\Temp\ccfpVe2p.s:3378   .debug_str:0000000000000ebd .LASF467
C:\Users\zero6575\AppData\Local\Temp\ccfpVe2p.s:3238   .debug_str:0000000000000820 .LASF468
C:\Users\zero6575\AppData\Local\Temp\ccfpVe2p.s:3334   .debug_str:0000000000000c9a .LASF469
C:\Users\zero6575\AppData\Local\Temp\ccfpVe2p.s:3994   .debug_str:0000000000002d54 .LASF470
C:\Users\zero6575\AppData\Local\Temp\ccfpVe2p.s:3884   .debug_str:00000000000027ab .LASF471
C:\Users\zero6575\AppData\Local\Temp\ccfpVe2p.s:3290   .debug_str:0000000000000a87 .LASF472
C:\Users\zero6575\AppData\Local\Temp\ccfpVe2p.s:4384   .debug_str:000000000000409f .LASF473
C:\Users\zero6575\AppData\Local\Temp\ccfpVe2p.s:3902   .debug_str:000000000000286b .LASF474
C:\Users\zero6575\AppData\Local\Temp\ccfpVe2p.s:3774   .debug_str:000000000000223a .LASF475
C:\Users\zero6575\AppData\Local\Temp\ccfpVe2p.s:3842   .debug_str:00000000000025be .LASF476
C:\Users\zero6575\AppData\Local\Temp\ccfpVe2p.s:4398   .debug_str:000000000000416c .LASF477
C:\Users\zero6575\AppData\Local\Temp\ccfpVe2p.s:3486   .debug_str:00000000000013e9 .LASF478
C:\Users\zero6575\AppData\Local\Temp\ccfpVe2p.s:3960   .debug_str:0000000000002b88 .LASF479
C:\Users\zero6575\AppData\Local\Temp\ccfpVe2p.s:3772   .debug_str:0000000000002226 .LASF480
C:\Users\zero6575\AppData\Local\Temp\ccfpVe2p.s:4152   .debug_str:0000000000003481 .LASF481
C:\Users\zero6575\AppData\Local\Temp\ccfpVe2p.s:3742   .debug_str:00000000000020be .LASF482
C:\Users\zero6575\AppData\Local\Temp\ccfpVe2p.s:4210   .debug_str:0000000000003795 .LASF483
C:\Users\zero6575\AppData\Local\Temp\ccfpVe2p.s:4232   .debug_str:00000000000038be .LASF484
C:\Users\zero6575\AppData\Local\Temp\ccfpVe2p.s:4082   .debug_str:0000000000003123 .LASF485
C:\Users\zero6575\AppData\Local\Temp\ccfpVe2p.s:3530   .debug_str:0000000000001606 .LASF486
C:\Users\zero6575\AppData\Local\Temp\ccfpVe2p.s:3760   .debug_str:000000000000219c .LASF487
C:\Users\zero6575\AppData\Local\Temp\ccfpVe2p.s:4090   .debug_str:0000000000003176 .LASF488
C:\Users\zero6575\AppData\Local\Temp\ccfpVe2p.s:3946   .debug_str:0000000000002ade .LASF489
C:\Users\zero6575\AppData\Local\Temp\ccfpVe2p.s:3826   .debug_str:0000000000002533 .LASF490
C:\Users\zero6575\AppData\Local\Temp\ccfpVe2p.s:3282   .debug_str:0000000000000a25 .LASF491
C:\Users\zero6575\AppData\Local\Temp\ccfpVe2p.s:3974   .debug_str:0000000000002c33 .LASF492
C:\Users\zero6575\AppData\Local\Temp\ccfpVe2p.s:3298   .debug_str:0000000000000af0 .LASF493
C:\Users\zero6575\AppData\Local\Temp\ccfpVe2p.s:3876   .debug_str:000000000000273c .LASF494
C:\Users\zero6575\AppData\Local\Temp\ccfpVe2p.s:4368   .debug_str:0000000000003fbf .LASF495
C:\Users\zero6575\AppData\Local\Temp\ccfpVe2p.s:4336   .debug_str:0000000000003e17 .LASF496
C:\Users\zero6575\AppData\Local\Temp\ccfpVe2p.s:4416   .debug_str:000000000000424e .LASF497
C:\Users\zero6575\AppData\Local\Temp\ccfpVe2p.s:3596   .debug_str:0000000000001950 .LASF498
C:\Users\zero6575\AppData\Local\Temp\ccfpVe2p.s:3758   .debug_str:0000000000002178 .LASF499
C:\Users\zero6575\AppData\Local\Temp\ccfpVe2p.s:4298   .debug_str:0000000000003c46 .LASF500
C:\Users\zero6575\AppData\Local\Temp\ccfpVe2p.s:3488   .debug_str:00000000000013fd .LASF501
C:\Users\zero6575\AppData\Local\Temp\ccfpVe2p.s:3160   .debug_str:0000000000000463 .LASF502
C:\Users\zero6575\AppData\Local\Temp\ccfpVe2p.s:3492   .debug_str:0000000000001447 .LASF503
C:\Users\zero6575\AppData\Local\Temp\ccfpVe2p.s:3984   .debug_str:0000000000002cbf .LASF504
C:\Users\zero6575\AppData\Local\Temp\ccfpVe2p.s:4206   .debug_str:000000000000375d .LASF505
C:\Users\zero6575\AppData\Local\Temp\ccfpVe2p.s:4272   .debug_str:0000000000003aad .LASF506
C:\Users\zero6575\AppData\Local\Temp\ccfpVe2p.s:3822   .debug_str:0000000000002503 .LASF507
C:\Users\zero6575\AppData\Local\Temp\ccfpVe2p.s:4436   .debug_str:0000000000004360 .LASF508
C:\Users\zero6575\AppData\Local\Temp\ccfpVe2p.s:4320   .debug_str:0000000000003d4d .LASF509
C:\Users\zero6575\AppData\Local\Temp\ccfpVe2p.s:3686   .debug_str:0000000000001e17 .LASF510
C:\Users\zero6575\AppData\Local\Temp\ccfpVe2p.s:3536   .debug_str:0000000000001652 .LASF511
C:\Users\zero6575\AppData\Local\Temp\ccfpVe2p.s:4456   .debug_str:00000000000044df .LASF512
C:\Users\zero6575\AppData\Local\Temp\ccfpVe2p.s:3552   .debug_str:000000000000170e .LASF513
C:\Users\zero6575\AppData\Local\Temp\ccfpVe2p.s:3602   .debug_str:00000000000019cb .LASF514
C:\Users\zero6575\AppData\Local\Temp\ccfpVe2p.s:4460   .debug_str:000000000000451f .LASF515
C:\Users\zero6575\AppData\Local\Temp\ccfpVe2p.s:3936   .debug_str:0000000000002a5b .LASF516
C:\Users\zero6575\AppData\Local\Temp\ccfpVe2p.s:3680   .debug_str:0000000000001dc8 .LASF517
C:\Users\zero6575\AppData\Local\Temp\ccfpVe2p.s:3314   .debug_str:0000000000000bb0 .LASF518
C:\Users\zero6575\AppData\Local\Temp\ccfpVe2p.s:4094   .debug_str:00000000000031ab .LASF519
C:\Users\zero6575\AppData\Local\Temp\ccfpVe2p.s:4380   .debug_str:0000000000004066 .LASF520
C:\Users\zero6575\AppData\Local\Temp\ccfpVe2p.s:4218   .debug_str:00000000000037dc .LASF521
C:\Users\zero6575\AppData\Local\Temp\ccfpVe2p.s:3346   .debug_str:0000000000000d61 .LASF522
C:\Users\zero6575\AppData\Local\Temp\ccfpVe2p.s:3790   .debug_str:0000000000002317 .LASF523
C:\Users\zero6575\AppData\Local\Temp\ccfpVe2p.s:4042   .debug_str:0000000000002f6b .LASF524
C:\Users\zero6575\AppData\Local\Temp\ccfpVe2p.s:3398   .debug_str:0000000000000f86 .LASF525
C:\Users\zero6575\AppData\Local\Temp\ccfpVe2p.s:4316   .debug_str:0000000000003d1d .LASF526
C:\Users\zero6575\AppData\Local\Temp\ccfpVe2p.s:4190   .debug_str:0000000000003656 .LASF527
C:\Users\zero6575\AppData\Local\Temp\ccfpVe2p.s:3176   .debug_str:000000000000051a .LASF528
C:\Users\zero6575\AppData\Local\Temp\ccfpVe2p.s:4062   .debug_str:0000000000003056 .LASF529
C:\Users\zero6575\AppData\Local\Temp\ccfpVe2p.s:4268   .debug_str:0000000000003a6e .LASF530
C:\Users\zero6575\AppData\Local\Temp\ccfpVe2p.s:4358   .debug_str:0000000000003f52 .LASF531
C:\Users\zero6575\AppData\Local\Temp\ccfpVe2p.s:4342   .debug_str:0000000000003e61 .LASF532
C:\Users\zero6575\AppData\Local\Temp\ccfpVe2p.s:3474   .debug_str:000000000000134d .LASF533
C:\Users\zero6575\AppData\Local\Temp\ccfpVe2p.s:4126   .debug_str:0000000000003344 .LASF534
C:\Users\zero6575\AppData\Local\Temp\ccfpVe2p.s:4134   .debug_str:00000000000033b7 .LASF535
C:\Users\zero6575\AppData\Local\Temp\ccfpVe2p.s:3194   .debug_str:00000000000005d8 .LASF536
C:\Users\zero6575\AppData\Local\Temp\ccfpVe2p.s:4184   .debug_str:0000000000003603 .LASF537
C:\Users\zero6575\AppData\Local\Temp\ccfpVe2p.s:4386   .debug_str:00000000000040b3 .LASF538
C:\Users\zero6575\AppData\Local\Temp\ccfpVe2p.s:4034   .debug_str:0000000000002f12 .LASF539
C:\Users\zero6575\AppData\Local\Temp\ccfpVe2p.s:4242   .debug_str:0000000000003949 .LASF540
C:\Users\zero6575\AppData\Local\Temp\ccfpVe2p.s:3106   .debug_str:000000000000014c .LASF541
C:\Users\zero6575\AppData\Local\Temp\ccfpVe2p.s:4078   .debug_str:0000000000003100 .LASF542
C:\Users\zero6575\AppData\Local\Temp\ccfpVe2p.s:4432   .debug_str:000000000000433a .LASF543
C:\Users\zero6575\AppData\Local\Temp\ccfpVe2p.s:3788   .debug_str:00000000000022ff .LASF544
C:\Users\zero6575\AppData\Local\Temp\ccfpVe2p.s:3690   .debug_str:0000000000001e6f .LASF545
C:\Users\zero6575\AppData\Local\Temp\ccfpVe2p.s:3748   .debug_str:00000000000020e8 .LASF546
C:\Users\zero6575\AppData\Local\Temp\ccfpVe2p.s:3270   .debug_str:000000000000098f .LASF547
C:\Users\zero6575\AppData\Local\Temp\ccfpVe2p.s:3890   .debug_str:00000000000027dc .LASF548
C:\Users\zero6575\AppData\Local\Temp\ccfpVe2p.s:3252   .debug_str:000000000000089c .LASF549
C:\Users\zero6575\AppData\Local\Temp\ccfpVe2p.s:3144   .debug_str:0000000000000346 .LASF550
C:\Users\zero6575\AppData\Local\Temp\ccfpVe2p.s:4352   .debug_str:0000000000003f23 .LASF551
C:\Users\zero6575\AppData\Local\Temp\ccfpVe2p.s:4130   .debug_str:0000000000003370 .LASF552
C:\Users\zero6575\AppData\Local\Temp\ccfpVe2p.s:4198   .debug_str:00000000000036d0 .LASF554
C:\Users\zero6575\AppData\Local\Temp\ccfpVe2p.s:3332   .debug_str:0000000000000c83 .LASF555
C:\Users\zero6575\AppData\Local\Temp\ccfpVe2p.s:3612   .debug_str:0000000000001a2f .LASF556
C:\Users\zero6575\AppData\Local\Temp\ccfpVe2p.s:3428   .debug_str:000000000000113b .LASF557
C:\Users\zero6575\AppData\Local\Temp\ccfpVe2p.s:3958   .debug_str:0000000000002b6f .LASF558
C:\Users\zero6575\AppData\Local\Temp\ccfpVe2p.s:3182   .debug_str:0000000000000562 .LASF559
C:\Users\zero6575\AppData\Local\Temp\ccfpVe2p.s:4146   .debug_str:000000000000343f .LASF560
C:\Users\zero6575\AppData\Local\Temp\ccfpVe2p.s:3214   .debug_str:00000000000006ed .LASF561
C:\Users\zero6575\AppData\Local\Temp\ccfpVe2p.s:3114   .debug_str:00000000000001b8 .LASF562
C:\Users\zero6575\AppData\Local\Temp\ccfpVe2p.s:3778   .debug_str:000000000000228a .LASF563
C:\Users\zero6575\AppData\Local\Temp\ccfpVe2p.s:3338   .debug_str:0000000000000cd2 .LASF564
C:\Users\zero6575\AppData\Local\Temp\ccfpVe2p.s:3944   .debug_str:0000000000002ac1 .LASF565
C:\Users\zero6575\AppData\Local\Temp\ccfpVe2p.s:3354   .debug_str:0000000000000dcd .LASF566
C:\Users\zero6575\AppData\Local\Temp\ccfpVe2p.s:4260   .debug_str:0000000000003a08 .LASF567
C:\Users\zero6575\AppData\Local\Temp\ccfpVe2p.s:3880   .debug_str:000000000000276d .LASF568
C:\Users\zero6575\AppData\Local\Temp\ccfpVe2p.s:3806   .debug_str:0000000000002438 .LASF569
C:\Users\zero6575\AppData\Local\Temp\ccfpVe2p.s:3870   .debug_str:00000000000026dd .LASF570
C:\Users\zero6575\AppData\Local\Temp\ccfpVe2p.s:3654   .debug_str:0000000000001c55 .LASF571
C:\Users\zero6575\AppData\Local\Temp\ccfpVe2p.s:3906   .debug_str:0000000000002893 .LASF572
C:\Users\zero6575\AppData\Local\Temp\ccfpVe2p.s:3532   .debug_str:0000000000001620 .LASF573
C:\Users\zero6575\AppData\Local\Temp\ccfpVe2p.s:3400   .debug_str:0000000000000faf .LASF574
C:\Users\zero6575\AppData\Local\Temp\ccfpVe2p.s:3874   .debug_str:0000000000002713 .LASF575
C:\Users\zero6575\AppData\Local\Temp\ccfpVe2p.s:3988   .debug_str:0000000000002d04 .LASF576
C:\Users\zero6575\AppData\Local\Temp\ccfpVe2p.s:3370   .debug_str:0000000000000e4f .LASF577
C:\Users\zero6575\AppData\Local\Temp\ccfpVe2p.s:3490   .debug_str:000000000000141c .LASF578
C:\Users\zero6575\AppData\Local\Temp\ccfpVe2p.s:3264   .debug_str:0000000000000925 .LASF579
C:\Users\zero6575\AppData\Local\Temp\ccfpVe2p.s:3512   .debug_str:0000000000001520 .LASF580
C:\Users\zero6575\AppData\Local\Temp\ccfpVe2p.s:3952   .debug_str:0000000000002b31 .LASF581
C:\Users\zero6575\AppData\Local\Temp\ccfpVe2p.s:4110   .debug_str:000000000000328c .LASF582
C:\Users\zero6575\AppData\Local\Temp\ccfpVe2p.s:4418   .debug_str:0000000000004268 .LASF583
C:\Users\zero6575\AppData\Local\Temp\ccfpVe2p.s:4224   .debug_str:0000000000003833 .LASF584
C:\Users\zero6575\AppData\Local\Temp\ccfpVe2p.s:4122   .debug_str:0000000000003315 .LASF585
C:\Users\zero6575\AppData\Local\Temp\ccfpVe2p.s:3408   .debug_str:0000000000001035 .LASF586
C:\Users\zero6575\AppData\Local\Temp\ccfpVe2p.s:4192   .debug_str:000000000000367c .LASF587
C:\Users\zero6575\AppData\Local\Temp\ccfpVe2p.s:3174   .debug_str:00000000000004fb .LASF588
C:\Users\zero6575\AppData\Local\Temp\ccfpVe2p.s:3732   .debug_str:000000000000204e .LASF589
C:\Users\zero6575\AppData\Local\Temp\ccfpVe2p.s:3164   .debug_str:0000000000000491 .LASF590
C:\Users\zero6575\AppData\Local\Temp\ccfpVe2p.s:4452   .debug_str:000000000000446c .LASF591
C:\Users\zero6575\AppData\Local\Temp\ccfpVe2p.s:4038   .debug_str:0000000000002f35 .LASF592
C:\Users\zero6575\AppData\Local\Temp\ccfpVe2p.s:3520   .debug_str:000000000000158d .LASF593
C:\Users\zero6575\AppData\Local\Temp\ccfpVe2p.s:4348   .debug_str:0000000000003ecd .LASF594
C:\Users\zero6575\AppData\Local\Temp\ccfpVe2p.s:3546   .debug_str:00000000000016d0 .LASF595
C:\Users\zero6575\AppData\Local\Temp\ccfpVe2p.s:3372   .debug_str:0000000000000e76 .LASF596
C:\Users\zero6575\AppData\Local\Temp\ccfpVe2p.s:4302   .debug_str:0000000000003c82 .LASF597
C:\Users\zero6575\AppData\Local\Temp\ccfpVe2p.s:3402   .debug_str:0000000000000fd5 .LASF598
C:\Users\zero6575\AppData\Local\Temp\ccfpVe2p.s:4196   .debug_str:00000000000036b9 .LASF599
C:\Users\zero6575\AppData\Local\Temp\ccfpVe2p.s:3928   .debug_str:0000000000002a14 .LASF600
C:\Users\zero6575\AppData\Local\Temp\ccfpVe2p.s:4402   .debug_str:00000000000041a0 .LASF601
C:\Users\zero6575\AppData\Local\Temp\ccfpVe2p.s:3948   .debug_str:0000000000002af7 .LASF602
C:\Users\zero6575\AppData\Local\Temp\ccfpVe2p.s:3320   .debug_str:0000000000000bfa .LASF603
C:\Users\zero6575\AppData\Local\Temp\ccfpVe2p.s:3834   .debug_str:000000000000256b .LASF604
C:\Users\zero6575\AppData\Local\Temp\ccfpVe2p.s:3422   .debug_str:00000000000010fa .LASF605
C:\Users\zero6575\AppData\Local\Temp\ccfpVe2p.s:3342   .debug_str:0000000000000d0a .LASF606
C:\Users\zero6575\AppData\Local\Temp\ccfpVe2p.s:3556   .debug_str:0000000000001749 .LASF607
C:\Users\zero6575\AppData\Local\Temp\ccfpVe2p.s:3476   .debug_str:000000000000136b .LASF608
C:\Users\zero6575\AppData\Local\Temp\ccfpVe2p.s:3924   .debug_str:00000000000029d2 .LASF609
C:\Users\zero6575\AppData\Local\Temp\ccfpVe2p.s:4234   .debug_str:00000000000038d7 .LASF610
C:\Users\zero6575\AppData\Local\Temp\ccfpVe2p.s:3674   .debug_str:0000000000001d5c .LASF611
C:\Users\zero6575\AppData\Local\Temp\ccfpVe2p.s:4202   .debug_str:00000000000036f6 .LASF612
C:\Users\zero6575\AppData\Local\Temp\ccfpVe2p.s:3362   .debug_str:0000000000000e13 .LASF613
C:\Users\zero6575\AppData\Local\Temp\ccfpVe2p.s:3458   .debug_str:000000000000126c .LASF614
C:\Users\zero6575\AppData\Local\Temp\ccfpVe2p.s:3792   .debug_str:000000000000233b .LASF615
C:\Users\zero6575\AppData\Local\Temp\ccfpVe2p.s:3472   .debug_str:0000000000001324 .LASF616
C:\Users\zero6575\AppData\Local\Temp\ccfpVe2p.s:4132   .debug_str:000000000000338c .LASF617
C:\Users\zero6575\AppData\Local\Temp\ccfpVe2p.s:3236   .debug_str:00000000000007f5 .LASF618
C:\Users\zero6575\AppData\Local\Temp\ccfpVe2p.s:3716   .debug_str:0000000000001fa5 .LASF619
C:\Users\zero6575\AppData\Local\Temp\ccfpVe2p.s:4430   .debug_str:000000000000430f .LASF620
C:\Users\zero6575\AppData\Local\Temp\ccfpVe2p.s:3900   .debug_str:0000000000002847 .LASF621
C:\Users\zero6575\AppData\Local\Temp\ccfpVe2p.s:3526   .debug_str:00000000000015d3 .LASF622
C:\Users\zero6575\AppData\Local\Temp\ccfpVe2p.s:3448   .debug_str:00000000000011fd .LASF623
C:\Users\zero6575\AppData\Local\Temp\ccfpVe2p.s:3660   .debug_str:0000000000001cb1 .LASF624
C:\Users\zero6575\AppData\Local\Temp\ccfpVe2p.s:3916   .debug_str:0000000000002927 .LASF625
                           .group:0000000000000000 wm4.0.29db371e8b94e604acd9f4c2cef2c360
                           .group:0000000000000000 wm4.stddef.h.39.a38874c8f8a57e66301090908ec2a69f
                           .group:0000000000000000 wm4._newlib_version.h.4.9ba035841e762c3308916a0ce96032e7
                           .group:0000000000000000 wm4.features.h.33.318b64d71e0957639cfb30f1db1f7ec8
                           .group:0000000000000000 wm4._default_types.h.15.61e9869194cab90bdfa4c7fc42203a0e
                           .group:0000000000000000 wm4._intsup.h.10.b28b45fc63caeb010c3f7ee592257700
                           .group:0000000000000000 wm4._stdint.h.10.c24fa3af3bc1706662bb5593a907e841
                           .group:0000000000000000 wm4.stdint.h.23.d53047a68f4a85177f80b422d52785ed
                           .group:0000000000000000 wm4.mss_uart.h.349.4489a38f3707af0b8be76db963910455
                           .group:0000000000000000 wm4.mss_peripherals.h.19.56b8bde575e72db195ac5e479d6ef900
                           .group:0000000000000000 wm4.uart_mapping.h.55.da57b64babafa523227e847cc06676bf

UNDEFINED SYMBOLS
g_mss_uart0_lo
g_mss_uart1_lo
g_mss_uart2_lo
g_mss_uart3_lo
g_mss_uart4_lo
