

================================================================
== Vitis HLS Report for 'fir_hw_Pipeline_VITIS_LOOP_32_1'
================================================================
* Date:           Tue Apr 21 10:24:27 2026

* Version:        2025.2 (Build 6295257 on Nov 14 2025)
* Project:        fir_hls
* Solution:       hls (Vivado IP Flow Target)
* Product family: zynquplus
* Target device:  xck26-sfvc784-2LV-c


================================================================
== Performance Estimates
================================================================
+ Timing: 
    * Summary: 
    +--------+----------+----------+------------+
    |  Clock |  Target  | Estimated| Uncertainty|
    +--------+----------+----------+------------+
    |ap_clk  |  10.00 ns|  6.764 ns|     2.70 ns|
    +--------+----------+----------+------------+

+ Latency: 
    * Summary: 
    +---------+---------+----------+-----------+-----+-----+-------------------+
    |  Latency (cycles) |  Latency (absolute)  |  Interval |      Pipeline     |
    |   min   |   max   |    min   |    max    | min | max |        Type       |
    +---------+---------+----------+-----------+-----+-----+-------------------+
    |      258|     1026|  2.580 us|  10.260 us|    0|    0|  loop pipeline stp|
    +---------+---------+----------+-----------+-----+-----+-------------------+

    + Detail: 
        * Instance: 
        N/A

        * Loop: 
        +-------------------+---------+---------+----------+-----------+-----------+-----------+----------+
        |                   |  Latency (cycles) | Iteration|  Initiation Interval  |    Trip   |          |
        |     Loop Name     |   min   |   max   |  Latency |  achieved |   target  |   Count   | Pipelined|
        +-------------------+---------+---------+----------+-----------+-----------+-----------+----------+
        |- VITIS_LOOP_32_1  |      256|     1024|         3|          2|          2|  128 ~ 512|       yes|
        +-------------------+---------+---------+----------+-----------+-----------+-----------+----------+



================================================================
== Utilization Estimates
================================================================
* Summary: 
+-----------------+---------+------+--------+--------+-----+
|       Name      | BRAM_18K|  DSP |   FF   |   LUT  | URAM|
+-----------------+---------+------+--------+--------+-----+
|DSP              |        -|     -|       -|       -|    -|
|Expression       |        -|     -|       0|     224|    -|
|FIFO             |        -|     -|       -|       -|    -|
|Instance         |        -|     6|       0|      18|    -|
|Memory           |        -|     -|       -|       -|    -|
|Multiplexer      |        -|     -|       0|     132|    -|
|Register         |        -|     -|     279|       -|    -|
+-----------------+---------+------+--------+--------+-----+
|Total            |        0|     6|     279|     374|    0|
+-----------------+---------+------+--------+--------+-----+
|Available        |      288|  1248|  234240|  117120|   64|
+-----------------+---------+------+--------+--------+-----+
|Utilization (%)  |        0|    ~0|      ~0|      ~0|    0|
+-----------------+---------+------+--------+--------+-----+

+ Detail: 
    * Instance: 
    +-----------------------+--------------------+---------+----+---+----+-----+
    |        Instance       |       Module       | BRAM_18K| DSP| FF| LUT| URAM|
    +-----------------------+--------------------+---------+----+---+----+-----+
    |mul_47s_32s_79_1_1_U1  |mul_47s_32s_79_1_1  |        0|   6|  0|  18|    0|
    +-----------------------+--------------------+---------+----+---+----+-----+
    |Total                  |                    |        0|   6|  0|  18|    0|
    +-----------------------+--------------------+---------+----+---+----+-----+

    * DSP: 
    N/A

    * Memory: 
    N/A

    * FIFO: 
    N/A

    * Expression: 
    +---------------------+----------+----+---+----+------------+------------+
    |    Variable Name    | Operation| DSP| FF| LUT| Bitwidth P0| Bitwidth P1|
    +---------------------+----------+----+---+----+------------+------------+
    |add_ln38_fu_270_p2   |         +|   0|  0|  86|          79|          79|
    |add_ln39_fu_329_p2   |         +|   0|  0|  86|          79|          79|
    |i_2_fu_209_p2        |         +|   0|  0|  17|          10|           1|
    |read_idx_fu_224_p2   |         -|   0|  0|  16|           9|           9|
    |icmp_ln32_fu_203_p2  |      icmp|   0|  0|  17|          10|          10|
    |ap_enable_pp0        |       xor|   0|  0|   2|           1|           2|
    +---------------------+----------+----+---+----+------------+------------+
    |Total                |          |   0|  0| 224|         188|         180|
    +---------------------+----------+----+---+----+------------+------------+

    * Multiplexer: 
    +-----------------------------+----+-----------+-----+-----------+
    |             Name            | LUT| Input Size| Bits| Total Bits|
    +-----------------------------+----+-----------+-----+-----------+
    |acc_l_fu_94                  |   9|          2|   48|         96|
    |acc_r_fu_98                  |   9|          2|   48|         96|
    |ap_NS_fsm                    |  14|          3|    1|          3|
    |ap_done_int                  |   9|          2|    1|          2|
    |ap_enable_reg_pp0_iter0      |   9|          2|    1|          2|
    |ap_enable_reg_pp0_iter0_reg  |   9|          2|    1|          2|
    |ap_enable_reg_pp0_iter1      |   9|          2|    1|          2|
    |ap_sig_allocacmp_i_1         |   9|          2|   10|         20|
    |grp_fu_171_p0                |  14|          3|   47|        141|
    |grp_fu_171_p1                |  14|          3|   32|         96|
    |i_fu_102                     |   9|          2|   10|         20|
    |out_data_data_1_fu_86        |   9|          2|   32|         64|
    |out_data_data_fu_90          |   9|          2|   32|         64|
    +-----------------------------+----+-----------+-----+-----------+
    |Total                        | 132|         29|  264|        608|
    +-----------------------------+----+-----------+-----+-----------+

    * Register: 
    +-----------------------------+----+----+-----+-----------+
    |             Name            | FF | LUT| Bits| Const Bits|
    +-----------------------------+----+----+-----+-----------+
    |acc_l_fu_94                  |  48|   0|   48|          0|
    |acc_r_fu_98                  |  48|   0|   48|          0|
    |ap_CS_fsm                    |   2|   0|    2|          0|
    |ap_done_reg                  |   1|   0|    1|          0|
    |ap_enable_reg_pp0_iter0_reg  |   1|   0|    1|          0|
    |ap_enable_reg_pp0_iter1      |   1|   0|    1|          0|
    |i_fu_102                     |  10|   0|   10|          0|
    |icmp_ln32_reg_408            |   1|   0|    1|          0|
    |out_data_data_1_fu_86        |  32|   0|   32|          0|
    |out_data_data_fu_90          |  32|   0|   32|          0|
    |sample_r_reg_427             |  24|   0|   24|          0|
    |sext_ln38_1_reg_432          |  79|   0|   79|          0|
    +-----------------------------+----+----+-----+-----------+
    |Total                        | 279|   0|  279|          0|
    +-----------------------------+----+----+-----+-----------+



================================================================
== Interface
================================================================
* Summary: 
+----------------------------+-----+-----+------------+---------------------------------+--------------+
|          RTL Ports         | Dir | Bits|  Protocol  |          Source Object          |    C Type    |
+----------------------------+-----+-----+------------+---------------------------------+--------------+
|ap_clk                      |   in|    1|  ap_ctrl_hs|  fir_hw_Pipeline_VITIS_LOOP_32_1|  return value|
|ap_rst                      |   in|    1|  ap_ctrl_hs|  fir_hw_Pipeline_VITIS_LOOP_32_1|  return value|
|ap_start                    |   in|    1|  ap_ctrl_hs|  fir_hw_Pipeline_VITIS_LOOP_32_1|  return value|
|ap_done                     |  out|    1|  ap_ctrl_hs|  fir_hw_Pipeline_VITIS_LOOP_32_1|  return value|
|ap_idle                     |  out|    1|  ap_ctrl_hs|  fir_hw_Pipeline_VITIS_LOOP_32_1|  return value|
|ap_ready                    |  out|    1|  ap_ctrl_hs|  fir_hw_Pipeline_VITIS_LOOP_32_1|  return value|
|add_ln32                    |   in|   10|     ap_none|                         add_ln32|        scalar|
|write_idx_load              |   in|    9|     ap_none|                   write_idx_load|        scalar|
|coeff_hw_address0           |  out|    9|   ap_memory|                         coeff_hw|         array|
|coeff_hw_ce0                |  out|    1|   ap_memory|                         coeff_hw|         array|
|coeff_hw_q0                 |   in|   32|   ap_memory|                         coeff_hw|         array|
|out_data_data_out           |  out|   32|      ap_vld|                out_data_data_out|       pointer|
|out_data_data_out_ap_vld    |  out|    1|      ap_vld|                out_data_data_out|       pointer|
|out_data_data_1_out         |  out|   32|      ap_vld|              out_data_data_1_out|       pointer|
|out_data_data_1_out_ap_vld  |  out|    1|      ap_vld|              out_data_data_1_out|       pointer|
|buffer_left_address0        |  out|    9|   ap_memory|                      buffer_left|         array|
|buffer_left_ce0             |  out|    1|   ap_memory|                      buffer_left|         array|
|buffer_left_q0              |   in|   24|   ap_memory|                      buffer_left|         array|
|buffer_right_address0       |  out|    9|   ap_memory|                     buffer_right|         array|
|buffer_right_ce0            |  out|    1|   ap_memory|                     buffer_right|         array|
|buffer_right_q0             |   in|   24|   ap_memory|                     buffer_right|         array|
+----------------------------+-----+-----+------------+---------------------------------+--------------+

============================================================
+ Verbose Summary: Synthesis Manager
============================================================
InlineROM: 1
ExposeGlobal: 0
============================================================
+ Verbose Summary: CDFG Model
============================================================
IsTopModel: 0
ResetActiveHigh: 1
IsCombinational: 2
IsDatapathOnly: 2
HasWiredReturn: 1
HasMFsm: 2
HasVarLatency: 1
IsPipeline: 0
IsRtlPipelined: 0
IsInstanceOverlapped: 0
IsDontTouch: 0
HasImplIP: 0
IsGatedGlobalClock: 0

+ Individual pipeline summary: 
  * Pipeline-0: initiation interval (II) = 2, depth = 3


============================================================
+ Verbose Summary: Schedule
============================================================
* Number of FSM states : 3
* Pipeline : 1
  Pipeline-0 : II = 2, D = 3, States = { 1 2 3 }
* Dataflow Pipeline: 0

* FSM state transitions: 
1 --> 2 
2 --> 3 
3 --> 

* FSM state operations: 

State 1 <SV = 0> <Delay = 2.44>
ST_1 : Operation 6 [1/1] (0.00ns)   --->   "%out_data_data_1 = alloca i32 1"   --->   Operation 6 'alloca' 'out_data_data_1' <Predicate = true> <Delay = 0.00>
ST_1 : Operation 7 [1/1] (0.00ns)   --->   "%out_data_data = alloca i32 1"   --->   Operation 7 'alloca' 'out_data_data' <Predicate = true> <Delay = 0.00>
ST_1 : Operation 8 [1/1] (0.00ns)   --->   "%acc_l = alloca i32 1" [fir_hw.cpp:29]   --->   Operation 8 'alloca' 'acc_l' <Predicate = true> <Delay = 0.00>
ST_1 : Operation 9 [1/1] (0.00ns)   --->   "%acc_r = alloca i32 1" [fir_hw.cpp:30]   --->   Operation 9 'alloca' 'acc_r' <Predicate = true> <Delay = 0.00>
ST_1 : Operation 10 [1/1] (0.00ns)   --->   "%i = alloca i32 1" [fir_hw.cpp:32]   --->   Operation 10 'alloca' 'i' <Predicate = true> <Delay = 0.00>
ST_1 : Operation 11 [1/1] (0.00ns)   --->   "%specmemcore_ln0 = specmemcore void @_ssdm_op_SpecMemCore, i32 %coeff_hw, i64 666, i64 207, i64 1, i1 0"   --->   Operation 11 'specmemcore' 'specmemcore_ln0' <Predicate = true> <Delay = 0.00>
ST_1 : Operation 12 [1/1] (0.00ns)   --->   "%specinterface_ln0 = specinterface void @_ssdm_op_SpecInterface, i32 %coeff_hw, void @empty_1, i32 0, i32 0, void @empty_8, i32 1, i32 0, void @empty_8, void @empty_8, void @empty_8, i32 0, i32 0, i32 0, i32 0, void @empty_8, void @empty_8, i32 4294967295, i32 0, i32 0, i32 0"   --->   Operation 12 'specinterface' 'specinterface_ln0' <Predicate = true> <Delay = 0.00>
ST_1 : Operation 13 [1/1] (0.00ns)   --->   "%write_idx_load_read = read i9 @_ssdm_op_Read.ap_auto.i9, i9 %write_idx_load"   --->   Operation 13 'read' 'write_idx_load_read' <Predicate = true> <Delay = 0.00>
ST_1 : Operation 14 [1/1] (0.00ns)   --->   "%add_ln32_read = read i10 @_ssdm_op_Read.ap_auto.i10, i10 %add_ln32"   --->   Operation 14 'read' 'add_ln32_read' <Predicate = true> <Delay = 0.00>
ST_1 : Operation 15 [1/1] (0.42ns)   --->   "%store_ln32 = store i10 0, i10 %i" [fir_hw.cpp:32]   --->   Operation 15 'store' 'store_ln32' <Predicate = true> <Delay = 0.42>
ST_1 : Operation 16 [1/1] (0.42ns)   --->   "%store_ln30 = store i48 0, i48 %acc_r" [fir_hw.cpp:30]   --->   Operation 16 'store' 'store_ln30' <Predicate = true> <Delay = 0.42>
ST_1 : Operation 17 [1/1] (0.42ns)   --->   "%store_ln29 = store i48 0, i48 %acc_l" [fir_hw.cpp:29]   --->   Operation 17 'store' 'store_ln29' <Predicate = true> <Delay = 0.42>
ST_1 : Operation 18 [1/1] (0.42ns)   --->   "%store_ln0 = store i32 0, i32 %out_data_data"   --->   Operation 18 'store' 'store_ln0' <Predicate = true> <Delay = 0.42>
ST_1 : Operation 19 [1/1] (0.42ns)   --->   "%store_ln0 = store i32 0, i32 %out_data_data_1"   --->   Operation 19 'store' 'store_ln0' <Predicate = true> <Delay = 0.42>
ST_1 : Operation 20 [1/1] (0.00ns)   --->   "%br_ln0 = br void %for.body"   --->   Operation 20 'br' 'br_ln0' <Predicate = true> <Delay = 0.00>
ST_1 : Operation 21 [1/1] (0.00ns)   --->   "%i_1 = load i10 %i" [fir_hw.cpp:32]   --->   Operation 21 'load' 'i_1' <Predicate = true> <Delay = 0.00>
ST_1 : Operation 22 [1/1] (0.78ns)   --->   "%icmp_ln32 = icmp_eq  i10 %i_1, i10 %add_ln32_read" [fir_hw.cpp:32]   --->   Operation 22 'icmp' 'icmp_ln32' <Predicate = true> <Delay = 0.78> <CoreInst = "Cmp">   --->   Core 9 'Cmp' <Latency = 0> <II = 1> <Delay = 0.78> <FuncUnit> <Opcode : 'seteq' 'setne' 'setle' 'setge' 'setlt' 'setgt'> <InPorts = 2> <OutPorts = 1>
ST_1 : Operation 23 [1/1] (0.78ns)   --->   "%i_2 = add i10 %i_1, i10 1" [fir_hw.cpp:32]   --->   Operation 23 'add' 'i_2' <Predicate = true> <Delay = 0.78> <CoreInst = "Adder">   --->   Core 1 'Adder' <Latency = 0> <II = 1> <Delay = 0.78> <FuncUnit> <Opcode : 'add' 'sub'> <InPorts = 2> <OutPorts = 1>
ST_1 : Operation 24 [1/1] (0.00ns)   --->   "%br_ln32 = br i1 %icmp_ln32, void %for.body.split, void %for.cond.cleanup.exitStub" [fir_hw.cpp:32]   --->   Operation 24 'br' 'br_ln32' <Predicate = true> <Delay = 0.00>
ST_1 : Operation 25 [1/1] (0.00ns)   --->   "%zext_ln32 = zext i10 %i_1" [fir_hw.cpp:32]   --->   Operation 25 'zext' 'zext_ln32' <Predicate = (!icmp_ln32)> <Delay = 0.00>
ST_1 : Operation 26 [1/1] (0.00ns)   --->   "%trunc_ln35 = trunc i10 %i_1" [fir_hw.cpp:35]   --->   Operation 26 'trunc' 'trunc_ln35' <Predicate = (!icmp_ln32)> <Delay = 0.00>
ST_1 : Operation 27 [1/1] (0.77ns)   --->   "%read_idx = sub i9 %write_idx_load_read, i9 %trunc_ln35" [fir_hw.cpp:35]   --->   Operation 27 'sub' 'read_idx' <Predicate = (!icmp_ln32)> <Delay = 0.77> <CoreInst = "Adder">   --->   Core 1 'Adder' <Latency = 0> <II = 1> <Delay = 0.77> <FuncUnit> <Opcode : 'add' 'sub'> <InPorts = 2> <OutPorts = 1>
ST_1 : Operation 28 [1/1] (0.00ns)   --->   "%zext_ln36 = zext i9 %read_idx" [fir_hw.cpp:36]   --->   Operation 28 'zext' 'zext_ln36' <Predicate = (!icmp_ln32)> <Delay = 0.00>
ST_1 : Operation 29 [1/1] (0.00ns)   --->   "%buffer_left_addr = getelementptr i24 %buffer_left, i64 0, i64 %zext_ln36" [fir_hw.cpp:36]   --->   Operation 29 'getelementptr' 'buffer_left_addr' <Predicate = (!icmp_ln32)> <Delay = 0.00>
ST_1 : Operation 30 [2/2] (1.23ns)   --->   "%sample_l = load i9 %buffer_left_addr" [fir_hw.cpp:36]   --->   Operation 30 'load' 'sample_l' <Predicate = (!icmp_ln32)> <Delay = 1.23> <CoreInst = "RAM">   --->   Core 82 'RAM' <Latency = 1> <II = 1> <Delay = 1.23> <Storage> <Opcode : 'load' 'store'> <Ports = 2> <Width = 24> <Depth = 512> <RAM>
ST_1 : Operation 31 [1/1] (0.00ns)   --->   "%buffer_right_addr = getelementptr i24 %buffer_right, i64 0, i64 %zext_ln36" [fir_hw.cpp:37]   --->   Operation 31 'getelementptr' 'buffer_right_addr' <Predicate = (!icmp_ln32)> <Delay = 0.00>
ST_1 : Operation 32 [2/2] (1.23ns)   --->   "%sample_r = load i9 %buffer_right_addr" [fir_hw.cpp:37]   --->   Operation 32 'load' 'sample_r' <Predicate = (!icmp_ln32)> <Delay = 1.23> <CoreInst = "RAM">   --->   Core 82 'RAM' <Latency = 1> <II = 1> <Delay = 1.23> <Storage> <Opcode : 'load' 'store'> <Ports = 2> <Width = 24> <Depth = 512> <RAM>
ST_1 : Operation 33 [1/1] (0.00ns)   --->   "%coeff_hw_addr = getelementptr i32 %coeff_hw, i64 0, i64 %zext_ln32" [fir_hw.cpp:38]   --->   Operation 33 'getelementptr' 'coeff_hw_addr' <Predicate = (!icmp_ln32)> <Delay = 0.00>
ST_1 : Operation 34 [2/2] (0.00ns)   --->   "%coeff_hw_load = load i9 %coeff_hw_addr" [fir_hw.cpp:38]   --->   Operation 34 'load' 'coeff_hw_load' <Predicate = (!icmp_ln32)> <Delay = 0.00> <CoreInst = "RAM_1P">   --->   Core 87 'RAM_1P' <Latency = 1> <II = 1> <Delay = 1.23> <Storage> <Opcode : 'load' 'store'> <Ports = 1> <Width = 32> <Depth = 512> <RAM>
ST_1 : Operation 35 [1/1] (0.42ns)   --->   "%store_ln32 = store i10 %i_2, i10 %i" [fir_hw.cpp:32]   --->   Operation 35 'store' 'store_ln32' <Predicate = (!icmp_ln32)> <Delay = 0.42>
ST_1 : Operation 64 [1/1] (0.00ns)   --->   "%out_data_data_1_load = load i32 %out_data_data_1"   --->   Operation 64 'load' 'out_data_data_1_load' <Predicate = (icmp_ln32)> <Delay = 0.00>
ST_1 : Operation 65 [1/1] (0.00ns)   --->   "%out_data_data_load = load i32 %out_data_data"   --->   Operation 65 'load' 'out_data_data_load' <Predicate = (icmp_ln32)> <Delay = 0.00>
ST_1 : Operation 66 [1/1] (0.00ns)   --->   "%write_ln0 = write void @_ssdm_op_Write.ap_auto.i32P0A, i32 %out_data_data_out, i32 %out_data_data_load"   --->   Operation 66 'write' 'write_ln0' <Predicate = (icmp_ln32)> <Delay = 0.00>
ST_1 : Operation 67 [1/1] (0.00ns)   --->   "%write_ln0 = write void @_ssdm_op_Write.ap_auto.i32P0A, i32 %out_data_data_1_out, i32 %out_data_data_1_load"   --->   Operation 67 'write' 'write_ln0' <Predicate = (icmp_ln32)> <Delay = 0.00>
ST_1 : Operation 68 [1/1] (0.42ns)   --->   "%ret_ln0 = ret"   --->   Operation 68 'ret' 'ret_ln0' <Predicate = (icmp_ln32)> <Delay = 0.42>

State 2 <SV = 1> <Delay = 6.76>
ST_2 : Operation 36 [1/1] (0.00ns)   --->   "%acc_l_load = load i48 %acc_l" [fir_hw.cpp:38]   --->   Operation 36 'load' 'acc_l_load' <Predicate = (!icmp_ln32)> <Delay = 0.00>
ST_2 : Operation 37 [1/2] ( I:1.23ns O:1.23ns )   --->   "%sample_l = load i9 %buffer_left_addr" [fir_hw.cpp:36]   --->   Operation 37 'load' 'sample_l' <Predicate = (!icmp_ln32)> <Delay = 1.23> <CoreInst = "RAM">   --->   Core 82 'RAM' <Latency = 1> <II = 1> <Delay = 1.23> <Storage> <Opcode : 'load' 'store'> <Ports = 2> <Width = 24> <Depth = 512> <RAM>
ST_2 : Operation 38 [1/2] ( I:1.23ns O:1.23ns )   --->   "%sample_r = load i9 %buffer_right_addr" [fir_hw.cpp:37]   --->   Operation 38 'load' 'sample_r' <Predicate = (!icmp_ln32)> <Delay = 1.23> <CoreInst = "RAM">   --->   Core 82 'RAM' <Latency = 1> <II = 1> <Delay = 1.23> <Storage> <Opcode : 'load' 'store'> <Ports = 2> <Width = 24> <Depth = 512> <RAM>
ST_2 : Operation 39 [1/1] (0.00ns)   --->   "%shl_ln = bitconcatenate i47 @_ssdm_op_BitConcatenate.i47.i24.i23, i24 %sample_l, i23 0" [fir_hw.cpp:38]   --->   Operation 39 'bitconcatenate' 'shl_ln' <Predicate = (!icmp_ln32)> <Delay = 0.00>
ST_2 : Operation 40 [1/1] (0.00ns)   --->   "%sext_ln38 = sext i47 %shl_ln" [fir_hw.cpp:38]   --->   Operation 40 'sext' 'sext_ln38' <Predicate = (!icmp_ln32)> <Delay = 0.00>
ST_2 : Operation 41 [1/2] ( I:0.00ns O:0.00ns )   --->   "%coeff_hw_load = load i9 %coeff_hw_addr" [fir_hw.cpp:38]   --->   Operation 41 'load' 'coeff_hw_load' <Predicate = (!icmp_ln32)> <Delay = 0.00> <CoreInst = "RAM_1P">   --->   Core 87 'RAM_1P' <Latency = 1> <II = 1> <Delay = 1.23> <Storage> <Opcode : 'load' 'store'> <Ports = 1> <Width = 32> <Depth = 512> <RAM>
ST_2 : Operation 42 [1/1] (0.00ns)   --->   "%sext_ln38_1 = sext i32 %coeff_hw_load" [fir_hw.cpp:38]   --->   Operation 42 'sext' 'sext_ln38_1' <Predicate = (!icmp_ln32)> <Delay = 0.00>
ST_2 : Operation 43 [1/1] (3.90ns)   --->   "%mul_ln38 = mul i79 %sext_ln38, i79 %sext_ln38_1" [fir_hw.cpp:38]   --->   Operation 43 'mul' 'mul_ln38' <Predicate = (!icmp_ln32)> <Delay = 3.90> <CoreInst = "Multiplier">   --->   Core 3 'Multiplier' <Latency = 0> <II = 1> <Delay = 3.90> <FuncUnit> <Opcode : 'mul'> <InPorts = 2> <OutPorts = 1>
ST_2 : Operation 44 [1/1] (0.00ns)   --->   "%shl_ln38_1 = bitconcatenate i79 @_ssdm_op_BitConcatenate.i79.i48.i31, i48 %acc_l_load, i31 0" [fir_hw.cpp:38]   --->   Operation 44 'bitconcatenate' 'shl_ln38_1' <Predicate = (!icmp_ln32)> <Delay = 0.00>
ST_2 : Operation 45 [1/1] (1.20ns)   --->   "%add_ln38 = add i79 %shl_ln38_1, i79 %mul_ln38" [fir_hw.cpp:38]   --->   Operation 45 'add' 'add_ln38' <Predicate = (!icmp_ln32)> <Delay = 1.20> <CoreInst = "Adder">   --->   Core 1 'Adder' <Latency = 0> <II = 1> <Delay = 1.20> <FuncUnit> <Opcode : 'add' 'sub'> <InPorts = 2> <OutPorts = 1>
ST_2 : Operation 46 [1/1] (0.00ns)   --->   "%acc_l_1 = partselect i48 @_ssdm_op_PartSelect.i48.i79.i32.i32, i79 %add_ln38, i32 31, i32 78" [fir_hw.cpp:38]   --->   Operation 46 'partselect' 'acc_l_1' <Predicate = (!icmp_ln32)> <Delay = 0.00>
ST_2 : Operation 47 [1/1] (0.00ns)   --->   "%trunc_ln1 = partselect i32 @_ssdm_op_PartSelect.i32.i79.i32.i32, i79 %add_ln38, i32 46, i32 77" [fir_hw.cpp:32]   --->   Operation 47 'partselect' 'trunc_ln1' <Predicate = (!icmp_ln32)> <Delay = 0.00>
ST_2 : Operation 48 [1/1] (0.42ns)   --->   "%store_ln29 = store i48 %acc_l_1, i48 %acc_l" [fir_hw.cpp:29]   --->   Operation 48 'store' 'store_ln29' <Predicate = (!icmp_ln32)> <Delay = 0.42>
ST_2 : Operation 49 [1/1] (0.42ns)   --->   "%store_ln32 = store i32 %trunc_ln1, i32 %out_data_data" [fir_hw.cpp:32]   --->   Operation 49 'store' 'store_ln32' <Predicate = (!icmp_ln32)> <Delay = 0.42>

State 3 <SV = 2> <Delay = 5.52>
ST_3 : Operation 50 [1/1] (0.00ns)   --->   "%acc_r_load = load i48 %acc_r" [fir_hw.cpp:39]   --->   Operation 50 'load' 'acc_r_load' <Predicate = true> <Delay = 0.00>
ST_3 : Operation 51 [1/1] (0.00ns)   --->   "%specpipeline_ln33 = specpipeline void @_ssdm_op_SpecPipeline, i32 2, i32 0, i32 0, i32 0, i32 4294967295, void @empty_8" [fir_hw.cpp:33]   --->   Operation 51 'specpipeline' 'specpipeline_ln33' <Predicate = true> <Delay = 0.00>
ST_3 : Operation 52 [1/1] (0.00ns)   --->   "%speclooptripcount_ln34 = speclooptripcount void @_ssdm_op_SpecLoopTripCount, i64 128, i64 512, i64 320" [fir_hw.cpp:34]   --->   Operation 52 'speclooptripcount' 'speclooptripcount_ln34' <Predicate = true> <Delay = 0.00>
ST_3 : Operation 53 [1/1] (0.00ns)   --->   "%specloopname_ln32 = specloopname void @_ssdm_op_SpecLoopName, void @empty_14" [fir_hw.cpp:32]   --->   Operation 53 'specloopname' 'specloopname_ln32' <Predicate = true> <Delay = 0.00>
ST_3 : Operation 54 [1/1] (0.00ns)   --->   "%shl_ln1 = bitconcatenate i47 @_ssdm_op_BitConcatenate.i47.i24.i23, i24 %sample_r, i23 0" [fir_hw.cpp:39]   --->   Operation 54 'bitconcatenate' 'shl_ln1' <Predicate = true> <Delay = 0.00>
ST_3 : Operation 55 [1/1] (0.00ns)   --->   "%sext_ln39 = sext i47 %shl_ln1" [fir_hw.cpp:39]   --->   Operation 55 'sext' 'sext_ln39' <Predicate = true> <Delay = 0.00>
ST_3 : Operation 56 [1/1] (3.90ns)   --->   "%mul_ln39 = mul i79 %sext_ln39, i79 %sext_ln38_1" [fir_hw.cpp:39]   --->   Operation 56 'mul' 'mul_ln39' <Predicate = true> <Delay = 3.90> <CoreInst = "Multiplier">   --->   Core 3 'Multiplier' <Latency = 0> <II = 1> <Delay = 3.90> <FuncUnit> <Opcode : 'mul'> <InPorts = 2> <OutPorts = 1>
ST_3 : Operation 57 [1/1] (0.00ns)   --->   "%shl_ln39_1 = bitconcatenate i79 @_ssdm_op_BitConcatenate.i79.i48.i31, i48 %acc_r_load, i31 0" [fir_hw.cpp:39]   --->   Operation 57 'bitconcatenate' 'shl_ln39_1' <Predicate = true> <Delay = 0.00>
ST_3 : Operation 58 [1/1] (1.20ns)   --->   "%add_ln39 = add i79 %shl_ln39_1, i79 %mul_ln39" [fir_hw.cpp:39]   --->   Operation 58 'add' 'add_ln39' <Predicate = true> <Delay = 1.20> <CoreInst = "Adder">   --->   Core 1 'Adder' <Latency = 0> <II = 1> <Delay = 1.20> <FuncUnit> <Opcode : 'add' 'sub'> <InPorts = 2> <OutPorts = 1>
ST_3 : Operation 59 [1/1] (0.00ns)   --->   "%acc_r_1 = partselect i48 @_ssdm_op_PartSelect.i48.i79.i32.i32, i79 %add_ln39, i32 31, i32 78" [fir_hw.cpp:39]   --->   Operation 59 'partselect' 'acc_r_1' <Predicate = true> <Delay = 0.00>
ST_3 : Operation 60 [1/1] (0.00ns)   --->   "%trunc_ln32_1 = partselect i32 @_ssdm_op_PartSelect.i32.i79.i32.i32, i79 %add_ln39, i32 46, i32 77" [fir_hw.cpp:32]   --->   Operation 60 'partselect' 'trunc_ln32_1' <Predicate = true> <Delay = 0.00>
ST_3 : Operation 61 [1/1] (0.42ns)   --->   "%store_ln30 = store i48 %acc_r_1, i48 %acc_r" [fir_hw.cpp:30]   --->   Operation 61 'store' 'store_ln30' <Predicate = true> <Delay = 0.42>
ST_3 : Operation 62 [1/1] (0.42ns)   --->   "%store_ln32 = store i32 %trunc_ln32_1, i32 %out_data_data_1" [fir_hw.cpp:32]   --->   Operation 62 'store' 'store_ln32' <Predicate = true> <Delay = 0.42>
ST_3 : Operation 63 [1/1] (0.00ns)   --->   "%br_ln32 = br void %for.body" [fir_hw.cpp:32]   --->   Operation 63 'br' 'br_ln32' <Predicate = true> <Delay = 0.00>


============================================================
+ Verbose Summary: Binding
============================================================
STG Binding: 
---------------- STG Properties BEGIN ----------------
- Is combinational: 0
- Is one-state seq: 0
- Is datapath-only: 0
- Is pipelined: 0
- Is top level: 0
Port [ Return ] is wired: 1; IO mode=ap_ctrl_hs:ce=0
Port [ add_ln32]:  wired=1; compound=0; hidden=0; nouse=0; global=0; static=0; extern=0; dir=0; type=0; pingpong=0; private_global=0; IO mode=ap_none:ce=0
Port [ write_idx_load]:  wired=1; compound=0; hidden=0; nouse=0; global=0; static=0; extern=0; dir=0; type=0; pingpong=0; private_global=0; IO mode=ap_none:ce=0
Port [ coeff_hw]:  wired=1; compound=1; hidden=0; nouse=0; global=0; static=0; extern=0; dir=0; type=1; pingpong=0; private_global=0; MemPort=[1]; IO mode=ap_memory:ce=0
Port [ out_data_data_out]:  wired=1; compound=0; hidden=0; nouse=0; global=0; static=0; extern=0; dir=1; type=0; pingpong=0; private_global=0; IO mode=ap_vld:ce=0
Port [ out_data_data_1_out]:  wired=1; compound=0; hidden=0; nouse=0; global=0; static=0; extern=0; dir=1; type=0; pingpong=0; private_global=0; IO mode=ap_vld:ce=0
Port [ buffer_left]:  wired=1; compound=1; hidden=0; nouse=0; global=1; static=1; extern=0; dir=0; type=1; pingpong=0; private_global=0; MemPort=[13]; IO mode=ap_memory:ce=0
Port [ buffer_right]:  wired=1; compound=1; hidden=0; nouse=0; global=1; static=1; extern=0; dir=0; type=1; pingpong=0; private_global=0; MemPort=[13]; IO mode=ap_memory:ce=0
---------------- STG Properties END ------------------

---------------- Datapath Model BEGIN ----------------

<LifeTime>
<method=bitvector/>
out_data_data_1        (alloca           ) [ 0111]
out_data_data          (alloca           ) [ 0110]
acc_l                  (alloca           ) [ 0110]
acc_r                  (alloca           ) [ 0111]
i                      (alloca           ) [ 0100]
specmemcore_ln0        (specmemcore      ) [ 0000]
specinterface_ln0      (specinterface    ) [ 0000]
write_idx_load_read    (read             ) [ 0000]
add_ln32_read          (read             ) [ 0000]
store_ln32             (store            ) [ 0000]
store_ln30             (store            ) [ 0000]
store_ln29             (store            ) [ 0000]
store_ln0              (store            ) [ 0000]
store_ln0              (store            ) [ 0000]
br_ln0                 (br               ) [ 0000]
i_1                    (load             ) [ 0000]
icmp_ln32              (icmp             ) [ 0110]
i_2                    (add              ) [ 0000]
br_ln32                (br               ) [ 0000]
zext_ln32              (zext             ) [ 0000]
trunc_ln35             (trunc            ) [ 0000]
read_idx               (sub              ) [ 0000]
zext_ln36              (zext             ) [ 0000]
buffer_left_addr       (getelementptr    ) [ 0010]
buffer_right_addr      (getelementptr    ) [ 0010]
coeff_hw_addr          (getelementptr    ) [ 0010]
store_ln32             (store            ) [ 0000]
acc_l_load             (load             ) [ 0000]
sample_l               (load             ) [ 0000]
sample_r               (load             ) [ 0101]
shl_ln                 (bitconcatenate   ) [ 0000]
sext_ln38              (sext             ) [ 0000]
coeff_hw_load          (load             ) [ 0000]
sext_ln38_1            (sext             ) [ 0101]
mul_ln38               (mul              ) [ 0000]
shl_ln38_1             (bitconcatenate   ) [ 0000]
add_ln38               (add              ) [ 0000]
acc_l_1                (partselect       ) [ 0000]
trunc_ln1              (partselect       ) [ 0000]
store_ln29             (store            ) [ 0000]
store_ln32             (store            ) [ 0000]
acc_r_load             (load             ) [ 0000]
specpipeline_ln33      (specpipeline     ) [ 0000]
speclooptripcount_ln34 (speclooptripcount) [ 0000]
specloopname_ln32      (specloopname     ) [ 0000]
shl_ln1                (bitconcatenate   ) [ 0000]
sext_ln39              (sext             ) [ 0000]
mul_ln39               (mul              ) [ 0000]
shl_ln39_1             (bitconcatenate   ) [ 0000]
add_ln39               (add              ) [ 0000]
acc_r_1                (partselect       ) [ 0000]
trunc_ln32_1           (partselect       ) [ 0000]
store_ln30             (store            ) [ 0000]
store_ln32             (store            ) [ 0000]
br_ln32                (br               ) [ 0000]
out_data_data_1_load   (load             ) [ 0000]
out_data_data_load     (load             ) [ 0000]
write_ln0              (write            ) [ 0000]
write_ln0              (write            ) [ 0000]
ret_ln0                (ret              ) [ 0000]
</LifeTime>

<model>

<comp_list>
<comp id="0" class="1000" name="add_ln32">
<pin_list>
<pin id="1" dir="1" index="0" bw="1" slack="0"/>
</pin_list>
<bind>
<StgValue><ssdm name="add_ln32"/></StgValue>
</bind>
</comp>

<comp id="2" class="1000" name="write_idx_load">
<pin_list>
<pin id="3" dir="1" index="0" bw="1" slack="0"/>
</pin_list>
<bind>
<StgValue><ssdm name="write_idx_load"/></StgValue>
</bind>
</comp>

<comp id="4" class="1000" name="coeff_hw">
<pin_list>
<pin id="5" dir="1" index="0" bw="1" slack="0"/>
</pin_list>
<bind>
<StgValue><ssdm name="coeff_hw"/><MemPortTyVec>1 </MemPortTyVec>
</StgValue>
</bind>
</comp>

<comp id="6" class="1000" name="out_data_data_out">
<pin_list>
<pin id="7" dir="1" index="0" bw="1" slack="0"/>
</pin_list>
<bind>
<StgValue><ssdm name="out_data_data_out"/></StgValue>
</bind>
</comp>

<comp id="8" class="1000" name="out_data_data_1_out">
<pin_list>
<pin id="9" dir="1" index="0" bw="1" slack="0"/>
</pin_list>
<bind>
<StgValue><ssdm name="out_data_data_1_out"/></StgValue>
</bind>
</comp>

<comp id="10" class="1000" name="buffer_left">
<pin_list>
<pin id="11" dir="1" index="0" bw="1" slack="0"/>
</pin_list>
<bind>
<StgValue><ssdm name="buffer_left"/><MemPortTyVec>1 3 </MemPortTyVec>
</StgValue>
</bind>
</comp>

<comp id="12" class="1000" name="buffer_right">
<pin_list>
<pin id="13" dir="1" index="0" bw="1" slack="0"/>
</pin_list>
<bind>
<StgValue><ssdm name="buffer_right"/><MemPortTyVec>1 3 </MemPortTyVec>
</StgValue>
</bind>
</comp>

<comp id="14" class="1001" name="const_14">
<pin_list>
<pin id="15" dir="1" index="0" bw="1" slack="0"/>
</pin_list>
<bind>
<StgValue><ssdm name=""/></StgValue>
</bind>
</comp>

<comp id="16" class="1001" name="const_16">
<pin_list>
<pin id="17" dir="1" index="0" bw="1" slack="2147483647"/>
</pin_list>
<bind>
<StgValue><ssdm name="_ssdm_op_SpecMemCore"/></StgValue>
</bind>
</comp>

<comp id="18" class="1001" name="const_18">
<pin_list>
<pin id="19" dir="1" index="0" bw="1" slack="2147483647"/>
</pin_list>
<bind>
<StgValue><ssdm name=""/></StgValue>
</bind>
</comp>

<comp id="20" class="1001" name="const_20">
<pin_list>
<pin id="21" dir="1" index="0" bw="1" slack="2147483647"/>
</pin_list>
<bind>
<StgValue><ssdm name=""/></StgValue>
</bind>
</comp>

<comp id="22" class="1001" name="const_22">
<pin_list>
<pin id="23" dir="1" index="0" bw="1" slack="2147483647"/>
</pin_list>
<bind>
<StgValue><ssdm name=""/></StgValue>
</bind>
</comp>

<comp id="24" class="1001" name="const_24">
<pin_list>
<pin id="25" dir="1" index="0" bw="1" slack="2147483647"/>
</pin_list>
<bind>
<StgValue><ssdm name=""/></StgValue>
</bind>
</comp>

<comp id="26" class="1001" name="const_26">
<pin_list>
<pin id="27" dir="1" index="0" bw="1" slack="2147483647"/>
</pin_list>
<bind>
<StgValue><ssdm name="_ssdm_op_SpecInterface"/></StgValue>
</bind>
</comp>

<comp id="28" class="1001" name="const_28">
<pin_list>
<pin id="29" dir="1" index="0" bw="1" slack="2147483647"/>
</pin_list>
<bind>
<StgValue><ssdm name="empty_1"/></StgValue>
</bind>
</comp>

<comp id="30" class="1001" name="const_30">
<pin_list>
<pin id="31" dir="1" index="0" bw="1" slack="0"/>
</pin_list>
<bind>
<StgValue><ssdm name=""/></StgValue>
</bind>
</comp>

<comp id="32" class="1001" name="const_32">
<pin_list>
<pin id="33" dir="1" index="0" bw="1" slack="2147483647"/>
</pin_list>
<bind>
<StgValue><ssdm name="empty_8"/></StgValue>
</bind>
</comp>

<comp id="34" class="1001" name="const_34">
<pin_list>
<pin id="35" dir="1" index="0" bw="1" slack="2147483647"/>
</pin_list>
<bind>
<StgValue><ssdm name=""/></StgValue>
</bind>
</comp>

<comp id="36" class="1001" name="const_36">
<pin_list>
<pin id="37" dir="1" index="0" bw="1" slack="0"/>
</pin_list>
<bind>
<StgValue><ssdm name="_ssdm_op_Read.ap_auto.i9"/></StgValue>
</bind>
</comp>

<comp id="38" class="1001" name="const_38">
<pin_list>
<pin id="39" dir="1" index="0" bw="1" slack="0"/>
</pin_list>
<bind>
<StgValue><ssdm name="_ssdm_op_Read.ap_auto.i10"/></StgValue>
</bind>
</comp>

<comp id="40" class="1001" name="const_40">
<pin_list>
<pin id="41" dir="1" index="0" bw="1" slack="0"/>
</pin_list>
<bind>
<StgValue><ssdm name=""/></StgValue>
</bind>
</comp>

<comp id="42" class="1001" name="const_42">
<pin_list>
<pin id="43" dir="1" index="0" bw="1" slack="0"/>
</pin_list>
<bind>
<StgValue><ssdm name=""/></StgValue>
</bind>
</comp>

<comp id="44" class="1001" name="const_44">
<pin_list>
<pin id="45" dir="1" index="0" bw="1" slack="0"/>
</pin_list>
<bind>
<StgValue><ssdm name=""/></StgValue>
</bind>
</comp>

<comp id="46" class="1001" name="const_46">
<pin_list>
<pin id="47" dir="1" index="0" bw="1" slack="0"/>
</pin_list>
<bind>
<StgValue><ssdm name=""/></StgValue>
</bind>
</comp>

<comp id="48" class="1001" name="const_48">
<pin_list>
<pin id="49" dir="1" index="0" bw="1" slack="0"/>
</pin_list>
<bind>
<StgValue><ssdm name="_ssdm_op_BitConcatenate.i47.i24.i23"/></StgValue>
</bind>
</comp>

<comp id="50" class="1001" name="const_50">
<pin_list>
<pin id="51" dir="1" index="0" bw="1" slack="0"/>
</pin_list>
<bind>
<StgValue><ssdm name=""/></StgValue>
</bind>
</comp>

<comp id="52" class="1001" name="const_52">
<pin_list>
<pin id="53" dir="1" index="0" bw="1" slack="0"/>
</pin_list>
<bind>
<StgValue><ssdm name="_ssdm_op_BitConcatenate.i79.i48.i31"/></StgValue>
</bind>
</comp>

<comp id="54" class="1001" name="const_54">
<pin_list>
<pin id="55" dir="1" index="0" bw="1" slack="0"/>
</pin_list>
<bind>
<StgValue><ssdm name=""/></StgValue>
</bind>
</comp>

<comp id="56" class="1001" name="const_56">
<pin_list>
<pin id="57" dir="1" index="0" bw="1" slack="0"/>
</pin_list>
<bind>
<StgValue><ssdm name="_ssdm_op_PartSelect.i48.i79.i32.i32"/></StgValue>
</bind>
</comp>

<comp id="58" class="1001" name="const_58">
<pin_list>
<pin id="59" dir="1" index="0" bw="1" slack="0"/>
</pin_list>
<bind>
<StgValue><ssdm name=""/></StgValue>
</bind>
</comp>

<comp id="60" class="1001" name="const_60">
<pin_list>
<pin id="61" dir="1" index="0" bw="1" slack="0"/>
</pin_list>
<bind>
<StgValue><ssdm name=""/></StgValue>
</bind>
</comp>

<comp id="62" class="1001" name="const_62">
<pin_list>
<pin id="63" dir="1" index="0" bw="1" slack="0"/>
</pin_list>
<bind>
<StgValue><ssdm name="_ssdm_op_PartSelect.i32.i79.i32.i32"/></StgValue>
</bind>
</comp>

<comp id="64" class="1001" name="const_64">
<pin_list>
<pin id="65" dir="1" index="0" bw="1" slack="0"/>
</pin_list>
<bind>
<StgValue><ssdm name=""/></StgValue>
</bind>
</comp>

<comp id="66" class="1001" name="const_66">
<pin_list>
<pin id="67" dir="1" index="0" bw="1" slack="0"/>
</pin_list>
<bind>
<StgValue><ssdm name=""/></StgValue>
</bind>
</comp>

<comp id="68" class="1001" name="const_68">
<pin_list>
<pin id="69" dir="1" index="0" bw="1" slack="2147483647"/>
</pin_list>
<bind>
<StgValue><ssdm name="_ssdm_op_SpecPipeline"/></StgValue>
</bind>
</comp>

<comp id="70" class="1001" name="const_70">
<pin_list>
<pin id="71" dir="1" index="0" bw="1" slack="2147483647"/>
</pin_list>
<bind>
<StgValue><ssdm name=""/></StgValue>
</bind>
</comp>

<comp id="72" class="1001" name="const_72">
<pin_list>
<pin id="73" dir="1" index="0" bw="1" slack="2147483647"/>
</pin_list>
<bind>
<StgValue><ssdm name="_ssdm_op_SpecLoopTripCount"/></StgValue>
</bind>
</comp>

<comp id="74" class="1001" name="const_74">
<pin_list>
<pin id="75" dir="1" index="0" bw="1" slack="2147483647"/>
</pin_list>
<bind>
<StgValue><ssdm name=""/></StgValue>
</bind>
</comp>

<comp id="76" class="1001" name="const_76">
<pin_list>
<pin id="77" dir="1" index="0" bw="1" slack="2147483647"/>
</pin_list>
<bind>
<StgValue><ssdm name=""/></StgValue>
</bind>
</comp>

<comp id="78" class="1001" name="const_78">
<pin_list>
<pin id="79" dir="1" index="0" bw="1" slack="2147483647"/>
</pin_list>
<bind>
<StgValue><ssdm name=""/></StgValue>
</bind>
</comp>

<comp id="80" class="1001" name="const_80">
<pin_list>
<pin id="81" dir="1" index="0" bw="1" slack="2147483647"/>
</pin_list>
<bind>
<StgValue><ssdm name="_ssdm_op_SpecLoopName"/></StgValue>
</bind>
</comp>

<comp id="82" class="1001" name="const_82">
<pin_list>
<pin id="83" dir="1" index="0" bw="1" slack="2147483647"/>
</pin_list>
<bind>
<StgValue><ssdm name="empty_14"/></StgValue>
</bind>
</comp>

<comp id="84" class="1001" name="const_84">
<pin_list>
<pin id="85" dir="1" index="0" bw="1" slack="0"/>
</pin_list>
<bind>
<StgValue><ssdm name="_ssdm_op_Write.ap_auto.i32P0A"/></StgValue>
</bind>
</comp>

<comp id="86" class="1004" name="out_data_data_1_fu_86">
<pin_list>
<pin id="87" dir="0" index="0" bw="1" slack="0"/>
<pin id="88" dir="1" index="1" bw="32" slack="0"/>
</pin_list>
<bind>
<opcode="alloca(26) " fcode="alloca"/>
<opset="out_data_data_1/1 "/>
</bind>
</comp>

<comp id="90" class="1004" name="out_data_data_fu_90">
<pin_list>
<pin id="91" dir="0" index="0" bw="1" slack="0"/>
<pin id="92" dir="1" index="1" bw="32" slack="0"/>
</pin_list>
<bind>
<opcode="alloca(26) " fcode="alloca"/>
<opset="out_data_data/1 "/>
</bind>
</comp>

<comp id="94" class="1004" name="acc_l_fu_94">
<pin_list>
<pin id="95" dir="0" index="0" bw="1" slack="0"/>
<pin id="96" dir="1" index="1" bw="48" slack="0"/>
</pin_list>
<bind>
<opcode="alloca(26) " fcode="alloca"/>
<opset="acc_l/1 "/>
</bind>
</comp>

<comp id="98" class="1004" name="acc_r_fu_98">
<pin_list>
<pin id="99" dir="0" index="0" bw="1" slack="0"/>
<pin id="100" dir="1" index="1" bw="48" slack="0"/>
</pin_list>
<bind>
<opcode="alloca(26) " fcode="alloca"/>
<opset="acc_r/1 "/>
</bind>
</comp>

<comp id="102" class="1004" name="i_fu_102">
<pin_list>
<pin id="103" dir="0" index="0" bw="1" slack="0"/>
<pin id="104" dir="1" index="1" bw="10" slack="0"/>
</pin_list>
<bind>
<opcode="alloca(26) " fcode="alloca"/>
<opset="i/1 "/>
</bind>
</comp>

<comp id="106" class="1004" name="write_idx_load_read_read_fu_106">
<pin_list>
<pin id="107" dir="0" index="0" bw="9" slack="0"/>
<pin id="108" dir="0" index="1" bw="9" slack="0"/>
<pin id="109" dir="1" index="2" bw="9" slack="0"/>
</pin_list>
<bind>
<opcode="read(1150) " fcode="read"/>
<opset="write_idx_load_read/1 "/>
</bind>
</comp>

<comp id="112" class="1004" name="add_ln32_read_read_fu_112">
<pin_list>
<pin id="113" dir="0" index="0" bw="10" slack="0"/>
<pin id="114" dir="0" index="1" bw="10" slack="0"/>
<pin id="115" dir="1" index="2" bw="10" slack="0"/>
</pin_list>
<bind>
<opcode="read(1150) " fcode="read"/>
<opset="add_ln32_read/1 "/>
</bind>
</comp>

<comp id="118" class="1004" name="write_ln0_write_fu_118">
<pin_list>
<pin id="119" dir="0" index="0" bw="0" slack="0"/>
<pin id="120" dir="0" index="1" bw="32" slack="0"/>
<pin id="121" dir="0" index="2" bw="32" slack="0"/>
<pin id="122" dir="1" index="3" bw="0" slack="2147483647"/>
</pin_list>
<bind>
<opcode="write(1151) " fcode="write"/>
<opset="write_ln0/1 "/>
</bind>
</comp>

<comp id="125" class="1004" name="write_ln0_write_fu_125">
<pin_list>
<pin id="126" dir="0" index="0" bw="0" slack="0"/>
<pin id="127" dir="0" index="1" bw="32" slack="0"/>
<pin id="128" dir="0" index="2" bw="32" slack="0"/>
<pin id="129" dir="1" index="3" bw="0" slack="2147483647"/>
</pin_list>
<bind>
<opcode="write(1151) " fcode="write"/>
<opset="write_ln0/1 "/>
</bind>
</comp>

<comp id="132" class="1004" name="buffer_left_addr_gep_fu_132">
<pin_list>
<pin id="133" dir="0" index="0" bw="24" slack="0"/>
<pin id="134" dir="0" index="1" bw="1" slack="0"/>
<pin id="135" dir="0" index="2" bw="9" slack="0"/>
<pin id="136" dir="1" index="3" bw="9" slack="0"/>
</pin_list>
<bind>
<opcode="getelementptr(29) " fcode="getelementptr"/>
<opset="buffer_left_addr/1 "/>
</bind>
</comp>

<comp id="139" class="1004" name="grp_access_fu_139">
<pin_list>
<pin id="140" dir="0" index="0" bw="9" slack="0"/>
<pin id="141" dir="0" index="1" bw="24" slack="2147483647"/>
<pin id="142" dir="0" index="2" bw="0" slack="2147483647"/>
<pin id="143" dir="1" index="3" bw="24" slack="0"/>
</pin_list>
<bind>
<opcode="load(27) " fcode="load"/>
<opset="sample_l/1 "/>
</bind>
</comp>

<comp id="145" class="1004" name="buffer_right_addr_gep_fu_145">
<pin_list>
<pin id="146" dir="0" index="0" bw="24" slack="0"/>
<pin id="147" dir="0" index="1" bw="1" slack="0"/>
<pin id="148" dir="0" index="2" bw="9" slack="0"/>
<pin id="149" dir="1" index="3" bw="9" slack="0"/>
</pin_list>
<bind>
<opcode="getelementptr(29) " fcode="getelementptr"/>
<opset="buffer_right_addr/1 "/>
</bind>
</comp>

<comp id="152" class="1004" name="grp_access_fu_152">
<pin_list>
<pin id="153" dir="0" index="0" bw="9" slack="0"/>
<pin id="154" dir="0" index="1" bw="24" slack="2147483647"/>
<pin id="155" dir="0" index="2" bw="0" slack="2147483647"/>
<pin id="156" dir="1" index="3" bw="24" slack="1"/>
</pin_list>
<bind>
<opcode="load(27) " fcode="load"/>
<opset="sample_r/1 "/>
</bind>
</comp>

<comp id="158" class="1004" name="coeff_hw_addr_gep_fu_158">
<pin_list>
<pin id="159" dir="0" index="0" bw="32" slack="0"/>
<pin id="160" dir="0" index="1" bw="1" slack="0"/>
<pin id="161" dir="0" index="2" bw="10" slack="0"/>
<pin id="162" dir="1" index="3" bw="9" slack="0"/>
</pin_list>
<bind>
<opcode="getelementptr(29) " fcode="getelementptr"/>
<opset="coeff_hw_addr/1 "/>
</bind>
</comp>

<comp id="165" class="1004" name="grp_access_fu_165">
<pin_list>
<pin id="166" dir="0" index="0" bw="9" slack="0"/>
<pin id="167" dir="0" index="1" bw="32" slack="2147483647"/>
<pin id="168" dir="0" index="2" bw="0" slack="2147483647"/>
<pin id="169" dir="1" index="3" bw="32" slack="0"/>
</pin_list>
<bind>
<opcode="load(27) " fcode="load"/>
<opset="coeff_hw_load/1 "/>
</bind>
</comp>

<comp id="171" class="1004" name="grp_fu_171">
<pin_list>
<pin id="172" dir="0" index="0" bw="47" slack="0"/>
<pin id="173" dir="0" index="1" bw="32" slack="0"/>
<pin id="174" dir="1" index="2" bw="79" slack="0"/>
</pin_list>
<bind>
<opcode="mul(12) " fcode="mul"/>
<opset="mul_ln38/2 mul_ln39/3 "/>
</bind>
</comp>

<comp id="175" class="1004" name="store_ln32_store_fu_175">
<pin_list>
<pin id="176" dir="0" index="0" bw="1" slack="0"/>
<pin id="177" dir="0" index="1" bw="10" slack="0"/>
<pin id="178" dir="1" index="2" bw="0" slack="2147483647"/>
</pin_list>
<bind>
<opcode="store(28) " fcode="store"/>
<opset="store_ln32/1 "/>
</bind>
</comp>

<comp id="180" class="1004" name="store_ln30_store_fu_180">
<pin_list>
<pin id="181" dir="0" index="0" bw="1" slack="0"/>
<pin id="182" dir="0" index="1" bw="48" slack="0"/>
<pin id="183" dir="1" index="2" bw="0" slack="2147483647"/>
</pin_list>
<bind>
<opcode="store(28) " fcode="store"/>
<opset="store_ln30/1 "/>
</bind>
</comp>

<comp id="185" class="1004" name="store_ln29_store_fu_185">
<pin_list>
<pin id="186" dir="0" index="0" bw="1" slack="0"/>
<pin id="187" dir="0" index="1" bw="48" slack="0"/>
<pin id="188" dir="1" index="2" bw="0" slack="2147483647"/>
</pin_list>
<bind>
<opcode="store(28) " fcode="store"/>
<opset="store_ln29/1 "/>
</bind>
</comp>

<comp id="190" class="1004" name="store_ln0_store_fu_190">
<pin_list>
<pin id="191" dir="0" index="0" bw="1" slack="0"/>
<pin id="192" dir="0" index="1" bw="32" slack="0"/>
<pin id="193" dir="1" index="2" bw="0" slack="2147483647"/>
</pin_list>
<bind>
<opcode="store(28) " fcode="store"/>
<opset="store_ln0/1 "/>
</bind>
</comp>

<comp id="195" class="1004" name="store_ln0_store_fu_195">
<pin_list>
<pin id="196" dir="0" index="0" bw="1" slack="0"/>
<pin id="197" dir="0" index="1" bw="32" slack="0"/>
<pin id="198" dir="1" index="2" bw="0" slack="2147483647"/>
</pin_list>
<bind>
<opcode="store(28) " fcode="store"/>
<opset="store_ln0/1 "/>
</bind>
</comp>

<comp id="200" class="1004" name="i_1_load_fu_200">
<pin_list>
<pin id="201" dir="0" index="0" bw="10" slack="0"/>
<pin id="202" dir="1" index="1" bw="10" slack="0"/>
</pin_list>
<bind>
<opcode="load(27) " fcode="load"/>
<opset="i_1/1 "/>
</bind>
</comp>

<comp id="203" class="1004" name="icmp_ln32_fu_203">
<pin_list>
<pin id="204" dir="0" index="0" bw="10" slack="0"/>
<pin id="205" dir="0" index="1" bw="10" slack="0"/>
<pin id="206" dir="1" index="2" bw="1" slack="1"/>
</pin_list>
<bind>
<opcode="icmp(45) " fcode="icmp"/>
<opset="icmp_ln32/1 "/>
</bind>
</comp>

<comp id="209" class="1004" name="i_2_fu_209">
<pin_list>
<pin id="210" dir="0" index="0" bw="10" slack="0"/>
<pin id="211" dir="0" index="1" bw="1" slack="0"/>
<pin id="212" dir="1" index="2" bw="10" slack="0"/>
</pin_list>
<bind>
<opcode="add(8) " fcode="add"/>
<opset="i_2/1 "/>
</bind>
</comp>

<comp id="215" class="1004" name="zext_ln32_fu_215">
<pin_list>
<pin id="216" dir="0" index="0" bw="10" slack="0"/>
<pin id="217" dir="1" index="1" bw="64" slack="0"/>
</pin_list>
<bind>
<opcode="zext(34) " fcode="zext"/>
<opset="zext_ln32/1 "/>
</bind>
</comp>

<comp id="220" class="1004" name="trunc_ln35_fu_220">
<pin_list>
<pin id="221" dir="0" index="0" bw="10" slack="0"/>
<pin id="222" dir="1" index="1" bw="9" slack="0"/>
</pin_list>
<bind>
<opcode="trunc(33) " fcode="trunc"/>
<opset="trunc_ln35/1 "/>
</bind>
</comp>

<comp id="224" class="1004" name="read_idx_fu_224">
<pin_list>
<pin id="225" dir="0" index="0" bw="9" slack="0"/>
<pin id="226" dir="0" index="1" bw="9" slack="0"/>
<pin id="227" dir="1" index="2" bw="9" slack="0"/>
</pin_list>
<bind>
<opcode="sub(10) " fcode="sub"/>
<opset="read_idx/1 "/>
</bind>
</comp>

<comp id="230" class="1004" name="zext_ln36_fu_230">
<pin_list>
<pin id="231" dir="0" index="0" bw="9" slack="0"/>
<pin id="232" dir="1" index="1" bw="64" slack="0"/>
</pin_list>
<bind>
<opcode="zext(34) " fcode="zext"/>
<opset="zext_ln36/1 "/>
</bind>
</comp>

<comp id="236" class="1004" name="store_ln32_store_fu_236">
<pin_list>
<pin id="237" dir="0" index="0" bw="10" slack="0"/>
<pin id="238" dir="0" index="1" bw="10" slack="0"/>
<pin id="239" dir="1" index="2" bw="0" slack="2147483647"/>
</pin_list>
<bind>
<opcode="store(28) " fcode="store"/>
<opset="store_ln32/1 "/>
</bind>
</comp>

<comp id="241" class="1004" name="acc_l_load_load_fu_241">
<pin_list>
<pin id="242" dir="0" index="0" bw="48" slack="1"/>
<pin id="243" dir="1" index="1" bw="48" slack="0"/>
</pin_list>
<bind>
<opcode="load(27) " fcode="load"/>
<opset="acc_l_load/2 "/>
</bind>
</comp>

<comp id="244" class="1004" name="shl_ln_fu_244">
<pin_list>
<pin id="245" dir="0" index="0" bw="47" slack="0"/>
<pin id="246" dir="0" index="1" bw="24" slack="0"/>
<pin id="247" dir="0" index="2" bw="1" slack="0"/>
<pin id="248" dir="1" index="3" bw="47" slack="0"/>
</pin_list>
<bind>
<opcode="bitconcatenate(1004) " fcode="bitconcatenate"/>
<opset="shl_ln/2 "/>
</bind>
</comp>

<comp id="252" class="1004" name="sext_ln38_fu_252">
<pin_list>
<pin id="253" dir="0" index="0" bw="47" slack="0"/>
<pin id="254" dir="1" index="1" bw="79" slack="0"/>
</pin_list>
<bind>
<opcode="sext(35) " fcode="sext"/>
<opset="sext_ln38/2 "/>
</bind>
</comp>

<comp id="257" class="1004" name="sext_ln38_1_fu_257">
<pin_list>
<pin id="258" dir="0" index="0" bw="32" slack="0"/>
<pin id="259" dir="1" index="1" bw="79" slack="0"/>
</pin_list>
<bind>
<opcode="sext(35) " fcode="sext"/>
<opset="sext_ln38_1/2 "/>
</bind>
</comp>

<comp id="262" class="1004" name="shl_ln38_1_fu_262">
<pin_list>
<pin id="263" dir="0" index="0" bw="79" slack="0"/>
<pin id="264" dir="0" index="1" bw="48" slack="0"/>
<pin id="265" dir="0" index="2" bw="1" slack="0"/>
<pin id="266" dir="1" index="3" bw="79" slack="0"/>
</pin_list>
<bind>
<opcode="bitconcatenate(1004) " fcode="bitconcatenate"/>
<opset="shl_ln38_1/2 "/>
</bind>
</comp>

<comp id="270" class="1004" name="add_ln38_fu_270">
<pin_list>
<pin id="271" dir="0" index="0" bw="79" slack="0"/>
<pin id="272" dir="0" index="1" bw="79" slack="0"/>
<pin id="273" dir="1" index="2" bw="79" slack="0"/>
</pin_list>
<bind>
<opcode="add(8) " fcode="add"/>
<opset="add_ln38/2 "/>
</bind>
</comp>

<comp id="276" class="1004" name="acc_l_1_fu_276">
<pin_list>
<pin id="277" dir="0" index="0" bw="48" slack="0"/>
<pin id="278" dir="0" index="1" bw="79" slack="0"/>
<pin id="279" dir="0" index="2" bw="6" slack="0"/>
<pin id="280" dir="0" index="3" bw="8" slack="0"/>
<pin id="281" dir="1" index="4" bw="48" slack="0"/>
</pin_list>
<bind>
<opcode="partselect(1002) " fcode="partselect"/>
<opset="acc_l_1/2 "/>
</bind>
</comp>

<comp id="286" class="1004" name="trunc_ln1_fu_286">
<pin_list>
<pin id="287" dir="0" index="0" bw="32" slack="0"/>
<pin id="288" dir="0" index="1" bw="79" slack="0"/>
<pin id="289" dir="0" index="2" bw="7" slack="0"/>
<pin id="290" dir="0" index="3" bw="8" slack="0"/>
<pin id="291" dir="1" index="4" bw="32" slack="0"/>
</pin_list>
<bind>
<opcode="partselect(1002) " fcode="partselect"/>
<opset="trunc_ln1/2 "/>
</bind>
</comp>

<comp id="296" class="1004" name="store_ln29_store_fu_296">
<pin_list>
<pin id="297" dir="0" index="0" bw="48" slack="0"/>
<pin id="298" dir="0" index="1" bw="48" slack="1"/>
<pin id="299" dir="1" index="2" bw="0" slack="2147483647"/>
</pin_list>
<bind>
<opcode="store(28) " fcode="store"/>
<opset="store_ln29/2 "/>
</bind>
</comp>

<comp id="301" class="1004" name="store_ln32_store_fu_301">
<pin_list>
<pin id="302" dir="0" index="0" bw="32" slack="0"/>
<pin id="303" dir="0" index="1" bw="32" slack="1"/>
<pin id="304" dir="1" index="2" bw="0" slack="2147483647"/>
</pin_list>
<bind>
<opcode="store(28) " fcode="store"/>
<opset="store_ln32/2 "/>
</bind>
</comp>

<comp id="306" class="1004" name="acc_r_load_load_fu_306">
<pin_list>
<pin id="307" dir="0" index="0" bw="48" slack="2"/>
<pin id="308" dir="1" index="1" bw="48" slack="0"/>
</pin_list>
<bind>
<opcode="load(27) " fcode="load"/>
<opset="acc_r_load/3 "/>
</bind>
</comp>

<comp id="309" class="1004" name="shl_ln1_fu_309">
<pin_list>
<pin id="310" dir="0" index="0" bw="47" slack="0"/>
<pin id="311" dir="0" index="1" bw="24" slack="1"/>
<pin id="312" dir="0" index="2" bw="1" slack="0"/>
<pin id="313" dir="1" index="3" bw="47" slack="0"/>
</pin_list>
<bind>
<opcode="bitconcatenate(1004) " fcode="bitconcatenate"/>
<opset="shl_ln1/3 "/>
</bind>
</comp>

<comp id="316" class="1004" name="sext_ln39_fu_316">
<pin_list>
<pin id="317" dir="0" index="0" bw="47" slack="0"/>
<pin id="318" dir="1" index="1" bw="79" slack="0"/>
</pin_list>
<bind>
<opcode="sext(35) " fcode="sext"/>
<opset="sext_ln39/3 "/>
</bind>
</comp>

<comp id="321" class="1004" name="shl_ln39_1_fu_321">
<pin_list>
<pin id="322" dir="0" index="0" bw="79" slack="0"/>
<pin id="323" dir="0" index="1" bw="48" slack="0"/>
<pin id="324" dir="0" index="2" bw="1" slack="0"/>
<pin id="325" dir="1" index="3" bw="79" slack="0"/>
</pin_list>
<bind>
<opcode="bitconcatenate(1004) " fcode="bitconcatenate"/>
<opset="shl_ln39_1/3 "/>
</bind>
</comp>

<comp id="329" class="1004" name="add_ln39_fu_329">
<pin_list>
<pin id="330" dir="0" index="0" bw="79" slack="0"/>
<pin id="331" dir="0" index="1" bw="79" slack="0"/>
<pin id="332" dir="1" index="2" bw="79" slack="0"/>
</pin_list>
<bind>
<opcode="add(8) " fcode="add"/>
<opset="add_ln39/3 "/>
</bind>
</comp>

<comp id="335" class="1004" name="acc_r_1_fu_335">
<pin_list>
<pin id="336" dir="0" index="0" bw="48" slack="0"/>
<pin id="337" dir="0" index="1" bw="79" slack="0"/>
<pin id="338" dir="0" index="2" bw="6" slack="0"/>
<pin id="339" dir="0" index="3" bw="8" slack="0"/>
<pin id="340" dir="1" index="4" bw="48" slack="0"/>
</pin_list>
<bind>
<opcode="partselect(1002) " fcode="partselect"/>
<opset="acc_r_1/3 "/>
</bind>
</comp>

<comp id="345" class="1004" name="trunc_ln32_1_fu_345">
<pin_list>
<pin id="346" dir="0" index="0" bw="32" slack="0"/>
<pin id="347" dir="0" index="1" bw="79" slack="0"/>
<pin id="348" dir="0" index="2" bw="7" slack="0"/>
<pin id="349" dir="0" index="3" bw="8" slack="0"/>
<pin id="350" dir="1" index="4" bw="32" slack="0"/>
</pin_list>
<bind>
<opcode="partselect(1002) " fcode="partselect"/>
<opset="trunc_ln32_1/3 "/>
</bind>
</comp>

<comp id="355" class="1004" name="store_ln30_store_fu_355">
<pin_list>
<pin id="356" dir="0" index="0" bw="48" slack="0"/>
<pin id="357" dir="0" index="1" bw="48" slack="2"/>
<pin id="358" dir="1" index="2" bw="0" slack="2147483647"/>
</pin_list>
<bind>
<opcode="store(28) " fcode="store"/>
<opset="store_ln30/3 "/>
</bind>
</comp>

<comp id="360" class="1004" name="store_ln32_store_fu_360">
<pin_list>
<pin id="361" dir="0" index="0" bw="32" slack="0"/>
<pin id="362" dir="0" index="1" bw="32" slack="2"/>
<pin id="363" dir="1" index="2" bw="0" slack="2147483647"/>
</pin_list>
<bind>
<opcode="store(28) " fcode="store"/>
<opset="store_ln32/3 "/>
</bind>
</comp>

<comp id="365" class="1004" name="out_data_data_1_load_load_fu_365">
<pin_list>
<pin id="366" dir="0" index="0" bw="32" slack="0"/>
<pin id="367" dir="1" index="1" bw="32" slack="0"/>
</pin_list>
<bind>
<opcode="load(27) " fcode="load"/>
<opset="out_data_data_1_load/1 "/>
</bind>
</comp>

<comp id="369" class="1004" name="out_data_data_load_load_fu_369">
<pin_list>
<pin id="370" dir="0" index="0" bw="32" slack="0"/>
<pin id="371" dir="1" index="1" bw="32" slack="0"/>
</pin_list>
<bind>
<opcode="load(27) " fcode="load"/>
<opset="out_data_data_load/1 "/>
</bind>
</comp>

<comp id="373" class="1005" name="out_data_data_1_reg_373">
<pin_list>
<pin id="374" dir="0" index="0" bw="32" slack="0"/>
<pin id="375" dir="1" index="1" bw="32" slack="0"/>
</pin_list>
<bind>
<opset="out_data_data_1 "/>
</bind>
</comp>

<comp id="380" class="1005" name="out_data_data_reg_380">
<pin_list>
<pin id="381" dir="0" index="0" bw="32" slack="0"/>
<pin id="382" dir="1" index="1" bw="32" slack="0"/>
</pin_list>
<bind>
<opset="out_data_data "/>
</bind>
</comp>

<comp id="387" class="1005" name="acc_l_reg_387">
<pin_list>
<pin id="388" dir="0" index="0" bw="48" slack="0"/>
<pin id="389" dir="1" index="1" bw="48" slack="0"/>
</pin_list>
<bind>
<opset="acc_l "/>
</bind>
</comp>

<comp id="394" class="1005" name="acc_r_reg_394">
<pin_list>
<pin id="395" dir="0" index="0" bw="48" slack="0"/>
<pin id="396" dir="1" index="1" bw="48" slack="0"/>
</pin_list>
<bind>
<opset="acc_r "/>
</bind>
</comp>

<comp id="401" class="1005" name="i_reg_401">
<pin_list>
<pin id="402" dir="0" index="0" bw="10" slack="0"/>
<pin id="403" dir="1" index="1" bw="10" slack="0"/>
</pin_list>
<bind>
<opset="i "/>
</bind>
</comp>

<comp id="408" class="1005" name="icmp_ln32_reg_408">
<pin_list>
<pin id="409" dir="0" index="0" bw="1" slack="1"/>
<pin id="410" dir="1" index="1" bw="1" slack="2147483647"/>
</pin_list>
<bind>
<opset="icmp_ln32 "/>
</bind>
</comp>

<comp id="412" class="1005" name="buffer_left_addr_reg_412">
<pin_list>
<pin id="413" dir="0" index="0" bw="9" slack="1"/>
<pin id="414" dir="1" index="1" bw="9" slack="1"/>
</pin_list>
<bind>
<opset="buffer_left_addr "/>
</bind>
</comp>

<comp id="417" class="1005" name="buffer_right_addr_reg_417">
<pin_list>
<pin id="418" dir="0" index="0" bw="9" slack="1"/>
<pin id="419" dir="1" index="1" bw="9" slack="1"/>
</pin_list>
<bind>
<opset="buffer_right_addr "/>
</bind>
</comp>

<comp id="422" class="1005" name="coeff_hw_addr_reg_422">
<pin_list>
<pin id="423" dir="0" index="0" bw="9" slack="1"/>
<pin id="424" dir="1" index="1" bw="9" slack="1"/>
</pin_list>
<bind>
<opset="coeff_hw_addr "/>
</bind>
</comp>

<comp id="427" class="1005" name="sample_r_reg_427">
<pin_list>
<pin id="428" dir="0" index="0" bw="24" slack="1"/>
<pin id="429" dir="1" index="1" bw="24" slack="1"/>
</pin_list>
<bind>
<opset="sample_r "/>
</bind>
</comp>

<comp id="432" class="1005" name="sext_ln38_1_reg_432">
<pin_list>
<pin id="433" dir="0" index="0" bw="79" slack="1"/>
<pin id="434" dir="1" index="1" bw="79" slack="1"/>
</pin_list>
<bind>
<opset="sext_ln38_1 "/>
</bind>
</comp>

</comp_list>

<net_list>
<net id="89"><net_src comp="14" pin="0"/><net_sink comp="86" pin=0"/></net>

<net id="93"><net_src comp="14" pin="0"/><net_sink comp="90" pin=0"/></net>

<net id="97"><net_src comp="14" pin="0"/><net_sink comp="94" pin=0"/></net>

<net id="101"><net_src comp="14" pin="0"/><net_sink comp="98" pin=0"/></net>

<net id="105"><net_src comp="14" pin="0"/><net_sink comp="102" pin=0"/></net>

<net id="110"><net_src comp="36" pin="0"/><net_sink comp="106" pin=0"/></net>

<net id="111"><net_src comp="2" pin="0"/><net_sink comp="106" pin=1"/></net>

<net id="116"><net_src comp="38" pin="0"/><net_sink comp="112" pin=0"/></net>

<net id="117"><net_src comp="0" pin="0"/><net_sink comp="112" pin=1"/></net>

<net id="123"><net_src comp="84" pin="0"/><net_sink comp="118" pin=0"/></net>

<net id="124"><net_src comp="6" pin="0"/><net_sink comp="118" pin=1"/></net>

<net id="130"><net_src comp="84" pin="0"/><net_sink comp="125" pin=0"/></net>

<net id="131"><net_src comp="8" pin="0"/><net_sink comp="125" pin=1"/></net>

<net id="137"><net_src comp="10" pin="0"/><net_sink comp="132" pin=0"/></net>

<net id="138"><net_src comp="46" pin="0"/><net_sink comp="132" pin=1"/></net>

<net id="144"><net_src comp="132" pin="3"/><net_sink comp="139" pin=0"/></net>

<net id="150"><net_src comp="12" pin="0"/><net_sink comp="145" pin=0"/></net>

<net id="151"><net_src comp="46" pin="0"/><net_sink comp="145" pin=1"/></net>

<net id="157"><net_src comp="145" pin="3"/><net_sink comp="152" pin=0"/></net>

<net id="163"><net_src comp="4" pin="0"/><net_sink comp="158" pin=0"/></net>

<net id="164"><net_src comp="46" pin="0"/><net_sink comp="158" pin=1"/></net>

<net id="170"><net_src comp="158" pin="3"/><net_sink comp="165" pin=0"/></net>

<net id="179"><net_src comp="40" pin="0"/><net_sink comp="175" pin=0"/></net>

<net id="184"><net_src comp="42" pin="0"/><net_sink comp="180" pin=0"/></net>

<net id="189"><net_src comp="42" pin="0"/><net_sink comp="185" pin=0"/></net>

<net id="194"><net_src comp="30" pin="0"/><net_sink comp="190" pin=0"/></net>

<net id="199"><net_src comp="30" pin="0"/><net_sink comp="195" pin=0"/></net>

<net id="207"><net_src comp="200" pin="1"/><net_sink comp="203" pin=0"/></net>

<net id="208"><net_src comp="112" pin="2"/><net_sink comp="203" pin=1"/></net>

<net id="213"><net_src comp="200" pin="1"/><net_sink comp="209" pin=0"/></net>

<net id="214"><net_src comp="44" pin="0"/><net_sink comp="209" pin=1"/></net>

<net id="218"><net_src comp="200" pin="1"/><net_sink comp="215" pin=0"/></net>

<net id="219"><net_src comp="215" pin="1"/><net_sink comp="158" pin=2"/></net>

<net id="223"><net_src comp="200" pin="1"/><net_sink comp="220" pin=0"/></net>

<net id="228"><net_src comp="106" pin="2"/><net_sink comp="224" pin=0"/></net>

<net id="229"><net_src comp="220" pin="1"/><net_sink comp="224" pin=1"/></net>

<net id="233"><net_src comp="224" pin="2"/><net_sink comp="230" pin=0"/></net>

<net id="234"><net_src comp="230" pin="1"/><net_sink comp="132" pin=2"/></net>

<net id="235"><net_src comp="230" pin="1"/><net_sink comp="145" pin=2"/></net>

<net id="240"><net_src comp="209" pin="2"/><net_sink comp="236" pin=0"/></net>

<net id="249"><net_src comp="48" pin="0"/><net_sink comp="244" pin=0"/></net>

<net id="250"><net_src comp="139" pin="3"/><net_sink comp="244" pin=1"/></net>

<net id="251"><net_src comp="50" pin="0"/><net_sink comp="244" pin=2"/></net>

<net id="255"><net_src comp="244" pin="3"/><net_sink comp="252" pin=0"/></net>

<net id="256"><net_src comp="252" pin="1"/><net_sink comp="171" pin=0"/></net>

<net id="260"><net_src comp="165" pin="3"/><net_sink comp="257" pin=0"/></net>

<net id="261"><net_src comp="257" pin="1"/><net_sink comp="171" pin=1"/></net>

<net id="267"><net_src comp="52" pin="0"/><net_sink comp="262" pin=0"/></net>

<net id="268"><net_src comp="241" pin="1"/><net_sink comp="262" pin=1"/></net>

<net id="269"><net_src comp="54" pin="0"/><net_sink comp="262" pin=2"/></net>

<net id="274"><net_src comp="262" pin="3"/><net_sink comp="270" pin=0"/></net>

<net id="275"><net_src comp="171" pin="2"/><net_sink comp="270" pin=1"/></net>

<net id="282"><net_src comp="56" pin="0"/><net_sink comp="276" pin=0"/></net>

<net id="283"><net_src comp="270" pin="2"/><net_sink comp="276" pin=1"/></net>

<net id="284"><net_src comp="58" pin="0"/><net_sink comp="276" pin=2"/></net>

<net id="285"><net_src comp="60" pin="0"/><net_sink comp="276" pin=3"/></net>

<net id="292"><net_src comp="62" pin="0"/><net_sink comp="286" pin=0"/></net>

<net id="293"><net_src comp="270" pin="2"/><net_sink comp="286" pin=1"/></net>

<net id="294"><net_src comp="64" pin="0"/><net_sink comp="286" pin=2"/></net>

<net id="295"><net_src comp="66" pin="0"/><net_sink comp="286" pin=3"/></net>

<net id="300"><net_src comp="276" pin="4"/><net_sink comp="296" pin=0"/></net>

<net id="305"><net_src comp="286" pin="4"/><net_sink comp="301" pin=0"/></net>

<net id="314"><net_src comp="48" pin="0"/><net_sink comp="309" pin=0"/></net>

<net id="315"><net_src comp="50" pin="0"/><net_sink comp="309" pin=2"/></net>

<net id="319"><net_src comp="309" pin="3"/><net_sink comp="316" pin=0"/></net>

<net id="320"><net_src comp="316" pin="1"/><net_sink comp="171" pin=0"/></net>

<net id="326"><net_src comp="52" pin="0"/><net_sink comp="321" pin=0"/></net>

<net id="327"><net_src comp="306" pin="1"/><net_sink comp="321" pin=1"/></net>

<net id="328"><net_src comp="54" pin="0"/><net_sink comp="321" pin=2"/></net>

<net id="333"><net_src comp="321" pin="3"/><net_sink comp="329" pin=0"/></net>

<net id="334"><net_src comp="171" pin="2"/><net_sink comp="329" pin=1"/></net>

<net id="341"><net_src comp="56" pin="0"/><net_sink comp="335" pin=0"/></net>

<net id="342"><net_src comp="329" pin="2"/><net_sink comp="335" pin=1"/></net>

<net id="343"><net_src comp="58" pin="0"/><net_sink comp="335" pin=2"/></net>

<net id="344"><net_src comp="60" pin="0"/><net_sink comp="335" pin=3"/></net>

<net id="351"><net_src comp="62" pin="0"/><net_sink comp="345" pin=0"/></net>

<net id="352"><net_src comp="329" pin="2"/><net_sink comp="345" pin=1"/></net>

<net id="353"><net_src comp="64" pin="0"/><net_sink comp="345" pin=2"/></net>

<net id="354"><net_src comp="66" pin="0"/><net_sink comp="345" pin=3"/></net>

<net id="359"><net_src comp="335" pin="4"/><net_sink comp="355" pin=0"/></net>

<net id="364"><net_src comp="345" pin="4"/><net_sink comp="360" pin=0"/></net>

<net id="368"><net_src comp="365" pin="1"/><net_sink comp="125" pin=2"/></net>

<net id="372"><net_src comp="369" pin="1"/><net_sink comp="118" pin=2"/></net>

<net id="376"><net_src comp="86" pin="1"/><net_sink comp="373" pin=0"/></net>

<net id="377"><net_src comp="373" pin="1"/><net_sink comp="195" pin=1"/></net>

<net id="378"><net_src comp="373" pin="1"/><net_sink comp="360" pin=1"/></net>

<net id="379"><net_src comp="373" pin="1"/><net_sink comp="365" pin=0"/></net>

<net id="383"><net_src comp="90" pin="1"/><net_sink comp="380" pin=0"/></net>

<net id="384"><net_src comp="380" pin="1"/><net_sink comp="190" pin=1"/></net>

<net id="385"><net_src comp="380" pin="1"/><net_sink comp="301" pin=1"/></net>

<net id="386"><net_src comp="380" pin="1"/><net_sink comp="369" pin=0"/></net>

<net id="390"><net_src comp="94" pin="1"/><net_sink comp="387" pin=0"/></net>

<net id="391"><net_src comp="387" pin="1"/><net_sink comp="185" pin=1"/></net>

<net id="392"><net_src comp="387" pin="1"/><net_sink comp="241" pin=0"/></net>

<net id="393"><net_src comp="387" pin="1"/><net_sink comp="296" pin=1"/></net>

<net id="397"><net_src comp="98" pin="1"/><net_sink comp="394" pin=0"/></net>

<net id="398"><net_src comp="394" pin="1"/><net_sink comp="180" pin=1"/></net>

<net id="399"><net_src comp="394" pin="1"/><net_sink comp="306" pin=0"/></net>

<net id="400"><net_src comp="394" pin="1"/><net_sink comp="355" pin=1"/></net>

<net id="404"><net_src comp="102" pin="1"/><net_sink comp="401" pin=0"/></net>

<net id="405"><net_src comp="401" pin="1"/><net_sink comp="175" pin=1"/></net>

<net id="406"><net_src comp="401" pin="1"/><net_sink comp="200" pin=0"/></net>

<net id="407"><net_src comp="401" pin="1"/><net_sink comp="236" pin=1"/></net>

<net id="411"><net_src comp="203" pin="2"/><net_sink comp="408" pin=0"/></net>

<net id="415"><net_src comp="132" pin="3"/><net_sink comp="412" pin=0"/></net>

<net id="416"><net_src comp="412" pin="1"/><net_sink comp="139" pin=0"/></net>

<net id="420"><net_src comp="145" pin="3"/><net_sink comp="417" pin=0"/></net>

<net id="421"><net_src comp="417" pin="1"/><net_sink comp="152" pin=0"/></net>

<net id="425"><net_src comp="158" pin="3"/><net_sink comp="422" pin=0"/></net>

<net id="426"><net_src comp="422" pin="1"/><net_sink comp="165" pin=0"/></net>

<net id="430"><net_src comp="152" pin="3"/><net_sink comp="427" pin=0"/></net>

<net id="431"><net_src comp="427" pin="1"/><net_sink comp="309" pin=1"/></net>

<net id="435"><net_src comp="257" pin="1"/><net_sink comp="432" pin=0"/></net>

<net id="436"><net_src comp="432" pin="1"/><net_sink comp="171" pin=1"/></net>

</net_list>

</model> 
---------------- Datapath Model END ------------------

* FSMD analyzer results:
  - Output states:
	Port: coeff_hw | {}
	Port: out_data_data_out | {1 }
	Port: out_data_data_1_out | {1 }
	Port: buffer_left | {}
	Port: buffer_right | {}
 - Input state : 
	Port: fir_hw_Pipeline_VITIS_LOOP_32_1 : add_ln32 | {1 }
	Port: fir_hw_Pipeline_VITIS_LOOP_32_1 : write_idx_load | {1 }
	Port: fir_hw_Pipeline_VITIS_LOOP_32_1 : coeff_hw | {1 2 }
	Port: fir_hw_Pipeline_VITIS_LOOP_32_1 : buffer_left | {1 2 }
	Port: fir_hw_Pipeline_VITIS_LOOP_32_1 : buffer_right | {1 2 }
  - Chain level:
	State 1
		store_ln32 : 1
		store_ln30 : 1
		store_ln29 : 1
		store_ln0 : 1
		store_ln0 : 1
		i_1 : 1
		icmp_ln32 : 2
		i_2 : 2
		br_ln32 : 3
		zext_ln32 : 2
		trunc_ln35 : 2
		read_idx : 3
		zext_ln36 : 4
		buffer_left_addr : 5
		sample_l : 6
		buffer_right_addr : 5
		sample_r : 6
		coeff_hw_addr : 3
		coeff_hw_load : 4
		store_ln32 : 3
		out_data_data_1_load : 1
		out_data_data_load : 1
		write_ln0 : 2
		write_ln0 : 2
	State 2
		shl_ln : 1
		sext_ln38 : 2
		sext_ln38_1 : 1
		mul_ln38 : 3
		shl_ln38_1 : 1
		add_ln38 : 4
		acc_l_1 : 5
		trunc_ln1 : 5
		store_ln29 : 6
		store_ln32 : 6
	State 3
		sext_ln39 : 1
		mul_ln39 : 2
		shl_ln39_1 : 1
		add_ln39 : 3
		acc_r_1 : 4
		trunc_ln32_1 : 4
		store_ln30 : 5
		store_ln32 : 5


============================================================
+ Verbose Summary: Datapath Resource usage 
============================================================

* Functional unit list:
|----------|---------------------------------|---------|---------|---------|
| Operation|         Functional Unit         |   DSP   |    FF   |   LUT   |
|----------|---------------------------------|---------|---------|---------|
|          |            i_2_fu_209           |    0    |    0    |    17   |
|    add   |         add_ln38_fu_270         |    0    |    0    |    86   |
|          |         add_ln39_fu_329         |    0    |    0    |    86   |
|----------|---------------------------------|---------|---------|---------|
|    mul   |            grp_fu_171           |    6    |    0    |    18   |
|----------|---------------------------------|---------|---------|---------|
|   icmp   |         icmp_ln32_fu_203        |    0    |    0    |    17   |
|----------|---------------------------------|---------|---------|---------|
|    sub   |         read_idx_fu_224         |    0    |    0    |    16   |
|----------|---------------------------------|---------|---------|---------|
|   read   | write_idx_load_read_read_fu_106 |    0    |    0    |    0    |
|          |    add_ln32_read_read_fu_112    |    0    |    0    |    0    |
|----------|---------------------------------|---------|---------|---------|
|   write  |      write_ln0_write_fu_118     |    0    |    0    |    0    |
|          |      write_ln0_write_fu_125     |    0    |    0    |    0    |
|----------|---------------------------------|---------|---------|---------|
|   zext   |         zext_ln32_fu_215        |    0    |    0    |    0    |
|          |         zext_ln36_fu_230        |    0    |    0    |    0    |
|----------|---------------------------------|---------|---------|---------|
|   trunc  |        trunc_ln35_fu_220        |    0    |    0    |    0    |
|----------|---------------------------------|---------|---------|---------|
|          |          shl_ln_fu_244          |    0    |    0    |    0    |
|bitconcatenate|        shl_ln38_1_fu_262        |    0    |    0    |    0    |
|          |          shl_ln1_fu_309         |    0    |    0    |    0    |
|          |        shl_ln39_1_fu_321        |    0    |    0    |    0    |
|----------|---------------------------------|---------|---------|---------|
|          |         sext_ln38_fu_252        |    0    |    0    |    0    |
|   sext   |        sext_ln38_1_fu_257       |    0    |    0    |    0    |
|          |         sext_ln39_fu_316        |    0    |    0    |    0    |
|----------|---------------------------------|---------|---------|---------|
|          |          acc_l_1_fu_276         |    0    |    0    |    0    |
|partselect|         trunc_ln1_fu_286        |    0    |    0    |    0    |
|          |          acc_r_1_fu_335         |    0    |    0    |    0    |
|          |       trunc_ln32_1_fu_345       |    0    |    0    |    0    |
|----------|---------------------------------|---------|---------|---------|
|   Total  |                                 |    6    |    0    |   240   |
|----------|---------------------------------|---------|---------|---------|

Memories:
N/A

* Register list:
+-------------------------+--------+
|                         |   FF   |
+-------------------------+--------+
|      acc_l_reg_387      |   48   |
|      acc_r_reg_394      |   48   |
| buffer_left_addr_reg_412|    9   |
|buffer_right_addr_reg_417|    9   |
|  coeff_hw_addr_reg_422  |    9   |
|        i_reg_401        |   10   |
|    icmp_ln32_reg_408    |    1   |
| out_data_data_1_reg_373 |   32   |
|  out_data_data_reg_380  |   32   |
|     sample_r_reg_427    |   24   |
|   sext_ln38_1_reg_432   |   79   |
+-------------------------+--------+
|          Total          |   301  |
+-------------------------+--------+

* Multiplexer (MUX) list: 
|-------------------|------|------|------|--------||---------||---------||---------|
|        Comp       |  Pin | Size |  BW  | S x BW ||  Delay  ||    FF   ||   LUT   |
|-------------------|------|------|------|--------||---------||---------||---------|
| grp_access_fu_139 |  p0  |   2  |   9  |   18   ||    0    ||    9    |
| grp_access_fu_152 |  p0  |   2  |   9  |   18   ||    0    ||    9    |
| grp_access_fu_165 |  p0  |   2  |   9  |   18   ||    0    ||    9    |
|     grp_fu_171    |  p0  |   2  |  47  |   94   ||    0    ||    9    |
|     grp_fu_171    |  p1  |   2  |  32  |   64   ||    0    ||    9    |
|-------------------|------|------|------|--------||---------||---------||---------|
|       Total       |      |      |      |   212  ||  2.135  ||    0    ||    45   |
|-------------------|------|------|------|--------||---------||---------||---------|



* Summary:
+-----------+--------+--------+--------+--------+
|           |   DSP  |  Delay |   FF   |   LUT  |
+-----------+--------+--------+--------+--------+
|  Function |    6   |    -   |    0   |   240  |
|   Memory  |    -   |    -   |    -   |    -   |
|Multiplexer|    -   |    2   |    0   |   45   |
|  Register |    -   |    -   |   301  |    -   |
+-----------+--------+--------+--------+--------+
|   Total   |    6   |    2   |   301  |   285  |
+-----------+--------+--------+--------+--------+
