

================================================================
== Vitis HLS Report for 'fir_hw'
================================================================
* Date:           Tue Apr 21 10:24:27 2026

* Version:        2025.2 (Build 6295257 on Nov 14 2025)
* Project:        fir_hls
* Solution:       hls (Vivado IP Flow Target)
* Product family: zynquplus
* Target device:  xck26-sfvc784-2LV-c


================================================================
== Performance Estimates
================================================================
+ Timing: 
    * Summary: 
    +--------+----------+----------+------------+
    |  Clock |  Target  | Estimated| Uncertainty|
    +--------+----------+----------+------------+
    |ap_clk  |  10.00 ns|  6.764 ns|     2.70 ns|
    +--------+----------+----------+------------+

+ Latency: 
    * Summary: 
    +---------+---------+-----------+-----------+-----+------+---------+
    |  Latency (cycles) |   Latency (absolute)  |  Interval  | Pipeline|
    |   min   |   max   |    min    |    max    | min |  max |   Type  |
    +---------+---------+-----------+-----------+-----+------+---------+
    |        1|     1031|  10.000 ns|  10.310 us|    2|  1032|       no|
    +---------+---------+-----------+-----------+-----+------+---------+

    + Detail: 
        * Instance: 
        +--------------------------------------------+---------------------------------+---------+---------+----------+-----------+-----+-----+-------------------+
        |                                            |                                 |  Latency (cycles) |  Latency (absolute)  |  Interval |      Pipeline     |
        |                  Instance                  |              Module             |   min   |   max   |    min   |    max    | min | max |        Type       |
        +--------------------------------------------+---------------------------------+---------+---------+----------+-----------+-----+-----+-------------------+
        |grp_fir_hw_Pipeline_VITIS_LOOP_32_1_fu_210  |fir_hw_Pipeline_VITIS_LOOP_32_1  |      258|     1026|  2.580 us|  10.260 us|    0|    0|  loop pipeline stp|
        +--------------------------------------------+---------------------------------+---------+---------+----------+-----------+-----+-----+-------------------+

        * Loop: 
        N/A



================================================================
== Utilization Estimates
================================================================
* Summary: 
+-----------------+---------+------+--------+--------+-----+
|       Name      | BRAM_18K|  DSP |   FF   |   LUT  | URAM|
+-----------------+---------+------+--------+--------+-----+
|DSP              |        -|     -|       -|       -|    -|
|Expression       |        -|     -|       0|     181|    -|
|FIFO             |        -|     -|       -|       -|    -|
|Instance         |        2|     6|     435|     540|    0|
|Memory           |        2|     -|       0|       0|    0|
|Multiplexer      |        -|     -|       0|     146|    -|
|Register         |        -|     -|      60|       -|    -|
+-----------------+---------+------+--------+--------+-----+
|Total            |        4|     6|     495|     867|    0|
+-----------------+---------+------+--------+--------+-----+
|Available        |      288|  1248|  234240|  117120|   64|
+-----------------+---------+------+--------+--------+-----+
|Utilization (%)  |        1|    ~0|      ~0|      ~0|    0|
+-----------------+---------+------+--------+--------+-----+

+ Detail: 
    * Instance: 
    +--------------------------------------------+---------------------------------+---------+----+-----+-----+-----+
    |                  Instance                  |              Module             | BRAM_18K| DSP|  FF | LUT | URAM|
    +--------------------------------------------+---------------------------------+---------+----+-----+-----+-----+
    |control_s_axi_U                             |control_s_axi                    |        2|   0|  156|  166|    0|
    |grp_fir_hw_Pipeline_VITIS_LOOP_32_1_fu_210  |fir_hw_Pipeline_VITIS_LOOP_32_1  |        0|   6|  279|  374|    0|
    +--------------------------------------------+---------------------------------+---------+----+-----+-----+-----+
    |Total                                       |                                 |        2|   6|  435|  540|    0|
    +--------------------------------------------+---------------------------------+---------+----+-----+-----+-----+

    * DSP: 
    N/A

    * Memory: 
    +----------------+---------------------------+---------+---+----+-----+------+-----+------+-------------+
    |     Memory     |           Module          | BRAM_18K| FF| LUT| URAM| Words| Bits| Banks| W*Bits*Banks|
    +----------------+---------------------------+---------+---+----+-----+------+-----+------+-------------+
    |buffer_left_U   |buffer_left_RAM_AUTO_1R1W  |        1|  0|   0|    0|   512|   24|     1|        12288|
    |buffer_right_U  |buffer_left_RAM_AUTO_1R1W  |        1|  0|   0|    0|   512|   24|     1|        12288|
    +----------------+---------------------------+---------+---+----+-----+------+-----+------+-------------+
    |Total           |                           |        2|  0|   0|    0|  1024|   48|     2|        24576|
    +----------------+---------------------------+---------+---+----+-----+------+-----+------+-------------+

    * FIFO: 
    N/A

    * Expression: 
    +---------------------------+----------+----+---+----+------------+------------+
    |       Variable Name       | Operation| DSP| FF| LUT| Bitwidth P0| Bitwidth P1|
    +---------------------------+----------+----+---+----+------------+------------+
    |add_ln25_fu_238_p2         |         +|   0|  0|  10|           3|           1|
    |add_ln32_fu_303_p2         |         +|   0|  0|  17|          10|           1|
    |add_ln43_fu_254_p2         |         +|   0|  0|  23|          16|           1|
    |add_ln54_fu_266_p2         |         +|   0|  0|  23|          16|           2|
    |add_ln65_fu_318_p2         |         +|   0|  0|  16|           9|           1|
    |icmp_ln26_fu_244_p2        |      icmp|   0|  0|  10|           3|           3|
    |out_data_last_1_fu_280_p2  |      icmp|   0|  0|  23|          16|          16|
    |out_data_last_fu_260_p2    |      icmp|   0|  0|  23|          16|          16|
    |ap_block_state1            |        or|   0|  0|   2|           1|           1|
    |ap_block_state6            |        or|   0|  0|   2|           1|           1|
    |select_ln54_fu_272_p3      |    select|   0|  0|  16|           1|           1|
    |select_ln60_fu_286_p3      |    select|   0|  0|  16|           1|           1|
    +---------------------------+----------+----+---+----+------------+------------+
    |Total                      |          |   0|  0| 181|          93|          45|
    +---------------------------+----------+----+---+----+------------+------------+

    * Multiplexer: 
    +----------------------------------------+----+-----------+-----+-----------+
    |                  Name                  | LUT| Input Size| Bits| Total Bits|
    +----------------------------------------+----+-----------+-----+-----------+
    |ap_NS_fsm                               |  37|          7|    1|          7|
    |ap_phi_mux_dec_cnt_new_0_phi_fu_203_p4  |   9|          2|    3|          6|
    |buffer_left_address0                    |   9|          2|    9|         18|
    |buffer_left_ce0                         |   9|          2|    1|          2|
    |buffer_right_address0                   |   9|          2|    9|         18|
    |buffer_right_ce0                        |   9|          2|    1|          2|
    |dec_cnt_new_0_reg_200                   |   9|          2|    3|          6|
    |input_l_blk_n                           |   9|          2|    1|          2|
    |input_r_blk_n                           |   9|          2|    1|          2|
    |res_TDATA_blk_n                         |   9|          2|    1|          2|
    |res_TDATA_int_regslice                  |  14|          3|   32|         96|
    |res_TLAST_int_regslice                  |  14|          3|    1|          3|
    +----------------------------------------+----+-----------+-----+-----------+
    |Total                                   | 146|         31|   63|        164|
    +----------------------------------------+----+-----------+-----+-----------+

    * Register: 
    +---------------------------------------------------------+----+----+-----+-----------+
    |                           Name                          | FF | LUT| Bits| Const Bits|
    +---------------------------------------------------------+----+----+-----+-----------+
    |add_ln32_reg_374                                         |  10|   0|   10|          0|
    |ap_CS_fsm                                                |   6|   0|    6|          0|
    |cnt                                                      |  16|   0|   16|          0|
    |dec_cnt                                                  |   3|   0|    3|          0|
    |dec_cnt_new_0_reg_200                                    |   3|   0|    3|          0|
    |grp_fir_hw_Pipeline_VITIS_LOOP_32_1_fu_210_ap_start_reg  |   1|   0|    1|          0|
    |icmp_ln26_reg_360                                        |   1|   0|    1|          0|
    |out_data_last_1_reg_369                                  |   1|   0|    1|          0|
    |out_data_last_reg_364                                    |   1|   0|    1|          0|
    |tap_num_m1_read_reg_335                                  |   9|   0|    9|          0|
    |write_idx                                                |   9|   0|    9|          0|
    +---------------------------------------------------------+----+----+-----+-----------+
    |Total                                                    |  60|   0|   60|          0|
    +---------------------------------------------------------+----+----+-----+-----------+



================================================================
== Interface
================================================================
* Summary: 
+-----------------------+-----+-----+--------------+--------------+--------------+
|       RTL Ports       | Dir | Bits|   Protocol   | Source Object|    C Type    |
+-----------------------+-----+-----+--------------+--------------+--------------+
|s_axi_control_AWVALID  |   in|    1|         s_axi|       control|         array|
|s_axi_control_AWREADY  |  out|    1|         s_axi|       control|         array|
|s_axi_control_AWADDR   |   in|   12|         s_axi|       control|         array|
|s_axi_control_WVALID   |   in|    1|         s_axi|       control|         array|
|s_axi_control_WREADY   |  out|    1|         s_axi|       control|         array|
|s_axi_control_WDATA    |   in|   32|         s_axi|       control|         array|
|s_axi_control_WSTRB    |   in|    4|         s_axi|       control|         array|
|s_axi_control_ARVALID  |   in|    1|         s_axi|       control|         array|
|s_axi_control_ARREADY  |  out|    1|         s_axi|       control|         array|
|s_axi_control_ARADDR   |   in|   12|         s_axi|       control|         array|
|s_axi_control_RVALID   |  out|    1|         s_axi|       control|         array|
|s_axi_control_RREADY   |   in|    1|         s_axi|       control|         array|
|s_axi_control_RDATA    |  out|   32|         s_axi|       control|         array|
|s_axi_control_RRESP    |  out|    2|         s_axi|       control|         array|
|s_axi_control_BVALID   |  out|    1|         s_axi|       control|         array|
|s_axi_control_BREADY   |   in|    1|         s_axi|       control|         array|
|s_axi_control_BRESP    |  out|    2|         s_axi|       control|         array|
|ap_clk                 |   in|    1|  ap_ctrl_none|        fir_hw|  return value|
|ap_rst_n               |   in|    1|  ap_ctrl_none|        fir_hw|  return value|
|input_l                |   in|   24|         ap_hs|       input_l|       pointer|
|input_l_ap_vld         |   in|    1|         ap_hs|       input_l|       pointer|
|input_l_ap_ack         |  out|    1|         ap_hs|       input_l|       pointer|
|input_r                |   in|   24|         ap_hs|       input_r|       pointer|
|input_r_ap_vld         |   in|    1|         ap_hs|       input_r|       pointer|
|input_r_ap_ack         |  out|    1|         ap_hs|       input_r|       pointer|
|res_TDATA              |  out|   32|          axis|  res_V_data_V|       pointer|
|res_TVALID             |  out|    1|          axis|  res_V_last_V|       pointer|
|res_TREADY             |   in|    1|          axis|  res_V_last_V|       pointer|
|res_TLAST              |  out|    1|          axis|  res_V_last_V|       pointer|
|res_TKEEP              |  out|    4|          axis|  res_V_keep_V|       pointer|
|res_TSTRB              |  out|    4|          axis|  res_V_strb_V|       pointer|
+-----------------------+-----+-----+--------------+--------------+--------------+

============================================================
+ Verbose Summary: Synthesis Manager
============================================================
InlineROM: 1
ExposeGlobal: 0
============================================================
+ Verbose Summary: CDFG Model
============================================================
IsTopModel: 1
ResetActiveHigh: 1
IsCombinational: 2
IsDatapathOnly: 2
HasWiredReturn: 1
HasMFsm: 0
HasVarLatency: 1
IsPipeline: 0
IsRtlPipelined: 0
IsInstanceOverlapped: 0
IsDontTouch: 0
HasImplIP: 0
IsGatedGlobalClock: 0


============================================================
+ Verbose Summary: Schedule
============================================================
* Number of FSM states : 6
* Pipeline : 0
* Dataflow Pipeline: 0

* FSM state transitions: 
1 --> 2 6 
2 --> 3 
3 --> 4 
4 --> 5 
5 --> 6 
6 --> 

* FSM state operations: 

State 1 <SV = 0> <Delay = 3.42>
ST_1 : Operation 7 [1/1] (1.00ns)   --->   "%tap_num_m1_read = read i9 @_ssdm_op_Read.s_axilite.i9, i9 %tap_num_m1"   --->   Operation 7 'read' 'tap_num_m1_read' <Predicate = true> <Delay = 1.00> <CoreInst = "s_axilite">   --->   Core 120 's_axilite' <Latency = 0> <II = 1> <Delay = 1.00> <Adapter> <Opcode : 'read' 'write'>
ST_1 : Operation 8 [1/1] (1.00ns)   --->   "%smpl_rd_num_read = read i3 @_ssdm_op_Read.s_axilite.i3, i3 %smpl_rd_num"   --->   Operation 8 'read' 'smpl_rd_num_read' <Predicate = true> <Delay = 1.00> <CoreInst = "s_axilite">   --->   Core 120 's_axilite' <Latency = 0> <II = 1> <Delay = 1.00> <Adapter> <Opcode : 'read' 'write'>
ST_1 : Operation 9 [1/1] (1.00ns)   --->   "%tlast_dnum_read = read i16 @_ssdm_op_Read.s_axilite.i16, i16 %tlast_dnum"   --->   Operation 9 'read' 'tlast_dnum_read' <Predicate = true> <Delay = 1.00> <CoreInst = "s_axilite">   --->   Core 120 's_axilite' <Latency = 0> <II = 1> <Delay = 1.00> <Adapter> <Opcode : 'read' 'write'>
ST_1 : Operation 10 [1/1] (0.00ns)   --->   "%out_data_data_1_loc = alloca i64 1"   --->   Operation 10 'alloca' 'out_data_data_1_loc' <Predicate = true> <Delay = 0.00>
ST_1 : Operation 11 [1/1] (0.00ns)   --->   "%out_data_data_loc = alloca i64 1"   --->   Operation 11 'alloca' 'out_data_data_loc' <Predicate = true> <Delay = 0.00>
ST_1 : Operation 12 [1/1] (0.00ns)   --->   "%spectopmodule_ln3 = spectopmodule void @_ssdm_op_SpecTopModule, void @empty_12" [fir_hw.cpp:3]   --->   Operation 12 'spectopmodule' 'spectopmodule_ln3' <Predicate = true> <Delay = 0.00>
ST_1 : Operation 13 [1/1] (0.00ns)   --->   "%specinterface_ln3 = specinterface void @_ssdm_op_SpecInterface, i32 0, void @empty_13, i32 0, i32 0, void @empty_8, i32 0, i32 0, void @empty_8, void @empty_8, void @empty_8, i32 0, i32 0, i32 0, i32 0, void @empty_8, void @empty_8, i32 4294967295, i32 0, i32 0, i32 0" [fir_hw.cpp:3]   --->   Operation 13 'specinterface' 'specinterface_ln3' <Predicate = true> <Delay = 0.00>
ST_1 : Operation 14 [1/1] (0.00ns)   --->   "%specbitsmap_ln0 = specbitsmap void @_ssdm_op_SpecBitsMap, i16 %tlast_dnum"   --->   Operation 14 'specbitsmap' 'specbitsmap_ln0' <Predicate = true> <Delay = 0.00>
ST_1 : Operation 15 [1/1] (0.00ns)   --->   "%specinterface_ln0 = specinterface void @_ssdm_op_SpecInterface, i16 %tlast_dnum, void @empty_2, i32 4294967295, i32 4294967295, void @empty_8, i32 0, i32 0, void @empty_3, void @empty_9, void @empty_8, i32 0, i32 0, i32 0, i32 0, void @empty_8, void @empty_8, i32 4294967295, i32 0, i32 0, i32 0"   --->   Operation 15 'specinterface' 'specinterface_ln0' <Predicate = true> <Delay = 0.00>
ST_1 : Operation 16 [1/1] (0.00ns)   --->   "%specinterface_ln0 = specinterface void @_ssdm_op_SpecInterface, i16 %tlast_dnum, void @empty_7, i32 0, i32 0, void @empty_8, i32 0, i32 0, void @empty_8, void @empty_8, void @empty_8, i32 0, i32 0, i32 0, i32 0, void @empty_8, void @empty_8, i32 4294967295, i32 0, i32 0, i32 0"   --->   Operation 16 'specinterface' 'specinterface_ln0' <Predicate = true> <Delay = 0.00>
ST_1 : Operation 17 [1/1] (0.00ns)   --->   "%specbitsmap_ln0 = specbitsmap void @_ssdm_op_SpecBitsMap, i3 %smpl_rd_num"   --->   Operation 17 'specbitsmap' 'specbitsmap_ln0' <Predicate = true> <Delay = 0.00>
ST_1 : Operation 18 [1/1] (0.00ns)   --->   "%specinterface_ln0 = specinterface void @_ssdm_op_SpecInterface, i3 %smpl_rd_num, void @empty_2, i32 4294967295, i32 4294967295, void @empty_8, i32 0, i32 0, void @empty_3, void @empty_4, void @empty_8, i32 0, i32 0, i32 0, i32 0, void @empty_8, void @empty_8, i32 4294967295, i32 0, i32 0, i32 0"   --->   Operation 18 'specinterface' 'specinterface_ln0' <Predicate = true> <Delay = 0.00>
ST_1 : Operation 19 [1/1] (0.00ns)   --->   "%specinterface_ln0 = specinterface void @_ssdm_op_SpecInterface, i3 %smpl_rd_num, void @empty_7, i32 0, i32 0, void @empty_8, i32 0, i32 0, void @empty_8, void @empty_8, void @empty_8, i32 0, i32 0, i32 0, i32 0, void @empty_8, void @empty_8, i32 4294967295, i32 0, i32 0, i32 0"   --->   Operation 19 'specinterface' 'specinterface_ln0' <Predicate = true> <Delay = 0.00>
ST_1 : Operation 20 [1/1] (0.00ns)   --->   "%specbitsmap_ln0 = specbitsmap void @_ssdm_op_SpecBitsMap, i9 %tap_num_m1"   --->   Operation 20 'specbitsmap' 'specbitsmap_ln0' <Predicate = true> <Delay = 0.00>
ST_1 : Operation 21 [1/1] (0.00ns)   --->   "%specinterface_ln0 = specinterface void @_ssdm_op_SpecInterface, i9 %tap_num_m1, void @empty_2, i32 4294967295, i32 4294967295, void @empty_8, i32 0, i32 0, void @empty_3, void @empty_5, void @empty_8, i32 0, i32 0, i32 0, i32 0, void @empty_8, void @empty_8, i32 4294967295, i32 0, i32 0, i32 0"   --->   Operation 21 'specinterface' 'specinterface_ln0' <Predicate = true> <Delay = 0.00>
ST_1 : Operation 22 [1/1] (0.00ns)   --->   "%specinterface_ln0 = specinterface void @_ssdm_op_SpecInterface, i9 %tap_num_m1, void @empty_7, i32 0, i32 0, void @empty_8, i32 0, i32 0, void @empty_8, void @empty_8, void @empty_8, i32 0, i32 0, i32 0, i32 0, void @empty_8, void @empty_8, i32 4294967295, i32 0, i32 0, i32 0"   --->   Operation 22 'specinterface' 'specinterface_ln0' <Predicate = true> <Delay = 0.00>
ST_1 : Operation 23 [1/1] (0.00ns)   --->   "%specinterface_ln0 = specinterface void @_ssdm_op_SpecInterface, i32 %coeff_hw, void @empty_2, i32 0, i32 0, void @empty_8, i32 0, i32 0, void @empty_3, void @empty_6, void @empty_8, i32 0, i32 0, i32 0, i32 0, void @empty_8, void @empty_8, i32 4294967295, i32 0, i32 0, i32 0"   --->   Operation 23 'specinterface' 'specinterface_ln0' <Predicate = true> <Delay = 0.00>
ST_1 : Operation 24 [1/1] (0.00ns)   --->   "%specinterface_ln0 = specinterface void @_ssdm_op_SpecInterface, i32 %coeff_hw, void @empty_1, i32 0, i32 0, void @empty_8, i32 1, i32 0, void @empty_8, void @empty_8, void @empty_8, i32 0, i32 0, i32 0, i32 0, void @empty_8, void @empty_8, i32 4294967295, i32 0, i32 0, i32 0"   --->   Operation 24 'specinterface' 'specinterface_ln0' <Predicate = true> <Delay = 0.00>
ST_1 : Operation 25 [1/1] (0.00ns)   --->   "%specmemcore_ln0 = specmemcore void @_ssdm_op_SpecMemCore, i32 %coeff_hw, i64 666, i64 207, i64 1, i1 0"   --->   Operation 25 'specmemcore' 'specmemcore_ln0' <Predicate = true> <Delay = 0.00>
ST_1 : Operation 26 [1/1] (0.00ns)   --->   "%specbitsmap_ln0 = specbitsmap void @_ssdm_op_SpecBitsMap, i32 %coeff_hw"   --->   Operation 26 'specbitsmap' 'specbitsmap_ln0' <Predicate = true> <Delay = 0.00>
ST_1 : Operation 27 [1/1] (0.00ns)   --->   "%specbitsmap_ln0 = specbitsmap void @_ssdm_op_SpecBitsMap, i24 %input_l"   --->   Operation 27 'specbitsmap' 'specbitsmap_ln0' <Predicate = true> <Delay = 0.00>
ST_1 : Operation 28 [1/1] (0.00ns)   --->   "%specinterface_ln0 = specinterface void @_ssdm_op_SpecInterface, i24 %input_l, void @empty_0, i32 4294967295, i32 4294967295, void @empty_8, i32 0, i32 0, void @empty_8, void @empty_8, void @empty_8, i32 0, i32 0, i32 0, i32 0, void @empty_8, void @empty_8, i32 4294967295, i32 0, i32 0, i32 0"   --->   Operation 28 'specinterface' 'specinterface_ln0' <Predicate = true> <Delay = 0.00>
ST_1 : Operation 29 [1/1] (0.00ns)   --->   "%specbitsmap_ln0 = specbitsmap void @_ssdm_op_SpecBitsMap, i24 %input_r"   --->   Operation 29 'specbitsmap' 'specbitsmap_ln0' <Predicate = true> <Delay = 0.00>
ST_1 : Operation 30 [1/1] (0.00ns)   --->   "%specinterface_ln0 = specinterface void @_ssdm_op_SpecInterface, i24 %input_r, void @empty_0, i32 4294967295, i32 4294967295, void @empty_8, i32 0, i32 0, void @empty_8, void @empty_8, void @empty_8, i32 0, i32 0, i32 0, i32 0, void @empty_8, void @empty_8, i32 4294967295, i32 0, i32 0, i32 0"   --->   Operation 30 'specinterface' 'specinterface_ln0' <Predicate = true> <Delay = 0.00>
ST_1 : Operation 31 [1/1] (0.00ns)   --->   "%specinterface_ln0 = specinterface void @_ssdm_op_SpecInterface, i32 %res_V_data_V, i4 %res_V_keep_V, i4 %res_V_strb_V, i1 %res_V_last_V, void @empty, i32 1, i32 1, void @empty_10, i32 0, i32 0, void @empty_8, void @empty_8, void @empty_8, i32 0, i32 0, i32 0, i32 0, void @empty_8, void @empty_8, i32 4294967295, i32 0, i32 0, i32 0"   --->   Operation 31 'specinterface' 'specinterface_ln0' <Predicate = true> <Delay = 0.00>
ST_1 : Operation 32 [1/1] (0.00ns)   --->   "%specbitsmap_ln0 = specbitsmap void @_ssdm_op_SpecBitsMap, i32 %res_V_data_V"   --->   Operation 32 'specbitsmap' 'specbitsmap_ln0' <Predicate = true> <Delay = 0.00>
ST_1 : Operation 33 [1/1] (0.00ns)   --->   "%specbitsmap_ln0 = specbitsmap void @_ssdm_op_SpecBitsMap, i4 %res_V_keep_V"   --->   Operation 33 'specbitsmap' 'specbitsmap_ln0' <Predicate = true> <Delay = 0.00>
ST_1 : Operation 34 [1/1] (0.00ns)   --->   "%specbitsmap_ln0 = specbitsmap void @_ssdm_op_SpecBitsMap, i4 %res_V_strb_V"   --->   Operation 34 'specbitsmap' 'specbitsmap_ln0' <Predicate = true> <Delay = 0.00>
ST_1 : Operation 35 [1/1] (0.00ns)   --->   "%specbitsmap_ln0 = specbitsmap void @_ssdm_op_SpecBitsMap, i1 %res_V_last_V"   --->   Operation 35 'specbitsmap' 'specbitsmap_ln0' <Predicate = true> <Delay = 0.00>
ST_1 : Operation 36 [1/1] (0.00ns)   --->   "%input_l_read = read i24 @_ssdm_op_Read.ap_hs.i24P0A, i24 %input_l" [fir_hw.cpp:22]   --->   Operation 36 'read' 'input_l_read' <Predicate = true> <Delay = 0.00>
ST_1 : Operation 37 [1/1] (0.00ns)   --->   "%write_idx_load = load i9 %write_idx" [fir_hw.cpp:22]   --->   Operation 37 'load' 'write_idx_load' <Predicate = true> <Delay = 0.00>
ST_1 : Operation 38 [1/1] (0.00ns)   --->   "%zext_ln22 = zext i9 %write_idx_load" [fir_hw.cpp:22]   --->   Operation 38 'zext' 'zext_ln22' <Predicate = true> <Delay = 0.00>
ST_1 : Operation 39 [1/1] (0.00ns)   --->   "%buffer_left_addr = getelementptr i24 %buffer_left, i64 0, i64 %zext_ln22" [fir_hw.cpp:22]   --->   Operation 39 'getelementptr' 'buffer_left_addr' <Predicate = true> <Delay = 0.00>
ST_1 : Operation 40 [1/1] ( I:1.23ns O:1.23ns )   --->   "%store_ln22 = store i24 %input_l_read, i9 %buffer_left_addr" [fir_hw.cpp:22]   --->   Operation 40 'store' 'store_ln22' <Predicate = true> <Delay = 1.23> <CoreInst = "RAM">   --->   Core 82 'RAM' <Latency = 1> <II = 1> <Delay = 1.23> <Storage> <Opcode : 'load' 'store'> <Ports = 2> <Width = 24> <Depth = 512> <RAM>
ST_1 : Operation 41 [1/1] (0.00ns)   --->   "%input_r_read = read i24 @_ssdm_op_Read.ap_hs.i24P0A, i24 %input_r" [fir_hw.cpp:23]   --->   Operation 41 'read' 'input_r_read' <Predicate = true> <Delay = 0.00>
ST_1 : Operation 42 [1/1] (0.00ns)   --->   "%buffer_right_addr = getelementptr i24 %buffer_right, i64 0, i64 %zext_ln22" [fir_hw.cpp:23]   --->   Operation 42 'getelementptr' 'buffer_right_addr' <Predicate = true> <Delay = 0.00>
ST_1 : Operation 43 [1/1] ( I:1.23ns O:1.23ns )   --->   "%store_ln23 = store i24 %input_r_read, i9 %buffer_right_addr" [fir_hw.cpp:23]   --->   Operation 43 'store' 'store_ln23' <Predicate = true> <Delay = 1.23> <CoreInst = "RAM">   --->   Core 82 'RAM' <Latency = 1> <II = 1> <Delay = 1.23> <Storage> <Opcode : 'load' 'store'> <Ports = 2> <Width = 24> <Depth = 512> <RAM>
ST_1 : Operation 44 [1/1] (0.00ns)   --->   "%dec_cnt_load = load i3 %dec_cnt" [fir_hw.cpp:25]   --->   Operation 44 'load' 'dec_cnt_load' <Predicate = true> <Delay = 0.00>
ST_1 : Operation 45 [1/1] (0.67ns)   --->   "%add_ln25 = add i3 %dec_cnt_load, i3 1" [fir_hw.cpp:25]   --->   Operation 45 'add' 'add_ln25' <Predicate = true> <Delay = 0.67> <CoreInst = "Adder">   --->   Core 1 'Adder' <Latency = 0> <II = 1> <Delay = 0.67> <FuncUnit> <Opcode : 'add' 'sub'> <InPorts = 2> <OutPorts = 1>
ST_1 : Operation 46 [1/1] (0.67ns)   --->   "%icmp_ln26 = icmp_ult  i3 %add_ln25, i3 %smpl_rd_num_read" [fir_hw.cpp:26]   --->   Operation 46 'icmp' 'icmp_ln26' <Predicate = true> <Delay = 0.67> <CoreInst = "Cmp">   --->   Core 9 'Cmp' <Latency = 0> <II = 1> <Delay = 0.67> <FuncUnit> <Opcode : 'seteq' 'setne' 'setle' 'setge' 'setlt' 'setgt'> <InPorts = 2> <OutPorts = 1>
ST_1 : Operation 47 [1/1] (0.00ns)   --->   "%specaxissidechannel_ln26 = specaxissidechannel void @_ssdm_op_SpecAXISSideChannel, i32 %res_V_data_V, i4 %res_V_keep_V, i4 %res_V_strb_V, i1 0, i1 %res_V_last_V, i1 0, i1 0, void @empty_11" [fir_hw.cpp:26]   --->   Operation 47 'specaxissidechannel' 'specaxissidechannel_ln26' <Predicate = true> <Delay = 0.00>
ST_1 : Operation 48 [1/1] (0.42ns)   --->   "%br_ln26 = br i1 %icmp_ln26, void %if.then, void %if.end50" [fir_hw.cpp:26]   --->   Operation 48 'br' 'br_ln26' <Predicate = true> <Delay = 0.42>
ST_1 : Operation 49 [1/1] (0.00ns)   --->   "%cnt_load = load i16 %cnt" [fir_hw.cpp:43]   --->   Operation 49 'load' 'cnt_load' <Predicate = (!icmp_ln26)> <Delay = 0.00>
ST_1 : Operation 50 [1/1] (0.85ns)   --->   "%add_ln43 = add i16 %cnt_load, i16 1" [fir_hw.cpp:43]   --->   Operation 50 'add' 'add_ln43' <Predicate = (!icmp_ln26)> <Delay = 0.85> <CoreInst = "Adder">   --->   Core 1 'Adder' <Latency = 0> <II = 1> <Delay = 0.85> <FuncUnit> <Opcode : 'add' 'sub'> <InPorts = 2> <OutPorts = 1>
ST_1 : Operation 51 [1/1] (0.85ns)   --->   "%out_data_last = icmp_eq  i16 %add_ln43, i16 %tlast_dnum_read" [fir_hw.cpp:45]   --->   Operation 51 'icmp' 'out_data_last' <Predicate = (!icmp_ln26)> <Delay = 0.85> <CoreInst = "Cmp">   --->   Core 9 'Cmp' <Latency = 0> <II = 1> <Delay = 0.85> <FuncUnit> <Opcode : 'seteq' 'setne' 'setle' 'setge' 'setlt' 'setgt'> <InPorts = 2> <OutPorts = 1>
ST_1 : Operation 52 [1/1] (0.85ns)   --->   "%add_ln54 = add i16 %cnt_load, i16 2" [fir_hw.cpp:54]   --->   Operation 52 'add' 'add_ln54' <Predicate = (!icmp_ln26)> <Delay = 0.85> <CoreInst = "Adder">   --->   Core 1 'Adder' <Latency = 0> <II = 1> <Delay = 0.85> <FuncUnit> <Opcode : 'add' 'sub'> <InPorts = 2> <OutPorts = 1>
ST_1 : Operation 53 [1/1] (0.35ns)   --->   "%select_ln54 = select i1 %out_data_last, i16 1, i16 %add_ln54" [fir_hw.cpp:54]   --->   Operation 53 'select' 'select_ln54' <Predicate = (!icmp_ln26)> <Delay = 0.35> <CoreInst = "Sel">   --->   Core 73 'Sel' <Latency = 0> <II = 1> <Delay = 0.35> <FuncUnit> <Opcode : 'select'> <InPorts = 3> <OutPorts = 1>
ST_1 : Operation 54 [1/1] (0.85ns)   --->   "%out_data_last_1 = icmp_eq  i16 %select_ln54, i16 %tlast_dnum_read" [fir_hw.cpp:56]   --->   Operation 54 'icmp' 'out_data_last_1' <Predicate = (!icmp_ln26)> <Delay = 0.85> <CoreInst = "Cmp">   --->   Core 9 'Cmp' <Latency = 0> <II = 1> <Delay = 0.85> <FuncUnit> <Opcode : 'seteq' 'setne' 'setle' 'setge' 'setlt' 'setgt'> <InPorts = 2> <OutPorts = 1>
ST_1 : Operation 55 [1/1] (0.35ns)   --->   "%select_ln60 = select i1 %out_data_last_1, i16 0, i16 %select_ln54" [fir_hw.cpp:60]   --->   Operation 55 'select' 'select_ln60' <Predicate = (!icmp_ln26)> <Delay = 0.35> <CoreInst = "Sel">   --->   Core 73 'Sel' <Latency = 0> <II = 1> <Delay = 0.35> <FuncUnit> <Opcode : 'select'> <InPorts = 3> <OutPorts = 1>
ST_1 : Operation 56 [1/1] (0.00ns)   --->   "%store_ln54 = store i16 %select_ln60, i16 %cnt" [fir_hw.cpp:54]   --->   Operation 56 'store' 'store_ln54' <Predicate = (!icmp_ln26)> <Delay = 0.00>

State 2 <SV = 1> <Delay = 2.78>
ST_2 : Operation 57 [1/1] (0.00ns)   --->   "%zext_ln32 = zext i9 %tap_num_m1_read" [fir_hw.cpp:32]   --->   Operation 57 'zext' 'zext_ln32' <Predicate = true> <Delay = 0.00>
ST_2 : Operation 58 [1/1] (0.77ns)   --->   "%add_ln32 = add i10 %zext_ln32, i10 1" [fir_hw.cpp:32]   --->   Operation 58 'add' 'add_ln32' <Predicate = true> <Delay = 0.77> <CoreInst = "Adder">   --->   Core 1 'Adder' <Latency = 0> <II = 1> <Delay = 0.78> <FuncUnit> <Opcode : 'add' 'sub'> <InPorts = 2> <OutPorts = 1>
ST_2 : Operation 59 [2/2] (2.01ns)   --->   "%call_ln32 = call void @fir_hw_Pipeline_VITIS_LOOP_32_1, i10 %add_ln32, i9 %write_idx_load, i32 %coeff_hw, i32 %out_data_data_loc, i32 %out_data_data_1_loc, i24 %buffer_left, i24 %buffer_right" [fir_hw.cpp:32]   --->   Operation 59 'call' 'call_ln32' <Predicate = true> <Delay = 2.01> <CoreType = "Generic">   --->   Generic Core

State 3 <SV = 2> <Delay = 1.64>
ST_3 : Operation 60 [1/2] (1.64ns)   --->   "%call_ln32 = call void @fir_hw_Pipeline_VITIS_LOOP_32_1, i10 %add_ln32, i9 %write_idx_load, i32 %coeff_hw, i32 %out_data_data_loc, i32 %out_data_data_1_loc, i24 %buffer_left, i24 %buffer_right" [fir_hw.cpp:32]   --->   Operation 60 'call' 'call_ln32' <Predicate = true> <Delay = 1.64> <CoreType = "Generic">   --->   Generic Core

State 4 <SV = 3> <Delay = 0.49>
ST_4 : Operation 61 [1/1] (0.00ns)   --->   "%out_data_data_loc_load = load i32 %out_data_data_loc"   --->   Operation 61 'load' 'out_data_data_loc_load' <Predicate = true> <Delay = 0.00>
ST_4 : Operation 62 [2/2] (0.49ns)   --->   "%write_ln47 = write void @_ssdm_op_Write.axis.volatile.i32P0A.i4P0A.i4P0A.i1P0A, i32 %res_V_data_V, i4 %res_V_keep_V, i4 %res_V_strb_V, i1 %res_V_last_V, i32 %out_data_data_loc_load, i4 15, i4 15, i1 %out_data_last" [fir_hw.cpp:47]   --->   Operation 62 'write' 'write_ln47' <Predicate = true> <Delay = 0.49> <CoreInst = "regslice">   --->   Core 147 'regslice' <Latency = 0> <II = 1> <Delay = 0.65> <Adapter> <Opcode : 'read' 'write'>

State 5 <SV = 4> <Delay = 0.49>
ST_5 : Operation 63 [1/1] (0.00ns)   --->   "%out_data_data_1_loc_load = load i32 %out_data_data_1_loc"   --->   Operation 63 'load' 'out_data_data_1_loc_load' <Predicate = true> <Delay = 0.00>
ST_5 : Operation 64 [1/2] ( I:0.49ns O:0.49ns )   --->   "%write_ln47 = write void @_ssdm_op_Write.axis.volatile.i32P0A.i4P0A.i4P0A.i1P0A, i32 %res_V_data_V, i4 %res_V_keep_V, i4 %res_V_strb_V, i1 %res_V_last_V, i32 %out_data_data_loc_load, i4 15, i4 15, i1 %out_data_last" [fir_hw.cpp:47]   --->   Operation 64 'write' 'write_ln47' <Predicate = true> <Delay = 0.49> <CoreInst = "regslice">   --->   Core 147 'regslice' <Latency = 0> <II = 1> <Delay = 0.65> <Adapter> <Opcode : 'read' 'write'>
ST_5 : Operation 65 [2/2] (0.49ns)   --->   "%write_ln58 = write void @_ssdm_op_Write.axis.volatile.i32P0A.i4P0A.i4P0A.i1P0A, i32 %res_V_data_V, i4 %res_V_keep_V, i4 %res_V_strb_V, i1 %res_V_last_V, i32 %out_data_data_1_loc_load, i4 15, i4 15, i1 %out_data_last_1" [fir_hw.cpp:58]   --->   Operation 65 'write' 'write_ln58' <Predicate = true> <Delay = 0.49> <CoreInst = "regslice">   --->   Core 147 'regslice' <Latency = 0> <II = 1> <Delay = 0.65> <Adapter> <Opcode : 'read' 'write'>

State 6 <SV = 5> <Delay = 0.77>
ST_6 : Operation 66 [1/2] ( I:0.49ns O:0.49ns )   --->   "%write_ln58 = write void @_ssdm_op_Write.axis.volatile.i32P0A.i4P0A.i4P0A.i1P0A, i32 %res_V_data_V, i4 %res_V_keep_V, i4 %res_V_strb_V, i1 %res_V_last_V, i32 %out_data_data_1_loc_load, i4 15, i4 15, i1 %out_data_last_1" [fir_hw.cpp:58]   --->   Operation 66 'write' 'write_ln58' <Predicate = (!icmp_ln26)> <Delay = 0.49> <CoreInst = "regslice">   --->   Core 147 'regslice' <Latency = 0> <II = 1> <Delay = 0.65> <Adapter> <Opcode : 'read' 'write'>
ST_6 : Operation 67 [1/1] (0.42ns)   --->   "%br_ln63 = br void %if.end50" [fir_hw.cpp:63]   --->   Operation 67 'br' 'br_ln63' <Predicate = (!icmp_ln26)> <Delay = 0.42>
ST_6 : Operation 68 [1/1] (0.00ns)   --->   "%dec_cnt_new_0 = phi i3 %add_ln25, void %entry, i3 0, void %if.then" [fir_hw.cpp:25]   --->   Operation 68 'phi' 'dec_cnt_new_0' <Predicate = true> <Delay = 0.00>
ST_6 : Operation 69 [1/1] (0.77ns)   --->   "%add_ln65 = add i9 %write_idx_load, i9 1" [fir_hw.cpp:65]   --->   Operation 69 'add' 'add_ln65' <Predicate = true> <Delay = 0.77> <CoreInst = "Adder">   --->   Core 1 'Adder' <Latency = 0> <II = 1> <Delay = 0.77> <FuncUnit> <Opcode : 'add' 'sub'> <InPorts = 2> <OutPorts = 1>
ST_6 : Operation 70 [1/1] (0.00ns)   --->   "%store_ln65 = store i9 %add_ln65, i9 %write_idx" [fir_hw.cpp:65]   --->   Operation 70 'store' 'store_ln65' <Predicate = true> <Delay = 0.00>
ST_6 : Operation 71 [1/1] (0.00ns)   --->   "%store_ln25 = store i3 %dec_cnt_new_0, i3 %dec_cnt" [fir_hw.cpp:25]   --->   Operation 71 'store' 'store_ln25' <Predicate = true> <Delay = 0.00>
ST_6 : Operation 72 [1/1] (0.00ns)   --->   "%ret_ln68 = ret" [fir_hw.cpp:68]   --->   Operation 72 'ret' 'ret_ln68' <Predicate = true> <Delay = 0.00>


============================================================
+ Verbose Summary: Binding
============================================================
STG Binding: 
---------------- STG Properties BEGIN ----------------
- Is combinational: 0
- Is one-state seq: 0
- Is datapath-only: 0
- Is pipelined: 0
- Is top level: 1
Port [ Return ] is wired: 1; IO mode=ap_ctrl_none:ce=0
Port [ tlast_dnum]:  wired=1; compound=0; hidden=0; nouse=0; global=0; static=0; extern=0; dir=0; type=0; pingpong=0; private_global=0; IO mode=ap_none:ce=0
Port [ smpl_rd_num]:  wired=1; compound=0; hidden=0; nouse=0; global=0; static=0; extern=0; dir=0; type=0; pingpong=0; private_global=0; IO mode=ap_none:ce=0
Port [ tap_num_m1]:  wired=1; compound=0; hidden=0; nouse=0; global=0; static=0; extern=0; dir=0; type=0; pingpong=0; private_global=0; IO mode=ap_none:ce=0
Port [ coeff_hw]:  wired=1; compound=1; hidden=0; nouse=0; global=0; static=0; extern=0; dir=0; type=1; pingpong=0; private_global=0; MemPort=[1]; IO mode=ap_memory:ce=0
Port [ input_l]:  wired=1; compound=0; hidden=0; nouse=0; global=0; static=0; extern=0; dir=0; type=0; pingpong=0; private_global=0; IO mode=ap_hs:ce=0
Port [ input_r]:  wired=1; compound=0; hidden=0; nouse=0; global=0; static=0; extern=0; dir=0; type=0; pingpong=0; private_global=0; IO mode=ap_hs:ce=0
Port [ res_V_data_V]:  wired=1; compound=1; hidden=0; nouse=0; global=0; static=0; extern=0; dir=1; type=0; pingpong=0; private_global=0; IO mode=axis:ce=0
Port [ res_V_keep_V]:  wired=1; compound=1; hidden=0; nouse=0; global=0; static=0; extern=0; dir=1; type=0; pingpong=0; private_global=0; IO mode=axis:ce=0
Port [ res_V_strb_V]:  wired=1; compound=1; hidden=0; nouse=0; global=0; static=0; extern=0; dir=1; type=0; pingpong=0; private_global=0; IO mode=axis:ce=0
Port [ res_V_last_V]:  wired=1; compound=1; hidden=0; nouse=0; global=0; static=0; extern=0; dir=1; type=0; pingpong=0; private_global=0; IO mode=axis:ce=0
Port [ write_idx]:  wired=0; compound=0; hidden=1; nouse=0; global=1; static=1; extern=0; dir=2; type=0; pingpong=0; private_global=1; IO mode=ap_ovld:ce=0
Port [ buffer_left]:  wired=0; compound=1; hidden=1; nouse=0; global=1; static=1; extern=0; dir=2; type=1; pingpong=0; private_global=1; MemPort=[23]; IO mode=ap_memory:ce=0
Port [ buffer_right]:  wired=0; compound=1; hidden=1; nouse=0; global=1; static=1; extern=0; dir=2; type=1; pingpong=0; private_global=1; MemPort=[23]; IO mode=ap_memory:ce=0
Port [ dec_cnt]:  wired=0; compound=0; hidden=1; nouse=0; global=1; static=1; extern=0; dir=2; type=0; pingpong=0; private_global=1; IO mode=ap_ovld:ce=0
Port [ cnt]:  wired=0; compound=0; hidden=1; nouse=0; global=1; static=1; extern=0; dir=2; type=0; pingpong=0; private_global=1; IO mode=ap_ovld:ce=0
---------------- STG Properties END ------------------

---------------- Datapath Model BEGIN ----------------

<LifeTime>
<method=bitvector/>
tap_num_m1_read          (read               ) [ 0010000]
smpl_rd_num_read         (read               ) [ 0000000]
tlast_dnum_read          (read               ) [ 0000000]
out_data_data_1_loc      (alloca             ) [ 0011110]
out_data_data_loc        (alloca             ) [ 0011100]
spectopmodule_ln3        (spectopmodule      ) [ 0000000]
specinterface_ln3        (specinterface      ) [ 0000000]
specbitsmap_ln0          (specbitsmap        ) [ 0000000]
specinterface_ln0        (specinterface      ) [ 0000000]
specinterface_ln0        (specinterface      ) [ 0000000]
specbitsmap_ln0          (specbitsmap        ) [ 0000000]
specinterface_ln0        (specinterface      ) [ 0000000]
specinterface_ln0        (specinterface      ) [ 0000000]
specbitsmap_ln0          (specbitsmap        ) [ 0000000]
specinterface_ln0        (specinterface      ) [ 0000000]
specinterface_ln0        (specinterface      ) [ 0000000]
specinterface_ln0        (specinterface      ) [ 0000000]
specinterface_ln0        (specinterface      ) [ 0000000]
specmemcore_ln0          (specmemcore        ) [ 0000000]
specbitsmap_ln0          (specbitsmap        ) [ 0000000]
specbitsmap_ln0          (specbitsmap        ) [ 0000000]
specinterface_ln0        (specinterface      ) [ 0000000]
specbitsmap_ln0          (specbitsmap        ) [ 0000000]
specinterface_ln0        (specinterface      ) [ 0000000]
specinterface_ln0        (specinterface      ) [ 0000000]
specbitsmap_ln0          (specbitsmap        ) [ 0000000]
specbitsmap_ln0          (specbitsmap        ) [ 0000000]
specbitsmap_ln0          (specbitsmap        ) [ 0000000]
specbitsmap_ln0          (specbitsmap        ) [ 0000000]
input_l_read             (read               ) [ 0000000]
write_idx_load           (load               ) [ 0011111]
zext_ln22                (zext               ) [ 0000000]
buffer_left_addr         (getelementptr      ) [ 0000000]
store_ln22               (store              ) [ 0000000]
input_r_read             (read               ) [ 0000000]
buffer_right_addr        (getelementptr      ) [ 0000000]
store_ln23               (store              ) [ 0000000]
dec_cnt_load             (load               ) [ 0000000]
add_ln25                 (add                ) [ 0111111]
icmp_ln26                (icmp               ) [ 0111111]
specaxissidechannel_ln26 (specaxissidechannel) [ 0000000]
br_ln26                  (br                 ) [ 0111111]
cnt_load                 (load               ) [ 0000000]
add_ln43                 (add                ) [ 0000000]
out_data_last            (icmp               ) [ 0011110]
add_ln54                 (add                ) [ 0000000]
select_ln54              (select             ) [ 0000000]
out_data_last_1          (icmp               ) [ 0011111]
select_ln60              (select             ) [ 0000000]
store_ln54               (store              ) [ 0000000]
zext_ln32                (zext               ) [ 0000000]
add_ln32                 (add                ) [ 0001000]
call_ln32                (call               ) [ 0000000]
out_data_data_loc_load   (load               ) [ 0000010]
out_data_data_1_loc_load (load               ) [ 0000001]
write_ln47               (write              ) [ 0000000]
write_ln58               (write              ) [ 0000000]
br_ln63                  (br                 ) [ 0000000]
dec_cnt_new_0            (phi                ) [ 0000001]
add_ln65                 (add                ) [ 0000000]
store_ln65               (store              ) [ 0000000]
store_ln25               (store              ) [ 0000000]
ret_ln68                 (ret                ) [ 0000000]
</LifeTime>

<model>

<comp_list>
<comp id="0" class="1000" name="tlast_dnum">
<pin_list>
<pin id="1" dir="1" index="0" bw="1" slack="0"/>
</pin_list>
<bind>
<StgValue><ssdm name="tlast_dnum"/></StgValue>
</bind>
</comp>

<comp id="2" class="1000" name="smpl_rd_num">
<pin_list>
<pin id="3" dir="1" index="0" bw="1" slack="0"/>
</pin_list>
<bind>
<StgValue><ssdm name="smpl_rd_num"/></StgValue>
</bind>
</comp>

<comp id="4" class="1000" name="tap_num_m1">
<pin_list>
<pin id="5" dir="1" index="0" bw="1" slack="0"/>
</pin_list>
<bind>
<StgValue><ssdm name="tap_num_m1"/></StgValue>
</bind>
</comp>

<comp id="6" class="1000" name="coeff_hw">
<pin_list>
<pin id="7" dir="1" index="0" bw="1" slack="0"/>
</pin_list>
<bind>
<StgValue><ssdm name="coeff_hw"/><MemPortTyVec>1 </MemPortTyVec>
</StgValue>
</bind>
</comp>

<comp id="8" class="1000" name="input_l">
<pin_list>
<pin id="9" dir="1" index="0" bw="1" slack="0"/>
</pin_list>
<bind>
<StgValue><ssdm name="input_l"/></StgValue>
</bind>
</comp>

<comp id="10" class="1000" name="input_r">
<pin_list>
<pin id="11" dir="1" index="0" bw="1" slack="0"/>
</pin_list>
<bind>
<StgValue><ssdm name="input_r"/></StgValue>
</bind>
</comp>

<comp id="12" class="1000" name="res_V_data_V">
<pin_list>
<pin id="13" dir="1" index="0" bw="1" slack="0"/>
</pin_list>
<bind>
<StgValue><ssdm name="res_V_data_V"/></StgValue>
</bind>
</comp>

<comp id="14" class="1000" name="res_V_keep_V">
<pin_list>
<pin id="15" dir="1" index="0" bw="1" slack="0"/>
</pin_list>
<bind>
<StgValue><ssdm name="res_V_keep_V"/></StgValue>
</bind>
</comp>

<comp id="16" class="1000" name="res_V_strb_V">
<pin_list>
<pin id="17" dir="1" index="0" bw="1" slack="0"/>
</pin_list>
<bind>
<StgValue><ssdm name="res_V_strb_V"/></StgValue>
</bind>
</comp>

<comp id="18" class="1000" name="res_V_last_V">
<pin_list>
<pin id="19" dir="1" index="0" bw="1" slack="0"/>
</pin_list>
<bind>
<StgValue><ssdm name="res_V_last_V"/></StgValue>
</bind>
</comp>

<comp id="20" class="1000" name="write_idx">
<pin_list>
<pin id="21" dir="1" index="0" bw="1" slack="0"/>
</pin_list>
<bind>
<StgValue><ssdm name="write_idx"/></StgValue>
</bind>
</comp>

<comp id="22" class="1000" name="buffer_left">
<pin_list>
<pin id="23" dir="1" index="0" bw="1" slack="0"/>
</pin_list>
<bind>
<StgValue><ssdm name="buffer_left"/><MemPortTyVec>2 3 </MemPortTyVec>
</StgValue>
</bind>
</comp>

<comp id="24" class="1000" name="buffer_right">
<pin_list>
<pin id="25" dir="1" index="0" bw="1" slack="0"/>
</pin_list>
<bind>
<StgValue><ssdm name="buffer_right"/><MemPortTyVec>2 3 </MemPortTyVec>
</StgValue>
</bind>
</comp>

<comp id="26" class="1000" name="dec_cnt">
<pin_list>
<pin id="27" dir="1" index="0" bw="1" slack="0"/>
</pin_list>
<bind>
<StgValue><ssdm name="dec_cnt"/></StgValue>
</bind>
</comp>

<comp id="28" class="1000" name="cnt">
<pin_list>
<pin id="29" dir="1" index="0" bw="1" slack="0"/>
</pin_list>
<bind>
<StgValue><ssdm name="cnt"/></StgValue>
</bind>
</comp>

<comp id="30" class="1001" name="const_30">
<pin_list>
<pin id="31" dir="1" index="0" bw="1" slack="0"/>
</pin_list>
<bind>
<StgValue><ssdm name="_ssdm_op_Read.s_axilite.i9"/></StgValue>
</bind>
</comp>

<comp id="32" class="1001" name="const_32">
<pin_list>
<pin id="33" dir="1" index="0" bw="1" slack="0"/>
</pin_list>
<bind>
<StgValue><ssdm name="_ssdm_op_Read.s_axilite.i3"/></StgValue>
</bind>
</comp>

<comp id="34" class="1001" name="const_34">
<pin_list>
<pin id="35" dir="1" index="0" bw="1" slack="0"/>
</pin_list>
<bind>
<StgValue><ssdm name="_ssdm_op_Read.s_axilite.i16"/></StgValue>
</bind>
</comp>

<comp id="36" class="1001" name="const_36">
<pin_list>
<pin id="37" dir="1" index="0" bw="1" slack="0"/>
</pin_list>
<bind>
<StgValue><ssdm name=""/></StgValue>
</bind>
</comp>

<comp id="38" class="1001" name="const_38">
<pin_list>
<pin id="39" dir="1" index="0" bw="1" slack="2147483647"/>
</pin_list>
<bind>
<StgValue><ssdm name="_ssdm_op_SpecTopModule"/></StgValue>
</bind>
</comp>

<comp id="40" class="1001" name="const_40">
<pin_list>
<pin id="41" dir="1" index="0" bw="1" slack="2147483647"/>
</pin_list>
<bind>
<StgValue><ssdm name="empty_12"/></StgValue>
</bind>
</comp>

<comp id="42" class="1001" name="const_42">
<pin_list>
<pin id="43" dir="1" index="0" bw="1" slack="2147483647"/>
</pin_list>
<bind>
<StgValue><ssdm name="_ssdm_op_SpecInterface"/></StgValue>
</bind>
</comp>

<comp id="44" class="1001" name="const_44">
<pin_list>
<pin id="45" dir="1" index="0" bw="1" slack="2147483647"/>
</pin_list>
<bind>
<StgValue><ssdm name=""/></StgValue>
</bind>
</comp>

<comp id="46" class="1001" name="const_46">
<pin_list>
<pin id="47" dir="1" index="0" bw="1" slack="2147483647"/>
</pin_list>
<bind>
<StgValue><ssdm name="empty_13"/></StgValue>
</bind>
</comp>

<comp id="48" class="1001" name="const_48">
<pin_list>
<pin id="49" dir="1" index="0" bw="1" slack="2147483647"/>
</pin_list>
<bind>
<StgValue><ssdm name="empty_8"/></StgValue>
</bind>
</comp>

<comp id="50" class="1001" name="const_50">
<pin_list>
<pin id="51" dir="1" index="0" bw="1" slack="2147483647"/>
</pin_list>
<bind>
<StgValue><ssdm name=""/></StgValue>
</bind>
</comp>

<comp id="52" class="1001" name="const_52">
<pin_list>
<pin id="53" dir="1" index="0" bw="1" slack="2147483647"/>
</pin_list>
<bind>
<StgValue><ssdm name="_ssdm_op_SpecBitsMap"/></StgValue>
</bind>
</comp>

<comp id="54" class="1001" name="const_54">
<pin_list>
<pin id="55" dir="1" index="0" bw="1" slack="2147483647"/>
</pin_list>
<bind>
<StgValue><ssdm name="empty_2"/></StgValue>
</bind>
</comp>

<comp id="56" class="1001" name="const_56">
<pin_list>
<pin id="57" dir="1" index="0" bw="1" slack="2147483647"/>
</pin_list>
<bind>
<StgValue><ssdm name="empty_3"/></StgValue>
</bind>
</comp>

<comp id="58" class="1001" name="const_58">
<pin_list>
<pin id="59" dir="1" index="0" bw="1" slack="2147483647"/>
</pin_list>
<bind>
<StgValue><ssdm name="empty_9"/></StgValue>
</bind>
</comp>

<comp id="60" class="1001" name="const_60">
<pin_list>
<pin id="61" dir="1" index="0" bw="1" slack="2147483647"/>
</pin_list>
<bind>
<StgValue><ssdm name="empty_7"/></StgValue>
</bind>
</comp>

<comp id="62" class="1001" name="const_62">
<pin_list>
<pin id="63" dir="1" index="0" bw="1" slack="2147483647"/>
</pin_list>
<bind>
<StgValue><ssdm name="empty_4"/></StgValue>
</bind>
</comp>

<comp id="64" class="1001" name="const_64">
<pin_list>
<pin id="65" dir="1" index="0" bw="1" slack="2147483647"/>
</pin_list>
<bind>
<StgValue><ssdm name="empty_5"/></StgValue>
</bind>
</comp>

<comp id="66" class="1001" name="const_66">
<pin_list>
<pin id="67" dir="1" index="0" bw="1" slack="2147483647"/>
</pin_list>
<bind>
<StgValue><ssdm name="empty_6"/></StgValue>
</bind>
</comp>

<comp id="68" class="1001" name="const_68">
<pin_list>
<pin id="69" dir="1" index="0" bw="1" slack="2147483647"/>
</pin_list>
<bind>
<StgValue><ssdm name="empty_1"/></StgValue>
</bind>
</comp>

<comp id="70" class="1001" name="const_70">
<pin_list>
<pin id="71" dir="1" index="0" bw="1" slack="2147483647"/>
</pin_list>
<bind>
<StgValue><ssdm name=""/></StgValue>
</bind>
</comp>

<comp id="72" class="1001" name="const_72">
<pin_list>
<pin id="73" dir="1" index="0" bw="1" slack="2147483647"/>
</pin_list>
<bind>
<StgValue><ssdm name="_ssdm_op_SpecMemCore"/></StgValue>
</bind>
</comp>

<comp id="74" class="1001" name="const_74">
<pin_list>
<pin id="75" dir="1" index="0" bw="1" slack="2147483647"/>
</pin_list>
<bind>
<StgValue><ssdm name=""/></StgValue>
</bind>
</comp>

<comp id="76" class="1001" name="const_76">
<pin_list>
<pin id="77" dir="1" index="0" bw="1" slack="2147483647"/>
</pin_list>
<bind>
<StgValue><ssdm name=""/></StgValue>
</bind>
</comp>

<comp id="78" class="1001" name="const_78">
<pin_list>
<pin id="79" dir="1" index="0" bw="1" slack="2147483647"/>
</pin_list>
<bind>
<StgValue><ssdm name=""/></StgValue>
</bind>
</comp>

<comp id="80" class="1001" name="const_80">
<pin_list>
<pin id="81" dir="1" index="0" bw="1" slack="2147483647"/>
</pin_list>
<bind>
<StgValue><ssdm name="empty_0"/></StgValue>
</bind>
</comp>

<comp id="82" class="1001" name="const_82">
<pin_list>
<pin id="83" dir="1" index="0" bw="1" slack="2147483647"/>
</pin_list>
<bind>
<StgValue><ssdm name="empty"/></StgValue>
</bind>
</comp>

<comp id="84" class="1001" name="const_84">
<pin_list>
<pin id="85" dir="1" index="0" bw="1" slack="2147483647"/>
</pin_list>
<bind>
<StgValue><ssdm name="empty_10"/></StgValue>
</bind>
</comp>

<comp id="86" class="1001" name="const_86">
<pin_list>
<pin id="87" dir="1" index="0" bw="1" slack="0"/>
</pin_list>
<bind>
<StgValue><ssdm name="_ssdm_op_Read.ap_hs.i24P0A"/></StgValue>
</bind>
</comp>

<comp id="88" class="1001" name="const_88">
<pin_list>
<pin id="89" dir="1" index="0" bw="1" slack="0"/>
</pin_list>
<bind>
<StgValue><ssdm name=""/></StgValue>
</bind>
</comp>

<comp id="90" class="1001" name="const_90">
<pin_list>
<pin id="91" dir="1" index="0" bw="1" slack="0"/>
</pin_list>
<bind>
<StgValue><ssdm name=""/></StgValue>
</bind>
</comp>

<comp id="92" class="1001" name="const_92">
<pin_list>
<pin id="93" dir="1" index="0" bw="1" slack="2147483647"/>
</pin_list>
<bind>
<StgValue><ssdm name="_ssdm_op_SpecAXISSideChannel"/></StgValue>
</bind>
</comp>

<comp id="94" class="1001" name="const_94">
<pin_list>
<pin id="95" dir="1" index="0" bw="1" slack="2147483647"/>
</pin_list>
<bind>
<StgValue><ssdm name=""/></StgValue>
</bind>
</comp>

<comp id="96" class="1001" name="const_96">
<pin_list>
<pin id="97" dir="1" index="0" bw="1" slack="2147483647"/>
</pin_list>
<bind>
<StgValue><ssdm name="empty_11"/></StgValue>
</bind>
</comp>

<comp id="98" class="1001" name="const_98">
<pin_list>
<pin id="99" dir="1" index="0" bw="1" slack="0"/>
</pin_list>
<bind>
<StgValue><ssdm name=""/></StgValue>
</bind>
</comp>

<comp id="100" class="1001" name="const_100">
<pin_list>
<pin id="101" dir="1" index="0" bw="1" slack="0"/>
</pin_list>
<bind>
<StgValue><ssdm name=""/></StgValue>
</bind>
</comp>

<comp id="102" class="1001" name="const_102">
<pin_list>
<pin id="103" dir="1" index="0" bw="1" slack="0"/>
</pin_list>
<bind>
<StgValue><ssdm name=""/></StgValue>
</bind>
</comp>

<comp id="104" class="1001" name="const_104">
<pin_list>
<pin id="105" dir="1" index="0" bw="1" slack="0"/>
</pin_list>
<bind>
<StgValue><ssdm name=""/></StgValue>
</bind>
</comp>

<comp id="106" class="1001" name="const_106">
<pin_list>
<pin id="107" dir="1" index="0" bw="1" slack="0"/>
</pin_list>
<bind>
<StgValue><ssdm name="fir_hw_Pipeline_VITIS_LOOP_32_1"/></StgValue>
</bind>
</comp>

<comp id="108" class="1001" name="const_108">
<pin_list>
<pin id="109" dir="1" index="0" bw="1" slack="0"/>
</pin_list>
<bind>
<StgValue><ssdm name="_ssdm_op_Write.axis.volatile.i32P0A.i4P0A.i4P0A.i1P0A"/></StgValue>
</bind>
</comp>

<comp id="110" class="1001" name="const_110">
<pin_list>
<pin id="111" dir="1" index="0" bw="1" slack="0"/>
</pin_list>
<bind>
<StgValue><ssdm name=""/></StgValue>
</bind>
</comp>

<comp id="112" class="1001" name="const_112">
<pin_list>
<pin id="113" dir="1" index="0" bw="1" slack="0"/>
</pin_list>
<bind>
<StgValue><ssdm name=""/></StgValue>
</bind>
</comp>

<comp id="114" class="1001" name="const_114">
<pin_list>
<pin id="115" dir="1" index="0" bw="1" slack="0"/>
</pin_list>
<bind>
<StgValue><ssdm name=""/></StgValue>
</bind>
</comp>

<comp id="116" class="1004" name="out_data_data_1_loc_fu_116">
<pin_list>
<pin id="117" dir="0" index="0" bw="1" slack="0"/>
<pin id="118" dir="1" index="1" bw="32" slack="1"/>
</pin_list>
<bind>
<opcode="alloca(26) " fcode="alloca"/>
<opset="out_data_data_1_loc/1 "/>
</bind>
</comp>

<comp id="120" class="1004" name="out_data_data_loc_fu_120">
<pin_list>
<pin id="121" dir="0" index="0" bw="1" slack="0"/>
<pin id="122" dir="1" index="1" bw="32" slack="1"/>
</pin_list>
<bind>
<opcode="alloca(26) " fcode="alloca"/>
<opset="out_data_data_loc/1 "/>
</bind>
</comp>

<comp id="124" class="1004" name="tap_num_m1_read_read_fu_124">
<pin_list>
<pin id="125" dir="0" index="0" bw="9" slack="0"/>
<pin id="126" dir="0" index="1" bw="9" slack="0"/>
<pin id="127" dir="1" index="2" bw="9" slack="1"/>
</pin_list>
<bind>
<opcode="read(1150) " fcode="read"/>
<opset="tap_num_m1_read/1 "/>
</bind>
</comp>

<comp id="130" class="1004" name="smpl_rd_num_read_read_fu_130">
<pin_list>
<pin id="131" dir="0" index="0" bw="3" slack="0"/>
<pin id="132" dir="0" index="1" bw="3" slack="0"/>
<pin id="133" dir="1" index="2" bw="3" slack="0"/>
</pin_list>
<bind>
<opcode="read(1150) " fcode="read"/>
<opset="smpl_rd_num_read/1 "/>
</bind>
</comp>

<comp id="136" class="1004" name="tlast_dnum_read_read_fu_136">
<pin_list>
<pin id="137" dir="0" index="0" bw="16" slack="0"/>
<pin id="138" dir="0" index="1" bw="16" slack="0"/>
<pin id="139" dir="1" index="2" bw="16" slack="0"/>
</pin_list>
<bind>
<opcode="read(1150) " fcode="read"/>
<opset="tlast_dnum_read/1 "/>
</bind>
</comp>

<comp id="142" class="1004" name="input_l_read_read_fu_142">
<pin_list>
<pin id="143" dir="0" index="0" bw="24" slack="0"/>
<pin id="144" dir="0" index="1" bw="24" slack="0"/>
<pin id="145" dir="1" index="2" bw="24" slack="0"/>
</pin_list>
<bind>
<opcode="read(1150) " fcode="read"/>
<opset="input_l_read/1 "/>
</bind>
</comp>

<comp id="148" class="1004" name="input_r_read_read_fu_148">
<pin_list>
<pin id="149" dir="0" index="0" bw="24" slack="0"/>
<pin id="150" dir="0" index="1" bw="24" slack="0"/>
<pin id="151" dir="1" index="2" bw="24" slack="0"/>
</pin_list>
<bind>
<opcode="read(1150) " fcode="read"/>
<opset="input_r_read/1 "/>
</bind>
</comp>

<comp id="154" class="1004" name="grp_write_fu_154">
<pin_list>
<pin id="155" dir="0" index="0" bw="0" slack="0"/>
<pin id="156" dir="0" index="1" bw="32" slack="0"/>
<pin id="157" dir="0" index="2" bw="4" slack="0"/>
<pin id="158" dir="0" index="3" bw="4" slack="0"/>
<pin id="159" dir="0" index="4" bw="1" slack="0"/>
<pin id="160" dir="0" index="5" bw="32" slack="0"/>
<pin id="161" dir="0" index="6" bw="1" slack="0"/>
<pin id="162" dir="0" index="7" bw="1" slack="0"/>
<pin id="163" dir="0" index="8" bw="1" slack="3"/>
<pin id="164" dir="1" index="9" bw="0" slack="2147483647"/>
</pin_list>
<bind>
<opcode="write(1151) " fcode="write"/>
<opset="write_ln47/4 write_ln58/5 "/>
</bind>
</comp>

<comp id="172" class="1004" name="buffer_left_addr_gep_fu_172">
<pin_list>
<pin id="173" dir="0" index="0" bw="24" slack="0"/>
<pin id="174" dir="0" index="1" bw="1" slack="0"/>
<pin id="175" dir="0" index="2" bw="9" slack="0"/>
<pin id="176" dir="1" index="3" bw="9" slack="0"/>
</pin_list>
<bind>
<opcode="getelementptr(29) " fcode="getelementptr"/>
<opset="buffer_left_addr/1 "/>
</bind>
</comp>

<comp id="179" class="1004" name="store_ln22_access_fu_179">
<pin_list>
<pin id="180" dir="0" index="0" bw="9" slack="0"/>
<pin id="181" dir="0" index="1" bw="24" slack="0"/>
<pin id="182" dir="0" index="2" bw="0" slack="2147483647"/>
<pin id="183" dir="1" index="3" bw="24" slack="2147483647"/>
</pin_list>
<bind>
<opcode="store(28) " fcode="store"/>
<opset="store_ln22/1 "/>
</bind>
</comp>

<comp id="186" class="1004" name="buffer_right_addr_gep_fu_186">
<pin_list>
<pin id="187" dir="0" index="0" bw="24" slack="0"/>
<pin id="188" dir="0" index="1" bw="1" slack="0"/>
<pin id="189" dir="0" index="2" bw="9" slack="0"/>
<pin id="190" dir="1" index="3" bw="9" slack="0"/>
</pin_list>
<bind>
<opcode="getelementptr(29) " fcode="getelementptr"/>
<opset="buffer_right_addr/1 "/>
</bind>
</comp>

<comp id="193" class="1004" name="store_ln23_access_fu_193">
<pin_list>
<pin id="194" dir="0" index="0" bw="9" slack="0"/>
<pin id="195" dir="0" index="1" bw="24" slack="0"/>
<pin id="196" dir="0" index="2" bw="0" slack="2147483647"/>
<pin id="197" dir="1" index="3" bw="24" slack="2147483647"/>
</pin_list>
<bind>
<opcode="store(28) " fcode="store"/>
<opset="store_ln23/1 "/>
</bind>
</comp>

<comp id="200" class="1005" name="dec_cnt_new_0_reg_200">
<pin_list>
<pin id="201" dir="0" index="0" bw="3" slack="2147483647"/>
<pin id="202" dir="1" index="1" bw="3" slack="2147483647"/>
</pin_list>
<bind>
<opset="dec_cnt_new_0 (phireg) "/>
</bind>
</comp>

<comp id="203" class="1004" name="dec_cnt_new_0_phi_fu_203">
<pin_list>
<pin id="204" dir="0" index="0" bw="3" slack="5"/>
<pin id="205" dir="0" index="1" bw="0" slack="2147483647"/>
<pin id="206" dir="0" index="2" bw="1" slack="0"/>
<pin id="207" dir="0" index="3" bw="0" slack="2147483647"/>
<pin id="208" dir="1" index="4" bw="3" slack="0"/>
</pin_list>
<bind>
<opcode="phi(47) " fcode="phi"/>
<opset="dec_cnt_new_0/6 "/>
</bind>
</comp>

<comp id="210" class="1004" name="grp_fir_hw_Pipeline_VITIS_LOOP_32_1_fu_210">
<pin_list>
<pin id="211" dir="0" index="0" bw="0" slack="0"/>
<pin id="212" dir="0" index="1" bw="10" slack="0"/>
<pin id="213" dir="0" index="2" bw="9" slack="2147483647"/>
<pin id="214" dir="0" index="3" bw="32" slack="0"/>
<pin id="215" dir="0" index="4" bw="32" slack="1"/>
<pin id="216" dir="0" index="5" bw="32" slack="1"/>
<pin id="217" dir="0" index="6" bw="24" slack="0"/>
<pin id="218" dir="0" index="7" bw="24" slack="0"/>
<pin id="219" dir="1" index="8" bw="0" slack="2147483647"/>
</pin_list>
<bind>
<opcode="call(48) " fcode="call"/>
<opset="call_ln32/2 "/>
</bind>
</comp>

<comp id="224" class="1004" name="write_idx_load_load_fu_224">
<pin_list>
<pin id="225" dir="0" index="0" bw="9" slack="0"/>
<pin id="226" dir="1" index="1" bw="9" slack="0"/>
</pin_list>
<bind>
<opcode="load(27) " fcode="load"/>
<opset="write_idx_load/1 "/>
</bind>
</comp>

<comp id="228" class="1004" name="zext_ln22_fu_228">
<pin_list>
<pin id="229" dir="0" index="0" bw="9" slack="0"/>
<pin id="230" dir="1" index="1" bw="64" slack="0"/>
</pin_list>
<bind>
<opcode="zext(34) " fcode="zext"/>
<opset="zext_ln22/1 "/>
</bind>
</comp>

<comp id="234" class="1004" name="dec_cnt_load_load_fu_234">
<pin_list>
<pin id="235" dir="0" index="0" bw="3" slack="0"/>
<pin id="236" dir="1" index="1" bw="3" slack="0"/>
</pin_list>
<bind>
<opcode="load(27) " fcode="load"/>
<opset="dec_cnt_load/1 "/>
</bind>
</comp>

<comp id="238" class="1004" name="add_ln25_fu_238">
<pin_list>
<pin id="239" dir="0" index="0" bw="3" slack="0"/>
<pin id="240" dir="0" index="1" bw="1" slack="0"/>
<pin id="241" dir="1" index="2" bw="3" slack="0"/>
</pin_list>
<bind>
<opcode="add(8) " fcode="add"/>
<opset="add_ln25/1 "/>
</bind>
</comp>

<comp id="244" class="1004" name="icmp_ln26_fu_244">
<pin_list>
<pin id="245" dir="0" index="0" bw="3" slack="0"/>
<pin id="246" dir="0" index="1" bw="3" slack="0"/>
<pin id="247" dir="1" index="2" bw="1" slack="5"/>
</pin_list>
<bind>
<opcode="icmp(45) " fcode="icmp"/>
<opset="icmp_ln26/1 "/>
</bind>
</comp>

<comp id="250" class="1004" name="cnt_load_load_fu_250">
<pin_list>
<pin id="251" dir="0" index="0" bw="16" slack="0"/>
<pin id="252" dir="1" index="1" bw="16" slack="0"/>
</pin_list>
<bind>
<opcode="load(27) " fcode="load"/>
<opset="cnt_load/1 "/>
</bind>
</comp>

<comp id="254" class="1004" name="add_ln43_fu_254">
<pin_list>
<pin id="255" dir="0" index="0" bw="16" slack="0"/>
<pin id="256" dir="0" index="1" bw="1" slack="0"/>
<pin id="257" dir="1" index="2" bw="16" slack="0"/>
</pin_list>
<bind>
<opcode="add(8) " fcode="add"/>
<opset="add_ln43/1 "/>
</bind>
</comp>

<comp id="260" class="1004" name="out_data_last_fu_260">
<pin_list>
<pin id="261" dir="0" index="0" bw="16" slack="0"/>
<pin id="262" dir="0" index="1" bw="16" slack="0"/>
<pin id="263" dir="1" index="2" bw="1" slack="0"/>
</pin_list>
<bind>
<opcode="icmp(45) " fcode="icmp"/>
<opset="out_data_last/1 "/>
</bind>
</comp>

<comp id="266" class="1004" name="add_ln54_fu_266">
<pin_list>
<pin id="267" dir="0" index="0" bw="16" slack="0"/>
<pin id="268" dir="0" index="1" bw="3" slack="0"/>
<pin id="269" dir="1" index="2" bw="16" slack="0"/>
</pin_list>
<bind>
<opcode="add(8) " fcode="add"/>
<opset="add_ln54/1 "/>
</bind>
</comp>

<comp id="272" class="1004" name="select_ln54_fu_272">
<pin_list>
<pin id="273" dir="0" index="0" bw="1" slack="0"/>
<pin id="274" dir="0" index="1" bw="16" slack="0"/>
<pin id="275" dir="0" index="2" bw="16" slack="0"/>
<pin id="276" dir="1" index="3" bw="16" slack="0"/>
</pin_list>
<bind>
<opcode="select(49) " fcode="select"/>
<opset="select_ln54/1 "/>
</bind>
</comp>

<comp id="280" class="1004" name="out_data_last_1_fu_280">
<pin_list>
<pin id="281" dir="0" index="0" bw="16" slack="0"/>
<pin id="282" dir="0" index="1" bw="16" slack="0"/>
<pin id="283" dir="1" index="2" bw="1" slack="0"/>
</pin_list>
<bind>
<opcode="icmp(45) " fcode="icmp"/>
<opset="out_data_last_1/1 "/>
</bind>
</comp>

<comp id="286" class="1004" name="select_ln60_fu_286">
<pin_list>
<pin id="287" dir="0" index="0" bw="1" slack="0"/>
<pin id="288" dir="0" index="1" bw="16" slack="0"/>
<pin id="289" dir="0" index="2" bw="16" slack="0"/>
<pin id="290" dir="1" index="3" bw="16" slack="0"/>
</pin_list>
<bind>
<opcode="select(49) " fcode="select"/>
<opset="select_ln60/1 "/>
</bind>
</comp>

<comp id="294" class="1004" name="store_ln54_store_fu_294">
<pin_list>
<pin id="295" dir="0" index="0" bw="16" slack="0"/>
<pin id="296" dir="0" index="1" bw="16" slack="0"/>
<pin id="297" dir="1" index="2" bw="0" slack="2147483647"/>
</pin_list>
<bind>
<opcode="store(28) " fcode="store"/>
<opset="store_ln54/1 "/>
</bind>
</comp>

<comp id="300" class="1004" name="zext_ln32_fu_300">
<pin_list>
<pin id="301" dir="0" index="0" bw="9" slack="1"/>
<pin id="302" dir="1" index="1" bw="10" slack="0"/>
</pin_list>
<bind>
<opcode="zext(34) " fcode="zext"/>
<opset="zext_ln32/2 "/>
</bind>
</comp>

<comp id="303" class="1004" name="add_ln32_fu_303">
<pin_list>
<pin id="304" dir="0" index="0" bw="9" slack="0"/>
<pin id="305" dir="0" index="1" bw="1" slack="0"/>
<pin id="306" dir="1" index="2" bw="10" slack="0"/>
</pin_list>
<bind>
<opcode="add(8) " fcode="add"/>
<opset="add_ln32/2 "/>
</bind>
</comp>

<comp id="310" class="1004" name="out_data_data_loc_load_load_fu_310">
<pin_list>
<pin id="311" dir="0" index="0" bw="32" slack="3"/>
<pin id="312" dir="1" index="1" bw="32" slack="0"/>
</pin_list>
<bind>
<opcode="load(27) " fcode="load"/>
<opset="out_data_data_loc_load/4 "/>
</bind>
</comp>

<comp id="314" class="1004" name="out_data_data_1_loc_load_load_fu_314">
<pin_list>
<pin id="315" dir="0" index="0" bw="32" slack="4"/>
<pin id="316" dir="1" index="1" bw="32" slack="0"/>
</pin_list>
<bind>
<opcode="load(27) " fcode="load"/>
<opset="out_data_data_1_loc_load/5 "/>
</bind>
</comp>

<comp id="318" class="1004" name="add_ln65_fu_318">
<pin_list>
<pin id="319" dir="0" index="0" bw="9" slack="2147483647"/>
<pin id="320" dir="0" index="1" bw="1" slack="0"/>
<pin id="321" dir="1" index="2" bw="9" slack="0"/>
</pin_list>
<bind>
<opcode="add(8) " fcode="add"/>
<opset="add_ln65/6 "/>
</bind>
</comp>

<comp id="323" class="1004" name="store_ln65_store_fu_323">
<pin_list>
<pin id="324" dir="0" index="0" bw="9" slack="0"/>
<pin id="325" dir="0" index="1" bw="9" slack="0"/>
<pin id="326" dir="1" index="2" bw="0" slack="2147483647"/>
</pin_list>
<bind>
<opcode="store(28) " fcode="store"/>
<opset="store_ln65/6 "/>
</bind>
</comp>

<comp id="329" class="1004" name="store_ln25_store_fu_329">
<pin_list>
<pin id="330" dir="0" index="0" bw="3" slack="0"/>
<pin id="331" dir="0" index="1" bw="3" slack="0"/>
<pin id="332" dir="1" index="2" bw="0" slack="2147483647"/>
</pin_list>
<bind>
<opcode="store(28) " fcode="store"/>
<opset="store_ln25/6 "/>
</bind>
</comp>

<comp id="335" class="1005" name="tap_num_m1_read_reg_335">
<pin_list>
<pin id="336" dir="0" index="0" bw="9" slack="1"/>
<pin id="337" dir="1" index="1" bw="9" slack="1"/>
</pin_list>
<bind>
<opset="tap_num_m1_read "/>
</bind>
</comp>

<comp id="340" class="1005" name="out_data_data_1_loc_reg_340">
<pin_list>
<pin id="341" dir="0" index="0" bw="32" slack="1"/>
<pin id="342" dir="1" index="1" bw="32" slack="1"/>
</pin_list>
<bind>
<opset="out_data_data_1_loc "/>
</bind>
</comp>

<comp id="346" class="1005" name="out_data_data_loc_reg_346">
<pin_list>
<pin id="347" dir="0" index="0" bw="32" slack="1"/>
<pin id="348" dir="1" index="1" bw="32" slack="1"/>
</pin_list>
<bind>
<opset="out_data_data_loc "/>
</bind>
</comp>

<comp id="355" class="1005" name="add_ln25_reg_355">
<pin_list>
<pin id="356" dir="0" index="0" bw="3" slack="5"/>
<pin id="357" dir="1" index="1" bw="3" slack="5"/>
</pin_list>
<bind>
<opset="add_ln25 "/>
</bind>
</comp>

<comp id="360" class="1005" name="icmp_ln26_reg_360">
<pin_list>
<pin id="361" dir="0" index="0" bw="1" slack="5"/>
<pin id="362" dir="1" index="1" bw="1" slack="2147483647"/>
</pin_list>
<bind>
<opset="icmp_ln26 "/>
</bind>
</comp>

<comp id="364" class="1005" name="out_data_last_reg_364">
<pin_list>
<pin id="365" dir="0" index="0" bw="1" slack="3"/>
<pin id="366" dir="1" index="1" bw="1" slack="3"/>
</pin_list>
<bind>
<opset="out_data_last "/>
</bind>
</comp>

<comp id="369" class="1005" name="out_data_last_1_reg_369">
<pin_list>
<pin id="370" dir="0" index="0" bw="1" slack="4"/>
<pin id="371" dir="1" index="1" bw="1" slack="4"/>
</pin_list>
<bind>
<opset="out_data_last_1 "/>
</bind>
</comp>

<comp id="374" class="1005" name="add_ln32_reg_374">
<pin_list>
<pin id="375" dir="0" index="0" bw="10" slack="1"/>
<pin id="376" dir="1" index="1" bw="10" slack="1"/>
</pin_list>
<bind>
<opset="add_ln32 "/>
</bind>
</comp>

</comp_list>

<net_list>
<net id="119"><net_src comp="36" pin="0"/><net_sink comp="116" pin=0"/></net>

<net id="123"><net_src comp="36" pin="0"/><net_sink comp="120" pin=0"/></net>

<net id="128"><net_src comp="30" pin="0"/><net_sink comp="124" pin=0"/></net>

<net id="129"><net_src comp="4" pin="0"/><net_sink comp="124" pin=1"/></net>

<net id="134"><net_src comp="32" pin="0"/><net_sink comp="130" pin=0"/></net>

<net id="135"><net_src comp="2" pin="0"/><net_sink comp="130" pin=1"/></net>

<net id="140"><net_src comp="34" pin="0"/><net_sink comp="136" pin=0"/></net>

<net id="141"><net_src comp="0" pin="0"/><net_sink comp="136" pin=1"/></net>

<net id="146"><net_src comp="86" pin="0"/><net_sink comp="142" pin=0"/></net>

<net id="147"><net_src comp="8" pin="0"/><net_sink comp="142" pin=1"/></net>

<net id="152"><net_src comp="86" pin="0"/><net_sink comp="148" pin=0"/></net>

<net id="153"><net_src comp="10" pin="0"/><net_sink comp="148" pin=1"/></net>

<net id="165"><net_src comp="108" pin="0"/><net_sink comp="154" pin=0"/></net>

<net id="166"><net_src comp="12" pin="0"/><net_sink comp="154" pin=1"/></net>

<net id="167"><net_src comp="14" pin="0"/><net_sink comp="154" pin=2"/></net>

<net id="168"><net_src comp="16" pin="0"/><net_sink comp="154" pin=3"/></net>

<net id="169"><net_src comp="18" pin="0"/><net_sink comp="154" pin=4"/></net>

<net id="170"><net_src comp="110" pin="0"/><net_sink comp="154" pin=6"/></net>

<net id="171"><net_src comp="110" pin="0"/><net_sink comp="154" pin=7"/></net>

<net id="177"><net_src comp="22" pin="0"/><net_sink comp="172" pin=0"/></net>

<net id="178"><net_src comp="88" pin="0"/><net_sink comp="172" pin=1"/></net>

<net id="184"><net_src comp="142" pin="2"/><net_sink comp="179" pin=1"/></net>

<net id="185"><net_src comp="172" pin="3"/><net_sink comp="179" pin=0"/></net>

<net id="191"><net_src comp="24" pin="0"/><net_sink comp="186" pin=0"/></net>

<net id="192"><net_src comp="88" pin="0"/><net_sink comp="186" pin=1"/></net>

<net id="198"><net_src comp="148" pin="2"/><net_sink comp="193" pin=1"/></net>

<net id="199"><net_src comp="186" pin="3"/><net_sink comp="193" pin=0"/></net>

<net id="209"><net_src comp="112" pin="0"/><net_sink comp="203" pin=2"/></net>

<net id="220"><net_src comp="106" pin="0"/><net_sink comp="210" pin=0"/></net>

<net id="221"><net_src comp="6" pin="0"/><net_sink comp="210" pin=3"/></net>

<net id="222"><net_src comp="22" pin="0"/><net_sink comp="210" pin=6"/></net>

<net id="223"><net_src comp="24" pin="0"/><net_sink comp="210" pin=7"/></net>

<net id="227"><net_src comp="20" pin="0"/><net_sink comp="224" pin=0"/></net>

<net id="231"><net_src comp="224" pin="1"/><net_sink comp="228" pin=0"/></net>

<net id="232"><net_src comp="228" pin="1"/><net_sink comp="172" pin=2"/></net>

<net id="233"><net_src comp="228" pin="1"/><net_sink comp="186" pin=2"/></net>

<net id="237"><net_src comp="26" pin="0"/><net_sink comp="234" pin=0"/></net>

<net id="242"><net_src comp="234" pin="1"/><net_sink comp="238" pin=0"/></net>

<net id="243"><net_src comp="90" pin="0"/><net_sink comp="238" pin=1"/></net>

<net id="248"><net_src comp="238" pin="2"/><net_sink comp="244" pin=0"/></net>

<net id="249"><net_src comp="130" pin="2"/><net_sink comp="244" pin=1"/></net>

<net id="253"><net_src comp="28" pin="0"/><net_sink comp="250" pin=0"/></net>

<net id="258"><net_src comp="250" pin="1"/><net_sink comp="254" pin=0"/></net>

<net id="259"><net_src comp="98" pin="0"/><net_sink comp="254" pin=1"/></net>

<net id="264"><net_src comp="254" pin="2"/><net_sink comp="260" pin=0"/></net>

<net id="265"><net_src comp="136" pin="2"/><net_sink comp="260" pin=1"/></net>

<net id="270"><net_src comp="250" pin="1"/><net_sink comp="266" pin=0"/></net>

<net id="271"><net_src comp="100" pin="0"/><net_sink comp="266" pin=1"/></net>

<net id="277"><net_src comp="260" pin="2"/><net_sink comp="272" pin=0"/></net>

<net id="278"><net_src comp="98" pin="0"/><net_sink comp="272" pin=1"/></net>

<net id="279"><net_src comp="266" pin="2"/><net_sink comp="272" pin=2"/></net>

<net id="284"><net_src comp="272" pin="3"/><net_sink comp="280" pin=0"/></net>

<net id="285"><net_src comp="136" pin="2"/><net_sink comp="280" pin=1"/></net>

<net id="291"><net_src comp="280" pin="2"/><net_sink comp="286" pin=0"/></net>

<net id="292"><net_src comp="102" pin="0"/><net_sink comp="286" pin=1"/></net>

<net id="293"><net_src comp="272" pin="3"/><net_sink comp="286" pin=2"/></net>

<net id="298"><net_src comp="286" pin="3"/><net_sink comp="294" pin=0"/></net>

<net id="299"><net_src comp="28" pin="0"/><net_sink comp="294" pin=1"/></net>

<net id="307"><net_src comp="300" pin="1"/><net_sink comp="303" pin=0"/></net>

<net id="308"><net_src comp="104" pin="0"/><net_sink comp="303" pin=1"/></net>

<net id="309"><net_src comp="303" pin="2"/><net_sink comp="210" pin=1"/></net>

<net id="313"><net_src comp="310" pin="1"/><net_sink comp="154" pin=5"/></net>

<net id="317"><net_src comp="314" pin="1"/><net_sink comp="154" pin=5"/></net>

<net id="322"><net_src comp="114" pin="0"/><net_sink comp="318" pin=1"/></net>

<net id="327"><net_src comp="318" pin="2"/><net_sink comp="323" pin=0"/></net>

<net id="328"><net_src comp="20" pin="0"/><net_sink comp="323" pin=1"/></net>

<net id="333"><net_src comp="203" pin="4"/><net_sink comp="329" pin=0"/></net>

<net id="334"><net_src comp="26" pin="0"/><net_sink comp="329" pin=1"/></net>

<net id="338"><net_src comp="124" pin="2"/><net_sink comp="335" pin=0"/></net>

<net id="339"><net_src comp="335" pin="1"/><net_sink comp="300" pin=0"/></net>

<net id="343"><net_src comp="116" pin="1"/><net_sink comp="340" pin=0"/></net>

<net id="344"><net_src comp="340" pin="1"/><net_sink comp="210" pin=5"/></net>

<net id="345"><net_src comp="340" pin="1"/><net_sink comp="314" pin=0"/></net>

<net id="349"><net_src comp="120" pin="1"/><net_sink comp="346" pin=0"/></net>

<net id="350"><net_src comp="346" pin="1"/><net_sink comp="210" pin=4"/></net>

<net id="351"><net_src comp="346" pin="1"/><net_sink comp="310" pin=0"/></net>

<net id="358"><net_src comp="238" pin="2"/><net_sink comp="355" pin=0"/></net>

<net id="359"><net_src comp="355" pin="1"/><net_sink comp="203" pin=0"/></net>

<net id="363"><net_src comp="244" pin="2"/><net_sink comp="360" pin=0"/></net>

<net id="367"><net_src comp="260" pin="2"/><net_sink comp="364" pin=0"/></net>

<net id="368"><net_src comp="364" pin="1"/><net_sink comp="154" pin=8"/></net>

<net id="372"><net_src comp="280" pin="2"/><net_sink comp="369" pin=0"/></net>

<net id="373"><net_src comp="369" pin="1"/><net_sink comp="154" pin=8"/></net>

<net id="377"><net_src comp="303" pin="2"/><net_sink comp="374" pin=0"/></net>

<net id="378"><net_src comp="374" pin="1"/><net_sink comp="210" pin=1"/></net>

</net_list>

</model> 
---------------- Datapath Model END ------------------

* FSMD analyzer results:
  - Output states:
	Port: res_V_data_V | {5 6 }
	Port: res_V_keep_V | {5 6 }
	Port: res_V_strb_V | {5 6 }
	Port: res_V_last_V | {5 6 }
	Port: write_idx | {6 }
	Port: buffer_left | {1 }
	Port: buffer_right | {1 }
	Port: dec_cnt | {6 }
	Port: cnt | {1 }
 - Input state : 
	Port: fir_hw : tlast_dnum | {1 }
	Port: fir_hw : smpl_rd_num | {1 }
	Port: fir_hw : tap_num_m1 | {1 }
	Port: fir_hw : coeff_hw | {2 3 }
	Port: fir_hw : input_l | {1 }
	Port: fir_hw : input_r | {1 }
	Port: fir_hw : write_idx | {1 }
	Port: fir_hw : buffer_left | {2 3 }
	Port: fir_hw : buffer_right | {2 3 }
	Port: fir_hw : dec_cnt | {1 }
	Port: fir_hw : cnt | {1 }
  - Chain level:
	State 1
		zext_ln22 : 1
		buffer_left_addr : 2
		store_ln22 : 3
		buffer_right_addr : 2
		store_ln23 : 3
		add_ln25 : 1
		icmp_ln26 : 2
		br_ln26 : 3
		add_ln43 : 1
		out_data_last : 2
		add_ln54 : 1
		select_ln54 : 3
		out_data_last_1 : 4
		select_ln60 : 5
		store_ln54 : 6
	State 2
		add_ln32 : 1
		call_ln32 : 2
	State 3
	State 4
		write_ln47 : 1
	State 5
		write_ln58 : 1
	State 6
		dec_cnt_new_0 : 1
		store_ln65 : 1
		store_ln25 : 2


============================================================
+ Verbose Summary: Datapath Resource usage 
============================================================

* Functional unit list:
|----------|--------------------------------------------|---------|---------|---------|---------|
| Operation|               Functional Unit              |   DSP   |  Delay  |    FF   |   LUT   |
|----------|--------------------------------------------|---------|---------|---------|---------|
|   call   | grp_fir_hw_Pipeline_VITIS_LOOP_32_1_fu_210 |    6    |  2.135  |   301   |   285   |
|----------|--------------------------------------------|---------|---------|---------|---------|
|          |               add_ln25_fu_238              |    0    |    0    |    0    |    10   |
|          |               add_ln43_fu_254              |    0    |    0    |    0    |    23   |
|    add   |               add_ln54_fu_266              |    0    |    0    |    0    |    23   |
|          |               add_ln32_fu_303              |    0    |    0    |    0    |    16   |
|          |               add_ln65_fu_318              |    0    |    0    |    0    |    16   |
|----------|--------------------------------------------|---------|---------|---------|---------|
|          |              icmp_ln26_fu_244              |    0    |    0    |    0    |    10   |
|   icmp   |            out_data_last_fu_260            |    0    |    0    |    0    |    23   |
|          |           out_data_last_1_fu_280           |    0    |    0    |    0    |    23   |
|----------|--------------------------------------------|---------|---------|---------|---------|
|  select  |             select_ln54_fu_272             |    0    |    0    |    0    |    16   |
|          |             select_ln60_fu_286             |    0    |    0    |    0    |    16   |
|----------|--------------------------------------------|---------|---------|---------|---------|
|          |         tap_num_m1_read_read_fu_124        |    0    |    0    |    0    |    0    |
|          |        smpl_rd_num_read_read_fu_130        |    0    |    0    |    0    |    0    |
|   read   |         tlast_dnum_read_read_fu_136        |    0    |    0    |    0    |    0    |
|          |          input_l_read_read_fu_142          |    0    |    0    |    0    |    0    |
|          |          input_r_read_read_fu_148          |    0    |    0    |    0    |    0    |
|----------|--------------------------------------------|---------|---------|---------|---------|
|   write  |              grp_write_fu_154              |    0    |    0    |    0    |    0    |
|----------|--------------------------------------------|---------|---------|---------|---------|
|   zext   |              zext_ln22_fu_228              |    0    |    0    |    0    |    0    |
|          |              zext_ln32_fu_300              |    0    |    0    |    0    |    0    |
|----------|--------------------------------------------|---------|---------|---------|---------|
|   Total  |                                            |    6    |  2.135  |   301   |   461   |
|----------|--------------------------------------------|---------|---------|---------|---------|

Memories:
+------------+--------+--------+--------+--------+
|            |  BRAM  |   FF   |   LUT  |  URAM  |
+------------+--------+--------+--------+--------+
| buffer_left|    1   |    0   |    0   |    0   |
|buffer_right|    1   |    0   |    0   |    0   |
+------------+--------+--------+--------+--------+
|    Total   |    2   |    0   |    0   |    0   |
+------------+--------+--------+--------+--------+

* Register list:
+---------------------------+--------+
|                           |   FF   |
+---------------------------+--------+
|      add_ln25_reg_355     |    3   |
|      add_ln32_reg_374     |   10   |
|   dec_cnt_new_0_reg_200   |    3   |
|     icmp_ln26_reg_360     |    1   |
|out_data_data_1_loc_reg_340|   32   |
| out_data_data_loc_reg_346 |   32   |
|  out_data_last_1_reg_369  |    1   |
|   out_data_last_reg_364   |    1   |
|  tap_num_m1_read_reg_335  |    9   |
+---------------------------+--------+
|           Total           |   92   |
+---------------------------+--------+

* Multiplexer (MUX) list: 
|--------------------------------------------|------|------|------|--------||---------||---------||---------|
|                    Comp                    |  Pin | Size |  BW  | S x BW ||  Delay  ||    FF   ||   LUT   |
|--------------------------------------------|------|------|------|--------||---------||---------||---------|
|              grp_write_fu_154              |  p5  |   2  |  32  |   64   ||    0    ||    9    |
|              grp_write_fu_154              |  p8  |   2  |   1  |    2   ||    0    ||    9    |
| grp_fir_hw_Pipeline_VITIS_LOOP_32_1_fu_210 |  p1  |   2  |  10  |   20   ||    0    ||    9    |
|--------------------------------------------|------|------|------|--------||---------||---------||---------|
|                    Total                   |      |      |      |   86   ||  1.281  ||    0    ||    27   |
|--------------------------------------------|------|------|------|--------||---------||---------||---------|



* Summary:
+-----------+--------+--------+--------+--------+--------+--------+
|           |  BRAM  |   DSP  |  Delay |   FF   |   LUT  |  URAM  |
+-----------+--------+--------+--------+--------+--------+--------+
|  Function |    -   |    6   |    2   |   301  |   461  |    -   |
|   Memory  |    2   |    -   |    -   |    0   |    0   |    0   |
|Multiplexer|    -   |    -   |    1   |    0   |   27   |    -   |
|  Register |    -   |    -   |    -   |   92   |    -   |    -   |
+-----------+--------+--------+--------+--------+--------+--------+
|   Total   |    2   |    6   |    3   |   393  |   488  |    0   |
+-----------+--------+--------+--------+--------+--------+--------+
