

================================================================
== Vitis HLS Report for 'fir_hw'
================================================================
* Date:           Tue Apr 21 10:24:27 2026

* Version:        2025.2 (Build 6295257 on Nov 14 2025)
* Project:        fir_hls
* Solution:       hls (Vivado IP Flow Target)
* Product family: zynquplus
* Target device:  xck26-sfvc784-2LV-c


================================================================
== Performance Estimates
================================================================
+ Timing: 
    * Summary: 
    +--------+----------+----------+------------+
    |  Clock |  Target  | Estimated| Uncertainty|
    +--------+----------+----------+------------+
    |ap_clk  |  10.00 ns|  6.764 ns|     2.70 ns|
    +--------+----------+----------+------------+

+ Latency: 
    * Summary: 
    +---------+---------+-----------+-----------+-----+------+---------+
    |  Latency (cycles) |   Latency (absolute)  |  Interval  | Pipeline|
    |   min   |   max   |    min    |    max    | min |  max |   Type  |
    +---------+---------+-----------+-----------+-----+------+---------+
    |        1|     1031|  10.000 ns|  10.310 us|    2|  1032|       no|
    +---------+---------+-----------+-----------+-----+------+---------+

    + Detail: 
        * Instance: 
        N/A

        * Loop: 
        N/A

============================================================
+ Verbose Summary: Synthesis Manager
============================================================
InlineROM: 1
ExposeGlobal: 0
============================================================
+ Verbose Summary: CDFG Model
============================================================
IsTopModel: 1
ResetActiveHigh: 1
IsCombinational: 0
IsDatapathOnly: 0
HasWiredReturn: 1
HasMFsm: 0
HasVarLatency: 1
IsPipeline: 0
IsRtlPipelined: 0
IsInstanceOverlapped: 0
IsDontTouch: 0
HasImplIP: 0
IsGatedGlobalClock: 0


============================================================
+ Verbose Summary: Schedule
============================================================
* Number of FSM states : 6
* Pipeline : 0
* Dataflow Pipeline: 0

* FSM state transitions: 
1 --> 2 6 
2 --> 3 
3 --> 4 
4 --> 5 
5 --> 6 
6 --> 

* FSM state operations: 

State 1 <SV = 0> <Delay = 3.42>
ST_1 : Operation 7 [1/1] (1.00ns)   --->   "%tap_num_m1_read = read i9 @_ssdm_op_Read.s_axilite.i9, i9 %tap_num_m1"   --->   Operation 7 'read' 'tap_num_m1_read' <Predicate = true> <Delay = 1.00> <CoreInst = "s_axilite">   --->   Core 120 's_axilite' <Latency = 0> <II = 1> <Delay = 1.00> <Adapter> <Opcode : 'read' 'write'>
ST_1 : Operation 8 [1/1] (1.00ns)   --->   "%smpl_rd_num_read = read i3 @_ssdm_op_Read.s_axilite.i3, i3 %smpl_rd_num"   --->   Operation 8 'read' 'smpl_rd_num_read' <Predicate = true> <Delay = 1.00> <CoreInst = "s_axilite">   --->   Core 120 's_axilite' <Latency = 0> <II = 1> <Delay = 1.00> <Adapter> <Opcode : 'read' 'write'>
ST_1 : Operation 9 [1/1] (1.00ns)   --->   "%tlast_dnum_read = read i16 @_ssdm_op_Read.s_axilite.i16, i16 %tlast_dnum"   --->   Operation 9 'read' 'tlast_dnum_read' <Predicate = true> <Delay = 1.00> <CoreInst = "s_axilite">   --->   Core 120 's_axilite' <Latency = 0> <II = 1> <Delay = 1.00> <Adapter> <Opcode : 'read' 'write'>
ST_1 : Operation 10 [1/1] (0.00ns)   --->   "%out_data_data_1_loc = alloca i64 1"   --->   Operation 10 'alloca' 'out_data_data_1_loc' <Predicate = true> <Delay = 0.00>
ST_1 : Operation 11 [1/1] (0.00ns)   --->   "%out_data_data_loc = alloca i64 1"   --->   Operation 11 'alloca' 'out_data_data_loc' <Predicate = true> <Delay = 0.00>
ST_1 : Operation 12 [1/1] (0.00ns)   --->   "%spectopmodule_ln3 = spectopmodule void @_ssdm_op_SpecTopModule, void @empty_12" [fir_hw.cpp:3]   --->   Operation 12 'spectopmodule' 'spectopmodule_ln3' <Predicate = true> <Delay = 0.00>
ST_1 : Operation 13 [1/1] (0.00ns)   --->   "%specinterface_ln3 = specinterface void @_ssdm_op_SpecInterface, i32 0, void @empty_13, i32 0, i32 0, void @empty_8, i32 0, i32 0, void @empty_8, void @empty_8, void @empty_8, i32 0, i32 0, i32 0, i32 0, void @empty_8, void @empty_8, i32 4294967295, i32 0, i32 0, i32 0" [fir_hw.cpp:3]   --->   Operation 13 'specinterface' 'specinterface_ln3' <Predicate = true> <Delay = 0.00>
ST_1 : Operation 14 [1/1] (0.00ns)   --->   "%specbitsmap_ln0 = specbitsmap void @_ssdm_op_SpecBitsMap, i16 %tlast_dnum"   --->   Operation 14 'specbitsmap' 'specbitsmap_ln0' <Predicate = true> <Delay = 0.00>
ST_1 : Operation 15 [1/1] (0.00ns)   --->   "%specinterface_ln0 = specinterface void @_ssdm_op_SpecInterface, i16 %tlast_dnum, void @empty_2, i32 4294967295, i32 4294967295, void @empty_8, i32 0, i32 0, void @empty_3, void @empty_9, void @empty_8, i32 0, i32 0, i32 0, i32 0, void @empty_8, void @empty_8, i32 4294967295, i32 0, i32 0, i32 0"   --->   Operation 15 'specinterface' 'specinterface_ln0' <Predicate = true> <Delay = 0.00>
ST_1 : Operation 16 [1/1] (0.00ns)   --->   "%specinterface_ln0 = specinterface void @_ssdm_op_SpecInterface, i16 %tlast_dnum, void @empty_7, i32 0, i32 0, void @empty_8, i32 0, i32 0, void @empty_8, void @empty_8, void @empty_8, i32 0, i32 0, i32 0, i32 0, void @empty_8, void @empty_8, i32 4294967295, i32 0, i32 0, i32 0"   --->   Operation 16 'specinterface' 'specinterface_ln0' <Predicate = true> <Delay = 0.00>
ST_1 : Operation 17 [1/1] (0.00ns)   --->   "%specbitsmap_ln0 = specbitsmap void @_ssdm_op_SpecBitsMap, i3 %smpl_rd_num"   --->   Operation 17 'specbitsmap' 'specbitsmap_ln0' <Predicate = true> <Delay = 0.00>
ST_1 : Operation 18 [1/1] (0.00ns)   --->   "%specinterface_ln0 = specinterface void @_ssdm_op_SpecInterface, i3 %smpl_rd_num, void @empty_2, i32 4294967295, i32 4294967295, void @empty_8, i32 0, i32 0, void @empty_3, void @empty_4, void @empty_8, i32 0, i32 0, i32 0, i32 0, void @empty_8, void @empty_8, i32 4294967295, i32 0, i32 0, i32 0"   --->   Operation 18 'specinterface' 'specinterface_ln0' <Predicate = true> <Delay = 0.00>
ST_1 : Operation 19 [1/1] (0.00ns)   --->   "%specinterface_ln0 = specinterface void @_ssdm_op_SpecInterface, i3 %smpl_rd_num, void @empty_7, i32 0, i32 0, void @empty_8, i32 0, i32 0, void @empty_8, void @empty_8, void @empty_8, i32 0, i32 0, i32 0, i32 0, void @empty_8, void @empty_8, i32 4294967295, i32 0, i32 0, i32 0"   --->   Operation 19 'specinterface' 'specinterface_ln0' <Predicate = true> <Delay = 0.00>
ST_1 : Operation 20 [1/1] (0.00ns)   --->   "%specbitsmap_ln0 = specbitsmap void @_ssdm_op_SpecBitsMap, i9 %tap_num_m1"   --->   Operation 20 'specbitsmap' 'specbitsmap_ln0' <Predicate = true> <Delay = 0.00>
ST_1 : Operation 21 [1/1] (0.00ns)   --->   "%specinterface_ln0 = specinterface void @_ssdm_op_SpecInterface, i9 %tap_num_m1, void @empty_2, i32 4294967295, i32 4294967295, void @empty_8, i32 0, i32 0, void @empty_3, void @empty_5, void @empty_8, i32 0, i32 0, i32 0, i32 0, void @empty_8, void @empty_8, i32 4294967295, i32 0, i32 0, i32 0"   --->   Operation 21 'specinterface' 'specinterface_ln0' <Predicate = true> <Delay = 0.00>
ST_1 : Operation 22 [1/1] (0.00ns)   --->   "%specinterface_ln0 = specinterface void @_ssdm_op_SpecInterface, i9 %tap_num_m1, void @empty_7, i32 0, i32 0, void @empty_8, i32 0, i32 0, void @empty_8, void @empty_8, void @empty_8, i32 0, i32 0, i32 0, i32 0, void @empty_8, void @empty_8, i32 4294967295, i32 0, i32 0, i32 0"   --->   Operation 22 'specinterface' 'specinterface_ln0' <Predicate = true> <Delay = 0.00>
ST_1 : Operation 23 [1/1] (0.00ns)   --->   "%specinterface_ln0 = specinterface void @_ssdm_op_SpecInterface, i32 %coeff_hw, void @empty_2, i32 0, i32 0, void @empty_8, i32 0, i32 0, void @empty_3, void @empty_6, void @empty_8, i32 0, i32 0, i32 0, i32 0, void @empty_8, void @empty_8, i32 4294967295, i32 0, i32 0, i32 0"   --->   Operation 23 'specinterface' 'specinterface_ln0' <Predicate = true> <Delay = 0.00>
ST_1 : Operation 24 [1/1] (0.00ns)   --->   "%specinterface_ln0 = specinterface void @_ssdm_op_SpecInterface, i32 %coeff_hw, void @empty_1, i32 0, i32 0, void @empty_8, i32 1, i32 0, void @empty_8, void @empty_8, void @empty_8, i32 0, i32 0, i32 0, i32 0, void @empty_8, void @empty_8, i32 4294967295, i32 0, i32 0, i32 0"   --->   Operation 24 'specinterface' 'specinterface_ln0' <Predicate = true> <Delay = 0.00>
ST_1 : Operation 25 [1/1] (0.00ns)   --->   "%specmemcore_ln0 = specmemcore void @_ssdm_op_SpecMemCore, i32 %coeff_hw, i64 666, i64 207, i64 1, i1 0"   --->   Operation 25 'specmemcore' 'specmemcore_ln0' <Predicate = true> <Delay = 0.00>
ST_1 : Operation 26 [1/1] (0.00ns)   --->   "%specbitsmap_ln0 = specbitsmap void @_ssdm_op_SpecBitsMap, i32 %coeff_hw"   --->   Operation 26 'specbitsmap' 'specbitsmap_ln0' <Predicate = true> <Delay = 0.00>
ST_1 : Operation 27 [1/1] (0.00ns)   --->   "%specbitsmap_ln0 = specbitsmap void @_ssdm_op_SpecBitsMap, i24 %input_l"   --->   Operation 27 'specbitsmap' 'specbitsmap_ln0' <Predicate = true> <Delay = 0.00>
ST_1 : Operation 28 [1/1] (0.00ns)   --->   "%specinterface_ln0 = specinterface void @_ssdm_op_SpecInterface, i24 %input_l, void @empty_0, i32 4294967295, i32 4294967295, void @empty_8, i32 0, i32 0, void @empty_8, void @empty_8, void @empty_8, i32 0, i32 0, i32 0, i32 0, void @empty_8, void @empty_8, i32 4294967295, i32 0, i32 0, i32 0"   --->   Operation 28 'specinterface' 'specinterface_ln0' <Predicate = true> <Delay = 0.00>
ST_1 : Operation 29 [1/1] (0.00ns)   --->   "%specbitsmap_ln0 = specbitsmap void @_ssdm_op_SpecBitsMap, i24 %input_r"   --->   Operation 29 'specbitsmap' 'specbitsmap_ln0' <Predicate = true> <Delay = 0.00>
ST_1 : Operation 30 [1/1] (0.00ns)   --->   "%specinterface_ln0 = specinterface void @_ssdm_op_SpecInterface, i24 %input_r, void @empty_0, i32 4294967295, i32 4294967295, void @empty_8, i32 0, i32 0, void @empty_8, void @empty_8, void @empty_8, i32 0, i32 0, i32 0, i32 0, void @empty_8, void @empty_8, i32 4294967295, i32 0, i32 0, i32 0"   --->   Operation 30 'specinterface' 'specinterface_ln0' <Predicate = true> <Delay = 0.00>
ST_1 : Operation 31 [1/1] (0.00ns)   --->   "%specinterface_ln0 = specinterface void @_ssdm_op_SpecInterface, i32 %res_V_data_V, i4 %res_V_keep_V, i4 %res_V_strb_V, i1 %res_V_last_V, void @empty, i32 1, i32 1, void @empty_10, i32 0, i32 0, void @empty_8, void @empty_8, void @empty_8, i32 0, i32 0, i32 0, i32 0, void @empty_8, void @empty_8, i32 4294967295, i32 0, i32 0, i32 0"   --->   Operation 31 'specinterface' 'specinterface_ln0' <Predicate = true> <Delay = 0.00>
ST_1 : Operation 32 [1/1] (0.00ns)   --->   "%specbitsmap_ln0 = specbitsmap void @_ssdm_op_SpecBitsMap, i32 %res_V_data_V"   --->   Operation 32 'specbitsmap' 'specbitsmap_ln0' <Predicate = true> <Delay = 0.00>
ST_1 : Operation 33 [1/1] (0.00ns)   --->   "%specbitsmap_ln0 = specbitsmap void @_ssdm_op_SpecBitsMap, i4 %res_V_keep_V"   --->   Operation 33 'specbitsmap' 'specbitsmap_ln0' <Predicate = true> <Delay = 0.00>
ST_1 : Operation 34 [1/1] (0.00ns)   --->   "%specbitsmap_ln0 = specbitsmap void @_ssdm_op_SpecBitsMap, i4 %res_V_strb_V"   --->   Operation 34 'specbitsmap' 'specbitsmap_ln0' <Predicate = true> <Delay = 0.00>
ST_1 : Operation 35 [1/1] (0.00ns)   --->   "%specbitsmap_ln0 = specbitsmap void @_ssdm_op_SpecBitsMap, i1 %res_V_last_V"   --->   Operation 35 'specbitsmap' 'specbitsmap_ln0' <Predicate = true> <Delay = 0.00>
ST_1 : Operation 36 [1/1] (0.00ns)   --->   "%input_l_read = read i24 @_ssdm_op_Read.ap_hs.i24P0A, i24 %input_l" [fir_hw.cpp:22]   --->   Operation 36 'read' 'input_l_read' <Predicate = true> <Delay = 0.00>
ST_1 : Operation 37 [1/1] (0.00ns)   --->   "%write_idx_load = load i9 %write_idx" [fir_hw.cpp:22]   --->   Operation 37 'load' 'write_idx_load' <Predicate = true> <Delay = 0.00>
ST_1 : Operation 38 [1/1] (0.00ns)   --->   "%zext_ln22 = zext i9 %write_idx_load" [fir_hw.cpp:22]   --->   Operation 38 'zext' 'zext_ln22' <Predicate = true> <Delay = 0.00>
ST_1 : Operation 39 [1/1] (0.00ns)   --->   "%buffer_left_addr = getelementptr i24 %buffer_left, i64 0, i64 %zext_ln22" [fir_hw.cpp:22]   --->   Operation 39 'getelementptr' 'buffer_left_addr' <Predicate = true> <Delay = 0.00>
ST_1 : Operation 40 [1/1] ( I:1.23ns O:1.23ns )   --->   "%store_ln22 = store i24 %input_l_read, i9 %buffer_left_addr" [fir_hw.cpp:22]   --->   Operation 40 'store' 'store_ln22' <Predicate = true> <Delay = 1.23> <CoreInst = "RAM">   --->   Core 82 'RAM' <Latency = 1> <II = 1> <Delay = 1.23> <Storage> <Opcode : 'load' 'store'> <Ports = 2> <Width = 24> <Depth = 512> <RAM>
ST_1 : Operation 41 [1/1] (0.00ns)   --->   "%input_r_read = read i24 @_ssdm_op_Read.ap_hs.i24P0A, i24 %input_r" [fir_hw.cpp:23]   --->   Operation 41 'read' 'input_r_read' <Predicate = true> <Delay = 0.00>
ST_1 : Operation 42 [1/1] (0.00ns)   --->   "%buffer_right_addr = getelementptr i24 %buffer_right, i64 0, i64 %zext_ln22" [fir_hw.cpp:23]   --->   Operation 42 'getelementptr' 'buffer_right_addr' <Predicate = true> <Delay = 0.00>
ST_1 : Operation 43 [1/1] ( I:1.23ns O:1.23ns )   --->   "%store_ln23 = store i24 %input_r_read, i9 %buffer_right_addr" [fir_hw.cpp:23]   --->   Operation 43 'store' 'store_ln23' <Predicate = true> <Delay = 1.23> <CoreInst = "RAM">   --->   Core 82 'RAM' <Latency = 1> <II = 1> <Delay = 1.23> <Storage> <Opcode : 'load' 'store'> <Ports = 2> <Width = 24> <Depth = 512> <RAM>
ST_1 : Operation 44 [1/1] (0.00ns)   --->   "%dec_cnt_load = load i3 %dec_cnt" [fir_hw.cpp:25]   --->   Operation 44 'load' 'dec_cnt_load' <Predicate = true> <Delay = 0.00>
ST_1 : Operation 45 [1/1] (0.67ns)   --->   "%add_ln25 = add i3 %dec_cnt_load, i3 1" [fir_hw.cpp:25]   --->   Operation 45 'add' 'add_ln25' <Predicate = true> <Delay = 0.67> <CoreInst = "Adder">   --->   Core 1 'Adder' <Latency = 0> <II = 1> <Delay = 0.67> <FuncUnit> <Opcode : 'add' 'sub'> <InPorts = 2> <OutPorts = 1>
ST_1 : Operation 46 [1/1] (0.67ns)   --->   "%icmp_ln26 = icmp_ult  i3 %add_ln25, i3 %smpl_rd_num_read" [fir_hw.cpp:26]   --->   Operation 46 'icmp' 'icmp_ln26' <Predicate = true> <Delay = 0.67> <CoreInst = "Cmp">   --->   Core 9 'Cmp' <Latency = 0> <II = 1> <Delay = 0.67> <FuncUnit> <Opcode : 'seteq' 'setne' 'setle' 'setge' 'setlt' 'setgt'> <InPorts = 2> <OutPorts = 1>
ST_1 : Operation 47 [1/1] (0.00ns)   --->   "%specaxissidechannel_ln26 = specaxissidechannel void @_ssdm_op_SpecAXISSideChannel, i32 %res_V_data_V, i4 %res_V_keep_V, i4 %res_V_strb_V, i1 0, i1 %res_V_last_V, i1 0, i1 0, void @empty_11" [fir_hw.cpp:26]   --->   Operation 47 'specaxissidechannel' 'specaxissidechannel_ln26' <Predicate = true> <Delay = 0.00>
ST_1 : Operation 48 [1/1] (0.42ns)   --->   "%br_ln26 = br i1 %icmp_ln26, void %if.then, void %if.end50" [fir_hw.cpp:26]   --->   Operation 48 'br' 'br_ln26' <Predicate = true> <Delay = 0.42>
ST_1 : Operation 49 [1/1] (0.00ns)   --->   "%cnt_load = load i16 %cnt" [fir_hw.cpp:43]   --->   Operation 49 'load' 'cnt_load' <Predicate = (!icmp_ln26)> <Delay = 0.00>
ST_1 : Operation 50 [1/1] (0.85ns)   --->   "%add_ln43 = add i16 %cnt_load, i16 1" [fir_hw.cpp:43]   --->   Operation 50 'add' 'add_ln43' <Predicate = (!icmp_ln26)> <Delay = 0.85> <CoreInst = "Adder">   --->   Core 1 'Adder' <Latency = 0> <II = 1> <Delay = 0.85> <FuncUnit> <Opcode : 'add' 'sub'> <InPorts = 2> <OutPorts = 1>
ST_1 : Operation 51 [1/1] (0.85ns)   --->   "%out_data_last = icmp_eq  i16 %add_ln43, i16 %tlast_dnum_read" [fir_hw.cpp:45]   --->   Operation 51 'icmp' 'out_data_last' <Predicate = (!icmp_ln26)> <Delay = 0.85> <CoreInst = "Cmp">   --->   Core 9 'Cmp' <Latency = 0> <II = 1> <Delay = 0.85> <FuncUnit> <Opcode : 'seteq' 'setne' 'setle' 'setge' 'setlt' 'setgt'> <InPorts = 2> <OutPorts = 1>
ST_1 : Operation 52 [1/1] (0.85ns)   --->   "%add_ln54 = add i16 %cnt_load, i16 2" [fir_hw.cpp:54]   --->   Operation 52 'add' 'add_ln54' <Predicate = (!icmp_ln26)> <Delay = 0.85> <CoreInst = "Adder">   --->   Core 1 'Adder' <Latency = 0> <II = 1> <Delay = 0.85> <FuncUnit> <Opcode : 'add' 'sub'> <InPorts = 2> <OutPorts = 1>
ST_1 : Operation 53 [1/1] (0.35ns)   --->   "%select_ln54 = select i1 %out_data_last, i16 1, i16 %add_ln54" [fir_hw.cpp:54]   --->   Operation 53 'select' 'select_ln54' <Predicate = (!icmp_ln26)> <Delay = 0.35> <CoreInst = "Sel">   --->   Core 73 'Sel' <Latency = 0> <II = 1> <Delay = 0.35> <FuncUnit> <Opcode : 'select'> <InPorts = 3> <OutPorts = 1>
ST_1 : Operation 54 [1/1] (0.85ns)   --->   "%out_data_last_1 = icmp_eq  i16 %select_ln54, i16 %tlast_dnum_read" [fir_hw.cpp:56]   --->   Operation 54 'icmp' 'out_data_last_1' <Predicate = (!icmp_ln26)> <Delay = 0.85> <CoreInst = "Cmp">   --->   Core 9 'Cmp' <Latency = 0> <II = 1> <Delay = 0.85> <FuncUnit> <Opcode : 'seteq' 'setne' 'setle' 'setge' 'setlt' 'setgt'> <InPorts = 2> <OutPorts = 1>
ST_1 : Operation 55 [1/1] (0.35ns)   --->   "%select_ln60 = select i1 %out_data_last_1, i16 0, i16 %select_ln54" [fir_hw.cpp:60]   --->   Operation 55 'select' 'select_ln60' <Predicate = (!icmp_ln26)> <Delay = 0.35> <CoreInst = "Sel">   --->   Core 73 'Sel' <Latency = 0> <II = 1> <Delay = 0.35> <FuncUnit> <Opcode : 'select'> <InPorts = 3> <OutPorts = 1>
ST_1 : Operation 56 [1/1] (0.00ns)   --->   "%store_ln54 = store i16 %select_ln60, i16 %cnt" [fir_hw.cpp:54]   --->   Operation 56 'store' 'store_ln54' <Predicate = (!icmp_ln26)> <Delay = 0.00>

State 2 <SV = 1> <Delay = 2.78>
ST_2 : Operation 57 [1/1] (0.00ns)   --->   "%zext_ln32 = zext i9 %tap_num_m1_read" [fir_hw.cpp:32]   --->   Operation 57 'zext' 'zext_ln32' <Predicate = true> <Delay = 0.00>
ST_2 : Operation 58 [1/1] (0.77ns)   --->   "%add_ln32 = add i10 %zext_ln32, i10 1" [fir_hw.cpp:32]   --->   Operation 58 'add' 'add_ln32' <Predicate = true> <Delay = 0.77> <CoreInst = "Adder">   --->   Core 1 'Adder' <Latency = 0> <II = 1> <Delay = 0.77> <FuncUnit> <Opcode : 'add' 'sub'> <InPorts = 2> <OutPorts = 1>
ST_2 : Operation 59 [2/2] (2.01ns)   --->   "%call_ln32 = call void @fir_hw_Pipeline_VITIS_LOOP_32_1, i10 %add_ln32, i9 %write_idx_load, i32 %coeff_hw, i32 %out_data_data_loc, i32 %out_data_data_1_loc, i24 %buffer_left, i24 %buffer_right" [fir_hw.cpp:32]   --->   Operation 59 'call' 'call_ln32' <Predicate = true> <Delay = 2.01> <CoreType = "Generic">   --->   Generic Core

State 3 <SV = 2> <Delay = 1.64>
ST_3 : Operation 60 [1/2] (1.64ns)   --->   "%call_ln32 = call void @fir_hw_Pipeline_VITIS_LOOP_32_1, i10 %add_ln32, i9 %write_idx_load, i32 %coeff_hw, i32 %out_data_data_loc, i32 %out_data_data_1_loc, i24 %buffer_left, i24 %buffer_right" [fir_hw.cpp:32]   --->   Operation 60 'call' 'call_ln32' <Predicate = true> <Delay = 1.64> <CoreType = "Generic">   --->   Generic Core

State 4 <SV = 3> <Delay = 0.49>
ST_4 : Operation 61 [1/1] (0.00ns)   --->   "%out_data_data_loc_load = load i32 %out_data_data_loc"   --->   Operation 61 'load' 'out_data_data_loc_load' <Predicate = true> <Delay = 0.00>
ST_4 : Operation 62 [2/2] (0.49ns)   --->   "%write_ln47 = write void @_ssdm_op_Write.axis.volatile.i32P0A.i4P0A.i4P0A.i1P0A, i32 %res_V_data_V, i4 %res_V_keep_V, i4 %res_V_strb_V, i1 %res_V_last_V, i32 %out_data_data_loc_load, i4 15, i4 15, i1 %out_data_last" [fir_hw.cpp:47]   --->   Operation 62 'write' 'write_ln47' <Predicate = true> <Delay = 0.49> <CoreInst = "regslice">   --->   Core 147 'regslice' <Latency = 0> <II = 1> <Delay = 0.65> <Adapter> <Opcode : 'read' 'write'>

State 5 <SV = 4> <Delay = 0.49>
ST_5 : Operation 63 [1/1] (0.00ns)   --->   "%out_data_data_1_loc_load = load i32 %out_data_data_1_loc"   --->   Operation 63 'load' 'out_data_data_1_loc_load' <Predicate = true> <Delay = 0.00>
ST_5 : Operation 64 [1/2] ( I:0.49ns O:0.49ns )   --->   "%write_ln47 = write void @_ssdm_op_Write.axis.volatile.i32P0A.i4P0A.i4P0A.i1P0A, i32 %res_V_data_V, i4 %res_V_keep_V, i4 %res_V_strb_V, i1 %res_V_last_V, i32 %out_data_data_loc_load, i4 15, i4 15, i1 %out_data_last" [fir_hw.cpp:47]   --->   Operation 64 'write' 'write_ln47' <Predicate = true> <Delay = 0.49> <CoreInst = "regslice">   --->   Core 147 'regslice' <Latency = 0> <II = 1> <Delay = 0.65> <Adapter> <Opcode : 'read' 'write'>
ST_5 : Operation 65 [2/2] (0.49ns)   --->   "%write_ln58 = write void @_ssdm_op_Write.axis.volatile.i32P0A.i4P0A.i4P0A.i1P0A, i32 %res_V_data_V, i4 %res_V_keep_V, i4 %res_V_strb_V, i1 %res_V_last_V, i32 %out_data_data_1_loc_load, i4 15, i4 15, i1 %out_data_last_1" [fir_hw.cpp:58]   --->   Operation 65 'write' 'write_ln58' <Predicate = true> <Delay = 0.49> <CoreInst = "regslice">   --->   Core 147 'regslice' <Latency = 0> <II = 1> <Delay = 0.65> <Adapter> <Opcode : 'read' 'write'>

State 6 <SV = 5> <Delay = 0.77>
ST_6 : Operation 66 [1/2] ( I:0.49ns O:0.49ns )   --->   "%write_ln58 = write void @_ssdm_op_Write.axis.volatile.i32P0A.i4P0A.i4P0A.i1P0A, i32 %res_V_data_V, i4 %res_V_keep_V, i4 %res_V_strb_V, i1 %res_V_last_V, i32 %out_data_data_1_loc_load, i4 15, i4 15, i1 %out_data_last_1" [fir_hw.cpp:58]   --->   Operation 66 'write' 'write_ln58' <Predicate = (!icmp_ln26)> <Delay = 0.49> <CoreInst = "regslice">   --->   Core 147 'regslice' <Latency = 0> <II = 1> <Delay = 0.65> <Adapter> <Opcode : 'read' 'write'>
ST_6 : Operation 67 [1/1] (0.42ns)   --->   "%br_ln63 = br void %if.end50" [fir_hw.cpp:63]   --->   Operation 67 'br' 'br_ln63' <Predicate = (!icmp_ln26)> <Delay = 0.42>
ST_6 : Operation 68 [1/1] (0.00ns)   --->   "%dec_cnt_new_0 = phi i3 %add_ln25, void %entry, i3 0, void %if.then" [fir_hw.cpp:25]   --->   Operation 68 'phi' 'dec_cnt_new_0' <Predicate = true> <Delay = 0.00>
ST_6 : Operation 69 [1/1] (0.77ns)   --->   "%add_ln65 = add i9 %write_idx_load, i9 1" [fir_hw.cpp:65]   --->   Operation 69 'add' 'add_ln65' <Predicate = true> <Delay = 0.77> <CoreInst = "Adder">   --->   Core 1 'Adder' <Latency = 0> <II = 1> <Delay = 0.77> <FuncUnit> <Opcode : 'add' 'sub'> <InPorts = 2> <OutPorts = 1>
ST_6 : Operation 70 [1/1] (0.00ns)   --->   "%store_ln65 = store i9 %add_ln65, i9 %write_idx" [fir_hw.cpp:65]   --->   Operation 70 'store' 'store_ln65' <Predicate = true> <Delay = 0.00>
ST_6 : Operation 71 [1/1] (0.00ns)   --->   "%store_ln25 = store i3 %dec_cnt_new_0, i3 %dec_cnt" [fir_hw.cpp:25]   --->   Operation 71 'store' 'store_ln25' <Predicate = true> <Delay = 0.00>
ST_6 : Operation 72 [1/1] (0.00ns)   --->   "%ret_ln68 = ret" [fir_hw.cpp:68]   --->   Operation 72 'ret' 'ret_ln68' <Predicate = true> <Delay = 0.00>


============================================================
+ Verbose Summary: Timing violations
============================================================
Target clock period: 10.000ns, clock uncertainty: 2.700ns.

 <State 1>: 3.420ns
The critical path consists of the following:
	s_axi read operation ('tlast_dnum_read') on port 'tlast_dnum' [18]  (1.000 ns)
	'icmp' operation 1 bit ('out_data.last', fir_hw.cpp:45) [66]  (0.853 ns)
	'select' operation 16 bit ('select_ln54', fir_hw.cpp:54) [69]  (0.357 ns)
	'icmp' operation 1 bit ('out_data.last', fir_hw.cpp:56) [70]  (0.853 ns)
	'select' operation 16 bit ('select_ln60', fir_hw.cpp:60) [72]  (0.357 ns)

 <State 2>: 2.789ns
The critical path consists of the following:
	'add' operation 10 bit ('add_ln32', fir_hw.cpp:32) [60]  (0.776 ns)
	'call' operation ('call_ln32', fir_hw.cpp:32) to 'fir_hw_Pipeline_VITIS_LOOP_32_1' [61]  (2.013 ns)

 <State 3>: 1.641ns
The critical path consists of the following:
	'call' operation ('call_ln32', fir_hw.cpp:32) to 'fir_hw_Pipeline_VITIS_LOOP_32_1' [61]  (1.641 ns)

 <State 4>: 0.497ns
The critical path consists of the following:
	'load' operation 32 bit ('out_data_data_loc_load') on local variable 'out_data_data_loc' [62]  (0.000 ns)
	axis write operation ('write_ln47', fir_hw.cpp:47) on port 'res_V_data_V' (fir_hw.cpp:47) [67]  (0.000 ns)
	blocking operation 0.497 ns on control path)

 <State 5>: 0.497ns
The critical path consists of the following:
	axis write operation ('write_ln47', fir_hw.cpp:47) on port 'res_V_data_V' (fir_hw.cpp:47) [67]  (0.497 ns)

 <State 6>: 0.776ns
The critical path consists of the following:
	'add' operation 9 bit ('add_ln65', fir_hw.cpp:65) [77]  (0.776 ns)


============================================================
+ Verbose Summary: Binding
============================================================
N/A
* FSMD analyzer results:
  - Output states:
 - Input state : 
  - Chain level:
	State 1
	State 2
	State 3
	State 4
	State 5
	State 6


============================================================
+ Verbose Summary: Datapath Resource usage 
============================================================
N/A
