

================================================================
== Vitis HLS Report for 'fir_hw_Pipeline_VITIS_LOOP_32_1'
================================================================
* Date:           Tue Apr 21 10:24:27 2026

* Version:        2025.2 (Build 6295257 on Nov 14 2025)
* Project:        fir_hls
* Solution:       hls (Vivado IP Flow Target)
* Product family: zynquplus
* Target device:  xck26-sfvc784-2LV-c


================================================================
== Performance Estimates
================================================================
+ Timing: 
    * Summary: 
    +--------+----------+----------+------------+
    |  Clock |  Target  | Estimated| Uncertainty|
    +--------+----------+----------+------------+
    |ap_clk  |  10.00 ns|  6.764 ns|     2.70 ns|
    +--------+----------+----------+------------+

+ Latency: 
    * Summary: 
    +---------+---------+----------+-----------+-----+-----+-------------------+
    |  Latency (cycles) |  Latency (absolute)  |  Interval |      Pipeline     |
    |   min   |   max   |    min   |    max    | min | max |        Type       |
    +---------+---------+----------+-----------+-----+-----+-------------------+
    |      258|     1026|  2.580 us|  10.260 us|    0|    0|  loop pipeline stp|
    +---------+---------+----------+-----------+-----+-----+-------------------+

    + Detail: 
        * Instance: 
        N/A

        * Loop: 
        +-------------------+---------+---------+----------+-----------+-----------+-----------+----------+
        |                   |  Latency (cycles) | Iteration|  Initiation Interval  |    Trip   |          |
        |     Loop Name     |   min   |   max   |  Latency |  achieved |   target  |   Count   | Pipelined|
        +-------------------+---------+---------+----------+-----------+-----------+-----------+----------+
        |- VITIS_LOOP_32_1  |      256|     1024|         3|          2|          2|  128 ~ 512|       yes|
        +-------------------+---------+---------+----------+-----------+-----------+-----------+----------+

============================================================
+ Verbose Summary: Synthesis Manager
============================================================
InlineROM: 1
ExposeGlobal: 0
============================================================
+ Verbose Summary: CDFG Model
============================================================
IsTopModel: 0
ResetActiveHigh: 1
IsCombinational: 0
IsDatapathOnly: 0
HasWiredReturn: 1
HasMFsm: 2
HasVarLatency: 1
IsPipeline: 0
IsRtlPipelined: 0
IsInstanceOverlapped: 0
IsDontTouch: 0
HasImplIP: 0
IsGatedGlobalClock: 0

+ Individual pipeline summary: 
  * Pipeline-0: initiation interval (II) = 2, depth = 3


============================================================
+ Verbose Summary: Schedule
============================================================
* Number of FSM states : 3
* Pipeline : 1
  Pipeline-0 : II = 2, D = 3, States = { 1 2 3 }
* Dataflow Pipeline: 0

* FSM state transitions: 
1 --> 2 
2 --> 3 
3 --> 

* FSM state operations: 

State 1 <SV = 0> <Delay = 2.44>
ST_1 : Operation 6 [1/1] (0.00ns)   --->   "%out_data_data_1 = alloca i32 1"   --->   Operation 6 'alloca' 'out_data_data_1' <Predicate = true> <Delay = 0.00>
ST_1 : Operation 7 [1/1] (0.00ns)   --->   "%out_data_data = alloca i32 1"   --->   Operation 7 'alloca' 'out_data_data' <Predicate = true> <Delay = 0.00>
ST_1 : Operation 8 [1/1] (0.00ns)   --->   "%acc_l = alloca i32 1" [fir_hw.cpp:29]   --->   Operation 8 'alloca' 'acc_l' <Predicate = true> <Delay = 0.00>
ST_1 : Operation 9 [1/1] (0.00ns)   --->   "%acc_r = alloca i32 1" [fir_hw.cpp:30]   --->   Operation 9 'alloca' 'acc_r' <Predicate = true> <Delay = 0.00>
ST_1 : Operation 10 [1/1] (0.00ns)   --->   "%i = alloca i32 1" [fir_hw.cpp:32]   --->   Operation 10 'alloca' 'i' <Predicate = true> <Delay = 0.00>
ST_1 : Operation 11 [1/1] (0.00ns)   --->   "%specmemcore_ln0 = specmemcore void @_ssdm_op_SpecMemCore, i32 %coeff_hw, i64 666, i64 207, i64 1, i1 0"   --->   Operation 11 'specmemcore' 'specmemcore_ln0' <Predicate = true> <Delay = 0.00>
ST_1 : Operation 12 [1/1] (0.00ns)   --->   "%specinterface_ln0 = specinterface void @_ssdm_op_SpecInterface, i32 %coeff_hw, void @empty_1, i32 0, i32 0, void @empty_8, i32 1, i32 0, void @empty_8, void @empty_8, void @empty_8, i32 0, i32 0, i32 0, i32 0, void @empty_8, void @empty_8, i32 4294967295, i32 0, i32 0, i32 0"   --->   Operation 12 'specinterface' 'specinterface_ln0' <Predicate = true> <Delay = 0.00>
ST_1 : Operation 13 [1/1] (0.00ns)   --->   "%write_idx_load_read = read i9 @_ssdm_op_Read.ap_auto.i9, i9 %write_idx_load"   --->   Operation 13 'read' 'write_idx_load_read' <Predicate = true> <Delay = 0.00>
ST_1 : Operation 14 [1/1] (0.00ns)   --->   "%add_ln32_read = read i10 @_ssdm_op_Read.ap_auto.i10, i10 %add_ln32"   --->   Operation 14 'read' 'add_ln32_read' <Predicate = true> <Delay = 0.00>
ST_1 : Operation 15 [1/1] (0.42ns)   --->   "%store_ln32 = store i10 0, i10 %i" [fir_hw.cpp:32]   --->   Operation 15 'store' 'store_ln32' <Predicate = true> <Delay = 0.42>
ST_1 : Operation 16 [1/1] (0.42ns)   --->   "%store_ln30 = store i48 0, i48 %acc_r" [fir_hw.cpp:30]   --->   Operation 16 'store' 'store_ln30' <Predicate = true> <Delay = 0.42>
ST_1 : Operation 17 [1/1] (0.42ns)   --->   "%store_ln29 = store i48 0, i48 %acc_l" [fir_hw.cpp:29]   --->   Operation 17 'store' 'store_ln29' <Predicate = true> <Delay = 0.42>
ST_1 : Operation 18 [1/1] (0.42ns)   --->   "%store_ln0 = store i32 0, i32 %out_data_data"   --->   Operation 18 'store' 'store_ln0' <Predicate = true> <Delay = 0.42>
ST_1 : Operation 19 [1/1] (0.42ns)   --->   "%store_ln0 = store i32 0, i32 %out_data_data_1"   --->   Operation 19 'store' 'store_ln0' <Predicate = true> <Delay = 0.42>
ST_1 : Operation 20 [1/1] (0.00ns)   --->   "%br_ln0 = br void %for.body"   --->   Operation 20 'br' 'br_ln0' <Predicate = true> <Delay = 0.00>
ST_1 : Operation 21 [1/1] (0.00ns)   --->   "%i_1 = load i10 %i" [fir_hw.cpp:32]   --->   Operation 21 'load' 'i_1' <Predicate = true> <Delay = 0.00>
ST_1 : Operation 22 [1/1] (0.78ns)   --->   "%icmp_ln32 = icmp_eq  i10 %i_1, i10 %add_ln32_read" [fir_hw.cpp:32]   --->   Operation 22 'icmp' 'icmp_ln32' <Predicate = true> <Delay = 0.78> <CoreInst = "Cmp">   --->   Core 9 'Cmp' <Latency = 0> <II = 1> <Delay = 0.78> <FuncUnit> <Opcode : 'seteq' 'setne' 'setle' 'setge' 'setlt' 'setgt'> <InPorts = 2> <OutPorts = 1>
ST_1 : Operation 23 [1/1] (0.78ns)   --->   "%i_2 = add i10 %i_1, i10 1" [fir_hw.cpp:32]   --->   Operation 23 'add' 'i_2' <Predicate = true> <Delay = 0.78> <CoreInst = "Adder">   --->   Core 1 'Adder' <Latency = 0> <II = 1> <Delay = 0.78> <FuncUnit> <Opcode : 'add' 'sub'> <InPorts = 2> <OutPorts = 1>
ST_1 : Operation 24 [1/1] (0.00ns)   --->   "%br_ln32 = br i1 %icmp_ln32, void %for.body.split, void %for.cond.cleanup.exitStub" [fir_hw.cpp:32]   --->   Operation 24 'br' 'br_ln32' <Predicate = true> <Delay = 0.00>
ST_1 : Operation 25 [1/1] (0.00ns)   --->   "%zext_ln32 = zext i10 %i_1" [fir_hw.cpp:32]   --->   Operation 25 'zext' 'zext_ln32' <Predicate = (!icmp_ln32)> <Delay = 0.00>
ST_1 : Operation 26 [1/1] (0.00ns)   --->   "%trunc_ln35 = trunc i10 %i_1" [fir_hw.cpp:35]   --->   Operation 26 'trunc' 'trunc_ln35' <Predicate = (!icmp_ln32)> <Delay = 0.00>
ST_1 : Operation 27 [1/1] (0.77ns)   --->   "%read_idx = sub i9 %write_idx_load_read, i9 %trunc_ln35" [fir_hw.cpp:35]   --->   Operation 27 'sub' 'read_idx' <Predicate = (!icmp_ln32)> <Delay = 0.77> <CoreInst = "Adder">   --->   Core 1 'Adder' <Latency = 0> <II = 1> <Delay = 0.77> <FuncUnit> <Opcode : 'add' 'sub'> <InPorts = 2> <OutPorts = 1>
ST_1 : Operation 28 [1/1] (0.00ns)   --->   "%zext_ln36 = zext i9 %read_idx" [fir_hw.cpp:36]   --->   Operation 28 'zext' 'zext_ln36' <Predicate = (!icmp_ln32)> <Delay = 0.00>
ST_1 : Operation 29 [1/1] (0.00ns)   --->   "%buffer_left_addr = getelementptr i24 %buffer_left, i64 0, i64 %zext_ln36" [fir_hw.cpp:36]   --->   Operation 29 'getelementptr' 'buffer_left_addr' <Predicate = (!icmp_ln32)> <Delay = 0.00>
ST_1 : Operation 30 [2/2] (1.23ns)   --->   "%sample_l = load i9 %buffer_left_addr" [fir_hw.cpp:36]   --->   Operation 30 'load' 'sample_l' <Predicate = (!icmp_ln32)> <Delay = 1.23> <CoreInst = "RAM">   --->   Core 82 'RAM' <Latency = 1> <II = 1> <Delay = 1.23> <Storage> <Opcode : 'load' 'store'> <Ports = 2> <Width = 24> <Depth = 512> <RAM>
ST_1 : Operation 31 [1/1] (0.00ns)   --->   "%buffer_right_addr = getelementptr i24 %buffer_right, i64 0, i64 %zext_ln36" [fir_hw.cpp:37]   --->   Operation 31 'getelementptr' 'buffer_right_addr' <Predicate = (!icmp_ln32)> <Delay = 0.00>
ST_1 : Operation 32 [2/2] (1.23ns)   --->   "%sample_r = load i9 %buffer_right_addr" [fir_hw.cpp:37]   --->   Operation 32 'load' 'sample_r' <Predicate = (!icmp_ln32)> <Delay = 1.23> <CoreInst = "RAM">   --->   Core 82 'RAM' <Latency = 1> <II = 1> <Delay = 1.23> <Storage> <Opcode : 'load' 'store'> <Ports = 2> <Width = 24> <Depth = 512> <RAM>
ST_1 : Operation 33 [1/1] (0.00ns)   --->   "%coeff_hw_addr = getelementptr i32 %coeff_hw, i64 0, i64 %zext_ln32" [fir_hw.cpp:38]   --->   Operation 33 'getelementptr' 'coeff_hw_addr' <Predicate = (!icmp_ln32)> <Delay = 0.00>
ST_1 : Operation 34 [2/2] (0.00ns)   --->   "%coeff_hw_load = load i9 %coeff_hw_addr" [fir_hw.cpp:38]   --->   Operation 34 'load' 'coeff_hw_load' <Predicate = (!icmp_ln32)> <Delay = 0.00> <CoreInst = "RAM_1P">   --->   Core 87 'RAM_1P' <Latency = 1> <II = 1> <Delay = 1.23> <Storage> <Opcode : 'load' 'store'> <Ports = 1> <Width = 32> <Depth = 512> <RAM>
ST_1 : Operation 35 [1/1] (0.42ns)   --->   "%store_ln32 = store i10 %i_2, i10 %i" [fir_hw.cpp:32]   --->   Operation 35 'store' 'store_ln32' <Predicate = (!icmp_ln32)> <Delay = 0.42>
ST_1 : Operation 64 [1/1] (0.00ns)   --->   "%out_data_data_1_load = load i32 %out_data_data_1"   --->   Operation 64 'load' 'out_data_data_1_load' <Predicate = (icmp_ln32)> <Delay = 0.00>
ST_1 : Operation 65 [1/1] (0.00ns)   --->   "%out_data_data_load = load i32 %out_data_data"   --->   Operation 65 'load' 'out_data_data_load' <Predicate = (icmp_ln32)> <Delay = 0.00>
ST_1 : Operation 66 [1/1] (0.00ns)   --->   "%write_ln0 = write void @_ssdm_op_Write.ap_auto.i32P0A, i32 %out_data_data_out, i32 %out_data_data_load"   --->   Operation 66 'write' 'write_ln0' <Predicate = (icmp_ln32)> <Delay = 0.00>
ST_1 : Operation 67 [1/1] (0.00ns)   --->   "%write_ln0 = write void @_ssdm_op_Write.ap_auto.i32P0A, i32 %out_data_data_1_out, i32 %out_data_data_1_load"   --->   Operation 67 'write' 'write_ln0' <Predicate = (icmp_ln32)> <Delay = 0.00>
ST_1 : Operation 68 [1/1] (0.42ns)   --->   "%ret_ln0 = ret"   --->   Operation 68 'ret' 'ret_ln0' <Predicate = (icmp_ln32)> <Delay = 0.42>

State 2 <SV = 1> <Delay = 6.76>
ST_2 : Operation 36 [1/1] (0.00ns)   --->   "%acc_l_load = load i48 %acc_l" [fir_hw.cpp:38]   --->   Operation 36 'load' 'acc_l_load' <Predicate = (!icmp_ln32)> <Delay = 0.00>
ST_2 : Operation 37 [1/2] ( I:1.23ns O:1.23ns )   --->   "%sample_l = load i9 %buffer_left_addr" [fir_hw.cpp:36]   --->   Operation 37 'load' 'sample_l' <Predicate = (!icmp_ln32)> <Delay = 1.23> <CoreInst = "RAM">   --->   Core 82 'RAM' <Latency = 1> <II = 1> <Delay = 1.23> <Storage> <Opcode : 'load' 'store'> <Ports = 2> <Width = 24> <Depth = 512> <RAM>
ST_2 : Operation 38 [1/2] ( I:1.23ns O:1.23ns )   --->   "%sample_r = load i9 %buffer_right_addr" [fir_hw.cpp:37]   --->   Operation 38 'load' 'sample_r' <Predicate = (!icmp_ln32)> <Delay = 1.23> <CoreInst = "RAM">   --->   Core 82 'RAM' <Latency = 1> <II = 1> <Delay = 1.23> <Storage> <Opcode : 'load' 'store'> <Ports = 2> <Width = 24> <Depth = 512> <RAM>
ST_2 : Operation 39 [1/1] (0.00ns)   --->   "%shl_ln = bitconcatenate i47 @_ssdm_op_BitConcatenate.i47.i24.i23, i24 %sample_l, i23 0" [fir_hw.cpp:38]   --->   Operation 39 'bitconcatenate' 'shl_ln' <Predicate = (!icmp_ln32)> <Delay = 0.00>
ST_2 : Operation 40 [1/1] (0.00ns)   --->   "%sext_ln38 = sext i47 %shl_ln" [fir_hw.cpp:38]   --->   Operation 40 'sext' 'sext_ln38' <Predicate = (!icmp_ln32)> <Delay = 0.00>
ST_2 : Operation 41 [1/2] ( I:0.00ns O:0.00ns )   --->   "%coeff_hw_load = load i9 %coeff_hw_addr" [fir_hw.cpp:38]   --->   Operation 41 'load' 'coeff_hw_load' <Predicate = (!icmp_ln32)> <Delay = 0.00> <CoreInst = "RAM_1P">   --->   Core 87 'RAM_1P' <Latency = 1> <II = 1> <Delay = 1.23> <Storage> <Opcode : 'load' 'store'> <Ports = 1> <Width = 32> <Depth = 512> <RAM>
ST_2 : Operation 42 [1/1] (0.00ns)   --->   "%sext_ln38_1 = sext i32 %coeff_hw_load" [fir_hw.cpp:38]   --->   Operation 42 'sext' 'sext_ln38_1' <Predicate = (!icmp_ln32)> <Delay = 0.00>
ST_2 : Operation 43 [1/1] (3.90ns)   --->   "%mul_ln38 = mul i79 %sext_ln38, i79 %sext_ln38_1" [fir_hw.cpp:38]   --->   Operation 43 'mul' 'mul_ln38' <Predicate = (!icmp_ln32)> <Delay = 3.90> <CoreInst = "Multiplier">   --->   Core 3 'Multiplier' <Latency = 0> <II = 1> <Delay = 3.90> <FuncUnit> <Opcode : 'mul'> <InPorts = 2> <OutPorts = 1>
ST_2 : Operation 44 [1/1] (0.00ns)   --->   "%shl_ln38_1 = bitconcatenate i79 @_ssdm_op_BitConcatenate.i79.i48.i31, i48 %acc_l_load, i31 0" [fir_hw.cpp:38]   --->   Operation 44 'bitconcatenate' 'shl_ln38_1' <Predicate = (!icmp_ln32)> <Delay = 0.00>
ST_2 : Operation 45 [1/1] (1.20ns)   --->   "%add_ln38 = add i79 %shl_ln38_1, i79 %mul_ln38" [fir_hw.cpp:38]   --->   Operation 45 'add' 'add_ln38' <Predicate = (!icmp_ln32)> <Delay = 1.20> <CoreInst = "Adder">   --->   Core 1 'Adder' <Latency = 0> <II = 1> <Delay = 1.20> <FuncUnit> <Opcode : 'add' 'sub'> <InPorts = 2> <OutPorts = 1>
ST_2 : Operation 46 [1/1] (0.00ns)   --->   "%acc_l_1 = partselect i48 @_ssdm_op_PartSelect.i48.i79.i32.i32, i79 %add_ln38, i32 31, i32 78" [fir_hw.cpp:38]   --->   Operation 46 'partselect' 'acc_l_1' <Predicate = (!icmp_ln32)> <Delay = 0.00>
ST_2 : Operation 47 [1/1] (0.00ns)   --->   "%trunc_ln1 = partselect i32 @_ssdm_op_PartSelect.i32.i79.i32.i32, i79 %add_ln38, i32 46, i32 77" [fir_hw.cpp:32]   --->   Operation 47 'partselect' 'trunc_ln1' <Predicate = (!icmp_ln32)> <Delay = 0.00>
ST_2 : Operation 48 [1/1] (0.42ns)   --->   "%store_ln29 = store i48 %acc_l_1, i48 %acc_l" [fir_hw.cpp:29]   --->   Operation 48 'store' 'store_ln29' <Predicate = (!icmp_ln32)> <Delay = 0.42>
ST_2 : Operation 49 [1/1] (0.42ns)   --->   "%store_ln32 = store i32 %trunc_ln1, i32 %out_data_data" [fir_hw.cpp:32]   --->   Operation 49 'store' 'store_ln32' <Predicate = (!icmp_ln32)> <Delay = 0.42>

State 3 <SV = 2> <Delay = 5.52>
ST_3 : Operation 50 [1/1] (0.00ns)   --->   "%acc_r_load = load i48 %acc_r" [fir_hw.cpp:39]   --->   Operation 50 'load' 'acc_r_load' <Predicate = true> <Delay = 0.00>
ST_3 : Operation 51 [1/1] (0.00ns)   --->   "%specpipeline_ln33 = specpipeline void @_ssdm_op_SpecPipeline, i32 2, i32 0, i32 0, i32 0, i32 4294967295, void @empty_8" [fir_hw.cpp:33]   --->   Operation 51 'specpipeline' 'specpipeline_ln33' <Predicate = true> <Delay = 0.00>
ST_3 : Operation 52 [1/1] (0.00ns)   --->   "%speclooptripcount_ln34 = speclooptripcount void @_ssdm_op_SpecLoopTripCount, i64 128, i64 512, i64 320" [fir_hw.cpp:34]   --->   Operation 52 'speclooptripcount' 'speclooptripcount_ln34' <Predicate = true> <Delay = 0.00>
ST_3 : Operation 53 [1/1] (0.00ns)   --->   "%specloopname_ln32 = specloopname void @_ssdm_op_SpecLoopName, void @empty_14" [fir_hw.cpp:32]   --->   Operation 53 'specloopname' 'specloopname_ln32' <Predicate = true> <Delay = 0.00>
ST_3 : Operation 54 [1/1] (0.00ns)   --->   "%shl_ln1 = bitconcatenate i47 @_ssdm_op_BitConcatenate.i47.i24.i23, i24 %sample_r, i23 0" [fir_hw.cpp:39]   --->   Operation 54 'bitconcatenate' 'shl_ln1' <Predicate = true> <Delay = 0.00>
ST_3 : Operation 55 [1/1] (0.00ns)   --->   "%sext_ln39 = sext i47 %shl_ln1" [fir_hw.cpp:39]   --->   Operation 55 'sext' 'sext_ln39' <Predicate = true> <Delay = 0.00>
ST_3 : Operation 56 [1/1] (3.90ns)   --->   "%mul_ln39 = mul i79 %sext_ln39, i79 %sext_ln38_1" [fir_hw.cpp:39]   --->   Operation 56 'mul' 'mul_ln39' <Predicate = true> <Delay = 3.90> <CoreInst = "Multiplier">   --->   Core 3 'Multiplier' <Latency = 0> <II = 1> <Delay = 3.90> <FuncUnit> <Opcode : 'mul'> <InPorts = 2> <OutPorts = 1>
ST_3 : Operation 57 [1/1] (0.00ns)   --->   "%shl_ln39_1 = bitconcatenate i79 @_ssdm_op_BitConcatenate.i79.i48.i31, i48 %acc_r_load, i31 0" [fir_hw.cpp:39]   --->   Operation 57 'bitconcatenate' 'shl_ln39_1' <Predicate = true> <Delay = 0.00>
ST_3 : Operation 58 [1/1] (1.20ns)   --->   "%add_ln39 = add i79 %shl_ln39_1, i79 %mul_ln39" [fir_hw.cpp:39]   --->   Operation 58 'add' 'add_ln39' <Predicate = true> <Delay = 1.20> <CoreInst = "Adder">   --->   Core 1 'Adder' <Latency = 0> <II = 1> <Delay = 1.20> <FuncUnit> <Opcode : 'add' 'sub'> <InPorts = 2> <OutPorts = 1>
ST_3 : Operation 59 [1/1] (0.00ns)   --->   "%acc_r_1 = partselect i48 @_ssdm_op_PartSelect.i48.i79.i32.i32, i79 %add_ln39, i32 31, i32 78" [fir_hw.cpp:39]   --->   Operation 59 'partselect' 'acc_r_1' <Predicate = true> <Delay = 0.00>
ST_3 : Operation 60 [1/1] (0.00ns)   --->   "%trunc_ln32_1 = partselect i32 @_ssdm_op_PartSelect.i32.i79.i32.i32, i79 %add_ln39, i32 46, i32 77" [fir_hw.cpp:32]   --->   Operation 60 'partselect' 'trunc_ln32_1' <Predicate = true> <Delay = 0.00>
ST_3 : Operation 61 [1/1] (0.42ns)   --->   "%store_ln30 = store i48 %acc_r_1, i48 %acc_r" [fir_hw.cpp:30]   --->   Operation 61 'store' 'store_ln30' <Predicate = true> <Delay = 0.42>
ST_3 : Operation 62 [1/1] (0.42ns)   --->   "%store_ln32 = store i32 %trunc_ln32_1, i32 %out_data_data_1" [fir_hw.cpp:32]   --->   Operation 62 'store' 'store_ln32' <Predicate = true> <Delay = 0.42>
ST_3 : Operation 63 [1/1] (0.00ns)   --->   "%br_ln32 = br void %for.body" [fir_hw.cpp:32]   --->   Operation 63 'br' 'br_ln32' <Predicate = true> <Delay = 0.00>


============================================================
+ Verbose Summary: Timing violations
============================================================
Target clock period: 10.000ns, clock uncertainty: 2.700ns.

 <State 1>: 2.440ns
The critical path consists of the following:
	'store' operation ('store_ln32', fir_hw.cpp:32) of constant 0 10 bit on local variable 'i', fir_hw.cpp:32 [17]  (0.427 ns)
	'load' operation 10 bit ('i', fir_hw.cpp:32) on local variable 'i', fir_hw.cpp:32 [24]  (0.000 ns)
	'sub' operation 9 bit ('read_idx', fir_hw.cpp:35) [36]  (0.776 ns)
	'getelementptr' operation 9 bit ('buffer_left_addr', fir_hw.cpp:36) [38]  (0.000 ns)
	'load' operation 24 bit ('sample_l', fir_hw.cpp:36) on array 'buffer_left' [39]  (1.237 ns)

 <State 2>: 6.764ns
The critical path consists of the following:
	'load' operation 24 bit ('sample_l', fir_hw.cpp:36) on array 'buffer_left' [39]  (1.237 ns)
	'mul' operation 79 bit ('mul_ln38', fir_hw.cpp:38) [47]  (3.900 ns)
	'add' operation 79 bit ('add_ln38', fir_hw.cpp:38) [49]  (1.200 ns)
	'store' operation ('store_ln29', fir_hw.cpp:29) of variable 'acc_l', fir_hw.cpp:38 48 bit on local variable 'acc_l', fir_hw.cpp:29 [61]  (0.427 ns)

 <State 3>: 5.527ns
The critical path consists of the following:
	'mul' operation 79 bit ('mul_ln39', fir_hw.cpp:39) [53]  (3.900 ns)
	'add' operation 79 bit ('add_ln39', fir_hw.cpp:39) [55]  (1.200 ns)
	'store' operation ('store_ln30', fir_hw.cpp:30) of variable 'acc_r', fir_hw.cpp:39 48 bit on local variable 'acc_r', fir_hw.cpp:30 [60]  (0.427 ns)


============================================================
+ Verbose Summary: Binding
============================================================
N/A
* FSMD analyzer results:
  - Output states:
 - Input state : 
  - Chain level:
	State 1
	State 2
	State 3


============================================================
+ Verbose Summary: Datapath Resource usage 
============================================================
N/A
