// ----------------------------------------------------------------------------
// Smart High-Level Synthesis Tool Version 2025.2
// Copyright (c) 2015-2025 Microchip Technology Inc. All Rights Reserved.
// For support, please visit https://onlinedocs.microchip.com/v2/keyword-lookup?keyword=techsupport&redirect=true&version=latest.
// Date: Fri May 29 17:57:38 2026
// ----------------------------------------------------------------------------
Target FPGA: MICROCHIP PolarFireSoC
Project type: hw_onlyClock period constraint: -1ns
Start Function: bypass_hw
state: SHLS_0, basic block: SHLS_0
   Transition: if (<null>): SHLS_pipeline_wait_bypass_hw_1 default: SHLS_0
state: SHLS_pipeline_wait_bypass_hw_1, basic block: BB_0, pipeline type: function, pipeline ID: _Z9bypass_hwN3hls7ap_uintILj16EEERNS_4FIFOINS_8ap_fixptILj24ELi1ELNS_19AP_FIXPT_QUANT_MODEE0ELNS_18AP_FIXPT_OVER_MODEE0EEELb0EEES8_RNS2_I11axis_packetLb0EEE, II: 2, length: 3
   return void
   Transition: if (<null>): SHLS_0 default: SHLS_pipeline_wait_bypass_hw_1

Basic Block: BB_0, Num States: 3, Location: <src/bypass_hw.cpp:15-18,25-28,30,33>
End Function: bypass_hw II: <2> Total Latency: <5>
--------------------------------------------------------------------------------

