#-----------------------------------------------------------
# Vivado v2025.2 (64-bit)
# SW Build 6299465 on Fri Nov 14 19:35:11 GMT 2025
# IP Build 6300035 on Fri Nov 14 10:48:45 MST 2025
# SharedData Build 6298862 on Thu Nov 13 04:50:51 MST 2025
# Start of session at: Sat Feb 28 14:30:51 2026
# Process ID         : 28596
# Current directory  : C:/Users/zero6575/Vivado/fpga_labor/fpga_labor
# Command line       : vivado.exe -gui_launcher_event rodinguilauncherevent13144 C:\Users\zero6575\Vivado\fpga_labor\fpga_labor\fpga_labor.xpr
# Log file           : C:/Users/zero6575/Vivado/fpga_labor/fpga_labor/vivado.log
# Journal file       : C:/Users/zero6575/Vivado/fpga_labor/fpga_labor\vivado.jou
# Running On         : pc
# Platform           : Windows Server 2016 or Windows 10
# Operating System   : 22631
# Processor Detail   : AMD Ryzen 7 7700X 8-Core Processor             
# CPU Frequency      : 4491 MHz
# CPU Physical cores : 8
# CPU Logical cores  : 16
# Host memory        : 102163 MB
# Swap memory        : 6442 MB
# Total Virtual      : 108606 MB
# Available Virtual  : 86622 MB
#-----------------------------------------------------------
start_gui
open_project C:/Users/zero6575/Vivado/fpga_labor/fpga_labor/fpga_labor.xpr
WARNING: [Board 49-26] cannot add Board Part xilinx.com:emb-plus-vpr-4616:part0:1.0 available at C:/AMDDesignTools/2025.2/data/xhub/boards\XilinxBoardStore\boards\Xilinx\emb-plus-vpr-4616\1.0\board.xml as part xcve2302-sfva784-2mp-e-s specified in board_part file is either invalid or not available
WARNING: [Board 49-26] cannot add Board Part xilinx.com:emb-plus-vpr-4616:part0:1.1 available at C:/AMDDesignTools/2025.2/data/xhub/boards\XilinxBoardStore\boards\Xilinx\emb-plus-vpr-4616\1.1\board.xml as part xcve2302-sfva784-2mp-e-s specified in board_part file is either invalid or not available
WARNING: [Board 49-26] cannot add Board Part xilinx.com:v80:part0:1.0 available at C:/AMDDesignTools/2025.2/data/xhub/boards\XilinxBoardStore\boards\Xilinx\v80\1.0\board.xml as part xcv80-lsva4737-2mhp-e-s specified in board_part file is either invalid or not available
WARNING: [Board 49-26] cannot add Board Part xilinx.com:vck190:part0:2.2 available at C:/AMDDesignTools/2025.2/data/xhub/boards\XilinxBoardStore\boards\Xilinx\vck190\production\2.2\board.xml as part xcvc1902-vsva2197-2mp-e-s specified in board_part file is either invalid or not available
WARNING: [Board 49-26] cannot add Board Part xilinx.com:vck190:part0:3.0 available at C:/AMDDesignTools/2025.2/data/xhub/boards\XilinxBoardStore\boards\Xilinx\vck190\production\3.0\board.xml as part xcvc1902-vsva2197-2mp-e-s specified in board_part file is either invalid or not available
WARNING: [Board 49-26] cannot add Board Part xilinx.com:vck190:part0:3.1 available at C:/AMDDesignTools/2025.2/data/xhub/boards\XilinxBoardStore\boards\Xilinx\vck190\production\3.1\board.xml as part xcvc1902-vsva2197-2mp-e-s specified in board_part file is either invalid or not available
WARNING: [Board 49-26] cannot add Board Part xilinx.com:vck190:part0:3.2 available at C:/AMDDesignTools/2025.2/data/xhub/boards\XilinxBoardStore\boards\Xilinx\vck190\production\3.2\board.xml as part xcvc1902-vsva2197-2mp-e-s specified in board_part file is either invalid or not available
WARNING: [Board 49-26] cannot add Board Part xilinx.com:vck190:part0:3.3 available at C:/AMDDesignTools/2025.2/data/xhub/boards\XilinxBoardStore\boards\Xilinx\vck190\production\3.3\board.xml as part xcvc1902-vsva2197-2mp-e-s specified in board_part file is either invalid or not available
WARNING: [Board 49-26] cannot add Board Part xilinx.com:vck190:part0:3.4 available at C:/AMDDesignTools/2025.2/data/xhub/boards\XilinxBoardStore\boards\Xilinx\vck190\production\3.4\board.xml as part xcvc1902-vsva2197-2mp-e-s specified in board_part file is either invalid or not available
WARNING: [Board 49-26] cannot add Board Part xilinx.com:vck190_newl:part0:1.0 available at C:/AMDDesignTools/2025.2/data/xhub/boards\XilinxBoardStore\boards\Xilinx\vck190_newl\production\1.0\board.xml as part xcvc1902-vsva2197-2mp-e-s specified in board_part file is either invalid or not available
WARNING: [Board 49-26] cannot add Board Part xilinx.com:vck190_newl:part0:1.1 available at C:/AMDDesignTools/2025.2/data/xhub/boards\XilinxBoardStore\boards\Xilinx\vck190_newl\production\1.1\board.xml as part xcvc1902-vsva2197-2mp-e-s specified in board_part file is either invalid or not available
WARNING: [Board 49-26] cannot add Board Part xilinx.com:vck190_newl:part0:1.2 available at C:/AMDDesignTools/2025.2/data/xhub/boards\XilinxBoardStore\boards\Xilinx\vck190_newl\production\1.2\board.xml as part xcvc1902-vsva2197-2mp-e-s specified in board_part file is either invalid or not available
WARNING: [Board 49-26] cannot add Board Part xilinx.com:vck190_newl:part0:1.3 available at C:/AMDDesignTools/2025.2/data/xhub/boards\XilinxBoardStore\boards\Xilinx\vck190_newl\production\1.3\board.xml as part xcvc1902-vsva2197-2mp-e-s specified in board_part file is either invalid or not available
WARNING: [Board 49-26] cannot add Board Part xilinx.com:vek280:part0:1.0 available at C:/AMDDesignTools/2025.2/data/xhub/boards\XilinxBoardStore\boards\Xilinx\vek280\production\1.0\board.xml as part xcve2802-vsvh1760-2mp-e-s specified in board_part file is either invalid or not available
WARNING: [Board 49-26] cannot add Board Part xilinx.com:vek280:part0:1.1 available at C:/AMDDesignTools/2025.2/data/xhub/boards\XilinxBoardStore\boards\Xilinx\vek280\production\1.1\board.xml as part xcve2802-vsvh1760-2mp-e-s specified in board_part file is either invalid or not available
WARNING: [Board 49-26] cannot add Board Part xilinx.com:vek280:part0:1.2 available at C:/AMDDesignTools/2025.2/data/xhub/boards\XilinxBoardStore\boards\Xilinx\vek280\production\1.2\board.xml as part xcve2802-vsvh1760-2mp-e-s specified in board_part file is either invalid or not available
WARNING: [Board 49-26] cannot add Board Part xilinx.com:vek385:part0:1.0 available at C:/AMDDesignTools/2025.2/data/xhub/boards\XilinxBoardStore\boards\Xilinx\vek385\1.0\board.xml as part xc2ve3858-ssva2112-2mp-e-s specified in board_part file is either invalid or not available
WARNING: [Board 49-26] cannot add Board Part xilinx.com:vek385:part0:1.1 available at C:/AMDDesignTools/2025.2/data/xhub/boards\XilinxBoardStore\boards\Xilinx\vek385\1.1\board.xml as part xc2ve3858-ssva2112-2mp-e-s specified in board_part file is either invalid or not available
WARNING: [Board 49-26] cannot add Board Part xilinx.com:vek385_1:part0:1.0 available at C:/AMDDesignTools/2025.2/data/xhub/boards\XilinxBoardStore\boards\Xilinx\vek385_2\1.0\board.xml as part xc2ve3858-ssva2112-2mp-e-s specified in board_part file is either invalid or not available
WARNING: [Board 49-26] cannot add Board Part xilinx.com:vhk158:part0:1.0 available at C:/AMDDesignTools/2025.2/data/xhub/boards\XilinxBoardStore\boards\Xilinx\vhk158\production\1.0\board.xml as part xcvh1582-vsva3697-2mp-e-s specified in board_part file is either invalid or not available
WARNING: [Board 49-26] cannot add Board Part xilinx.com:vhk158:part0:1.1 available at C:/AMDDesignTools/2025.2/data/xhub/boards\XilinxBoardStore\boards\Xilinx\vhk158\production\1.1\board.xml as part xcvh1582-vsva3697-2mp-e-s specified in board_part file is either invalid or not available
WARNING: [Board 49-26] cannot add Board Part xilinx.com:vhk158:part0:1.2 available at C:/AMDDesignTools/2025.2/data/xhub/boards\XilinxBoardStore\boards\Xilinx\vhk158\production\1.2\board.xml as part xcvh1582-vsva3697-2mp-e-s specified in board_part file is either invalid or not available
WARNING: [Board 49-26] cannot add Board Part xilinx.com:vmk180:part0:2.2 available at C:/AMDDesignTools/2025.2/data/xhub/boards\XilinxBoardStore\boards\Xilinx\vmk180\production\2.2\board.xml as part xcvm1802-vsva2197-2mp-e-s specified in board_part file is either invalid or not available
WARNING: [Board 49-26] cannot add Board Part xilinx.com:vmk180:part0:3.0 available at C:/AMDDesignTools/2025.2/data/xhub/boards\XilinxBoardStore\boards\Xilinx\vmk180\production\3.0\board.xml as part xcvm1802-vsva2197-2mp-e-s specified in board_part file is either invalid or not available
WARNING: [Board 49-26] cannot add Board Part xilinx.com:vmk180:part0:3.1 available at C:/AMDDesignTools/2025.2/data/xhub/boards\XilinxBoardStore\boards\Xilinx\vmk180\production\3.1\board.xml as part xcvm1802-vsva2197-2mp-e-s specified in board_part file is either invalid or not available
WARNING: [Board 49-26] cannot add Board Part xilinx.com:vmk180:part0:3.2 available at C:/AMDDesignTools/2025.2/data/xhub/boards\XilinxBoardStore\boards\Xilinx\vmk180\production\3.2\board.xml as part xcvm1802-vsva2197-2mp-e-s specified in board_part file is either invalid or not available
WARNING: [Board 49-26] cannot add Board Part xilinx.com:vmk180:part0:3.3 available at C:/AMDDesignTools/2025.2/data/xhub/boards\XilinxBoardStore\boards\Xilinx\vmk180\production\3.3\board.xml as part xcvm1802-vsva2197-2mp-e-s specified in board_part file is either invalid or not available
WARNING: [Board 49-26] cannot add Board Part xilinx.com:vmk180_newl:part0:1.0 available at C:/AMDDesignTools/2025.2/data/xhub/boards\XilinxBoardStore\boards\Xilinx\vmk180_newl\production\1.0\board.xml as part xcvm1802-vsva2197-2mp-e-s specified in board_part file is either invalid or not available
WARNING: [Board 49-26] cannot add Board Part xilinx.com:vmk180_newl:part0:1.1 available at C:/AMDDesignTools/2025.2/data/xhub/boards\XilinxBoardStore\boards\Xilinx\vmk180_newl\production\1.1\board.xml as part xcvm1802-vsva2197-2mp-e-s specified in board_part file is either invalid or not available
WARNING: [Board 49-26] cannot add Board Part xilinx.com:vpk120:part0:1.0 available at C:/AMDDesignTools/2025.2/data/xhub/boards\XilinxBoardStore\boards\Xilinx\vpk120\production\1.0\board.xml as part xcvp1202-vsva2785-2mp-e-s specified in board_part file is either invalid or not available
WARNING: [Board 49-26] cannot add Board Part xilinx.com:vpk120:part0:1.1 available at C:/AMDDesignTools/2025.2/data/xhub/boards\XilinxBoardStore\boards\Xilinx\vpk120\production\1.1\board.xml as part xcvp1202-vsva2785-2mp-e-s specified in board_part file is either invalid or not available
WARNING: [Board 49-26] cannot add Board Part xilinx.com:vpk120:part0:1.2 available at C:/AMDDesignTools/2025.2/data/xhub/boards\XilinxBoardStore\boards\Xilinx\vpk120\production\1.2\board.xml as part xcvp1202-vsva2785-2mp-e-s specified in board_part file is either invalid or not available
WARNING: [Board 49-26] cannot add Board Part xilinx.com:vpk180:part0:1.0 available at C:/AMDDesignTools/2025.2/data/xhub/boards\XilinxBoardStore\boards\Xilinx\vpk180\production\1.0\board.xml as part xcvp1802-lsvc4072-2mp-e-s specified in board_part file is either invalid or not available
WARNING: [Board 49-26] cannot add Board Part xilinx.com:vpk180:part0:1.1 available at C:/AMDDesignTools/2025.2/data/xhub/boards\XilinxBoardStore\boards\Xilinx\vpk180\production\1.1\board.xml as part xcvp1802-lsvc4072-2mp-e-s specified in board_part file is either invalid or not available
WARNING: [Board 49-26] cannot add Board Part xilinx.com:vpk180:part0:1.2 available at C:/AMDDesignTools/2025.2/data/xhub/boards\XilinxBoardStore\boards\Xilinx\vpk180\production\1.2\board.xml as part xcvp1802-lsvc4072-2mp-e-s specified in board_part file is either invalid or not available
WARNING: [Board 49-26] cannot add Board Part xilinx.com:vrk160:part0:1.0 available at C:/AMDDesignTools/2025.2/data/xhub/boards\XilinxBoardStore\boards\Xilinx\vrk160\1.0\board.xml as part xcvr1602-vsva2488-2mp-e-s-es1 specified in board_part file is either invalid or not available
WARNING: [Board 49-26] cannot add Board Part xilinx.com:vrk160:part0:1.1 available at C:/AMDDesignTools/2025.2/data/xhub/boards\XilinxBoardStore\boards\Xilinx\vrk160\1.1\board.xml as part xcvr1602-vsva2488-2mp-e-s-es1 specified in board_part file is either invalid or not available
WARNING: [Board 49-26] cannot add Board Part xilinx.com:zcu208ld:part0:2.0 available at C:/AMDDesignTools/2025.2/data/xhub/boards\XilinxBoardStore\boards\Xilinx\zcu208ld\production\2.0\board.xml as part xczu58dr-fsvg1517-2-i specified in board_part file is either invalid or not available
WARNING: [Board 49-26] cannot add Board Part xilinx.com:zcu216ld:part0:2.0 available at C:/AMDDesignTools/2025.2/data/xhub/boards\XilinxBoardStore\boards\Xilinx\zcu216ld\production\2.0\board.xml as part xczu59dr-ffvf1760-2-i specified in board_part file is either invalid or not available
WARNING: [Board 49-26] cannot add Board Part xilinx.com:zcu670ld:part0:1.0 available at C:/AMDDesignTools/2025.2/data/xhub/boards\XilinxBoardStore\boards\Xilinx\zcu670ld\1.0\board.xml as part xczu57dr-fsve1156-2-i specified in board_part file is either invalid or not available
WARNING: [BD 41-2576] File 'C:/Users/zero6575/Vivado/fpga_labor/fpga_labor/fpga_labor.srcs/sources_1/bd/cpu_system/ip/cpu_system_smartconnect_1_0/cpu_system_smartconnect_1_0.xci' referenced by design 'cpu_system' could not be found.
WARNING: [BD 41-2576] File 'C:/Users/zero6575/Vivado/fpga_labor/fpga_labor/fpga_labor.srcs/sources_1/bd/cpu_system/ip/cpu_system_axi_dma_0_0/cpu_system_axi_dma_0_0.xci' referenced by design 'cpu_system' could not be found.
WARNING: [BD 41-2576] File 'C:/Users/zero6575/Vivado/fpga_labor/fpga_labor/fpga_labor.srcs/sources_1/bd/cpu_system/ip/cpu_system_xlconcat_0_0/cpu_system_xlconcat_0_0.xci' referenced by design 'cpu_system' could not be found.
WARNING: [BD 41-2576] File 'C:/Users/zero6575/Vivado/fpga_labor/fpga_labor/fpga_labor.srcs/sources_1/bd/cpu_system/ip/cpu_system_fifo_generator_0_0/cpu_system_fifo_generator_0_0.xci' referenced by design 'cpu_system' could not be found.
Scanning sources...
Finished scanning sources
WARNING: [Board 49-26] cannot add Board Part xilinx.com:emb-plus-vpr-4616:part0:1.0 available at C:/AMDDesignTools/2025.2/data/xhub/boards\XilinxBoardStore\boards\Xilinx\emb-plus-vpr-4616\1.0\board.xml as part xcve2302-sfva784-2mp-e-s specified in board_part file is either invalid or not available
WARNING: [Board 49-26] cannot add Board Part xilinx.com:emb-plus-vpr-4616:part0:1.1 available at C:/AMDDesignTools/2025.2/data/xhub/boards\XilinxBoardStore\boards\Xilinx\emb-plus-vpr-4616\1.1\board.xml as part xcve2302-sfva784-2mp-e-s specified in board_part file is either invalid or not available
WARNING: [Board 49-26] cannot add Board Part xilinx.com:v80:part0:1.0 available at C:/AMDDesignTools/2025.2/data/xhub/boards\XilinxBoardStore\boards\Xilinx\v80\1.0\board.xml as part xcv80-lsva4737-2mhp-e-s specified in board_part file is either invalid or not available
WARNING: [Board 49-26] cannot add Board Part xilinx.com:vck190:part0:2.2 available at C:/AMDDesignTools/2025.2/data/xhub/boards\XilinxBoardStore\boards\Xilinx\vck190\production\2.2\board.xml as part xcvc1902-vsva2197-2mp-e-s specified in board_part file is either invalid or not available
WARNING: [Board 49-26] cannot add Board Part xilinx.com:vck190:part0:3.0 available at C:/AMDDesignTools/2025.2/data/xhub/boards\XilinxBoardStore\boards\Xilinx\vck190\production\3.0\board.xml as part xcvc1902-vsva2197-2mp-e-s specified in board_part file is either invalid or not available
WARNING: [Board 49-26] cannot add Board Part xilinx.com:vck190:part0:3.1 available at C:/AMDDesignTools/2025.2/data/xhub/boards\XilinxBoardStore\boards\Xilinx\vck190\production\3.1\board.xml as part xcvc1902-vsva2197-2mp-e-s specified in board_part file is either invalid or not available
WARNING: [Board 49-26] cannot add Board Part xilinx.com:vck190:part0:3.2 available at C:/AMDDesignTools/2025.2/data/xhub/boards\XilinxBoardStore\boards\Xilinx\vck190\production\3.2\board.xml as part xcvc1902-vsva2197-2mp-e-s specified in board_part file is either invalid or not available
WARNING: [Board 49-26] cannot add Board Part xilinx.com:vck190:part0:3.3 available at C:/AMDDesignTools/2025.2/data/xhub/boards\XilinxBoardStore\boards\Xilinx\vck190\production\3.3\board.xml as part xcvc1902-vsva2197-2mp-e-s specified in board_part file is either invalid or not available
WARNING: [Board 49-26] cannot add Board Part xilinx.com:vck190:part0:3.4 available at C:/AMDDesignTools/2025.2/data/xhub/boards\XilinxBoardStore\boards\Xilinx\vck190\production\3.4\board.xml as part xcvc1902-vsva2197-2mp-e-s specified in board_part file is either invalid or not available
WARNING: [Board 49-26] cannot add Board Part xilinx.com:vck190_newl:part0:1.0 available at C:/AMDDesignTools/2025.2/data/xhub/boards\XilinxBoardStore\boards\Xilinx\vck190_newl\production\1.0\board.xml as part xcvc1902-vsva2197-2mp-e-s specified in board_part file is either invalid or not available
WARNING: [Board 49-26] cannot add Board Part xilinx.com:vck190_newl:part0:1.1 available at C:/AMDDesignTools/2025.2/data/xhub/boards\XilinxBoardStore\boards\Xilinx\vck190_newl\production\1.1\board.xml as part xcvc1902-vsva2197-2mp-e-s specified in board_part file is either invalid or not available
WARNING: [Board 49-26] cannot add Board Part xilinx.com:vck190_newl:part0:1.2 available at C:/AMDDesignTools/2025.2/data/xhub/boards\XilinxBoardStore\boards\Xilinx\vck190_newl\production\1.2\board.xml as part xcvc1902-vsva2197-2mp-e-s specified in board_part file is either invalid or not available
WARNING: [Board 49-26] cannot add Board Part xilinx.com:vck190_newl:part0:1.3 available at C:/AMDDesignTools/2025.2/data/xhub/boards\XilinxBoardStore\boards\Xilinx\vck190_newl\production\1.3\board.xml as part xcvc1902-vsva2197-2mp-e-s specified in board_part file is either invalid or not available
WARNING: [Board 49-26] cannot add Board Part xilinx.com:vek280:part0:1.0 available at C:/AMDDesignTools/2025.2/data/xhub/boards\XilinxBoardStore\boards\Xilinx\vek280\production\1.0\board.xml as part xcve2802-vsvh1760-2mp-e-s specified in board_part file is either invalid or not available
WARNING: [Board 49-26] cannot add Board Part xilinx.com:vek280:part0:1.1 available at C:/AMDDesignTools/2025.2/data/xhub/boards\XilinxBoardStore\boards\Xilinx\vek280\production\1.1\board.xml as part xcve2802-vsvh1760-2mp-e-s specified in board_part file is either invalid or not available
WARNING: [Board 49-26] cannot add Board Part xilinx.com:vek280:part0:1.2 available at C:/AMDDesignTools/2025.2/data/xhub/boards\XilinxBoardStore\boards\Xilinx\vek280\production\1.2\board.xml as part xcve2802-vsvh1760-2mp-e-s specified in board_part file is either invalid or not available
WARNING: [Board 49-26] cannot add Board Part xilinx.com:vek385:part0:1.0 available at C:/AMDDesignTools/2025.2/data/xhub/boards\XilinxBoardStore\boards\Xilinx\vek385\1.0\board.xml as part xc2ve3858-ssva2112-2mp-e-s specified in board_part file is either invalid or not available
WARNING: [Board 49-26] cannot add Board Part xilinx.com:vek385:part0:1.1 available at C:/AMDDesignTools/2025.2/data/xhub/boards\XilinxBoardStore\boards\Xilinx\vek385\1.1\board.xml as part xc2ve3858-ssva2112-2mp-e-s specified in board_part file is either invalid or not available
WARNING: [Board 49-26] cannot add Board Part xilinx.com:vek385_1:part0:1.0 available at C:/AMDDesignTools/2025.2/data/xhub/boards\XilinxBoardStore\boards\Xilinx\vek385_2\1.0\board.xml as part xc2ve3858-ssva2112-2mp-e-s specified in board_part file is either invalid or not available
WARNING: [Board 49-26] cannot add Board Part xilinx.com:vhk158:part0:1.0 available at C:/AMDDesignTools/2025.2/data/xhub/boards\XilinxBoardStore\boards\Xilinx\vhk158\production\1.0\board.xml as part xcvh1582-vsva3697-2mp-e-s specified in board_part file is either invalid or not available
WARNING: [Board 49-26] cannot add Board Part xilinx.com:vhk158:part0:1.1 available at C:/AMDDesignTools/2025.2/data/xhub/boards\XilinxBoardStore\boards\Xilinx\vhk158\production\1.1\board.xml as part xcvh1582-vsva3697-2mp-e-s specified in board_part file is either invalid or not available
WARNING: [Board 49-26] cannot add Board Part xilinx.com:vhk158:part0:1.2 available at C:/AMDDesignTools/2025.2/data/xhub/boards\XilinxBoardStore\boards\Xilinx\vhk158\production\1.2\board.xml as part xcvh1582-vsva3697-2mp-e-s specified in board_part file is either invalid or not available
WARNING: [Board 49-26] cannot add Board Part xilinx.com:vmk180:part0:2.2 available at C:/AMDDesignTools/2025.2/data/xhub/boards\XilinxBoardStore\boards\Xilinx\vmk180\production\2.2\board.xml as part xcvm1802-vsva2197-2mp-e-s specified in board_part file is either invalid or not available
WARNING: [Board 49-26] cannot add Board Part xilinx.com:vmk180:part0:3.0 available at C:/AMDDesignTools/2025.2/data/xhub/boards\XilinxBoardStore\boards\Xilinx\vmk180\production\3.0\board.xml as part xcvm1802-vsva2197-2mp-e-s specified in board_part file is either invalid or not available
WARNING: [Board 49-26] cannot add Board Part xilinx.com:vmk180:part0:3.1 available at C:/AMDDesignTools/2025.2/data/xhub/boards\XilinxBoardStore\boards\Xilinx\vmk180\production\3.1\board.xml as part xcvm1802-vsva2197-2mp-e-s specified in board_part file is either invalid or not available
WARNING: [Board 49-26] cannot add Board Part xilinx.com:vmk180:part0:3.2 available at C:/AMDDesignTools/2025.2/data/xhub/boards\XilinxBoardStore\boards\Xilinx\vmk180\production\3.2\board.xml as part xcvm1802-vsva2197-2mp-e-s specified in board_part file is either invalid or not available
WARNING: [Board 49-26] cannot add Board Part xilinx.com:vmk180:part0:3.3 available at C:/AMDDesignTools/2025.2/data/xhub/boards\XilinxBoardStore\boards\Xilinx\vmk180\production\3.3\board.xml as part xcvm1802-vsva2197-2mp-e-s specified in board_part file is either invalid or not available
WARNING: [Board 49-26] cannot add Board Part xilinx.com:vmk180_newl:part0:1.0 available at C:/AMDDesignTools/2025.2/data/xhub/boards\XilinxBoardStore\boards\Xilinx\vmk180_newl\production\1.0\board.xml as part xcvm1802-vsva2197-2mp-e-s specified in board_part file is either invalid or not available
WARNING: [Board 49-26] cannot add Board Part xilinx.com:vmk180_newl:part0:1.1 available at C:/AMDDesignTools/2025.2/data/xhub/boards\XilinxBoardStore\boards\Xilinx\vmk180_newl\production\1.1\board.xml as part xcvm1802-vsva2197-2mp-e-s specified in board_part file is either invalid or not available
WARNING: [Board 49-26] cannot add Board Part xilinx.com:vpk120:part0:1.0 available at C:/AMDDesignTools/2025.2/data/xhub/boards\XilinxBoardStore\boards\Xilinx\vpk120\production\1.0\board.xml as part xcvp1202-vsva2785-2mp-e-s specified in board_part file is either invalid or not available
WARNING: [Board 49-26] cannot add Board Part xilinx.com:vpk120:part0:1.1 available at C:/AMDDesignTools/2025.2/data/xhub/boards\XilinxBoardStore\boards\Xilinx\vpk120\production\1.1\board.xml as part xcvp1202-vsva2785-2mp-e-s specified in board_part file is either invalid or not available
WARNING: [Board 49-26] cannot add Board Part xilinx.com:vpk120:part0:1.2 available at C:/AMDDesignTools/2025.2/data/xhub/boards\XilinxBoardStore\boards\Xilinx\vpk120\production\1.2\board.xml as part xcvp1202-vsva2785-2mp-e-s specified in board_part file is either invalid or not available
WARNING: [Board 49-26] cannot add Board Part xilinx.com:vpk180:part0:1.0 available at C:/AMDDesignTools/2025.2/data/xhub/boards\XilinxBoardStore\boards\Xilinx\vpk180\production\1.0\board.xml as part xcvp1802-lsvc4072-2mp-e-s specified in board_part file is either invalid or not available
WARNING: [Board 49-26] cannot add Board Part xilinx.com:vpk180:part0:1.1 available at C:/AMDDesignTools/2025.2/data/xhub/boards\XilinxBoardStore\boards\Xilinx\vpk180\production\1.1\board.xml as part xcvp1802-lsvc4072-2mp-e-s specified in board_part file is either invalid or not available
WARNING: [Board 49-26] cannot add Board Part xilinx.com:vpk180:part0:1.2 available at C:/AMDDesignTools/2025.2/data/xhub/boards\XilinxBoardStore\boards\Xilinx\vpk180\production\1.2\board.xml as part xcvp1802-lsvc4072-2mp-e-s specified in board_part file is either invalid or not available
WARNING: [Board 49-26] cannot add Board Part xilinx.com:vrk160:part0:1.0 available at C:/AMDDesignTools/2025.2/data/xhub/boards\XilinxBoardStore\boards\Xilinx\vrk160\1.0\board.xml as part xcvr1602-vsva2488-2mp-e-s-es1 specified in board_part file is either invalid or not available
WARNING: [Board 49-26] cannot add Board Part xilinx.com:vrk160:part0:1.1 available at C:/AMDDesignTools/2025.2/data/xhub/boards\XilinxBoardStore\boards\Xilinx\vrk160\1.1\board.xml as part xcvr1602-vsva2488-2mp-e-s-es1 specified in board_part file is either invalid or not available
WARNING: [Board 49-26] cannot add Board Part xilinx.com:zcu208ld:part0:2.0 available at C:/AMDDesignTools/2025.2/data/xhub/boards\XilinxBoardStore\boards\Xilinx\zcu208ld\production\2.0\board.xml as part xczu58dr-fsvg1517-2-i specified in board_part file is either invalid or not available
WARNING: [Board 49-26] cannot add Board Part xilinx.com:zcu216ld:part0:2.0 available at C:/AMDDesignTools/2025.2/data/xhub/boards\XilinxBoardStore\boards\Xilinx\zcu216ld\production\2.0\board.xml as part xczu59dr-ffvf1760-2-i specified in board_part file is either invalid or not available
WARNING: [Board 49-26] cannot add Board Part xilinx.com:zcu670ld:part0:1.0 available at C:/AMDDesignTools/2025.2/data/xhub/boards\XilinxBoardStore\boards\Xilinx\zcu670ld\1.0\board.xml as part xczu57dr-fsve1156-2-i specified in board_part file is either invalid or not available
INFO: [IP_Flow 19-234] Refreshing IP repositories
INFO: [IP_Flow 19-1704] No user IP repositories specified
INFO: [IP_Flow 19-2313] Loaded Vivado IP repository 'C:/AMDDesignTools/2025.2/Vivado/data/ip'.
WARNING: [BD 41-2576] File 'c:/Users/zero6575/Vivado/fpga_labor/fpga_labor/fpga_labor.gen/sources_1/bd/cpu_system/ip/cpu_system_smartconnect_0_0/bd_0/ip/ip_2/bd_7c56_arinsw_0.xci' referenced by design 'bd_7c56' could not be found.
WARNING: [BD 41-2576] File 'c:/Users/zero6575/Vivado/fpga_labor/fpga_labor/fpga_labor.gen/sources_1/bd/cpu_system/ip/cpu_system_smartconnect_0_0/bd_0/ip/ip_3/bd_7c56_rinsw_0.xci' referenced by design 'bd_7c56' could not be found.
WARNING: [BD 41-2576] File 'c:/Users/zero6575/Vivado/fpga_labor/fpga_labor/fpga_labor.gen/sources_1/bd/cpu_system/ip/cpu_system_smartconnect_0_0/bd_0/ip/ip_4/bd_7c56_awinsw_0.xci' referenced by design 'bd_7c56' could not be found.
WARNING: [BD 41-2576] File 'c:/Users/zero6575/Vivado/fpga_labor/fpga_labor/fpga_labor.gen/sources_1/bd/cpu_system/ip/cpu_system_smartconnect_0_0/bd_0/ip/ip_5/bd_7c56_winsw_0.xci' referenced by design 'bd_7c56' could not be found.
WARNING: [BD 41-2576] File 'c:/Users/zero6575/Vivado/fpga_labor/fpga_labor/fpga_labor.gen/sources_1/bd/cpu_system/ip/cpu_system_smartconnect_0_0/bd_0/ip/ip_6/bd_7c56_binsw_0.xci' referenced by design 'bd_7c56' could not be found.
WARNING: [BD 41-2576] File 'c:/Users/zero6575/Vivado/fpga_labor/fpga_labor/fpga_labor.gen/sources_1/bd/cpu_system/ip/cpu_system_smartconnect_0_0/bd_0/ip/ip_7/bd_7c56_aroutsw_0.xci' referenced by design 'bd_7c56' could not be found.
WARNING: [BD 41-2576] File 'c:/Users/zero6575/Vivado/fpga_labor/fpga_labor/fpga_labor.gen/sources_1/bd/cpu_system/ip/cpu_system_smartconnect_0_0/bd_0/ip/ip_8/bd_7c56_routsw_0.xci' referenced by design 'bd_7c56' could not be found.
WARNING: [BD 41-2576] File 'c:/Users/zero6575/Vivado/fpga_labor/fpga_labor/fpga_labor.gen/sources_1/bd/cpu_system/ip/cpu_system_smartconnect_0_0/bd_0/ip/ip_9/bd_7c56_awoutsw_0.xci' referenced by design 'bd_7c56' could not be found.
WARNING: [BD 41-2576] File 'c:/Users/zero6575/Vivado/fpga_labor/fpga_labor/fpga_labor.gen/sources_1/bd/cpu_system/ip/cpu_system_smartconnect_0_0/bd_0/ip/ip_10/bd_7c56_woutsw_0.xci' referenced by design 'bd_7c56' could not be found.
WARNING: [BD 41-2576] File 'c:/Users/zero6575/Vivado/fpga_labor/fpga_labor/fpga_labor.gen/sources_1/bd/cpu_system/ip/cpu_system_smartconnect_0_0/bd_0/ip/ip_11/bd_7c56_boutsw_0.xci' referenced by design 'bd_7c56' could not be found.
WARNING: [BD 41-2576] File 'c:/Users/zero6575/Vivado/fpga_labor/fpga_labor/fpga_labor.gen/sources_1/bd/cpu_system/ip/cpu_system_smartconnect_0_0/bd_0/ip/ip_12/bd_7c56_arni_0.xci' referenced by design 'bd_7c56' could not be found.
WARNING: [BD 41-2576] File 'c:/Users/zero6575/Vivado/fpga_labor/fpga_labor/fpga_labor.gen/sources_1/bd/cpu_system/ip/cpu_system_smartconnect_0_0/bd_0/ip/ip_13/bd_7c56_rni_0.xci' referenced by design 'bd_7c56' could not be found.
WARNING: [BD 41-2576] File 'c:/Users/zero6575/Vivado/fpga_labor/fpga_labor/fpga_labor.gen/sources_1/bd/cpu_system/ip/cpu_system_smartconnect_0_0/bd_0/ip/ip_14/bd_7c56_awni_0.xci' referenced by design 'bd_7c56' could not be found.
WARNING: [BD 41-2576] File 'c:/Users/zero6575/Vivado/fpga_labor/fpga_labor/fpga_labor.gen/sources_1/bd/cpu_system/ip/cpu_system_smartconnect_0_0/bd_0/ip/ip_15/bd_7c56_wni_0.xci' referenced by design 'bd_7c56' could not be found.
WARNING: [BD 41-2576] File 'c:/Users/zero6575/Vivado/fpga_labor/fpga_labor/fpga_labor.gen/sources_1/bd/cpu_system/ip/cpu_system_smartconnect_0_0/bd_0/ip/ip_16/bd_7c56_bni_0.xci' referenced by design 'bd_7c56' could not be found.
WARNING: [BD 41-2576] File 'c:/Users/zero6575/Vivado/fpga_labor/fpga_labor/fpga_labor.gen/sources_1/bd/cpu_system/ip/cpu_system_smartconnect_0_0/bd_0/ip/ip_17/bd_7c56_s00mmu_0.xci' referenced by design 'bd_7c56' could not be found.
WARNING: [BD 41-2576] File 'c:/Users/zero6575/Vivado/fpga_labor/fpga_labor/fpga_labor.gen/sources_1/bd/cpu_system/ip/cpu_system_smartconnect_0_0/bd_0/ip/ip_18/bd_7c56_s00tr_0.xci' referenced by design 'bd_7c56' could not be found.
WARNING: [BD 41-2576] File 'c:/Users/zero6575/Vivado/fpga_labor/fpga_labor/fpga_labor.gen/sources_1/bd/cpu_system/ip/cpu_system_smartconnect_0_0/bd_0/ip/ip_19/bd_7c56_s00sic_0.xci' referenced by design 'bd_7c56' could not be found.
WARNING: [BD 41-2576] File 'c:/Users/zero6575/Vivado/fpga_labor/fpga_labor/fpga_labor.gen/sources_1/bd/cpu_system/ip/cpu_system_smartconnect_0_0/bd_0/ip/ip_20/bd_7c56_s00a2s_0.xci' referenced by design 'bd_7c56' could not be found.
WARNING: [BD 41-2576] File 'c:/Users/zero6575/Vivado/fpga_labor/fpga_labor/fpga_labor.gen/sources_1/bd/cpu_system/ip/cpu_system_smartconnect_0_0/bd_0/ip/ip_21/bd_7c56_sarn_0.xci' referenced by design 'bd_7c56' could not be found.
WARNING: [BD 41-2576] File 'c:/Users/zero6575/Vivado/fpga_labor/fpga_labor/fpga_labor.gen/sources_1/bd/cpu_system/ip/cpu_system_smartconnect_0_0/bd_0/ip/ip_22/bd_7c56_srn_0.xci' referenced by design 'bd_7c56' could not be found.
WARNING: [BD 41-2576] File 'c:/Users/zero6575/Vivado/fpga_labor/fpga_labor/fpga_labor.gen/sources_1/bd/cpu_system/ip/cpu_system_smartconnect_0_0/bd_0/ip/ip_23/bd_7c56_sawn_0.xci' referenced by design 'bd_7c56' could not be found.
WARNING: [BD 41-2576] File 'c:/Users/zero6575/Vivado/fpga_labor/fpga_labor/fpga_labor.gen/sources_1/bd/cpu_system/ip/cpu_system_smartconnect_0_0/bd_0/ip/ip_24/bd_7c56_swn_0.xci' referenced by design 'bd_7c56' could not be found.
WARNING: [BD 41-2576] File 'c:/Users/zero6575/Vivado/fpga_labor/fpga_labor/fpga_labor.gen/sources_1/bd/cpu_system/ip/cpu_system_smartconnect_0_0/bd_0/ip/ip_25/bd_7c56_sbn_0.xci' referenced by design 'bd_7c56' could not be found.
WARNING: [BD 41-2576] File 'c:/Users/zero6575/Vivado/fpga_labor/fpga_labor/fpga_labor.gen/sources_1/bd/cpu_system/ip/cpu_system_smartconnect_0_0/bd_0/ip/ip_26/bd_7c56_m00s2a_0.xci' referenced by design 'bd_7c56' could not be found.
WARNING: [BD 41-2576] File 'c:/Users/zero6575/Vivado/fpga_labor/fpga_labor/fpga_labor.gen/sources_1/bd/cpu_system/ip/cpu_system_smartconnect_0_0/bd_0/ip/ip_27/bd_7c56_m00arn_0.xci' referenced by design 'bd_7c56' could not be found.
WARNING: [BD 41-2576] File 'c:/Users/zero6575/Vivado/fpga_labor/fpga_labor/fpga_labor.gen/sources_1/bd/cpu_system/ip/cpu_system_smartconnect_0_0/bd_0/ip/ip_28/bd_7c56_m00rn_0.xci' referenced by design 'bd_7c56' could not be found.
WARNING: [BD 41-2576] File 'c:/Users/zero6575/Vivado/fpga_labor/fpga_labor/fpga_labor.gen/sources_1/bd/cpu_system/ip/cpu_system_smartconnect_0_0/bd_0/ip/ip_29/bd_7c56_m00awn_0.xci' referenced by design 'bd_7c56' could not be found.
WARNING: [BD 41-2576] File 'c:/Users/zero6575/Vivado/fpga_labor/fpga_labor/fpga_labor.gen/sources_1/bd/cpu_system/ip/cpu_system_smartconnect_0_0/bd_0/ip/ip_30/bd_7c56_m00wn_0.xci' referenced by design 'bd_7c56' could not be found.
WARNING: [BD 41-2576] File 'c:/Users/zero6575/Vivado/fpga_labor/fpga_labor/fpga_labor.gen/sources_1/bd/cpu_system/ip/cpu_system_smartconnect_0_0/bd_0/ip/ip_31/bd_7c56_m00bn_0.xci' referenced by design 'bd_7c56' could not be found.
WARNING: [BD 41-2576] File 'c:/Users/zero6575/Vivado/fpga_labor/fpga_labor/fpga_labor.gen/sources_1/bd/cpu_system/ip/cpu_system_smartconnect_0_0/bd_0/ip/ip_32/bd_7c56_m00e_0.xci' referenced by design 'bd_7c56' could not be found.
WARNING: [BD 41-2576] File 'c:/Users/zero6575/Vivado/fpga_labor/fpga_labor/fpga_labor.gen/sources_1/bd/cpu_system/ip/cpu_system_smartconnect_0_0/bd_0/ip/ip_33/bd_7c56_m01s2a_0.xci' referenced by design 'bd_7c56' could not be found.
WARNING: [BD 41-2576] File 'c:/Users/zero6575/Vivado/fpga_labor/fpga_labor/fpga_labor.gen/sources_1/bd/cpu_system/ip/cpu_system_smartconnect_0_0/bd_0/ip/ip_34/bd_7c56_m01arn_0.xci' referenced by design 'bd_7c56' could not be found.
WARNING: [BD 41-2576] File 'c:/Users/zero6575/Vivado/fpga_labor/fpga_labor/fpga_labor.gen/sources_1/bd/cpu_system/ip/cpu_system_smartconnect_0_0/bd_0/ip/ip_35/bd_7c56_m01rn_0.xci' referenced by design 'bd_7c56' could not be found.
WARNING: [BD 41-2576] File 'c:/Users/zero6575/Vivado/fpga_labor/fpga_labor/fpga_labor.gen/sources_1/bd/cpu_system/ip/cpu_system_smartconnect_0_0/bd_0/ip/ip_36/bd_7c56_m01awn_0.xci' referenced by design 'bd_7c56' could not be found.
WARNING: [BD 41-2576] File 'c:/Users/zero6575/Vivado/fpga_labor/fpga_labor/fpga_labor.gen/sources_1/bd/cpu_system/ip/cpu_system_smartconnect_0_0/bd_0/ip/ip_37/bd_7c56_m01wn_0.xci' referenced by design 'bd_7c56' could not be found.
WARNING: [BD 41-2576] File 'c:/Users/zero6575/Vivado/fpga_labor/fpga_labor/fpga_labor.gen/sources_1/bd/cpu_system/ip/cpu_system_smartconnect_0_0/bd_0/ip/ip_38/bd_7c56_m01bn_0.xci' referenced by design 'bd_7c56' could not be found.
WARNING: [BD 41-2576] File 'c:/Users/zero6575/Vivado/fpga_labor/fpga_labor/fpga_labor.gen/sources_1/bd/cpu_system/ip/cpu_system_smartconnect_0_0/bd_0/ip/ip_39/bd_7c56_m01e_0.xci' referenced by design 'bd_7c56' could not be found.
open_project: Time (s): cpu = 00:00:08 ; elapsed = 00:00:08 . Memory (MB): peak = 1873.086 ; gain = 374.184
update_compile_order -fileset sources_1
file mkdir C:/Users/zero6575/Vivado/fpga_labor/fpga_labor/fpga_labor.srcs/sim_1/new
set_property SOURCE_SET sources_1 [get_filesets sim_1]
close [ open C:/Users/zero6575/Vivado/fpga_labor/fpga_labor/fpga_labor.srcs/sim_1/new/audio_interface_tb.v w ]
add_files -fileset sim_1 C:/Users/zero6575/Vivado/fpga_labor/fpga_labor/fpga_labor.srcs/sim_1/new/audio_interface_tb.v
update_compile_order -fileset sim_1
WARNING: [filemgmt 56-199] Attempt to get parsing info during refresh. "On-the-fly" syntax checking information may be incorrect. [C:\Users\zero6575\Vivado\fpga_labor\fpga_labor\fpga_labor.srcs\sources_1\new\audio_interface.v:]
WARNING: [filemgmt 56-199] Attempt to get parsing info during refresh. "On-the-fly" syntax checking information may be incorrect. [C:\Users\zero6575\Vivado\fpga_labor\fpga_labor\fpga_labor.srcs\sim_1\new\audio_interface_tb.v:]
WARNING: [filemgmt 56-199] Attempt to get parsing info during refresh. "On-the-fly" syntax checking information may be incorrect. [C:\Users\zero6575\Vivado\fpga_labor\fpga_labor\fpga_labor.srcs\sources_1\new\audio_interface.v:]
WARNING: [filemgmt 56-199] Attempt to get parsing info during refresh. "On-the-fly" syntax checking information may be incorrect. [C:\Users\zero6575\Vivado\fpga_labor\fpga_labor\fpga_labor.srcs\sources_1\new\audio_interface.v:]
WARNING: [filemgmt 56-199] Attempt to get parsing info during refresh. "On-the-fly" syntax checking information may be incorrect. [C:\Users\zero6575\Vivado\fpga_labor\fpga_labor\fpga_labor.srcs\sources_1\new\audio_interface.v:]
WARNING: [filemgmt 56-199] Attempt to get parsing info during refresh. "On-the-fly" syntax checking information may be incorrect. [C:\Users\zero6575\Vivado\fpga_labor\fpga_labor\fpga_labor.srcs\sim_1\new\audio_interface_tb.v:]
WARNING: [filemgmt 56-199] Attempt to get parsing info during refresh. "On-the-fly" syntax checking information may be incorrect. [C:\Users\zero6575\Vivado\fpga_labor\fpga_labor\fpga_labor.srcs\sources_1\new\audio_interface.v:]
WARNING: [filemgmt 56-199] Attempt to get parsing info during refresh. "On-the-fly" syntax checking information may be incorrect. [C:\Users\zero6575\Vivado\fpga_labor\fpga_labor\fpga_labor.srcs\sources_1\new\audio_interface.v:]
generate_target Simulation [get_files C:/Users/zero6575/Vivado/fpga_labor/fpga_labor/fpga_labor.srcs/sources_1/bd/cpu_system/cpu_system.bd]
INFO: [BD 41-434] Could not find an IP with XCI file by name: cpu_system_smartconnect_1_0 
INFO: [BD 41-434] Could not find an IP with XCI file by name: cpu_system_axi_dma_0_0 
INFO: [BD 41-434] Could not find an IP with XCI file by name: cpu_system_xlconcat_0_0 
INFO: [BD 41-434] Could not find an IP with XCI file by name: cpu_system_fifo_generator_0_0 
INFO: [xilinx.com:ip:fifo_generator:13.2-5968] /fifo_generator_0Executing the post_config_ip from bd
Excluding slave segment /zynq_ultra_ps_e_0/SAXIGP0/HPC0_DDR_HIGH from address space /axi_dma_0/Data_MM2S.
Excluding slave segment /zynq_ultra_ps_e_0/SAXIGP0/HPC0_LPS_OCM from address space /axi_dma_0/Data_MM2S.
Excluding slave segment /zynq_ultra_ps_e_0/SAXIGP0/HPC0_QSPI from address space /axi_dma_0/Data_MM2S.
Excluding slave segment /zynq_ultra_ps_e_0/SAXIGP0/HPC0_DDR_HIGH from address space /axi_dma_0/Data_S2MM.
Excluding slave segment /zynq_ultra_ps_e_0/SAXIGP0/HPC0_LPS_OCM from address space /axi_dma_0/Data_S2MM.
Excluding slave segment /zynq_ultra_ps_e_0/SAXIGP0/HPC0_QSPI from address space /axi_dma_0/Data_S2MM.
INFO: [BD 41-433] Design successfully migrated to use XCI files...
INFO: [Common 17-365] Interrupt caught but 'generate_target' cannot be canceled. Please wait for command to finish.
INFO: [BD 41-433] Design successfully migrated to use XCI files...
WARNING: [BD 41-1629] Slave segment </zynq_ultra_ps_e_0/SAXIGP0/HPC0_DDR_HIGH> is excluded from all addressing paths.
WARNING: [BD 41-1629] Slave segment </zynq_ultra_ps_e_0/SAXIGP0/HPC0_QSPI> is excluded from all addressing paths.
WARNING: [BD 41-1629] Slave segment </zynq_ultra_ps_e_0/SAXIGP0/HPC0_LPS_OCM> is excluded from all addressing paths.
WARNING: [BD 41-3281] Instance '/axi_dma_0' is connected on both sides by SmartConnects and cannot automatically configure itself to match the endpoints. Please manually configure its AXI interfaces as required for the design.
WARNING: [BD 41-3281] Instance '/zynq_ultra_ps_e_0' is connected on both sides by SmartConnects and cannot automatically configure itself to match the endpoints. Please manually configure its AXI interfaces as required for the design.
Excluding slave segment /zynq_ultra_ps_e_0/SAXIGP0/HPC0_DDR_HIGH from address space /axi_dma_0/Data_MM2S.
Excluding slave segment /zynq_ultra_ps_e_0/SAXIGP0/HPC0_DDR_HIGH from address space /axi_dma_0/Data_S2MM.
Excluding slave segment /zynq_ultra_ps_e_0/SAXIGP0/HPC0_LPS_OCM from address space /axi_dma_0/Data_MM2S.
Excluding slave segment /zynq_ultra_ps_e_0/SAXIGP0/HPC0_LPS_OCM from address space /axi_dma_0/Data_S2MM.
Excluding slave segment /zynq_ultra_ps_e_0/SAXIGP0/HPC0_QSPI from address space /axi_dma_0/Data_MM2S.
Excluding slave segment /zynq_ultra_ps_e_0/SAXIGP0/HPC0_QSPI from address space /axi_dma_0/Data_S2MM.
Excluding slave segment /zynq_ultra_ps_e_0/SAXIGP0/HPC0_DDR_HIGH from address space /axi_dma_0/Data_MM2S.
Excluding slave segment /zynq_ultra_ps_e_0/SAXIGP0/HPC0_DDR_HIGH from address space /axi_dma_0/Data_S2MM.
Excluding slave segment /zynq_ultra_ps_e_0/SAXIGP0/HPC0_LPS_OCM from address space /axi_dma_0/Data_MM2S.
Excluding slave segment /zynq_ultra_ps_e_0/SAXIGP0/HPC0_LPS_OCM from address space /axi_dma_0/Data_S2MM.
Excluding slave segment /zynq_ultra_ps_e_0/SAXIGP0/HPC0_QSPI from address space /axi_dma_0/Data_MM2S.
Excluding slave segment /zynq_ultra_ps_e_0/SAXIGP0/HPC0_QSPI from address space /axi_dma_0/Data_S2MM.
Excluding slave segment /zynq_ultra_ps_e_0/SAXIGP0/HPC0_DDR_HIGH from address space /axi_dma_0/Data_MM2S.
Excluding slave segment /zynq_ultra_ps_e_0/SAXIGP0/HPC0_DDR_HIGH from address space /axi_dma_0/Data_S2MM.
Excluding slave segment /zynq_ultra_ps_e_0/SAXIGP0/HPC0_LPS_OCM from address space /axi_dma_0/Data_MM2S.
Excluding slave segment /zynq_ultra_ps_e_0/SAXIGP0/HPC0_LPS_OCM from address space /axi_dma_0/Data_S2MM.
Excluding slave segment /zynq_ultra_ps_e_0/SAXIGP0/HPC0_QSPI from address space /axi_dma_0/Data_MM2S.
Excluding slave segment /zynq_ultra_ps_e_0/SAXIGP0/HPC0_QSPI from address space /axi_dma_0/Data_S2MM.
Excluding slave segment /zynq_ultra_ps_e_0/SAXIGP0/HPC0_DDR_HIGH from address space /axi_dma_0/Data_MM2S.
Excluding slave segment /zynq_ultra_ps_e_0/SAXIGP0/HPC0_DDR_HIGH from address space /axi_dma_0/Data_S2MM.
Excluding slave segment /zynq_ultra_ps_e_0/SAXIGP0/HPC0_LPS_OCM from address space /axi_dma_0/Data_MM2S.
Excluding slave segment /zynq_ultra_ps_e_0/SAXIGP0/HPC0_LPS_OCM from address space /axi_dma_0/Data_S2MM.
Excluding slave segment /zynq_ultra_ps_e_0/SAXIGP0/HPC0_QSPI from address space /axi_dma_0/Data_MM2S.
Excluding slave segment /zynq_ultra_ps_e_0/SAXIGP0/HPC0_QSPI from address space /axi_dma_0/Data_S2MM.
Excluding slave segment /zynq_ultra_ps_e_0/SAXIGP0/HPC0_DDR_HIGH from address space /axi_dma_0/Data_MM2S.
Excluding slave segment /zynq_ultra_ps_e_0/SAXIGP0/HPC0_DDR_HIGH from address space /axi_dma_0/Data_S2MM.
Excluding slave segment /zynq_ultra_ps_e_0/SAXIGP0/HPC0_LPS_OCM from address space /axi_dma_0/Data_MM2S.
Excluding slave segment /zynq_ultra_ps_e_0/SAXIGP0/HPC0_LPS_OCM from address space /axi_dma_0/Data_S2MM.
Excluding slave segment /zynq_ultra_ps_e_0/SAXIGP0/HPC0_QSPI from address space /axi_dma_0/Data_MM2S.
Excluding slave segment /zynq_ultra_ps_e_0/SAXIGP0/HPC0_QSPI from address space /axi_dma_0/Data_S2MM.
Excluding slave segment /zynq_ultra_ps_e_0/SAXIGP0/HPC0_DDR_HIGH from address space /axi_dma_0/Data_MM2S.
Excluding slave segment /zynq_ultra_ps_e_0/SAXIGP0/HPC0_DDR_HIGH from address space /axi_dma_0/Data_S2MM.
Excluding slave segment /zynq_ultra_ps_e_0/SAXIGP0/HPC0_LPS_OCM from address space /axi_dma_0/Data_MM2S.
Excluding slave segment /zynq_ultra_ps_e_0/SAXIGP0/HPC0_LPS_OCM from address space /axi_dma_0/Data_S2MM.
Excluding slave segment /zynq_ultra_ps_e_0/SAXIGP0/HPC0_QSPI from address space /axi_dma_0/Data_MM2S.
Excluding slave segment /zynq_ultra_ps_e_0/SAXIGP0/HPC0_QSPI from address space /axi_dma_0/Data_S2MM.
INFO: [BD 5-943] Reserving offset range <0xA000_0000 [ 64K ]> from slave interface '/smartconnect_0/S00_AXI' to master interface '/smartconnect_0/M00_AXI'. This will be used by smartconnect on path for routing.
INFO: [BD 5-943] Reserving offset range <0xA001_0000 [ 64K ]> from slave interface '/smartconnect_0/S00_AXI' to master interface '/smartconnect_0/M01_AXI'. This will be used by smartconnect on path for routing.
INFO: [BD 5-943] Reserving offset range <0xA000_0000 [ 64K ]> from slave interface '/smartconnect_0/S00_AXI' to master interface '/smartconnect_0/M00_AXI'. This will be used by smartconnect on path for routing.
INFO: [BD 5-943] Reserving offset range <0xA001_0000 [ 64K ]> from slave interface '/smartconnect_0/S00_AXI' to master interface '/smartconnect_0/M01_AXI'. This will be used by smartconnect on path for routing.
INFO: [xilinx.com:ip:smartconnect:1.0-1] cpu_system_smartconnect_0_0: SmartConnect cpu_system_smartconnect_0_0 is in Low-Area Mode.
INFO: [Ipptcl 7-1463] No Compatible Board Interface found. Board Tab not created in customize GUI
INFO: [BD 5-943] Reserving offset range <0x0000_0000 [ 2G ]> from slave interface '/smartconnect_1/S00_AXI' to master interface '/smartconnect_1/M00_AXI'. This will be used by smartconnect on path for routing.
INFO: [BD 5-943] Reserving offset range <0x0000_0000 [ 2G ]> from slave interface '/smartconnect_1/S01_AXI' to master interface '/smartconnect_1/M00_AXI'. This will be used by smartconnect on path for routing.
INFO: [BD 5-943] Reserving offset range <0x0000_0000 [ 2G ]> from slave interface '/smartconnect_1/S00_AXI' to master interface '/smartconnect_1/M00_AXI'. This will be used by smartconnect on path for routing.
INFO: [BD 5-943] Reserving offset range <0x0000_0000 [ 2G ]> from slave interface '/smartconnect_1/S01_AXI' to master interface '/smartconnect_1/M00_AXI'. This will be used by smartconnect on path for routing.
INFO: [xilinx.com:ip:smartconnect:1.0-1] cpu_system_smartconnect_1_0: SmartConnect cpu_system_smartconnect_1_0 is in High-performance Mode.
INFO: [Ipptcl 7-1463] No Compatible Board Interface found. Board Tab not created in customize GUI
Excluding slave segment /zynq_ultra_ps_e_0/SAXIGP0/HPC0_DDR_HIGH from address space /axi_dma_0/Data_MM2S.
Excluding slave segment /zynq_ultra_ps_e_0/SAXIGP0/HPC0_DDR_HIGH from address space /axi_dma_0/Data_S2MM.
Excluding slave segment /zynq_ultra_ps_e_0/SAXIGP0/HPC0_LPS_OCM from address space /axi_dma_0/Data_MM2S.
Excluding slave segment /zynq_ultra_ps_e_0/SAXIGP0/HPC0_LPS_OCM from address space /axi_dma_0/Data_S2MM.
Excluding slave segment /zynq_ultra_ps_e_0/SAXIGP0/HPC0_QSPI from address space /axi_dma_0/Data_MM2S.
Excluding slave segment /zynq_ultra_ps_e_0/SAXIGP0/HPC0_QSPI from address space /axi_dma_0/Data_S2MM.
Excluding slave segment /zynq_ultra_ps_e_0/SAXIGP0/HPC0_DDR_HIGH from address space /axi_dma_0/Data_MM2S.
Excluding slave segment /zynq_ultra_ps_e_0/SAXIGP0/HPC0_DDR_HIGH from address space /axi_dma_0/Data_S2MM.
Excluding slave segment /zynq_ultra_ps_e_0/SAXIGP0/HPC0_LPS_OCM from address space /axi_dma_0/Data_MM2S.
Excluding slave segment /zynq_ultra_ps_e_0/SAXIGP0/HPC0_LPS_OCM from address space /axi_dma_0/Data_S2MM.
Excluding slave segment /zynq_ultra_ps_e_0/SAXIGP0/HPC0_QSPI from address space /axi_dma_0/Data_MM2S.
Excluding slave segment /zynq_ultra_ps_e_0/SAXIGP0/HPC0_QSPI from address space /axi_dma_0/Data_S2MM.
WARNING: [BD 41-237] Bus Interface property AWUSER_WIDTH does not match between /zynq_ultra_ps_e_0/S_AXI_HPC0_FPD(1) and /smartconnect_1/M00_AXI(0)
WARNING: [BD 41-237] Bus Interface property ARUSER_WIDTH does not match between /zynq_ultra_ps_e_0/S_AXI_HPC0_FPD(1) and /smartconnect_1/M00_AXI(0)
Wrote  : <C:\Users\zero6575\Vivado\fpga_labor\fpga_labor\fpga_labor.srcs\sources_1\bd\cpu_system\cpu_system.bd> 
Verilog Output written to : c:/Users/zero6575/Vivado/fpga_labor/fpga_labor/fpga_labor.gen/sources_1/bd/cpu_system/synth/cpu_system.v
Verilog Output written to : c:/Users/zero6575/Vivado/fpga_labor/fpga_labor/fpga_labor.gen/sources_1/bd/cpu_system/sim/cpu_system.v
Verilog Output written to : c:/Users/zero6575/Vivado/fpga_labor/fpga_labor/fpga_labor.gen/sources_1/bd/cpu_system/hdl/cpu_system_wrapper.v
INFO: [BD 41-1171] User-interrupt detected : Generation halted successfully for IP Integrator design C:/Users/zero6575/Vivado/fpga_labor/fpga_labor/fpga_labor.srcs/sources_1/bd/cpu_system/cpu_system.bd
INFO: [Common 17-681] Processing pending cancel.
generate_target: Time (s): cpu = 00:00:15 ; elapsed = 00:00:27 . Memory (MB): peak = 2241.109 ; gain = 316.754
ERROR: [Common 17-52] User Interrupt
set_property top audio_interface_tb [get_filesets sim_1]
set_property top_lib xil_defaultlib [get_filesets sim_1]
update_compile_order -fileset sim_1
WARNING: [filemgmt 56-199] Attempt to get parsing info during refresh. "On-the-fly" syntax checking information may be incorrect. [C:\Users\zero6575\Vivado\fpga_labor\fpga_labor\fpga_labor.srcs\sources_1\new\audio_interface.v:]
WARNING: [filemgmt 56-199] Attempt to get parsing info during refresh. "On-the-fly" syntax checking information may be incorrect. [C:\Users\zero6575\Vivado\fpga_labor\fpga_labor\fpga_labor.srcs\sim_1\new\audio_interface_tb.v:]
WARNING: [filemgmt 56-199] Attempt to get parsing info during refresh. "On-the-fly" syntax checking information may be incorrect. [C:\Users\zero6575\Vivado\fpga_labor\fpga_labor\fpga_labor.srcs\sources_1\new\audio_interface.v:]
WARNING: [filemgmt 56-199] Attempt to get parsing info during refresh. "On-the-fly" syntax checking information may be incorrect. [C:\Users\zero6575\Vivado\fpga_labor\fpga_labor\fpga_labor.srcs\sources_1\new\audio_interface.v:]
launch_simulation
Command: launch_simulation 
INFO: [Vivado 12-25911] Executing simulation for 'XSim' simulator
INFO: [Vivado 12-28535] Process started - Sat Feb 28 16:33:12 2026

INFO: [Vivado 12-12493] Simulation top is 'audio_interface_tb'
INFO: [Vivado 12-5698] Checking validity of IPs in the design for the 'XSim' simulator...
INFO: [Vivado 12-5682] Launching behavioral simulation in 'C:/Users/zero6575/Vivado/fpga_labor/fpga_labor/fpga_labor.sim/sim_1/behav/xsim'
INFO: [Vivado 12-13660] Precompiled IP simulation library mode is enabled (default). The design IP libraries will be referenced from the compiled library path. Please note that if the precompiled version of the library is not found from the path or the IP is in locked state, then the library source files for these IPs will be compiled locally as part of the compile order.
INFO: [Vivado 12-4795] Using compiled simulation libraries for IPs
INFO: [SIM-utils-51] Simulation object is 'sim_1'
INFO: [SIM-utils-72] Using boost library from 'C:/AMDDesignTools/2025.2/Vivado/tps/boost_1_72_0'
INFO: [USF-XSim-7] Finding pre-compiled libraries...
INFO: [USF-XSim-11] File 'C:/AMDDesignTools/2025.2/Vivado/data/xsim/xsim.ini' copied to run dir:'C:/Users/zero6575/Vivado/fpga_labor/fpga_labor/fpga_labor.sim/sim_1/behav/xsim'
INFO: [SIM-utils-54] Inspecting design source files for 'audio_interface_tb' in fileset 'sim_1'...
INFO: [SIM-utils-43] Exported 'C:/Users/zero6575/Vivado/fpga_labor/fpga_labor/fpga_labor.sim/sim_1/behav/xsim/sc_xtlm_cpu_system_smartconnect_0_0.mem'
INFO: [SIM-utils-43] Exported 'C:/Users/zero6575/Vivado/fpga_labor/fpga_labor/fpga_labor.sim/sim_1/behav/xsim/sc_xtlm_cpu_system_smartconnect_1_0.mem'
INFO: [USF-XSim-97] Finding global include files...
INFO: [USF-XSim-98] Fetching design files from 'sim_1'...
INFO: [USF-XSim-2] XSim::Compile design
INFO: [USF-XSim-61] Executing 'COMPILE and ANALYZE' step in 'C:/Users/zero6575/Vivado/fpga_labor/fpga_labor/fpga_labor.sim/sim_1/behav/xsim'
"xvlog --incr --relax -L axi_vip_v1_1_22 -L zynq_ultra_ps_e_vip_v1_0_22 -L smartconnect_v1_0 -L xilinx_vip -prj audio_interface_tb_vlog.prj"
INFO: [VRFC 10-2263] Analyzing Verilog file "C:/Users/zero6575/Vivado/fpga_labor/fpga_labor/fpga_labor.srcs/sources_1/new/audio_interface.v" into library xil_defaultlib
INFO: [VRFC 10-311] analyzing module audio_interface
INFO: [VRFC 10-2263] Analyzing Verilog file "C:/Users/zero6575/Vivado/fpga_labor/fpga_labor/fpga_labor.srcs/sim_1/new/audio_interface_tb.v" into library xil_defaultlib
INFO: [VRFC 10-311] analyzing module audio_interface_tb
INFO: [VRFC 10-2263] Analyzing Verilog file "C:/Users/zero6575/Vivado/fpga_labor/fpga_labor/fpga_labor.sim/sim_1/behav/xsim/glbl.v" into library xil_defaultlib
INFO: [VRFC 10-311] analyzing module glbl
INFO: [USF-XSim-69] 'compile' step finished in '2' seconds
INFO: [USF-XSim-3] XSim::Elaborate design
INFO: [USF-XSim-61] Executing 'ELABORATE' step in 'C:/Users/zero6575/Vivado/fpga_labor/fpga_labor/fpga_labor.sim/sim_1/behav/xsim'
"xelab --incr --debug typical --relax --mt 2 -L xil_defaultlib -L xilinx_vip -L unisims_ver -L unimacro_ver -L secureip -L xpm --snapshot audio_interface_tb_behav xil_defaultlib.audio_interface_tb xil_defaultlib.glbl -log elaborate.log"
Vivado Simulator v2025.2
Copyright 1986-2022 Xilinx, Inc. All Rights Reserved.
Copyright 2022-2025 Advanced Micro Devices, Inc. All Rights Reserved.
Running: C:/AMDDesignTools/2025.2/Vivado/bin/unwrapped/win64.o/xelab.exe --incr --debug typical --relax --mt 2 -L xil_defaultlib -L xilinx_vip -L unisims_ver -L unimacro_ver -L secureip -L xpm --snapshot audio_interface_tb_behav xil_defaultlib.audio_interface_tb xil_defaultlib.glbl -log elaborate.log 
Using 2 slave threads.
Starting static elaboration
Pass Through NonSizing Optimizer
Completed static elaboration
Starting simulation data flow analysis
Completed simulation data flow analysis
Time Resolution for simulation is 1ps
Compiling module unisims_ver.ODDRE1
Compiling module xil_defaultlib.audio_interface
Compiling module xil_defaultlib.audio_interface_tb
Compiling module xil_defaultlib.glbl
Built simulation snapshot audio_interface_tb_behav
INFO: [USF-XSim-69] 'elaborate' step finished in '2' seconds
INFO: [USF-XSim-4] XSim::Simulate design
INFO: [USF-XSim-61] Executing 'SIMULATE' step in 'C:/Users/zero6575/Vivado/fpga_labor/fpga_labor/fpga_labor.sim/sim_1/behav/xsim'
INFO: [USF-XSim-98] *** Running xsim
   with args "audio_interface_tb_behav -key {Behavioral:sim_1:Functional:audio_interface_tb} -tclbatch {audio_interface_tb.tcl} -protoinst "protoinst_files/bd_7c56.protoinst" -protoinst "protoinst_files/bd_38aa.protoinst" -protoinst "protoinst_files/cpu_system.protoinst" -log {simulate.log}"
INFO: [USF-XSim-8] Loading simulator feature
INFO: [Wavedata 42-565] Reading protoinst file protoinst_files/bd_7c56.protoinst
WARNING: [Wavedata 42-558] Couldn't load one or more protocol instances from protoinst file protoinst_files/bd_7c56.protoinst for the following reason(s):
There are no instances of module "bd_7c56" in the design.

INFO: [Wavedata 42-565] Reading protoinst file protoinst_files/bd_38aa.protoinst
WARNING: [Wavedata 42-558] Couldn't load one or more protocol instances from protoinst file protoinst_files/bd_38aa.protoinst for the following reason(s):
There are no instances of module "bd_38aa" in the design.

INFO: [Wavedata 42-565] Reading protoinst file protoinst_files/cpu_system.protoinst
WARNING: [Wavedata 42-558] Couldn't load one or more protocol instances from protoinst file protoinst_files/cpu_system.protoinst for the following reason(s):
There are no instances of module "cpu_system" in the design.

Time resolution is 1 ps
source audio_interface_tb.tcl
# set curr_wave [current_wave_config]
# if { [string length $curr_wave] == 0 } {
#   if { [llength [get_objects]] > 0} {
#     add_wave /
#     set_property needs_save false [current_wave_config]
#   } else {
#      send_msg_id Add_Wave-1 WARNING "No top level signals found. Simulator will start without a wave window. If you want to open a wave window go to 'File->New Waveform Configuration' or type 'create_wave_config' in the TCL console."
#   }
# }
# run 1000ns
INFO: [USF-XSim-96] XSim completed. Design snapshot 'audio_interface_tb_behav' loaded.
INFO: [USF-XSim-97] XSim simulation ran for 1000ns
launch_simulation: Time (s): cpu = 00:00:03 ; elapsed = 00:00:12 . Memory (MB): peak = 2434.152 ; gain = 193.043
run 50 ms
$finish called at time : 50100 ns : File "C:/Users/zero6575/Vivado/fpga_labor/fpga_labor/fpga_labor.srcs/sim_1/new/audio_interface_tb.v" Line 50
relaunch_sim
Command: launch_simulation -step compile -simset sim_1 -mode behavioral
INFO: [Vivado 12-25911] Executing simulation for 'XSim' simulator
INFO: [Vivado 12-28535] Process started - Sat Feb 28 16:37:46 2026

INFO: [Vivado 12-12493] Simulation top is 'audio_interface_tb'
INFO: [Vivado 12-5698] Checking validity of IPs in the design for the 'XSim' simulator...
INFO: [Vivado 12-5682] Launching behavioral simulation in 'C:/Users/zero6575/Vivado/fpga_labor/fpga_labor/fpga_labor.sim/sim_1/behav/xsim'
INFO: [Vivado 12-13660] Precompiled IP simulation library mode is enabled (default). The design IP libraries will be referenced from the compiled library path. Please note that if the precompiled version of the library is not found from the path or the IP is in locked state, then the library source files for these IPs will be compiled locally as part of the compile order.
INFO: [Vivado 12-4795] Using compiled simulation libraries for IPs
INFO: [SIM-utils-51] Simulation object is 'sim_1'
INFO: [SIM-utils-72] Using boost library from 'C:/AMDDesignTools/2025.2/Vivado/tps/boost_1_72_0'
INFO: [USF-XSim-7] Finding pre-compiled libraries...
INFO: [USF-XSim-11] File 'C:/AMDDesignTools/2025.2/Vivado/data/xsim/xsim.ini' copied to run dir:'C:/Users/zero6575/Vivado/fpga_labor/fpga_labor/fpga_labor.sim/sim_1/behav/xsim'
INFO: [SIM-utils-54] Inspecting design source files for 'audio_interface_tb' in fileset 'sim_1'...
INFO: [SIM-utils-43] Exported 'C:/Users/zero6575/Vivado/fpga_labor/fpga_labor/fpga_labor.sim/sim_1/behav/xsim/sc_xtlm_cpu_system_smartconnect_0_0.mem'
INFO: [SIM-utils-43] Exported 'C:/Users/zero6575/Vivado/fpga_labor/fpga_labor/fpga_labor.sim/sim_1/behav/xsim/sc_xtlm_cpu_system_smartconnect_1_0.mem'
INFO: [USF-XSim-97] Finding global include files...
INFO: [USF-XSim-98] Fetching design files from 'sim_1'...
INFO: [USF-XSim-2] XSim::Compile design
INFO: [USF-XSim-61] Executing 'COMPILE and ANALYZE' step in 'C:/Users/zero6575/Vivado/fpga_labor/fpga_labor/fpga_labor.sim/sim_1/behav/xsim'
"xvlog --incr --relax -L axi_vip_v1_1_22 -L zynq_ultra_ps_e_vip_v1_0_22 -L smartconnect_v1_0 -L xilinx_vip -prj audio_interface_tb_vlog.prj"
INFO: [VRFC 10-2263] Analyzing Verilog file "C:/Users/zero6575/Vivado/fpga_labor/fpga_labor/fpga_labor.srcs/sources_1/new/audio_interface.v" into library xil_defaultlib
INFO: [VRFC 10-311] analyzing module audio_interface
INFO: [VRFC 10-2263] Analyzing Verilog file "C:/Users/zero6575/Vivado/fpga_labor/fpga_labor/fpga_labor.srcs/sim_1/new/audio_interface_tb.v" into library xil_defaultlib
INFO: [VRFC 10-311] analyzing module audio_interface_tb
INFO: [USF-XSim-69] 'compile' step finished in '1' seconds
Command: launch_simulation -step elaborate -simset sim_1 -mode behavioral
INFO: [Vivado 12-25911] Executing simulation for 'XSim' simulator
INFO: [Vivado 12-28535] Process started - Sat Feb 28 16:37:51 2026

INFO: [Vivado 12-12493] Simulation top is 'audio_interface_tb'
INFO: [Vivado 12-5698] Checking validity of IPs in the design for the 'XSim' simulator...
INFO: [Vivado 12-5682] Launching behavioral simulation in 'C:/Users/zero6575/Vivado/fpga_labor/fpga_labor/fpga_labor.sim/sim_1/behav/xsim'
INFO: [Vivado 12-13660] Precompiled IP simulation library mode is enabled (default). The design IP libraries will be referenced from the compiled library path. Please note that if the precompiled version of the library is not found from the path or the IP is in locked state, then the library source files for these IPs will be compiled locally as part of the compile order.
INFO: [Vivado 12-4795] Using compiled simulation libraries for IPs
INFO: [SIM-utils-51] Simulation object is 'sim_1'
INFO: [USF-XSim-3] XSim::Elaborate design
INFO: [USF-XSim-61] Executing 'ELABORATE' step in 'C:/Users/zero6575/Vivado/fpga_labor/fpga_labor/fpga_labor.sim/sim_1/behav/xsim'
"xelab --incr --debug typical --relax --mt 2 -L xil_defaultlib -L xilinx_vip -L unisims_ver -L unimacro_ver -L secureip -L xpm --snapshot audio_interface_tb_behav xil_defaultlib.audio_interface_tb xil_defaultlib.glbl -log elaborate.log"
Vivado Simulator v2025.2
Copyright 1986-2022 Xilinx, Inc. All Rights Reserved.
Copyright 2022-2025 Advanced Micro Devices, Inc. All Rights Reserved.
Running: C:/AMDDesignTools/2025.2/Vivado/bin/unwrapped/win64.o/xelab.exe --incr --debug typical --relax --mt 2 -L xil_defaultlib -L xilinx_vip -L unisims_ver -L unimacro_ver -L secureip -L xpm --snapshot audio_interface_tb_behav xil_defaultlib.audio_interface_tb xil_defaultlib.glbl -log elaborate.log 
Using 2 slave threads.
Starting static elaboration
Pass Through NonSizing Optimizer
Completed static elaboration
Starting simulation data flow analysis
Completed simulation data flow analysis
Time Resolution for simulation is 1ps
Compiling module unisims_ver.ODDRE1
Compiling module xil_defaultlib.audio_interface
Compiling module xil_defaultlib.audio_interface_tb
Compiling module xil_defaultlib.glbl
Built simulation snapshot audio_interface_tb_behav
INFO: [USF-XSim-69] 'elaborate' step finished in '1' seconds
INFO: [Wavedata 42-565] Reading protoinst file protoinst_files/bd_7c56.protoinst
WARNING: [Wavedata 42-558] Couldn't load one or more protocol instances from protoinst file protoinst_files/bd_7c56.protoinst for the following reason(s):
There are no instances of module "bd_7c56" in the design.

INFO: [Wavedata 42-565] Reading protoinst file protoinst_files/bd_38aa.protoinst
WARNING: [Wavedata 42-558] Couldn't load one or more protocol instances from protoinst file protoinst_files/bd_38aa.protoinst for the following reason(s):
There are no instances of module "bd_38aa" in the design.

INFO: [Wavedata 42-565] Reading protoinst file protoinst_files/cpu_system.protoinst
WARNING: [Wavedata 42-558] Couldn't load one or more protocol instances from protoinst file protoinst_files/cpu_system.protoinst for the following reason(s):
There are no instances of module "cpu_system" in the design.

Time resolution is 1 ps
relaunch_sim: Time (s): cpu = 00:00:03 ; elapsed = 00:00:09 . Memory (MB): peak = 3943.324 ; gain = 0.000
run 50 ms
$finish called at time : 50100 ns : File "C:/Users/zero6575/Vivado/fpga_labor/fpga_labor/fpga_labor.srcs/sim_1/new/audio_interface_tb.v" Line 50
relaunch_sim
Command: launch_simulation -step compile -simset sim_1 -mode behavioral
INFO: [Vivado 12-25911] Executing simulation for 'XSim' simulator
INFO: [Vivado 12-28535] Process started - Sat Feb 28 16:40:01 2026

INFO: [Vivado 12-12493] Simulation top is 'audio_interface_tb'
INFO: [Vivado 12-5698] Checking validity of IPs in the design for the 'XSim' simulator...
INFO: [Vivado 12-5682] Launching behavioral simulation in 'C:/Users/zero6575/Vivado/fpga_labor/fpga_labor/fpga_labor.sim/sim_1/behav/xsim'
INFO: [Vivado 12-13660] Precompiled IP simulation library mode is enabled (default). The design IP libraries will be referenced from the compiled library path. Please note that if the precompiled version of the library is not found from the path or the IP is in locked state, then the library source files for these IPs will be compiled locally as part of the compile order.
INFO: [Vivado 12-4795] Using compiled simulation libraries for IPs
INFO: [SIM-utils-51] Simulation object is 'sim_1'
INFO: [USF-XSim-2] XSim::Compile design
INFO: [USF-XSim-61] Executing 'COMPILE and ANALYZE' step in 'C:/Users/zero6575/Vivado/fpga_labor/fpga_labor/fpga_labor.sim/sim_1/behav/xsim'
"xvlog --incr --relax -L axi_vip_v1_1_22 -L zynq_ultra_ps_e_vip_v1_0_22 -L smartconnect_v1_0 -L xilinx_vip -prj audio_interface_tb_vlog.prj"
INFO: [USF-XSim-69] 'compile' step finished in '1' seconds
Command: launch_simulation -step elaborate -simset sim_1 -mode behavioral
INFO: [Vivado 12-25911] Executing simulation for 'XSim' simulator
INFO: [Vivado 12-28535] Process started - Sat Feb 28 16:40:03 2026

INFO: [Vivado 12-12493] Simulation top is 'audio_interface_tb'
INFO: [Vivado 12-5698] Checking validity of IPs in the design for the 'XSim' simulator...
INFO: [Vivado 12-5682] Launching behavioral simulation in 'C:/Users/zero6575/Vivado/fpga_labor/fpga_labor/fpga_labor.sim/sim_1/behav/xsim'
INFO: [Vivado 12-13660] Precompiled IP simulation library mode is enabled (default). The design IP libraries will be referenced from the compiled library path. Please note that if the precompiled version of the library is not found from the path or the IP is in locked state, then the library source files for these IPs will be compiled locally as part of the compile order.
INFO: [Vivado 12-4795] Using compiled simulation libraries for IPs
INFO: [SIM-utils-51] Simulation object is 'sim_1'
INFO: [USF-XSim-3] XSim::Elaborate design
INFO: [USF-XSim-61] Executing 'ELABORATE' step in 'C:/Users/zero6575/Vivado/fpga_labor/fpga_labor/fpga_labor.sim/sim_1/behav/xsim'
"xelab --incr --debug typical --relax --mt 2 -L xil_defaultlib -L xilinx_vip -L unisims_ver -L unimacro_ver -L secureip -L xpm --snapshot audio_interface_tb_behav xil_defaultlib.audio_interface_tb xil_defaultlib.glbl -log elaborate.log"
Vivado Simulator v2025.2
Copyright 1986-2022 Xilinx, Inc. All Rights Reserved.
Copyright 2022-2025 Advanced Micro Devices, Inc. All Rights Reserved.
Running: C:/AMDDesignTools/2025.2/Vivado/bin/unwrapped/win64.o/xelab.exe --incr --debug typical --relax --mt 2 -L xil_defaultlib -L xilinx_vip -L unisims_ver -L unimacro_ver -L secureip -L xpm --snapshot audio_interface_tb_behav xil_defaultlib.audio_interface_tb xil_defaultlib.glbl -log elaborate.log 
Using 2 slave threads.
Starting static elaboration
Pass Through NonSizing Optimizer
Completed static elaboration
INFO: [XSIM 43-4323] No Change in HDL. Linking previously generated obj files to create kernel
INFO: [USF-XSim-69] 'elaborate' step finished in '1' seconds
INFO: [Wavedata 42-565] Reading protoinst file protoinst_files/bd_7c56.protoinst
WARNING: [Wavedata 42-558] Couldn't load one or more protocol instances from protoinst file protoinst_files/bd_7c56.protoinst for the following reason(s):
There are no instances of module "bd_7c56" in the design.

INFO: [Wavedata 42-565] Reading protoinst file protoinst_files/bd_38aa.protoinst
WARNING: [Wavedata 42-558] Couldn't load one or more protocol instances from protoinst file protoinst_files/bd_38aa.protoinst for the following reason(s):
There are no instances of module "bd_38aa" in the design.

INFO: [Wavedata 42-565] Reading protoinst file protoinst_files/cpu_system.protoinst
WARNING: [Wavedata 42-558] Couldn't load one or more protocol instances from protoinst file protoinst_files/cpu_system.protoinst for the following reason(s):
There are no instances of module "cpu_system" in the design.

Time resolution is 1 ps
relaunch_sim: Time (s): cpu = 00:00:01 ; elapsed = 00:00:05 . Memory (MB): peak = 3943.324 ; gain = 0.000
run 50 ms
$finish called at time : 50100 ns : File "C:/Users/zero6575/Vivado/fpga_labor/fpga_labor/fpga_labor.srcs/sim_1/new/audio_interface_tb.v" Line 50
WARNING: [filemgmt 56-199] Attempt to get parsing info during refresh. "On-the-fly" syntax checking information may be incorrect. [C:\Users\zero6575\Vivado\fpga_labor\fpga_labor\fpga_labor.srcs\sources_1\new\audio_interface.v:]
WARNING: [filemgmt 56-199] Attempt to get parsing info during refresh. "On-the-fly" syntax checking information may be incorrect. [C:\Users\zero6575\Vivado\fpga_labor\fpga_labor\fpga_labor.srcs\sim_1\new\audio_interface_tb.v:]
WARNING: [filemgmt 56-199] Attempt to get parsing info during refresh. "On-the-fly" syntax checking information may be incorrect. [C:\Users\zero6575\Vivado\fpga_labor\fpga_labor\fpga_labor.srcs\sim_1\new\audio_interface_tb.v:]
WARNING: [filemgmt 56-199] Attempt to get parsing info during refresh. "On-the-fly" syntax checking information may be incorrect. [C:\Users\zero6575\Vivado\fpga_labor\fpga_labor\fpga_labor.srcs\sim_1\new\audio_interface_tb.v:]
ERROR: [Common 17-180] Spawn failed: The operation completed successfully.

relaunch_sim
Command: launch_simulation -step compile -simset sim_1 -mode behavioral
INFO: [Vivado 12-25911] Executing simulation for 'XSim' simulator
INFO: [Vivado 12-28535] Process started - Sat Feb 28 17:01:43 2026

INFO: [Vivado 12-12493] Simulation top is 'audio_interface_tb'
INFO: [Vivado 12-5698] Checking validity of IPs in the design for the 'XSim' simulator...
INFO: [Vivado 12-5682] Launching behavioral simulation in 'C:/Users/zero6575/Vivado/fpga_labor/fpga_labor/fpga_labor.sim/sim_1/behav/xsim'
INFO: [Vivado 12-13660] Precompiled IP simulation library mode is enabled (default). The design IP libraries will be referenced from the compiled library path. Please note that if the precompiled version of the library is not found from the path or the IP is in locked state, then the library source files for these IPs will be compiled locally as part of the compile order.
INFO: [Vivado 12-4795] Using compiled simulation libraries for IPs
INFO: [SIM-utils-51] Simulation object is 'sim_1'
INFO: [USF-XSim-2] XSim::Compile design
INFO: [USF-XSim-61] Executing 'COMPILE and ANALYZE' step in 'C:/Users/zero6575/Vivado/fpga_labor/fpga_labor/fpga_labor.sim/sim_1/behav/xsim'
"xvlog --incr --relax -L axi_vip_v1_1_22 -L zynq_ultra_ps_e_vip_v1_0_22 -L smartconnect_v1_0 -L xilinx_vip -prj audio_interface_tb_vlog.prj"
INFO: [VRFC 10-2263] Analyzing Verilog file "C:/Users/zero6575/Vivado/fpga_labor/fpga_labor/fpga_labor.srcs/sources_1/new/audio_interface.v" into library xil_defaultlib
INFO: [VRFC 10-311] analyzing module audio_interface
INFO: [VRFC 10-2263] Analyzing Verilog file "C:/Users/zero6575/Vivado/fpga_labor/fpga_labor/fpga_labor.srcs/sim_1/new/audio_interface_tb.v" into library xil_defaultlib
INFO: [VRFC 10-311] analyzing module audio_interface_tb
INFO: [USF-XSim-69] 'compile' step finished in '1' seconds
Command: launch_simulation -step elaborate -simset sim_1 -mode behavioral
INFO: [Vivado 12-25911] Executing simulation for 'XSim' simulator
INFO: [Vivado 12-28535] Process started - Sat Feb 28 17:01:45 2026

INFO: [Vivado 12-12493] Simulation top is 'audio_interface_tb'
INFO: [Vivado 12-5698] Checking validity of IPs in the design for the 'XSim' simulator...
INFO: [Vivado 12-5682] Launching behavioral simulation in 'C:/Users/zero6575/Vivado/fpga_labor/fpga_labor/fpga_labor.sim/sim_1/behav/xsim'
INFO: [Vivado 12-13660] Precompiled IP simulation library mode is enabled (default). The design IP libraries will be referenced from the compiled library path. Please note that if the precompiled version of the library is not found from the path or the IP is in locked state, then the library source files for these IPs will be compiled locally as part of the compile order.
INFO: [Vivado 12-4795] Using compiled simulation libraries for IPs
INFO: [SIM-utils-51] Simulation object is 'sim_1'
INFO: [USF-XSim-3] XSim::Elaborate design
INFO: [USF-XSim-61] Executing 'ELABORATE' step in 'C:/Users/zero6575/Vivado/fpga_labor/fpga_labor/fpga_labor.sim/sim_1/behav/xsim'
"xelab --incr --debug typical --relax --mt 2 -L xil_defaultlib -L xilinx_vip -L unisims_ver -L unimacro_ver -L secureip -L xpm --snapshot audio_interface_tb_behav xil_defaultlib.audio_interface_tb xil_defaultlib.glbl -log elaborate.log"
Vivado Simulator v2025.2
Copyright 1986-2022 Xilinx, Inc. All Rights Reserved.
Copyright 2022-2025 Advanced Micro Devices, Inc. All Rights Reserved.
Running: C:/AMDDesignTools/2025.2/Vivado/bin/unwrapped/win64.o/xelab.exe --incr --debug typical --relax --mt 2 -L xil_defaultlib -L xilinx_vip -L unisims_ver -L unimacro_ver -L secureip -L xpm --snapshot audio_interface_tb_behav xil_defaultlib.audio_interface_tb xil_defaultlib.glbl -log elaborate.log 
Using 2 slave threads.
Starting static elaboration
Pass Through NonSizing Optimizer
Completed static elaboration
Starting simulation data flow analysis
WARNING: [XSIM 43-4099] "C:/Users/zero6575/Vivado/fpga_labor/fpga_labor/fpga_labor.srcs/sources_1/new/audio_interface.v" Line 1. Module audio_interface doesn't have a timescale but at least one module in design has a timescale.
Completed simulation data flow analysis
Time Resolution for simulation is 1ps
Compiling module unisims_ver.ODDRE1
Compiling module xil_defaultlib.audio_interface
Compiling module xil_defaultlib.audio_interface_tb
Compiling module xil_defaultlib.glbl
Built simulation snapshot audio_interface_tb_behav
INFO: [USF-XSim-69] 'elaborate' step finished in '1' seconds
INFO: [Wavedata 42-565] Reading protoinst file protoinst_files/bd_7c56.protoinst
WARNING: [Wavedata 42-558] Couldn't load one or more protocol instances from protoinst file protoinst_files/bd_7c56.protoinst for the following reason(s):
There are no instances of module "bd_7c56" in the design.

INFO: [Wavedata 42-565] Reading protoinst file protoinst_files/bd_38aa.protoinst
WARNING: [Wavedata 42-558] Couldn't load one or more protocol instances from protoinst file protoinst_files/bd_38aa.protoinst for the following reason(s):
There are no instances of module "bd_38aa" in the design.

INFO: [Wavedata 42-565] Reading protoinst file protoinst_files/cpu_system.protoinst
WARNING: [Wavedata 42-558] Couldn't load one or more protocol instances from protoinst file protoinst_files/cpu_system.protoinst for the following reason(s):
There are no instances of module "cpu_system" in the design.

Time resolution is 1 ps
relaunch_sim: Time (s): cpu = 00:00:01 ; elapsed = 00:00:06 . Memory (MB): peak = 3948.418 ; gain = 0.000
run 50 ms
$finish called at time : 50100 ns : File "C:/Users/zero6575/Vivado/fpga_labor/fpga_labor/fpga_labor.srcs/sim_1/new/audio_interface_tb.v" Line 50
relaunch_sim
