#-----------------------------------------------------------
# Vivado v2025.2 (64-bit)
# SW Build 6299465 on Fri Nov 14 19:35:11 GMT 2025
# IP Build 6300035 on Fri Nov 14 10:48:45 MST 2025
# SharedData Build 6298862 on Thu Nov 13 04:50:51 MST 2025
# Start of session at: Sat Feb 28 12:55:47 2026
# Process ID         : 20544
# Current directory  : C:/Users/zero6575/Vivado/fpga_labor/fpga_labor
# Command line       : vivado.exe -gui_launcher_event rodinguilauncherevent11764 C:\Users\zero6575\Vivado\fpga_labor\fpga_labor\fpga_labor.xpr
# Log file           : C:/Users/zero6575/Vivado/fpga_labor/fpga_labor/vivado.log
# Journal file       : C:/Users/zero6575/Vivado/fpga_labor/fpga_labor\vivado.jou
# Running On         : pc
# Platform           : Windows Server 2016 or Windows 10
# Operating System   : 22631
# Processor Detail   : AMD Ryzen 7 7700X 8-Core Processor             
# CPU Frequency      : 4491 MHz
# CPU Physical cores : 8
# CPU Logical cores  : 16
# Host memory        : 102163 MB
# Swap memory        : 6442 MB
# Total Virtual      : 108606 MB
# Available Virtual  : 91769 MB
#-----------------------------------------------------------
start_gui
open_project C:/Users/zero6575/Vivado/fpga_labor/fpga_labor/fpga_labor.xpr
WARNING: [Board 49-26] cannot add Board Part xilinx.com:emb-plus-vpr-4616:part0:1.0 available at C:/AMDDesignTools/2025.2/data/xhub/boards\XilinxBoardStore\boards\Xilinx\emb-plus-vpr-4616\1.0\board.xml as part xcve2302-sfva784-2mp-e-s specified in board_part file is either invalid or not available
WARNING: [Board 49-26] cannot add Board Part xilinx.com:emb-plus-vpr-4616:part0:1.1 available at C:/AMDDesignTools/2025.2/data/xhub/boards\XilinxBoardStore\boards\Xilinx\emb-plus-vpr-4616\1.1\board.xml as part xcve2302-sfva784-2mp-e-s specified in board_part file is either invalid or not available
WARNING: [Board 49-26] cannot add Board Part xilinx.com:v80:part0:1.0 available at C:/AMDDesignTools/2025.2/data/xhub/boards\XilinxBoardStore\boards\Xilinx\v80\1.0\board.xml as part xcv80-lsva4737-2mhp-e-s specified in board_part file is either invalid or not available
WARNING: [Board 49-26] cannot add Board Part xilinx.com:vck190:part0:2.2 available at C:/AMDDesignTools/2025.2/data/xhub/boards\XilinxBoardStore\boards\Xilinx\vck190\production\2.2\board.xml as part xcvc1902-vsva2197-2mp-e-s specified in board_part file is either invalid or not available
WARNING: [Board 49-26] cannot add Board Part xilinx.com:vck190:part0:3.0 available at C:/AMDDesignTools/2025.2/data/xhub/boards\XilinxBoardStore\boards\Xilinx\vck190\production\3.0\board.xml as part xcvc1902-vsva2197-2mp-e-s specified in board_part file is either invalid or not available
WARNING: [Board 49-26] cannot add Board Part xilinx.com:vck190:part0:3.1 available at C:/AMDDesignTools/2025.2/data/xhub/boards\XilinxBoardStore\boards\Xilinx\vck190\production\3.1\board.xml as part xcvc1902-vsva2197-2mp-e-s specified in board_part file is either invalid or not available
WARNING: [Board 49-26] cannot add Board Part xilinx.com:vck190:part0:3.2 available at C:/AMDDesignTools/2025.2/data/xhub/boards\XilinxBoardStore\boards\Xilinx\vck190\production\3.2\board.xml as part xcvc1902-vsva2197-2mp-e-s specified in board_part file is either invalid or not available
WARNING: [Board 49-26] cannot add Board Part xilinx.com:vck190:part0:3.3 available at C:/AMDDesignTools/2025.2/data/xhub/boards\XilinxBoardStore\boards\Xilinx\vck190\production\3.3\board.xml as part xcvc1902-vsva2197-2mp-e-s specified in board_part file is either invalid or not available
WARNING: [Board 49-26] cannot add Board Part xilinx.com:vck190:part0:3.4 available at C:/AMDDesignTools/2025.2/data/xhub/boards\XilinxBoardStore\boards\Xilinx\vck190\production\3.4\board.xml as part xcvc1902-vsva2197-2mp-e-s specified in board_part file is either invalid or not available
WARNING: [Board 49-26] cannot add Board Part xilinx.com:vck190_newl:part0:1.0 available at C:/AMDDesignTools/2025.2/data/xhub/boards\XilinxBoardStore\boards\Xilinx\vck190_newl\production\1.0\board.xml as part xcvc1902-vsva2197-2mp-e-s specified in board_part file is either invalid or not available
WARNING: [Board 49-26] cannot add Board Part xilinx.com:vck190_newl:part0:1.1 available at C:/AMDDesignTools/2025.2/data/xhub/boards\XilinxBoardStore\boards\Xilinx\vck190_newl\production\1.1\board.xml as part xcvc1902-vsva2197-2mp-e-s specified in board_part file is either invalid or not available
WARNING: [Board 49-26] cannot add Board Part xilinx.com:vck190_newl:part0:1.2 available at C:/AMDDesignTools/2025.2/data/xhub/boards\XilinxBoardStore\boards\Xilinx\vck190_newl\production\1.2\board.xml as part xcvc1902-vsva2197-2mp-e-s specified in board_part file is either invalid or not available
WARNING: [Board 49-26] cannot add Board Part xilinx.com:vck190_newl:part0:1.3 available at C:/AMDDesignTools/2025.2/data/xhub/boards\XilinxBoardStore\boards\Xilinx\vck190_newl\production\1.3\board.xml as part xcvc1902-vsva2197-2mp-e-s specified in board_part file is either invalid or not available
WARNING: [Board 49-26] cannot add Board Part xilinx.com:vek280:part0:1.0 available at C:/AMDDesignTools/2025.2/data/xhub/boards\XilinxBoardStore\boards\Xilinx\vek280\production\1.0\board.xml as part xcve2802-vsvh1760-2mp-e-s specified in board_part file is either invalid or not available
WARNING: [Board 49-26] cannot add Board Part xilinx.com:vek280:part0:1.1 available at C:/AMDDesignTools/2025.2/data/xhub/boards\XilinxBoardStore\boards\Xilinx\vek280\production\1.1\board.xml as part xcve2802-vsvh1760-2mp-e-s specified in board_part file is either invalid or not available
WARNING: [Board 49-26] cannot add Board Part xilinx.com:vek280:part0:1.2 available at C:/AMDDesignTools/2025.2/data/xhub/boards\XilinxBoardStore\boards\Xilinx\vek280\production\1.2\board.xml as part xcve2802-vsvh1760-2mp-e-s specified in board_part file is either invalid or not available
WARNING: [Board 49-26] cannot add Board Part xilinx.com:vek385:part0:1.0 available at C:/AMDDesignTools/2025.2/data/xhub/boards\XilinxBoardStore\boards\Xilinx\vek385\1.0\board.xml as part xc2ve3858-ssva2112-2mp-e-s specified in board_part file is either invalid or not available
WARNING: [Board 49-26] cannot add Board Part xilinx.com:vek385:part0:1.1 available at C:/AMDDesignTools/2025.2/data/xhub/boards\XilinxBoardStore\boards\Xilinx\vek385\1.1\board.xml as part xc2ve3858-ssva2112-2mp-e-s specified in board_part file is either invalid or not available
WARNING: [Board 49-26] cannot add Board Part xilinx.com:vek385_1:part0:1.0 available at C:/AMDDesignTools/2025.2/data/xhub/boards\XilinxBoardStore\boards\Xilinx\vek385_2\1.0\board.xml as part xc2ve3858-ssva2112-2mp-e-s specified in board_part file is either invalid or not available
WARNING: [Board 49-26] cannot add Board Part xilinx.com:vhk158:part0:1.0 available at C:/AMDDesignTools/2025.2/data/xhub/boards\XilinxBoardStore\boards\Xilinx\vhk158\production\1.0\board.xml as part xcvh1582-vsva3697-2mp-e-s specified in board_part file is either invalid or not available
WARNING: [Board 49-26] cannot add Board Part xilinx.com:vhk158:part0:1.1 available at C:/AMDDesignTools/2025.2/data/xhub/boards\XilinxBoardStore\boards\Xilinx\vhk158\production\1.1\board.xml as part xcvh1582-vsva3697-2mp-e-s specified in board_part file is either invalid or not available
WARNING: [Board 49-26] cannot add Board Part xilinx.com:vhk158:part0:1.2 available at C:/AMDDesignTools/2025.2/data/xhub/boards\XilinxBoardStore\boards\Xilinx\vhk158\production\1.2\board.xml as part xcvh1582-vsva3697-2mp-e-s specified in board_part file is either invalid or not available
WARNING: [Board 49-26] cannot add Board Part xilinx.com:vmk180:part0:2.2 available at C:/AMDDesignTools/2025.2/data/xhub/boards\XilinxBoardStore\boards\Xilinx\vmk180\production\2.2\board.xml as part xcvm1802-vsva2197-2mp-e-s specified in board_part file is either invalid or not available
WARNING: [Board 49-26] cannot add Board Part xilinx.com:vmk180:part0:3.0 available at C:/AMDDesignTools/2025.2/data/xhub/boards\XilinxBoardStore\boards\Xilinx\vmk180\production\3.0\board.xml as part xcvm1802-vsva2197-2mp-e-s specified in board_part file is either invalid or not available
WARNING: [Board 49-26] cannot add Board Part xilinx.com:vmk180:part0:3.1 available at C:/AMDDesignTools/2025.2/data/xhub/boards\XilinxBoardStore\boards\Xilinx\vmk180\production\3.1\board.xml as part xcvm1802-vsva2197-2mp-e-s specified in board_part file is either invalid or not available
WARNING: [Board 49-26] cannot add Board Part xilinx.com:vmk180:part0:3.2 available at C:/AMDDesignTools/2025.2/data/xhub/boards\XilinxBoardStore\boards\Xilinx\vmk180\production\3.2\board.xml as part xcvm1802-vsva2197-2mp-e-s specified in board_part file is either invalid or not available
WARNING: [Board 49-26] cannot add Board Part xilinx.com:vmk180:part0:3.3 available at C:/AMDDesignTools/2025.2/data/xhub/boards\XilinxBoardStore\boards\Xilinx\vmk180\production\3.3\board.xml as part xcvm1802-vsva2197-2mp-e-s specified in board_part file is either invalid or not available
WARNING: [Board 49-26] cannot add Board Part xilinx.com:vmk180_newl:part0:1.0 available at C:/AMDDesignTools/2025.2/data/xhub/boards\XilinxBoardStore\boards\Xilinx\vmk180_newl\production\1.0\board.xml as part xcvm1802-vsva2197-2mp-e-s specified in board_part file is either invalid or not available
WARNING: [Board 49-26] cannot add Board Part xilinx.com:vmk180_newl:part0:1.1 available at C:/AMDDesignTools/2025.2/data/xhub/boards\XilinxBoardStore\boards\Xilinx\vmk180_newl\production\1.1\board.xml as part xcvm1802-vsva2197-2mp-e-s specified in board_part file is either invalid or not available
WARNING: [Board 49-26] cannot add Board Part xilinx.com:vpk120:part0:1.0 available at C:/AMDDesignTools/2025.2/data/xhub/boards\XilinxBoardStore\boards\Xilinx\vpk120\production\1.0\board.xml as part xcvp1202-vsva2785-2mp-e-s specified in board_part file is either invalid or not available
WARNING: [Board 49-26] cannot add Board Part xilinx.com:vpk120:part0:1.1 available at C:/AMDDesignTools/2025.2/data/xhub/boards\XilinxBoardStore\boards\Xilinx\vpk120\production\1.1\board.xml as part xcvp1202-vsva2785-2mp-e-s specified in board_part file is either invalid or not available
WARNING: [Board 49-26] cannot add Board Part xilinx.com:vpk120:part0:1.2 available at C:/AMDDesignTools/2025.2/data/xhub/boards\XilinxBoardStore\boards\Xilinx\vpk120\production\1.2\board.xml as part xcvp1202-vsva2785-2mp-e-s specified in board_part file is either invalid or not available
WARNING: [Board 49-26] cannot add Board Part xilinx.com:vpk180:part0:1.0 available at C:/AMDDesignTools/2025.2/data/xhub/boards\XilinxBoardStore\boards\Xilinx\vpk180\production\1.0\board.xml as part xcvp1802-lsvc4072-2mp-e-s specified in board_part file is either invalid or not available
WARNING: [Board 49-26] cannot add Board Part xilinx.com:vpk180:part0:1.1 available at C:/AMDDesignTools/2025.2/data/xhub/boards\XilinxBoardStore\boards\Xilinx\vpk180\production\1.1\board.xml as part xcvp1802-lsvc4072-2mp-e-s specified in board_part file is either invalid or not available
WARNING: [Board 49-26] cannot add Board Part xilinx.com:vpk180:part0:1.2 available at C:/AMDDesignTools/2025.2/data/xhub/boards\XilinxBoardStore\boards\Xilinx\vpk180\production\1.2\board.xml as part xcvp1802-lsvc4072-2mp-e-s specified in board_part file is either invalid or not available
WARNING: [Board 49-26] cannot add Board Part xilinx.com:vrk160:part0:1.0 available at C:/AMDDesignTools/2025.2/data/xhub/boards\XilinxBoardStore\boards\Xilinx\vrk160\1.0\board.xml as part xcvr1602-vsva2488-2mp-e-s-es1 specified in board_part file is either invalid or not available
WARNING: [Board 49-26] cannot add Board Part xilinx.com:vrk160:part0:1.1 available at C:/AMDDesignTools/2025.2/data/xhub/boards\XilinxBoardStore\boards\Xilinx\vrk160\1.1\board.xml as part xcvr1602-vsva2488-2mp-e-s-es1 specified in board_part file is either invalid or not available
WARNING: [Board 49-26] cannot add Board Part xilinx.com:zcu208ld:part0:2.0 available at C:/AMDDesignTools/2025.2/data/xhub/boards\XilinxBoardStore\boards\Xilinx\zcu208ld\production\2.0\board.xml as part xczu58dr-fsvg1517-2-i specified in board_part file is either invalid or not available
WARNING: [Board 49-26] cannot add Board Part xilinx.com:zcu216ld:part0:2.0 available at C:/AMDDesignTools/2025.2/data/xhub/boards\XilinxBoardStore\boards\Xilinx\zcu216ld\production\2.0\board.xml as part xczu59dr-ffvf1760-2-i specified in board_part file is either invalid or not available
WARNING: [Board 49-26] cannot add Board Part xilinx.com:zcu670ld:part0:1.0 available at C:/AMDDesignTools/2025.2/data/xhub/boards\XilinxBoardStore\boards\Xilinx\zcu670ld\1.0\board.xml as part xczu57dr-fsve1156-2-i specified in board_part file is either invalid or not available
WARNING: [BD 41-2576] File 'C:/Users/zero6575/Vivado/fpga_labor/fpga_labor/fpga_labor.srcs/sources_1/bd/cpu_system/ip/cpu_system_smartconnect_1_0/cpu_system_smartconnect_1_0.xci' referenced by design 'cpu_system' could not be found.
WARNING: [BD 41-2576] File 'C:/Users/zero6575/Vivado/fpga_labor/fpga_labor/fpga_labor.srcs/sources_1/bd/cpu_system/ip/cpu_system_axi_dma_0_0/cpu_system_axi_dma_0_0.xci' referenced by design 'cpu_system' could not be found.
WARNING: [BD 41-2576] File 'C:/Users/zero6575/Vivado/fpga_labor/fpga_labor/fpga_labor.srcs/sources_1/bd/cpu_system/ip/cpu_system_xlconcat_0_0/cpu_system_xlconcat_0_0.xci' referenced by design 'cpu_system' could not be found.
WARNING: [BD 41-2576] File 'C:/Users/zero6575/Vivado/fpga_labor/fpga_labor/fpga_labor.srcs/sources_1/bd/cpu_system/ip/cpu_system_fifo_generator_0_0/cpu_system_fifo_generator_0_0.xci' referenced by design 'cpu_system' could not be found.
Scanning sources...
Finished scanning sources
WARNING: [Board 49-26] cannot add Board Part xilinx.com:emb-plus-vpr-4616:part0:1.0 available at C:/AMDDesignTools/2025.2/data/xhub/boards\XilinxBoardStore\boards\Xilinx\emb-plus-vpr-4616\1.0\board.xml as part xcve2302-sfva784-2mp-e-s specified in board_part file is either invalid or not available
WARNING: [Board 49-26] cannot add Board Part xilinx.com:emb-plus-vpr-4616:part0:1.1 available at C:/AMDDesignTools/2025.2/data/xhub/boards\XilinxBoardStore\boards\Xilinx\emb-plus-vpr-4616\1.1\board.xml as part xcve2302-sfva784-2mp-e-s specified in board_part file is either invalid or not available
WARNING: [Board 49-26] cannot add Board Part xilinx.com:v80:part0:1.0 available at C:/AMDDesignTools/2025.2/data/xhub/boards\XilinxBoardStore\boards\Xilinx\v80\1.0\board.xml as part xcv80-lsva4737-2mhp-e-s specified in board_part file is either invalid or not available
WARNING: [Board 49-26] cannot add Board Part xilinx.com:vck190:part0:2.2 available at C:/AMDDesignTools/2025.2/data/xhub/boards\XilinxBoardStore\boards\Xilinx\vck190\production\2.2\board.xml as part xcvc1902-vsva2197-2mp-e-s specified in board_part file is either invalid or not available
WARNING: [Board 49-26] cannot add Board Part xilinx.com:vck190:part0:3.0 available at C:/AMDDesignTools/2025.2/data/xhub/boards\XilinxBoardStore\boards\Xilinx\vck190\production\3.0\board.xml as part xcvc1902-vsva2197-2mp-e-s specified in board_part file is either invalid or not available
WARNING: [Board 49-26] cannot add Board Part xilinx.com:vck190:part0:3.1 available at C:/AMDDesignTools/2025.2/data/xhub/boards\XilinxBoardStore\boards\Xilinx\vck190\production\3.1\board.xml as part xcvc1902-vsva2197-2mp-e-s specified in board_part file is either invalid or not available
WARNING: [Board 49-26] cannot add Board Part xilinx.com:vck190:part0:3.2 available at C:/AMDDesignTools/2025.2/data/xhub/boards\XilinxBoardStore\boards\Xilinx\vck190\production\3.2\board.xml as part xcvc1902-vsva2197-2mp-e-s specified in board_part file is either invalid or not available
WARNING: [Board 49-26] cannot add Board Part xilinx.com:vck190:part0:3.3 available at C:/AMDDesignTools/2025.2/data/xhub/boards\XilinxBoardStore\boards\Xilinx\vck190\production\3.3\board.xml as part xcvc1902-vsva2197-2mp-e-s specified in board_part file is either invalid or not available
WARNING: [Board 49-26] cannot add Board Part xilinx.com:vck190:part0:3.4 available at C:/AMDDesignTools/2025.2/data/xhub/boards\XilinxBoardStore\boards\Xilinx\vck190\production\3.4\board.xml as part xcvc1902-vsva2197-2mp-e-s specified in board_part file is either invalid or not available
WARNING: [Board 49-26] cannot add Board Part xilinx.com:vck190_newl:part0:1.0 available at C:/AMDDesignTools/2025.2/data/xhub/boards\XilinxBoardStore\boards\Xilinx\vck190_newl\production\1.0\board.xml as part xcvc1902-vsva2197-2mp-e-s specified in board_part file is either invalid or not available
WARNING: [Board 49-26] cannot add Board Part xilinx.com:vck190_newl:part0:1.1 available at C:/AMDDesignTools/2025.2/data/xhub/boards\XilinxBoardStore\boards\Xilinx\vck190_newl\production\1.1\board.xml as part xcvc1902-vsva2197-2mp-e-s specified in board_part file is either invalid or not available
WARNING: [Board 49-26] cannot add Board Part xilinx.com:vck190_newl:part0:1.2 available at C:/AMDDesignTools/2025.2/data/xhub/boards\XilinxBoardStore\boards\Xilinx\vck190_newl\production\1.2\board.xml as part xcvc1902-vsva2197-2mp-e-s specified in board_part file is either invalid or not available
WARNING: [Board 49-26] cannot add Board Part xilinx.com:vck190_newl:part0:1.3 available at C:/AMDDesignTools/2025.2/data/xhub/boards\XilinxBoardStore\boards\Xilinx\vck190_newl\production\1.3\board.xml as part xcvc1902-vsva2197-2mp-e-s specified in board_part file is either invalid or not available
WARNING: [Board 49-26] cannot add Board Part xilinx.com:vek280:part0:1.0 available at C:/AMDDesignTools/2025.2/data/xhub/boards\XilinxBoardStore\boards\Xilinx\vek280\production\1.0\board.xml as part xcve2802-vsvh1760-2mp-e-s specified in board_part file is either invalid or not available
WARNING: [Board 49-26] cannot add Board Part xilinx.com:vek280:part0:1.1 available at C:/AMDDesignTools/2025.2/data/xhub/boards\XilinxBoardStore\boards\Xilinx\vek280\production\1.1\board.xml as part xcve2802-vsvh1760-2mp-e-s specified in board_part file is either invalid or not available
WARNING: [Board 49-26] cannot add Board Part xilinx.com:vek280:part0:1.2 available at C:/AMDDesignTools/2025.2/data/xhub/boards\XilinxBoardStore\boards\Xilinx\vek280\production\1.2\board.xml as part xcve2802-vsvh1760-2mp-e-s specified in board_part file is either invalid or not available
WARNING: [Board 49-26] cannot add Board Part xilinx.com:vek385:part0:1.0 available at C:/AMDDesignTools/2025.2/data/xhub/boards\XilinxBoardStore\boards\Xilinx\vek385\1.0\board.xml as part xc2ve3858-ssva2112-2mp-e-s specified in board_part file is either invalid or not available
WARNING: [Board 49-26] cannot add Board Part xilinx.com:vek385:part0:1.1 available at C:/AMDDesignTools/2025.2/data/xhub/boards\XilinxBoardStore\boards\Xilinx\vek385\1.1\board.xml as part xc2ve3858-ssva2112-2mp-e-s specified in board_part file is either invalid or not available
WARNING: [Board 49-26] cannot add Board Part xilinx.com:vek385_1:part0:1.0 available at C:/AMDDesignTools/2025.2/data/xhub/boards\XilinxBoardStore\boards\Xilinx\vek385_2\1.0\board.xml as part xc2ve3858-ssva2112-2mp-e-s specified in board_part file is either invalid or not available
WARNING: [Board 49-26] cannot add Board Part xilinx.com:vhk158:part0:1.0 available at C:/AMDDesignTools/2025.2/data/xhub/boards\XilinxBoardStore\boards\Xilinx\vhk158\production\1.0\board.xml as part xcvh1582-vsva3697-2mp-e-s specified in board_part file is either invalid or not available
WARNING: [Board 49-26] cannot add Board Part xilinx.com:vhk158:part0:1.1 available at C:/AMDDesignTools/2025.2/data/xhub/boards\XilinxBoardStore\boards\Xilinx\vhk158\production\1.1\board.xml as part xcvh1582-vsva3697-2mp-e-s specified in board_part file is either invalid or not available
WARNING: [Board 49-26] cannot add Board Part xilinx.com:vhk158:part0:1.2 available at C:/AMDDesignTools/2025.2/data/xhub/boards\XilinxBoardStore\boards\Xilinx\vhk158\production\1.2\board.xml as part xcvh1582-vsva3697-2mp-e-s specified in board_part file is either invalid or not available
WARNING: [Board 49-26] cannot add Board Part xilinx.com:vmk180:part0:2.2 available at C:/AMDDesignTools/2025.2/data/xhub/boards\XilinxBoardStore\boards\Xilinx\vmk180\production\2.2\board.xml as part xcvm1802-vsva2197-2mp-e-s specified in board_part file is either invalid or not available
WARNING: [Board 49-26] cannot add Board Part xilinx.com:vmk180:part0:3.0 available at C:/AMDDesignTools/2025.2/data/xhub/boards\XilinxBoardStore\boards\Xilinx\vmk180\production\3.0\board.xml as part xcvm1802-vsva2197-2mp-e-s specified in board_part file is either invalid or not available
WARNING: [Board 49-26] cannot add Board Part xilinx.com:vmk180:part0:3.1 available at C:/AMDDesignTools/2025.2/data/xhub/boards\XilinxBoardStore\boards\Xilinx\vmk180\production\3.1\board.xml as part xcvm1802-vsva2197-2mp-e-s specified in board_part file is either invalid or not available
WARNING: [Board 49-26] cannot add Board Part xilinx.com:vmk180:part0:3.2 available at C:/AMDDesignTools/2025.2/data/xhub/boards\XilinxBoardStore\boards\Xilinx\vmk180\production\3.2\board.xml as part xcvm1802-vsva2197-2mp-e-s specified in board_part file is either invalid or not available
WARNING: [Board 49-26] cannot add Board Part xilinx.com:vmk180:part0:3.3 available at C:/AMDDesignTools/2025.2/data/xhub/boards\XilinxBoardStore\boards\Xilinx\vmk180\production\3.3\board.xml as part xcvm1802-vsva2197-2mp-e-s specified in board_part file is either invalid or not available
WARNING: [Board 49-26] cannot add Board Part xilinx.com:vmk180_newl:part0:1.0 available at C:/AMDDesignTools/2025.2/data/xhub/boards\XilinxBoardStore\boards\Xilinx\vmk180_newl\production\1.0\board.xml as part xcvm1802-vsva2197-2mp-e-s specified in board_part file is either invalid or not available
WARNING: [Board 49-26] cannot add Board Part xilinx.com:vmk180_newl:part0:1.1 available at C:/AMDDesignTools/2025.2/data/xhub/boards\XilinxBoardStore\boards\Xilinx\vmk180_newl\production\1.1\board.xml as part xcvm1802-vsva2197-2mp-e-s specified in board_part file is either invalid or not available
WARNING: [Board 49-26] cannot add Board Part xilinx.com:vpk120:part0:1.0 available at C:/AMDDesignTools/2025.2/data/xhub/boards\XilinxBoardStore\boards\Xilinx\vpk120\production\1.0\board.xml as part xcvp1202-vsva2785-2mp-e-s specified in board_part file is either invalid or not available
WARNING: [Board 49-26] cannot add Board Part xilinx.com:vpk120:part0:1.1 available at C:/AMDDesignTools/2025.2/data/xhub/boards\XilinxBoardStore\boards\Xilinx\vpk120\production\1.1\board.xml as part xcvp1202-vsva2785-2mp-e-s specified in board_part file is either invalid or not available
WARNING: [Board 49-26] cannot add Board Part xilinx.com:vpk120:part0:1.2 available at C:/AMDDesignTools/2025.2/data/xhub/boards\XilinxBoardStore\boards\Xilinx\vpk120\production\1.2\board.xml as part xcvp1202-vsva2785-2mp-e-s specified in board_part file is either invalid or not available
WARNING: [Board 49-26] cannot add Board Part xilinx.com:vpk180:part0:1.0 available at C:/AMDDesignTools/2025.2/data/xhub/boards\XilinxBoardStore\boards\Xilinx\vpk180\production\1.0\board.xml as part xcvp1802-lsvc4072-2mp-e-s specified in board_part file is either invalid or not available
WARNING: [Board 49-26] cannot add Board Part xilinx.com:vpk180:part0:1.1 available at C:/AMDDesignTools/2025.2/data/xhub/boards\XilinxBoardStore\boards\Xilinx\vpk180\production\1.1\board.xml as part xcvp1802-lsvc4072-2mp-e-s specified in board_part file is either invalid or not available
WARNING: [Board 49-26] cannot add Board Part xilinx.com:vpk180:part0:1.2 available at C:/AMDDesignTools/2025.2/data/xhub/boards\XilinxBoardStore\boards\Xilinx\vpk180\production\1.2\board.xml as part xcvp1802-lsvc4072-2mp-e-s specified in board_part file is either invalid or not available
WARNING: [Board 49-26] cannot add Board Part xilinx.com:vrk160:part0:1.0 available at C:/AMDDesignTools/2025.2/data/xhub/boards\XilinxBoardStore\boards\Xilinx\vrk160\1.0\board.xml as part xcvr1602-vsva2488-2mp-e-s-es1 specified in board_part file is either invalid or not available
WARNING: [Board 49-26] cannot add Board Part xilinx.com:vrk160:part0:1.1 available at C:/AMDDesignTools/2025.2/data/xhub/boards\XilinxBoardStore\boards\Xilinx\vrk160\1.1\board.xml as part xcvr1602-vsva2488-2mp-e-s-es1 specified in board_part file is either invalid or not available
WARNING: [Board 49-26] cannot add Board Part xilinx.com:zcu208ld:part0:2.0 available at C:/AMDDesignTools/2025.2/data/xhub/boards\XilinxBoardStore\boards\Xilinx\zcu208ld\production\2.0\board.xml as part xczu58dr-fsvg1517-2-i specified in board_part file is either invalid or not available
WARNING: [Board 49-26] cannot add Board Part xilinx.com:zcu216ld:part0:2.0 available at C:/AMDDesignTools/2025.2/data/xhub/boards\XilinxBoardStore\boards\Xilinx\zcu216ld\production\2.0\board.xml as part xczu59dr-ffvf1760-2-i specified in board_part file is either invalid or not available
WARNING: [Board 49-26] cannot add Board Part xilinx.com:zcu670ld:part0:1.0 available at C:/AMDDesignTools/2025.2/data/xhub/boards\XilinxBoardStore\boards\Xilinx\zcu670ld\1.0\board.xml as part xczu57dr-fsve1156-2-i specified in board_part file is either invalid or not available
INFO: [IP_Flow 19-234] Refreshing IP repositories
INFO: [IP_Flow 19-1704] No user IP repositories specified
INFO: [IP_Flow 19-2313] Loaded Vivado IP repository 'C:/AMDDesignTools/2025.2/Vivado/data/ip'.
WARNING: [BD 41-2576] File 'c:/Users/zero6575/Vivado/fpga_labor/fpga_labor/fpga_labor.gen/sources_1/bd/cpu_system/ip/cpu_system_smartconnect_0_0/bd_0/ip/ip_2/bd_7c56_arinsw_0.xci' referenced by design 'bd_7c56' could not be found.
WARNING: [BD 41-2576] File 'c:/Users/zero6575/Vivado/fpga_labor/fpga_labor/fpga_labor.gen/sources_1/bd/cpu_system/ip/cpu_system_smartconnect_0_0/bd_0/ip/ip_3/bd_7c56_rinsw_0.xci' referenced by design 'bd_7c56' could not be found.
WARNING: [BD 41-2576] File 'c:/Users/zero6575/Vivado/fpga_labor/fpga_labor/fpga_labor.gen/sources_1/bd/cpu_system/ip/cpu_system_smartconnect_0_0/bd_0/ip/ip_4/bd_7c56_awinsw_0.xci' referenced by design 'bd_7c56' could not be found.
WARNING: [BD 41-2576] File 'c:/Users/zero6575/Vivado/fpga_labor/fpga_labor/fpga_labor.gen/sources_1/bd/cpu_system/ip/cpu_system_smartconnect_0_0/bd_0/ip/ip_5/bd_7c56_winsw_0.xci' referenced by design 'bd_7c56' could not be found.
WARNING: [BD 41-2576] File 'c:/Users/zero6575/Vivado/fpga_labor/fpga_labor/fpga_labor.gen/sources_1/bd/cpu_system/ip/cpu_system_smartconnect_0_0/bd_0/ip/ip_6/bd_7c56_binsw_0.xci' referenced by design 'bd_7c56' could not be found.
WARNING: [BD 41-2576] File 'c:/Users/zero6575/Vivado/fpga_labor/fpga_labor/fpga_labor.gen/sources_1/bd/cpu_system/ip/cpu_system_smartconnect_0_0/bd_0/ip/ip_7/bd_7c56_aroutsw_0.xci' referenced by design 'bd_7c56' could not be found.
WARNING: [BD 41-2576] File 'c:/Users/zero6575/Vivado/fpga_labor/fpga_labor/fpga_labor.gen/sources_1/bd/cpu_system/ip/cpu_system_smartconnect_0_0/bd_0/ip/ip_8/bd_7c56_routsw_0.xci' referenced by design 'bd_7c56' could not be found.
WARNING: [BD 41-2576] File 'c:/Users/zero6575/Vivado/fpga_labor/fpga_labor/fpga_labor.gen/sources_1/bd/cpu_system/ip/cpu_system_smartconnect_0_0/bd_0/ip/ip_9/bd_7c56_awoutsw_0.xci' referenced by design 'bd_7c56' could not be found.
WARNING: [BD 41-2576] File 'c:/Users/zero6575/Vivado/fpga_labor/fpga_labor/fpga_labor.gen/sources_1/bd/cpu_system/ip/cpu_system_smartconnect_0_0/bd_0/ip/ip_10/bd_7c56_woutsw_0.xci' referenced by design 'bd_7c56' could not be found.
WARNING: [BD 41-2576] File 'c:/Users/zero6575/Vivado/fpga_labor/fpga_labor/fpga_labor.gen/sources_1/bd/cpu_system/ip/cpu_system_smartconnect_0_0/bd_0/ip/ip_11/bd_7c56_boutsw_0.xci' referenced by design 'bd_7c56' could not be found.
WARNING: [BD 41-2576] File 'c:/Users/zero6575/Vivado/fpga_labor/fpga_labor/fpga_labor.gen/sources_1/bd/cpu_system/ip/cpu_system_smartconnect_0_0/bd_0/ip/ip_12/bd_7c56_arni_0.xci' referenced by design 'bd_7c56' could not be found.
WARNING: [BD 41-2576] File 'c:/Users/zero6575/Vivado/fpga_labor/fpga_labor/fpga_labor.gen/sources_1/bd/cpu_system/ip/cpu_system_smartconnect_0_0/bd_0/ip/ip_13/bd_7c56_rni_0.xci' referenced by design 'bd_7c56' could not be found.
WARNING: [BD 41-2576] File 'c:/Users/zero6575/Vivado/fpga_labor/fpga_labor/fpga_labor.gen/sources_1/bd/cpu_system/ip/cpu_system_smartconnect_0_0/bd_0/ip/ip_14/bd_7c56_awni_0.xci' referenced by design 'bd_7c56' could not be found.
WARNING: [BD 41-2576] File 'c:/Users/zero6575/Vivado/fpga_labor/fpga_labor/fpga_labor.gen/sources_1/bd/cpu_system/ip/cpu_system_smartconnect_0_0/bd_0/ip/ip_15/bd_7c56_wni_0.xci' referenced by design 'bd_7c56' could not be found.
WARNING: [BD 41-2576] File 'c:/Users/zero6575/Vivado/fpga_labor/fpga_labor/fpga_labor.gen/sources_1/bd/cpu_system/ip/cpu_system_smartconnect_0_0/bd_0/ip/ip_16/bd_7c56_bni_0.xci' referenced by design 'bd_7c56' could not be found.
WARNING: [BD 41-2576] File 'c:/Users/zero6575/Vivado/fpga_labor/fpga_labor/fpga_labor.gen/sources_1/bd/cpu_system/ip/cpu_system_smartconnect_0_0/bd_0/ip/ip_17/bd_7c56_s00mmu_0.xci' referenced by design 'bd_7c56' could not be found.
WARNING: [BD 41-2576] File 'c:/Users/zero6575/Vivado/fpga_labor/fpga_labor/fpga_labor.gen/sources_1/bd/cpu_system/ip/cpu_system_smartconnect_0_0/bd_0/ip/ip_18/bd_7c56_s00tr_0.xci' referenced by design 'bd_7c56' could not be found.
WARNING: [BD 41-2576] File 'c:/Users/zero6575/Vivado/fpga_labor/fpga_labor/fpga_labor.gen/sources_1/bd/cpu_system/ip/cpu_system_smartconnect_0_0/bd_0/ip/ip_19/bd_7c56_s00sic_0.xci' referenced by design 'bd_7c56' could not be found.
WARNING: [BD 41-2576] File 'c:/Users/zero6575/Vivado/fpga_labor/fpga_labor/fpga_labor.gen/sources_1/bd/cpu_system/ip/cpu_system_smartconnect_0_0/bd_0/ip/ip_20/bd_7c56_s00a2s_0.xci' referenced by design 'bd_7c56' could not be found.
WARNING: [BD 41-2576] File 'c:/Users/zero6575/Vivado/fpga_labor/fpga_labor/fpga_labor.gen/sources_1/bd/cpu_system/ip/cpu_system_smartconnect_0_0/bd_0/ip/ip_21/bd_7c56_sarn_0.xci' referenced by design 'bd_7c56' could not be found.
WARNING: [BD 41-2576] File 'c:/Users/zero6575/Vivado/fpga_labor/fpga_labor/fpga_labor.gen/sources_1/bd/cpu_system/ip/cpu_system_smartconnect_0_0/bd_0/ip/ip_22/bd_7c56_srn_0.xci' referenced by design 'bd_7c56' could not be found.
WARNING: [BD 41-2576] File 'c:/Users/zero6575/Vivado/fpga_labor/fpga_labor/fpga_labor.gen/sources_1/bd/cpu_system/ip/cpu_system_smartconnect_0_0/bd_0/ip/ip_23/bd_7c56_sawn_0.xci' referenced by design 'bd_7c56' could not be found.
WARNING: [BD 41-2576] File 'c:/Users/zero6575/Vivado/fpga_labor/fpga_labor/fpga_labor.gen/sources_1/bd/cpu_system/ip/cpu_system_smartconnect_0_0/bd_0/ip/ip_24/bd_7c56_swn_0.xci' referenced by design 'bd_7c56' could not be found.
WARNING: [BD 41-2576] File 'c:/Users/zero6575/Vivado/fpga_labor/fpga_labor/fpga_labor.gen/sources_1/bd/cpu_system/ip/cpu_system_smartconnect_0_0/bd_0/ip/ip_25/bd_7c56_sbn_0.xci' referenced by design 'bd_7c56' could not be found.
WARNING: [BD 41-2576] File 'c:/Users/zero6575/Vivado/fpga_labor/fpga_labor/fpga_labor.gen/sources_1/bd/cpu_system/ip/cpu_system_smartconnect_0_0/bd_0/ip/ip_26/bd_7c56_m00s2a_0.xci' referenced by design 'bd_7c56' could not be found.
WARNING: [BD 41-2576] File 'c:/Users/zero6575/Vivado/fpga_labor/fpga_labor/fpga_labor.gen/sources_1/bd/cpu_system/ip/cpu_system_smartconnect_0_0/bd_0/ip/ip_27/bd_7c56_m00arn_0.xci' referenced by design 'bd_7c56' could not be found.
WARNING: [BD 41-2576] File 'c:/Users/zero6575/Vivado/fpga_labor/fpga_labor/fpga_labor.gen/sources_1/bd/cpu_system/ip/cpu_system_smartconnect_0_0/bd_0/ip/ip_28/bd_7c56_m00rn_0.xci' referenced by design 'bd_7c56' could not be found.
WARNING: [BD 41-2576] File 'c:/Users/zero6575/Vivado/fpga_labor/fpga_labor/fpga_labor.gen/sources_1/bd/cpu_system/ip/cpu_system_smartconnect_0_0/bd_0/ip/ip_29/bd_7c56_m00awn_0.xci' referenced by design 'bd_7c56' could not be found.
WARNING: [BD 41-2576] File 'c:/Users/zero6575/Vivado/fpga_labor/fpga_labor/fpga_labor.gen/sources_1/bd/cpu_system/ip/cpu_system_smartconnect_0_0/bd_0/ip/ip_30/bd_7c56_m00wn_0.xci' referenced by design 'bd_7c56' could not be found.
WARNING: [BD 41-2576] File 'c:/Users/zero6575/Vivado/fpga_labor/fpga_labor/fpga_labor.gen/sources_1/bd/cpu_system/ip/cpu_system_smartconnect_0_0/bd_0/ip/ip_31/bd_7c56_m00bn_0.xci' referenced by design 'bd_7c56' could not be found.
WARNING: [BD 41-2576] File 'c:/Users/zero6575/Vivado/fpga_labor/fpga_labor/fpga_labor.gen/sources_1/bd/cpu_system/ip/cpu_system_smartconnect_0_0/bd_0/ip/ip_32/bd_7c56_m00e_0.xci' referenced by design 'bd_7c56' could not be found.
WARNING: [BD 41-2576] File 'c:/Users/zero6575/Vivado/fpga_labor/fpga_labor/fpga_labor.gen/sources_1/bd/cpu_system/ip/cpu_system_smartconnect_0_0/bd_0/ip/ip_33/bd_7c56_m01s2a_0.xci' referenced by design 'bd_7c56' could not be found.
WARNING: [BD 41-2576] File 'c:/Users/zero6575/Vivado/fpga_labor/fpga_labor/fpga_labor.gen/sources_1/bd/cpu_system/ip/cpu_system_smartconnect_0_0/bd_0/ip/ip_34/bd_7c56_m01arn_0.xci' referenced by design 'bd_7c56' could not be found.
WARNING: [BD 41-2576] File 'c:/Users/zero6575/Vivado/fpga_labor/fpga_labor/fpga_labor.gen/sources_1/bd/cpu_system/ip/cpu_system_smartconnect_0_0/bd_0/ip/ip_35/bd_7c56_m01rn_0.xci' referenced by design 'bd_7c56' could not be found.
WARNING: [BD 41-2576] File 'c:/Users/zero6575/Vivado/fpga_labor/fpga_labor/fpga_labor.gen/sources_1/bd/cpu_system/ip/cpu_system_smartconnect_0_0/bd_0/ip/ip_36/bd_7c56_m01awn_0.xci' referenced by design 'bd_7c56' could not be found.
WARNING: [BD 41-2576] File 'c:/Users/zero6575/Vivado/fpga_labor/fpga_labor/fpga_labor.gen/sources_1/bd/cpu_system/ip/cpu_system_smartconnect_0_0/bd_0/ip/ip_37/bd_7c56_m01wn_0.xci' referenced by design 'bd_7c56' could not be found.
WARNING: [BD 41-2576] File 'c:/Users/zero6575/Vivado/fpga_labor/fpga_labor/fpga_labor.gen/sources_1/bd/cpu_system/ip/cpu_system_smartconnect_0_0/bd_0/ip/ip_38/bd_7c56_m01bn_0.xci' referenced by design 'bd_7c56' could not be found.
WARNING: [BD 41-2576] File 'c:/Users/zero6575/Vivado/fpga_labor/fpga_labor/fpga_labor.gen/sources_1/bd/cpu_system/ip/cpu_system_smartconnect_0_0/bd_0/ip/ip_39/bd_7c56_m01e_0.xci' referenced by design 'bd_7c56' could not be found.
open_project: Time (s): cpu = 00:00:07 ; elapsed = 00:00:07 . Memory (MB): peak = 1874.039 ; gain = 333.820
update_compile_order -fileset sources_1
WARNING: [filemgmt 56-199] Attempt to get parsing info during refresh. "On-the-fly" syntax checking information may be incorrect. [C:\Users\zero6575\Vivado\fpga_labor\fpga_labor\fpga_labor.gen\sources_1\bd\cpu_system\hdl\cpu_system_wrapper.v:]
WARNING: [filemgmt 56-199] Attempt to get parsing info during refresh. "On-the-fly" syntax checking information may be incorrect. [C:\Users\zero6575\Vivado\fpga_labor\fpga_labor\fpga_labor.srcs\sources_1\new\audio_interface.v:]
WARNING: [filemgmt 56-199] Attempt to get parsing info during refresh. "On-the-fly" syntax checking information may be incorrect. [C:\Users\zero6575\Vivado\fpga_labor\fpga_labor\fpga_labor.srcs\sources_1\new\audio_interface.v:]
WARNING: [filemgmt 56-199] Attempt to get parsing info during refresh. "On-the-fly" syntax checking information may be incorrect. [C:\Users\zero6575\Vivado\fpga_labor\fpga_labor\fpga_labor.srcs\sources_1\new\audio_interface.v:]
exit
INFO: [Common 17-206] Exiting Vivado at Sat Feb 28 14:30:45 2026...
