
*** Running vivado
    with args -log cpu_system_wrapper.vdi -applog -m64 -product Vivado -messageDb vivado.pb -mode batch -source cpu_system_wrapper.tcl -notrace


****** Vivado v2025.2 (64-bit)
  **** SW Build 6299465 on Fri Nov 14 12:34:56 MST 2025
  **** IP Build 6300035 on Fri Nov 14 10:48:45 MST 2025
  **** SharedData Build 6298862 on Thu Nov 13 04:50:51 MST 2025
  **** Start of session at: Tue Feb 24 10:48:52 2026
    ** Copyright 1986-2022 Xilinx, Inc. All Rights Reserved.
    ** Copyright 2022-2025 Advanced Micro Devices, Inc. All Rights Reserved.

source cpu_system_wrapper.tcl -notrace
INFO: [IP_Flow 19-234] Refreshing IP repositories
INFO: [IP_Flow 19-1704] No user IP repositories specified
INFO: [IP_Flow 19-2313] Loaded Vivado IP repository '/xilinx/2025.2/data/ip'.
add_files: Time (s): cpu = 00:00:07 ; elapsed = 00:00:08 . Memory (MB): peak = 1668.270 ; gain = 92.984 ; free physical = 2496 ; free virtual = 22502
Command: link_design -top cpu_system_wrapper -part xck26-sfvc784-2LV-c
Design is defaulting to srcset: sources_1
Design is defaulting to constrset: constrs_1
INFO: [Device 21-403] Loading part xck26-sfvc784-2LV-c
INFO: [Project 1-5699] Read binary netlist with skipMacroContent - 1
INFO: [Project 1-454] Reading design checkpoint '/mnt/work/fpga_labor/fpga_labor/fpga_labor.gen/sources_1/bd/cpu_system/ip/cpu_system_axi_dma_0_0/cpu_system_axi_dma_0_0.dcp' for cell 'cpu_system_i/axi_dma_0'
INFO: [Project 1-454] Reading design checkpoint '/mnt/work/fpga_labor/fpga_labor/fpga_labor.gen/sources_1/bd/cpu_system/ip/cpu_system_axi_gpio_0_0/cpu_system_axi_gpio_0_0.dcp' for cell 'cpu_system_i/axi_gpio_0'
INFO: [Project 1-454] Reading design checkpoint '/mnt/work/fpga_labor/fpga_labor/fpga_labor.gen/sources_1/bd/cpu_system/ip/cpu_system_fifo_generator_0_0/cpu_system_fifo_generator_0_0.dcp' for cell 'cpu_system_i/fifo_generator_0'
INFO: [Project 1-454] Reading design checkpoint '/mnt/work/fpga_labor/fpga_labor/fpga_labor.gen/sources_1/bd/cpu_system/ip/cpu_system_proc_sys_reset_0_0/cpu_system_proc_sys_reset_0_0.dcp' for cell 'cpu_system_i/proc_sys_reset_0'
INFO: [Project 1-454] Reading design checkpoint '/mnt/work/fpga_labor/fpga_labor/fpga_labor.gen/sources_1/bd/cpu_system/ip/cpu_system_smartconnect_0_0/cpu_system_smartconnect_0_0.dcp' for cell 'cpu_system_i/smartconnect_0'
INFO: [Project 1-454] Reading design checkpoint '/mnt/work/fpga_labor/fpga_labor/fpga_labor.gen/sources_1/bd/cpu_system/ip/cpu_system_smartconnect_1_0/cpu_system_smartconnect_1_0.dcp' for cell 'cpu_system_i/smartconnect_1'
INFO: [Project 1-454] Reading design checkpoint '/mnt/work/fpga_labor/fpga_labor/fpga_labor.gen/sources_1/bd/cpu_system/ip/cpu_system_system_ila_0_0/cpu_system_system_ila_0_0.dcp' for cell 'cpu_system_i/system_ila_0'
INFO: [Project 1-454] Reading design checkpoint '/mnt/work/fpga_labor/fpga_labor/fpga_labor.gen/sources_1/bd/cpu_system/ip/cpu_system_zynq_ultra_ps_e_0_0/cpu_system_zynq_ultra_ps_e_0_0.dcp' for cell 'cpu_system_i/zynq_ultra_ps_e_0'
Netlist sorting complete. Time (s): cpu = 00:00:00.51 ; elapsed = 00:00:00.51 . Memory (MB): peak = 2712.809 ; gain = 0.000 ; free physical = 1542 ; free virtual = 21548
INFO: [Netlist 29-17] Analyzing 3592 Unisim elements for replacement
INFO: [Netlist 29-28] Unisim Transformation completed in 0 CPU seconds
INFO: [Project 1-479] Netlist was created with Vivado 2025.2
INFO: [Project 1-570] Preparing netlist for logic optimization
INFO: [Chipscope 16-324] Core: cpu_system_i/system_ila_0/inst/ila_lib UUID: 233074c3-fd83-5e0e-934e-b5bafe94c41b 
Parsing XDC File [/mnt/work/fpga_labor/fpga_labor/fpga_labor.gen/sources_1/bd/cpu_system/ip/cpu_system_zynq_ultra_ps_e_0_0/cpu_system_zynq_ultra_ps_e_0_0.xdc] for cell 'cpu_system_i/zynq_ultra_ps_e_0/inst'
create_clock: Time (s): cpu = 00:00:05 ; elapsed = 00:00:05 . Memory (MB): peak = 2712.809 ; gain = 0.000 ; free physical = 1461 ; free virtual = 21463
Finished Parsing XDC File [/mnt/work/fpga_labor/fpga_labor/fpga_labor.gen/sources_1/bd/cpu_system/ip/cpu_system_zynq_ultra_ps_e_0_0/cpu_system_zynq_ultra_ps_e_0_0.xdc] for cell 'cpu_system_i/zynq_ultra_ps_e_0/inst'
Parsing XDC File [/mnt/work/fpga_labor/fpga_labor/fpga_labor.gen/sources_1/bd/cpu_system/ip/cpu_system_proc_sys_reset_0_0/cpu_system_proc_sys_reset_0_0_board.xdc] for cell 'cpu_system_i/proc_sys_reset_0/U0'
Finished Parsing XDC File [/mnt/work/fpga_labor/fpga_labor/fpga_labor.gen/sources_1/bd/cpu_system/ip/cpu_system_proc_sys_reset_0_0/cpu_system_proc_sys_reset_0_0_board.xdc] for cell 'cpu_system_i/proc_sys_reset_0/U0'
Parsing XDC File [/mnt/work/fpga_labor/fpga_labor/fpga_labor.gen/sources_1/bd/cpu_system/ip/cpu_system_smartconnect_0_0/bd_0/ip/ip_1/bd_7c56_psr_aclk_0_board.xdc] for cell 'cpu_system_i/smartconnect_0/inst/clk_map/psr_aclk/U0'
Finished Parsing XDC File [/mnt/work/fpga_labor/fpga_labor/fpga_labor.gen/sources_1/bd/cpu_system/ip/cpu_system_smartconnect_0_0/bd_0/ip/ip_1/bd_7c56_psr_aclk_0_board.xdc] for cell 'cpu_system_i/smartconnect_0/inst/clk_map/psr_aclk/U0'
Parsing XDC File [/mnt/work/fpga_labor/fpga_labor/fpga_labor.gen/sources_1/bd/cpu_system/ip/cpu_system_smartconnect_0_0/smartconnect.xdc] for cell 'cpu_system_i/smartconnect_0/inst'
Finished Parsing XDC File [/mnt/work/fpga_labor/fpga_labor/fpga_labor.gen/sources_1/bd/cpu_system/ip/cpu_system_smartconnect_0_0/smartconnect.xdc] for cell 'cpu_system_i/smartconnect_0/inst'
Parsing XDC File [/mnt/work/fpga_labor/fpga_labor/fpga_labor.gen/sources_1/bd/cpu_system/ip/cpu_system_axi_gpio_0_0/cpu_system_axi_gpio_0_0_board.xdc] for cell 'cpu_system_i/axi_gpio_0/U0'
Finished Parsing XDC File [/mnt/work/fpga_labor/fpga_labor/fpga_labor.gen/sources_1/bd/cpu_system/ip/cpu_system_axi_gpio_0_0/cpu_system_axi_gpio_0_0_board.xdc] for cell 'cpu_system_i/axi_gpio_0/U0'
Parsing XDC File [/mnt/work/fpga_labor/fpga_labor/fpga_labor.gen/sources_1/bd/cpu_system/ip/cpu_system_system_ila_0_0/bd_0/ip/ip_0/ila_v6_2/constraints/ila_impl.xdc] for cell 'cpu_system_i/system_ila_0/inst/ila_lib/inst'
WARNING: [Vivado_Tcl 4-921] Waiver ID 'CDC-10' -to list should not be empty. [/mnt/work/fpga_labor/fpga_labor/fpga_labor.gen/sources_1/bd/cpu_system/ip/cpu_system_system_ila_0_0/bd_0/ip/ip_0/ila_v6_2/constraints/ila_impl.xdc:40]
Finished Parsing XDC File [/mnt/work/fpga_labor/fpga_labor/fpga_labor.gen/sources_1/bd/cpu_system/ip/cpu_system_system_ila_0_0/bd_0/ip/ip_0/ila_v6_2/constraints/ila_impl.xdc] for cell 'cpu_system_i/system_ila_0/inst/ila_lib/inst'
Parsing XDC File [/mnt/work/fpga_labor/fpga_labor/fpga_labor.gen/sources_1/bd/cpu_system/ip/cpu_system_system_ila_0_0/bd_0/ip/ip_0/ila_v6_2/constraints/ila.xdc] for cell 'cpu_system_i/system_ila_0/inst/ila_lib/inst'
WARNING: [Vivado_Tcl 4-921] Waiver ID 'CDC-10' -to list should not be empty. [/mnt/work/fpga_labor/fpga_labor/fpga_labor.gen/sources_1/bd/cpu_system/ip/cpu_system_system_ila_0_0/bd_0/ip/ip_0/ila_v6_2/constraints/ila.xdc:130]
Finished Parsing XDC File [/mnt/work/fpga_labor/fpga_labor/fpga_labor.gen/sources_1/bd/cpu_system/ip/cpu_system_system_ila_0_0/bd_0/ip/ip_0/ila_v6_2/constraints/ila.xdc] for cell 'cpu_system_i/system_ila_0/inst/ila_lib/inst'
Parsing XDC File [/mnt/work/fpga_labor/fpga_labor/fpga_labor.gen/sources_1/bd/cpu_system/ip/cpu_system_smartconnect_1_0/bd_0/ip/ip_1/bd_bc07_psr_aclk_0_board.xdc] for cell 'cpu_system_i/smartconnect_1/inst/clk_map/psr_aclk/U0'
Finished Parsing XDC File [/mnt/work/fpga_labor/fpga_labor/fpga_labor.gen/sources_1/bd/cpu_system/ip/cpu_system_smartconnect_1_0/bd_0/ip/ip_1/bd_bc07_psr_aclk_0_board.xdc] for cell 'cpu_system_i/smartconnect_1/inst/clk_map/psr_aclk/U0'
Parsing XDC File [/mnt/work/fpga_labor/fpga_labor/fpga_labor.gen/sources_1/bd/cpu_system/ip/cpu_system_smartconnect_1_0/smartconnect.xdc] for cell 'cpu_system_i/smartconnect_1/inst'
Finished Parsing XDC File [/mnt/work/fpga_labor/fpga_labor/fpga_labor.gen/sources_1/bd/cpu_system/ip/cpu_system_smartconnect_1_0/smartconnect.xdc] for cell 'cpu_system_i/smartconnect_1/inst'
Parsing XDC File [/mnt/work/fpga_labor/fpga_labor/fpga_labor.gen/sources_1/bd/cpu_system/ip/cpu_system_axi_dma_0_0/cpu_system_axi_dma_0_0.xdc] for cell 'cpu_system_i/axi_dma_0/U0'
Finished Parsing XDC File [/mnt/work/fpga_labor/fpga_labor/fpga_labor.gen/sources_1/bd/cpu_system/ip/cpu_system_axi_dma_0_0/cpu_system_axi_dma_0_0.xdc] for cell 'cpu_system_i/axi_dma_0/U0'
Parsing XDC File [/mnt/work/fpga_labor/fpga_labor/fpga_labor.gen/sources_1/bd/cpu_system/ip/cpu_system_fifo_generator_0_0/cpu_system_fifo_generator_0_0.xdc] for cell 'cpu_system_i/fifo_generator_0/U0'
Finished Parsing XDC File [/mnt/work/fpga_labor/fpga_labor/fpga_labor.gen/sources_1/bd/cpu_system/ip/cpu_system_fifo_generator_0_0/cpu_system_fifo_generator_0_0.xdc] for cell 'cpu_system_i/fifo_generator_0/U0'
Parsing XDC File [/mnt/work/fpga_labor/fpga_labor/fpga_labor.srcs/constrs_1/new/pinout.xdc]
Finished Parsing XDC File [/mnt/work/fpga_labor/fpga_labor/fpga_labor.srcs/constrs_1/new/pinout.xdc]
Parsing XDC File [/mnt/work/fpga_labor/fpga_labor/fpga_labor.gen/sources_1/bd/cpu_system/ip/cpu_system_axi_dma_0_0/cpu_system_axi_dma_0_0_clocks.xdc] for cell 'cpu_system_i/axi_dma_0/U0'
Finished Parsing XDC File [/mnt/work/fpga_labor/fpga_labor/fpga_labor.gen/sources_1/bd/cpu_system/ip/cpu_system_axi_dma_0_0/cpu_system_axi_dma_0_0_clocks.xdc] for cell 'cpu_system_i/axi_dma_0/U0'
INFO: [Project 1-1714] 99 XPM XDC files have been applied to the design.
INFO: [Opt 31-138] Pushed 0 inverter(s) to 0 load pin(s).
INFO: [Project 1-1687] 2 scoped IP constraints or related sub-commands were skipped due to synthesis logic optimizations usually triggered by constant connectivity or unconnected output pins. To review the skipped constraints and messages, run the command 'set_param netlist.IPMsgFiltering false' before opening the design.
Netlist sorting complete. Time (s): cpu = 00:00:00.01 ; elapsed = 00:00:00.02 . Memory (MB): peak = 3556.320 ; gain = 0.000 ; free physical = 791 ; free virtual = 20803
INFO: [Project 1-111] Unisim Transformation Summary:
  A total of 2638 instances were transformed.
  CFGLUT5 => CFGLUT5 (SRL16E, SRLC32E): 2544 instances
  IBUF => IBUF (IBUFCTRL, INBUF): 4 instances
  RAM16X1D => RAM32X1D (RAMD32(x2)): 1 instance 
  RAM32M => RAM32M (RAMD32(x6), RAMS32(x2)): 3 instances
  RAM32M16 => RAM32M16 (RAMD32(x14), RAMS32(x2)): 66 instances
  RAM32X1D => RAM32X1D (RAMD32(x2)): 4 instances
  RAM64M => RAM64M (RAMD64E(x4)): 4 instances
  RAM64M8 => RAM64M8 (RAMD64E(x8)): 12 instances

22 Infos, 2 Warnings, 0 Critical Warnings and 0 Errors encountered.
link_design completed successfully
link_design: Time (s): cpu = 00:01:01 ; elapsed = 00:01:00 . Memory (MB): peak = 3556.355 ; gain = 1888.086 ; free physical = 791 ; free virtual = 20803
Command: opt_design
Attempting to get a license for feature 'Implementation' and/or device 'xck26'
INFO: [Common 17-349] Got license for feature 'Implementation' and/or device 'xck26'
Running DRC as a precondition to command opt_design

Starting DRC Task
INFO: [DRC 23-27] Running DRC with 8 threads
INFO: [Project 1-461] DRC finished with 0 Errors
INFO: [Project 1-462] Please refer to the DRC report (report_drc) for more information.

Time (s): cpu = 00:00:02 ; elapsed = 00:00:00.65 . Memory (MB): peak = 3556.355 ; gain = 0.000 ; free physical = 768 ; free virtual = 20781

Starting Cache Timing Information Task
INFO: [Timing 38-35] Done setting XDC timing constraints.
Ending Cache Timing Information Task | Checksum: 189f41ac1

Time (s): cpu = 00:00:02 ; elapsed = 00:00:01 . Memory (MB): peak = 3556.355 ; gain = 0.000 ; free physical = 762 ; free virtual = 20769

Starting Logic Optimization Task

Phase 1 Initialization

Phase 1.1 Core Generation And Design Setup

Phase 1.1.1 Generate And Synthesize Debug Cores
INFO: [Chipscope 16-329] Generating Script for core instance : dbg_hub 
INFO: [IP_Flow 19-3806] Processing IP xilinx.com:ip:xsdbm:3.0 for cell dbg_hub_CV.
INFO: [Chipscope 16-469] Using cached IP synthesis design for IP xilinx.com:ip:xsdbm:3.0, cache-ID = 762c868def4a2b62.
Done building netlist checker database: Time (s): cpu = 00:00:00.02 ; elapsed = 00:00:00.02 . Memory (MB): peak = 3935.977 ; gain = 0.000 ; free physical = 691 ; free virtual = 20514
Netlist sorting complete. Time (s): cpu = 00:00:00.04 ; elapsed = 00:00:00.03 . Memory (MB): peak = 3935.977 ; gain = 0.000 ; free physical = 731 ; free virtual = 20557
Phase 1.1.1 Generate And Synthesize Debug Cores | Checksum: 2c7122f20

Time (s): cpu = 00:00:35 ; elapsed = 00:00:28 . Memory (MB): peak = 3935.977 ; gain = 19.844 ; free physical = 731 ; free virtual = 20557
Phase 1.1 Core Generation And Design Setup | Checksum: 2c7122f20

Time (s): cpu = 00:00:35 ; elapsed = 00:00:28 . Memory (MB): peak = 3935.977 ; gain = 19.844 ; free physical = 731 ; free virtual = 20557

Phase 1.2 Setup Constraints And Sort Netlist
Phase 1.2 Setup Constraints And Sort Netlist | Checksum: 2c7122f20

Time (s): cpu = 00:00:35 ; elapsed = 00:00:28 . Memory (MB): peak = 3935.977 ; gain = 19.844 ; free physical = 731 ; free virtual = 20557
Phase 1 Initialization | Checksum: 2c7122f20

Time (s): cpu = 00:00:35 ; elapsed = 00:00:28 . Memory (MB): peak = 3935.977 ; gain = 19.844 ; free physical = 731 ; free virtual = 20557

Phase 2 Timer Update And Timing Data Collection

Phase 2.1 Detect if minReqCache needed
Phase 2.1 Detect if minReqCache needed | Checksum: 2c7122f20

Time (s): cpu = 00:00:36 ; elapsed = 00:00:28 . Memory (MB): peak = 3935.977 ; gain = 19.844 ; free physical = 708 ; free virtual = 20534

Phase 2.2 Timer Update
Phase 2.2 Timer Update | Checksum: 2c7122f20

Time (s): cpu = 00:00:37 ; elapsed = 00:00:29 . Memory (MB): peak = 3935.977 ; gain = 19.844 ; free physical = 707 ; free virtual = 20533

Phase 2.3 Timing Data Collection
Phase 2.3 Timing Data Collection | Checksum: 2c7122f20

Time (s): cpu = 00:00:37 ; elapsed = 00:00:29 . Memory (MB): peak = 3935.977 ; gain = 19.844 ; free physical = 707 ; free virtual = 20533
Phase 2 Timer Update And Timing Data Collection | Checksum: 2c7122f20

Time (s): cpu = 00:00:37 ; elapsed = 00:00:29 . Memory (MB): peak = 3935.977 ; gain = 19.844 ; free physical = 707 ; free virtual = 20533

Phase 3 Retarget
INFO: [Opt 31-1851] Number of loadless carry chains removed were: 0
INFO: [Opt 31-1834] Total Chains To Be Transformed Were: 0 AND Number of Transformed insts Created are: 0
INFO: [Opt 31-1566] Pulled 3 inverters resulting in an inversion of 44 pins
INFO: [Opt 31-138] Pushed 114 inverter(s) to 1078 load pin(s).
INFO: [Opt 31-422] The CLOCK_DOMAINS attribute on the BRAM cell cpu_system_i/system_ila_0/inst/ila_lib/inst/ila_core_inst/ila_trace_memory_inst/SUBCORE_RAM_BLK_MEM_1.trace_block_memory/inst_blk_mem_gen/gnbram.gnativebmg.native_blk_mem_gen/valid.cstr/ramloop[0].ram.r/prim_noinit.ram/DEVICE_8SERIES.NO_BMM_INFO.SDP.SIMPLE_PRIM18.ram has been changed from INDEPENDENT to COMMON to match the clocking topology used for the BRAM.
INFO: [Opt 31-422] The CLOCK_DOMAINS attribute on the BRAM cell cpu_system_i/system_ila_0/inst/ila_lib/inst/ila_core_inst/ila_trace_memory_inst/SUBCORE_RAM_BLK_MEM_1.trace_block_memory/inst_blk_mem_gen/gnbram.gnativebmg.native_blk_mem_gen/valid.cstr/ramloop[10].ram.r/prim_noinit.ram/DEVICE_8SERIES.NO_BMM_INFO.SDP.SIMPLE_PRIM36.ram has been changed from INDEPENDENT to COMMON to match the clocking topology used for the BRAM.
INFO: [Opt 31-422] The CLOCK_DOMAINS attribute on the BRAM cell cpu_system_i/system_ila_0/inst/ila_lib/inst/ila_core_inst/ila_trace_memory_inst/SUBCORE_RAM_BLK_MEM_1.trace_block_memory/inst_blk_mem_gen/gnbram.gnativebmg.native_blk_mem_gen/valid.cstr/ramloop[11].ram.r/prim_noinit.ram/DEVICE_8SERIES.NO_BMM_INFO.SDP.SIMPLE_PRIM36.ram has been changed from INDEPENDENT to COMMON to match the clocking topology used for the BRAM.
INFO: [Opt 31-422] The CLOCK_DOMAINS attribute on the BRAM cell cpu_system_i/system_ila_0/inst/ila_lib/inst/ila_core_inst/ila_trace_memory_inst/SUBCORE_RAM_BLK_MEM_1.trace_block_memory/inst_blk_mem_gen/gnbram.gnativebmg.native_blk_mem_gen/valid.cstr/ramloop[12].ram.r/prim_noinit.ram/DEVICE_8SERIES.NO_BMM_INFO.SDP.SIMPLE_PRIM36.ram has been changed from INDEPENDENT to COMMON to match the clocking topology used for the BRAM.
INFO: [Opt 31-422] The CLOCK_DOMAINS attribute on the BRAM cell cpu_system_i/system_ila_0/inst/ila_lib/inst/ila_core_inst/ila_trace_memory_inst/SUBCORE_RAM_BLK_MEM_1.trace_block_memory/inst_blk_mem_gen/gnbram.gnativebmg.native_blk_mem_gen/valid.cstr/ramloop[13].ram.r/prim_noinit.ram/DEVICE_8SERIES.NO_BMM_INFO.SDP.SIMPLE_PRIM36.ram has been changed from INDEPENDENT to COMMON to match the clocking topology used for the BRAM.
INFO: [Opt 31-422] The CLOCK_DOMAINS attribute on the BRAM cell cpu_system_i/system_ila_0/inst/ila_lib/inst/ila_core_inst/ila_trace_memory_inst/SUBCORE_RAM_BLK_MEM_1.trace_block_memory/inst_blk_mem_gen/gnbram.gnativebmg.native_blk_mem_gen/valid.cstr/ramloop[14].ram.r/prim_noinit.ram/DEVICE_8SERIES.NO_BMM_INFO.SDP.SIMPLE_PRIM36.ram has been changed from INDEPENDENT to COMMON to match the clocking topology used for the BRAM.
INFO: [Opt 31-422] The CLOCK_DOMAINS attribute on the BRAM cell cpu_system_i/system_ila_0/inst/ila_lib/inst/ila_core_inst/ila_trace_memory_inst/SUBCORE_RAM_BLK_MEM_1.trace_block_memory/inst_blk_mem_gen/gnbram.gnativebmg.native_blk_mem_gen/valid.cstr/ramloop[15].ram.r/prim_noinit.ram/DEVICE_8SERIES.NO_BMM_INFO.SDP.SIMPLE_PRIM36.ram has been changed from INDEPENDENT to COMMON to match the clocking topology used for the BRAM.
INFO: [Opt 31-422] The CLOCK_DOMAINS attribute on the BRAM cell cpu_system_i/system_ila_0/inst/ila_lib/inst/ila_core_inst/ila_trace_memory_inst/SUBCORE_RAM_BLK_MEM_1.trace_block_memory/inst_blk_mem_gen/gnbram.gnativebmg.native_blk_mem_gen/valid.cstr/ramloop[16].ram.r/prim_noinit.ram/DEVICE_8SERIES.NO_BMM_INFO.SDP.SIMPLE_PRIM36.ram has been changed from INDEPENDENT to COMMON to match the clocking topology used for the BRAM.
INFO: [Opt 31-422] The CLOCK_DOMAINS attribute on the BRAM cell cpu_system_i/system_ila_0/inst/ila_lib/inst/ila_core_inst/ila_trace_memory_inst/SUBCORE_RAM_BLK_MEM_1.trace_block_memory/inst_blk_mem_gen/gnbram.gnativebmg.native_blk_mem_gen/valid.cstr/ramloop[17].ram.r/prim_noinit.ram/DEVICE_8SERIES.NO_BMM_INFO.SDP.SIMPLE_PRIM36.ram has been changed from INDEPENDENT to COMMON to match the clocking topology used for the BRAM.
INFO: [Opt 31-422] The CLOCK_DOMAINS attribute on the BRAM cell cpu_system_i/system_ila_0/inst/ila_lib/inst/ila_core_inst/ila_trace_memory_inst/SUBCORE_RAM_BLK_MEM_1.trace_block_memory/inst_blk_mem_gen/gnbram.gnativebmg.native_blk_mem_gen/valid.cstr/ramloop[18].ram.r/prim_noinit.ram/DEVICE_8SERIES.NO_BMM_INFO.SDP.SIMPLE_PRIM36.ram has been changed from INDEPENDENT to COMMON to match the clocking topology used for the BRAM.
INFO: [Opt 31-422] The CLOCK_DOMAINS attribute on the BRAM cell cpu_system_i/system_ila_0/inst/ila_lib/inst/ila_core_inst/ila_trace_memory_inst/SUBCORE_RAM_BLK_MEM_1.trace_block_memory/inst_blk_mem_gen/gnbram.gnativebmg.native_blk_mem_gen/valid.cstr/ramloop[19].ram.r/prim_noinit.ram/DEVICE_8SERIES.NO_BMM_INFO.SDP.SIMPLE_PRIM36.ram has been changed from INDEPENDENT to COMMON to match the clocking topology used for the BRAM.
INFO: [Opt 31-422] The CLOCK_DOMAINS attribute on the BRAM cell cpu_system_i/system_ila_0/inst/ila_lib/inst/ila_core_inst/ila_trace_memory_inst/SUBCORE_RAM_BLK_MEM_1.trace_block_memory/inst_blk_mem_gen/gnbram.gnativebmg.native_blk_mem_gen/valid.cstr/ramloop[1].ram.r/prim_noinit.ram/DEVICE_8SERIES.NO_BMM_INFO.SDP.SIMPLE_PRIM36.ram has been changed from INDEPENDENT to COMMON to match the clocking topology used for the BRAM.
INFO: [Opt 31-422] The CLOCK_DOMAINS attribute on the BRAM cell cpu_system_i/system_ila_0/inst/ila_lib/inst/ila_core_inst/ila_trace_memory_inst/SUBCORE_RAM_BLK_MEM_1.trace_block_memory/inst_blk_mem_gen/gnbram.gnativebmg.native_blk_mem_gen/valid.cstr/ramloop[20].ram.r/prim_noinit.ram/DEVICE_8SERIES.NO_BMM_INFO.SDP.SIMPLE_PRIM36.ram has been changed from INDEPENDENT to COMMON to match the clocking topology used for the BRAM.
INFO: [Opt 31-422] The CLOCK_DOMAINS attribute on the BRAM cell cpu_system_i/system_ila_0/inst/ila_lib/inst/ila_core_inst/ila_trace_memory_inst/SUBCORE_RAM_BLK_MEM_1.trace_block_memory/inst_blk_mem_gen/gnbram.gnativebmg.native_blk_mem_gen/valid.cstr/ramloop[21].ram.r/prim_noinit.ram/DEVICE_8SERIES.NO_BMM_INFO.SDP.SIMPLE_PRIM36.ram has been changed from INDEPENDENT to COMMON to match the clocking topology used for the BRAM.
INFO: [Opt 31-422] The CLOCK_DOMAINS attribute on the BRAM cell cpu_system_i/system_ila_0/inst/ila_lib/inst/ila_core_inst/ila_trace_memory_inst/SUBCORE_RAM_BLK_MEM_1.trace_block_memory/inst_blk_mem_gen/gnbram.gnativebmg.native_blk_mem_gen/valid.cstr/ramloop[22].ram.r/prim_noinit.ram/DEVICE_8SERIES.NO_BMM_INFO.SDP.SIMPLE_PRIM36.ram has been changed from INDEPENDENT to COMMON to match the clocking topology used for the BRAM.
INFO: [Opt 31-422] The CLOCK_DOMAINS attribute on the BRAM cell cpu_system_i/system_ila_0/inst/ila_lib/inst/ila_core_inst/ila_trace_memory_inst/SUBCORE_RAM_BLK_MEM_1.trace_block_memory/inst_blk_mem_gen/gnbram.gnativebmg.native_blk_mem_gen/valid.cstr/ramloop[23].ram.r/prim_noinit.ram/DEVICE_8SERIES.NO_BMM_INFO.SDP.SIMPLE_PRIM36.ram has been changed from INDEPENDENT to COMMON to match the clocking topology used for the BRAM.
INFO: [Opt 31-422] The CLOCK_DOMAINS attribute on the BRAM cell cpu_system_i/system_ila_0/inst/ila_lib/inst/ila_core_inst/ila_trace_memory_inst/SUBCORE_RAM_BLK_MEM_1.trace_block_memory/inst_blk_mem_gen/gnbram.gnativebmg.native_blk_mem_gen/valid.cstr/ramloop[24].ram.r/prim_noinit.ram/DEVICE_8SERIES.NO_BMM_INFO.SDP.SIMPLE_PRIM36.ram has been changed from INDEPENDENT to COMMON to match the clocking topology used for the BRAM.
INFO: [Opt 31-422] The CLOCK_DOMAINS attribute on the BRAM cell cpu_system_i/system_ila_0/inst/ila_lib/inst/ila_core_inst/ila_trace_memory_inst/SUBCORE_RAM_BLK_MEM_1.trace_block_memory/inst_blk_mem_gen/gnbram.gnativebmg.native_blk_mem_gen/valid.cstr/ramloop[25].ram.r/prim_noinit.ram/DEVICE_8SERIES.NO_BMM_INFO.SDP.SIMPLE_PRIM36.ram has been changed from INDEPENDENT to COMMON to match the clocking topology used for the BRAM.
INFO: [Opt 31-422] The CLOCK_DOMAINS attribute on the BRAM cell cpu_system_i/system_ila_0/inst/ila_lib/inst/ila_core_inst/ila_trace_memory_inst/SUBCORE_RAM_BLK_MEM_1.trace_block_memory/inst_blk_mem_gen/gnbram.gnativebmg.native_blk_mem_gen/valid.cstr/ramloop[2].ram.r/prim_noinit.ram/DEVICE_8SERIES.NO_BMM_INFO.SDP.SIMPLE_PRIM36.ram has been changed from INDEPENDENT to COMMON to match the clocking topology used for the BRAM.
INFO: [Opt 31-422] The CLOCK_DOMAINS attribute on the BRAM cell cpu_system_i/system_ila_0/inst/ila_lib/inst/ila_core_inst/ila_trace_memory_inst/SUBCORE_RAM_BLK_MEM_1.trace_block_memory/inst_blk_mem_gen/gnbram.gnativebmg.native_blk_mem_gen/valid.cstr/ramloop[3].ram.r/prim_noinit.ram/DEVICE_8SERIES.NO_BMM_INFO.SDP.SIMPLE_PRIM36.ram has been changed from INDEPENDENT to COMMON to match the clocking topology used for the BRAM.
INFO: [Opt 31-422] The CLOCK_DOMAINS attribute on the BRAM cell cpu_system_i/system_ila_0/inst/ila_lib/inst/ila_core_inst/ila_trace_memory_inst/SUBCORE_RAM_BLK_MEM_1.trace_block_memory/inst_blk_mem_gen/gnbram.gnativebmg.native_blk_mem_gen/valid.cstr/ramloop[4].ram.r/prim_noinit.ram/DEVICE_8SERIES.NO_BMM_INFO.SDP.SIMPLE_PRIM36.ram has been changed from INDEPENDENT to COMMON to match the clocking topology used for the BRAM.
INFO: [Opt 31-422] The CLOCK_DOMAINS attribute on the BRAM cell cpu_system_i/system_ila_0/inst/ila_lib/inst/ila_core_inst/ila_trace_memory_inst/SUBCORE_RAM_BLK_MEM_1.trace_block_memory/inst_blk_mem_gen/gnbram.gnativebmg.native_blk_mem_gen/valid.cstr/ramloop[5].ram.r/prim_noinit.ram/DEVICE_8SERIES.NO_BMM_INFO.SDP.SIMPLE_PRIM36.ram has been changed from INDEPENDENT to COMMON to match the clocking topology used for the BRAM.
INFO: [Opt 31-422] The CLOCK_DOMAINS attribute on the BRAM cell cpu_system_i/system_ila_0/inst/ila_lib/inst/ila_core_inst/ila_trace_memory_inst/SUBCORE_RAM_BLK_MEM_1.trace_block_memory/inst_blk_mem_gen/gnbram.gnativebmg.native_blk_mem_gen/valid.cstr/ramloop[6].ram.r/prim_noinit.ram/DEVICE_8SERIES.NO_BMM_INFO.SDP.SIMPLE_PRIM36.ram has been changed from INDEPENDENT to COMMON to match the clocking topology used for the BRAM.
INFO: [Opt 31-422] The CLOCK_DOMAINS attribute on the BRAM cell cpu_system_i/system_ila_0/inst/ila_lib/inst/ila_core_inst/ila_trace_memory_inst/SUBCORE_RAM_BLK_MEM_1.trace_block_memory/inst_blk_mem_gen/gnbram.gnativebmg.native_blk_mem_gen/valid.cstr/ramloop[7].ram.r/prim_noinit.ram/DEVICE_8SERIES.NO_BMM_INFO.SDP.SIMPLE_PRIM36.ram has been changed from INDEPENDENT to COMMON to match the clocking topology used for the BRAM.
INFO: [Opt 31-422] The CLOCK_DOMAINS attribute on the BRAM cell cpu_system_i/system_ila_0/inst/ila_lib/inst/ila_core_inst/ila_trace_memory_inst/SUBCORE_RAM_BLK_MEM_1.trace_block_memory/inst_blk_mem_gen/gnbram.gnativebmg.native_blk_mem_gen/valid.cstr/ramloop[8].ram.r/prim_noinit.ram/DEVICE_8SERIES.NO_BMM_INFO.SDP.SIMPLE_PRIM36.ram has been changed from INDEPENDENT to COMMON to match the clocking topology used for the BRAM.
INFO: [Opt 31-422] The CLOCK_DOMAINS attribute on the BRAM cell cpu_system_i/system_ila_0/inst/ila_lib/inst/ila_core_inst/ila_trace_memory_inst/SUBCORE_RAM_BLK_MEM_1.trace_block_memory/inst_blk_mem_gen/gnbram.gnativebmg.native_blk_mem_gen/valid.cstr/ramloop[9].ram.r/prim_noinit.ram/DEVICE_8SERIES.NO_BMM_INFO.SDP.SIMPLE_PRIM36.ram has been changed from INDEPENDENT to COMMON to match the clocking topology used for the BRAM.
INFO: [Opt 31-49] Retargeted 0 cell(s).
Phase 3 Retarget | Checksum: 27fe905e9

Time (s): cpu = 00:00:38 ; elapsed = 00:00:30 . Memory (MB): peak = 3935.977 ; gain = 19.844 ; free physical = 715 ; free virtual = 20541
Retarget | Checksum: 27fe905e9
INFO: [Opt 31-389] Phase Retarget created 60 cells and removed 486 cells
INFO: [Opt 31-1021] In phase Retarget, 187 netlist objects are constrained preventing optimization. Please run opt_design with -debug_log to get more detail. 

Phase 4 Constant propagation
INFO: [Opt 31-138] Pushed 0 inverter(s) to 0 load pin(s).
Phase 4 Constant propagation | Checksum: 2b923b76c

Time (s): cpu = 00:00:38 ; elapsed = 00:00:30 . Memory (MB): peak = 3935.977 ; gain = 19.844 ; free physical = 715 ; free virtual = 20541
Constant propagation | Checksum: 2b923b76c
INFO: [Opt 31-389] Phase Constant propagation created 34 cells and removed 276 cells
INFO: [Opt 31-1021] In phase Constant propagation, 167 netlist objects are constrained preventing optimization. Please run opt_design with -debug_log to get more detail. 

Phase 5 Sweep
INFO: [Constraints 18-11670] Building netlist checker database with flags, 0x8
Done building netlist checker database: Time (s): cpu = 00:00:00.04 ; elapsed = 00:00:00.04 . Memory (MB): peak = 3935.977 ; gain = 0.000 ; free physical = 715 ; free virtual = 20541
INFO: [Constraints 18-11670] Building netlist checker database with flags, 0x8
Done building netlist checker database: Time (s): cpu = 00:00:00.04 ; elapsed = 00:00:00.04 . Memory (MB): peak = 3935.977 ; gain = 0.000 ; free physical = 778 ; free virtual = 20604
Phase 5 Sweep | Checksum: 25bb83d96

Time (s): cpu = 00:00:41 ; elapsed = 00:00:33 . Memory (MB): peak = 3935.977 ; gain = 19.844 ; free physical = 778 ; free virtual = 20604
Sweep | Checksum: 25bb83d96
INFO: [Opt 31-389] Phase Sweep created 4 cells and removed 363 cells
INFO: [Opt 31-1021] In phase Sweep, 1719 netlist objects are constrained preventing optimization. Please run opt_design with -debug_log to get more detail. 

Phase 6 BUFG optimization
INFO: [Opt 31-1077] Phase BUFG optimization inserted 0 global clock buffer(s) for CLOCK_LOW_FANOUT.
Phase 6 BUFG optimization | Checksum: 25bb83d96

Time (s): cpu = 00:00:42 ; elapsed = 00:00:33 . Memory (MB): peak = 3967.992 ; gain = 51.859 ; free physical = 778 ; free virtual = 20604
BUFG optimization | Checksum: 25bb83d96
INFO: [Opt 31-662] Phase BUFG optimization created 0 cells of which 0 are BUFGs and removed 0 cells.

Phase 7 Shift Register Optimization
INFO: [Opt 31-1064] SRL Remap converted 0 SRLs to 0 registers and converted 0 registers of register chains to 0 SRLs
Phase 7 Shift Register Optimization | Checksum: 25bb83d96

Time (s): cpu = 00:00:42 ; elapsed = 00:00:34 . Memory (MB): peak = 3967.992 ; gain = 51.859 ; free physical = 778 ; free virtual = 20604
Shift Register Optimization | Checksum: 25bb83d96
INFO: [Opt 31-389] Phase Shift Register Optimization created 0 cells and removed 0 cells

Phase 8 Post Processing Netlist
Phase 8 Post Processing Netlist | Checksum: 23ecdc946

Time (s): cpu = 00:00:43 ; elapsed = 00:00:34 . Memory (MB): peak = 3967.992 ; gain = 51.859 ; free physical = 779 ; free virtual = 20600
Post Processing Netlist | Checksum: 23ecdc946
INFO: [Opt 31-389] Phase Post Processing Netlist created 0 cells and removed 0 cells
INFO: [Opt 31-1021] In phase Post Processing Netlist, 192 netlist objects are constrained preventing optimization. Please run opt_design with -debug_log to get more detail. 

Phase 9 Finalization

Phase 9.1 Finalizing Design Cores and Updating Shapes
Phase 9.1 Finalizing Design Cores and Updating Shapes | Checksum: 129af56ce

Time (s): cpu = 00:00:56 ; elapsed = 00:00:47 . Memory (MB): peak = 3967.992 ; gain = 51.859 ; free physical = 680 ; free virtual = 20501

Phase 9.2 Verifying Netlist Connectivity

Starting Connectivity Check Task

Time (s): cpu = 00:00:00.05 ; elapsed = 00:00:00.06 . Memory (MB): peak = 3967.992 ; gain = 0.000 ; free physical = 680 ; free virtual = 20501
Phase 9.2 Verifying Netlist Connectivity | Checksum: 129af56ce

Time (s): cpu = 00:00:56 ; elapsed = 00:00:47 . Memory (MB): peak = 3967.992 ; gain = 51.859 ; free physical = 680 ; free virtual = 20501
Phase 9 Finalization | Checksum: 129af56ce

Time (s): cpu = 00:00:56 ; elapsed = 00:00:47 . Memory (MB): peak = 3967.992 ; gain = 51.859 ; free physical = 680 ; free virtual = 20501
Opt_design Change Summary
=========================


-------------------------------------------------------------------------------------------------------------------------
|  Phase                        |  #Cells created  |  #Cells Removed  |  #Constrained objects preventing optimizations  |
-------------------------------------------------------------------------------------------------------------------------
|  Retarget                     |              60  |             486  |                                            187  |
|  Constant propagation         |              34  |             276  |                                            167  |
|  Sweep                        |               4  |             363  |                                           1719  |
|  BUFG optimization            |               0  |               0  |                                              0  |
|  Shift Register Optimization  |               0  |               0  |                                              0  |
|  Post Processing Netlist      |               0  |               0  |                                            192  |
-------------------------------------------------------------------------------------------------------------------------


Ending Logic Optimization Task | Checksum: 129af56ce

Time (s): cpu = 00:00:56 ; elapsed = 00:00:47 . Memory (MB): peak = 3967.992 ; gain = 51.859 ; free physical = 680 ; free virtual = 20501

Starting Power Optimization Task
INFO: [Pwropt 34-132] Skipping clock gating for clocks with a period < 2.00 ns.
INFO: [Pwropt 34-9] Applying IDT optimizations ...
INFO: [Pwropt 34-10] Applying ODC optimizations ...
INFO: [Timing 38-35] Done setting XDC timing constraints.
Running Vector-less Activity Propagation...

Finished Running Vector-less Activity Propagation


Starting PowerOpt Patch Enables Task
INFO: [Pwropt 34-162] WRITE_MODE attribute of 0 BRAM(s) out of a total of 28 has been updated to save power. Run report_power_opt to get a complete listing of the BRAMs updated.
INFO: [Pwropt 34-201] Structural ODC has moved 0 WE to EN ports
Number of BRAM Ports augmented: 27 newly gated: 0 Total Ports: 56
Ending PowerOpt Patch Enables Task | Checksum: 1b78e6d70

Time (s): cpu = 00:00:00.32 ; elapsed = 00:00:00.32 . Memory (MB): peak = 4072.012 ; gain = 0.000 ; free physical = 703 ; free virtual = 20543
Ending Power Optimization Task | Checksum: 1b78e6d70

Time (s): cpu = 00:00:14 ; elapsed = 00:00:08 . Memory (MB): peak = 4072.012 ; gain = 104.020 ; free physical = 707 ; free virtual = 20547

Starting Final Cleanup Task
Ending Final Cleanup Task | Checksum: 1b78e6d70

Time (s): cpu = 00:00:00.01 ; elapsed = 00:00:00.01 . Memory (MB): peak = 4072.012 ; gain = 0.000 ; free physical = 707 ; free virtual = 20547
Netlist sorting complete. Time (s): cpu = 00:00:00.03 ; elapsed = 00:00:00.03 . Memory (MB): peak = 4072.012 ; gain = 0.000 ; free physical = 707 ; free virtual = 20547
INFO: [Common 17-83] Releasing license: Implementation
87 Infos, 2 Warnings, 0 Critical Warnings and 0 Errors encountered.
opt_design completed successfully
opt_design: Time (s): cpu = 00:01:17 ; elapsed = 00:01:01 . Memory (MB): peak = 4072.012 ; gain = 515.656 ; free physical = 707 ; free virtual = 20547
INFO: [Vivado 12-24828] Executing command : report_drc -file cpu_system_wrapper_drc_opted.rpt -pb cpu_system_wrapper_drc_opted.pb -rpx cpu_system_wrapper_drc_opted.rpx
Command: report_drc -file cpu_system_wrapper_drc_opted.rpt -pb cpu_system_wrapper_drc_opted.pb -rpx cpu_system_wrapper_drc_opted.rpx
INFO: [IP_Flow 19-1839] IP Catalog is up to date.
INFO: [Timing 38-35] Done setting XDC timing constraints.
INFO: [DRC 23-27] Running DRC with 8 threads
INFO: [Vivado_Tcl 2-168] The results of DRC are in file /mnt/work/fpga_labor/fpga_labor/fpga_labor.runs/impl_1/cpu_system_wrapper_drc_opted.rpt.
report_drc completed successfully
report_drc: Time (s): cpu = 00:00:29 ; elapsed = 00:00:23 . Memory (MB): peak = 4513.801 ; gain = 441.789 ; free physical = 175 ; free virtual = 20064
generate_parallel_reports: Time (s): cpu = 00:00:29 ; elapsed = 00:00:23 . Memory (MB): peak = 4513.801 ; gain = 441.789 ; free physical = 175 ; free virtual = 20064
INFO: [Timing 38-480] Writing timing data to binary archive.
Wrote PlaceDB: Time (s): cpu = 00:00:00.01 ; elapsed = 00:00:00 . Memory (MB): peak = 4513.801 ; gain = 0.000 ; free physical = 174 ; free virtual = 20064
Wrote PulsedLatchDB: Time (s): cpu = 00:00:00 ; elapsed = 00:00:00 . Memory (MB): peak = 4513.801 ; gain = 0.000 ; free physical = 174 ; free virtual = 20064
Writing XDEF routing.
Writing XDEF routing logical nets.
Write ShapeDB Complete: Time (s): cpu = 00:00:00.6 ; elapsed = 00:00:00.27 . Memory (MB): peak = 4513.801 ; gain = 0.000 ; free physical = 171 ; free virtual = 20068
Writing XDEF routing special nets.
Wrote RouteStorage: Time (s): cpu = 00:00:00.73 ; elapsed = 00:00:00.33 . Memory (MB): peak = 4513.801 ; gain = 0.000 ; free physical = 171 ; free virtual = 20068
Wrote Netlist Cache: Time (s): cpu = 00:00:00 ; elapsed = 00:00:00 . Memory (MB): peak = 4513.801 ; gain = 0.000 ; free physical = 171 ; free virtual = 20068
Wrote Device Cache: Time (s): cpu = 00:00:00.06 ; elapsed = 00:00:00.03 . Memory (MB): peak = 4513.801 ; gain = 0.000 ; free physical = 167 ; free virtual = 20066
Write Physdb Complete: Time (s): cpu = 00:00:00.83 ; elapsed = 00:00:00.38 . Memory (MB): peak = 4513.801 ; gain = 0.000 ; free physical = 166 ; free virtual = 20067
INFO: [Common 17-1381] The checkpoint '/mnt/work/fpga_labor/fpga_labor/fpga_labor.runs/impl_1/cpu_system_wrapper_opt.dcp' has been generated.
INFO: [Chipscope 16-240] Debug cores have already been implemented
Command: place_design
Attempting to get a license for feature 'Implementation' and/or device 'xck26'
INFO: [Common 17-349] Got license for feature 'Implementation' and/or device 'xck26'
INFO: [Common 17-83] Releasing license: Implementation
INFO: [DRC 23-27] Running DRC with 8 threads
INFO: [Vivado_Tcl 4-198] DRC finished with 0 Errors
INFO: [Vivado_Tcl 4-199] Please refer to the DRC report (report_drc) for more information.
Running DRC as a precondition to command place_design
INFO: [DRC 23-27] Running DRC with 8 threads
INFO: [Vivado_Tcl 4-198] DRC finished with 0 Errors
INFO: [Vivado_Tcl 4-199] Please refer to the DRC report (report_drc) for more information.
INFO: [Place 30-611] Multithreading enabled for place_design using a maximum of 4 CPUs

Starting Placer Task

Phase 1 Placer Initialization

Phase 1.1 Placer Initialization Netlist Sorting
Netlist sorting complete. Time (s): cpu = 00:00:00.02 ; elapsed = 00:00:00.03 . Memory (MB): peak = 4513.836 ; gain = 0.000 ; free physical = 204 ; free virtual = 20062
Phase 1.1 Placer Initialization Netlist Sorting | Checksum: 1a8df3673

Time (s): cpu = 00:00:00.04 ; elapsed = 00:00:00.05 . Memory (MB): peak = 4513.836 ; gain = 0.000 ; free physical = 204 ; free virtual = 20062
Netlist sorting complete. Time (s): cpu = 00:00:00.01 ; elapsed = 00:00:00.02 . Memory (MB): peak = 4513.836 ; gain = 0.000 ; free physical = 204 ; free virtual = 20062

Phase 1.2 IO Placement/ Clock Placement/ Build Placer Device
Phase 1.2 IO Placement/ Clock Placement/ Build Placer Device | Checksum: 1a5b3d8a5

Time (s): cpu = 00:00:05 ; elapsed = 00:00:04 . Memory (MB): peak = 4513.836 ; gain = 0.000 ; free physical = 188 ; free virtual = 20051

Phase 1.3 Build Placer Netlist Model
Phase 1.3 Build Placer Netlist Model | Checksum: 1c4d35f19

Time (s): cpu = 00:00:19 ; elapsed = 00:00:13 . Memory (MB): peak = 4545.816 ; gain = 31.980 ; free physical = 187 ; free virtual = 20053

Phase 1.4 Constrain Clocks/Macros
Phase 1.4 Constrain Clocks/Macros | Checksum: 1c4d35f19

Time (s): cpu = 00:00:20 ; elapsed = 00:00:13 . Memory (MB): peak = 4545.816 ; gain = 31.980 ; free physical = 187 ; free virtual = 20053
Phase 1 Placer Initialization | Checksum: 1c4d35f19

Time (s): cpu = 00:00:20 ; elapsed = 00:00:13 . Memory (MB): peak = 4545.816 ; gain = 31.980 ; free physical = 187 ; free virtual = 20053

Phase 2 Global Placement

Phase 2.1 Floorplanning

Phase 2.1.1 Partition Driven Placement

Phase 2.1.1.1 PBP: Partition Driven Placement
Phase 2.1.1.1 PBP: Partition Driven Placement | Checksum: 21c56ca87

Time (s): cpu = 00:00:34 ; elapsed = 00:00:20 . Memory (MB): peak = 4545.816 ; gain = 31.980 ; free physical = 166 ; free virtual = 20009

Phase 2.1.1.2 PBP: Clock Region Placement
INFO: [Place 30-3162] Check ILP status : ILP-based clock placer completed successfully.
Phase 2.1.1.2 PBP: Clock Region Placement | Checksum: 21c56ca87

Time (s): cpu = 00:00:35 ; elapsed = 00:00:21 . Memory (MB): peak = 4545.816 ; gain = 31.980 ; free physical = 166 ; free virtual = 20010

Phase 2.1.1.3 PBP: Compute Congestion
Phase 2.1.1.3 PBP: Compute Congestion | Checksum: 21c56ca87

Time (s): cpu = 00:00:48 ; elapsed = 00:00:26 . Memory (MB): peak = 4792.805 ; gain = 278.969 ; free physical = 268 ; free virtual = 19688

Phase 2.1.1.4 PBP: UpdateTiming
Phase 2.1.1.4 PBP: UpdateTiming | Checksum: 1d8297a07

Time (s): cpu = 00:00:51 ; elapsed = 00:00:27 . Memory (MB): peak = 4824.820 ; gain = 310.984 ; free physical = 257 ; free virtual = 19677

Phase 2.1.1.5 PBP: Add part constraints
Phase 2.1.1.5 PBP: Add part constraints | Checksum: 1d8297a07

Time (s): cpu = 00:00:51 ; elapsed = 00:00:27 . Memory (MB): peak = 4824.820 ; gain = 310.984 ; free physical = 256 ; free virtual = 19676
Phase 2.1.1 Partition Driven Placement | Checksum: 1d8297a07

Time (s): cpu = 00:00:51 ; elapsed = 00:00:27 . Memory (MB): peak = 4824.820 ; gain = 310.984 ; free physical = 256 ; free virtual = 19676
Phase 2.1 Floorplanning | Checksum: 228ba54dc

Time (s): cpu = 00:00:51 ; elapsed = 00:00:27 . Memory (MB): peak = 4824.820 ; gain = 310.984 ; free physical = 255 ; free virtual = 19675

Phase 2.2 Update Timing before SLR Path Opt
Phase 2.2 Update Timing before SLR Path Opt | Checksum: 228ba54dc

Time (s): cpu = 00:00:51 ; elapsed = 00:00:27 . Memory (MB): peak = 4824.820 ; gain = 310.984 ; free physical = 255 ; free virtual = 19675

Phase 2.3 Post-Processing in Floorplanning
Phase 2.3 Post-Processing in Floorplanning | Checksum: 228ba54dc

Time (s): cpu = 00:00:51 ; elapsed = 00:00:27 . Memory (MB): peak = 4824.820 ; gain = 310.984 ; free physical = 255 ; free virtual = 19675

Phase 2.4 Global Place Phase1
Phase 2.4 Global Place Phase1 | Checksum: 242660165

Time (s): cpu = 00:01:34 ; elapsed = 00:00:51 . Memory (MB): peak = 4926.836 ; gain = 413.000 ; free physical = 307 ; free virtual = 19734

Phase 2.5 Global Place Phase2

Phase 2.5.1 UpdateTiming Before Physical Synthesis
Phase 2.5.1 UpdateTiming Before Physical Synthesis | Checksum: 2556a1086

Time (s): cpu = 00:01:43 ; elapsed = 00:00:54 . Memory (MB): peak = 4926.836 ; gain = 413.000 ; free physical = 307 ; free virtual = 19734

Phase 2.5.2 Physical Synthesis In Placer
INFO: [Physopt 32-1035] Found 0 LUTNM shape to break, 753 LUT instances to create LUTNM shape
INFO: [Physopt 32-1044] Break lutnm for timing: one critical 0, two critical 0, total 0, new lutff created 0
INFO: [Physopt 32-1138] End 1 Pass. Optimized 308 nets or LUTs. Breaked 0 LUT, combined 308 existing LUTs and moved 0 existing LUT
INFO: [Physopt 32-670] No setup violation found.  Equivalent Driver Rewiring was not performed.
INFO: [Physopt 32-65] No nets found for high-fanout optimization.
INFO: [Physopt 32-232] Optimized 0 net. Created 0 new instance.
INFO: [Physopt 32-775] End 1 Pass. Optimized 0 net or cell. Created 0 new cell, deleted 0 existing cell and moved 0 existing cell
INFO: [Physopt 32-670] No setup violation found.  DSP Register Optimization was not performed.
INFO: [Physopt 32-670] No setup violation found.  Shift Register to Pipeline Optimization was not performed.
INFO: [Physopt 32-670] No setup violation found.  Shift Register Optimization was not performed.
INFO: [Physopt 32-670] No setup violation found.  BRAM Register Optimization was not performed.
INFO: [Physopt 32-670] No setup violation found.  URAM Register Optimization was not performed.
INFO: [Physopt 32-949] No candidate nets found for dynamic/static region interface net replication
INFO: [Physopt 32-775] End 1 Pass. Optimized 0 net or cell. Created 0 new cell, deleted 0 existing cell and moved 0 existing cell
Netlist sorting complete. Time (s): cpu = 00:00:00.02 ; elapsed = 00:00:00.02 . Memory (MB): peak = 4926.836 ; gain = 0.000 ; free physical = 370 ; free virtual = 19800

Summary of Physical Synthesis Optimizations
============================================


-----------------------------------------------------------------------------------------------------------------------------------------------------------
|  Optimization                                     |  Added Cells  |  Removed Cells  |  Optimized Cells/Nets  |  Dont Touch  |  Iterations  |  Elapsed   |
-----------------------------------------------------------------------------------------------------------------------------------------------------------
|  LUT Combining                                    |            0  |            308  |                   308  |           0  |           1  |  00:00:01  |
|  Retime                                           |            0  |              0  |                     0  |           0  |           1  |  00:00:00  |
|  Equivalent Driver Rewiring                       |            0  |              0  |                     0  |           0  |           0  |  00:00:00  |
|  Very High Fanout                                 |            0  |              0  |                     0  |           0  |           1  |  00:00:00  |
|  DSP Register                                     |            0  |              0  |                     0  |           0  |           0  |  00:00:00  |
|  Shift Register to Pipeline                       |            0  |              0  |                     0  |           0  |           0  |  00:00:00  |
|  Shift Register                                   |            0  |              0  |                     0  |           0  |           0  |  00:00:00  |
|  BRAM Register                                    |            0  |              0  |                     0  |           0  |           0  |  00:00:00  |
|  URAM Register                                    |            0  |              0  |                     0  |           0  |           0  |  00:00:00  |
|  Dynamic/Static Region Interface Net Replication  |            0  |              0  |                     0  |           0  |           1  |  00:00:00  |
|  Total                                            |            0  |            308  |                   308  |           0  |           4  |  00:00:01  |
-----------------------------------------------------------------------------------------------------------------------------------------------------------


Phase 2.5.2 Physical Synthesis In Placer | Checksum: 1c198a41f

Time (s): cpu = 00:01:48 ; elapsed = 00:00:57 . Memory (MB): peak = 4926.836 ; gain = 413.000 ; free physical = 336 ; free virtual = 19753
Phase 2.5 Global Place Phase2 | Checksum: 18655ed85

Time (s): cpu = 00:02:04 ; elapsed = 00:01:02 . Memory (MB): peak = 4926.836 ; gain = 413.000 ; free physical = 322 ; free virtual = 19743
Phase 2 Global Placement | Checksum: 18655ed85

Time (s): cpu = 00:02:04 ; elapsed = 00:01:02 . Memory (MB): peak = 4926.836 ; gain = 413.000 ; free physical = 322 ; free virtual = 19743

Phase 3 Detail Placement

Phase 3.1 Commit Multi Column Macros
Phase 3.1 Commit Multi Column Macros | Checksum: 1cad5c59b

Time (s): cpu = 00:02:19 ; elapsed = 00:01:08 . Memory (MB): peak = 4926.836 ; gain = 413.000 ; free physical = 313 ; free virtual = 19744

Phase 3.2 Commit Most Macros & LUTRAMs
Phase 3.2 Commit Most Macros & LUTRAMs | Checksum: 184b4b35a

Time (s): cpu = 00:02:25 ; elapsed = 00:01:12 . Memory (MB): peak = 4926.836 ; gain = 413.000 ; free physical = 301 ; free virtual = 19727

Phase 3.3 Small Shape DP

Phase 3.3.1 Small Shape Clustering
Phase 3.3.1 Small Shape Clustering | Checksum: f6793a86

Time (s): cpu = 00:02:39 ; elapsed = 00:01:17 . Memory (MB): peak = 4926.836 ; gain = 413.000 ; free physical = 301 ; free virtual = 19730

Phase 3.3.2 Slice Area Swap

Phase 3.3.2.1 Slice Area Swap Initial
Phase 3.3.2.1 Slice Area Swap Initial | Checksum: 13bcf08bd

Time (s): cpu = 00:02:44 ; elapsed = 00:01:21 . Memory (MB): peak = 4926.836 ; gain = 413.000 ; free physical = 300 ; free virtual = 19730
Phase 3.3.2 Slice Area Swap | Checksum: 13bcf08bd

Time (s): cpu = 00:02:44 ; elapsed = 00:01:21 . Memory (MB): peak = 4926.836 ; gain = 413.000 ; free physical = 297 ; free virtual = 19727
Phase 3.3 Small Shape DP | Checksum: 29bd5a10c

Time (s): cpu = 00:02:53 ; elapsed = 00:01:25 . Memory (MB): peak = 4926.836 ; gain = 413.000 ; free physical = 293 ; free virtual = 19722

Phase 3.4 Re-assign LUT pins
Phase 3.4 Re-assign LUT pins | Checksum: 255651401

Time (s): cpu = 00:02:55 ; elapsed = 00:01:26 . Memory (MB): peak = 4926.836 ; gain = 413.000 ; free physical = 325 ; free virtual = 19753

Phase 3.5 Pipeline Register Optimization
Phase 3.5 Pipeline Register Optimization | Checksum: 1eee02d08

Time (s): cpu = 00:02:55 ; elapsed = 00:01:26 . Memory (MB): peak = 4926.836 ; gain = 413.000 ; free physical = 323 ; free virtual = 19751
Phase 3 Detail Placement | Checksum: 1eee02d08

Time (s): cpu = 00:02:55 ; elapsed = 00:01:26 . Memory (MB): peak = 4926.836 ; gain = 413.000 ; free physical = 323 ; free virtual = 19751

Phase 4 Post Placement Optimization and Clean-Up

Phase 4.1 Post Commit Optimization
INFO: [Timing 38-35] Done setting XDC timing constraints.

Phase 4.1.1 Post Placement Optimization
Post Placement Optimization Initialization | Checksum: 197e0735c

Phase 4.1.1.1 BUFG Insertion

Starting Physical Synthesis Task

Phase 1 Physical Synthesis Initialization
INFO: [Physopt 32-721] Multithreading enabled for phys_opt_design using a maximum of 4 CPUs
INFO: [Physopt 32-619] Estimated Timing Summary | WNS=5.863 | TNS=0.000 |
Phase 1 Physical Synthesis Initialization | Checksum: 26f06153

Time (s): cpu = 00:00:01 ; elapsed = 00:00:00.61 . Memory (MB): peak = 4926.836 ; gain = 0.000 ; free physical = 328 ; free virtual = 19749
INFO: [Place 46-56] BUFG insertion identified 0 candidate nets. Inserted BUFG: 0, Replicated BUFG Driver: 0, Skipped due to Placement/Routing Conflicts: 0, Skipped due to Timing Degradation: 0, Skipped due to netlist editing failed: 0.
Ending Physical Synthesis Task | Checksum: 191b6238b

Time (s): cpu = 00:00:02 ; elapsed = 00:00:00.85 . Memory (MB): peak = 4926.836 ; gain = 0.000 ; free physical = 330 ; free virtual = 19751
Phase 4.1.1.1 BUFG Insertion | Checksum: 197e0735c

Time (s): cpu = 00:03:29 ; elapsed = 00:01:41 . Memory (MB): peak = 4926.836 ; gain = 413.000 ; free physical = 330 ; free virtual = 19751

Phase 4.1.1.2 Post Placement Timing Optimization
INFO: [Place 30-746] Post Placement Timing Summary WNS=5.863. For the most accurate timing information please run report_timing.
Phase 4.1.1.2 Post Placement Timing Optimization | Checksum: 200ec8d14

Time (s): cpu = 00:03:30 ; elapsed = 00:01:41 . Memory (MB): peak = 4926.836 ; gain = 413.000 ; free physical = 331 ; free virtual = 19752

Time (s): cpu = 00:03:30 ; elapsed = 00:01:41 . Memory (MB): peak = 4926.836 ; gain = 413.000 ; free physical = 331 ; free virtual = 19752
Phase 4.1 Post Commit Optimization | Checksum: 200ec8d14

Time (s): cpu = 00:03:30 ; elapsed = 00:01:41 . Memory (MB): peak = 4926.836 ; gain = 413.000 ; free physical = 331 ; free virtual = 19752
Netlist sorting complete. Time (s): cpu = 00:00:00.02 ; elapsed = 00:00:00.02 . Memory (MB): peak = 4926.836 ; gain = 0.000 ; free physical = 255 ; free virtual = 19679

Phase 4.2 Post Placement Cleanup
Phase 4.2 Post Placement Cleanup | Checksum: 1fd230e7b

Time (s): cpu = 00:03:47 ; elapsed = 00:01:50 . Memory (MB): peak = 4926.836 ; gain = 413.000 ; free physical = 253 ; free virtual = 19675

Phase 4.3 Placer Reporting

Phase 4.3.1 Print Estimated Congestion
INFO: [Place 30-612] Post-Placement Estimated Congestion 
 ________________________________________________________________________
|           | Global Congestion | Long Congestion   | Short Congestion  |
| Direction | Region Size       | Region Size       | Region Size       |
|___________|___________________|___________________|___________________|
|      North|                1x1|                1x1|                1x1|
|___________|___________________|___________________|___________________|
|      South|                1x1|                1x1|                1x1|
|___________|___________________|___________________|___________________|
|       East|                1x1|                1x1|                2x2|
|___________|___________________|___________________|___________________|
|       West|                1x1|                1x1|                2x2|
|___________|___________________|___________________|___________________|

Phase 4.3.1 Print Estimated Congestion | Checksum: 1fd230e7b

Time (s): cpu = 00:03:47 ; elapsed = 00:01:50 . Memory (MB): peak = 4926.836 ; gain = 413.000 ; free physical = 253 ; free virtual = 19675
Phase 4.3 Placer Reporting | Checksum: 1fd230e7b

Time (s): cpu = 00:03:48 ; elapsed = 00:01:50 . Memory (MB): peak = 4926.836 ; gain = 413.000 ; free physical = 251 ; free virtual = 19673

Phase 4.4 Final Placement Cleanup
Netlist sorting complete. Time (s): cpu = 00:00:00.02 ; elapsed = 00:00:00.02 . Memory (MB): peak = 4926.836 ; gain = 0.000 ; free physical = 251 ; free virtual = 19673

Time (s): cpu = 00:03:48 ; elapsed = 00:01:50 . Memory (MB): peak = 4926.836 ; gain = 413.000 ; free physical = 251 ; free virtual = 19673
Phase 4 Post Placement Optimization and Clean-Up | Checksum: 2b5e5c2cd

Time (s): cpu = 00:03:48 ; elapsed = 00:01:50 . Memory (MB): peak = 4926.836 ; gain = 413.000 ; free physical = 251 ; free virtual = 19673
Ending Placer Task | Checksum: 2436044df

Time (s): cpu = 00:03:48 ; elapsed = 00:01:50 . Memory (MB): peak = 4926.836 ; gain = 413.000 ; free physical = 251 ; free virtual = 19673
125 Infos, 2 Warnings, 0 Critical Warnings and 0 Errors encountered.
place_design completed successfully
place_design: Time (s): cpu = 00:03:55 ; elapsed = 00:01:54 . Memory (MB): peak = 4926.836 ; gain = 413.035 ; free physical = 251 ; free virtual = 19673
INFO: [Vivado 12-24838] Running report commands "report_control_sets, report_io, report_utilization" in parallel.
Running report generation with 2 threads.
INFO: [Vivado 12-24828] Executing command : report_io -file cpu_system_wrapper_io_placed.rpt
report_io: Time (s): cpu = 00:00:00.38 ; elapsed = 00:00:00.26 . Memory (MB): peak = 4926.836 ; gain = 0.000 ; free physical = 231 ; free virtual = 19654
INFO: [Vivado 12-24828] Executing command : report_control_sets -verbose -file cpu_system_wrapper_control_sets_placed.rpt
report_control_sets: Time (s): cpu = 00:00:00.37 ; elapsed = 00:00:00.26 . Memory (MB): peak = 4926.836 ; gain = 0.000 ; free physical = 231 ; free virtual = 19654
INFO: [Vivado 12-24828] Executing command : report_utilization -file cpu_system_wrapper_utilization_placed.rpt -pb cpu_system_wrapper_utilization_placed.pb
INFO: [Timing 38-480] Writing timing data to binary archive.
Write ShapeDB Complete: Time (s): cpu = 00:00:00.82 ; elapsed = 00:00:00.24 . Memory (MB): peak = 4937.820 ; gain = 0.000 ; free physical = 220 ; free virtual = 19656
Wrote PlaceDB: Time (s): cpu = 00:00:04 ; elapsed = 00:00:01 . Memory (MB): peak = 4937.820 ; gain = 0.000 ; free physical = 198 ; free virtual = 19659
Wrote PulsedLatchDB: Time (s): cpu = 00:00:00 ; elapsed = 00:00:00 . Memory (MB): peak = 4937.820 ; gain = 0.000 ; free physical = 198 ; free virtual = 19659
Writing XDEF routing.
Writing XDEF routing logical nets.
Writing XDEF routing special nets.
Wrote RouteStorage: Time (s): cpu = 00:00:00.33 ; elapsed = 00:00:00.12 . Memory (MB): peak = 4937.820 ; gain = 0.000 ; free physical = 198 ; free virtual = 19659
Wrote Netlist Cache: Time (s): cpu = 00:00:00.09 ; elapsed = 00:00:00.03 . Memory (MB): peak = 4937.820 ; gain = 0.000 ; free physical = 195 ; free virtual = 19658
Wrote Device Cache: Time (s): cpu = 00:00:00.06 ; elapsed = 00:00:00.02 . Memory (MB): peak = 4937.820 ; gain = 0.000 ; free physical = 191 ; free virtual = 19657
Write Physdb Complete: Time (s): cpu = 00:00:05 ; elapsed = 00:00:02 . Memory (MB): peak = 4937.820 ; gain = 0.000 ; free physical = 191 ; free virtual = 19657
INFO: [Common 17-1381] The checkpoint '/mnt/work/fpga_labor/fpga_labor/fpga_labor.runs/impl_1/cpu_system_wrapper_placed.dcp' has been generated.
Command: phys_opt_design
Attempting to get a license for feature 'Implementation' and/or device 'xck26'
INFO: [Common 17-349] Got license for feature 'Implementation' and/or device 'xck26'

Starting Initial Update Timing Task

Time (s): cpu = 00:00:15 ; elapsed = 00:00:07 . Memory (MB): peak = 4937.820 ; gain = 0.000 ; free physical = 231 ; free virtual = 19667
INFO: [Vivado_Tcl 4-2279] Estimated Timing Summary | WNS= 5.868 | TNS= 0.000 | 
INFO: [Vivado_Tcl 4-383] Design worst setup slack (WNS) is greater than or equal to 0.000 ns. All physical synthesis setup optimizations will be skipped.
INFO: [Vivado_Tcl 4-232] No setup violation found. The netlist was not modified.
INFO: [Common 17-83] Releasing license: Implementation
136 Infos, 2 Warnings, 0 Critical Warnings and 0 Errors encountered.
phys_opt_design completed successfully
phys_opt_design: Time (s): cpu = 00:00:15 ; elapsed = 00:00:07 . Memory (MB): peak = 4937.820 ; gain = 0.000 ; free physical = 231 ; free virtual = 19667
INFO: [Timing 38-480] Writing timing data to binary archive.
Write ShapeDB Complete: Time (s): cpu = 00:00:01 ; elapsed = 00:00:00.27 . Memory (MB): peak = 4937.820 ; gain = 0.000 ; free physical = 210 ; free virtual = 19663
Wrote PlaceDB: Time (s): cpu = 00:00:04 ; elapsed = 00:00:01 . Memory (MB): peak = 4937.820 ; gain = 0.000 ; free physical = 190 ; free virtual = 19663
Wrote PulsedLatchDB: Time (s): cpu = 00:00:00 ; elapsed = 00:00:00 . Memory (MB): peak = 4937.820 ; gain = 0.000 ; free physical = 190 ; free virtual = 19663
Writing XDEF routing.
Writing XDEF routing logical nets.
Writing XDEF routing special nets.
Wrote RouteStorage: Time (s): cpu = 00:00:00.31 ; elapsed = 00:00:00.18 . Memory (MB): peak = 4937.820 ; gain = 0.000 ; free physical = 192 ; free virtual = 19665
Wrote Netlist Cache: Time (s): cpu = 00:00:00.08 ; elapsed = 00:00:00.03 . Memory (MB): peak = 4937.820 ; gain = 0.000 ; free physical = 192 ; free virtual = 19667
Wrote Device Cache: Time (s): cpu = 00:00:00.06 ; elapsed = 00:00:00.02 . Memory (MB): peak = 4937.820 ; gain = 0.000 ; free physical = 190 ; free virtual = 19669
Write Physdb Complete: Time (s): cpu = 00:00:05 ; elapsed = 00:00:02 . Memory (MB): peak = 4937.820 ; gain = 0.000 ; free physical = 190 ; free virtual = 19669
INFO: [Common 17-1381] The checkpoint '/mnt/work/fpga_labor/fpga_labor/fpga_labor.runs/impl_1/cpu_system_wrapper_physopt.dcp' has been generated.
Command: route_design
Attempting to get a license for feature 'Implementation' and/or device 'xck26'
INFO: [Common 17-349] Got license for feature 'Implementation' and/or device 'xck26'


Starting Routing Task
INFO: [Route 35-254] Multithreading enabled for route_design using a maximum of 4 CPUs

Phase 1 Build RT Design
Checksum: PlaceDB: ae27a022 ConstDB: 0 ShapeSum: d2ea9d0a RouteDB: c24e07b3
Nodegraph reading from file.  Time (s): cpu = 00:00:00.62 ; elapsed = 00:00:00.67 . Memory (MB): peak = 4937.820 ; gain = 0.000 ; free physical = 193 ; free virtual = 19643
Post Restoration Checksum: NetGraph: 61abbcb2 | NumContArr: c47b9fa | Constraints: 9ad3ac72 | Timing: c2a8fa9d
Phase 1 Build RT Design | Checksum: 1cb701dbb

Time (s): cpu = 00:00:20 ; elapsed = 00:00:07 . Memory (MB): peak = 4937.820 ; gain = 0.000 ; free physical = 202 ; free virtual = 19658

Phase 2 Router Initialization

Phase 2.1 Fix Topology Constraints
Phase 2.1 Fix Topology Constraints | Checksum: 1cb701dbb

Time (s): cpu = 00:00:20 ; elapsed = 00:00:07 . Memory (MB): peak = 4937.820 ; gain = 0.000 ; free physical = 201 ; free virtual = 19658

Phase 2.2 Pre Route Cleanup
Phase 2.2 Pre Route Cleanup | Checksum: 1cb701dbb

Time (s): cpu = 00:00:20 ; elapsed = 00:00:07 . Memory (MB): peak = 4937.820 ; gain = 0.000 ; free physical = 201 ; free virtual = 19658

Phase 2.3 Global Clock Net Routing
 Number of Nodes with overlaps = 0
Phase 2.3 Global Clock Net Routing | Checksum: 25d89bb22

Time (s): cpu = 00:00:22 ; elapsed = 00:00:08 . Memory (MB): peak = 4937.820 ; gain = 0.000 ; free physical = 201 ; free virtual = 19659

Phase 2.4 Update Timing
Phase 2.4 Update Timing | Checksum: 32a1a473b

Time (s): cpu = 00:00:30 ; elapsed = 00:00:12 . Memory (MB): peak = 4937.820 ; gain = 0.000 ; free physical = 272 ; free virtual = 19730
INFO: [Route 35-416] Intermediate Timing Summary | WNS=5.966  | TNS=0.000  | WHS=-0.095 | THS=-186.693|


Phase 2.5 Update Timing for Bus Skew

Phase 2.5.1 Update Timing
Phase 2.5.1 Update Timing | Checksum: 28b0640a2

Time (s): cpu = 00:00:48 ; elapsed = 00:00:19 . Memory (MB): peak = 4937.820 ; gain = 0.000 ; free physical = 295 ; free virtual = 19753
INFO: [Route 35-416] Intermediate Timing Summary | WNS=5.966  | TNS=0.000  | WHS=-0.089 | THS=-9.931 |

Phase 2.5 Update Timing for Bus Skew | Checksum: 2e086b44c

Time (s): cpu = 00:00:48 ; elapsed = 00:00:19 . Memory (MB): peak = 4937.820 ; gain = 0.000 ; free physical = 295 ; free virtual = 19753

Phase 2.6 Soft Constraint Pins - Fast Budgeting
Phase 2.6 Soft Constraint Pins - Fast Budgeting | Checksum: 2e086b44c

Time (s): cpu = 00:00:48 ; elapsed = 00:00:19 . Memory (MB): peak = 4937.820 ; gain = 0.000 ; free physical = 295 ; free virtual = 19753

Router Utilization Summary
  Global Vertical Routing Utilization    = 0.000274382 %
  Global Horizontal Routing Utilization  = 0.00084957 %
  Routable Net Status*
  *Does not include unroutable nets such as driverless and loadless.
  Run report_route_status for detailed report.
  Number of Failed Nets               = 29406
    (Failed Nets is the sum of unrouted and partially routed nets)
  Number of Unrouted Nets             = 26947
  Number of Partially Routed Nets     = 2459
  Number of Node Overlaps             = 0

Phase 2 Router Initialization | Checksum: 25ae76f91

Time (s): cpu = 00:00:50 ; elapsed = 00:00:20 . Memory (MB): peak = 4937.820 ; gain = 0.000 ; free physical = 295 ; free virtual = 19753

Phase 3 Global Routing
Phase 3 Global Routing | Checksum: 25ae76f91

Time (s): cpu = 00:00:50 ; elapsed = 00:00:20 . Memory (MB): peak = 4937.820 ; gain = 0.000 ; free physical = 295 ; free virtual = 19753

Phase 4 Initial Routing

Phase 4.1 Initial Net Routing Pass
Phase 4.1 Initial Net Routing Pass | Checksum: 2694130e5

Time (s): cpu = 00:01:00 ; elapsed = 00:00:24 . Memory (MB): peak = 4937.820 ; gain = 0.000 ; free physical = 302 ; free virtual = 19761
Phase 4 Initial Routing | Checksum: 18e105d13

Time (s): cpu = 00:01:01 ; elapsed = 00:00:25 . Memory (MB): peak = 4937.820 ; gain = 0.000 ; free physical = 302 ; free virtual = 19761

Phase 5 Rip-up And Reroute

Phase 5.1 Global Iteration 0
 Number of Nodes with overlaps = 5440
 Number of Nodes with overlaps = 288
 Number of Nodes with overlaps = 12
 Number of Nodes with overlaps = 1
 Number of Nodes with overlaps = 0
INFO: [Route 35-416] Intermediate Timing Summary | WNS=4.112  | TNS=0.000  | WHS=-0.055 | THS=-1.208 |

Phase 5.1 Global Iteration 0 | Checksum: 1ebd670b1

Time (s): cpu = 00:02:02 ; elapsed = 00:00:53 . Memory (MB): peak = 4937.820 ; gain = 0.000 ; free physical = 215 ; free virtual = 19675

Phase 5.2 Additional Iteration for Hold
Phase 5.2 Additional Iteration for Hold | Checksum: 143fb4d35

Time (s): cpu = 00:02:03 ; elapsed = 00:00:53 . Memory (MB): peak = 4937.820 ; gain = 0.000 ; free physical = 215 ; free virtual = 19675
Phase 5 Rip-up And Reroute | Checksum: 143fb4d35

Time (s): cpu = 00:02:03 ; elapsed = 00:00:53 . Memory (MB): peak = 4937.820 ; gain = 0.000 ; free physical = 215 ; free virtual = 19675

Phase 6 Delay and Skew Optimization

Phase 6.1 Delay CleanUp
INFO: [Route 35-416] Intermediate Timing Summary | WNS=4.112  | TNS=0.000  | WHS=0.010  | THS=0.000  |

INFO: [Route 35-416] Intermediate Timing Summary | WNS=4.112  | TNS=0.000  | WHS=0.010  | THS=0.000  |

Phase 6.1 Delay CleanUp | Checksum: 21e2e39bf

Time (s): cpu = 00:02:10 ; elapsed = 00:00:56 . Memory (MB): peak = 4937.820 ; gain = 0.000 ; free physical = 218 ; free virtual = 19672

Phase 6.2 Clock Skew Optimization
Phase 6.2 Clock Skew Optimization | Checksum: 21e2e39bf

Time (s): cpu = 00:02:11 ; elapsed = 00:00:56 . Memory (MB): peak = 4937.820 ; gain = 0.000 ; free physical = 214 ; free virtual = 19669
Phase 6 Delay and Skew Optimization | Checksum: 21e2e39bf

Time (s): cpu = 00:02:11 ; elapsed = 00:00:56 . Memory (MB): peak = 4937.820 ; gain = 0.000 ; free physical = 214 ; free virtual = 19669

Phase 7 Post Hold Fix

Phase 7.1 Hold Fix Iter
INFO: [Route 35-416] Intermediate Timing Summary | WNS=4.112  | TNS=0.000  | WHS=0.010  | THS=0.000  |

Phase 7.1 Hold Fix Iter | Checksum: 2158cb7f2

Time (s): cpu = 00:02:16 ; elapsed = 00:00:58 . Memory (MB): peak = 4937.820 ; gain = 0.000 ; free physical = 213 ; free virtual = 19670
Phase 7 Post Hold Fix | Checksum: 2158cb7f2

Time (s): cpu = 00:02:16 ; elapsed = 00:00:58 . Memory (MB): peak = 4937.820 ; gain = 0.000 ; free physical = 213 ; free virtual = 19670

Phase 8 Route finalize

Router Utilization Summary
  Global Vertical Routing Utilization    = 2.86875 %
  Global Horizontal Routing Utilization  = 3.69846 %
  Routable Net Status*
  *Does not include unroutable nets such as driverless and loadless.
  Run report_route_status for detailed report.
  Number of Failed Nets               = 0
    (Failed Nets is the sum of unrouted and partially routed nets)
  Number of Unrouted Nets             = 0
  Number of Partially Routed Nets     = 0
  Number of Node Overlaps             = 0

Phase 8 Route finalize | Checksum: 2158cb7f2

Time (s): cpu = 00:02:17 ; elapsed = 00:00:59 . Memory (MB): peak = 4937.820 ; gain = 0.000 ; free physical = 211 ; free virtual = 19668

Phase 9 Verifying routed nets

 Verification completed successfully
Phase 9 Verifying routed nets | Checksum: 2158cb7f2

Time (s): cpu = 00:02:17 ; elapsed = 00:00:59 . Memory (MB): peak = 4937.820 ; gain = 0.000 ; free physical = 211 ; free virtual = 19668

Phase 10 Depositing Routes
Phase 10 Depositing Routes | Checksum: 2158cb7f2

Time (s): cpu = 00:02:20 ; elapsed = 00:01:00 . Memory (MB): peak = 4937.820 ; gain = 0.000 ; free physical = 209 ; free virtual = 19666

Phase 11 Resolve XTalk
Phase 11 Resolve XTalk | Checksum: 2158cb7f2

Time (s): cpu = 00:02:20 ; elapsed = 00:01:00 . Memory (MB): peak = 4937.820 ; gain = 0.000 ; free physical = 209 ; free virtual = 19666

Phase 12 Post Process Routing
Phase 12 Post Process Routing | Checksum: 2158cb7f2

Time (s): cpu = 00:02:20 ; elapsed = 00:01:01 . Memory (MB): peak = 4937.820 ; gain = 0.000 ; free physical = 207 ; free virtual = 19664

Phase 13 Post Router Timing
INFO: [Route 35-57] Estimated Timing Summary | WNS=4.112  | TNS=0.000  | WHS=0.010  | THS=0.000  |

INFO: [Route 35-327] The final timing numbers are based on the router estimated timing analysis. For a complete and accurate timing signoff, please run report_timing_summary.
Phase 13 Post Router Timing | Checksum: 2158cb7f2

Time (s): cpu = 00:02:20 ; elapsed = 00:01:01 . Memory (MB): peak = 4937.820 ; gain = 0.000 ; free physical = 207 ; free virtual = 19664
Total Elapsed time in route_design: 60.73 secs

Phase 14 Post-Route Event Processing
Phase 14 Post-Route Event Processing | Checksum: 2363af7ca

Time (s): cpu = 00:02:21 ; elapsed = 00:01:01 . Memory (MB): peak = 4937.820 ; gain = 0.000 ; free physical = 207 ; free virtual = 19664
INFO: [Route 35-16] Router Completed Successfully
Ending Routing Task | Checksum: 2363af7ca

Time (s): cpu = 00:02:21 ; elapsed = 00:01:01 . Memory (MB): peak = 4937.820 ; gain = 0.000 ; free physical = 206 ; free virtual = 19663

Routing Is Done.
INFO: [Common 17-83] Releasing license: Implementation
150 Infos, 2 Warnings, 0 Critical Warnings and 0 Errors encountered.
route_design completed successfully
route_design: Time (s): cpu = 00:02:21 ; elapsed = 00:01:02 . Memory (MB): peak = 4937.820 ; gain = 0.000 ; free physical = 203 ; free virtual = 19660
INFO: [Vivado 12-24828] Executing command : report_drc -file cpu_system_wrapper_drc_routed.rpt -pb cpu_system_wrapper_drc_routed.pb -rpx cpu_system_wrapper_drc_routed.rpx
Command: report_drc -file cpu_system_wrapper_drc_routed.rpt -pb cpu_system_wrapper_drc_routed.pb -rpx cpu_system_wrapper_drc_routed.rpx
INFO: [IP_Flow 19-1839] IP Catalog is up to date.
INFO: [DRC 23-27] Running DRC with 8 threads
INFO: [Vivado_Tcl 2-168] The results of DRC are in file /mnt/work/fpga_labor/fpga_labor/fpga_labor.runs/impl_1/cpu_system_wrapper_drc_routed.rpt.
report_drc completed successfully
report_drc: Time (s): cpu = 00:00:21 ; elapsed = 00:00:08 . Memory (MB): peak = 4937.820 ; gain = 0.000 ; free physical = 186 ; free virtual = 19650
INFO: [Vivado 12-24828] Executing command : report_methodology -file cpu_system_wrapper_methodology_drc_routed.rpt -pb cpu_system_wrapper_methodology_drc_routed.pb -rpx cpu_system_wrapper_methodology_drc_routed.rpx
Command: report_methodology -file cpu_system_wrapper_methodology_drc_routed.rpt -pb cpu_system_wrapper_methodology_drc_routed.pb -rpx cpu_system_wrapper_methodology_drc_routed.rpx
INFO: [Timing 38-35] Done setting XDC timing constraints.
INFO: [DRC 23-133] Running Methodology with 8 threads
INFO: [Vivado_Tcl 2-1520] The results of Report Methodology are in file /mnt/work/fpga_labor/fpga_labor/fpga_labor.runs/impl_1/cpu_system_wrapper_methodology_drc_routed.rpt.
report_methodology completed successfully
report_methodology: Time (s): cpu = 00:00:14 ; elapsed = 00:00:05 . Memory (MB): peak = 4937.820 ; gain = 0.000 ; free physical = 166 ; free virtual = 19627
INFO: [Vivado 12-24828] Executing command : report_timing_summary -max_paths 10 -routable_nets -report_unconstrained -file cpu_system_wrapper_timing_summary_routed.rpt -pb cpu_system_wrapper_timing_summary_routed.pb -rpx cpu_system_wrapper_timing_summary_routed.rpx -warn_on_violation 
INFO: [Timing 38-35] Done setting XDC timing constraints.
INFO: [Timing 38-91] UpdateTimingParams: Speed grade: -2LV, Temperature grade: C, Delay Type: min_max.
INFO: [Timing 38-191] Multithreading enabled for timing update using a maximum of 4 CPUs
WARNING: [Timing 38-436] There are set_bus_skew constraint(s) in this design. Please run report_bus_skew to ensure that bus skew requirements are met.
INFO: [Vivado 12-24838] Running report commands "report_bus_skew, report_incremental_reuse, report_route_status" in parallel.
Running report generation with 2 threads.
INFO: [Vivado 12-24828] Executing command : report_incremental_reuse -file cpu_system_wrapper_incremental_reuse_routed.rpt
INFO: [Vivado_Tcl 4-1062] Incremental flow is disabled. No incremental reuse Info to report.
INFO: [Vivado 12-24828] Executing command : report_bus_skew -warn_on_violation -file cpu_system_wrapper_bus_skew_routed.rpt -pb cpu_system_wrapper_bus_skew_routed.pb -rpx cpu_system_wrapper_bus_skew_routed.rpx
INFO: [Timing 38-91] UpdateTimingParams: Speed grade: -2LV, Temperature grade: C, Delay Type: min_max.
INFO: [Timing 38-191] Multithreading enabled for timing update using a maximum of 4 CPUs
INFO: [Vivado 12-24828] Executing command : report_route_status -file cpu_system_wrapper_route_status.rpt -pb cpu_system_wrapper_route_status.pb
INFO: [Vivado 12-24828] Executing command : report_power -file cpu_system_wrapper_power_routed.rpt -pb cpu_system_wrapper_power_summary_routed.pb -rpx cpu_system_wrapper_power_routed.rpx
Command: report_power -file cpu_system_wrapper_power_routed.rpt -pb cpu_system_wrapper_power_summary_routed.pb -rpx cpu_system_wrapper_power_routed.rpx
Running Vector-less Activity Propagation...

Finished Running Vector-less Activity Propagation
WARNING: [Power 33-332] Found switching activity that implies high-fanout reset nets being asserted for excessive periods of time which may result in inaccurate power analysis.
Resolution: To review and fix problems, please run Power Constraints Advisor in the GUI from Tools > Power Constraints Advisor or run report_power with the -advisory option to generate a text report.
170 Infos, 4 Warnings, 0 Critical Warnings and 0 Errors encountered.
report_power completed successfully
report_power: Time (s): cpu = 00:00:16 ; elapsed = 00:00:12 . Memory (MB): peak = 4937.820 ; gain = 0.000 ; free physical = 213 ; free virtual = 19686
INFO: [Vivado 12-24828] Executing command : report_clock_utilization -file cpu_system_wrapper_clock_utilization_routed.rpt
report_clock_utilization: Time (s): cpu = 00:00:05 ; elapsed = 00:00:05 . Memory (MB): peak = 4937.820 ; gain = 0.000 ; free physical = 191 ; free virtual = 19666
generate_parallel_reports: Time (s): cpu = 00:01:06 ; elapsed = 00:00:35 . Memory (MB): peak = 4937.820 ; gain = 0.000 ; free physical = 191 ; free virtual = 19666
INFO: [Timing 38-480] Writing timing data to binary archive.
Write ShapeDB Complete: Time (s): cpu = 00:00:01 ; elapsed = 00:00:00.32 . Memory (MB): peak = 4937.820 ; gain = 0.000 ; free physical = 242 ; free virtual = 19737
Wrote PlaceDB: Time (s): cpu = 00:00:04 ; elapsed = 00:00:01 . Memory (MB): peak = 4937.820 ; gain = 0.000 ; free physical = 151 ; free virtual = 19663
Wrote PulsedLatchDB: Time (s): cpu = 00:00:00 ; elapsed = 00:00:00 . Memory (MB): peak = 4937.820 ; gain = 0.000 ; free physical = 151 ; free virtual = 19663
Writing XDEF routing.
Writing XDEF routing logical nets.
Writing XDEF routing special nets.
Wrote RouteStorage: Time (s): cpu = 00:00:01 ; elapsed = 00:00:00.44 . Memory (MB): peak = 4937.820 ; gain = 0.000 ; free physical = 259 ; free virtual = 19723
Wrote Netlist Cache: Time (s): cpu = 00:00:00.09 ; elapsed = 00:00:00.03 . Memory (MB): peak = 4937.820 ; gain = 0.000 ; free physical = 259 ; free virtual = 19725
Wrote Device Cache: Time (s): cpu = 00:00:00.06 ; elapsed = 00:00:00.02 . Memory (MB): peak = 4937.820 ; gain = 0.000 ; free physical = 256 ; free virtual = 19725
Write Physdb Complete: Time (s): cpu = 00:00:06 ; elapsed = 00:00:02 . Memory (MB): peak = 4937.820 ; gain = 0.000 ; free physical = 256 ; free virtual = 19725
INFO: [Common 17-1381] The checkpoint '/mnt/work/fpga_labor/fpga_labor/fpga_labor.runs/impl_1/cpu_system_wrapper_routed.dcp' has been generated.
INFO: [Common 17-206] Exiting Vivado at Tue Feb 24 10:55:24 2026...

*** Running vivado
    with args -log cpu_system_wrapper.vdi -applog -m64 -product Vivado -messageDb vivado.pb -mode batch -source cpu_system_wrapper.tcl -notrace


****** Vivado v2025.2 (64-bit)
  **** SW Build 6299465 on Fri Nov 14 12:34:56 MST 2025
  **** IP Build 6300035 on Fri Nov 14 10:48:45 MST 2025
  **** SharedData Build 6298862 on Thu Nov 13 04:50:51 MST 2025
  **** Start of session at: Tue Feb 24 11:27:42 2026
    ** Copyright 1986-2022 Xilinx, Inc. All Rights Reserved.
    ** Copyright 2022-2025 Advanced Micro Devices, Inc. All Rights Reserved.

source cpu_system_wrapper.tcl -notrace
Command: open_checkpoint cpu_system_wrapper_routed.dcp
WARNING: [Project 1-153] The current project device 'xc7k70tfbv676-1' does not match with the device on the 'XILINX.COM:KV260_SOM_SOM240_1_CONNECTOR_KV260_CARRIER_SOM240_1_CONNECTOR:1.4' board part. A device change to match the device on 'XILINX.COM:KV260_SOM_SOM240_1_CONNECTOR_KV260_CARRIER_SOM240_1_CONNECTOR:1.4' board part is being done. Please upgrade the IP in the project via the upgrade_ip command or by selecting Reports => Reports IP Status.
INFO: [Project 1-152] Project part set to zynquplus (xck26-sfvc784-2lv-c)
INFO: [Device 21-403] Loading part xck26-sfvc784-2LV-c
Netlist sorting complete. Time (s): cpu = 00:00:00.5 ; elapsed = 00:00:00.49 . Memory (MB): peak = 2585.676 ; gain = 0.000 ; free physical = 217 ; free virtual = 19376
INFO: [Netlist 29-17] Analyzing 3604 Unisim elements for replacement
INFO: [Netlist 29-28] Unisim Transformation completed in 0 CPU seconds
INFO: [Project 1-479] Netlist was created with Vivado 2025.2
INFO: [Project 1-570] Preparing netlist for logic optimization
Read ShapeDB Complete: Time (s): cpu = 00:00:00.2 ; elapsed = 00:00:00.19 . Memory (MB): peak = 2585.676 ; gain = 0.000 ; free physical = 201 ; free virtual = 19361
INFO: [Timing 38-478] Restoring timing data from binary archive.
INFO: [Timing 38-479] Binary timing data restore complete.
INFO: [Project 1-856] Restoring constraints from binary archive.
INFO: [Project 1-853] Binary constraint restore complete.
INFO: [Designutils 20-5722] Start Reading Physical Databases.
Reading placement.
Read Netlist Cache: Time (s): cpu = 00:00:00.02 ; elapsed = 00:00:00.02 . Memory (MB): peak = 2956.902 ; gain = 0.000 ; free physical = 166 ; free virtual = 19177
Reading placer database...
Read Device Cache: Time (s): cpu = 00:00:00.04 ; elapsed = 00:00:00.04 . Memory (MB): peak = 2956.902 ; gain = 0.000 ; free physical = 167 ; free virtual = 19177
Read PlaceDB: Time (s): cpu = 00:00:02 ; elapsed = 00:00:02 . Memory (MB): peak = 2974.973 ; gain = 18.070 ; free physical = 212 ; free virtual = 19156
Read PulsedLatchDB: Time (s): cpu = 00:00:00 ; elapsed = 00:00:00 . Memory (MB): peak = 2974.973 ; gain = 0.000 ; free physical = 212 ; free virtual = 19156
Reading routing.
Read RouteStorage: Time (s): cpu = 00:00:07 ; elapsed = 00:00:07 . Memory (MB): peak = 3424.137 ; gain = 449.164 ; free physical = 184 ; free virtual = 18736
Read Physdb Files: Time (s): cpu = 00:00:08 ; elapsed = 00:00:08 . Memory (MB): peak = 3424.137 ; gain = 467.234 ; free physical = 184 ; free virtual = 18736
Restored from archive | CPU: 8.610000 secs | Memory: 440.125183 MB |
Finished XDEF File Restore: Time (s): cpu = 00:00:08 ; elapsed = 00:00:08 . Memory (MB): peak = 3424.137 ; gain = 467.234 ; free physical = 184 ; free virtual = 18736
Netlist sorting complete. Time (s): cpu = 00:00:00.01 ; elapsed = 00:00:00.01 . Memory (MB): peak = 3424.137 ; gain = 0.000 ; free physical = 183 ; free virtual = 18736
INFO: [Project 1-111] Unisim Transformation Summary:
  A total of 2643 instances were transformed.
  CFGLUT5 => CFGLUT5 (SRL16E, SRLC32E): 2544 instances
  IBUF => IBUF (IBUFCTRL, INBUF): 4 instances
  RAM16X1D => RAM32X1D (RAMD32(x2)): 1 instance 
  RAM32M => RAM32M (RAMD32(x6), RAMS32(x2)): 3 instances
  RAM32M16 => RAM32M16 (RAMD32(x14), RAMS32(x2)): 68 instances
  RAM32X1D => RAM32X1D (RAMD32(x2)): 7 instances
  RAM64M => RAM64M (RAMD64E(x4)): 4 instances
  RAM64M8 => RAM64M8 (RAMD64E(x8)): 12 instances

INFO: [Project 1-604] Checkpoint was created with Vivado v2025.2 (64-bit) build 6299465
open_checkpoint: Time (s): cpu = 00:00:41 ; elapsed = 00:00:36 . Memory (MB): peak = 3424.172 ; gain = 1931.367 ; free physical = 183 ; free virtual = 18736

WARNING::74 - Unsupported FPGA device name 'xck26-sfvc784-2LV-c'. Verify that the specified device is a valid customer supported device.
-p xck26-sfvc784-2LV-c
   ^


WARNING::74 - Unsupported FPGA device name 'xck26-sfvc784-2LV-c'. Verify that the specified device is a valid customer supported device.
-p xck26-sfvc784-2LV-c
   ^

INFO: [Memdata 28-167] Found XPM memory block cpu_system_i/smartconnect_1/inst/s01_nodes/s01_w_node/inst/inst_mi_handler/gen_normal_area.inst_fifo_node_payld/gen_xpm_memory_fifo.inst_fifo/gen_mem_rep[0].inst_xpm_memory/xpm_memory_base_inst with a P_MEMORY_PRIMITIVE property set to distributed. A value of block is required. You will not be able to use the updatemem program to update the bitstream with new data for the cpu_system_i/smartconnect_1/inst/s01_nodes/s01_w_node/inst/inst_mi_handler/gen_normal_area.inst_fifo_node_payld/gen_xpm_memory_fifo.inst_fifo/gen_mem_rep[0].inst_xpm_memory/xpm_memory_base_inst block.
INFO: [Memdata 28-167] Found XPM memory block cpu_system_i/smartconnect_1/inst/s01_nodes/s01_w_node/inst/inst_mi_handler/gen_normal_area.gen_fifo_req.inst_fifo_req/gen_xpm_memory_fifo.inst_fifo/gen_mem_rep[0].inst_xpm_memory/xpm_memory_base_inst with a P_MEMORY_PRIMITIVE property set to distributed. A value of block is required. You will not be able to use the updatemem program to update the bitstream with new data for the cpu_system_i/smartconnect_1/inst/s01_nodes/s01_w_node/inst/inst_mi_handler/gen_normal_area.gen_fifo_req.inst_fifo_req/gen_xpm_memory_fifo.inst_fifo/gen_mem_rep[0].inst_xpm_memory/xpm_memory_base_inst block.
INFO: [Memdata 28-167] Found XPM memory block cpu_system_i/smartconnect_1/inst/s01_nodes/s01_b_node/inst/inst_mi_handler/gen_normal_area.inst_fifo_node_payld/gen_xpm_memory_fifo.inst_fifo/gen_mem_rep[0].inst_xpm_memory/xpm_memory_base_inst with a P_MEMORY_PRIMITIVE property set to distributed. A value of block is required. You will not be able to use the updatemem program to update the bitstream with new data for the cpu_system_i/smartconnect_1/inst/s01_nodes/s01_b_node/inst/inst_mi_handler/gen_normal_area.inst_fifo_node_payld/gen_xpm_memory_fifo.inst_fifo/gen_mem_rep[0].inst_xpm_memory/xpm_memory_base_inst block.
INFO: [Memdata 28-167] Found XPM memory block cpu_system_i/smartconnect_1/inst/s01_nodes/s01_aw_node/inst/inst_mi_handler/gen_normal_area.inst_fifo_node_payld/gen_xpm_memory_fifo.inst_fifo/gen_mem_rep[0].inst_xpm_memory/xpm_memory_base_inst with a P_MEMORY_PRIMITIVE property set to distributed. A value of block is required. You will not be able to use the updatemem program to update the bitstream with new data for the cpu_system_i/smartconnect_1/inst/s01_nodes/s01_aw_node/inst/inst_mi_handler/gen_normal_area.inst_fifo_node_payld/gen_xpm_memory_fifo.inst_fifo/gen_mem_rep[0].inst_xpm_memory/xpm_memory_base_inst block.
INFO: [Memdata 28-167] Found XPM memory block cpu_system_i/smartconnect_1/inst/s00_nodes/s00_r_node/inst/inst_mi_handler/gen_normal_area.inst_fifo_node_payld/gen_xpm_memory_fifo.inst_fifo/gen_mem_rep[0].inst_xpm_memory/xpm_memory_base_inst with a P_MEMORY_PRIMITIVE property set to distributed. A value of block is required. You will not be able to use the updatemem program to update the bitstream with new data for the cpu_system_i/smartconnect_1/inst/s00_nodes/s00_r_node/inst/inst_mi_handler/gen_normal_area.inst_fifo_node_payld/gen_xpm_memory_fifo.inst_fifo/gen_mem_rep[0].inst_xpm_memory/xpm_memory_base_inst block.
INFO: [Memdata 28-167] Found XPM memory block cpu_system_i/smartconnect_1/inst/s00_nodes/s00_ar_node/inst/inst_mi_handler/gen_normal_area.inst_fifo_node_payld/gen_xpm_memory_fifo.inst_fifo/gen_mem_rep[0].inst_xpm_memory/xpm_memory_base_inst with a P_MEMORY_PRIMITIVE property set to distributed. A value of block is required. You will not be able to use the updatemem program to update the bitstream with new data for the cpu_system_i/smartconnect_1/inst/s00_nodes/s00_ar_node/inst/inst_mi_handler/gen_normal_area.inst_fifo_node_payld/gen_xpm_memory_fifo.inst_fifo/gen_mem_rep[0].inst_xpm_memory/xpm_memory_base_inst block.
INFO: [Memdata 28-167] Found XPM memory block cpu_system_i/smartconnect_1/inst/m00_nodes/m00_w_node/inst/inst_si_handler/gen_si_handler.gen_request_fifos.gen_req_fifo[1].inst_req_fifo/gen_xpm_memory_fifo.inst_fifo/gen_mem_rep[0].inst_xpm_memory/xpm_memory_base_inst with a P_MEMORY_PRIMITIVE property set to distributed. A value of block is required. You will not be able to use the updatemem program to update the bitstream with new data for the cpu_system_i/smartconnect_1/inst/m00_nodes/m00_w_node/inst/inst_si_handler/gen_si_handler.gen_request_fifos.gen_req_fifo[1].inst_req_fifo/gen_xpm_memory_fifo.inst_fifo/gen_mem_rep[0].inst_xpm_memory/xpm_memory_base_inst block.
INFO: [Memdata 28-167] Found XPM memory block cpu_system_i/smartconnect_1/inst/m00_nodes/m00_w_node/inst/inst_mi_handler/gen_normal_area.inst_fifo_node_payld/gen_xpm_memory_fifo.inst_fifo/gen_mem_rep[0].inst_xpm_memory/xpm_memory_base_inst with a P_MEMORY_PRIMITIVE property set to distributed. A value of block is required. You will not be able to use the updatemem program to update the bitstream with new data for the cpu_system_i/smartconnect_1/inst/m00_nodes/m00_w_node/inst/inst_mi_handler/gen_normal_area.inst_fifo_node_payld/gen_xpm_memory_fifo.inst_fifo/gen_mem_rep[0].inst_xpm_memory/xpm_memory_base_inst block.
INFO: [Memdata 28-167] Found XPM memory block cpu_system_i/smartconnect_1/inst/m00_nodes/m00_r_node/inst/inst_mi_handler/gen_normal_area.inst_fifo_node_payld/gen_xpm_memory_fifo.inst_fifo/gen_mem_rep[0].inst_xpm_memory/xpm_memory_base_inst with a P_MEMORY_PRIMITIVE property set to distributed. A value of block is required. You will not be able to use the updatemem program to update the bitstream with new data for the cpu_system_i/smartconnect_1/inst/m00_nodes/m00_r_node/inst/inst_mi_handler/gen_normal_area.inst_fifo_node_payld/gen_xpm_memory_fifo.inst_fifo/gen_mem_rep[0].inst_xpm_memory/xpm_memory_base_inst block.
INFO: [Memdata 28-167] Found XPM memory block cpu_system_i/smartconnect_1/inst/m00_nodes/m00_r_node/inst/inst_mi_handler/gen_normal_area.gen_fifo_req.inst_fifo_req/gen_xpm_memory_fifo.inst_fifo/gen_mem_rep[0].inst_xpm_memory/xpm_memory_base_inst with a P_MEMORY_PRIMITIVE property set to distributed. A value of block is required. You will not be able to use the updatemem program to update the bitstream with new data for the cpu_system_i/smartconnect_1/inst/m00_nodes/m00_r_node/inst/inst_mi_handler/gen_normal_area.gen_fifo_req.inst_fifo_req/gen_xpm_memory_fifo.inst_fifo/gen_mem_rep[0].inst_xpm_memory/xpm_memory_base_inst block.
INFO: [Memdata 28-167] Found XPM memory block cpu_system_i/smartconnect_1/inst/m00_nodes/m00_b_node/inst/inst_mi_handler/gen_normal_area.inst_fifo_node_payld/gen_xpm_memory_fifo.inst_fifo/gen_mem_rep[0].inst_xpm_memory/xpm_memory_base_inst with a P_MEMORY_PRIMITIVE property set to distributed. A value of block is required. You will not be able to use the updatemem program to update the bitstream with new data for the cpu_system_i/smartconnect_1/inst/m00_nodes/m00_b_node/inst/inst_mi_handler/gen_normal_area.inst_fifo_node_payld/gen_xpm_memory_fifo.inst_fifo/gen_mem_rep[0].inst_xpm_memory/xpm_memory_base_inst block.
INFO: [Memdata 28-167] Found XPM memory block cpu_system_i/smartconnect_1/inst/m00_nodes/m00_b_node/inst/inst_mi_handler/gen_normal_area.gen_fifo_req.inst_fifo_req/gen_xpm_memory_fifo.inst_fifo/gen_mem_rep[0].inst_xpm_memory/xpm_memory_base_inst with a P_MEMORY_PRIMITIVE property set to distributed. A value of block is required. You will not be able to use the updatemem program to update the bitstream with new data for the cpu_system_i/smartconnect_1/inst/m00_nodes/m00_b_node/inst/inst_mi_handler/gen_normal_area.gen_fifo_req.inst_fifo_req/gen_xpm_memory_fifo.inst_fifo/gen_mem_rep[0].inst_xpm_memory/xpm_memory_base_inst block.
INFO: [Memdata 28-167] Found XPM memory block cpu_system_i/smartconnect_1/inst/m00_nodes/m00_aw_node/inst/inst_mi_handler/gen_normal_area.inst_fifo_node_payld/gen_xpm_memory_fifo.inst_fifo/gen_mem_rep[0].inst_xpm_memory/xpm_memory_base_inst with a P_MEMORY_PRIMITIVE property set to distributed. A value of block is required. You will not be able to use the updatemem program to update the bitstream with new data for the cpu_system_i/smartconnect_1/inst/m00_nodes/m00_aw_node/inst/inst_mi_handler/gen_normal_area.inst_fifo_node_payld/gen_xpm_memory_fifo.inst_fifo/gen_mem_rep[0].inst_xpm_memory/xpm_memory_base_inst block.
INFO: [Memdata 28-167] Found XPM memory block cpu_system_i/smartconnect_1/inst/m00_nodes/m00_ar_node/inst/inst_mi_handler/gen_normal_area.inst_fifo_node_payld/gen_xpm_memory_fifo.inst_fifo/gen_mem_rep[0].inst_xpm_memory/xpm_memory_base_inst with a P_MEMORY_PRIMITIVE property set to distributed. A value of block is required. You will not be able to use the updatemem program to update the bitstream with new data for the cpu_system_i/smartconnect_1/inst/m00_nodes/m00_ar_node/inst/inst_mi_handler/gen_normal_area.inst_fifo_node_payld/gen_xpm_memory_fifo.inst_fifo/gen_mem_rep[0].inst_xpm_memory/xpm_memory_base_inst block.
INFO: [Memdata 28-167] Found XPM memory block cpu_system_i/axi_dma_0/U0/I_PRMRY_DATAMOVER/GEN_S2MM_FULL.I_S2MM_FULL_WRAPPER/GEN_ENABLE_INDET_BTT_SF.I_INDET_BTT/I_XD_FIFO/NON_BLK_MEM.I_SYNC_FIFOGEN_FIFO/xpm_fifo_base_inst/gen_sdpram.xpm_memory_base_inst with a P_MEMORY_PRIMITIVE property set to auto. A value of block is required. You will not be able to use the updatemem program to update the bitstream with new data for the cpu_system_i/axi_dma_0/U0/I_PRMRY_DATAMOVER/GEN_S2MM_FULL.I_S2MM_FULL_WRAPPER/GEN_ENABLE_INDET_BTT_SF.I_INDET_BTT/I_XD_FIFO/NON_BLK_MEM.I_SYNC_FIFOGEN_FIFO/xpm_fifo_base_inst/gen_sdpram.xpm_memory_base_inst block.
INFO: [Memdata 28-208] The XPM instance: <cpu_system_i/axi_dma_0/U0/I_PRMRY_DATAMOVER/GEN_S2MM_FULL.I_S2MM_FULL_WRAPPER/GEN_ENABLE_INDET_BTT_SF.I_INDET_BTT/I_DATA_FIFO/BLK_MEM.I_SYNC_FIFOGEN_FIFO/xpm_fifo_base_inst/gen_sdpram.xpm_memory_base_inst> is part of IP: <cpu_system_i/axi_dma_0>. This XPM instance will be excluded from the .mmi because updatemem is prohibited from making changes to an XPM that is part of an IP.
INFO: [Memdata 28-208] The XPM instance: <cpu_system_i/axi_dma_0/U0/I_PRMRY_DATAMOVER/GEN_MM2S_FULL.I_MM2S_FULL_WRAPPER/GEN_INCLUDE_MM2S_SF.I_RD_SF/I_DATA_FIFO/BLK_MEM.I_SYNC_FIFOGEN_FIFO/xpm_fifo_base_inst/gen_sdpram.xpm_memory_base_inst> is part of IP: <cpu_system_i/axi_dma_0>. This XPM instance will be excluded from the .mmi because updatemem is prohibited from making changes to an XPM that is part of an IP.

WARNING::74 - Unsupported FPGA device name 'xck26-sfvc784-2LV-c'. Verify that the specified device is a valid customer supported device.
-p xck26-sfvc784-2LV-c
   ^

Command: write_bitstream -force cpu_system_wrapper.bit
Attempting to get a license for feature 'Implementation' and/or device 'xck26'
INFO: [Common 17-349] Got license for feature 'Implementation' and/or device 'xck26'
Running DRC as a precondition to command write_bitstream
INFO: [IP_Flow 19-234] Refreshing IP repositories
INFO: [IP_Flow 19-1704] No user IP repositories specified
INFO: [IP_Flow 19-2313] Loaded Vivado IP repository '/xilinx/2025.2/data/ip'.
INFO: [DRC 23-27] Running DRC with 8 threads
INFO: [Vivado 12-3199] DRC finished with 0 Errors
INFO: [Vivado 12-3200] Please refer to the DRC report (report_drc) for more information.
Integrating Hard IP ELF/MEM with the PDI.
INFO: [Designutils 20-2272] Running write_bitstream with 4 threads.
Loading data files...
Loading site data...
Loading route data...
Processing options...
Creating bitmap...
Creating bitstream...
Writing bitstream ./cpu_system_wrapper.bit...
INFO: [Vivado 12-1842] Bitgen Completed Successfully.
INFO: [Common 17-83] Releasing license: Implementation
40 Infos, 1 Warnings, 0 Critical Warnings and 0 Errors encountered.
write_bitstream completed successfully
write_bitstream: Time (s): cpu = 00:00:41 ; elapsed = 00:00:40 . Memory (MB): peak = 3862.699 ; gain = 438.527 ; free physical = 157 ; free virtual = 18237
INFO: [Common 17-206] Exiting Vivado at Tue Feb 24 11:29:04 2026...
