   1              		.file	"FU540_uart.c"
   2              		.option nopic
   3              		.attribute arch, "rv64i2p0_m2p0_a2p0_c2p0"
   4              		.attribute unaligned_access, 0
   5              		.attribute stack_align, 16
   6              		.text
   7              	.Ltext0:
   8              		.cfi_sections	.debug_frame
   9              	.Letext0:
DEFINED SYMBOLS
                            *ABS*:0000000000000000 FU540_uart.c
C:\Users\zero6575\AppData\Local\Temp\ccK7ABRj.s:24     .debug_abbrev:0000000000000000 .Ldebug_abbrev0
C:\Users\zero6575\AppData\Local\Temp\ccK7ABRj.s:1590   .debug_str:0000000000001c01 .LASF342
C:\Users\zero6575\AppData\Local\Temp\ccK7ABRj.s:1480   .debug_str:00000000000015d7 .LASF343
C:\Users\zero6575\AppData\Local\Temp\ccK7ABRj.s:1558   .debug_str:00000000000019e6 .LASF344
C:\Users\zero6575\AppData\Local\Temp\ccK7ABRj.s:1098   .debug_line:0000000000000000 .Ldebug_line0
C:\Users\zero6575\AppData\Local\Temp\ccK7ABRj.s:54     .debug_macro:0000000000000000 .Ldebug_macro0
C:\Users\zero6575\AppData\Local\Temp\ccK7ABRj.s:11     .debug_info:0000000000000000 .Ldebug_info0
C:\Users\zero6575\AppData\Local\Temp\ccK7ABRj.s:67     .debug_macro:0000000000000000 .Ldebug_macro2
C:\Users\zero6575\AppData\Local\Temp\ccK7ABRj.s:1582   .debug_str:0000000000001bab .LASF0
C:\Users\zero6575\AppData\Local\Temp\ccK7ABRj.s:1120   .debug_str:00000000000000ee .LASF1
C:\Users\zero6575\AppData\Local\Temp\ccK7ABRj.s:1660   .debug_str:00000000000020be .LASF2
C:\Users\zero6575\AppData\Local\Temp\ccK7ABRj.s:1682   .debug_str:00000000000021d9 .LASF3
C:\Users\zero6575\AppData\Local\Temp\ccK7ABRj.s:1184   .debug_str:0000000000000514 .LASF4
C:\Users\zero6575\AppData\Local\Temp\ccK7ABRj.s:1466   .debug_str:0000000000001510 .LASF5
C:\Users\zero6575\AppData\Local\Temp\ccK7ABRj.s:1342   .debug_str:0000000000000e7e .LASF6
C:\Users\zero6575\AppData\Local\Temp\ccK7ABRj.s:1422   .debug_str:00000000000012f8 .LASF7
C:\Users\zero6575\AppData\Local\Temp\ccK7ABRj.s:1586   .debug_str:0000000000001bd0 .LASF8
C:\Users\zero6575\AppData\Local\Temp\ccK7ABRj.s:1592   .debug_str:0000000000001cc9 .LASF9
C:\Users\zero6575\AppData\Local\Temp\ccK7ABRj.s:1436   .debug_str:0000000000001390 .LASF10
C:\Users\zero6575\AppData\Local\Temp\ccK7ABRj.s:1496   .debug_str:00000000000016cf .LASF11
C:\Users\zero6575\AppData\Local\Temp\ccK7ABRj.s:1424   .debug_str:000000000000130e .LASF12
C:\Users\zero6575\AppData\Local\Temp\ccK7ABRj.s:1736   .debug_str:0000000000002524 .LASF13
C:\Users\zero6575\AppData\Local\Temp\ccK7ABRj.s:1678   .debug_str:00000000000021a2 .LASF14
C:\Users\zero6575\AppData\Local\Temp\ccK7ABRj.s:1742   .debug_str:0000000000002562 .LASF15
C:\Users\zero6575\AppData\Local\Temp\ccK7ABRj.s:1228   .debug_str:00000000000007f1 .LASF16
C:\Users\zero6575\AppData\Local\Temp\ccK7ABRj.s:1266   .debug_str:00000000000009ff .LASF17
C:\Users\zero6575\AppData\Local\Temp\ccK7ABRj.s:1774   .debug_str:00000000000026f5 .LASF18
C:\Users\zero6575\AppData\Local\Temp\ccK7ABRj.s:1238   .debug_str:0000000000000867 .LASF19
C:\Users\zero6575\AppData\Local\Temp\ccK7ABRj.s:1312   .debug_str:0000000000000cae .LASF20
C:\Users\zero6575\AppData\Local\Temp\ccK7ABRj.s:1388   .debug_str:0000000000001133 .LASF21
C:\Users\zero6575\AppData\Local\Temp\ccK7ABRj.s:1574   .debug_str:0000000000001b14 .LASF22
C:\Users\zero6575\AppData\Local\Temp\ccK7ABRj.s:1278   .debug_str:0000000000000af5 .LASF23
C:\Users\zero6575\AppData\Local\Temp\ccK7ABRj.s:1332   .debug_str:0000000000000de8 .LASF24
C:\Users\zero6575\AppData\Local\Temp\ccK7ABRj.s:1114   .debug_str:00000000000000ac .LASF25
C:\Users\zero6575\AppData\Local\Temp\ccK7ABRj.s:1508   .debug_str:0000000000001766 .LASF26
C:\Users\zero6575\AppData\Local\Temp\ccK7ABRj.s:1440   .debug_str:00000000000013bc .LASF27
C:\Users\zero6575\AppData\Local\Temp\ccK7ABRj.s:1588   .debug_str:0000000000001be4 .LASF28
C:\Users\zero6575\AppData\Local\Temp\ccK7ABRj.s:1376   .debug_str:0000000000001091 .LASF29
C:\Users\zero6575\AppData\Local\Temp\ccK7ABRj.s:1584   .debug_str:0000000000001bb6 .LASF30
C:\Users\zero6575\AppData\Local\Temp\ccK7ABRj.s:1252   .debug_str:0000000000000922 .LASF31
C:\Users\zero6575\AppData\Local\Temp\ccK7ABRj.s:1258   .debug_str:000000000000097b .LASF32
C:\Users\zero6575\AppData\Local\Temp\ccK7ABRj.s:1122   .debug_str:0000000000000107 .LASF33
C:\Users\zero6575\AppData\Local\Temp\ccK7ABRj.s:1354   .debug_str:0000000000000f37 .LASF34
C:\Users\zero6575\AppData\Local\Temp\ccK7ABRj.s:1306   .debug_str:0000000000000c61 .LASF35
C:\Users\zero6575\AppData\Local\Temp\ccK7ABRj.s:1738   .debug_str:0000000000002537 .LASF36
C:\Users\zero6575\AppData\Local\Temp\ccK7ABRj.s:1162   .debug_str:0000000000000396 .LASF37
C:\Users\zero6575\AppData\Local\Temp\ccK7ABRj.s:1662   .debug_str:00000000000020d0 .LASF38
C:\Users\zero6575\AppData\Local\Temp\ccK7ABRj.s:1464   .debug_str:00000000000014ed .LASF39
C:\Users\zero6575\AppData\Local\Temp\ccK7ABRj.s:1756   .debug_str:0000000000002609 .LASF40
C:\Users\zero6575\AppData\Local\Temp\ccK7ABRj.s:1554   .debug_str:00000000000019ab .LASF41
C:\Users\zero6575\AppData\Local\Temp\ccK7ABRj.s:1222   .debug_str:0000000000000789 .LASF42
C:\Users\zero6575\AppData\Local\Temp\ccK7ABRj.s:1456   .debug_str:0000000000001491 .LASF43
C:\Users\zero6575\AppData\Local\Temp\ccK7ABRj.s:1472   .debug_str:000000000000154f .LASF44
C:\Users\zero6575\AppData\Local\Temp\ccK7ABRj.s:1220   .debug_str:0000000000000776 .LASF45
C:\Users\zero6575\AppData\Local\Temp\ccK7ABRj.s:1764   .debug_str:0000000000002670 .LASF46
C:\Users\zero6575\AppData\Local\Temp\ccK7ABRj.s:1460   .debug_str:00000000000014bc .LASF47
C:\Users\zero6575\AppData\Local\Temp\ccK7ABRj.s:1684   .debug_str:00000000000021eb .LASF48
C:\Users\zero6575\AppData\Local\Temp\ccK7ABRj.s:1198   .debug_str:00000000000005ea .LASF49
C:\Users\zero6575\AppData\Local\Temp\ccK7ABRj.s:1288   .debug_str:0000000000000b42 .LASF50
C:\Users\zero6575\AppData\Local\Temp\ccK7ABRj.s:1568   .debug_str:0000000000001ad0 .LASF51
C:\Users\zero6575\AppData\Local\Temp\ccK7ABRj.s:1264   .debug_str:00000000000009e0 .LASF52
C:\Users\zero6575\AppData\Local\Temp\ccK7ABRj.s:1290   .debug_str:0000000000000b64 .LASF53
C:\Users\zero6575\AppData\Local\Temp\ccK7ABRj.s:1340   .debug_str:0000000000000e60 .LASF54
C:\Users\zero6575\AppData\Local\Temp\ccK7ABRj.s:1762   .debug_str:000000000000264d .LASF55
C:\Users\zero6575\AppData\Local\Temp\ccK7ABRj.s:1482   .debug_str:000000000000160b .LASF56
C:\Users\zero6575\AppData\Local\Temp\ccK7ABRj.s:1712   .debug_str:00000000000023d3 .LASF57
C:\Users\zero6575\AppData\Local\Temp\ccK7ABRj.s:1330   .debug_str:0000000000000dc0 .LASF58
C:\Users\zero6575\AppData\Local\Temp\ccK7ABRj.s:1270   .debug_str:0000000000000a3c .LASF59
C:\Users\zero6575\AppData\Local\Temp\ccK7ABRj.s:1746   .debug_str:0000000000002594 .LASF60
C:\Users\zero6575\AppData\Local\Temp\ccK7ABRj.s:1714   .debug_str:00000000000023f6 .LASF61
C:\Users\zero6575\AppData\Local\Temp\ccK7ABRj.s:1322   .debug_str:0000000000000d6c .LASF62
C:\Users\zero6575\AppData\Local\Temp\ccK7ABRj.s:1664   .debug_str:00000000000020e9 .LASF63
C:\Users\zero6575\AppData\Local\Temp\ccK7ABRj.s:1716   .debug_str:000000000000240e .LASF64
C:\Users\zero6575\AppData\Local\Temp\ccK7ABRj.s:1442   .debug_str:00000000000013d5 .LASF65
C:\Users\zero6575\AppData\Local\Temp\ccK7ABRj.s:1250   .debug_str:00000000000008fb .LASF66
C:\Users\zero6575\AppData\Local\Temp\ccK7ABRj.s:1378   .debug_str:00000000000010ab .LASF67
C:\Users\zero6575\AppData\Local\Temp\ccK7ABRj.s:1484   .debug_str:0000000000001634 .LASF68
C:\Users\zero6575\AppData\Local\Temp\ccK7ABRj.s:1672   .debug_str:0000000000002147 .LASF69
C:\Users\zero6575\AppData\Local\Temp\ccK7ABRj.s:1268   .debug_str:0000000000000a0a .LASF70
C:\Users\zero6575\AppData\Local\Temp\ccK7ABRj.s:1698   .debug_str:00000000000022e6 .LASF71
C:\Users\zero6575\AppData\Local\Temp\ccK7ABRj.s:1418   .debug_str:00000000000012bd .LASF72
C:\Users\zero6575\AppData\Local\Temp\ccK7ABRj.s:1572   .debug_str:0000000000001b00 .LASF73
C:\Users\zero6575\AppData\Local\Temp\ccK7ABRj.s:1412   .debug_str:000000000000126f .LASF74
C:\Users\zero6575\AppData\Local\Temp\ccK7ABRj.s:1564   .debug_str:0000000000001a99 .LASF75
C:\Users\zero6575\AppData\Local\Temp\ccK7ABRj.s:1352   .debug_str:0000000000000f10 .LASF76
C:\Users\zero6575\AppData\Local\Temp\ccK7ABRj.s:1578   .debug_str:0000000000001b4c .LASF77
C:\Users\zero6575\AppData\Local\Temp\ccK7ABRj.s:1544   .debug_str:0000000000001925 .LASF78
C:\Users\zero6575\AppData\Local\Temp\ccK7ABRj.s:1596   .debug_str:0000000000001ceb .LASF79
C:\Users\zero6575\AppData\Local\Temp\ccK7ABRj.s:1186   .debug_str:0000000000000526 .LASF80
C:\Users\zero6575\AppData\Local\Temp\ccK7ABRj.s:1616   .debug_str:0000000000001e2a .LASF81
C:\Users\zero6575\AppData\Local\Temp\ccK7ABRj.s:1368   .debug_str:0000000000001005 .LASF82
C:\Users\zero6575\AppData\Local\Temp\ccK7ABRj.s:1204   .debug_str:0000000000000652 .LASF83
C:\Users\zero6575\AppData\Local\Temp\ccK7ABRj.s:1216   .debug_str:000000000000074f .LASF84
C:\Users\zero6575\AppData\Local\Temp\ccK7ABRj.s:1458   .debug_str:00000000000014ab .LASF85
C:\Users\zero6575\AppData\Local\Temp\ccK7ABRj.s:1538   .debug_str:00000000000018e7 .LASF86
C:\Users\zero6575\AppData\Local\Temp\ccK7ABRj.s:1646   .debug_str:0000000000001f8a .LASF87
C:\Users\zero6575\AppData\Local\Temp\ccK7ABRj.s:1126   .debug_str:0000000000000137 .LASF88
C:\Users\zero6575\AppData\Local\Temp\ccK7ABRj.s:1286   .debug_str:0000000000000b30 .LASF89
C:\Users\zero6575\AppData\Local\Temp\ccK7ABRj.s:1334   .debug_str:0000000000000e02 .LASF90
C:\Users\zero6575\AppData\Local\Temp\ccK7ABRj.s:1540   .debug_str:00000000000018f9 .LASF91
C:\Users\zero6575\AppData\Local\Temp\ccK7ABRj.s:1494   .debug_str:00000000000016ac .LASF92
C:\Users\zero6575\AppData\Local\Temp\ccK7ABRj.s:1300   .debug_str:0000000000000c15 .LASF93
C:\Users\zero6575\AppData\Local\Temp\ccK7ABRj.s:1722   .debug_str:000000000000244b .LASF94
C:\Users\zero6575\AppData\Local\Temp\ccK7ABRj.s:1652   .debug_str:0000000000002022 .LASF95
C:\Users\zero6575\AppData\Local\Temp\ccK7ABRj.s:1462   .debug_str:00000000000014d9 .LASF96
C:\Users\zero6575\AppData\Local\Temp\ccK7ABRj.s:1620   .debug_str:0000000000001e67 .LASF97
C:\Users\zero6575\AppData\Local\Temp\ccK7ABRj.s:1704   .debug_str:0000000000002336 .LASF98
C:\Users\zero6575\AppData\Local\Temp\ccK7ABRj.s:1640   .debug_str:0000000000001f49 .LASF99
C:\Users\zero6575\AppData\Local\Temp\ccK7ABRj.s:1730   .debug_str:00000000000024e2 .LASF100
C:\Users\zero6575\AppData\Local\Temp\ccK7ABRj.s:1450   .debug_str:0000000000001442 .LASF101
C:\Users\zero6575\AppData\Local\Temp\ccK7ABRj.s:1520   .debug_str:0000000000001811 .LASF102
C:\Users\zero6575\AppData\Local\Temp\ccK7ABRj.s:1610   .debug_str:0000000000001de4 .LASF103
C:\Users\zero6575\AppData\Local\Temp\ccK7ABRj.s:1284   .debug_str:0000000000000b1d .LASF104
C:\Users\zero6575\AppData\Local\Temp\ccK7ABRj.s:1246   .debug_str:00000000000008ca .LASF105
C:\Users\zero6575\AppData\Local\Temp\ccK7ABRj.s:1770   .debug_str:00000000000026be .LASF106
C:\Users\zero6575\AppData\Local\Temp\ccK7ABRj.s:1680   .debug_str:00000000000021b5 .LASF107
C:\Users\zero6575\AppData\Local\Temp\ccK7ABRj.s:1776   .debug_str:0000000000002706 .LASF108
C:\Users\zero6575\AppData\Local\Temp\ccK7ABRj.s:1336   .debug_str:0000000000000e17 .LASF109
C:\Users\zero6575\AppData\Local\Temp\ccK7ABRj.s:1192   .debug_str:000000000000059c .LASF110
C:\Users\zero6575\AppData\Local\Temp\ccK7ABRj.s:1534   .debug_str:00000000000018b5 .LASF111
C:\Users\zero6575\AppData\Local\Temp\ccK7ABRj.s:1106   .debug_str:0000000000000050 .LASF112
C:\Users\zero6575\AppData\Local\Temp\ccK7ABRj.s:1230   .debug_str:00000000000007f9 .LASF113
C:\Users\zero6575\AppData\Local\Temp\ccK7ABRj.s:1502   .debug_str:0000000000001714 .LASF114
C:\Users\zero6575\AppData\Local\Temp\ccK7ABRj.s:1174   .debug_str:0000000000000457 .LASF115
C:\Users\zero6575\AppData\Local\Temp\ccK7ABRj.s:1158   .debug_str:0000000000000358 .LASF116
C:\Users\zero6575\AppData\Local\Temp\ccK7ABRj.s:1420   .debug_str:00000000000012d0 .LASF117
C:\Users\zero6575\AppData\Local\Temp\ccK7ABRj.s:1320   .debug_str:0000000000000d58 .LASF118
C:\Users\zero6575\AppData\Local\Temp\ccK7ABRj.s:1766   .debug_str:0000000000002688 .LASF119
C:\Users\zero6575\AppData\Local\Temp\ccK7ABRj.s:1444   .debug_str:00000000000013f7 .LASF120
C:\Users\zero6575\AppData\Local\Temp\ccK7ABRj.s:1758   .debug_str:000000000000262c .LASF121
C:\Users\zero6575\AppData\Local\Temp\ccK7ABRj.s:1260   .debug_str:00000000000009a8 .LASF122
C:\Users\zero6575\AppData\Local\Temp\ccK7ABRj.s:1570   .debug_str:0000000000001af0 .LASF123
C:\Users\zero6575\AppData\Local\Temp\ccK7ABRj.s:1112   .debug_str:000000000000008b .LASF124
C:\Users\zero6575\AppData\Local\Temp\ccK7ABRj.s:1454   .debug_str:000000000000147c .LASF125
C:\Users\zero6575\AppData\Local\Temp\ccK7ABRj.s:1370   .debug_str:0000000000001027 .LASF126
C:\Users\zero6575\AppData\Local\Temp\ccK7ABRj.s:1166   .debug_str:00000000000003f2 .LASF127
C:\Users\zero6575\AppData\Local\Temp\ccK7ABRj.s:1768   .debug_str:00000000000026a1 .LASF128
C:\Users\zero6575\AppData\Local\Temp\ccK7ABRj.s:1734   .debug_str:000000000000250d .LASF129
C:\Users\zero6575\AppData\Local\Temp\ccK7ABRj.s:1700   .debug_str:00000000000022fd .LASF130
C:\Users\zero6575\AppData\Local\Temp\ccK7ABRj.s:1358   .debug_str:0000000000000f6a .LASF131
C:\Users\zero6575\AppData\Local\Temp\ccK7ABRj.s:1674   .debug_str:000000000000216f .LASF132
C:\Users\zero6575\AppData\Local\Temp\ccK7ABRj.s:1104   .debug_str:0000000000000038 .LASF133
C:\Users\zero6575\AppData\Local\Temp\ccK7ABRj.s:1372   .debug_str:0000000000001051 .LASF134
C:\Users\zero6575\AppData\Local\Temp\ccK7ABRj.s:1706   .debug_str:0000000000002363 .LASF135
C:\Users\zero6575\AppData\Local\Temp\ccK7ABRj.s:1100   .debug_str:0000000000000000 .LASF136
C:\Users\zero6575\AppData\Local\Temp\ccK7ABRj.s:1244   .debug_str:00000000000008aa .LASF137
C:\Users\zero6575\AppData\Local\Temp\ccK7ABRj.s:1658   .debug_str:000000000000209e .LASF138
C:\Users\zero6575\AppData\Local\Temp\ccK7ABRj.s:1136   .debug_str:00000000000001d6 .LASF139
C:\Users\zero6575\AppData\Local\Temp\ccK7ABRj.s:1272   .debug_str:0000000000000a53 .LASF140
C:\Users\zero6575\AppData\Local\Temp\ccK7ABRj.s:1182   .debug_str:0000000000000500 .LASF141
C:\Users\zero6575\AppData\Local\Temp\ccK7ABRj.s:1160   .debug_str:0000000000000371 .LASF142
C:\Users\zero6575\AppData\Local\Temp\ccK7ABRj.s:1600   .debug_str:0000000000001d19 .LASF143
C:\Users\zero6575\AppData\Local\Temp\ccK7ABRj.s:1492   .debug_str:0000000000001694 .LASF144
C:\Users\zero6575\AppData\Local\Temp\ccK7ABRj.s:1566   .debug_str:0000000000001aba .LASF145
C:\Users\zero6575\AppData\Local\Temp\ccK7ABRj.s:1188   .debug_str:0000000000000536 .LASF146
C:\Users\zero6575\AppData\Local\Temp\ccK7ABRj.s:1348   .debug_str:0000000000000ede .LASF147
C:\Users\zero6575\AppData\Local\Temp\ccK7ABRj.s:1632   .debug_str:0000000000001ef7 .LASF148
C:\Users\zero6575\AppData\Local\Temp\ccK7ABRj.s:1788   .debug_str:000000000000279d .LASF149
C:\Users\zero6575\AppData\Local\Temp\ccK7ABRj.s:1314   .debug_str:0000000000000cc5 .LASF150
C:\Users\zero6575\AppData\Local\Temp\ccK7ABRj.s:1364   .debug_str:0000000000000fb0 .LASF151
C:\Users\zero6575\AppData\Local\Temp\ccK7ABRj.s:1732   .debug_str:00000000000024f4 .LASF152
C:\Users\zero6575\AppData\Local\Temp\ccK7ABRj.s:1402   .debug_str:00000000000011ff .LASF153
C:\Users\zero6575\AppData\Local\Temp\ccK7ABRj.s:1324   .debug_str:0000000000000d89 .LASF154
C:\Users\zero6575\AppData\Local\Temp\ccK7ABRj.s:1434   .debug_str:000000000000137a .LASF155
C:\Users\zero6575\AppData\Local\Temp\ccK7ABRj.s:1510   .debug_str:0000000000001775 .LASF156
C:\Users\zero6575\AppData\Local\Temp\ccK7ABRj.s:1390   .debug_str:0000000000001146 .LASF157
C:\Users\zero6575\AppData\Local\Temp\ccK7ABRj.s:1226   .debug_str:00000000000007b7 .LASF158
C:\Users\zero6575\AppData\Local\Temp\ccK7ABRj.s:1274   .debug_str:0000000000000a76 .LASF159
C:\Users\zero6575\AppData\Local\Temp\ccK7ABRj.s:1240   .debug_str:0000000000000879 .LASF160
C:\Users\zero6575\AppData\Local\Temp\ccK7ABRj.s:1638   .debug_str:0000000000001f32 .LASF161
C:\Users\zero6575\AppData\Local\Temp\ccK7ABRj.s:1362   .debug_str:0000000000000f98 .LASF162
C:\Users\zero6575\AppData\Local\Temp\ccK7ABRj.s:1206   .debug_str:0000000000000664 .LASF163
C:\Users\zero6575\AppData\Local\Temp\ccK7ABRj.s:1432   .debug_str:000000000000136b .LASF164
C:\Users\zero6575\AppData\Local\Temp\ccK7ABRj.s:1622   .debug_str:0000000000001e85 .LASF165
C:\Users\zero6575\AppData\Local\Temp\ccK7ABRj.s:1782   .debug_str:0000000000002753 .LASF166
C:\Users\zero6575\AppData\Local\Temp\ccK7ABRj.s:1486   .debug_str:0000000000001657 .LASF167
C:\Users\zero6575\AppData\Local\Temp\ccK7ABRj.s:1152   .debug_str:00000000000002cb .LASF168
C:\Users\zero6575\AppData\Local\Temp\ccK7ABRj.s:1430   .debug_str:0000000000001354 .LASF169
C:\Users\zero6575\AppData\Local\Temp\ccK7ABRj.s:1726   .debug_str:000000000000248e .LASF170
C:\Users\zero6575\AppData\Local\Temp\ccK7ABRj.s:1134   .debug_str:0000000000000194 .LASF171
C:\Users\zero6575\AppData\Local\Temp\ccK7ABRj.s:1190   .debug_str:0000000000000557 .LASF172
C:\Users\zero6575\AppData\Local\Temp\ccK7ABRj.s:1318   .debug_str:0000000000000d0f .LASF173
C:\Users\zero6575\AppData\Local\Temp\ccK7ABRj.s:1406   .debug_str:0000000000001227 .LASF174
C:\Users\zero6575\AppData\Local\Temp\ccK7ABRj.s:1168   .debug_str:0000000000000408 .LASF175
C:\Users\zero6575\AppData\Local\Temp\ccK7ABRj.s:1212   .debug_str:00000000000006f8 .LASF176
C:\Users\zero6575\AppData\Local\Temp\ccK7ABRj.s:1144   .debug_str:000000000000024a .LASF177
C:\Users\zero6575\AppData\Local\Temp\ccK7ABRj.s:1688   .debug_str:0000000000002229 .LASF178
C:\Users\zero6575\AppData\Local\Temp\ccK7ABRj.s:1310   .debug_str:0000000000000c94 .LASF179
C:\Users\zero6575\AppData\Local\Temp\ccK7ABRj.s:1380   .debug_str:00000000000010c4 .LASF180
C:\Users\zero6575\AppData\Local\Temp\ccK7ABRj.s:1550   .debug_str:0000000000001982 .LASF181
C:\Users\zero6575\AppData\Local\Temp\ccK7ABRj.s:1142   .debug_str:0000000000000231 .LASF182
C:\Users\zero6575\AppData\Local\Temp\ccK7ABRj.s:1356   .debug_str:0000000000000f57 .LASF183
C:\Users\zero6575\AppData\Local\Temp\ccK7ABRj.s:1740   .debug_str:000000000000254a .LASF184
C:\Users\zero6575\AppData\Local\Temp\ccK7ABRj.s:1398   .debug_str:00000000000011ab .LASF185
C:\Users\zero6575\AppData\Local\Temp\ccK7ABRj.s:1156   .debug_str:000000000000031e .LASF186
C:\Users\zero6575\AppData\Local\Temp\ccK7ABRj.s:1316   .debug_str:0000000000000cd3 .LASF187
C:\Users\zero6575\AppData\Local\Temp\ccK7ABRj.s:1276   .debug_str:0000000000000ab4 .LASF188
C:\Users\zero6575\AppData\Local\Temp\ccK7ABRj.s:1668   .debug_str:0000000000002117 .LASF189
C:\Users\zero6575\AppData\Local\Temp\ccK7ABRj.s:1236   .debug_str:000000000000084f .LASF190
C:\Users\zero6575\AppData\Local\Temp\ccK7ABRj.s:1618   .debug_str:0000000000001e4e .LASF191
C:\Users\zero6575\AppData\Local\Temp\ccK7ABRj.s:1360   .debug_str:0000000000000f82 .LASF192
C:\Users\zero6575\AppData\Local\Temp\ccK7ABRj.s:1108   .debug_str:000000000000005f .LASF193
C:\Users\zero6575\AppData\Local\Temp\ccK7ABRj.s:1754   .debug_str:00000000000025f0 .LASF194
C:\Users\zero6575\AppData\Local\Temp\ccK7ABRj.s:1426   .debug_str:0000000000001321 .LASF195
C:\Users\zero6575\AppData\Local\Temp\ccK7ABRj.s:1292   .debug_str:0000000000000b7d .LASF196
C:\Users\zero6575\AppData\Local\Temp\ccK7ABRj.s:1384   .debug_str:0000000000001101 .LASF197
C:\Users\zero6575\AppData\Local\Temp\ccK7ABRj.s:1500   .debug_str:00000000000016fc .LASF198
C:\Users\zero6575\AppData\Local\Temp\ccK7ABRj.s:1560   .debug_str:0000000000001a48 .LASF199
C:\Users\zero6575\AppData\Local\Temp\ccK7ABRj.s:1338   .debug_str:0000000000000e25 .LASF200
C:\Users\zero6575\AppData\Local\Temp\ccK7ABRj.s:1208   .debug_str:0000000000000678 .LASF201
C:\Users\zero6575\AppData\Local\Temp\ccK7ABRj.s:1210   .debug_str:00000000000006b6 .LASF202
C:\Users\zero6575\AppData\Local\Temp\ccK7ABRj.s:1630   .debug_str:0000000000001ee0 .LASF203
C:\Users\zero6575\AppData\Local\Temp\ccK7ABRj.s:1234   .debug_str:0000000000000836 .LASF204
C:\Users\zero6575\AppData\Local\Temp\ccK7ABRj.s:1692   .debug_str:0000000000002266 .LASF205
C:\Users\zero6575\AppData\Local\Temp\ccK7ABRj.s:1636   .debug_str:0000000000001f1c .LASF206
C:\Users\zero6575\AppData\Local\Temp\ccK7ABRj.s:1718   .debug_str:0000000000002430 .LASF207
C:\Users\zero6575\AppData\Local\Temp\ccK7ABRj.s:1670   .debug_str:000000000000212d .LASF208
C:\Users\zero6575\AppData\Local\Temp\ccK7ABRj.s:1524   .debug_str:0000000000001838 .LASF209
C:\Users\zero6575\AppData\Local\Temp\ccK7ABRj.s:1294   .debug_str:0000000000000b93 .LASF210
C:\Users\zero6575\AppData\Local\Temp\ccK7ABRj.s:1786   .debug_str:0000000000002784 .LASF211
C:\Users\zero6575\AppData\Local\Temp\ccK7ABRj.s:1644   .debug_str:0000000000001f71 .LASF212
C:\Users\zero6575\AppData\Local\Temp\ccK7ABRj.s:1146   .debug_str:0000000000000260 .LASF213
C:\Users\zero6575\AppData\Local\Temp\ccK7ABRj.s:1154   .debug_str:00000000000002e2 .LASF214
C:\Users\zero6575\AppData\Local\Temp\ccK7ABRj.s:1214   .debug_str:0000000000000710 .LASF215
C:\Users\zero6575\AppData\Local\Temp\ccK7ABRj.s:1648   .debug_str:0000000000001fa1 .LASF216
C:\Users\zero6575\AppData\Local\Temp\ccK7ABRj.s:1532   .debug_str:000000000000189e .LASF217
C:\Users\zero6575\AppData\Local\Temp\ccK7ABRj.s:1394   .debug_str:0000000000001183 .LASF218
C:\Users\zero6575\AppData\Local\Temp\ccK7ABRj.s:1200   .debug_str:0000000000000607 .LASF219
C:\Users\zero6575\AppData\Local\Temp\ccK7ABRj.s:1628   .debug_str:0000000000001ec8 .LASF220
C:\Users\zero6575\AppData\Local\Temp\ccK7ABRj.s:1760   .debug_str:000000000000263b .LASF221
C:\Users\zero6575\AppData\Local\Temp\ccK7ABRj.s:1242   .debug_str:000000000000088e .LASF222
C:\Users\zero6575\AppData\Local\Temp\ccK7ABRj.s:1410   .debug_str:0000000000001251 .LASF223
C:\Users\zero6575\AppData\Local\Temp\ccK7ABRj.s:1102   .debug_str:000000000000001f .LASF224
C:\Users\zero6575\AppData\Local\Temp\ccK7ABRj.s:1744   .debug_str:0000000000002579 .LASF225
C:\Users\zero6575\AppData\Local\Temp\ccK7ABRj.s:1542   .debug_str:000000000000190b .LASF226
C:\Users\zero6575\AppData\Local\Temp\ccK7ABRj.s:1696   .debug_str:00000000000022a7 .LASF227
C:\Users\zero6575\AppData\Local\Temp\ccK7ABRj.s:1710   .debug_str:0000000000002394 .LASF228
C:\Users\zero6575\AppData\Local\Temp\ccK7ABRj.s:1178   .debug_str:00000000000004a7 .LASF229
C:\Users\zero6575\AppData\Local\Temp\ccK7ABRj.s:1580   .debug_str:0000000000001b65 .LASF230
C:\Users\zero6575\AppData\Local\Temp\ccK7ABRj.s:1414   .debug_str:0000000000001286 .LASF231
C:\Users\zero6575\AppData\Local\Temp\ccK7ABRj.s:1386   .debug_str:0000000000001119 .LASF232
C:\Users\zero6575\AppData\Local\Temp\ccK7ABRj.s:1170   .debug_str:000000000000041f .LASF233
C:\Users\zero6575\AppData\Local\Temp\ccK7ABRj.s:1488   .debug_str:000000000000166c .LASF234
C:\Users\zero6575\AppData\Local\Temp\ccK7ABRj.s:1552   .debug_str:0000000000001999 .LASF235
C:\Users\zero6575\AppData\Local\Temp\ccK7ABRj.s:1256   .debug_str:0000000000000960 .LASF236
C:\Users\zero6575\AppData\Local\Temp\ccK7ABRj.s:1172   .debug_str:000000000000043a .LASF237
C:\Users\zero6575\AppData\Local\Temp\ccK7ABRj.s:1140   .debug_str:0000000000000219 .LASF238
C:\Users\zero6575\AppData\Local\Temp\ccK7ABRj.s:1446   .debug_str:0000000000001410 .LASF239
C:\Users\zero6575\AppData\Local\Temp\ccK7ABRj.s:1514   .debug_str:00000000000017c1 .LASF240
C:\Users\zero6575\AppData\Local\Temp\ccK7ABRj.s:1650   .debug_str:0000000000001fe4 .LASF241
C:\Users\zero6575\AppData\Local\Temp\ccK7ABRj.s:1366   .debug_str:0000000000000fc7 .LASF242
C:\Users\zero6575\AppData\Local\Temp\ccK7ABRj.s:1176   .debug_str:0000000000000466 .LASF243
C:\Users\zero6575\AppData\Local\Temp\ccK7ABRj.s:1606   .debug_str:0000000000001d87 .LASF244
C:\Users\zero6575\AppData\Local\Temp\ccK7ABRj.s:1116   .debug_str:00000000000000c0 .LASF245
C:\Users\zero6575\AppData\Local\Temp\ccK7ABRj.s:1626   .debug_str:0000000000001eae .LASF246
C:\Users\zero6575\AppData\Local\Temp\ccK7ABRj.s:1148   .debug_str:000000000000029c .LASF247
C:\Users\zero6575\AppData\Local\Temp\ccK7ABRj.s:1608   .debug_str:0000000000001dcc .LASF248
C:\Users\zero6575\AppData\Local\Temp\ccK7ABRj.s:1728   .debug_str:00000000000024d0 .LASF249
C:\Users\zero6575\AppData\Local\Temp\ccK7ABRj.s:1110   .debug_str:000000000000006f .LASF250
C:\Users\zero6575\AppData\Local\Temp\ccK7ABRj.s:1556   .debug_str:00000000000019c8 .LASF251
C:\Users\zero6575\AppData\Local\Temp\ccK7ABRj.s:1308   .debug_str:0000000000000c7b .LASF252
C:\Users\zero6575\AppData\Local\Temp\ccK7ABRj.s:1686   .debug_str:000000000000220e .LASF253
C:\Users\zero6575\AppData\Local\Temp\ccK7ABRj.s:1138   .debug_str:00000000000001ff .LASF254
C:\Users\zero6575\AppData\Local\Temp\ccK7ABRj.s:1654   .debug_str:0000000000002039 .LASF255
C:\Users\zero6575\AppData\Local\Temp\ccK7ABRj.s:1344   .debug_str:0000000000000e8f .LASF256
C:\Users\zero6575\AppData\Local\Temp\ccK7ABRj.s:1164   .debug_str:00000000000003b1 .LASF257
C:\Users\zero6575\AppData\Local\Temp\ccK7ABRj.s:1296   .debug_str:0000000000000baa .LASF258
C:\Users\zero6575\AppData\Local\Temp\ccK7ABRj.s:1180   .debug_str:00000000000004e8 .LASF259
C:\Users\zero6575\AppData\Local\Temp\ccK7ABRj.s:1400   .debug_str:00000000000011e5 .LASF260
C:\Users\zero6575\AppData\Local\Temp\ccK7ABRj.s:1248   .debug_str:00000000000008e0 .LASF261
C:\Users\zero6575\AppData\Local\Temp\ccK7ABRj.s:1598   .debug_str:0000000000001d04 .LASF262
C:\Users\zero6575\AppData\Local\Temp\ccK7ABRj.s:1518   .debug_str:00000000000017f9 .LASF263
C:\Users\zero6575\AppData\Local\Temp\ccK7ABRj.s:1218   .debug_str:0000000000000761 .LASF264
C:\Users\zero6575\AppData\Local\Temp\ccK7ABRj.s:1506   .debug_str:0000000000001750 .LASF265
C:\Users\zero6575\AppData\Local\Temp\ccK7ABRj.s:1350   .debug_str:0000000000000ef4 .LASF266
C:\Users\zero6575\AppData\Local\Temp\ccK7ABRj.s:1708   .debug_str:000000000000237b .LASF267
C:\Users\zero6575\AppData\Local\Temp\ccK7ABRj.s:1694   .debug_str:0000000000002280 .LASF268
C:\Users\zero6575\AppData\Local\Temp\ccK7ABRj.s:1130   .debug_str:0000000000000165 .LASF269
C:\Users\zero6575\AppData\Local\Temp\ccK7ABRj.s:1132   .debug_str:000000000000017b .LASF270
C:\Users\zero6575\AppData\Local\Temp\ccK7ABRj.s:1224   .debug_str:00000000000007a1 .LASF271
C:\Users\zero6575\AppData\Local\Temp\ccK7ABRj.s:1780   .debug_str:000000000000273c .LASF272
C:\Users\zero6575\AppData\Local\Temp\ccK7ABRj.s:1656   .debug_str:0000000000002078 .LASF273
C:\Users\zero6575\AppData\Local\Temp\ccK7ABRj.s:1498   .debug_str:00000000000016e2 .LASF274
C:\Users\zero6575\AppData\Local\Temp\ccK7ABRj.s:1202   .debug_str:0000000000000621 .LASF275
C:\Users\zero6575\AppData\Local\Temp\ccK7ABRj.s:1536   .debug_str:00000000000018d0 .LASF276
C:\Users\zero6575\AppData\Local\Temp\ccK7ABRj.s:1128   .debug_str:000000000000014a .LASF277
C:\Users\zero6575\AppData\Local\Temp\ccK7ABRj.s:1448   .debug_str:000000000000142a .LASF278
C:\Users\zero6575\AppData\Local\Temp\ccK7ABRj.s:1438   .debug_str:00000000000013a3 .LASF279
C:\Users\zero6575\AppData\Local\Temp\ccK7ABRj.s:1478   .debug_str:000000000000159d .LASF280
C:\Users\zero6575\AppData\Local\Temp\ccK7ABRj.s:1124   .debug_str:000000000000011c .LASF281
C:\Users\zero6575\AppData\Local\Temp\ccK7ABRj.s:1604   .debug_str:0000000000001d42 .LASF282
C:\Users\zero6575\AppData\Local\Temp\ccK7ABRj.s:1676   .debug_str:000000000000218d .LASF283
C:\Users\zero6575\AppData\Local\Temp\ccK7ABRj.s:1750   .debug_str:00000000000025c2 .LASF284
C:\Users\zero6575\AppData\Local\Temp\ccK7ABRj.s:1784   .debug_str:000000000000276d .LASF285
C:\Users\zero6575\AppData\Local\Temp\ccK7ABRj.s:1326   .debug_str:0000000000000d9f .LASF286
C:\Users\zero6575\AppData\Local\Temp\ccK7ABRj.s:1452   .debug_str:0000000000001457 .LASF287
C:\Users\zero6575\AppData\Local\Temp\ccK7ABRj.s:1576   .debug_str:0000000000001b27 .LASF288
C:\Users\zero6575\AppData\Local\Temp\ccK7ABRj.s:1778   .debug_str:000000000000271e .LASF289
C:\Users\zero6575\AppData\Local\Temp\ccK7ABRj.s:1516   .debug_str:00000000000017db .LASF290
C:\Users\zero6575\AppData\Local\Temp\ccK7ABRj.s:1546   .debug_str:0000000000001948 .LASF291
C:\Users\zero6575\AppData\Local\Temp\ccK7ABRj.s:1302   .debug_str:0000000000000c2a .LASF292
C:\Users\zero6575\AppData\Local\Temp\ccK7ABRj.s:1196   .debug_str:00000000000005c9 .LASF293
C:\Users\zero6575\AppData\Local\Temp\ccK7ABRj.s:1470   .debug_str:0000000000001530 .LASF294
C:\Users\zero6575\AppData\Local\Temp\ccK7ABRj.s:1504   .debug_str:0000000000001733 .LASF295
C:\Users\zero6575\AppData\Local\Temp\ccK7ABRj.s:1724   .debug_str:0000000000002470 .LASF296
C:\Users\zero6575\AppData\Local\Temp\ccK7ABRj.s:1416   .debug_str:000000000000129e .LASF297
C:\Users\zero6575\AppData\Local\Temp\ccK7ABRj.s:1232   .debug_str:0000000000000812 .LASF298
C:\Users\zero6575\AppData\Local\Temp\ccK7ABRj.s:1382   .debug_str:00000000000010e0 .LASF299
C:\Users\zero6575\AppData\Local\Temp\ccK7ABRj.s:1772   .debug_str:00000000000026d9 .LASF300
C:\Users\zero6575\AppData\Local\Temp\ccK7ABRj.s:1262   .debug_str:00000000000009c4 .LASF301
C:\Users\zero6575\AppData\Local\Temp\ccK7ABRj.s:1304   .debug_str:0000000000000c4c .LASF302
C:\Users\zero6575\AppData\Local\Temp\ccK7ABRj.s:1512   .debug_str:00000000000017ac .LASF303
C:\Users\zero6575\AppData\Local\Temp\ccK7ABRj.s:1150   .debug_str:00000000000002b7 .LASF304
C:\Users\zero6575\AppData\Local\Temp\ccK7ABRj.s:1254   .debug_str:0000000000000949 .LASF305
C:\Users\zero6575\AppData\Local\Temp\ccK7ABRj.s:1720   .debug_str:0000000000002441 .LASF306
C:\Users\zero6575\AppData\Local\Temp\ccK7ABRj.s:1468   .debug_str:000000000000151b .LASF307
C:\Users\zero6575\AppData\Local\Temp\ccK7ABRj.s:1624   .debug_str:0000000000001e9d .LASF308
C:\Users\zero6575\AppData\Local\Temp\ccK7ABRj.s:1612   .debug_str:0000000000001e06 .LASF309
C:\Users\zero6575\AppData\Local\Temp\ccK7ABRj.s:1522   .debug_str:000000000000182a .LASF310
C:\Users\zero6575\AppData\Local\Temp\ccK7ABRj.s:1490   .debug_str:0000000000001683 .LASF311
C:\Users\zero6575\AppData\Local\Temp\ccK7ABRj.s:1346   .debug_str:0000000000000ece .LASF312
C:\Users\zero6575\AppData\Local\Temp\ccK7ABRj.s:1374   .debug_str:0000000000001078 .LASF313
C:\Users\zero6575\AppData\Local\Temp\ccK7ABRj.s:1548   .debug_str:000000000000196a .LASF314
C:\Users\zero6575\AppData\Local\Temp\ccK7ABRj.s:1282   .debug_str:0000000000000b13 .LASF315
C:\Users\zero6575\AppData\Local\Temp\ccK7ABRj.s:1392   .debug_str:000000000000117d .LASF316
C:\Users\zero6575\AppData\Local\Temp\ccK7ABRj.s:1408   .debug_str:000000000000123c .LASF317
C:\Users\zero6575\AppData\Local\Temp\ccK7ABRj.s:1118   .debug_str:00000000000000d8 .LASF318
C:\Users\zero6575\AppData\Local\Temp\ccK7ABRj.s:1562   .debug_str:0000000000001a83 .LASF319
C:\Users\zero6575\AppData\Local\Temp\ccK7ABRj.s:1602   .debug_str:0000000000001d29 .LASF320
C:\Users\zero6575\AppData\Local\Temp\ccK7ABRj.s:1474   .debug_str:0000000000001568 .LASF321
C:\Users\zero6575\AppData\Local\Temp\ccK7ABRj.s:1280   .debug_str:0000000000000b09 .LASF322
C:\Users\zero6575\AppData\Local\Temp\ccK7ABRj.s:1476   .debug_str:000000000000158a .LASF323
C:\Users\zero6575\AppData\Local\Temp\ccK7ABRj.s:1634   .debug_str:0000000000001f07 .LASF324
C:\Users\zero6575\AppData\Local\Temp\ccK7ABRj.s:1690   .debug_str:0000000000002239 .LASF325
C:\Users\zero6575\AppData\Local\Temp\ccK7ABRj.s:1298   .debug_str:0000000000000bf0 .LASF326
C:\Users\zero6575\AppData\Local\Temp\ccK7ABRj.s:1748   .debug_str:00000000000025ac .LASF327
C:\Users\zero6575\AppData\Local\Temp\ccK7ABRj.s:1526   .debug_str:0000000000001854 .LASF328
C:\Users\zero6575\AppData\Local\Temp\ccK7ABRj.s:1614   .debug_str:0000000000001e14 .LASF329
C:\Users\zero6575\AppData\Local\Temp\ccK7ABRj.s:1404   .debug_str:0000000000001213 .LASF330
C:\Users\zero6575\AppData\Local\Temp\ccK7ABRj.s:1328   .debug_str:0000000000000daf .LASF331
C:\Users\zero6575\AppData\Local\Temp\ccK7ABRj.s:1428   .debug_str:000000000000133c .LASF332
C:\Users\zero6575\AppData\Local\Temp\ccK7ABRj.s:1666   .debug_str:000000000000210a .LASF333
C:\Users\zero6575\AppData\Local\Temp\ccK7ABRj.s:1396   .debug_str:000000000000119c .LASF334
C:\Users\zero6575\AppData\Local\Temp\ccK7ABRj.s:1642   .debug_str:0000000000001f61 .LASF335
C:\Users\zero6575\AppData\Local\Temp\ccK7ABRj.s:1528   .debug_str:0000000000001869 .LASF336
C:\Users\zero6575\AppData\Local\Temp\ccK7ABRj.s:1530   .debug_str:0000000000001883 .LASF337
C:\Users\zero6575\AppData\Local\Temp\ccK7ABRj.s:1702   .debug_str:000000000000231b .LASF338
C:\Users\zero6575\AppData\Local\Temp\ccK7ABRj.s:1194   .debug_str:00000000000005b3 .LASF339
C:\Users\zero6575\AppData\Local\Temp\ccK7ABRj.s:1594   .debug_str:0000000000001cdc .LASF340
C:\Users\zero6575\AppData\Local\Temp\ccK7ABRj.s:1752   .debug_str:00000000000025d9 .LASF341
                           .group:0000000000000000 wm4.0.29db371e8b94e604acd9f4c2cef2c360

NO UNDEFINED SYMBOLS
