

================================================================
== Vitis HLS Report for 'bypass_hw'
================================================================
* Date:           Wed May  6 22:28:23 2026

* Version:        2025.2 (Build 6295257 on Nov 12 2025)
* Project:        bypass_hls
* Solution:       hls (Vivado IP Flow Target)
* Product family: zynquplus
* Target device:  xck26-sfvc784-2LV-c


================================================================
== Performance Estimates
================================================================
+ Timing: 
    * Summary: 
    +--------+----------+----------+------------+
    |  Clock |  Target  | Estimated| Uncertainty|
    +--------+----------+----------+------------+
    |ap_clk  |  10.00 ns|  3.420 ns|     2.70 ns|
    +--------+----------+----------+------------+

+ Latency: 
    * Summary: 
    +---------+---------+-----------+-----------+-----+-----+---------+
    |  Latency (cycles) |   Latency (absolute)  |  Interval | Pipeline|
    |   min   |   max   |    min    |    max    | min | max |   Type  |
    +---------+---------+-----------+-----------+-----+-----+---------+
    |        2|        2|  20.000 ns|  20.000 ns|    3|    3|       no|
    +---------+---------+-----------+-----------+-----+-----+---------+

    + Detail: 
        * Instance: 
        N/A

        * Loop: 
        N/A

============================================================
+ Verbose Summary: Synthesis Manager
============================================================
InlineROM: 1
ExposeGlobal: 0
============================================================
+ Verbose Summary: CDFG Model
============================================================
IsTopModel: 1
ResetActiveHigh: 1
IsCombinational: 0
IsDatapathOnly: 0
HasWiredReturn: 1
HasMFsm: 0
HasVarLatency: 1
IsPipeline: 0
IsRtlPipelined: 0
IsInstanceOverlapped: 0
IsDontTouch: 0
HasImplIP: 0
IsGatedGlobalClock: 0


============================================================
+ Verbose Summary: Schedule
============================================================
* Number of FSM states : 3
* Pipeline : 0
* Dataflow Pipeline: 0

* FSM state transitions: 
1 --> 2 
2 --> 3 
3 --> 

* FSM state operations: 

State 1 <SV = 0> <Delay = 3.42>
ST_1 : Operation 4 [1/1] (1.00ns)   --->   "%tlast_dnum_read = read i16 @_ssdm_op_Read.s_axilite.i16, i16 %tlast_dnum"   --->   Operation 4 'read' 'tlast_dnum_read' <Predicate = true> <Delay = 1.00> <CoreInst = "s_axilite">   --->   Core 120 's_axilite' <Latency = 0> <II = 1> <Delay = 1.00> <Adapter> <Opcode : 'read' 'write'>
ST_1 : Operation 5 [1/1] (0.00ns)   --->   "%cnt_load = load i16 %cnt" [bypass_hw.cpp:22]   --->   Operation 5 'load' 'cnt_load' <Predicate = true> <Delay = 0.00>
ST_1 : Operation 6 [1/1] (0.85ns)   --->   "%add_ln22 = add i16 %cnt_load, i16 1" [bypass_hw.cpp:22]   --->   Operation 6 'add' 'add_ln22' <Predicate = true> <Delay = 0.85> <CoreInst = "Adder">   --->   Core 1 'Adder' <Latency = 0> <II = 1> <Delay = 0.85> <FuncUnit> <Opcode : 'add' 'sub'> <InPorts = 2> <OutPorts = 1>
ST_1 : Operation 7 [1/1] (0.00ns)   --->   "%input_l_read = read i24 @_ssdm_op_Read.ap_hs.i24P0A, i24 %input_l" [bypass_hw.cpp:23]   --->   Operation 7 'read' 'input_l_read' <Predicate = true> <Delay = 0.00>
ST_1 : Operation 8 [1/1] (0.00ns)   --->   "%out_data_data = bitconcatenate i32 @_ssdm_op_BitConcatenate.i32.i24.i8, i24 %input_l_read, i8 0" [bypass_hw.cpp:23]   --->   Operation 8 'bitconcatenate' 'out_data_data' <Predicate = true> <Delay = 0.00>
ST_1 : Operation 9 [1/1] (0.85ns)   --->   "%out_data_last = icmp_eq  i16 %add_ln22, i16 %tlast_dnum_read" [bypass_hw.cpp:24]   --->   Operation 9 'icmp' 'out_data_last' <Predicate = true> <Delay = 0.85> <CoreInst = "Cmp">   --->   Core 9 'Cmp' <Latency = 0> <II = 1> <Delay = 0.85> <FuncUnit> <Opcode : 'seteq' 'setne' 'setle' 'setge' 'setlt' 'setgt'> <InPorts = 2> <OutPorts = 1>
ST_1 : Operation 10 [2/2] (0.49ns)   --->   "%write_ln26 = write void @_ssdm_op_Write.axis.volatile.i32P0A.i4P0A.i4P0A.i1P0A, i32 %res_V_data_V, i4 %res_V_keep_V, i4 %res_V_strb_V, i1 %res_V_last_V, i32 %out_data_data, i4 15, i4 15, i1 %out_data_last" [bypass_hw.cpp:26]   --->   Operation 10 'write' 'write_ln26' <Predicate = true> <Delay = 0.49> <CoreInst = "regslice">   --->   Core 147 'regslice' <Latency = 0> <II = 1> <Delay = 0.65> <Adapter> <Opcode : 'read' 'write'>
ST_1 : Operation 11 [1/1] (0.85ns)   --->   "%add_ln33 = add i16 %cnt_load, i16 2" [bypass_hw.cpp:33]   --->   Operation 11 'add' 'add_ln33' <Predicate = true> <Delay = 0.85> <CoreInst = "Adder">   --->   Core 1 'Adder' <Latency = 0> <II = 1> <Delay = 0.85> <FuncUnit> <Opcode : 'add' 'sub'> <InPorts = 2> <OutPorts = 1>
ST_1 : Operation 12 [1/1] (0.35ns)   --->   "%select_ln33 = select i1 %out_data_last, i16 1, i16 %add_ln33" [bypass_hw.cpp:33]   --->   Operation 12 'select' 'select_ln33' <Predicate = true> <Delay = 0.35> <CoreInst = "Sel">   --->   Core 73 'Sel' <Latency = 0> <II = 1> <Delay = 0.35> <FuncUnit> <Opcode : 'select'> <InPorts = 3> <OutPorts = 1>
ST_1 : Operation 13 [1/1] (0.00ns)   --->   "%input_r_read = read i24 @_ssdm_op_Read.ap_hs.i24P0A, i24 %input_r" [bypass_hw.cpp:34]   --->   Operation 13 'read' 'input_r_read' <Predicate = true> <Delay = 0.00>
ST_1 : Operation 14 [1/1] (0.85ns)   --->   "%out_data_last_1 = icmp_eq  i16 %select_ln33, i16 %tlast_dnum_read" [bypass_hw.cpp:35]   --->   Operation 14 'icmp' 'out_data_last_1' <Predicate = true> <Delay = 0.85> <CoreInst = "Cmp">   --->   Core 9 'Cmp' <Latency = 0> <II = 1> <Delay = 0.85> <FuncUnit> <Opcode : 'seteq' 'setne' 'setle' 'setge' 'setlt' 'setgt'> <InPorts = 2> <OutPorts = 1>
ST_1 : Operation 15 [1/1] (0.35ns)   --->   "%select_ln39 = select i1 %out_data_last_1, i16 0, i16 %select_ln33" [bypass_hw.cpp:39]   --->   Operation 15 'select' 'select_ln39' <Predicate = true> <Delay = 0.35> <CoreInst = "Sel">   --->   Core 73 'Sel' <Latency = 0> <II = 1> <Delay = 0.35> <FuncUnit> <Opcode : 'select'> <InPorts = 3> <OutPorts = 1>
ST_1 : Operation 16 [1/1] (0.00ns)   --->   "%store_ln33 = store i16 %select_ln39, i16 %cnt" [bypass_hw.cpp:33]   --->   Operation 16 'store' 'store_ln33' <Predicate = true> <Delay = 0.00>

State 2 <SV = 1> <Delay = 0.49>
ST_2 : Operation 17 [1/2] ( I:0.49ns O:0.49ns )   --->   "%write_ln26 = write void @_ssdm_op_Write.axis.volatile.i32P0A.i4P0A.i4P0A.i1P0A, i32 %res_V_data_V, i4 %res_V_keep_V, i4 %res_V_strb_V, i1 %res_V_last_V, i32 %out_data_data, i4 15, i4 15, i1 %out_data_last" [bypass_hw.cpp:26]   --->   Operation 17 'write' 'write_ln26' <Predicate = true> <Delay = 0.49> <CoreInst = "regslice">   --->   Core 147 'regslice' <Latency = 0> <II = 1> <Delay = 0.65> <Adapter> <Opcode : 'read' 'write'>
ST_2 : Operation 18 [1/1] (0.00ns)   --->   "%out_data_data_1 = bitconcatenate i32 @_ssdm_op_BitConcatenate.i32.i24.i8, i24 %input_r_read, i8 0" [bypass_hw.cpp:34]   --->   Operation 18 'bitconcatenate' 'out_data_data_1' <Predicate = true> <Delay = 0.00>
ST_2 : Operation 19 [2/2] (0.49ns)   --->   "%write_ln37 = write void @_ssdm_op_Write.axis.volatile.i32P0A.i4P0A.i4P0A.i1P0A, i32 %res_V_data_V, i4 %res_V_keep_V, i4 %res_V_strb_V, i1 %res_V_last_V, i32 %out_data_data_1, i4 15, i4 15, i1 %out_data_last_1" [bypass_hw.cpp:37]   --->   Operation 19 'write' 'write_ln37' <Predicate = true> <Delay = 0.49> <CoreInst = "regslice">   --->   Core 147 'regslice' <Latency = 0> <II = 1> <Delay = 0.65> <Adapter> <Opcode : 'read' 'write'>

State 3 <SV = 2> <Delay = 0.49>
ST_3 : Operation 20 [1/1] (0.00ns)   --->   "%spectopmodule_ln11 = spectopmodule void @_ssdm_op_SpecTopModule, void @empty_8" [bypass_hw.cpp:11]   --->   Operation 20 'spectopmodule' 'spectopmodule_ln11' <Predicate = true> <Delay = 0.00>
ST_3 : Operation 21 [1/1] (0.00ns)   --->   "%specinterface_ln11 = specinterface void @_ssdm_op_SpecInterface, i32 0, void @empty_9, i32 0, i32 0, void @empty_0, i32 0, i32 0, void @empty_0, void @empty_0, void @empty_0, i32 0, i32 0, i32 0, i32 0, void @empty_0, void @empty_0, i32 4294967295, i32 0, i32 0, i32 0" [bypass_hw.cpp:11]   --->   Operation 21 'specinterface' 'specinterface_ln11' <Predicate = true> <Delay = 0.00>
ST_3 : Operation 22 [1/1] (0.00ns)   --->   "%specbitsmap_ln0 = specbitsmap void @_ssdm_op_SpecBitsMap, i16 %tlast_dnum"   --->   Operation 22 'specbitsmap' 'specbitsmap_ln0' <Predicate = true> <Delay = 0.00>
ST_3 : Operation 23 [1/1] (0.00ns)   --->   "%specinterface_ln0 = specinterface void @_ssdm_op_SpecInterface, i16 %tlast_dnum, void @empty, i32 4294967295, i32 4294967295, void @empty_0, i32 0, i32 0, void @empty_1, void @empty_2, void @empty_0, i32 0, i32 0, i32 0, i32 0, void @empty_0, void @empty_0, i32 4294967295, i32 0, i32 0, i32 0"   --->   Operation 23 'specinterface' 'specinterface_ln0' <Predicate = true> <Delay = 0.00>
ST_3 : Operation 24 [1/1] (0.00ns)   --->   "%specinterface_ln0 = specinterface void @_ssdm_op_SpecInterface, i16 %tlast_dnum, void @empty_3, i32 0, i32 0, void @empty_0, i32 0, i32 0, void @empty_0, void @empty_0, void @empty_0, i32 0, i32 0, i32 0, i32 0, void @empty_0, void @empty_0, i32 4294967295, i32 0, i32 0, i32 0"   --->   Operation 24 'specinterface' 'specinterface_ln0' <Predicate = true> <Delay = 0.00>
ST_3 : Operation 25 [1/1] (0.00ns)   --->   "%specbitsmap_ln0 = specbitsmap void @_ssdm_op_SpecBitsMap, i24 %input_l"   --->   Operation 25 'specbitsmap' 'specbitsmap_ln0' <Predicate = true> <Delay = 0.00>
ST_3 : Operation 26 [1/1] (0.00ns)   --->   "%specinterface_ln0 = specinterface void @_ssdm_op_SpecInterface, i24 %input_l, void @empty_4, i32 4294967295, i32 4294967295, void @empty_0, i32 0, i32 0, void @empty_0, void @empty_0, void @empty_0, i32 0, i32 0, i32 0, i32 0, void @empty_0, void @empty_0, i32 4294967295, i32 0, i32 0, i32 0"   --->   Operation 26 'specinterface' 'specinterface_ln0' <Predicate = true> <Delay = 0.00>
ST_3 : Operation 27 [1/1] (0.00ns)   --->   "%specbitsmap_ln0 = specbitsmap void @_ssdm_op_SpecBitsMap, i24 %input_r"   --->   Operation 27 'specbitsmap' 'specbitsmap_ln0' <Predicate = true> <Delay = 0.00>
ST_3 : Operation 28 [1/1] (0.00ns)   --->   "%specinterface_ln0 = specinterface void @_ssdm_op_SpecInterface, i24 %input_r, void @empty_4, i32 4294967295, i32 4294967295, void @empty_0, i32 0, i32 0, void @empty_0, void @empty_0, void @empty_0, i32 0, i32 0, i32 0, i32 0, void @empty_0, void @empty_0, i32 4294967295, i32 0, i32 0, i32 0"   --->   Operation 28 'specinterface' 'specinterface_ln0' <Predicate = true> <Delay = 0.00>
ST_3 : Operation 29 [1/1] (0.00ns)   --->   "%specinterface_ln0 = specinterface void @_ssdm_op_SpecInterface, i32 %res_V_data_V, i4 %res_V_keep_V, i4 %res_V_strb_V, i1 %res_V_last_V, void @empty_5, i32 1, i32 1, void @empty_6, i32 0, i32 0, void @empty_0, void @empty_0, void @empty_0, i32 0, i32 0, i32 0, i32 0, void @empty_0, void @empty_0, i32 4294967295, i32 0, i32 0, i32 0"   --->   Operation 29 'specinterface' 'specinterface_ln0' <Predicate = true> <Delay = 0.00>
ST_3 : Operation 30 [1/1] (0.00ns)   --->   "%specbitsmap_ln0 = specbitsmap void @_ssdm_op_SpecBitsMap, i32 %res_V_data_V"   --->   Operation 30 'specbitsmap' 'specbitsmap_ln0' <Predicate = true> <Delay = 0.00>
ST_3 : Operation 31 [1/1] (0.00ns)   --->   "%specbitsmap_ln0 = specbitsmap void @_ssdm_op_SpecBitsMap, i4 %res_V_keep_V"   --->   Operation 31 'specbitsmap' 'specbitsmap_ln0' <Predicate = true> <Delay = 0.00>
ST_3 : Operation 32 [1/1] (0.00ns)   --->   "%specbitsmap_ln0 = specbitsmap void @_ssdm_op_SpecBitsMap, i4 %res_V_strb_V"   --->   Operation 32 'specbitsmap' 'specbitsmap_ln0' <Predicate = true> <Delay = 0.00>
ST_3 : Operation 33 [1/1] (0.00ns)   --->   "%specbitsmap_ln0 = specbitsmap void @_ssdm_op_SpecBitsMap, i1 %res_V_last_V"   --->   Operation 33 'specbitsmap' 'specbitsmap_ln0' <Predicate = true> <Delay = 0.00>
ST_3 : Operation 34 [1/1] (0.00ns)   --->   "%specaxissidechannel_ln28 = specaxissidechannel void @_ssdm_op_SpecAXISSideChannel, i32 %res_V_data_V, i4 %res_V_keep_V, i4 %res_V_strb_V, i1 0, i1 %res_V_last_V, i1 0, i1 0, void @empty_7" [bypass_hw.cpp:28]   --->   Operation 34 'specaxissidechannel' 'specaxissidechannel_ln28' <Predicate = true> <Delay = 0.00>
ST_3 : Operation 35 [1/2] ( I:0.49ns O:0.49ns )   --->   "%write_ln37 = write void @_ssdm_op_Write.axis.volatile.i32P0A.i4P0A.i4P0A.i1P0A, i32 %res_V_data_V, i4 %res_V_keep_V, i4 %res_V_strb_V, i1 %res_V_last_V, i32 %out_data_data_1, i4 15, i4 15, i1 %out_data_last_1" [bypass_hw.cpp:37]   --->   Operation 35 'write' 'write_ln37' <Predicate = true> <Delay = 0.49> <CoreInst = "regslice">   --->   Core 147 'regslice' <Latency = 0> <II = 1> <Delay = 0.65> <Adapter> <Opcode : 'read' 'write'>
ST_3 : Operation 36 [1/1] (0.00ns)   --->   "%ret_ln42 = ret" [bypass_hw.cpp:42]   --->   Operation 36 'ret' 'ret_ln42' <Predicate = true> <Delay = 0.00>


============================================================
+ Verbose Summary: Binding
============================================================
STG Binding: 
---------------- STG Properties BEGIN ----------------
- Is combinational: 0
- Is one-state seq: 0
- Is datapath-only: 0
- Is pipelined: 0
- Is top level: 1
Port [ Return ] is wired: 1; IO mode=ap_ctrl_none:ce=0
Port [ tlast_dnum]:  wired=1; compound=0; hidden=0; nouse=0; global=0; static=0; extern=0; dir=0; type=0; pingpong=0; private_global=0; IO mode=ap_none:ce=0
Port [ input_l]:  wired=1; compound=0; hidden=0; nouse=0; global=0; static=0; extern=0; dir=0; type=0; pingpong=0; private_global=0; IO mode=ap_hs:ce=0
Port [ input_r]:  wired=1; compound=0; hidden=0; nouse=0; global=0; static=0; extern=0; dir=0; type=0; pingpong=0; private_global=0; IO mode=ap_hs:ce=0
Port [ res_V_data_V]:  wired=1; compound=1; hidden=0; nouse=0; global=0; static=0; extern=0; dir=1; type=0; pingpong=0; private_global=0; IO mode=axis:ce=0
Port [ res_V_keep_V]:  wired=1; compound=1; hidden=0; nouse=0; global=0; static=0; extern=0; dir=1; type=0; pingpong=0; private_global=0; IO mode=axis:ce=0
Port [ res_V_strb_V]:  wired=1; compound=1; hidden=0; nouse=0; global=0; static=0; extern=0; dir=1; type=0; pingpong=0; private_global=0; IO mode=axis:ce=0
Port [ res_V_last_V]:  wired=1; compound=1; hidden=0; nouse=0; global=0; static=0; extern=0; dir=1; type=0; pingpong=0; private_global=0; IO mode=axis:ce=0
Port [ cnt]:  wired=0; compound=0; hidden=1; nouse=0; global=1; static=1; extern=0; dir=2; type=0; pingpong=0; private_global=1; IO mode=ap_ovld:ce=0
---------------- STG Properties END ------------------

---------------- Datapath Model BEGIN ----------------

<LifeTime>
<method=bitvector/>
tlast_dnum_read          (read               ) [ 0000]
cnt_load                 (load               ) [ 0000]
add_ln22                 (add                ) [ 0000]
input_l_read             (read               ) [ 0000]
out_data_data            (bitconcatenate     ) [ 0010]
out_data_last            (icmp               ) [ 0010]
add_ln33                 (add                ) [ 0000]
select_ln33              (select             ) [ 0000]
input_r_read             (read               ) [ 0010]
out_data_last_1          (icmp               ) [ 0011]
select_ln39              (select             ) [ 0000]
store_ln33               (store              ) [ 0000]
write_ln26               (write              ) [ 0000]
out_data_data_1          (bitconcatenate     ) [ 0001]
spectopmodule_ln11       (spectopmodule      ) [ 0000]
specinterface_ln11       (specinterface      ) [ 0000]
specbitsmap_ln0          (specbitsmap        ) [ 0000]
specinterface_ln0        (specinterface      ) [ 0000]
specinterface_ln0        (specinterface      ) [ 0000]
specbitsmap_ln0          (specbitsmap        ) [ 0000]
specinterface_ln0        (specinterface      ) [ 0000]
specbitsmap_ln0          (specbitsmap        ) [ 0000]
specinterface_ln0        (specinterface      ) [ 0000]
specinterface_ln0        (specinterface      ) [ 0000]
specbitsmap_ln0          (specbitsmap        ) [ 0000]
specbitsmap_ln0          (specbitsmap        ) [ 0000]
specbitsmap_ln0          (specbitsmap        ) [ 0000]
specbitsmap_ln0          (specbitsmap        ) [ 0000]
specaxissidechannel_ln28 (specaxissidechannel) [ 0000]
write_ln37               (write              ) [ 0000]
ret_ln42                 (ret                ) [ 0000]
</LifeTime>

<model>

<comp_list>
<comp id="0" class="1000" name="tlast_dnum">
<pin_list>
<pin id="1" dir="1" index="0" bw="1" slack="0"/>
</pin_list>
<bind>
<StgValue><ssdm name="tlast_dnum"/></StgValue>
</bind>
</comp>

<comp id="2" class="1000" name="input_l">
<pin_list>
<pin id="3" dir="1" index="0" bw="1" slack="0"/>
</pin_list>
<bind>
<StgValue><ssdm name="input_l"/></StgValue>
</bind>
</comp>

<comp id="4" class="1000" name="input_r">
<pin_list>
<pin id="5" dir="1" index="0" bw="1" slack="0"/>
</pin_list>
<bind>
<StgValue><ssdm name="input_r"/></StgValue>
</bind>
</comp>

<comp id="6" class="1000" name="res_V_data_V">
<pin_list>
<pin id="7" dir="1" index="0" bw="1" slack="0"/>
</pin_list>
<bind>
<StgValue><ssdm name="res_V_data_V"/></StgValue>
</bind>
</comp>

<comp id="8" class="1000" name="res_V_keep_V">
<pin_list>
<pin id="9" dir="1" index="0" bw="1" slack="0"/>
</pin_list>
<bind>
<StgValue><ssdm name="res_V_keep_V"/></StgValue>
</bind>
</comp>

<comp id="10" class="1000" name="res_V_strb_V">
<pin_list>
<pin id="11" dir="1" index="0" bw="1" slack="0"/>
</pin_list>
<bind>
<StgValue><ssdm name="res_V_strb_V"/></StgValue>
</bind>
</comp>

<comp id="12" class="1000" name="res_V_last_V">
<pin_list>
<pin id="13" dir="1" index="0" bw="1" slack="0"/>
</pin_list>
<bind>
<StgValue><ssdm name="res_V_last_V"/></StgValue>
</bind>
</comp>

<comp id="14" class="1000" name="cnt">
<pin_list>
<pin id="15" dir="1" index="0" bw="1" slack="0"/>
</pin_list>
<bind>
<StgValue><ssdm name="cnt"/></StgValue>
</bind>
</comp>

<comp id="16" class="1001" name="const_16">
<pin_list>
<pin id="17" dir="1" index="0" bw="1" slack="0"/>
</pin_list>
<bind>
<StgValue><ssdm name="_ssdm_op_Read.s_axilite.i16"/></StgValue>
</bind>
</comp>

<comp id="18" class="1001" name="const_18">
<pin_list>
<pin id="19" dir="1" index="0" bw="1" slack="0"/>
</pin_list>
<bind>
<StgValue><ssdm name=""/></StgValue>
</bind>
</comp>

<comp id="20" class="1001" name="const_20">
<pin_list>
<pin id="21" dir="1" index="0" bw="1" slack="0"/>
</pin_list>
<bind>
<StgValue><ssdm name="_ssdm_op_Read.ap_hs.i24P0A"/></StgValue>
</bind>
</comp>

<comp id="22" class="1001" name="const_22">
<pin_list>
<pin id="23" dir="1" index="0" bw="1" slack="0"/>
</pin_list>
<bind>
<StgValue><ssdm name="_ssdm_op_BitConcatenate.i32.i24.i8"/></StgValue>
</bind>
</comp>

<comp id="24" class="1001" name="const_24">
<pin_list>
<pin id="25" dir="1" index="0" bw="1" slack="0"/>
</pin_list>
<bind>
<StgValue><ssdm name=""/></StgValue>
</bind>
</comp>

<comp id="26" class="1001" name="const_26">
<pin_list>
<pin id="27" dir="1" index="0" bw="1" slack="0"/>
</pin_list>
<bind>
<StgValue><ssdm name="_ssdm_op_Write.axis.volatile.i32P0A.i4P0A.i4P0A.i1P0A"/></StgValue>
</bind>
</comp>

<comp id="28" class="1001" name="const_28">
<pin_list>
<pin id="29" dir="1" index="0" bw="1" slack="0"/>
</pin_list>
<bind>
<StgValue><ssdm name=""/></StgValue>
</bind>
</comp>

<comp id="30" class="1001" name="const_30">
<pin_list>
<pin id="31" dir="1" index="0" bw="1" slack="0"/>
</pin_list>
<bind>
<StgValue><ssdm name=""/></StgValue>
</bind>
</comp>

<comp id="32" class="1001" name="const_32">
<pin_list>
<pin id="33" dir="1" index="0" bw="1" slack="0"/>
</pin_list>
<bind>
<StgValue><ssdm name=""/></StgValue>
</bind>
</comp>

<comp id="34" class="1001" name="const_34">
<pin_list>
<pin id="35" dir="1" index="0" bw="1" slack="2147483647"/>
</pin_list>
<bind>
<StgValue><ssdm name="_ssdm_op_SpecTopModule"/></StgValue>
</bind>
</comp>

<comp id="36" class="1001" name="const_36">
<pin_list>
<pin id="37" dir="1" index="0" bw="1" slack="2147483647"/>
</pin_list>
<bind>
<StgValue><ssdm name="empty_8"/></StgValue>
</bind>
</comp>

<comp id="38" class="1001" name="const_38">
<pin_list>
<pin id="39" dir="1" index="0" bw="1" slack="2147483647"/>
</pin_list>
<bind>
<StgValue><ssdm name="_ssdm_op_SpecInterface"/></StgValue>
</bind>
</comp>

<comp id="40" class="1001" name="const_40">
<pin_list>
<pin id="41" dir="1" index="0" bw="1" slack="2147483647"/>
</pin_list>
<bind>
<StgValue><ssdm name=""/></StgValue>
</bind>
</comp>

<comp id="42" class="1001" name="const_42">
<pin_list>
<pin id="43" dir="1" index="0" bw="1" slack="2147483647"/>
</pin_list>
<bind>
<StgValue><ssdm name="empty_9"/></StgValue>
</bind>
</comp>

<comp id="44" class="1001" name="const_44">
<pin_list>
<pin id="45" dir="1" index="0" bw="1" slack="2147483647"/>
</pin_list>
<bind>
<StgValue><ssdm name="empty_0"/></StgValue>
</bind>
</comp>

<comp id="46" class="1001" name="const_46">
<pin_list>
<pin id="47" dir="1" index="0" bw="1" slack="2147483647"/>
</pin_list>
<bind>
<StgValue><ssdm name=""/></StgValue>
</bind>
</comp>

<comp id="48" class="1001" name="const_48">
<pin_list>
<pin id="49" dir="1" index="0" bw="1" slack="2147483647"/>
</pin_list>
<bind>
<StgValue><ssdm name="_ssdm_op_SpecBitsMap"/></StgValue>
</bind>
</comp>

<comp id="50" class="1001" name="const_50">
<pin_list>
<pin id="51" dir="1" index="0" bw="1" slack="2147483647"/>
</pin_list>
<bind>
<StgValue><ssdm name="empty"/></StgValue>
</bind>
</comp>

<comp id="52" class="1001" name="const_52">
<pin_list>
<pin id="53" dir="1" index="0" bw="1" slack="2147483647"/>
</pin_list>
<bind>
<StgValue><ssdm name="empty_1"/></StgValue>
</bind>
</comp>

<comp id="54" class="1001" name="const_54">
<pin_list>
<pin id="55" dir="1" index="0" bw="1" slack="2147483647"/>
</pin_list>
<bind>
<StgValue><ssdm name="empty_2"/></StgValue>
</bind>
</comp>

<comp id="56" class="1001" name="const_56">
<pin_list>
<pin id="57" dir="1" index="0" bw="1" slack="2147483647"/>
</pin_list>
<bind>
<StgValue><ssdm name="empty_3"/></StgValue>
</bind>
</comp>

<comp id="58" class="1001" name="const_58">
<pin_list>
<pin id="59" dir="1" index="0" bw="1" slack="2147483647"/>
</pin_list>
<bind>
<StgValue><ssdm name="empty_4"/></StgValue>
</bind>
</comp>

<comp id="60" class="1001" name="const_60">
<pin_list>
<pin id="61" dir="1" index="0" bw="1" slack="2147483647"/>
</pin_list>
<bind>
<StgValue><ssdm name="empty_5"/></StgValue>
</bind>
</comp>

<comp id="62" class="1001" name="const_62">
<pin_list>
<pin id="63" dir="1" index="0" bw="1" slack="2147483647"/>
</pin_list>
<bind>
<StgValue><ssdm name=""/></StgValue>
</bind>
</comp>

<comp id="64" class="1001" name="const_64">
<pin_list>
<pin id="65" dir="1" index="0" bw="1" slack="2147483647"/>
</pin_list>
<bind>
<StgValue><ssdm name="empty_6"/></StgValue>
</bind>
</comp>

<comp id="66" class="1001" name="const_66">
<pin_list>
<pin id="67" dir="1" index="0" bw="1" slack="2147483647"/>
</pin_list>
<bind>
<StgValue><ssdm name="_ssdm_op_SpecAXISSideChannel"/></StgValue>
</bind>
</comp>

<comp id="68" class="1001" name="const_68">
<pin_list>
<pin id="69" dir="1" index="0" bw="1" slack="2147483647"/>
</pin_list>
<bind>
<StgValue><ssdm name=""/></StgValue>
</bind>
</comp>

<comp id="70" class="1001" name="const_70">
<pin_list>
<pin id="71" dir="1" index="0" bw="1" slack="2147483647"/>
</pin_list>
<bind>
<StgValue><ssdm name="empty_7"/></StgValue>
</bind>
</comp>

<comp id="72" class="1004" name="tlast_dnum_read_read_fu_72">
<pin_list>
<pin id="73" dir="0" index="0" bw="16" slack="0"/>
<pin id="74" dir="0" index="1" bw="16" slack="0"/>
<pin id="75" dir="1" index="2" bw="16" slack="0"/>
</pin_list>
<bind>
<opcode="read(1150) " fcode="read"/>
<opset="tlast_dnum_read/1 "/>
</bind>
</comp>

<comp id="78" class="1004" name="input_l_read_read_fu_78">
<pin_list>
<pin id="79" dir="0" index="0" bw="24" slack="0"/>
<pin id="80" dir="0" index="1" bw="24" slack="0"/>
<pin id="81" dir="1" index="2" bw="24" slack="0"/>
</pin_list>
<bind>
<opcode="read(1150) " fcode="read"/>
<opset="input_l_read/1 "/>
</bind>
</comp>

<comp id="84" class="1004" name="grp_write_fu_84">
<pin_list>
<pin id="85" dir="0" index="0" bw="0" slack="0"/>
<pin id="86" dir="0" index="1" bw="32" slack="0"/>
<pin id="87" dir="0" index="2" bw="4" slack="0"/>
<pin id="88" dir="0" index="3" bw="4" slack="0"/>
<pin id="89" dir="0" index="4" bw="1" slack="0"/>
<pin id="90" dir="0" index="5" bw="32" slack="0"/>
<pin id="91" dir="0" index="6" bw="1" slack="0"/>
<pin id="92" dir="0" index="7" bw="1" slack="0"/>
<pin id="93" dir="0" index="8" bw="1" slack="0"/>
<pin id="94" dir="1" index="9" bw="0" slack="2147483647"/>
</pin_list>
<bind>
<opcode="write(1151) " fcode="write"/>
<opset="write_ln26/1 write_ln37/2 "/>
</bind>
</comp>

<comp id="102" class="1004" name="input_r_read_read_fu_102">
<pin_list>
<pin id="103" dir="0" index="0" bw="24" slack="0"/>
<pin id="104" dir="0" index="1" bw="24" slack="0"/>
<pin id="105" dir="1" index="2" bw="24" slack="1"/>
</pin_list>
<bind>
<opcode="read(1150) " fcode="read"/>
<opset="input_r_read/1 "/>
</bind>
</comp>

<comp id="108" class="1004" name="cnt_load_load_fu_108">
<pin_list>
<pin id="109" dir="0" index="0" bw="16" slack="0"/>
<pin id="110" dir="1" index="1" bw="16" slack="0"/>
</pin_list>
<bind>
<opcode="load(27) " fcode="load"/>
<opset="cnt_load/1 "/>
</bind>
</comp>

<comp id="112" class="1004" name="add_ln22_fu_112">
<pin_list>
<pin id="113" dir="0" index="0" bw="16" slack="0"/>
<pin id="114" dir="0" index="1" bw="1" slack="0"/>
<pin id="115" dir="1" index="2" bw="16" slack="0"/>
</pin_list>
<bind>
<opcode="add(8) " fcode="add"/>
<opset="add_ln22/1 "/>
</bind>
</comp>

<comp id="118" class="1004" name="out_data_data_fu_118">
<pin_list>
<pin id="119" dir="0" index="0" bw="32" slack="0"/>
<pin id="120" dir="0" index="1" bw="24" slack="0"/>
<pin id="121" dir="0" index="2" bw="1" slack="0"/>
<pin id="122" dir="1" index="3" bw="32" slack="0"/>
</pin_list>
<bind>
<opcode="bitconcatenate(1004) " fcode="bitconcatenate"/>
<opset="out_data_data/1 "/>
</bind>
</comp>

<comp id="127" class="1004" name="out_data_last_fu_127">
<pin_list>
<pin id="128" dir="0" index="0" bw="16" slack="0"/>
<pin id="129" dir="0" index="1" bw="16" slack="0"/>
<pin id="130" dir="1" index="2" bw="1" slack="0"/>
</pin_list>
<bind>
<opcode="icmp(45) " fcode="icmp"/>
<opset="out_data_last/1 "/>
</bind>
</comp>

<comp id="134" class="1004" name="add_ln33_fu_134">
<pin_list>
<pin id="135" dir="0" index="0" bw="16" slack="0"/>
<pin id="136" dir="0" index="1" bw="3" slack="0"/>
<pin id="137" dir="1" index="2" bw="16" slack="0"/>
</pin_list>
<bind>
<opcode="add(8) " fcode="add"/>
<opset="add_ln33/1 "/>
</bind>
</comp>

<comp id="140" class="1004" name="select_ln33_fu_140">
<pin_list>
<pin id="141" dir="0" index="0" bw="1" slack="0"/>
<pin id="142" dir="0" index="1" bw="1" slack="0"/>
<pin id="143" dir="0" index="2" bw="16" slack="0"/>
<pin id="144" dir="1" index="3" bw="16" slack="0"/>
</pin_list>
<bind>
<opcode="select(49) " fcode="select"/>
<opset="select_ln33/1 "/>
</bind>
</comp>

<comp id="148" class="1004" name="out_data_last_1_fu_148">
<pin_list>
<pin id="149" dir="0" index="0" bw="16" slack="0"/>
<pin id="150" dir="0" index="1" bw="16" slack="0"/>
<pin id="151" dir="1" index="2" bw="1" slack="0"/>
</pin_list>
<bind>
<opcode="icmp(45) " fcode="icmp"/>
<opset="out_data_last_1/1 "/>
</bind>
</comp>

<comp id="154" class="1004" name="select_ln39_fu_154">
<pin_list>
<pin id="155" dir="0" index="0" bw="1" slack="0"/>
<pin id="156" dir="0" index="1" bw="1" slack="0"/>
<pin id="157" dir="0" index="2" bw="16" slack="0"/>
<pin id="158" dir="1" index="3" bw="16" slack="0"/>
</pin_list>
<bind>
<opcode="select(49) " fcode="select"/>
<opset="select_ln39/1 "/>
</bind>
</comp>

<comp id="162" class="1004" name="store_ln33_store_fu_162">
<pin_list>
<pin id="163" dir="0" index="0" bw="16" slack="0"/>
<pin id="164" dir="0" index="1" bw="16" slack="0"/>
<pin id="165" dir="1" index="2" bw="0" slack="2147483647"/>
</pin_list>
<bind>
<opcode="store(28) " fcode="store"/>
<opset="store_ln33/1 "/>
</bind>
</comp>

<comp id="168" class="1004" name="out_data_data_1_fu_168">
<pin_list>
<pin id="169" dir="0" index="0" bw="32" slack="0"/>
<pin id="170" dir="0" index="1" bw="24" slack="1"/>
<pin id="171" dir="0" index="2" bw="1" slack="0"/>
<pin id="172" dir="1" index="3" bw="32" slack="0"/>
</pin_list>
<bind>
<opcode="bitconcatenate(1004) " fcode="bitconcatenate"/>
<opset="out_data_data_1/2 "/>
</bind>
</comp>

<comp id="176" class="1005" name="out_data_data_reg_176">
<pin_list>
<pin id="177" dir="0" index="0" bw="32" slack="1"/>
<pin id="178" dir="1" index="1" bw="32" slack="1"/>
</pin_list>
<bind>
<opset="out_data_data "/>
</bind>
</comp>

<comp id="181" class="1005" name="out_data_last_reg_181">
<pin_list>
<pin id="182" dir="0" index="0" bw="1" slack="1"/>
<pin id="183" dir="1" index="1" bw="1" slack="1"/>
</pin_list>
<bind>
<opset="out_data_last "/>
</bind>
</comp>

<comp id="186" class="1005" name="input_r_read_reg_186">
<pin_list>
<pin id="187" dir="0" index="0" bw="24" slack="1"/>
<pin id="188" dir="1" index="1" bw="24" slack="1"/>
</pin_list>
<bind>
<opset="input_r_read "/>
</bind>
</comp>

<comp id="191" class="1005" name="out_data_last_1_reg_191">
<pin_list>
<pin id="192" dir="0" index="0" bw="1" slack="1"/>
<pin id="193" dir="1" index="1" bw="1" slack="1"/>
</pin_list>
<bind>
<opset="out_data_last_1 "/>
</bind>
</comp>

<comp id="196" class="1005" name="out_data_data_1_reg_196">
<pin_list>
<pin id="197" dir="0" index="0" bw="32" slack="1"/>
<pin id="198" dir="1" index="1" bw="32" slack="1"/>
</pin_list>
<bind>
<opset="out_data_data_1 "/>
</bind>
</comp>

</comp_list>

<net_list>
<net id="76"><net_src comp="16" pin="0"/><net_sink comp="72" pin=0"/></net>

<net id="77"><net_src comp="0" pin="0"/><net_sink comp="72" pin=1"/></net>

<net id="82"><net_src comp="20" pin="0"/><net_sink comp="78" pin=0"/></net>

<net id="83"><net_src comp="2" pin="0"/><net_sink comp="78" pin=1"/></net>

<net id="95"><net_src comp="26" pin="0"/><net_sink comp="84" pin=0"/></net>

<net id="96"><net_src comp="6" pin="0"/><net_sink comp="84" pin=1"/></net>

<net id="97"><net_src comp="8" pin="0"/><net_sink comp="84" pin=2"/></net>

<net id="98"><net_src comp="10" pin="0"/><net_sink comp="84" pin=3"/></net>

<net id="99"><net_src comp="12" pin="0"/><net_sink comp="84" pin=4"/></net>

<net id="100"><net_src comp="28" pin="0"/><net_sink comp="84" pin=6"/></net>

<net id="101"><net_src comp="28" pin="0"/><net_sink comp="84" pin=7"/></net>

<net id="106"><net_src comp="20" pin="0"/><net_sink comp="102" pin=0"/></net>

<net id="107"><net_src comp="4" pin="0"/><net_sink comp="102" pin=1"/></net>

<net id="111"><net_src comp="14" pin="0"/><net_sink comp="108" pin=0"/></net>

<net id="116"><net_src comp="108" pin="1"/><net_sink comp="112" pin=0"/></net>

<net id="117"><net_src comp="18" pin="0"/><net_sink comp="112" pin=1"/></net>

<net id="123"><net_src comp="22" pin="0"/><net_sink comp="118" pin=0"/></net>

<net id="124"><net_src comp="78" pin="2"/><net_sink comp="118" pin=1"/></net>

<net id="125"><net_src comp="24" pin="0"/><net_sink comp="118" pin=2"/></net>

<net id="126"><net_src comp="118" pin="3"/><net_sink comp="84" pin=5"/></net>

<net id="131"><net_src comp="112" pin="2"/><net_sink comp="127" pin=0"/></net>

<net id="132"><net_src comp="72" pin="2"/><net_sink comp="127" pin=1"/></net>

<net id="133"><net_src comp="127" pin="2"/><net_sink comp="84" pin=8"/></net>

<net id="138"><net_src comp="108" pin="1"/><net_sink comp="134" pin=0"/></net>

<net id="139"><net_src comp="30" pin="0"/><net_sink comp="134" pin=1"/></net>

<net id="145"><net_src comp="127" pin="2"/><net_sink comp="140" pin=0"/></net>

<net id="146"><net_src comp="18" pin="0"/><net_sink comp="140" pin=1"/></net>

<net id="147"><net_src comp="134" pin="2"/><net_sink comp="140" pin=2"/></net>

<net id="152"><net_src comp="140" pin="3"/><net_sink comp="148" pin=0"/></net>

<net id="153"><net_src comp="72" pin="2"/><net_sink comp="148" pin=1"/></net>

<net id="159"><net_src comp="148" pin="2"/><net_sink comp="154" pin=0"/></net>

<net id="160"><net_src comp="32" pin="0"/><net_sink comp="154" pin=1"/></net>

<net id="161"><net_src comp="140" pin="3"/><net_sink comp="154" pin=2"/></net>

<net id="166"><net_src comp="154" pin="3"/><net_sink comp="162" pin=0"/></net>

<net id="167"><net_src comp="14" pin="0"/><net_sink comp="162" pin=1"/></net>

<net id="173"><net_src comp="22" pin="0"/><net_sink comp="168" pin=0"/></net>

<net id="174"><net_src comp="24" pin="0"/><net_sink comp="168" pin=2"/></net>

<net id="175"><net_src comp="168" pin="3"/><net_sink comp="84" pin=5"/></net>

<net id="179"><net_src comp="118" pin="3"/><net_sink comp="176" pin=0"/></net>

<net id="180"><net_src comp="176" pin="1"/><net_sink comp="84" pin=5"/></net>

<net id="184"><net_src comp="127" pin="2"/><net_sink comp="181" pin=0"/></net>

<net id="185"><net_src comp="181" pin="1"/><net_sink comp="84" pin=8"/></net>

<net id="189"><net_src comp="102" pin="2"/><net_sink comp="186" pin=0"/></net>

<net id="190"><net_src comp="186" pin="1"/><net_sink comp="168" pin=1"/></net>

<net id="194"><net_src comp="148" pin="2"/><net_sink comp="191" pin=0"/></net>

<net id="195"><net_src comp="191" pin="1"/><net_sink comp="84" pin=8"/></net>

<net id="199"><net_src comp="168" pin="3"/><net_sink comp="196" pin=0"/></net>

<net id="200"><net_src comp="196" pin="1"/><net_sink comp="84" pin=5"/></net>

</net_list>

</model> 
---------------- Datapath Model END ------------------

* FSMD analyzer results:
  - Output states:
	Port: res_V_data_V | {2 3 }
	Port: res_V_keep_V | {2 3 }
	Port: res_V_strb_V | {2 3 }
	Port: res_V_last_V | {2 3 }
	Port: cnt | {1 }
 - Input state : 
	Port: bypass_hw : tlast_dnum | {1 }
	Port: bypass_hw : input_l | {1 }
	Port: bypass_hw : input_r | {1 }
	Port: bypass_hw : cnt | {1 }
  - Chain level:
	State 1
		add_ln22 : 1
		out_data_last : 2
		write_ln26 : 3
		add_ln33 : 1
		select_ln33 : 3
		out_data_last_1 : 4
		select_ln39 : 5
		store_ln33 : 6
	State 2
		write_ln37 : 1
	State 3


============================================================
+ Verbose Summary: Datapath Resource usage 
============================================================

* Functional unit list:
|----------|----------------------------|---------|---------|
| Operation|       Functional Unit      |    FF   |   LUT   |
|----------|----------------------------|---------|---------|
|    add   |       add_ln22_fu_112      |    0    |    23   |
|          |       add_ln33_fu_134      |    0    |    23   |
|----------|----------------------------|---------|---------|
|   icmp   |    out_data_last_fu_127    |    0    |    23   |
|          |   out_data_last_1_fu_148   |    0    |    23   |
|----------|----------------------------|---------|---------|
|  select  |     select_ln33_fu_140     |    0    |    16   |
|          |     select_ln39_fu_154     |    0    |    16   |
|----------|----------------------------|---------|---------|
|          | tlast_dnum_read_read_fu_72 |    0    |    0    |
|   read   |   input_l_read_read_fu_78  |    0    |    0    |
|          |  input_r_read_read_fu_102  |    0    |    0    |
|----------|----------------------------|---------|---------|
|   write  |       grp_write_fu_84      |    0    |    0    |
|----------|----------------------------|---------|---------|
|bitconcatenate|    out_data_data_fu_118    |    0    |    0    |
|          |   out_data_data_1_fu_168   |    0    |    0    |
|----------|----------------------------|---------|---------|
|   Total  |                            |    0    |   124   |
|----------|----------------------------|---------|---------|

Memories:
N/A

* Register list:
+-----------------------+--------+
|                       |   FF   |
+-----------------------+--------+
|  input_r_read_reg_186 |   24   |
|out_data_data_1_reg_196|   32   |
| out_data_data_reg_176 |   32   |
|out_data_last_1_reg_191|    1   |
| out_data_last_reg_181 |    1   |
+-----------------------+--------+
|         Total         |   90   |
+-----------------------+--------+

* Multiplexer (MUX) list: 
|-----------------|------|------|------|--------||---------||---------||---------|
|       Comp      |  Pin | Size |  BW  | S x BW ||  Delay  ||    FF   ||   LUT   |
|-----------------|------|------|------|--------||---------||---------||---------|
| grp_write_fu_84 |  p5  |   4  |  32  |   128  ||    0    ||    20   |
| grp_write_fu_84 |  p8  |   3  |   1  |    3   ||    0    ||    14   |
|-----------------|------|------|------|--------||---------||---------||---------|
|      Total      |      |      |      |   131  ||  1.001  ||    0    ||    34   |
|-----------------|------|------|------|--------||---------||---------||---------|



* Summary:
+-----------+--------+--------+--------+
|           |  Delay |   FF   |   LUT  |
+-----------+--------+--------+--------+
|  Function |    -   |    0   |   124  |
|   Memory  |    -   |    -   |    -   |
|Multiplexer|    1   |    0   |   34   |
|  Register |    -   |   90   |    -   |
+-----------+--------+--------+--------+
|   Total   |    1   |   90   |   158  |
+-----------+--------+--------+--------+
