

================================================================
== Vitis HLS Report for 'bypass_hw'
================================================================
* Date:           Wed May  6 22:28:23 2026

* Version:        2025.2 (Build 6295257 on Nov 12 2025)
* Project:        bypass_hls
* Solution:       hls (Vivado IP Flow Target)
* Product family: zynquplus
* Target device:  xck26-sfvc784-2LV-c


================================================================
== Performance Estimates
================================================================
+ Timing: 
    * Summary: 
    +--------+----------+----------+------------+
    |  Clock |  Target  | Estimated| Uncertainty|
    +--------+----------+----------+------------+
    |ap_clk  |  10.00 ns|  3.420 ns|     2.70 ns|
    +--------+----------+----------+------------+

+ Latency: 
    * Summary: 
    +---------+---------+-----------+-----------+-----+-----+---------+
    |  Latency (cycles) |   Latency (absolute)  |  Interval | Pipeline|
    |   min   |   max   |    min    |    max    | min | max |   Type  |
    +---------+---------+-----------+-----------+-----+-----+---------+
    |        2|        2|  20.000 ns|  20.000 ns|    3|    3|       no|
    +---------+---------+-----------+-----------+-----+-----+---------+

    + Detail: 
        * Instance: 
        N/A

        * Loop: 
        N/A

============================================================
+ Verbose Summary: Synthesis Manager
============================================================
InlineROM: 1
ExposeGlobal: 0
============================================================
+ Verbose Summary: CDFG Model
============================================================
IsTopModel: 1
ResetActiveHigh: 1
IsCombinational: 0
IsDatapathOnly: 0
HasWiredReturn: 1
HasMFsm: 0
HasVarLatency: 1
IsPipeline: 0
IsRtlPipelined: 0
IsInstanceOverlapped: 0
IsDontTouch: 0
HasImplIP: 0
IsGatedGlobalClock: 0


============================================================
+ Verbose Summary: Schedule
============================================================
* Number of FSM states : 3
* Pipeline : 0
* Dataflow Pipeline: 0

* FSM state transitions: 
1 --> 2 
2 --> 3 
3 --> 

* FSM state operations: 

State 1 <SV = 0> <Delay = 3.42>
ST_1 : Operation 4 [1/1] (1.00ns)   --->   "%tlast_dnum_read = read i16 @_ssdm_op_Read.s_axilite.i16, i16 %tlast_dnum"   --->   Operation 4 'read' 'tlast_dnum_read' <Predicate = true> <Delay = 1.00> <CoreInst = "s_axilite">   --->   Core 120 's_axilite' <Latency = 0> <II = 1> <Delay = 1.00> <Adapter> <Opcode : 'read' 'write'>
ST_1 : Operation 5 [1/1] (0.00ns)   --->   "%cnt_load = load i16 %cnt" [bypass_hw.cpp:22]   --->   Operation 5 'load' 'cnt_load' <Predicate = true> <Delay = 0.00>
ST_1 : Operation 6 [1/1] (0.85ns)   --->   "%add_ln22 = add i16 %cnt_load, i16 1" [bypass_hw.cpp:22]   --->   Operation 6 'add' 'add_ln22' <Predicate = true> <Delay = 0.85> <CoreInst = "Adder">   --->   Core 1 'Adder' <Latency = 0> <II = 1> <Delay = 0.85> <FuncUnit> <Opcode : 'add' 'sub'> <InPorts = 2> <OutPorts = 1>
ST_1 : Operation 7 [1/1] (0.00ns)   --->   "%input_l_read = read i24 @_ssdm_op_Read.ap_hs.i24P0A, i24 %input_l" [bypass_hw.cpp:23]   --->   Operation 7 'read' 'input_l_read' <Predicate = true> <Delay = 0.00>
ST_1 : Operation 8 [1/1] (0.00ns)   --->   "%out_data_data = bitconcatenate i32 @_ssdm_op_BitConcatenate.i32.i24.i8, i24 %input_l_read, i8 0" [bypass_hw.cpp:23]   --->   Operation 8 'bitconcatenate' 'out_data_data' <Predicate = true> <Delay = 0.00>
ST_1 : Operation 9 [1/1] (0.85ns)   --->   "%out_data_last = icmp_eq  i16 %add_ln22, i16 %tlast_dnum_read" [bypass_hw.cpp:24]   --->   Operation 9 'icmp' 'out_data_last' <Predicate = true> <Delay = 0.85> <CoreInst = "Cmp">   --->   Core 9 'Cmp' <Latency = 0> <II = 1> <Delay = 0.85> <FuncUnit> <Opcode : 'seteq' 'setne' 'setle' 'setge' 'setlt' 'setgt'> <InPorts = 2> <OutPorts = 1>
ST_1 : Operation 10 [2/2] (0.49ns)   --->   "%write_ln26 = write void @_ssdm_op_Write.axis.volatile.i32P0A.i4P0A.i4P0A.i1P0A, i32 %res_V_data_V, i4 %res_V_keep_V, i4 %res_V_strb_V, i1 %res_V_last_V, i32 %out_data_data, i4 15, i4 15, i1 %out_data_last" [bypass_hw.cpp:26]   --->   Operation 10 'write' 'write_ln26' <Predicate = true> <Delay = 0.49> <CoreInst = "regslice">   --->   Core 147 'regslice' <Latency = 0> <II = 1> <Delay = 0.65> <Adapter> <Opcode : 'read' 'write'>
ST_1 : Operation 11 [1/1] (0.85ns)   --->   "%add_ln33 = add i16 %cnt_load, i16 2" [bypass_hw.cpp:33]   --->   Operation 11 'add' 'add_ln33' <Predicate = true> <Delay = 0.85> <CoreInst = "Adder">   --->   Core 1 'Adder' <Latency = 0> <II = 1> <Delay = 0.85> <FuncUnit> <Opcode : 'add' 'sub'> <InPorts = 2> <OutPorts = 1>
ST_1 : Operation 12 [1/1] (0.35ns)   --->   "%select_ln33 = select i1 %out_data_last, i16 1, i16 %add_ln33" [bypass_hw.cpp:33]   --->   Operation 12 'select' 'select_ln33' <Predicate = true> <Delay = 0.35> <CoreInst = "Sel">   --->   Core 73 'Sel' <Latency = 0> <II = 1> <Delay = 0.35> <FuncUnit> <Opcode : 'select'> <InPorts = 3> <OutPorts = 1>
ST_1 : Operation 13 [1/1] (0.00ns)   --->   "%input_r_read = read i24 @_ssdm_op_Read.ap_hs.i24P0A, i24 %input_r" [bypass_hw.cpp:34]   --->   Operation 13 'read' 'input_r_read' <Predicate = true> <Delay = 0.00>
ST_1 : Operation 14 [1/1] (0.85ns)   --->   "%out_data_last_1 = icmp_eq  i16 %select_ln33, i16 %tlast_dnum_read" [bypass_hw.cpp:35]   --->   Operation 14 'icmp' 'out_data_last_1' <Predicate = true> <Delay = 0.85> <CoreInst = "Cmp">   --->   Core 9 'Cmp' <Latency = 0> <II = 1> <Delay = 0.85> <FuncUnit> <Opcode : 'seteq' 'setne' 'setle' 'setge' 'setlt' 'setgt'> <InPorts = 2> <OutPorts = 1>
ST_1 : Operation 15 [1/1] (0.35ns)   --->   "%select_ln39 = select i1 %out_data_last_1, i16 0, i16 %select_ln33" [bypass_hw.cpp:39]   --->   Operation 15 'select' 'select_ln39' <Predicate = true> <Delay = 0.35> <CoreInst = "Sel">   --->   Core 73 'Sel' <Latency = 0> <II = 1> <Delay = 0.35> <FuncUnit> <Opcode : 'select'> <InPorts = 3> <OutPorts = 1>
ST_1 : Operation 16 [1/1] (0.00ns)   --->   "%store_ln33 = store i16 %select_ln39, i16 %cnt" [bypass_hw.cpp:33]   --->   Operation 16 'store' 'store_ln33' <Predicate = true> <Delay = 0.00>

State 2 <SV = 1> <Delay = 0.49>
ST_2 : Operation 17 [1/2] ( I:0.49ns O:0.49ns )   --->   "%write_ln26 = write void @_ssdm_op_Write.axis.volatile.i32P0A.i4P0A.i4P0A.i1P0A, i32 %res_V_data_V, i4 %res_V_keep_V, i4 %res_V_strb_V, i1 %res_V_last_V, i32 %out_data_data, i4 15, i4 15, i1 %out_data_last" [bypass_hw.cpp:26]   --->   Operation 17 'write' 'write_ln26' <Predicate = true> <Delay = 0.49> <CoreInst = "regslice">   --->   Core 147 'regslice' <Latency = 0> <II = 1> <Delay = 0.65> <Adapter> <Opcode : 'read' 'write'>
ST_2 : Operation 18 [1/1] (0.00ns)   --->   "%out_data_data_1 = bitconcatenate i32 @_ssdm_op_BitConcatenate.i32.i24.i8, i24 %input_r_read, i8 0" [bypass_hw.cpp:34]   --->   Operation 18 'bitconcatenate' 'out_data_data_1' <Predicate = true> <Delay = 0.00>
ST_2 : Operation 19 [2/2] (0.49ns)   --->   "%write_ln37 = write void @_ssdm_op_Write.axis.volatile.i32P0A.i4P0A.i4P0A.i1P0A, i32 %res_V_data_V, i4 %res_V_keep_V, i4 %res_V_strb_V, i1 %res_V_last_V, i32 %out_data_data_1, i4 15, i4 15, i1 %out_data_last_1" [bypass_hw.cpp:37]   --->   Operation 19 'write' 'write_ln37' <Predicate = true> <Delay = 0.49> <CoreInst = "regslice">   --->   Core 147 'regslice' <Latency = 0> <II = 1> <Delay = 0.65> <Adapter> <Opcode : 'read' 'write'>

State 3 <SV = 2> <Delay = 0.49>
ST_3 : Operation 20 [1/1] (0.00ns)   --->   "%spectopmodule_ln11 = spectopmodule void @_ssdm_op_SpecTopModule, void @empty_8" [bypass_hw.cpp:11]   --->   Operation 20 'spectopmodule' 'spectopmodule_ln11' <Predicate = true> <Delay = 0.00>
ST_3 : Operation 21 [1/1] (0.00ns)   --->   "%specinterface_ln11 = specinterface void @_ssdm_op_SpecInterface, i32 0, void @empty_9, i32 0, i32 0, void @empty_0, i32 0, i32 0, void @empty_0, void @empty_0, void @empty_0, i32 0, i32 0, i32 0, i32 0, void @empty_0, void @empty_0, i32 4294967295, i32 0, i32 0, i32 0" [bypass_hw.cpp:11]   --->   Operation 21 'specinterface' 'specinterface_ln11' <Predicate = true> <Delay = 0.00>
ST_3 : Operation 22 [1/1] (0.00ns)   --->   "%specbitsmap_ln0 = specbitsmap void @_ssdm_op_SpecBitsMap, i16 %tlast_dnum"   --->   Operation 22 'specbitsmap' 'specbitsmap_ln0' <Predicate = true> <Delay = 0.00>
ST_3 : Operation 23 [1/1] (0.00ns)   --->   "%specinterface_ln0 = specinterface void @_ssdm_op_SpecInterface, i16 %tlast_dnum, void @empty, i32 4294967295, i32 4294967295, void @empty_0, i32 0, i32 0, void @empty_1, void @empty_2, void @empty_0, i32 0, i32 0, i32 0, i32 0, void @empty_0, void @empty_0, i32 4294967295, i32 0, i32 0, i32 0"   --->   Operation 23 'specinterface' 'specinterface_ln0' <Predicate = true> <Delay = 0.00>
ST_3 : Operation 24 [1/1] (0.00ns)   --->   "%specinterface_ln0 = specinterface void @_ssdm_op_SpecInterface, i16 %tlast_dnum, void @empty_3, i32 0, i32 0, void @empty_0, i32 0, i32 0, void @empty_0, void @empty_0, void @empty_0, i32 0, i32 0, i32 0, i32 0, void @empty_0, void @empty_0, i32 4294967295, i32 0, i32 0, i32 0"   --->   Operation 24 'specinterface' 'specinterface_ln0' <Predicate = true> <Delay = 0.00>
ST_3 : Operation 25 [1/1] (0.00ns)   --->   "%specbitsmap_ln0 = specbitsmap void @_ssdm_op_SpecBitsMap, i24 %input_l"   --->   Operation 25 'specbitsmap' 'specbitsmap_ln0' <Predicate = true> <Delay = 0.00>
ST_3 : Operation 26 [1/1] (0.00ns)   --->   "%specinterface_ln0 = specinterface void @_ssdm_op_SpecInterface, i24 %input_l, void @empty_4, i32 4294967295, i32 4294967295, void @empty_0, i32 0, i32 0, void @empty_0, void @empty_0, void @empty_0, i32 0, i32 0, i32 0, i32 0, void @empty_0, void @empty_0, i32 4294967295, i32 0, i32 0, i32 0"   --->   Operation 26 'specinterface' 'specinterface_ln0' <Predicate = true> <Delay = 0.00>
ST_3 : Operation 27 [1/1] (0.00ns)   --->   "%specbitsmap_ln0 = specbitsmap void @_ssdm_op_SpecBitsMap, i24 %input_r"   --->   Operation 27 'specbitsmap' 'specbitsmap_ln0' <Predicate = true> <Delay = 0.00>
ST_3 : Operation 28 [1/1] (0.00ns)   --->   "%specinterface_ln0 = specinterface void @_ssdm_op_SpecInterface, i24 %input_r, void @empty_4, i32 4294967295, i32 4294967295, void @empty_0, i32 0, i32 0, void @empty_0, void @empty_0, void @empty_0, i32 0, i32 0, i32 0, i32 0, void @empty_0, void @empty_0, i32 4294967295, i32 0, i32 0, i32 0"   --->   Operation 28 'specinterface' 'specinterface_ln0' <Predicate = true> <Delay = 0.00>
ST_3 : Operation 29 [1/1] (0.00ns)   --->   "%specinterface_ln0 = specinterface void @_ssdm_op_SpecInterface, i32 %res_V_data_V, i4 %res_V_keep_V, i4 %res_V_strb_V, i1 %res_V_last_V, void @empty_5, i32 1, i32 1, void @empty_6, i32 0, i32 0, void @empty_0, void @empty_0, void @empty_0, i32 0, i32 0, i32 0, i32 0, void @empty_0, void @empty_0, i32 4294967295, i32 0, i32 0, i32 0"   --->   Operation 29 'specinterface' 'specinterface_ln0' <Predicate = true> <Delay = 0.00>
ST_3 : Operation 30 [1/1] (0.00ns)   --->   "%specbitsmap_ln0 = specbitsmap void @_ssdm_op_SpecBitsMap, i32 %res_V_data_V"   --->   Operation 30 'specbitsmap' 'specbitsmap_ln0' <Predicate = true> <Delay = 0.00>
ST_3 : Operation 31 [1/1] (0.00ns)   --->   "%specbitsmap_ln0 = specbitsmap void @_ssdm_op_SpecBitsMap, i4 %res_V_keep_V"   --->   Operation 31 'specbitsmap' 'specbitsmap_ln0' <Predicate = true> <Delay = 0.00>
ST_3 : Operation 32 [1/1] (0.00ns)   --->   "%specbitsmap_ln0 = specbitsmap void @_ssdm_op_SpecBitsMap, i4 %res_V_strb_V"   --->   Operation 32 'specbitsmap' 'specbitsmap_ln0' <Predicate = true> <Delay = 0.00>
ST_3 : Operation 33 [1/1] (0.00ns)   --->   "%specbitsmap_ln0 = specbitsmap void @_ssdm_op_SpecBitsMap, i1 %res_V_last_V"   --->   Operation 33 'specbitsmap' 'specbitsmap_ln0' <Predicate = true> <Delay = 0.00>
ST_3 : Operation 34 [1/1] (0.00ns)   --->   "%specaxissidechannel_ln28 = specaxissidechannel void @_ssdm_op_SpecAXISSideChannel, i32 %res_V_data_V, i4 %res_V_keep_V, i4 %res_V_strb_V, i1 0, i1 %res_V_last_V, i1 0, i1 0, void @empty_7" [bypass_hw.cpp:28]   --->   Operation 34 'specaxissidechannel' 'specaxissidechannel_ln28' <Predicate = true> <Delay = 0.00>
ST_3 : Operation 35 [1/2] ( I:0.49ns O:0.49ns )   --->   "%write_ln37 = write void @_ssdm_op_Write.axis.volatile.i32P0A.i4P0A.i4P0A.i1P0A, i32 %res_V_data_V, i4 %res_V_keep_V, i4 %res_V_strb_V, i1 %res_V_last_V, i32 %out_data_data_1, i4 15, i4 15, i1 %out_data_last_1" [bypass_hw.cpp:37]   --->   Operation 35 'write' 'write_ln37' <Predicate = true> <Delay = 0.49> <CoreInst = "regslice">   --->   Core 147 'regslice' <Latency = 0> <II = 1> <Delay = 0.65> <Adapter> <Opcode : 'read' 'write'>
ST_3 : Operation 36 [1/1] (0.00ns)   --->   "%ret_ln42 = ret" [bypass_hw.cpp:42]   --->   Operation 36 'ret' 'ret_ln42' <Predicate = true> <Delay = 0.00>


============================================================
+ Verbose Summary: Timing violations
============================================================
Target clock period: 10.000ns, clock uncertainty: 2.700ns.

 <State 1>: 3.420ns
The critical path consists of the following:
	s_axi read operation ('tlast_dnum_read') on port 'tlast_dnum' [23]  (1.000 ns)
	'icmp' operation 1 bit ('out_data.last', bypass_hw.cpp:24) [28]  (0.853 ns)
	'select' operation 16 bit ('select_ln33', bypass_hw.cpp:33) [32]  (0.357 ns)
	'icmp' operation 1 bit ('out_data.last', bypass_hw.cpp:35) [35]  (0.853 ns)
	'select' operation 16 bit ('select_ln39', bypass_hw.cpp:39) [37]  (0.357 ns)

 <State 2>: 0.497ns
The critical path consists of the following:
	axis write operation ('write_ln26', bypass_hw.cpp:26) on port 'res_V_data_V' (bypass_hw.cpp:26) [29]  (0.497 ns)

 <State 3>: 0.497ns
The critical path consists of the following:
	axis write operation ('write_ln37', bypass_hw.cpp:37) on port 'res_V_data_V' (bypass_hw.cpp:37) [36]  (0.497 ns)


============================================================
+ Verbose Summary: Binding
============================================================
N/A
* FSMD analyzer results:
  - Output states:
 - Input state : 
  - Chain level:
	State 1
	State 2
	State 3


============================================================
+ Verbose Summary: Datapath Resource usage 
============================================================
N/A
